2026-04-24 21:39:23,942 {
    "dataset": "c12",
    "data_dropout": 0.0,
    "epochs": 25,
    "lr": 0.001,
    "d_model": 32,
    "seed": 1,
    "batch_size": 64,
    "num_workers": null,
    "dropout": 0.1,
    "save_model": true,
    "save_dir": "./export/c12/smart-smile-lean-no-density/seed_1",
    "local_rank": 0,
    "min_mask_ratio": 0.15,
    "max_mask_ratio": 0.75,
    "e_layers": 2,
    "n_heads": 4,
    "time_dim": 16,
    "use_film": false,
    "use_smile": false,
    "use_smile_film": false,
    "use_smile_v2": false,
    "use_smile_v2_film": false,
    "use_smile_lean": true,
    "use_smile_lean_samepretrain": false,
    "use_smile_lean_v2": false,
    "use_mnar": false,
    "save_last": true,
    "smile_no_mnar": false,
    "smile_no_curriculum": false,
    "smile_mask_type": "all",
    "smile_mnar_dropout": 0.05,
    "obs_density_window": 5,
    "abl_no_density": true,
    "abl_no_mnar_bias": false,
    "abl_no_film": false,
    "abl_no_time_mnar": false,
    "abl_no_time_pe": false,
    "abl_no_cross_attn": false,
    "abl_no_mnar_cls": false,
    "abl_no_policy": false,
    "abl_no_dynamic_mnar": false,
    "abl_no_dual_head": false,
    "pretrain_mask_mode": "fixed",
    "ratio_temperature": 1.0,
    "smile_stratified": false,
    "smile_mask_weights": null,
    "rank": 0,
    "world_size": 2,
    "distributed": true,
    "gpu": 0,
    "dist_backend": "nccl"
}
2026-04-24 21:39:28,138 Dataset Loaded.
2026-04-24 21:39:28,138 system_groups: {'Vital_Invasive': 3, 'Blood_Gas': 4, 'Electrolyte': 5, 'Liver_Enzyme': 6, 'CBC': 3, 'Oxygenation': 3, 'Metabolic': 2}
2026-04-24 21:39:28,138 DataLoader kwargs: {'num_workers': 4, 'pin_memory': True, 'persistent_workers': True, 'prefetch_factor': 2}
2026-04-24 21:39:28,140 Runtime init: variable order resolved.
2026-04-24 21:39:28,141 Runtime init: variable order moved to CUDA.
2026-04-24 21:39:28,149 Runtime init: encoder moved to CUDA.
2026-04-24 21:39:28,150 Runtime init: predictor moved to CUDA.
2026-04-24 21:39:28,155 Runtime init: target encoder copied.
2026-04-24 21:39:30,118 Runtime init: DDP wrap complete.
2026-04-24 21:39:36,465 Epoch 1: Train Loss 10.2132, Valid Loss 4.1069, EMA Val 4.1069
2026-04-24 21:39:41,770 Epoch 2: Train Loss 3.7605, Valid Loss 2.3957, EMA Val 3.5936
2026-04-24 21:39:47,133 Epoch 3: Train Loss 2.6640, Valid Loss 1.8952, EMA Val 3.0841
2026-04-24 21:39:52,178 Epoch 4: Train Loss 2.0749, Valid Loss 1.5627, EMA Val 2.6277
2026-04-24 21:39:57,420 Epoch 5: Train Loss 1.6865, Valid Loss 1.3078, EMA Val 2.2317
2026-04-24 21:40:02,878 Epoch 6: Train Loss 1.4713, Valid Loss 1.1177, EMA Val 1.8975
2026-04-24 21:40:08,242 Epoch 7: Train Loss 1.2186, Valid Loss 0.9669, EMA Val 1.6183
2026-04-24 21:40:13,440 Epoch 8: Train Loss 1.0973, Valid Loss 0.8862, EMA Val 1.3987
2026-04-24 21:40:18,787 Epoch 9: Train Loss 1.0515, Valid Loss 0.8008, EMA Val 1.2193
2026-04-24 21:40:24,026 Epoch 10: Train Loss 1.0962, Valid Loss 0.7891, EMA Val 1.0902
2026-04-24 21:40:29,279 Epoch 11: Train Loss 0.9509, Valid Loss 0.7694, EMA Val 0.9940
2026-04-24 21:40:34,605 Epoch 12: Train Loss 0.8616, Valid Loss 0.7651, EMA Val 0.9253
2026-04-24 21:40:40,015 Epoch 13: Train Loss 0.8812, Valid Loss 0.7353, EMA Val 0.8683
2026-04-24 21:40:45,462 Epoch 14: Train Loss 0.8475, Valid Loss 0.7278, EMA Val 0.8262
2026-04-24 21:40:50,813 Epoch 15: Train Loss 0.8177, Valid Loss 0.7465, EMA Val 0.8022
2026-04-24 21:40:56,082 Epoch 16: Train Loss 0.8228, Valid Loss 0.7007, EMA Val 0.7718
2026-04-24 21:41:01,413 Epoch 17: Train Loss 0.7866, Valid Loss 0.6997, EMA Val 0.7502
2026-04-24 21:41:06,677 Epoch 18: Train Loss 0.8471, Valid Loss 0.7005, EMA Val 0.7353
2026-04-24 21:41:11,876 Epoch 19: Train Loss 0.7887, Valid Loss 0.7151, EMA Val 0.7292
2026-04-24 21:41:17,172 Epoch 20: Train Loss 0.7599, Valid Loss 0.7075, EMA Val 0.7227
2026-04-24 21:41:22,648 Epoch 21: Train Loss 0.7757, Valid Loss 0.7100, EMA Val 0.7189
2026-04-24 21:41:27,766 Epoch 22: Train Loss 0.7410, Valid Loss 0.7103, EMA Val 0.7163
2026-04-24 21:41:33,154 Epoch 23: Train Loss 0.7466, Valid Loss 0.7374, EMA Val 0.7226
2026-04-24 21:41:38,214 Epoch 24: Train Loss 0.7168, Valid Loss 0.6987, EMA Val 0.7155
2026-04-24 21:41:43,536 Epoch 25: Train Loss 0.7025, Valid Loss 0.6840, EMA Val 0.7060
2026-04-24 21:41:43,537 ----- Save last epoch model - L1: 0.7060 -----
2026-04-24 21:41:43,584 last saved model is in epoch 25
2026-04-24 21:41:44,452 Test Loss 0.7579
2026-04-24 21:42:53,863 {
    "dataset": "c12",
    "data_dropout": 0.0,
    "epochs": 25,
    "freeze_epochs": 5,
    "lr": 0.001,
    "d_model": 32,
    "seed": 1,
    "batch_size": 64,
    "num_workers": null,
    "dropout": 0.1,
    "save_model": true,
    "save_dir": "./export/c12/smart-smile-lean-no-density/seed_1",
    "pretrain_dir": null,
    "local_rank": 0,
    "e_layers": 2,
    "n_heads": 4,
    "time_dim": 16,
    "use_film": false,
    "use_smile": false,
    "use_smile_film": false,
    "use_mnar": false,
    "use_smile_v2": false,
    "use_smile_v2_film": false,
    "use_smile_lean": true,
    "use_smile_lean_samepretrain": false,
    "use_smile_lean_v2": false,
    "obs_density_window": 5,
    "abl_no_density": true,
    "abl_no_mnar_bias": false,
    "abl_no_film": false,
    "abl_no_time_mnar": false,
    "abl_no_time_pe": false,
    "abl_no_cross_attn": false,
    "abl_no_mnar_cls": false,
    "abl_no_policy": false,
    "abl_no_dynamic_mnar": false,
    "abl_no_dual_head": false,
    "smile_no_mnar": false,
    "smile_no_curriculum": false,
    "smile_mask_type": "all",
    "smile_mnar_dropout": 0.05,
    "smile_mnar_dropout_initial": 0.0,
    "smile_stratified": false,
    "los_task": "classification",
    "los_label_unit": "auto",
    "los_use_class_weights": false,
    "los_save_metric": "auc_micro",
    "rank": 0,
    "world_size": 2,
    "distributed": true,
    "gpu": 0,
    "dist_backend": "nccl"
}
2026-04-24 21:42:57,950 Dataset Loaded.
2026-04-24 21:42:57,950 DataLoader kwargs: {'num_workers': 4, 'pin_memory': True, 'persistent_workers': True, 'prefetch_factor': 2}
2026-04-24 21:42:57,952 Runtime init: variable order resolved.
2026-04-24 21:42:57,953 Runtime init: variable order moved to CUDA.
2026-04-24 21:42:57,961 Runtime init: encoder moved to CUDA.
2026-04-24 21:42:57,962 Runtime init: classifier moved to CUDA.
2026-04-24 21:42:59,912 Runtime init: DDP wrap complete.
2026-04-24 21:42:59,915 Class weights: [0.5820587277412415, 3.546597719192505]
2026-04-24 21:42:59,932 last saved model is in epoch 25
2026-04-24 21:43:03,124 [[896 138]
 [ 75  89]]
2026-04-24 21:43:03,130 AUC of ROC = 0.7554
2026-04-24 21:43:03,130 AUC of PRC = 0.3220
2026-04-24 21:43:03,130 min(+P, Se) = 0.3807
2026-04-24 21:43:03,130 f1_score = 0.3993 (threshold = -0.0231)
2026-04-24 21:43:03,131 Epoch 1: Train Loss 0.7814, Valid Loss 0.5698
2026-04-24 21:43:03,131 ----- Save best model - auprc: 0.3220 -----
2026-04-24 21:43:05,552 [[551 483]
 [ 12 152]]
2026-04-24 21:43:05,557 AUC of ROC = 0.7734
2026-04-24 21:43:05,557 AUC of PRC = 0.3442
2026-04-24 21:43:05,557 min(+P, Se) = 0.3841
2026-04-24 21:43:05,557 f1_score = 0.4299 (threshold = 0.9477)
2026-04-24 21:43:05,558 Epoch 2: Train Loss 0.6829, Valid Loss 0.5742
2026-04-24 21:43:05,559 ----- Save best model - auprc: 0.3442 -----
2026-04-24 21:43:07,934 [[752 282]
 [ 35 129]]
2026-04-24 21:43:07,938 AUC of ROC = 0.8008
2026-04-24 21:43:07,939 AUC of PRC = 0.3733
2026-04-24 21:43:07,939 min(+P, Se) = 0.4020
2026-04-24 21:43:07,939 f1_score = 0.4588 (threshold = 0.9926)
2026-04-24 21:43:07,939 Epoch 3: Train Loss 0.6274, Valid Loss 0.5021
2026-04-24 21:43:07,940 ----- Save best model - auprc: 0.3733 -----
2026-04-24 21:43:10,290 [[685 349]
 [ 19 145]]
2026-04-24 21:43:10,295 AUC of ROC = 0.8062
2026-04-24 21:43:10,295 AUC of PRC = 0.3834
2026-04-24 21:43:10,295 min(+P, Se) = 0.4024
2026-04-24 21:43:10,296 f1_score = 0.4551 (threshold = 1.0297)
2026-04-24 21:43:10,296 Epoch 4: Train Loss 0.6362, Valid Loss 0.5128
2026-04-24 21:43:10,297 ----- Save best model - auprc: 0.3834 -----
2026-04-24 21:43:12,626 [[804 230]
 [ 43 121]]
2026-04-24 21:43:12,631 AUC of ROC = 0.8105
2026-04-24 21:43:12,631 AUC of PRC = 0.3870
2026-04-24 21:43:12,631 min(+P, Se) = 0.4167
2026-04-24 21:43:12,631 f1_score = 0.4737 (threshold = 0.9741)
2026-04-24 21:43:12,632 Epoch 5: Train Loss 0.5885, Valid Loss 0.4860
2026-04-24 21:43:12,633 ----- Save best model - auprc: 0.3870 -----
2026-04-24 21:43:17,176 [[816 218]
 [ 40 124]]
2026-04-24 21:43:17,181 AUC of ROC = 0.8337
2026-04-24 21:43:17,182 AUC of PRC = 0.4618
2026-04-24 21:43:17,182 min(+P, Se) = 0.4819
2026-04-24 21:43:17,182 f1_score = 0.5109 (threshold = 0.9417)
2026-04-24 21:43:17,182 Epoch 6: Train Loss 0.5823, Valid Loss 0.4776
2026-04-24 21:43:17,183 ----- Save best model - auprc: 0.4618 -----
2026-04-24 21:43:21,797 [[653 381]
 [ 16 148]]
2026-04-24 21:43:21,802 AUC of ROC = 0.8451
2026-04-24 21:43:21,802 AUC of PRC = 0.5003
2026-04-24 21:43:21,802 min(+P, Se) = 0.5148
2026-04-24 21:43:21,802 f1_score = 0.5294 (threshold = 1.2326)
2026-04-24 21:43:21,803 Epoch 7: Train Loss 0.5252, Valid Loss 0.5115
2026-04-24 21:43:21,803 ----- Save best model - auprc: 0.5003 -----
2026-04-24 21:43:26,329 [[906 128]
 [ 61 103]]
2026-04-24 21:43:26,333 AUC of ROC = 0.8535
2026-04-24 21:43:26,333 AUC of PRC = 0.5162
2026-04-24 21:43:26,334 min(+P, Se) = 0.5122
2026-04-24 21:43:26,334 f1_score = 0.5272 (threshold = 0.7049)
2026-04-24 21:43:26,334 Epoch 8: Train Loss 0.5292, Valid Loss 0.4862
2026-04-24 21:43:26,335 ----- Save best model - auprc: 0.5162 -----
2026-04-24 21:43:31,107 [[908 126]
 [ 60 104]]
2026-04-24 21:43:31,112 AUC of ROC = 0.8488
2026-04-24 21:43:31,112 AUC of PRC = 0.5177
2026-04-24 21:43:31,112 min(+P, Se) = 0.5273
2026-04-24 21:43:31,112 f1_score = 0.5423 (threshold = 0.6683)
2026-04-24 21:43:31,113 Epoch 9: Train Loss 0.5025, Valid Loss 0.4787
2026-04-24 21:43:31,113 ----- Save best model - auprc: 0.5177 -----
2026-04-24 21:43:35,652 [[774 260]
 [ 34 130]]
2026-04-24 21:43:35,657 AUC of ROC = 0.8515
2026-04-24 21:43:35,657 AUC of PRC = 0.5145
2026-04-24 21:43:35,657 min(+P, Se) = 0.5061
2026-04-24 21:43:35,657 f1_score = 0.5417 (threshold = 1.0623)
2026-04-24 21:43:35,658 Epoch 10: Train Loss 0.5191, Valid Loss 0.4665
2026-04-24 21:43:40,365 [[894 140]
 [ 62 102]]
2026-04-24 21:43:40,369 AUC of ROC = 0.8530
2026-04-24 21:43:40,369 AUC of PRC = 0.5204
2026-04-24 21:43:40,370 min(+P, Se) = 0.5091
2026-04-24 21:43:40,370 f1_score = 0.5337 (threshold = 0.2782)
2026-04-24 21:43:40,370 Epoch 11: Train Loss 0.5133, Valid Loss 0.4823
2026-04-24 21:43:40,371 ----- Save best model - auprc: 0.5204 -----
2026-04-24 21:43:44,888 [[769 265]
 [ 24 140]]
2026-04-24 21:43:44,893 AUC of ROC = 0.8629
2026-04-24 21:43:44,893 AUC of PRC = 0.5343
2026-04-24 21:43:44,893 min(+P, Se) = 0.5244
2026-04-24 21:43:44,893 f1_score = 0.5583 (threshold = 1.0074)
2026-04-24 21:43:44,894 Epoch 12: Train Loss 0.5011, Valid Loss 0.4556
2026-04-24 21:43:44,894 ----- Save best model - auprc: 0.5343 -----
2026-04-24 21:43:49,465 [[785 249]
 [ 27 137]]
2026-04-24 21:43:49,470 AUC of ROC = 0.8622
2026-04-24 21:43:49,470 AUC of PRC = 0.5301
2026-04-24 21:43:49,470 min(+P, Se) = 0.5210
2026-04-24 21:43:49,470 f1_score = 0.5450 (threshold = 0.9015)
2026-04-24 21:43:49,471 Epoch 13: Train Loss 0.4970, Valid Loss 0.4536
2026-04-24 21:43:54,013 [[874 160]
 [ 51 113]]
2026-04-24 21:43:54,017 AUC of ROC = 0.8585
2026-04-24 21:43:54,018 AUC of PRC = 0.5255
2026-04-24 21:43:54,018 min(+P, Se) = 0.5238
2026-04-24 21:43:54,018 f1_score = 0.5486 (threshold = 0.6858)
2026-04-24 21:43:54,018 Epoch 14: Train Loss 0.5071, Valid Loss 0.4606
2026-04-24 21:43:58,659 [[751 283]
 [ 26 138]]
2026-04-24 21:43:58,664 AUC of ROC = 0.8612
2026-04-24 21:43:58,664 AUC of PRC = 0.5325
2026-04-24 21:43:58,664 min(+P, Se) = 0.5305
2026-04-24 21:43:58,664 f1_score = 0.5515 (threshold = 0.7749)
2026-04-24 21:43:58,665 Epoch 15: Train Loss 0.4882, Valid Loss 0.4649
2026-04-24 21:44:03,164 [[832 202]
 [ 41 123]]
2026-04-24 21:44:03,169 AUC of ROC = 0.8650
2026-04-24 21:44:03,169 AUC of PRC = 0.5294
2026-04-24 21:44:03,169 min(+P, Se) = 0.5244
2026-04-24 21:44:03,169 f1_score = 0.5575 (threshold = 0.5916)
2026-04-24 21:44:03,169 Epoch 16: Train Loss 0.4923, Valid Loss 0.4485
2026-04-24 21:44:07,621 [[815 219]
 [ 34 130]]
2026-04-24 21:44:07,626 AUC of ROC = 0.8672
2026-04-24 21:44:07,627 AUC of PRC = 0.5320
2026-04-24 21:44:07,627 min(+P, Se) = 0.5241
2026-04-24 21:44:07,627 f1_score = 0.5372 (threshold = 0.3769)
2026-04-24 21:44:07,627 Epoch 17: Train Loss 0.4806, Valid Loss 0.4473
2026-04-24 21:44:12,314 [[819 215]
 [ 30 134]]
2026-04-24 21:44:12,318 AUC of ROC = 0.8703
2026-04-24 21:44:12,319 AUC of PRC = 0.5384
2026-04-24 21:44:12,319 min(+P, Se) = 0.5325
2026-04-24 21:44:12,319 f1_score = 0.5507 (threshold = 0.5204)
2026-04-24 21:44:12,319 Epoch 18: Train Loss 0.4788, Valid Loss 0.4421
2026-04-24 21:44:12,320 ----- Save best model - auprc: 0.5384 -----
2026-04-24 21:44:16,798 [[814 220]
 [ 29 135]]
2026-04-24 21:44:16,802 AUC of ROC = 0.8705
2026-04-24 21:44:16,803 AUC of PRC = 0.5370
2026-04-24 21:44:16,803 min(+P, Se) = 0.5244
2026-04-24 21:44:16,803 f1_score = 0.5526 (threshold = 0.5886)
2026-04-24 21:44:16,803 Epoch 19: Train Loss 0.4791, Valid Loss 0.4437
2026-04-24 21:44:21,220 [[796 238]
 [ 26 138]]
2026-04-24 21:44:21,225 AUC of ROC = 0.8696
2026-04-24 21:44:21,225 AUC of PRC = 0.5383
2026-04-24 21:44:21,226 min(+P, Se) = 0.5244
2026-04-24 21:44:21,226 f1_score = 0.5568 (threshold = 0.7987)
2026-04-24 21:44:21,226 Epoch 20: Train Loss 0.4707, Valid Loss 0.4454
2026-04-24 21:44:25,793 [[831 203]
 [ 34 130]]
2026-04-24 21:44:25,798 AUC of ROC = 0.8691
2026-04-24 21:44:25,798 AUC of PRC = 0.5359
2026-04-24 21:44:25,798 min(+P, Se) = 0.5183
2026-04-24 21:44:25,798 f1_score = 0.5515 (threshold = 0.5565)
2026-04-24 21:44:25,799 Epoch 21: Train Loss 0.4768, Valid Loss 0.4433
2026-04-24 21:44:30,205 [[806 228]
 [ 27 137]]
2026-04-24 21:44:30,210 AUC of ROC = 0.8675
2026-04-24 21:44:30,211 AUC of PRC = 0.5359
2026-04-24 21:44:30,211 min(+P, Se) = 0.5152
2026-04-24 21:44:30,211 f1_score = 0.5528 (threshold = 0.6435)
2026-04-24 21:44:30,211 Epoch 22: Train Loss 0.4644, Valid Loss 0.4448
2026-04-24 21:44:34,827 [[813 221]
 [ 28 136]]
2026-04-24 21:44:34,832 AUC of ROC = 0.8675
2026-04-24 21:44:34,833 AUC of PRC = 0.5355
2026-04-24 21:44:34,833 min(+P, Se) = 0.5150
2026-04-24 21:44:34,833 f1_score = 0.5523 (threshold = 0.6060)
2026-04-24 21:44:34,833 Epoch 23: Train Loss 0.4744, Valid Loss 0.4441
2026-04-24 21:44:39,501 [[805 229]
 [ 26 138]]
2026-04-24 21:44:39,506 AUC of ROC = 0.8686
2026-04-24 21:44:39,506 AUC of PRC = 0.5351
2026-04-24 21:44:39,506 min(+P, Se) = 0.5174
2026-04-24 21:44:39,506 f1_score = 0.5511 (threshold = 0.4965)
2026-04-24 21:44:39,507 Epoch 24: Train Loss 0.4639, Valid Loss 0.4438
2026-04-24 21:44:44,056 [[823 211]
 [ 32 132]]
2026-04-24 21:44:44,061 AUC of ROC = 0.8679
2026-04-24 21:44:44,061 AUC of PRC = 0.5343
2026-04-24 21:44:44,061 min(+P, Se) = 0.5122
2026-04-24 21:44:44,062 f1_score = 0.5504 (threshold = 0.6268)
2026-04-24 21:44:44,062 Epoch 25: Train Loss 0.4654, Valid Loss 0.4430
2026-04-24 21:44:44,079 last saved model is in epoch 18
2026-04-24 21:44:44,838 [[815 194]
 [ 49 142]]
2026-04-24 21:44:44,844 AUC of ROC = 0.8478
2026-04-24 21:44:44,844 AUC of PRC = 0.5492
2026-04-24 21:44:44,844 min(+P, Se) = 0.5288
2026-04-24 21:44:44,844 f1_score = 0.5585 (threshold = 0.3946)
2026-04-24 21:44:44,844 Test Loss 0.4821
