2026-03-05 23:34:55,163 {
    "dataset": "c19",
    "data_dropout": 0.0,
    "epochs": 25,
    "lr": 0.001,
    "d_model": 32,
    "seed": 1234,
    "batch_size": 256,
    "dropout": 0.1,
    "save_model": true,
    "save_dir": "./export/c19\\smart-smile\\seed_1234",
    "local_rank": 0,
    "min_mask_ratio": 0.0,
    "max_mask_ratio": 0.75,
    "e_layers": 2,
    "n_heads": 4,
    "time_dim": 16,
    "use_film": false,
    "use_smile": true,
    "use_mnar": false,
    "save_last": false,
    "smile_no_mnar": false,
    "smile_no_curriculum": false,
    "smile_mask_type": "all",
    "smile_mnar_dropout": 0.05
}
2026-03-05 23:34:59,826 Dataset Loaded.
2026-03-05 23:34:59,827 SMILE system_groups: {'cardiovascular': 2, 'respiratory': 7, 'lab': 25}
2026-03-05 23:45:40,701 Epoch 1: Train Loss 0.1795, Valid Loss 0.0399
2026-03-05 23:45:40,717 ----- Save best model - L1: 0.0399 -----
2026-03-06 00:00:07,091 Epoch 2: Train Loss 0.0985, Valid Loss 0.0279
2026-03-06 00:00:07,092 ----- Save best model - L1: 0.0279 -----
2026-03-06 00:07:51,541 Epoch 3: Train Loss 0.0881, Valid Loss 0.0284
2026-03-06 00:14:57,068 Epoch 4: Train Loss 0.0838, Valid Loss 0.0283
2026-03-06 00:21:55,270 Epoch 5: Train Loss 0.0793, Valid Loss 0.0289
2026-03-06 00:29:02,438 Epoch 6: Train Loss 0.0739, Valid Loss 0.0276
2026-03-06 00:29:02,440 ----- Save best model - L1: 0.0276 -----
2026-03-06 00:36:00,371 Epoch 7: Train Loss 0.0700, Valid Loss 0.0269
2026-03-06 00:36:00,372 ----- Save best model - L1: 0.0269 -----
2026-03-06 00:42:57,884 Epoch 8: Train Loss 0.0646, Valid Loss 0.0259
2026-03-06 00:42:57,885 ----- Save best model - L1: 0.0259 -----
2026-03-06 00:50:07,478 Epoch 9: Train Loss 0.0614, Valid Loss 0.0252
2026-03-06 00:50:07,480 ----- Save best model - L1: 0.0252 -----
2026-03-06 00:57:10,169 Epoch 10: Train Loss 0.0574, Valid Loss 0.0246
2026-03-06 00:57:10,170 ----- Save best model - L1: 0.0246 -----
2026-03-06 01:04:43,691 Epoch 11: Train Loss 0.0556, Valid Loss 0.0242
2026-03-06 01:04:43,693 ----- Save best model - L1: 0.0242 -----
2026-03-06 01:12:22,776 Epoch 12: Train Loss 0.0537, Valid Loss 0.0237
2026-03-06 01:12:22,777 ----- Save best model - L1: 0.0237 -----
2026-03-06 01:20:11,562 Epoch 13: Train Loss 0.0515, Valid Loss 0.0247
2026-03-06 01:27:50,440 Epoch 14: Train Loss 0.0504, Valid Loss 0.0217
2026-03-06 01:27:50,441 ----- Save best model - L1: 0.0217 -----
2026-03-06 01:35:39,614 Epoch 15: Train Loss 0.0491, Valid Loss 0.0225
2026-03-06 01:43:23,576 Epoch 16: Train Loss 0.0495, Valid Loss 0.0220
2026-03-06 01:51:06,989 Epoch 17: Train Loss 0.0472, Valid Loss 0.0246
2026-03-06 01:58:27,333 Epoch 18: Train Loss 0.0489, Valid Loss 0.0222
2026-03-06 02:05:48,494 Epoch 19: Train Loss 0.0478, Valid Loss 0.0221
2026-03-06 02:13:01,942 Epoch 20: Train Loss 0.0467, Valid Loss 0.0214
2026-03-06 02:13:01,943 ----- Save best model - L1: 0.0214 -----
2026-03-06 02:20:24,308 Epoch 21: Train Loss 0.0470, Valid Loss 0.0218
2026-03-06 02:27:37,313 Epoch 22: Train Loss 0.0458, Valid Loss 0.0214
2026-03-06 02:27:37,314 ----- Save best model - L1: 0.0214 -----
2026-03-06 02:35:02,507 Epoch 23: Train Loss 0.0461, Valid Loss 0.0220
2026-03-06 02:42:13,960 Epoch 24: Train Loss 0.0467, Valid Loss 0.0214
2026-03-06 02:49:33,096 Epoch 25: Train Loss 0.0461, Valid Loss 0.0223
2026-03-06 02:49:33,179 last saved model is in epoch 22
2026-03-06 02:50:19,330 Test Loss 0.0218
2026-03-06 02:50:30,141 {
    "dataset": "c19",
    "data_dropout": 0.0,
    "epochs": 25,
    "freeze_epochs": 5,
    "lr": 0.001,
    "d_model": 32,
    "seed": 1234,
    "batch_size": 256,
    "dropout": 0.1,
    "save_model": true,
    "save_dir": "./export/c19\\smart-smile\\seed_1234",
    "local_rank": 0,
    "e_layers": 2,
    "n_heads": 4,
    "time_dim": 16,
    "use_film": false,
    "use_smile": true,
    "use_mnar": false,
    "smile_no_mnar": false,
    "smile_no_curriculum": false,
    "smile_mask_type": "all",
    "smile_mnar_dropout": 0.05
}
2026-03-06 02:50:35,588 Dataset Loaded.
2026-03-06 02:50:37,974 last saved model is in epoch 22
2026-03-06 02:51:16,174 [[3752    7]
 [ 251   23]]
2026-03-06 02:51:16,179 AUC of ROC = 0.8490
2026-03-06 02:51:16,179 AUC of PRC = 0.4319
2026-03-06 02:51:16,180 min(+P, Se) = 0.4526
2026-03-06 02:51:16,180 f1_score = 0.1513
2026-03-06 02:51:16,180 Epoch 1: Train Loss 0.2210, Valid Loss 0.1938
2026-03-06 02:51:16,180 ----- Save best model - auprc: 0.4319 -----
2026-03-06 02:51:53,945 [[3686   73]
 [ 156  118]]
2026-03-06 02:51:53,949 AUC of ROC = 0.8837
2026-03-06 02:51:53,949 AUC of PRC = 0.5236
2026-03-06 02:51:53,949 min(+P, Se) = 0.5657
2026-03-06 02:51:53,950 f1_score = 0.5075
2026-03-06 02:51:53,950 Epoch 2: Train Loss 0.1912, Valid Loss 0.1814
2026-03-06 02:51:53,951 ----- Save best model - auprc: 0.5236 -----
2026-03-06 02:52:31,533 [[3730   29]
 [ 186   88]]
2026-03-06 02:52:31,538 AUC of ROC = 0.8902
2026-03-06 02:52:31,538 AUC of PRC = 0.5403
2026-03-06 02:52:31,539 min(+P, Se) = 0.5379
2026-03-06 02:52:31,539 f1_score = 0.4501
2026-03-06 02:52:31,539 Epoch 3: Train Loss 0.1811, Valid Loss 0.1588
2026-03-06 02:52:31,540 ----- Save best model - auprc: 0.5403 -----
2026-03-06 02:53:09,335 [[3682   77]
 [ 144  130]]
2026-03-06 02:53:09,340 AUC of ROC = 0.8939
2026-03-06 02:53:09,340 AUC of PRC = 0.5611
2026-03-06 02:53:09,340 min(+P, Se) = 0.5564
2026-03-06 02:53:09,340 f1_score = 0.5405
2026-03-06 02:53:09,341 Epoch 4: Train Loss 0.1733, Valid Loss 0.1638
2026-03-06 02:53:09,342 ----- Save best model - auprc: 0.5611 -----
2026-03-06 02:53:46,966 [[3654  105]
 [ 125  149]]
2026-03-06 02:53:46,970 AUC of ROC = 0.8996
2026-03-06 02:53:46,971 AUC of PRC = 0.5774
2026-03-06 02:53:46,971 min(+P, Se) = 0.5620
2026-03-06 02:53:46,971 f1_score = 0.5644
2026-03-06 02:53:46,972 Epoch 5: Train Loss 0.1703, Valid Loss 0.1732
2026-03-06 02:53:46,973 ----- Save best model - auprc: 0.5774 -----
2026-03-06 02:54:52,607 [[3650  109]
 [ 103  171]]
2026-03-06 02:54:52,611 AUC of ROC = 0.9208
2026-03-06 02:54:52,612 AUC of PRC = 0.6872
2026-03-06 02:54:52,613 min(+P, Se) = 0.6241
2026-03-06 02:54:52,613 f1_score = 0.6173
2026-03-06 02:54:52,613 Epoch 6: Train Loss 0.1961, Valid Loss 0.1636
2026-03-06 02:54:52,614 ----- Save best model - auprc: 0.6872 -----
2026-03-06 02:55:58,115 [[3755    4]
 [ 223   51]]
2026-03-06 02:55:58,119 AUC of ROC = 0.9273
2026-03-06 02:55:58,120 AUC of PRC = 0.6830
2026-03-06 02:55:58,120 min(+P, Se) = 0.6387
2026-03-06 02:55:58,120 f1_score = 0.3100
2026-03-06 02:55:58,122 Epoch 7: Train Loss 0.1380, Valid Loss 0.1570
2026-03-06 02:57:03,500 [[3698   61]
 [ 101  173]]
2026-03-06 02:57:03,506 AUC of ROC = 0.9379
2026-03-06 02:57:03,507 AUC of PRC = 0.7409
2026-03-06 02:57:03,507 min(+P, Se) = 0.6788
2026-03-06 02:57:03,508 f1_score = 0.6811
2026-03-06 02:57:03,509 Epoch 8: Train Loss 0.1385, Valid Loss 0.1208
2026-03-06 02:57:03,509 ----- Save best model - auprc: 0.7409 -----
2026-03-06 02:58:09,457 [[3702   57]
 [  94  180]]
2026-03-06 02:58:09,462 AUC of ROC = 0.9465
2026-03-06 02:58:09,462 AUC of PRC = 0.7567
2026-03-06 02:58:09,462 min(+P, Se) = 0.6861
2026-03-06 02:58:09,463 f1_score = 0.7045
2026-03-06 02:58:09,463 Epoch 9: Train Loss 0.1241, Valid Loss 0.1150
2026-03-06 02:58:09,464 ----- Save best model - auprc: 0.7567 -----
2026-03-06 02:59:16,455 [[3721   38]
 [ 107  167]]
2026-03-06 02:59:16,459 AUC of ROC = 0.9552
2026-03-06 02:59:16,460 AUC of PRC = 0.7694
2026-03-06 02:59:16,460 min(+P, Se) = 0.7007
2026-03-06 02:59:16,460 f1_score = 0.6973
2026-03-06 02:59:16,460 Epoch 10: Train Loss 0.1175, Valid Loss 0.1069
2026-03-06 02:59:16,462 ----- Save best model - auprc: 0.7694 -----
2026-03-06 03:00:21,967 [[3737   22]
 [ 132  142]]
2026-03-06 03:00:21,971 AUC of ROC = 0.9499
2026-03-06 03:00:21,971 AUC of PRC = 0.7479
2026-03-06 03:00:21,972 min(+P, Se) = 0.7018
2026-03-06 03:00:21,972 f1_score = 0.6484
2026-03-06 03:00:21,973 Epoch 11: Train Loss 0.1121, Valid Loss 0.1183
2026-03-06 03:01:27,536 [[3668   91]
 [  81  193]]
2026-03-06 03:01:27,541 AUC of ROC = 0.9510
2026-03-06 03:01:27,542 AUC of PRC = 0.7602
2026-03-06 03:01:27,542 min(+P, Se) = 0.7007
2026-03-06 03:01:27,543 f1_score = 0.6918
2026-03-06 03:01:27,543 Epoch 12: Train Loss 0.1110, Valid Loss 0.1205
2026-03-06 03:02:32,878 [[3721   38]
 [ 106  168]]
2026-03-06 03:02:32,882 AUC of ROC = 0.9562
2026-03-06 03:02:32,883 AUC of PRC = 0.7723
2026-03-06 03:02:32,883 min(+P, Se) = 0.7007
2026-03-06 03:02:32,883 f1_score = 0.7000
2026-03-06 03:02:32,884 Epoch 13: Train Loss 0.1107, Valid Loss 0.1057
2026-03-06 03:02:32,885 ----- Save best model - auprc: 0.7723 -----
2026-03-06 03:03:38,736 [[3661   98]
 [  71  203]]
2026-03-06 03:03:38,740 AUC of ROC = 0.9548
2026-03-06 03:03:38,742 AUC of PRC = 0.7711
2026-03-06 03:03:38,742 min(+P, Se) = 0.7200
2026-03-06 03:03:38,742 f1_score = 0.7061
2026-03-06 03:03:38,743 Epoch 14: Train Loss 0.1053, Valid Loss 0.1193
2026-03-06 03:04:44,356 [[3713   46]
 [  94  180]]
2026-03-06 03:04:44,360 AUC of ROC = 0.9574
2026-03-06 03:04:44,360 AUC of PRC = 0.7792
2026-03-06 03:04:44,360 min(+P, Se) = 0.7117
2026-03-06 03:04:44,360 f1_score = 0.7200
2026-03-06 03:04:44,361 Epoch 15: Train Loss 0.1112, Valid Loss 0.1052
2026-03-06 03:04:44,362 ----- Save best model - auprc: 0.7792 -----
2026-03-06 03:05:50,834 [[3727   32]
 [ 113  161]]
2026-03-06 03:05:50,839 AUC of ROC = 0.9580
2026-03-06 03:05:50,839 AUC of PRC = 0.7778
2026-03-06 03:05:50,839 min(+P, Se) = 0.6934
2026-03-06 03:05:50,840 f1_score = 0.6895
2026-03-06 03:05:50,840 Epoch 16: Train Loss 0.1017, Valid Loss 0.1145
2026-03-06 03:06:56,664 [[3702   57]
 [  86  188]]
2026-03-06 03:06:56,668 AUC of ROC = 0.9608
2026-03-06 03:06:56,669 AUC of PRC = 0.7801
2026-03-06 03:06:56,669 min(+P, Se) = 0.7263
2026-03-06 03:06:56,669 f1_score = 0.7245
2026-03-06 03:06:56,670 Epoch 17: Train Loss 0.1001, Valid Loss 0.1016
2026-03-06 03:06:56,671 ----- Save best model - auprc: 0.7801 -----
2026-03-06 03:08:02,193 [[3608  151]
 [  55  219]]
2026-03-06 03:08:02,197 AUC of ROC = 0.9587
2026-03-06 03:08:02,197 AUC of PRC = 0.7841
2026-03-06 03:08:02,198 min(+P, Se) = 0.7190
2026-03-06 03:08:02,198 f1_score = 0.6801
2026-03-06 03:08:02,198 Epoch 18: Train Loss 0.1002, Valid Loss 0.1444
2026-03-06 03:08:02,199 ----- Save best model - auprc: 0.7841 -----
2026-03-06 03:09:07,807 [[3732   27]
 [ 114  160]]
2026-03-06 03:09:07,811 AUC of ROC = 0.9593
2026-03-06 03:09:07,812 AUC of PRC = 0.7832
2026-03-06 03:09:07,812 min(+P, Se) = 0.7194
2026-03-06 03:09:07,813 f1_score = 0.6941
2026-03-06 03:09:07,814 Epoch 19: Train Loss 0.1016, Valid Loss 0.1023
2026-03-06 03:10:14,305 [[3731   28]
 [ 122  152]]
2026-03-06 03:10:14,321 AUC of ROC = 0.9562
2026-03-06 03:10:14,321 AUC of PRC = 0.7606
2026-03-06 03:10:14,322 min(+P, Se) = 0.6957
2026-03-06 03:10:14,322 f1_score = 0.6696
2026-03-06 03:10:14,323 Epoch 20: Train Loss 0.0968, Valid Loss 0.1081
2026-03-06 03:11:21,970 [[3717   42]
 [ 107  167]]
2026-03-06 03:11:21,974 AUC of ROC = 0.9550
2026-03-06 03:11:21,974 AUC of PRC = 0.7638
2026-03-06 03:11:21,975 min(+P, Se) = 0.6971
2026-03-06 03:11:21,981 f1_score = 0.6915
2026-03-06 03:11:21,981 Epoch 21: Train Loss 0.0987, Valid Loss 0.1053
2026-03-06 03:12:29,072 [[3728   31]
 [ 116  158]]
2026-03-06 03:12:29,077 AUC of ROC = 0.9588
2026-03-06 03:12:29,077 AUC of PRC = 0.7758
2026-03-06 03:12:29,077 min(+P, Se) = 0.7190
2026-03-06 03:12:29,077 f1_score = 0.6825
2026-03-06 03:12:29,078 Epoch 22: Train Loss 0.0928, Valid Loss 0.1034
2026-03-06 03:13:37,002 [[3707   52]
 [  96  178]]
2026-03-06 03:13:37,008 AUC of ROC = 0.9548
2026-03-06 03:13:37,009 AUC of PRC = 0.7682
2026-03-06 03:13:37,009 min(+P, Se) = 0.7127
2026-03-06 03:13:37,010 f1_score = 0.7063
2026-03-06 03:13:37,011 Epoch 23: Train Loss 0.0933, Valid Loss 0.1063
2026-03-06 03:14:43,749 [[3731   28]
 [ 121  153]]
2026-03-06 03:14:43,754 AUC of ROC = 0.9599
2026-03-06 03:14:43,754 AUC of PRC = 0.7879
2026-03-06 03:14:43,754 min(+P, Se) = 0.7263
2026-03-06 03:14:43,755 f1_score = 0.6725
2026-03-06 03:14:43,755 Epoch 24: Train Loss 0.0905, Valid Loss 0.1097
2026-03-06 03:14:43,756 ----- Save best model - auprc: 0.7879 -----
2026-03-06 03:15:50,353 [[3669   90]
 [  73  201]]
2026-03-06 03:15:50,357 AUC of ROC = 0.9542
2026-03-06 03:15:50,357 AUC of PRC = 0.7821
2026-03-06 03:15:50,357 min(+P, Se) = 0.7153
2026-03-06 03:15:50,358 f1_score = 0.7115
2026-03-06 03:15:50,359 Epoch 25: Train Loss 0.0914, Valid Loss 0.1180
2026-03-06 03:15:50,389 last saved model is in epoch 24
2026-03-06 03:15:54,526 [[3720   25]
 [ 128  161]]
2026-03-06 03:15:54,532 AUC of ROC = 0.9510
2026-03-06 03:15:54,533 AUC of PRC = 0.7687
2026-03-06 03:15:54,533 min(+P, Se) = 0.7034
2026-03-06 03:15:54,534 f1_score = 0.6779
2026-03-06 03:15:54,534 Test Loss 0.1264
