2026-03-05 16:34:03,576 {
    "dataset": "c12",
    "data_dropout": 0.0,
    "epochs": 25,
    "lr": 0.001,
    "d_model": 32,
    "seed": 9999,
    "batch_size": 256,
    "dropout": 0.1,
    "save_model": true,
    "save_dir": "./export/c12\\smart-smile\\seed_9999",
    "local_rank": 0,
    "min_mask_ratio": 0.0,
    "max_mask_ratio": 0.75,
    "e_layers": 2,
    "n_heads": 4,
    "time_dim": 16,
    "use_film": false,
    "use_smile": true,
    "use_mnar": false,
    "save_last": false,
    "smile_no_mnar": false,
    "smile_no_curriculum": false,
    "smile_mask_type": "all",
    "smile_mnar_dropout": 0.05
}
2026-03-05 16:34:04,597 Dataset Loaded.
2026-03-05 16:34:04,597 SMILE system_groups: {'cardiovascular': 4, 'respiratory': 6, 'lab': 27}
2026-03-05 16:34:26,490 Epoch 1: Train Loss 9.8231, Valid Loss 6.2142
2026-03-05 16:34:26,491 ----- Save best model - L1: 6.2142 -----
2026-03-05 16:34:48,139 Epoch 2: Train Loss 4.5415, Valid Loss 2.7910
2026-03-05 16:34:48,140 ----- Save best model - L1: 2.7910 -----
2026-03-05 16:35:09,630 Epoch 3: Train Loss 3.0954, Valid Loss 2.1266
2026-03-05 16:35:09,631 ----- Save best model - L1: 2.1266 -----
2026-03-05 16:35:30,966 Epoch 4: Train Loss 2.5530, Valid Loss 1.8426
2026-03-05 16:35:30,966 ----- Save best model - L1: 1.8426 -----
2026-03-05 16:35:52,069 Epoch 5: Train Loss 2.1939, Valid Loss 1.6284
2026-03-05 16:35:52,069 ----- Save best model - L1: 1.6284 -----
2026-03-05 16:36:13,202 Epoch 6: Train Loss 1.9261, Valid Loss 1.5019
2026-03-05 16:36:13,202 ----- Save best model - L1: 1.5019 -----
2026-03-05 16:36:34,525 Epoch 7: Train Loss 1.7422, Valid Loss 1.4260
2026-03-05 16:36:34,525 ----- Save best model - L1: 1.4260 -----
2026-03-05 16:36:55,885 Epoch 8: Train Loss 1.6028, Valid Loss 1.2710
2026-03-05 16:36:55,886 ----- Save best model - L1: 1.2710 -----
2026-03-05 16:37:16,923 Epoch 9: Train Loss 1.5002, Valid Loss 1.1657
2026-03-05 16:37:16,923 ----- Save best model - L1: 1.1657 -----
2026-03-05 16:37:39,439 Epoch 10: Train Loss 1.4048, Valid Loss 1.0364
2026-03-05 16:37:39,440 ----- Save best model - L1: 1.0364 -----
2026-03-05 16:38:03,027 Epoch 11: Train Loss 1.3160, Valid Loss 1.0085
2026-03-05 16:38:03,028 ----- Save best model - L1: 1.0085 -----
2026-03-05 16:38:26,568 Epoch 12: Train Loss 1.2791, Valid Loss 0.9558
2026-03-05 16:38:26,569 ----- Save best model - L1: 0.9558 -----
2026-03-05 16:38:50,295 Epoch 13: Train Loss 1.2401, Valid Loss 0.9655
2026-03-05 16:39:13,842 Epoch 14: Train Loss 1.2141, Valid Loss 0.8344
2026-03-05 16:39:13,843 ----- Save best model - L1: 0.8344 -----
2026-03-05 16:39:37,619 Epoch 15: Train Loss 1.1719, Valid Loss 0.8878
2026-03-05 16:40:01,150 Epoch 16: Train Loss 1.1552, Valid Loss 0.8518
2026-03-05 16:40:24,755 Epoch 17: Train Loss 1.1082, Valid Loss 0.8729
2026-03-05 16:40:48,430 Epoch 18: Train Loss 1.0929, Valid Loss 0.7979
2026-03-05 16:40:48,431 ----- Save best model - L1: 0.7979 -----
2026-03-05 16:41:11,986 Epoch 19: Train Loss 1.0854, Valid Loss 0.8341
2026-03-05 16:41:36,328 Epoch 20: Train Loss 1.0926, Valid Loss 0.8096
2026-03-05 16:41:59,873 Epoch 21: Train Loss 1.0657, Valid Loss 0.7717
2026-03-05 16:41:59,874 ----- Save best model - L1: 0.7717 -----
2026-03-05 16:42:23,507 Epoch 22: Train Loss 1.0743, Valid Loss 0.7619
2026-03-05 16:42:23,509 ----- Save best model - L1: 0.7619 -----
2026-03-05 16:42:47,281 Epoch 23: Train Loss 1.0544, Valid Loss 0.7369
2026-03-05 16:42:47,282 ----- Save best model - L1: 0.7369 -----
2026-03-05 16:43:10,837 Epoch 24: Train Loss 1.0473, Valid Loss 0.7432
2026-03-05 16:43:35,041 Epoch 25: Train Loss 1.0330, Valid Loss 0.7982
2026-03-05 16:43:35,078 last saved model is in epoch 23
2026-03-05 16:43:36,915 Test Loss 0.7308
2026-03-05 16:43:41,961 {
    "dataset": "c12",
    "data_dropout": 0.0,
    "epochs": 25,
    "freeze_epochs": 5,
    "lr": 0.001,
    "d_model": 32,
    "seed": 9999,
    "batch_size": 256,
    "dropout": 0.1,
    "save_model": true,
    "save_dir": "./export/c12\\smart-smile\\seed_9999",
    "local_rank": 0,
    "e_layers": 2,
    "n_heads": 4,
    "time_dim": 16,
    "use_film": false,
    "use_smile": true,
    "use_mnar": false,
    "smile_no_mnar": false,
    "smile_no_curriculum": false,
    "smile_mask_type": "all",
    "smile_mnar_dropout": 0.05
}
2026-03-05 16:43:43,017 Dataset Loaded.
2026-03-05 16:43:45,135 last saved model is in epoch 23
2026-03-05 16:43:56,228 [[1037    5]
 [ 149    7]]
2026-03-05 16:43:56,231 AUC of ROC = 0.6998
2026-03-05 16:43:56,232 AUC of PRC = 0.2546
2026-03-05 16:43:56,232 min(+P, Se) = 0.3293
2026-03-05 16:43:56,232 f1_score = 0.0833
2026-03-05 16:43:56,232 Epoch 1: Train Loss 0.6257, Valid Loss 0.3468
2026-03-05 16:43:56,234 ----- Save best model - auprc: 0.2546 -----
2026-03-05 16:44:07,021 [[1029   13]
 [ 133   23]]
2026-03-05 16:44:07,024 AUC of ROC = 0.7194
2026-03-05 16:44:07,025 AUC of PRC = 0.2679
2026-03-05 16:44:07,025 min(+P, Se) = 0.3432
2026-03-05 16:44:07,025 f1_score = 0.2396
2026-03-05 16:44:07,026 Epoch 2: Train Loss 0.3822, Valid Loss 0.3315
2026-03-05 16:44:07,027 ----- Save best model - auprc: 0.2679 -----
2026-03-05 16:44:17,717 [[1037    5]
 [ 146   10]]
2026-03-05 16:44:17,720 AUC of ROC = 0.7451
2026-03-05 16:44:17,721 AUC of PRC = 0.3050
2026-03-05 16:44:17,721 min(+P, Se) = 0.3563
2026-03-05 16:44:17,721 f1_score = 0.1170
2026-03-05 16:44:17,722 Epoch 3: Train Loss 0.3689, Valid Loss 0.3273
2026-03-05 16:44:17,722 ----- Save best model - auprc: 0.3050 -----
2026-03-05 16:44:28,445 [[1035    7]
 [ 139   17]]
2026-03-05 16:44:28,448 AUC of ROC = 0.7473
2026-03-05 16:44:28,449 AUC of PRC = 0.2987
2026-03-05 16:44:28,449 min(+P, Se) = 0.3757
2026-03-05 16:44:28,449 f1_score = 0.1889
2026-03-05 16:44:28,449 Epoch 4: Train Loss 0.3661, Valid Loss 0.3214
2026-03-05 16:44:39,204 [[1037    5]
 [ 140   16]]
2026-03-05 16:44:39,208 AUC of ROC = 0.7620
2026-03-05 16:44:39,209 AUC of PRC = 0.3132
2026-03-05 16:44:39,209 min(+P, Se) = 0.3916
2026-03-05 16:44:39,209 f1_score = 0.1808
2026-03-05 16:44:39,209 Epoch 5: Train Loss 0.3621, Valid Loss 0.3200
2026-03-05 16:44:39,211 ----- Save best model - auprc: 0.3132 -----
2026-03-05 16:44:56,089 [[1035    7]
 [ 135   21]]
2026-03-05 16:44:56,092 AUC of ROC = 0.7898
2026-03-05 16:44:56,093 AUC of PRC = 0.3976
2026-03-05 16:44:56,093 min(+P, Se) = 0.4140
2026-03-05 16:44:56,094 f1_score = 0.2283
2026-03-05 16:44:56,094 Epoch 6: Train Loss 0.4075, Valid Loss 0.3083
2026-03-05 16:44:56,097 ----- Save best model - auprc: 0.3976 -----
2026-03-05 16:45:13,006 [[1005   37]
 [ 108   48]]
2026-03-05 16:45:13,009 AUC of ROC = 0.8196
2026-03-05 16:45:13,009 AUC of PRC = 0.4535
2026-03-05 16:45:13,010 min(+P, Se) = 0.4528
2026-03-05 16:45:13,010 f1_score = 0.3983
2026-03-05 16:45:13,010 Epoch 7: Train Loss 0.3459, Valid Loss 0.3085
2026-03-05 16:45:13,012 ----- Save best model - auprc: 0.4535 -----
2026-03-05 16:45:29,970 [[999  43]
 [104  52]]
2026-03-05 16:45:29,974 AUC of ROC = 0.8172
2026-03-05 16:45:29,974 AUC of PRC = 0.4692
2026-03-05 16:45:29,975 min(+P, Se) = 0.4591
2026-03-05 16:45:29,975 f1_score = 0.4143
2026-03-05 16:45:29,975 Epoch 8: Train Loss 0.3260, Valid Loss 0.3066
2026-03-05 16:45:29,976 ----- Save best model - auprc: 0.4692 -----
2026-03-05 16:45:46,935 [[1035    7]
 [ 135   21]]
2026-03-05 16:45:46,937 AUC of ROC = 0.8264
2026-03-05 16:45:46,937 AUC of PRC = 0.4748
2026-03-05 16:45:46,938 min(+P, Se) = 0.4744
2026-03-05 16:45:46,938 f1_score = 0.2283
2026-03-05 16:45:46,938 Epoch 9: Train Loss 0.3274, Valid Loss 0.2906
2026-03-05 16:45:46,939 ----- Save best model - auprc: 0.4748 -----
2026-03-05 16:46:03,804 [[1038    4]
 [ 134   22]]
2026-03-05 16:46:03,807 AUC of ROC = 0.8155
2026-03-05 16:46:03,807 AUC of PRC = 0.4737
2026-03-05 16:46:03,807 min(+P, Se) = 0.4744
2026-03-05 16:46:03,807 f1_score = 0.2418
2026-03-05 16:46:03,808 Epoch 10: Train Loss 0.3162, Valid Loss 0.2920
2026-03-05 16:46:20,707 [[994  48]
 [ 96  60]]
2026-03-05 16:46:20,710 AUC of ROC = 0.8397
2026-03-05 16:46:20,710 AUC of PRC = 0.5152
2026-03-05 16:46:20,710 min(+P, Se) = 0.4904
2026-03-05 16:46:20,711 f1_score = 0.4545
2026-03-05 16:46:20,711 Epoch 11: Train Loss 0.3143, Valid Loss 0.2905
2026-03-05 16:46:20,712 ----- Save best model - auprc: 0.5152 -----
2026-03-05 16:46:37,720 [[1022   20]
 [ 111   45]]
2026-03-05 16:46:37,723 AUC of ROC = 0.8329
2026-03-05 16:46:37,723 AUC of PRC = 0.5015
2026-03-05 16:46:37,723 min(+P, Se) = 0.4841
2026-03-05 16:46:37,724 f1_score = 0.4072
2026-03-05 16:46:37,724 Epoch 12: Train Loss 0.3119, Valid Loss 0.2734
2026-03-05 16:46:54,572 [[1004   38]
 [ 104   52]]
2026-03-05 16:46:54,575 AUC of ROC = 0.8379
2026-03-05 16:46:54,576 AUC of PRC = 0.5071
2026-03-05 16:46:54,576 min(+P, Se) = 0.4606
2026-03-05 16:46:54,576 f1_score = 0.4228
2026-03-05 16:46:54,576 Epoch 13: Train Loss 0.3099, Valid Loss 0.2789
2026-03-05 16:47:11,442 [[1033    9]
 [ 124   32]]
2026-03-05 16:47:11,446 AUC of ROC = 0.8409
2026-03-05 16:47:11,446 AUC of PRC = 0.5179
2026-03-05 16:47:11,446 min(+P, Se) = 0.4808
2026-03-05 16:47:11,447 f1_score = 0.3249
2026-03-05 16:47:11,448 Epoch 14: Train Loss 0.3117, Valid Loss 0.2762
2026-03-05 16:47:11,449 ----- Save best model - auprc: 0.5179 -----
2026-03-05 16:47:28,369 [[1028   14]
 [ 121   35]]
2026-03-05 16:47:28,372 AUC of ROC = 0.8387
2026-03-05 16:47:28,372 AUC of PRC = 0.5193
2026-03-05 16:47:28,373 min(+P, Se) = 0.4872
2026-03-05 16:47:28,373 f1_score = 0.3415
2026-03-05 16:47:28,373 Epoch 15: Train Loss 0.3063, Valid Loss 0.2762
2026-03-05 16:47:28,374 ----- Save best model - auprc: 0.5193 -----
2026-03-05 16:47:45,363 [[1038    4]
 [ 130   26]]
2026-03-05 16:47:45,366 AUC of ROC = 0.8528
2026-03-05 16:47:45,366 AUC of PRC = 0.5424
2026-03-05 16:47:45,367 min(+P, Se) = 0.5064
2026-03-05 16:47:45,367 f1_score = 0.2796
2026-03-05 16:47:45,368 Epoch 16: Train Loss 0.3016, Valid Loss 0.2828
2026-03-05 16:47:45,369 ----- Save best model - auprc: 0.5424 -----
2026-03-05 16:48:02,253 [[1032   10]
 [ 127   29]]
2026-03-05 16:48:02,257 AUC of ROC = 0.8541
2026-03-05 16:48:02,257 AUC of PRC = 0.5345
2026-03-05 16:48:02,257 min(+P, Se) = 0.5057
2026-03-05 16:48:02,258 f1_score = 0.2974
2026-03-05 16:48:02,258 Epoch 17: Train Loss 0.3041, Valid Loss 0.2746
2026-03-05 16:48:19,141 [[1034    8]
 [ 125   31]]
2026-03-05 16:48:19,145 AUC of ROC = 0.8453
2026-03-05 16:48:19,145 AUC of PRC = 0.5056
2026-03-05 16:48:19,145 min(+P, Se) = 0.4808
2026-03-05 16:48:19,145 f1_score = 0.3179
2026-03-05 16:48:19,146 Epoch 18: Train Loss 0.3103, Valid Loss 0.2834
2026-03-05 16:48:36,233 [[1029   13]
 [ 124   32]]
2026-03-05 16:48:36,237 AUC of ROC = 0.8628
2026-03-05 16:48:36,237 AUC of PRC = 0.5370
2026-03-05 16:48:36,238 min(+P, Se) = 0.5031
2026-03-05 16:48:36,238 f1_score = 0.3184
2026-03-05 16:48:36,238 Epoch 19: Train Loss 0.3076, Valid Loss 0.2768
2026-03-05 16:48:53,099 [[963  79]
 [ 79  77]]
2026-03-05 16:48:53,103 AUC of ROC = 0.8534
2026-03-05 16:48:53,103 AUC of PRC = 0.5122
2026-03-05 16:48:53,104 min(+P, Se) = 0.4684
2026-03-05 16:48:53,104 f1_score = 0.4936
2026-03-05 16:48:53,104 Epoch 20: Train Loss 0.3052, Valid Loss 0.3058
2026-03-05 16:49:09,959 [[1010   32]
 [ 109   47]]
2026-03-05 16:49:09,962 AUC of ROC = 0.8556
2026-03-05 16:49:09,962 AUC of PRC = 0.5236
2026-03-05 16:49:09,962 min(+P, Se) = 0.4908
2026-03-05 16:49:09,963 f1_score = 0.4000
2026-03-05 16:49:09,963 Epoch 21: Train Loss 0.3014, Valid Loss 0.2715
2026-03-05 16:49:26,867 [[1012   30]
 [ 111   45]]
2026-03-05 16:49:26,871 AUC of ROC = 0.8599
2026-03-05 16:49:26,871 AUC of PRC = 0.5302
2026-03-05 16:49:26,872 min(+P, Se) = 0.5000
2026-03-05 16:49:26,872 f1_score = 0.3896
2026-03-05 16:49:26,872 Epoch 22: Train Loss 0.2975, Valid Loss 0.2695
2026-03-05 16:49:43,952 [[1025   17]
 [ 119   37]]
2026-03-05 16:49:43,955 AUC of ROC = 0.8587
2026-03-05 16:49:43,955 AUC of PRC = 0.5227
2026-03-05 16:49:43,956 min(+P, Se) = 0.5064
2026-03-05 16:49:43,957 f1_score = 0.3524
2026-03-05 16:49:43,957 Epoch 23: Train Loss 0.2990, Valid Loss 0.2705
2026-03-05 16:50:00,789 [[1024   18]
 [ 121   35]]
2026-03-05 16:50:00,792 AUC of ROC = 0.8518
2026-03-05 16:50:00,792 AUC of PRC = 0.4976
2026-03-05 16:50:00,793 min(+P, Se) = 0.4938
2026-03-05 16:50:00,793 f1_score = 0.3349
2026-03-05 16:50:00,794 Epoch 24: Train Loss 0.2955, Valid Loss 0.2725
2026-03-05 16:50:17,653 [[1021   21]
 [ 112   44]]
2026-03-05 16:50:17,657 AUC of ROC = 0.8438
2026-03-05 16:50:17,657 AUC of PRC = 0.5046
2026-03-05 16:50:17,657 min(+P, Se) = 0.4872
2026-03-05 16:50:17,657 f1_score = 0.3982
2026-03-05 16:50:17,658 Epoch 25: Train Loss 0.2953, Valid Loss 0.2720
2026-03-05 16:50:17,680 last saved model is in epoch 16
2026-03-05 16:50:18,842 [[1003   12]
 [ 156   29]]
2026-03-05 16:50:18,846 AUC of ROC = 0.8308
2026-03-05 16:50:18,846 AUC of PRC = 0.5111
2026-03-05 16:50:18,846 min(+P, Se) = 0.5081
2026-03-05 16:50:18,847 f1_score = 0.2566
2026-03-05 16:50:18,847 Test Loss 0.3295
