2026-03-26 04:47:52,832 {
    "dataset": "c12",
    "data_dropout": 0.0,
    "epochs": 25,
    "lr": 0.001,
    "d_model": 32,
    "seed": 42,
    "batch_size": 64,
    "dropout": 0.1,
    "save_model": true,
    "save_dir": "./export/c12\\smart-smile-lean-no-film\\seed_42",
    "local_rank": 0,
    "min_mask_ratio": 0.15,
    "max_mask_ratio": 0.75,
    "e_layers": 2,
    "n_heads": 4,
    "time_dim": 16,
    "use_film": false,
    "use_smile": false,
    "use_smile_film": false,
    "use_smile_v2": false,
    "use_smile_v2_film": false,
    "use_smile_lean": true,
    "use_smile_lean_samepretrain": false,
    "use_mnar": false,
    "save_last": true,
    "smile_no_mnar": false,
    "smile_no_curriculum": false,
    "smile_mask_type": "all",
    "smile_mnar_dropout": 0.05,
    "obs_density_window": 5,
    "abl_no_density": false,
    "abl_no_mnar_bias": false,
    "abl_no_film": true,
    "abl_no_time_mnar": false,
    "abl_no_time_pe": false,
    "pretrain_mask_mode": "fixed",
    "ratio_temperature": 1.0,
    "smile_stratified": false,
    "smile_mask_weights": null
}
2026-03-26 04:47:54,431 Dataset Loaded.
2026-03-26 04:47:54,431 system_groups: {'Vital_Invasive': 3, 'Blood_Gas': 4, 'Electrolyte': 5, 'Liver_Enzyme': 6, 'CBC': 3, 'Oxygenation': 3, 'Metabolic': 2}
2026-03-26 04:48:19,220 Epoch 1: Train Loss 4.5485, Valid Loss 1.7051, EMA Val 1.7051
2026-03-26 04:48:42,469 Epoch 2: Train Loss 1.6776, Valid Loss 1.1427, EMA Val 1.5363
2026-03-26 04:49:05,774 Epoch 3: Train Loss 1.1625, Valid Loss 0.8524, EMA Val 1.3312
2026-03-26 04:49:29,055 Epoch 4: Train Loss 0.9471, Valid Loss 0.7091, EMA Val 1.1445
2026-03-26 04:49:52,197 Epoch 5: Train Loss 0.8157, Valid Loss 0.6083, EMA Val 0.9837
2026-03-26 04:50:15,509 Epoch 6: Train Loss 0.7328, Valid Loss 0.5641, EMA Val 0.8578
2026-03-26 04:50:38,872 Epoch 7: Train Loss 0.6761, Valid Loss 0.4877, EMA Val 0.7468
2026-03-26 04:51:02,161 Epoch 8: Train Loss 0.6142, Valid Loss 0.4995, EMA Val 0.6726
2026-03-26 04:51:25,563 Epoch 9: Train Loss 0.6044, Valid Loss 0.4690, EMA Val 0.6115
2026-03-26 04:51:48,760 Epoch 10: Train Loss 0.6148, Valid Loss 0.4595, EMA Val 0.5659
2026-03-26 04:52:12,107 Epoch 11: Train Loss 0.5637, Valid Loss 0.4914, EMA Val 0.5436
2026-03-26 04:52:35,506 Epoch 12: Train Loss 0.5921, Valid Loss 0.4610, EMA Val 0.5188
2026-03-26 04:52:58,827 Epoch 13: Train Loss 0.5841, Valid Loss 0.5157, EMA Val 0.5179
2026-03-26 04:53:22,245 Epoch 14: Train Loss 0.5728, Valid Loss 0.4726, EMA Val 0.5043
2026-03-26 04:53:45,649 Epoch 15: Train Loss 0.5578, Valid Loss 0.4746, EMA Val 0.4954
2026-03-26 04:54:08,991 Epoch 16: Train Loss 0.5642, Valid Loss 0.4872, EMA Val 0.4929
2026-03-26 04:54:32,291 Epoch 17: Train Loss 0.5686, Valid Loss 0.4734, EMA Val 0.4871
2026-03-26 04:54:55,741 Epoch 18: Train Loss 0.5652, Valid Loss 0.4819, EMA Val 0.4855
2026-03-26 04:55:19,115 Epoch 19: Train Loss 0.5509, Valid Loss 0.4765, EMA Val 0.4828
2026-03-26 04:55:42,575 Epoch 20: Train Loss 0.5741, Valid Loss 0.5105, EMA Val 0.4911
2026-03-26 04:56:06,043 Epoch 21: Train Loss 0.5401, Valid Loss 0.5042, EMA Val 0.4950
2026-03-26 04:56:29,634 Epoch 22: Train Loss 0.5191, Valid Loss 0.4965, EMA Val 0.4955
2026-03-26 04:56:53,137 Epoch 23: Train Loss 0.5596, Valid Loss 0.5378, EMA Val 0.5082
2026-03-26 04:57:16,622 Epoch 24: Train Loss 0.5319, Valid Loss 0.4975, EMA Val 0.5050
2026-03-26 04:57:40,122 Epoch 25: Train Loss 0.5268, Valid Loss 0.5287, EMA Val 0.5121
2026-03-26 04:57:40,123 ----- Save last epoch model - L1: 0.5121 -----
2026-03-26 04:57:40,156 last saved model is in epoch 25
2026-03-26 04:57:41,815 Test Loss 0.5744
2026-03-26 04:57:46,439 {
    "dataset": "c12",
    "data_dropout": 0.0,
    "epochs": 25,
    "freeze_epochs": 5,
    "lr": 0.001,
    "d_model": 32,
    "seed": 42,
    "batch_size": 64,
    "dropout": 0.1,
    "save_model": true,
    "save_dir": "./export/c12\\smart-smile-lean-no-film\\seed_42",
    "pretrain_dir": null,
    "local_rank": 0,
    "e_layers": 2,
    "n_heads": 4,
    "time_dim": 16,
    "use_film": false,
    "use_smile": false,
    "use_smile_film": false,
    "use_mnar": false,
    "use_smile_v2": false,
    "use_smile_v2_film": false,
    "use_smile_lean": true,
    "use_smile_lean_samepretrain": false,
    "obs_density_window": 5,
    "abl_no_density": false,
    "abl_no_mnar_bias": false,
    "abl_no_film": true,
    "abl_no_time_mnar": false,
    "abl_no_time_pe": false,
    "smile_no_mnar": false,
    "smile_no_curriculum": false,
    "smile_mask_type": "all",
    "smile_mnar_dropout": 0.05,
    "smile_mnar_dropout_initial": 0.0,
    "smile_stratified": false
}
2026-03-26 04:57:48,061 Dataset Loaded.
2026-03-26 04:57:49,000 Class weights: [0.5820587277412415, 3.546597719192505]
2026-03-26 04:57:49,014 last saved model is in epoch 25
2026-03-26 04:57:59,690 [[689 345]
 [ 31 133]]
2026-03-26 04:57:59,695 AUC of ROC = 0.7966
2026-03-26 04:57:59,695 AUC of PRC = 0.3750
2026-03-26 04:57:59,695 min(+P, Se) = 0.4085
2026-03-26 04:57:59,695 f1_score = 0.4416 (threshold = -0.8869)
2026-03-26 04:57:59,695 Epoch 1: Train Loss 0.6695, Valid Loss 0.5415
2026-03-26 04:57:59,696 ----- Save best model - auprc: 0.3750 -----
2026-03-26 04:58:10,058 [[917 117]
 [ 83  81]]
2026-03-26 04:58:10,062 AUC of ROC = 0.8137
2026-03-26 04:58:10,063 AUC of PRC = 0.3957
2026-03-26 04:58:10,063 min(+P, Se) = 0.4268
2026-03-26 04:58:10,063 f1_score = 0.4672 (threshold = -1.2391)
2026-03-26 04:58:10,063 Epoch 2: Train Loss 0.6193, Valid Loss 0.5598
2026-03-26 04:58:10,064 ----- Save best model - auprc: 0.3957 -----
2026-03-26 04:58:20,464 [[883 151]
 [ 69  95]]
2026-03-26 04:58:20,467 AUC of ROC = 0.8185
2026-03-26 04:58:20,468 AUC of PRC = 0.3935
2026-03-26 04:58:20,468 min(+P, Se) = 0.4262
2026-03-26 04:58:20,468 f1_score = 0.4659 (threshold = -0.9658)
2026-03-26 04:58:20,469 Epoch 3: Train Loss 0.5912, Valid Loss 0.5297
2026-03-26 04:58:30,906 [[826 208]
 [ 54 110]]
2026-03-26 04:58:30,909 AUC of ROC = 0.8230
2026-03-26 04:58:30,909 AUC of PRC = 0.4191
2026-03-26 04:58:30,910 min(+P, Se) = 0.4368
2026-03-26 04:58:30,910 f1_score = 0.4732 (threshold = -0.8136)
2026-03-26 04:58:30,910 Epoch 4: Train Loss 0.5815, Valid Loss 0.5065
2026-03-26 04:58:30,911 ----- Save best model - auprc: 0.4191 -----
2026-03-26 04:58:41,362 [[827 207]
 [ 51 113]]
2026-03-26 04:58:41,365 AUC of ROC = 0.8266
2026-03-26 04:58:41,366 AUC of PRC = 0.4197
2026-03-26 04:58:41,366 min(+P, Se) = 0.4226
2026-03-26 04:58:41,366 f1_score = 0.4802 (threshold = -0.5724)
2026-03-26 04:58:41,367 Epoch 5: Train Loss 0.5909, Valid Loss 0.5016
2026-03-26 04:58:41,368 ----- Save best model - auprc: 0.4197 -----
2026-03-26 04:58:57,871 [[665 369]
 [ 16 148]]
2026-03-26 04:58:57,875 AUC of ROC = 0.8537
2026-03-26 04:58:57,875 AUC of PRC = 0.4985
2026-03-26 04:58:57,875 min(+P, Se) = 0.5122
2026-03-26 04:58:57,876 f1_score = 0.5193 (threshold = 0.1621)
2026-03-26 04:58:57,876 Epoch 6: Train Loss 0.5552, Valid Loss 0.5085
2026-03-26 04:58:57,877 ----- Save best model - auprc: 0.4985 -----
2026-03-26 04:59:14,277 [[721 313]
 [ 24 140]]
2026-03-26 04:59:14,281 AUC of ROC = 0.8588
2026-03-26 04:59:14,281 AUC of PRC = 0.5188
2026-03-26 04:59:14,281 min(+P, Se) = 0.5061
2026-03-26 04:59:14,281 f1_score = 0.5176 (threshold = 0.0673)
2026-03-26 04:59:14,282 Epoch 7: Train Loss 0.5218, Valid Loss 0.4812
2026-03-26 04:59:14,282 ----- Save best model - auprc: 0.5188 -----
2026-03-26 04:59:30,707 [[591 443]
 [ 10 154]]
2026-03-26 04:59:30,710 AUC of ROC = 0.8639
2026-03-26 04:59:30,710 AUC of PRC = 0.5293
2026-03-26 04:59:30,710 min(+P, Se) = 0.5305
2026-03-26 04:59:30,710 f1_score = 0.5419 (threshold = 0.1779)
2026-03-26 04:59:30,711 Epoch 8: Train Loss 0.5121, Valid Loss 0.5340
2026-03-26 04:59:30,711 ----- Save best model - auprc: 0.5293 -----
2026-03-26 04:59:47,176 [[843 191]
 [ 38 126]]
2026-03-26 04:59:47,180 AUC of ROC = 0.8720
2026-03-26 04:59:47,181 AUC of PRC = 0.5554
2026-03-26 04:59:47,181 min(+P, Se) = 0.5183
2026-03-26 04:59:47,181 f1_score = 0.5467 (threshold = -0.4451)
2026-03-26 04:59:47,182 Epoch 9: Train Loss 0.5151, Valid Loss 0.4444
2026-03-26 04:59:47,183 ----- Save best model - auprc: 0.5554 -----
2026-03-26 05:00:03,870 [[679 355]
 [ 20 144]]
2026-03-26 05:00:03,873 AUC of ROC = 0.8716
2026-03-26 05:00:03,873 AUC of PRC = 0.5507
2026-03-26 05:00:03,873 min(+P, Se) = 0.5305
2026-03-26 05:00:03,874 f1_score = 0.5609 (threshold = 0.4421)
2026-03-26 05:00:03,874 Epoch 10: Train Loss 0.4885, Valid Loss 0.4948
2026-03-26 05:00:20,552 [[791 243]
 [ 28 136]]
2026-03-26 05:00:20,556 AUC of ROC = 0.8761
2026-03-26 05:00:20,556 AUC of PRC = 0.5628
2026-03-26 05:00:20,556 min(+P, Se) = 0.5549
2026-03-26 05:00:20,557 f1_score = 0.5574 (threshold = 0.3664)
2026-03-26 05:00:20,557 Epoch 11: Train Loss 0.4968, Valid Loss 0.4456
2026-03-26 05:00:20,558 ----- Save best model - auprc: 0.5628 -----
2026-03-26 05:00:37,224 [[796 238]
 [ 30 134]]
2026-03-26 05:00:37,228 AUC of ROC = 0.8746
2026-03-26 05:00:37,228 AUC of PRC = 0.5589
2026-03-26 05:00:37,228 min(+P, Se) = 0.5333
2026-03-26 05:00:37,229 f1_score = 0.5484 (threshold = 0.4083)
2026-03-26 05:00:37,229 Epoch 12: Train Loss 0.4856, Valid Loss 0.4448
2026-03-26 05:00:53,928 [[761 273]
 [ 26 138]]
2026-03-26 05:00:53,931 AUC of ROC = 0.8767
2026-03-26 05:00:53,932 AUC of PRC = 0.5642
2026-03-26 05:00:53,932 min(+P, Se) = 0.5549
2026-03-26 05:00:53,932 f1_score = 0.5651 (threshold = 0.1910)
2026-03-26 05:00:53,933 Epoch 13: Train Loss 0.4794, Valid Loss 0.4466
2026-03-26 05:00:53,933 ----- Save best model - auprc: 0.5642 -----
2026-03-26 05:01:10,728 [[930 104]
 [ 64 100]]
2026-03-26 05:01:10,731 AUC of ROC = 0.8770
2026-03-26 05:01:10,732 AUC of PRC = 0.5664
2026-03-26 05:01:10,732 min(+P, Se) = 0.5427
2026-03-26 05:01:10,732 f1_score = 0.5504 (threshold = -0.1275)
2026-03-26 05:01:10,732 Epoch 14: Train Loss 0.4710, Valid Loss 0.4687
2026-03-26 05:01:10,733 ----- Save best model - auprc: 0.5664 -----
2026-03-26 05:01:27,267 [[779 255]
 [ 28 136]]
2026-03-26 05:01:27,270 AUC of ROC = 0.8809
2026-03-26 05:01:27,270 AUC of PRC = 0.5693
2026-03-26 05:01:27,271 min(+P, Se) = 0.5357
2026-03-26 05:01:27,271 f1_score = 0.5632 (threshold = 0.3610)
2026-03-26 05:01:27,271 Epoch 15: Train Loss 0.4684, Valid Loss 0.4403
2026-03-26 05:01:27,272 ----- Save best model - auprc: 0.5693 -----
2026-03-26 05:01:43,826 [[893 141]
 [ 46 118]]
2026-03-26 05:01:43,829 AUC of ROC = 0.8822
2026-03-26 05:01:43,829 AUC of PRC = 0.5724
2026-03-26 05:01:43,829 min(+P, Se) = 0.5305
2026-03-26 05:01:43,830 f1_score = 0.5608 (threshold = -0.0460)
2026-03-26 05:01:43,830 Epoch 16: Train Loss 0.4633, Valid Loss 0.4458
2026-03-26 05:01:43,831 ----- Save best model - auprc: 0.5724 -----
2026-03-26 05:02:00,562 [[758 276]
 [ 26 138]]
2026-03-26 05:02:00,565 AUC of ROC = 0.8784
2026-03-26 05:02:00,565 AUC of PRC = 0.5673
2026-03-26 05:02:00,566 min(+P, Se) = 0.5488
2026-03-26 05:02:00,566 f1_score = 0.5653 (threshold = 0.2864)
2026-03-26 05:02:00,566 Epoch 17: Train Loss 0.4592, Valid Loss 0.4471
2026-03-26 05:02:17,286 [[789 245]
 [ 27 137]]
2026-03-26 05:02:17,289 AUC of ROC = 0.8832
2026-03-26 05:02:17,289 AUC of PRC = 0.5736
2026-03-26 05:02:17,290 min(+P, Se) = 0.5549
2026-03-26 05:02:17,290 f1_score = 0.5688 (threshold = 0.3366)
2026-03-26 05:02:17,290 Epoch 18: Train Loss 0.4630, Valid Loss 0.4329
2026-03-26 05:02:17,291 ----- Save best model - auprc: 0.5736 -----
2026-03-26 05:02:33,995 [[837 197]
 [ 33 131]]
2026-03-26 05:02:33,999 AUC of ROC = 0.8812
2026-03-26 05:02:33,999 AUC of PRC = 0.5760
2026-03-26 05:02:33,999 min(+P, Se) = 0.5488
2026-03-26 05:02:34,000 f1_score = 0.5644 (threshold = -0.1018)
2026-03-26 05:02:34,000 Epoch 19: Train Loss 0.4514, Valid Loss 0.4289
2026-03-26 05:02:34,001 ----- Save best model - auprc: 0.5760 -----
2026-03-26 05:02:50,509 [[781 253]
 [ 25 139]]
2026-03-26 05:02:50,512 AUC of ROC = 0.8812
2026-03-26 05:02:50,513 AUC of PRC = 0.5685
2026-03-26 05:02:50,513 min(+P, Se) = 0.5610
2026-03-26 05:02:50,514 f1_score = 0.5663 (threshold = 0.3184)
2026-03-26 05:02:50,515 Epoch 20: Train Loss 0.4489, Valid Loss 0.4344
2026-03-26 05:03:07,079 [[792 242]
 [ 28 136]]
2026-03-26 05:03:07,082 AUC of ROC = 0.8817
2026-03-26 05:03:07,082 AUC of PRC = 0.5680
2026-03-26 05:03:07,082 min(+P, Se) = 0.5515
2026-03-26 05:03:07,083 f1_score = 0.5546 (threshold = 0.3333)
2026-03-26 05:03:07,083 Epoch 21: Train Loss 0.4460, Valid Loss 0.4321
2026-03-26 05:03:23,597 [[803 231]
 [ 29 135]]
2026-03-26 05:03:23,601 AUC of ROC = 0.8815
2026-03-26 05:03:23,601 AUC of PRC = 0.5712
2026-03-26 05:03:23,601 min(+P, Se) = 0.5576
2026-03-26 05:03:23,601 f1_score = 0.5593 (threshold = 0.2968)
2026-03-26 05:03:23,602 Epoch 22: Train Loss 0.4404, Valid Loss 0.4305
2026-03-26 05:03:39,965 [[791 243]
 [ 26 138]]
2026-03-26 05:03:39,969 AUC of ROC = 0.8825
2026-03-26 05:03:39,969 AUC of PRC = 0.5733
2026-03-26 05:03:39,970 min(+P, Se) = 0.5610
2026-03-26 05:03:39,970 f1_score = 0.5644 (threshold = 0.3659)
2026-03-26 05:03:39,971 Epoch 23: Train Loss 0.4406, Valid Loss 0.4317
2026-03-26 05:03:56,395 [[811 223]
 [ 28 136]]
2026-03-26 05:03:56,398 AUC of ROC = 0.8824
2026-03-26 05:03:56,399 AUC of PRC = 0.5728
2026-03-26 05:03:56,399 min(+P, Se) = 0.5562
2026-03-26 05:03:56,399 f1_score = 0.5646 (threshold = 0.2590)
2026-03-26 05:03:56,400 Epoch 24: Train Loss 0.4402, Valid Loss 0.4276
2026-03-26 05:04:12,679 [[808 226]
 [ 27 137]]
2026-03-26 05:04:12,682 AUC of ROC = 0.8821
2026-03-26 05:04:12,682 AUC of PRC = 0.5726
2026-03-26 05:04:12,683 min(+P, Se) = 0.5549
2026-03-26 05:04:12,683 f1_score = 0.5629 (threshold = 0.2641)
2026-03-26 05:04:12,683 Epoch 25: Train Loss 0.4369, Valid Loss 0.4285
2026-03-26 05:04:12,698 last saved model is in epoch 19
2026-03-26 05:04:13,780 [[829 180]
 [ 47 144]]
2026-03-26 05:04:13,783 AUC of ROC = 0.8607
2026-03-26 05:04:13,783 AUC of PRC = 0.5621
2026-03-26 05:04:13,783 min(+P, Se) = 0.5417
2026-03-26 05:04:13,784 f1_score = 0.5623 (threshold = -0.0220)
2026-03-26 05:04:13,784 Test Loss 0.4768
