2026-04-15 17:02:16,373 {
    "dataset": "c19",
    "data_dropout": 0.0,
    "epochs": 25,
    "lr": 0.001,
    "d_model": 32,
    "seed": 3407,
    "batch_size": 64,
    "dropout": 0.1,
    "save_model": true,
    "save_dir": "./export/c19/smart-smile-lean-no-mnar-bias-no-time-mnar/seed_3407",
    "local_rank": 0,
    "min_mask_ratio": 0.15,
    "max_mask_ratio": 0.75,
    "e_layers": 2,
    "n_heads": 4,
    "time_dim": 16,
    "use_film": false,
    "use_smile": false,
    "use_smile_film": false,
    "use_smile_v2": false,
    "use_smile_v2_film": false,
    "use_smile_lean": true,
    "use_smile_lean_samepretrain": false,
    "use_mnar": false,
    "save_last": true,
    "smile_no_mnar": false,
    "smile_no_curriculum": false,
    "smile_mask_type": "all",
    "smile_mnar_dropout": 0.05,
    "obs_density_window": 5,
    "abl_no_density": false,
    "abl_no_mnar_bias": true,
    "abl_no_film": false,
    "abl_no_time_mnar": true,
    "abl_no_time_pe": false,
    "pretrain_mask_mode": "fixed",
    "ratio_temperature": 1.0,
    "smile_stratified": false,
    "smile_mask_weights": null
}
2026-04-15 17:02:21,361 Dataset Loaded.
2026-04-15 17:02:21,362 system_groups: {'Vital_Basic': 7, 'Resp_Gas': 7, 'Liver_Enzyme': 2, 'Renal': 3, 'Coagulation': 3, 'CBC': 3, 'Bilirubin': 2}
2026-04-15 17:03:00,498 Epoch 1: Train Loss 0.0813, Valid Loss 0.0260, EMA Val 0.0260
2026-04-15 17:03:36,722 Epoch 2: Train Loss 0.0584, Valid Loss 0.0235, EMA Val 0.0252
2026-04-15 17:04:13,911 Epoch 3: Train Loss 0.0494, Valid Loss 0.0217, EMA Val 0.0242
2026-04-15 17:04:49,910 Epoch 4: Train Loss 0.0441, Valid Loss 0.0203, EMA Val 0.0230
2026-04-15 17:05:27,090 Epoch 5: Train Loss 0.0418, Valid Loss 0.0209, EMA Val 0.0224
2026-04-15 17:06:04,074 Epoch 6: Train Loss 0.0425, Valid Loss 0.0231, EMA Val 0.0226
2026-04-15 17:06:41,179 Epoch 7: Train Loss 0.0451, Valid Loss 0.0249, EMA Val 0.0233
2026-04-15 17:07:19,175 Epoch 8: Train Loss 0.0480, Valid Loss 0.0253, EMA Val 0.0239
2026-04-15 17:07:56,026 Epoch 9: Train Loss 0.0508, Valid Loss 0.0278, EMA Val 0.0250
2026-04-15 17:08:32,489 Epoch 10: Train Loss 0.0531, Valid Loss 0.0282, EMA Val 0.0260
2026-04-15 17:09:09,891 Epoch 11: Train Loss 0.0560, Valid Loss 0.0304, EMA Val 0.0273
2026-04-15 17:09:48,296 Epoch 12: Train Loss 0.0586, Valid Loss 0.0320, EMA Val 0.0287
2026-04-15 17:10:24,330 Epoch 13: Train Loss 0.0618, Valid Loss 0.0335, EMA Val 0.0302
2026-04-15 17:11:04,848 Epoch 14: Train Loss 0.0656, Valid Loss 0.0353, EMA Val 0.0317
2026-04-15 17:11:45,148 Epoch 15: Train Loss 0.0692, Valid Loss 0.0367, EMA Val 0.0332
2026-04-15 17:12:25,073 Epoch 16: Train Loss 0.0712, Valid Loss 0.0389, EMA Val 0.0349
2026-04-15 17:13:04,419 Epoch 17: Train Loss 0.0732, Valid Loss 0.0397, EMA Val 0.0364
2026-04-15 17:13:43,286 Epoch 18: Train Loss 0.0766, Valid Loss 0.0390, EMA Val 0.0372
2026-04-15 17:14:21,893 Epoch 19: Train Loss 0.0791, Valid Loss 0.0418, EMA Val 0.0386
2026-04-15 17:15:00,246 Epoch 20: Train Loss 0.0830, Valid Loss 0.0453, EMA Val 0.0406
2026-04-15 17:15:37,861 Epoch 21: Train Loss 0.0866, Valid Loss 0.0454, EMA Val 0.0420
2026-04-15 17:16:17,162 Epoch 22: Train Loss 0.0902, Valid Loss 0.0455, EMA Val 0.0431
2026-04-15 17:16:57,657 Epoch 23: Train Loss 0.0937, Valid Loss 0.0490, EMA Val 0.0449
2026-04-15 17:17:36,377 Epoch 24: Train Loss 0.0965, Valid Loss 0.0495, EMA Val 0.0463
2026-04-15 17:18:15,401 Epoch 25: Train Loss 0.0982, Valid Loss 0.0505, EMA Val 0.0475
2026-04-15 17:18:15,403 ----- Save last epoch model - L1: 0.0475 -----
2026-04-15 17:18:15,460 last saved model is in epoch 25
2026-04-15 17:18:18,926 Test Loss 0.0514
2026-04-15 17:18:27,633 {
    "dataset": "c19",
    "data_dropout": 0.0,
    "epochs": 25,
    "freeze_epochs": 5,
    "lr": 0.001,
    "d_model": 32,
    "seed": 3407,
    "batch_size": 64,
    "dropout": 0.1,
    "save_model": true,
    "save_dir": "./export/c19/smart-smile-lean-no-mnar-bias-no-time-mnar/seed_3407",
    "pretrain_dir": null,
    "local_rank": 0,
    "e_layers": 2,
    "n_heads": 4,
    "time_dim": 16,
    "use_film": false,
    "use_smile": false,
    "use_smile_film": false,
    "use_mnar": false,
    "use_smile_v2": false,
    "use_smile_v2_film": false,
    "use_smile_lean": true,
    "use_smile_lean_samepretrain": false,
    "obs_density_window": 5,
    "abl_no_density": false,
    "abl_no_mnar_bias": true,
    "abl_no_film": false,
    "abl_no_time_mnar": true,
    "abl_no_time_pe": false,
    "smile_no_mnar": false,
    "smile_no_curriculum": false,
    "smile_mask_type": "all",
    "smile_mnar_dropout": 0.05,
    "smile_mnar_dropout_initial": 0.0,
    "smile_stratified": false
}
2026-04-15 17:18:32,497 Dataset Loaded.
2026-04-15 17:18:34,722 Class weights: [0.5393641591072083, 6.850955486297607]
2026-04-15 17:18:34,736 last saved model is in epoch 25
2026-04-15 17:19:01,905 [[2794  944]
 [  51  244]]
2026-04-15 17:19:01,911 AUC of ROC = 0.8600
2026-04-15 17:19:01,911 AUC of PRC = 0.3719
2026-04-15 17:19:01,911 min(+P, Se) = 0.3898
2026-04-15 17:19:01,911 f1_score = 0.4004 (threshold = 0.5564)
2026-04-15 17:19:01,912 Epoch 1: Train Loss 0.5539, Valid Loss 0.4711
2026-04-15 17:19:01,912 ----- Save best model - auprc: 0.3719 -----
2026-04-15 17:19:29,287 [[3539  199]
 [ 137  158]]
2026-04-15 17:19:29,294 AUC of ROC = 0.8916
2026-04-15 17:19:29,294 AUC of PRC = 0.4275
2026-04-15 17:19:29,295 min(+P, Se) = 0.4749
2026-04-15 17:19:29,295 f1_score = 0.4913 (threshold = 0.0966)
2026-04-15 17:19:29,295 Epoch 2: Train Loss 0.4921, Valid Loss 0.4984
2026-04-15 17:19:29,296 ----- Save best model - auprc: 0.4275 -----
2026-04-15 17:19:58,305 [[3293  445]
 [  64  231]]
2026-04-15 17:19:58,312 AUC of ROC = 0.9081
2026-04-15 17:19:58,312 AUC of PRC = 0.4999
2026-04-15 17:19:58,312 min(+P, Se) = 0.5254
2026-04-15 17:19:58,312 f1_score = 0.5357 (threshold = 0.6173)
2026-04-15 17:19:58,313 Epoch 3: Train Loss 0.4650, Valid Loss 0.3873
2026-04-15 17:19:58,313 ----- Save best model - auprc: 0.4999 -----
2026-04-15 17:20:27,208 [[3216  522]
 [  53  242]]
2026-04-15 17:20:27,214 AUC of ROC = 0.9143
2026-04-15 17:20:27,214 AUC of PRC = 0.4997
2026-04-15 17:20:27,215 min(+P, Se) = 0.5220
2026-04-15 17:20:27,215 f1_score = 0.5508 (threshold = 0.5477)
2026-04-15 17:20:27,215 Epoch 4: Train Loss 0.4420, Valid Loss 0.3731
2026-04-15 17:20:55,601 [[3419  319]
 [  73  222]]
2026-04-15 17:20:55,607 AUC of ROC = 0.9181
2026-04-15 17:20:55,607 AUC of PRC = 0.5337
2026-04-15 17:20:55,607 min(+P, Se) = 0.5581
2026-04-15 17:20:55,607 f1_score = 0.5737 (threshold = 0.5395)
2026-04-15 17:20:55,608 Epoch 5: Train Loss 0.4307, Valid Loss 0.3805
2026-04-15 17:20:55,608 ----- Save best model - auprc: 0.5337 -----
2026-04-15 17:21:27,744 [[3360  378]
 [  44  251]]
2026-04-15 17:21:27,750 AUC of ROC = 0.9488
2026-04-15 17:21:27,750 AUC of PRC = 0.6987
2026-04-15 17:21:27,751 min(+P, Se) = 0.6712
2026-04-15 17:21:27,751 f1_score = 0.6770 (threshold = 0.8700)
2026-04-15 17:21:27,751 Epoch 6: Train Loss 0.4013, Valid Loss 0.2881
2026-04-15 17:21:27,752 ----- Save best model - auprc: 0.6987 -----
2026-04-15 17:21:59,776 [[3503  235]
 [  53  242]]
2026-04-15 17:21:59,782 AUC of ROC = 0.9628
2026-04-15 17:21:59,783 AUC of PRC = 0.7555
2026-04-15 17:21:59,783 min(+P, Se) = 0.7220
2026-04-15 17:21:59,783 f1_score = 0.7266 (threshold = 0.6827)
2026-04-15 17:21:59,784 Epoch 7: Train Loss 0.3211, Valid Loss 0.2565
2026-04-15 17:21:59,784 ----- Save best model - auprc: 0.7555 -----
2026-04-15 17:22:31,639 [[3507  231]
 [  60  235]]
2026-04-15 17:22:31,645 AUC of ROC = 0.9560
2026-04-15 17:22:31,645 AUC of PRC = 0.6735
2026-04-15 17:22:31,645 min(+P, Se) = 0.6588
2026-04-15 17:22:31,646 f1_score = 0.6701 (threshold = 0.7471)
2026-04-15 17:22:31,646 Epoch 8: Train Loss 0.3034, Valid Loss 0.2826
2026-04-15 17:23:03,772 [[3450  288]
 [  38  257]]
2026-04-15 17:23:03,778 AUC of ROC = 0.9667
2026-04-15 17:23:03,778 AUC of PRC = 0.7812
2026-04-15 17:23:03,778 min(+P, Se) = 0.7288
2026-04-15 17:23:03,779 f1_score = 0.7319 (threshold = 0.9653)
2026-04-15 17:23:03,779 Epoch 9: Train Loss 0.2826, Valid Loss 0.2369
2026-04-15 17:23:03,780 ----- Save best model - auprc: 0.7812 -----
2026-04-15 17:23:34,550 [[3281  457]
 [  23  272]]
2026-04-15 17:23:34,555 AUC of ROC = 0.9646
2026-04-15 17:23:34,555 AUC of PRC = 0.7758
2026-04-15 17:23:34,556 min(+P, Se) = 0.7186
2026-04-15 17:23:34,556 f1_score = 0.7199 (threshold = 1.3126)
2026-04-15 17:23:34,556 Epoch 10: Train Loss 0.2786, Valid Loss 0.2580
2026-04-15 17:24:06,736 [[3357  381]
 [  29  266]]
2026-04-15 17:24:06,741 AUC of ROC = 0.9628
2026-04-15 17:24:06,741 AUC of PRC = 0.7687
2026-04-15 17:24:06,741 min(+P, Se) = 0.7119
2026-04-15 17:24:06,741 f1_score = 0.7176 (threshold = 1.1769)
2026-04-15 17:24:06,742 Epoch 11: Train Loss 0.2596, Valid Loss 0.2508
2026-04-15 17:24:37,848 [[3183  555]
 [  25  270]]
2026-04-15 17:24:37,854 AUC of ROC = 0.9626
2026-04-15 17:24:37,855 AUC of PRC = 0.7846
2026-04-15 17:24:37,855 min(+P, Se) = 0.7254
2026-04-15 17:24:37,855 f1_score = 0.7292 (threshold = 1.4129)
2026-04-15 17:24:37,856 Epoch 12: Train Loss 0.2536, Valid Loss 0.2700
2026-04-15 17:24:37,856 ----- Save best model - auprc: 0.7846 -----
2026-04-15 17:25:08,967 [[3508  230]
 [  51  244]]
2026-04-15 17:25:08,973 AUC of ROC = 0.9617
2026-04-15 17:25:08,973 AUC of PRC = 0.7764
2026-04-15 17:25:08,973 min(+P, Se) = 0.7176
2026-04-15 17:25:08,973 f1_score = 0.7258 (threshold = 0.6455)
2026-04-15 17:25:08,974 Epoch 13: Train Loss 0.2468, Valid Loss 0.2625
2026-04-15 17:25:41,254 [[3179  559]
 [  17  278]]
2026-04-15 17:25:41,260 AUC of ROC = 0.9633
2026-04-15 17:25:41,260 AUC of PRC = 0.7821
2026-04-15 17:25:41,261 min(+P, Se) = 0.7124
2026-04-15 17:25:41,261 f1_score = 0.7194 (threshold = 1.5546)
2026-04-15 17:25:41,261 Epoch 14: Train Loss 0.2400, Valid Loss 0.2745
2026-04-15 17:26:12,896 [[3272  466]
 [  30  265]]
2026-04-15 17:26:12,901 AUC of ROC = 0.9592
2026-04-15 17:26:12,902 AUC of PRC = 0.7676
2026-04-15 17:26:12,902 min(+P, Se) = 0.7090
2026-04-15 17:26:12,902 f1_score = 0.7138 (threshold = 1.3721)
2026-04-15 17:26:12,902 Epoch 15: Train Loss 0.2262, Valid Loss 0.2703
2026-04-15 17:26:44,600 [[3544  194]
 [  52  243]]
2026-04-15 17:26:44,606 AUC of ROC = 0.9608
2026-04-15 17:26:44,606 AUC of PRC = 0.7853
2026-04-15 17:26:44,606 min(+P, Se) = 0.7254
2026-04-15 17:26:44,606 f1_score = 0.7320 (threshold = 0.6746)
2026-04-15 17:26:44,607 Epoch 16: Train Loss 0.2144, Valid Loss 0.2774
2026-04-15 17:26:44,607 ----- Save best model - auprc: 0.7853 -----
2026-04-15 17:27:16,088 [[3546  192]
 [  54  241]]
2026-04-15 17:27:16,093 AUC of ROC = 0.9643
2026-04-15 17:27:16,094 AUC of PRC = 0.7903
2026-04-15 17:27:16,094 min(+P, Se) = 0.7220
2026-04-15 17:27:16,094 f1_score = 0.7335 (threshold = 1.0368)
2026-04-15 17:27:16,094 Epoch 17: Train Loss 0.2074, Valid Loss 0.2742
2026-04-15 17:27:16,095 ----- Save best model - auprc: 0.7903 -----
2026-04-15 17:27:47,139 [[3499  239]
 [  50  245]]
2026-04-15 17:27:47,144 AUC of ROC = 0.9603
2026-04-15 17:27:47,144 AUC of PRC = 0.7885
2026-04-15 17:27:47,144 min(+P, Se) = 0.7119
2026-04-15 17:27:47,144 f1_score = 0.7236 (threshold = 1.2485)
2026-04-15 17:27:47,145 Epoch 18: Train Loss 0.1972, Valid Loss 0.2788
2026-04-15 17:28:19,156 [[3435  303]
 [  38  257]]
2026-04-15 17:28:19,162 AUC of ROC = 0.9630
2026-04-15 17:28:19,163 AUC of PRC = 0.7927
2026-04-15 17:28:19,163 min(+P, Se) = 0.7119
2026-04-15 17:28:19,163 f1_score = 0.7276 (threshold = 1.3849)
2026-04-15 17:28:19,164 Epoch 19: Train Loss 0.1858, Valid Loss 0.2564
2026-04-15 17:28:19,164 ----- Save best model - auprc: 0.7927 -----
2026-04-15 17:28:50,887 [[3435  303]
 [  39  256]]
2026-04-15 17:28:50,893 AUC of ROC = 0.9631
2026-04-15 17:28:50,893 AUC of PRC = 0.7952
2026-04-15 17:28:50,893 min(+P, Se) = 0.7254
2026-04-15 17:28:50,893 f1_score = 0.7409 (threshold = 1.2478)
2026-04-15 17:28:50,894 Epoch 20: Train Loss 0.1757, Valid Loss 0.2641
2026-04-15 17:28:50,894 ----- Save best model - auprc: 0.7952 -----
2026-04-15 17:29:22,847 [[3490  248]
 [  44  251]]
2026-04-15 17:29:22,853 AUC of ROC = 0.9601
2026-04-15 17:29:22,853 AUC of PRC = 0.7880
2026-04-15 17:29:22,853 min(+P, Se) = 0.7220
2026-04-15 17:29:22,854 f1_score = 0.7296 (threshold = 1.2380)
2026-04-15 17:29:22,854 Epoch 21: Train Loss 0.1662, Valid Loss 0.2821
2026-04-15 17:29:53,743 [[3476  262]
 [  44  251]]
2026-04-15 17:29:53,749 AUC of ROC = 0.9619
2026-04-15 17:29:53,749 AUC of PRC = 0.7897
2026-04-15 17:29:53,750 min(+P, Se) = 0.7128
2026-04-15 17:29:53,750 f1_score = 0.7342 (threshold = 1.2406)
2026-04-15 17:29:53,750 Epoch 22: Train Loss 0.1626, Valid Loss 0.2710
2026-04-15 17:30:26,908 [[3488  250]
 [  48  247]]
2026-04-15 17:30:26,913 AUC of ROC = 0.9605
2026-04-15 17:30:26,913 AUC of PRC = 0.7909
2026-04-15 17:30:26,914 min(+P, Se) = 0.7322
2026-04-15 17:30:26,914 f1_score = 0.7363 (threshold = 0.9727)
2026-04-15 17:30:26,914 Epoch 23: Train Loss 0.1545, Valid Loss 0.2842
2026-04-15 17:30:58,732 [[3462  276]
 [  43  252]]
2026-04-15 17:30:58,738 AUC of ROC = 0.9622
2026-04-15 17:30:58,739 AUC of PRC = 0.7929
2026-04-15 17:30:58,739 min(+P, Se) = 0.7282
2026-04-15 17:30:58,739 f1_score = 0.7370 (threshold = 1.2877)
2026-04-15 17:30:58,740 Epoch 24: Train Loss 0.1546, Valid Loss 0.2732
2026-04-15 17:31:30,133 [[3492  246]
 [  48  247]]
2026-04-15 17:31:30,139 AUC of ROC = 0.9620
2026-04-15 17:31:30,140 AUC of PRC = 0.7933
2026-04-15 17:31:30,140 min(+P, Se) = 0.7322
2026-04-15 17:31:30,140 f1_score = 0.7368 (threshold = 1.1385)
2026-04-15 17:31:30,141 Epoch 25: Train Loss 0.1499, Valid Loss 0.2823
2026-04-15 17:31:30,149 last saved model is in epoch 20
2026-04-15 17:31:32,845 [[3475  277]
 [  29  253]]
2026-04-15 17:31:32,850 AUC of ROC = 0.9630
2026-04-15 17:31:32,850 AUC of PRC = 0.8142
2026-04-15 17:31:32,851 min(+P, Se) = 0.7668
2026-04-15 17:31:32,851 f1_score = 0.7690 (threshold = 1.1417)
2026-04-15 17:31:32,851 Test Loss 0.2536
