2026-03-05 12:55:56,171 {
    "dataset": "c12",
    "data_dropout": 0.0,
    "epochs": 25,
    "lr": 0.001,
    "d_model": 32,
    "seed": 1,
    "batch_size": 256,
    "dropout": 0.1,
    "save_model": true,
    "save_dir": "./export/c12\\smart-mnar\\seed_1",
    "local_rank": 0,
    "min_mask_ratio": 0.0,
    "max_mask_ratio": 0.75,
    "e_layers": 2,
    "n_heads": 4,
    "time_dim": 16,
    "use_film": false,
    "use_smile": false,
    "use_mnar": true,
    "save_last": true,
    "smile_no_mnar": false,
    "smile_no_curriculum": false,
    "smile_mask_type": "all",
    "smile_mnar_dropout": 0.05
}
2026-03-05 12:55:57,303 Dataset Loaded.
2026-03-05 13:33:02,988 {
    "dataset": "c12",
    "data_dropout": 0.0,
    "epochs": 25,
    "lr": 0.001,
    "d_model": 32,
    "seed": 1,
    "batch_size": 256,
    "dropout": 0.1,
    "save_model": true,
    "save_dir": "./export/c12\\smart-mnar\\seed_1",
    "local_rank": 0,
    "min_mask_ratio": 0.0,
    "max_mask_ratio": 0.75,
    "e_layers": 2,
    "n_heads": 4,
    "time_dim": 16,
    "use_film": false,
    "use_smile": false,
    "use_mnar": true,
    "save_last": true,
    "smile_no_mnar": false,
    "smile_no_curriculum": false,
    "smile_mask_type": "all",
    "smile_mnar_dropout": 0.05
}
2026-03-05 13:33:04,001 Dataset Loaded.
2026-03-05 13:33:29,171 Epoch 1: Train Loss 13.5383, Valid Loss 8.5202
2026-03-05 13:33:53,107 Epoch 2: Train Loss 6.5731, Valid Loss 3.6483
2026-03-05 13:34:17,549 Epoch 3: Train Loss 4.1207, Valid Loss 2.9972
2026-03-05 13:34:42,553 Epoch 4: Train Loss 3.5085, Valid Loss 2.5290
2026-03-05 13:35:07,093 Epoch 5: Train Loss 3.0330, Valid Loss 2.1984
2026-03-05 13:35:31,393 Epoch 6: Train Loss 2.6869, Valid Loss 1.9745
2026-03-05 13:35:55,293 Epoch 7: Train Loss 2.4265, Valid Loss 1.7810
2026-03-05 13:36:19,252 Epoch 8: Train Loss 2.2257, Valid Loss 1.6243
2026-03-05 13:36:43,331 Epoch 9: Train Loss 2.0730, Valid Loss 1.4843
2026-03-05 13:37:07,474 Epoch 10: Train Loss 1.9306, Valid Loss 1.4000
2026-03-05 13:37:32,388 Epoch 11: Train Loss 1.8292, Valid Loss 1.3052
2026-03-05 13:37:56,804 Epoch 12: Train Loss 1.7208, Valid Loss 1.2215
2026-03-05 13:38:20,981 Epoch 13: Train Loss 1.6275, Valid Loss 1.1389
2026-03-05 13:38:45,785 Epoch 14: Train Loss 1.5748, Valid Loss 1.0916
2026-03-05 13:39:10,085 Epoch 15: Train Loss 1.5477, Valid Loss 1.0523
2026-03-05 13:39:34,752 Epoch 16: Train Loss 1.4969, Valid Loss 1.0217
2026-03-05 13:39:59,756 Epoch 17: Train Loss 1.4616, Valid Loss 0.9714
2026-03-05 13:40:24,283 Epoch 18: Train Loss 1.4488, Valid Loss 0.9767
2026-03-05 13:40:48,492 Epoch 19: Train Loss 1.4183, Valid Loss 0.9642
2026-03-05 13:41:12,972 Epoch 20: Train Loss 1.3975, Valid Loss 0.9400
2026-03-05 13:41:37,308 Epoch 21: Train Loss 1.3849, Valid Loss 0.9415
2026-03-05 13:42:01,433 Epoch 22: Train Loss 1.3735, Valid Loss 0.8877
2026-03-05 13:42:25,957 Epoch 23: Train Loss 1.3584, Valid Loss 0.9035
2026-03-05 13:42:50,595 Epoch 24: Train Loss 1.3457, Valid Loss 0.8806
2026-03-05 13:43:15,034 Epoch 25: Train Loss 1.3581, Valid Loss 0.8808
2026-03-05 13:43:15,035 ----- Save last epoch model - L1: 0.8808 -----
2026-03-05 13:43:15,087 last saved model is in epoch 25
2026-03-05 13:43:16,895 Test Loss 0.9624
2026-03-05 13:43:22,784 {
    "dataset": "c12",
    "data_dropout": 0.0,
    "epochs": 25,
    "freeze_epochs": 5,
    "lr": 0.001,
    "d_model": 32,
    "seed": 1,
    "batch_size": 256,
    "dropout": 0.1,
    "save_model": true,
    "save_dir": "./export/c12\\smart-mnar\\seed_1",
    "local_rank": 0,
    "e_layers": 2,
    "n_heads": 4,
    "time_dim": 16,
    "use_film": false,
    "use_smile": false,
    "use_mnar": true,
    "smile_no_mnar": false,
    "smile_no_curriculum": false,
    "smile_mask_type": "all",
    "smile_mnar_dropout": 0.05
}
2026-03-05 13:43:24,571 Dataset Loaded.
2026-03-05 13:43:27,992 last saved model is in epoch 25
2026-03-05 13:43:39,915 [[1000   33]
 [ 138   27]]
2026-03-05 13:43:39,919 AUC of ROC = 0.7301
2026-03-05 13:43:39,919 AUC of PRC = 0.3114
2026-03-05 13:43:39,919 min(+P, Se) = 0.3697
2026-03-05 13:43:39,919 f1_score = 0.2400
2026-03-05 13:43:39,919 Epoch 1: Train Loss 0.6806, Valid Loss 0.3646
2026-03-05 13:43:39,920 ----- Save best model - auprc: 0.3114 -----
2026-03-05 13:43:50,932 [[1029    4]
 [ 161    4]]
2026-03-05 13:43:50,936 AUC of ROC = 0.7485
2026-03-05 13:43:50,937 AUC of PRC = 0.3247
2026-03-05 13:43:50,937 min(+P, Se) = 0.3583
2026-03-05 13:43:50,937 f1_score = 0.0462
2026-03-05 13:43:50,939 Epoch 2: Train Loss 0.3811, Valid Loss 0.3468
2026-03-05 13:43:50,940 ----- Save best model - auprc: 0.3247 -----
2026-03-05 13:44:02,036 [[987  46]
 [122  43]]
2026-03-05 13:44:02,040 AUC of ROC = 0.7681
2026-03-05 13:44:02,041 AUC of PRC = 0.3505
2026-03-05 13:44:02,041 min(+P, Se) = 0.3758
2026-03-05 13:44:02,041 f1_score = 0.3386
2026-03-05 13:44:02,041 Epoch 3: Train Loss 0.3583, Valid Loss 0.3510
2026-03-05 13:44:02,044 ----- Save best model - auprc: 0.3505 -----
2026-03-05 13:44:12,928 [[1019   14]
 [ 143   22]]
2026-03-05 13:44:12,932 AUC of ROC = 0.7778
2026-03-05 13:44:12,932 AUC of PRC = 0.3572
2026-03-05 13:44:12,932 min(+P, Se) = 0.3882
2026-03-05 13:44:12,932 f1_score = 0.2189
2026-03-05 13:44:12,933 Epoch 4: Train Loss 0.3583, Valid Loss 0.3318
2026-03-05 13:44:12,933 ----- Save best model - auprc: 0.3572 -----
2026-03-05 13:44:23,881 [[979  54]
 [122  43]]
2026-03-05 13:44:23,885 AUC of ROC = 0.7867
2026-03-05 13:44:23,885 AUC of PRC = 0.3624
2026-03-05 13:44:23,885 min(+P, Se) = 0.3905
2026-03-05 13:44:23,885 f1_score = 0.3282
2026-03-05 13:44:23,886 Epoch 5: Train Loss 0.3611, Valid Loss 0.3422
2026-03-05 13:44:23,886 ----- Save best model - auprc: 0.3624 -----
2026-03-05 13:44:41,262 [[998  35]
 [123  42]]
2026-03-05 13:44:41,266 AUC of ROC = 0.8170
2026-03-05 13:44:41,266 AUC of PRC = 0.4320
2026-03-05 13:44:41,266 min(+P, Se) = 0.4606
2026-03-05 13:44:41,267 f1_score = 0.3471
2026-03-05 13:44:41,267 Epoch 6: Train Loss 0.3793, Valid Loss 0.3205
2026-03-05 13:44:41,268 ----- Save best model - auprc: 0.4320 -----
2026-03-05 13:44:58,588 [[1010   23]
 [ 134   31]]
2026-03-05 13:44:58,593 AUC of ROC = 0.8267
2026-03-05 13:44:58,593 AUC of PRC = 0.4535
2026-03-05 13:44:58,593 min(+P, Se) = 0.4727
2026-03-05 13:44:58,593 f1_score = 0.2831
2026-03-05 13:44:58,594 Epoch 7: Train Loss 0.3301, Valid Loss 0.3090
2026-03-05 13:44:58,597 ----- Save best model - auprc: 0.4535 -----
2026-03-05 13:45:15,831 [[1004   29]
 [ 121   44]]
2026-03-05 13:45:15,834 AUC of ROC = 0.8319
2026-03-05 13:45:15,836 AUC of PRC = 0.4676
2026-03-05 13:45:15,837 min(+P, Se) = 0.4848
2026-03-05 13:45:15,837 f1_score = 0.3697
2026-03-05 13:45:15,838 Epoch 8: Train Loss 0.3195, Valid Loss 0.3048
2026-03-05 13:45:15,838 ----- Save best model - auprc: 0.4676 -----
2026-03-05 13:45:32,986 [[1015   18]
 [ 135   30]]
2026-03-05 13:45:32,990 AUC of ROC = 0.8344
2026-03-05 13:45:32,990 AUC of PRC = 0.4604
2026-03-05 13:45:32,990 min(+P, Se) = 0.4593
2026-03-05 13:45:32,991 f1_score = 0.2817
2026-03-05 13:45:32,991 Epoch 9: Train Loss 0.3120, Valid Loss 0.3137
2026-03-05 13:45:50,044 [[1001   32]
 [ 120   45]]
2026-03-05 13:45:50,048 AUC of ROC = 0.8378
2026-03-05 13:45:50,048 AUC of PRC = 0.4778
2026-03-05 13:45:50,048 min(+P, Se) = 0.4821
2026-03-05 13:45:50,049 f1_score = 0.3719
2026-03-05 13:45:50,049 Epoch 10: Train Loss 0.3120, Valid Loss 0.3025
2026-03-05 13:45:50,050 ----- Save best model - auprc: 0.4778 -----
2026-03-05 13:46:07,087 [[1003   30]
 [ 112   53]]
2026-03-05 13:46:07,090 AUC of ROC = 0.8385
2026-03-05 13:46:07,090 AUC of PRC = 0.4818
2026-03-05 13:46:07,091 min(+P, Se) = 0.4909
2026-03-05 13:46:07,091 f1_score = 0.4274
2026-03-05 13:46:07,092 Epoch 11: Train Loss 0.3150, Valid Loss 0.3009
2026-03-05 13:46:07,093 ----- Save best model - auprc: 0.4818 -----
2026-03-05 13:46:24,177 [[1025    8]
 [ 148   17]]
2026-03-05 13:46:24,180 AUC of ROC = 0.8307
2026-03-05 13:46:24,180 AUC of PRC = 0.4615
2026-03-05 13:46:24,181 min(+P, Se) = 0.4778
2026-03-05 13:46:24,181 f1_score = 0.1789
2026-03-05 13:46:24,181 Epoch 12: Train Loss 0.3147, Valid Loss 0.3157
2026-03-05 13:46:41,400 [[944  89]
 [ 89  76]]
2026-03-05 13:46:41,403 AUC of ROC = 0.8385
2026-03-05 13:46:41,403 AUC of PRC = 0.4743
2026-03-05 13:46:41,404 min(+P, Se) = 0.4699
2026-03-05 13:46:41,404 f1_score = 0.4606
2026-03-05 13:46:41,405 Epoch 13: Train Loss 0.3121, Valid Loss 0.3311
2026-03-05 13:46:58,496 [[996  37]
 [109  56]]
2026-03-05 13:46:58,499 AUC of ROC = 0.8391
2026-03-05 13:46:58,499 AUC of PRC = 0.4789
2026-03-05 13:46:58,500 min(+P, Se) = 0.4788
2026-03-05 13:46:58,500 f1_score = 0.4341
2026-03-05 13:46:58,500 Epoch 14: Train Loss 0.3099, Valid Loss 0.3032
2026-03-05 13:47:15,431 [[990  43]
 [103  62]]
2026-03-05 13:47:15,435 AUC of ROC = 0.8367
2026-03-05 13:47:15,435 AUC of PRC = 0.4743
2026-03-05 13:47:15,435 min(+P, Se) = 0.4727
2026-03-05 13:47:15,435 f1_score = 0.4593
2026-03-05 13:47:15,436 Epoch 15: Train Loss 0.3037, Valid Loss 0.3061
2026-03-05 13:47:32,575 [[991  42]
 [103  62]]
2026-03-05 13:47:32,578 AUC of ROC = 0.8425
2026-03-05 13:47:32,579 AUC of PRC = 0.4884
2026-03-05 13:47:32,579 min(+P, Se) = 0.4888
2026-03-05 13:47:32,579 f1_score = 0.4610
2026-03-05 13:47:32,580 Epoch 16: Train Loss 0.3038, Valid Loss 0.3027
2026-03-05 13:47:32,581 ----- Save best model - auprc: 0.4884 -----
2026-03-05 13:47:49,551 [[1012   21]
 [ 123   42]]
2026-03-05 13:47:49,554 AUC of ROC = 0.8399
2026-03-05 13:47:49,554 AUC of PRC = 0.4784
2026-03-05 13:47:49,554 min(+P, Se) = 0.4884
2026-03-05 13:47:49,554 f1_score = 0.3684
2026-03-05 13:47:49,555 Epoch 17: Train Loss 0.3020, Valid Loss 0.2998
2026-03-05 13:48:06,480 [[1011   22]
 [ 122   43]]
2026-03-05 13:48:06,483 AUC of ROC = 0.8430
2026-03-05 13:48:06,484 AUC of PRC = 0.4930
2026-03-05 13:48:06,484 min(+P, Se) = 0.4918
2026-03-05 13:48:06,484 f1_score = 0.3739
2026-03-05 13:48:06,485 Epoch 18: Train Loss 0.3014, Valid Loss 0.2988
2026-03-05 13:48:06,486 ----- Save best model - auprc: 0.4930 -----
2026-03-05 13:48:23,436 [[1007   26]
 [ 115   50]]
2026-03-05 13:48:23,439 AUC of ROC = 0.8357
2026-03-05 13:48:23,440 AUC of PRC = 0.4844
2026-03-05 13:48:23,440 min(+P, Se) = 0.4912
2026-03-05 13:48:23,440 f1_score = 0.4149
2026-03-05 13:48:23,441 Epoch 19: Train Loss 0.3023, Valid Loss 0.3025
2026-03-05 13:48:40,634 [[1021   12]
 [ 134   31]]
2026-03-05 13:48:40,638 AUC of ROC = 0.8332
2026-03-05 13:48:40,638 AUC of PRC = 0.4879
2026-03-05 13:48:40,638 min(+P, Se) = 0.4788
2026-03-05 13:48:40,639 f1_score = 0.2981
2026-03-05 13:48:40,639 Epoch 20: Train Loss 0.3052, Valid Loss 0.3092
2026-03-05 13:48:57,617 [[996  37]
 [104  61]]
2026-03-05 13:48:57,620 AUC of ROC = 0.8454
2026-03-05 13:48:57,621 AUC of PRC = 0.4915
2026-03-05 13:48:57,621 min(+P, Se) = 0.4970
2026-03-05 13:48:57,621 f1_score = 0.4639
2026-03-05 13:48:57,621 Epoch 21: Train Loss 0.3002, Valid Loss 0.2980
2026-03-05 13:49:14,495 [[1022   11]
 [ 142   23]]
2026-03-05 13:49:14,498 AUC of ROC = 0.8345
2026-03-05 13:49:14,498 AUC of PRC = 0.4744
2026-03-05 13:49:14,499 min(+P, Se) = 0.4611
2026-03-05 13:49:14,499 f1_score = 0.2312
2026-03-05 13:49:14,500 Epoch 22: Train Loss 0.3003, Valid Loss 0.3068
2026-03-05 13:49:31,652 [[1012   21]
 [ 122   43]]
2026-03-05 13:49:31,656 AUC of ROC = 0.8406
2026-03-05 13:49:31,657 AUC of PRC = 0.4894
2026-03-05 13:49:31,657 min(+P, Se) = 0.5000
2026-03-05 13:49:31,657 f1_score = 0.3755
2026-03-05 13:49:31,658 Epoch 23: Train Loss 0.2978, Valid Loss 0.2985
2026-03-05 13:49:48,775 [[967  66]
 [ 95  70]]
2026-03-05 13:49:48,778 AUC of ROC = 0.8405
2026-03-05 13:49:48,778 AUC of PRC = 0.4806
2026-03-05 13:49:48,778 min(+P, Se) = 0.4788
2026-03-05 13:49:48,778 f1_score = 0.4651
2026-03-05 13:49:48,779 Epoch 24: Train Loss 0.2991, Valid Loss 0.3125
2026-03-05 13:50:05,711 [[1003   30]
 [ 118   47]]
2026-03-05 13:50:05,715 AUC of ROC = 0.8423
2026-03-05 13:50:05,715 AUC of PRC = 0.4951
2026-03-05 13:50:05,716 min(+P, Se) = 0.4940
2026-03-05 13:50:05,716 f1_score = 0.3884
2026-03-05 13:50:05,716 Epoch 25: Train Loss 0.2996, Valid Loss 0.2961
2026-03-05 13:50:05,717 ----- Save best model - auprc: 0.4951 -----
2026-03-05 13:50:05,757 last saved model is in epoch 25
2026-03-05 13:50:06,921 [[993  36]
 [129  42]]
2026-03-05 13:50:06,924 AUC of ROC = 0.8242
2026-03-05 13:50:06,924 AUC of PRC = 0.4427
2026-03-05 13:50:06,924 min(+P, Se) = 0.4419
2026-03-05 13:50:06,924 f1_score = 0.3373
2026-03-05 13:50:06,924 Test Loss 0.3209
