2026-03-05 16:18:37,358 {
    "dataset": "c12",
    "data_dropout": 0.0,
    "epochs": 25,
    "lr": 0.001,
    "d_model": 32,
    "seed": 2024,
    "batch_size": 256,
    "dropout": 0.1,
    "save_model": true,
    "save_dir": "./export/c12\\smart-smile\\seed_2024",
    "local_rank": 0,
    "min_mask_ratio": 0.0,
    "max_mask_ratio": 0.75,
    "e_layers": 2,
    "n_heads": 4,
    "time_dim": 16,
    "use_film": false,
    "use_smile": true,
    "use_mnar": false,
    "save_last": false,
    "smile_no_mnar": false,
    "smile_no_curriculum": false,
    "smile_mask_type": "all",
    "smile_mnar_dropout": 0.05
}
2026-03-05 16:18:38,654 Dataset Loaded.
2026-03-05 16:18:38,654 SMILE system_groups: {'cardiovascular': 4, 'respiratory': 6, 'lab': 27}
2026-03-05 16:19:46,962 Epoch 1: Train Loss 11.2772, Valid Loss 6.4586
2026-03-05 16:19:46,962 ----- Save best model - L1: 6.4586 -----
2026-03-05 16:20:08,474 Epoch 2: Train Loss 4.9641, Valid Loss 3.0071
2026-03-05 16:20:08,475 ----- Save best model - L1: 3.0071 -----
2026-03-05 16:20:29,775 Epoch 3: Train Loss 3.5919, Valid Loss 2.6014
2026-03-05 16:20:29,776 ----- Save best model - L1: 2.6014 -----
2026-03-05 16:20:50,893 Epoch 4: Train Loss 3.0056, Valid Loss 2.1723
2026-03-05 16:20:50,894 ----- Save best model - L1: 2.1723 -----
2026-03-05 16:21:12,399 Epoch 5: Train Loss 2.6353, Valid Loss 1.8592
2026-03-05 16:21:12,400 ----- Save best model - L1: 1.8592 -----
2026-03-05 16:21:33,713 Epoch 6: Train Loss 2.3437, Valid Loss 1.7049
2026-03-05 16:21:33,714 ----- Save best model - L1: 1.7049 -----
2026-03-05 16:21:54,810 Epoch 7: Train Loss 2.1802, Valid Loss 1.5750
2026-03-05 16:21:54,811 ----- Save best model - L1: 1.5750 -----
2026-03-05 16:22:15,847 Epoch 8: Train Loss 2.0742, Valid Loss 1.5078
2026-03-05 16:22:15,848 ----- Save best model - L1: 1.5078 -----
2026-03-05 16:22:37,165 Epoch 9: Train Loss 1.9299, Valid Loss 1.4119
2026-03-05 16:22:37,166 ----- Save best model - L1: 1.4119 -----
2026-03-05 16:22:58,230 Epoch 10: Train Loss 1.8710, Valid Loss 1.2828
2026-03-05 16:22:58,231 ----- Save best model - L1: 1.2828 -----
2026-03-05 16:23:19,293 Epoch 11: Train Loss 1.8113, Valid Loss 1.2080
2026-03-05 16:23:19,294 ----- Save best model - L1: 1.2080 -----
2026-03-05 16:23:40,705 Epoch 12: Train Loss 1.7150, Valid Loss 1.2064
2026-03-05 16:23:40,705 ----- Save best model - L1: 1.2064 -----
2026-03-05 16:24:01,905 Epoch 13: Train Loss 1.6982, Valid Loss 1.1226
2026-03-05 16:24:01,906 ----- Save best model - L1: 1.1226 -----
2026-03-05 16:24:23,267 Epoch 14: Train Loss 1.6459, Valid Loss 1.1145
2026-03-05 16:24:23,267 ----- Save best model - L1: 1.1145 -----
2026-03-05 16:24:44,586 Epoch 15: Train Loss 1.6326, Valid Loss 1.0973
2026-03-05 16:24:44,587 ----- Save best model - L1: 1.0973 -----
2026-03-05 16:25:05,687 Epoch 16: Train Loss 1.6345, Valid Loss 1.0910
2026-03-05 16:25:05,688 ----- Save best model - L1: 1.0910 -----
2026-03-05 16:25:26,825 Epoch 17: Train Loss 1.6038, Valid Loss 1.0292
2026-03-05 16:25:26,825 ----- Save best model - L1: 1.0292 -----
2026-03-05 16:25:48,063 Epoch 18: Train Loss 1.5624, Valid Loss 1.0359
2026-03-05 16:26:09,097 Epoch 19: Train Loss 1.5741, Valid Loss 1.0384
2026-03-05 16:26:30,900 Epoch 20: Train Loss 1.5504, Valid Loss 1.0271
2026-03-05 16:26:30,901 ----- Save best model - L1: 1.0271 -----
2026-03-05 16:26:52,202 Epoch 21: Train Loss 1.5506, Valid Loss 1.0457
2026-03-05 16:27:13,396 Epoch 22: Train Loss 1.5339, Valid Loss 1.0191
2026-03-05 16:27:13,396 ----- Save best model - L1: 1.0191 -----
2026-03-05 16:27:34,920 Epoch 23: Train Loss 1.5226, Valid Loss 0.9893
2026-03-05 16:27:34,920 ----- Save best model - L1: 0.9893 -----
2026-03-05 16:27:56,005 Epoch 24: Train Loss 1.5287, Valid Loss 1.0278
2026-03-05 16:28:17,012 Epoch 25: Train Loss 1.5155, Valid Loss 0.9791
2026-03-05 16:28:17,012 ----- Save best model - L1: 0.9791 -----
2026-03-05 16:28:17,049 last saved model is in epoch 25
2026-03-05 16:28:18,520 Test Loss 1.0934
2026-03-05 16:28:25,967 {
    "dataset": "c12",
    "data_dropout": 0.0,
    "epochs": 25,
    "freeze_epochs": 5,
    "lr": 0.001,
    "d_model": 32,
    "seed": 2024,
    "batch_size": 256,
    "dropout": 0.1,
    "save_model": true,
    "save_dir": "./export/c12\\smart-smile\\seed_2024",
    "local_rank": 0,
    "e_layers": 2,
    "n_heads": 4,
    "time_dim": 16,
    "use_film": false,
    "use_smile": true,
    "use_mnar": false,
    "smile_no_mnar": false,
    "smile_no_curriculum": false,
    "smile_mask_type": "all",
    "smile_mnar_dropout": 0.05
}
2026-03-05 16:28:27,595 Dataset Loaded.
2026-03-05 16:28:29,886 last saved model is in epoch 25
2026-03-05 16:28:39,063 [[1029    2]
 [ 166    1]]
2026-03-05 16:28:39,066 AUC of ROC = 0.6912
2026-03-05 16:28:39,067 AUC of PRC = 0.2628
2026-03-05 16:28:39,067 min(+P, Se) = 0.2800
2026-03-05 16:28:39,067 f1_score = 0.0118
2026-03-05 16:28:39,067 Epoch 1: Train Loss 0.4669, Valid Loss 0.3955
2026-03-05 16:28:39,068 ----- Save best model - auprc: 0.2628 -----
2026-03-05 16:28:47,265 [[1005   26]
 [ 126   41]]
2026-03-05 16:28:47,267 AUC of ROC = 0.7211
2026-03-05 16:28:47,267 AUC of PRC = 0.3256
2026-03-05 16:28:47,267 min(+P, Se) = 0.3772
2026-03-05 16:28:47,267 f1_score = 0.3504
2026-03-05 16:28:47,268 Epoch 2: Train Loss 0.3902, Valid Loss 0.3283
2026-03-05 16:28:47,268 ----- Save best model - auprc: 0.3256 -----
2026-03-05 16:28:55,422 [[1014   17]
 [ 139   28]]
2026-03-05 16:28:55,423 AUC of ROC = 0.7097
2026-03-05 16:28:55,424 AUC of PRC = 0.2975
2026-03-05 16:28:55,424 min(+P, Se) = 0.3353
2026-03-05 16:28:55,424 f1_score = 0.2642
2026-03-05 16:28:55,424 Epoch 3: Train Loss 0.3645, Valid Loss 0.3197
2026-03-05 16:29:03,473 [[1026    5]
 [ 157   10]]
2026-03-05 16:29:03,475 AUC of ROC = 0.7265
2026-03-05 16:29:03,475 AUC of PRC = 0.3238
2026-03-05 16:29:03,475 min(+P, Se) = 0.3713
2026-03-05 16:29:03,476 f1_score = 0.1099
2026-03-05 16:29:03,476 Epoch 4: Train Loss 0.3612, Valid Loss 0.3327
2026-03-05 16:29:11,552 [[945  86]
 [ 91  76]]
2026-03-05 16:29:11,554 AUC of ROC = 0.7534
2026-03-05 16:29:11,554 AUC of PRC = 0.3549
2026-03-05 16:29:11,554 min(+P, Se) = 0.3609
2026-03-05 16:29:11,554 f1_score = 0.4620
2026-03-05 16:29:11,555 Epoch 5: Train Loss 0.3625, Valid Loss 0.3556
2026-03-05 16:29:11,555 ----- Save best model - auprc: 0.3549 -----
2026-03-05 16:29:25,976 [[1020   11]
 [ 141   26]]
2026-03-05 16:29:25,978 AUC of ROC = 0.8268
2026-03-05 16:29:25,978 AUC of PRC = 0.4841
2026-03-05 16:29:25,978 min(+P, Se) = 0.4773
2026-03-05 16:29:25,978 f1_score = 0.2549
2026-03-05 16:29:25,979 Epoch 6: Train Loss 0.3670, Valid Loss 0.3061
2026-03-05 16:29:25,979 ----- Save best model - auprc: 0.4841 -----
2026-03-05 16:29:40,516 [[1013   18]
 [ 129   38]]
2026-03-05 16:29:40,517 AUC of ROC = 0.8313
2026-03-05 16:29:40,518 AUC of PRC = 0.5172
2026-03-05 16:29:40,518 min(+P, Se) = 0.5179
2026-03-05 16:29:40,518 f1_score = 0.3408
2026-03-05 16:29:40,518 Epoch 7: Train Loss 0.3351, Valid Loss 0.2933
2026-03-05 16:29:40,518 ----- Save best model - auprc: 0.5172 -----
2026-03-05 16:29:54,842 [[1001   30]
 [ 122   45]]
2026-03-05 16:29:54,843 AUC of ROC = 0.8418
2026-03-05 16:29:54,843 AUC of PRC = 0.5227
2026-03-05 16:29:54,844 min(+P, Se) = 0.4911
2026-03-05 16:29:54,844 f1_score = 0.3719
2026-03-05 16:29:54,844 Epoch 8: Train Loss 0.3268, Valid Loss 0.2888
2026-03-05 16:29:54,844 ----- Save best model - auprc: 0.5227 -----
2026-03-05 16:30:09,300 [[1017   14]
 [ 133   34]]
2026-03-05 16:30:09,301 AUC of ROC = 0.8508
2026-03-05 16:30:09,302 AUC of PRC = 0.5215
2026-03-05 16:30:09,302 min(+P, Se) = 0.5000
2026-03-05 16:30:09,302 f1_score = 0.3163
2026-03-05 16:30:09,302 Epoch 9: Train Loss 0.3311, Valid Loss 0.2905
2026-03-05 16:30:23,664 [[1020   11]
 [ 137   30]]
2026-03-05 16:30:23,666 AUC of ROC = 0.8541
2026-03-05 16:30:23,666 AUC of PRC = 0.5411
2026-03-05 16:30:23,666 min(+P, Se) = 0.5210
2026-03-05 16:30:23,667 f1_score = 0.2885
2026-03-05 16:30:23,667 Epoch 10: Train Loss 0.3186, Valid Loss 0.2927
2026-03-05 16:30:23,667 ----- Save best model - auprc: 0.5411 -----
2026-03-05 16:30:38,288 [[1008   23]
 [ 120   47]]
2026-03-05 16:30:38,290 AUC of ROC = 0.8579
2026-03-05 16:30:38,290 AUC of PRC = 0.5538
2026-03-05 16:30:38,290 min(+P, Se) = 0.5529
2026-03-05 16:30:38,290 f1_score = 0.3966
2026-03-05 16:30:38,291 Epoch 11: Train Loss 0.3196, Valid Loss 0.2860
2026-03-05 16:30:38,291 ----- Save best model - auprc: 0.5538 -----
2026-03-05 16:30:52,695 [[1017   14]
 [ 136   31]]
2026-03-05 16:30:52,696 AUC of ROC = 0.8592
2026-03-05 16:30:52,697 AUC of PRC = 0.5492
2026-03-05 16:30:52,697 min(+P, Se) = 0.5389
2026-03-05 16:30:52,697 f1_score = 0.2925
2026-03-05 16:30:52,697 Epoch 12: Train Loss 0.3145, Valid Loss 0.2912
2026-03-05 16:31:06,980 [[1018   13]
 [ 133   34]]
2026-03-05 16:31:06,982 AUC of ROC = 0.8528
2026-03-05 16:31:06,982 AUC of PRC = 0.5358
2026-03-05 16:31:06,982 min(+P, Se) = 0.5238
2026-03-05 16:31:06,982 f1_score = 0.3178
2026-03-05 16:31:06,982 Epoch 13: Train Loss 0.3154, Valid Loss 0.2876
2026-03-05 16:31:21,314 [[1015   16]
 [ 129   38]]
2026-03-05 16:31:21,316 AUC of ROC = 0.8633
2026-03-05 16:31:21,316 AUC of PRC = 0.5613
2026-03-05 16:31:21,316 min(+P, Se) = 0.5389
2026-03-05 16:31:21,316 f1_score = 0.3439
2026-03-05 16:31:21,316 Epoch 14: Train Loss 0.3092, Valid Loss 0.2834
2026-03-05 16:31:21,317 ----- Save best model - auprc: 0.5613 -----
2026-03-05 16:31:35,867 [[1000   31]
 [ 109   58]]
2026-03-05 16:31:35,868 AUC of ROC = 0.8607
2026-03-05 16:31:35,869 AUC of PRC = 0.5615
2026-03-05 16:31:35,869 min(+P, Se) = 0.5509
2026-03-05 16:31:35,869 f1_score = 0.4531
2026-03-05 16:31:35,869 Epoch 15: Train Loss 0.3057, Valid Loss 0.2780
2026-03-05 16:31:35,870 ----- Save best model - auprc: 0.5615 -----
2026-03-05 16:31:50,206 [[1013   18]
 [ 128   39]]
2026-03-05 16:31:50,208 AUC of ROC = 0.8639
2026-03-05 16:31:50,208 AUC of PRC = 0.5552
2026-03-05 16:31:50,208 min(+P, Se) = 0.5357
2026-03-05 16:31:50,208 f1_score = 0.3482
2026-03-05 16:31:50,209 Epoch 16: Train Loss 0.3082, Valid Loss 0.2845
2026-03-05 16:32:04,513 [[995  36]
 [102  65]]
2026-03-05 16:32:04,515 AUC of ROC = 0.8701
2026-03-05 16:32:04,515 AUC of PRC = 0.5718
2026-03-05 16:32:04,515 min(+P, Se) = 0.5509
2026-03-05 16:32:04,515 f1_score = 0.4851
2026-03-05 16:32:04,516 Epoch 17: Train Loss 0.3154, Valid Loss 0.2808
2026-03-05 16:32:04,516 ----- Save best model - auprc: 0.5718 -----
2026-03-05 16:32:18,809 [[1006   25]
 [ 112   55]]
2026-03-05 16:32:18,811 AUC of ROC = 0.8634
2026-03-05 16:32:18,811 AUC of PRC = 0.5660
2026-03-05 16:32:18,811 min(+P, Se) = 0.5389
2026-03-05 16:32:18,811 f1_score = 0.4453
2026-03-05 16:32:18,811 Epoch 18: Train Loss 0.3044, Valid Loss 0.2767
2026-03-05 16:32:33,342 [[1002   29]
 [ 111   56]]
2026-03-05 16:32:33,343 AUC of ROC = 0.8649
2026-03-05 16:32:33,343 AUC of PRC = 0.5678
2026-03-05 16:32:33,344 min(+P, Se) = 0.5476
2026-03-05 16:32:33,344 f1_score = 0.4444
2026-03-05 16:32:33,344 Epoch 19: Train Loss 0.3017, Valid Loss 0.2776
2026-03-05 16:32:47,685 [[1002   29]
 [ 112   55]]
2026-03-05 16:32:47,687 AUC of ROC = 0.8657
2026-03-05 16:32:47,687 AUC of PRC = 0.5713
2026-03-05 16:32:47,687 min(+P, Se) = 0.5417
2026-03-05 16:32:47,687 f1_score = 0.4382
2026-03-05 16:32:47,687 Epoch 20: Train Loss 0.3011, Valid Loss 0.2772
2026-03-05 16:33:01,939 [[993  38]
 [113  54]]
2026-03-05 16:33:01,940 AUC of ROC = 0.8702
2026-03-05 16:33:01,941 AUC of PRC = 0.5793
2026-03-05 16:33:01,941 min(+P, Se) = 0.5629
2026-03-05 16:33:01,941 f1_score = 0.4170
2026-03-05 16:33:01,941 Epoch 21: Train Loss 0.3037, Valid Loss 0.2790
2026-03-05 16:33:01,941 ----- Save best model - auprc: 0.5793 -----
2026-03-05 16:33:16,370 [[986  45]
 [105  62]]
2026-03-05 16:33:16,372 AUC of ROC = 0.8381
2026-03-05 16:33:16,372 AUC of PRC = 0.5109
2026-03-05 16:33:16,373 min(+P, Se) = 0.4790
2026-03-05 16:33:16,373 f1_score = 0.4526
2026-03-05 16:33:16,373 Epoch 22: Train Loss 0.3039, Valid Loss 0.2868
2026-03-05 16:33:30,864 [[1009   22]
 [ 117   50]]
2026-03-05 16:33:30,865 AUC of ROC = 0.8600
2026-03-05 16:33:30,865 AUC of PRC = 0.5574
2026-03-05 16:33:30,866 min(+P, Se) = 0.5329
2026-03-05 16:33:30,866 f1_score = 0.4184
2026-03-05 16:33:30,866 Epoch 23: Train Loss 0.3050, Valid Loss 0.2780
2026-03-05 16:33:45,482 [[992  39]
 [102  65]]
2026-03-05 16:33:45,484 AUC of ROC = 0.8661
2026-03-05 16:33:45,484 AUC of PRC = 0.5752
2026-03-05 16:33:45,484 min(+P, Se) = 0.5385
2026-03-05 16:33:45,484 f1_score = 0.4797
2026-03-05 16:33:45,484 Epoch 24: Train Loss 0.2959, Valid Loss 0.2788
2026-03-05 16:33:59,783 [[972  59]
 [ 91  76]]
2026-03-05 16:33:59,785 AUC of ROC = 0.8608
2026-03-05 16:33:59,785 AUC of PRC = 0.5658
2026-03-05 16:33:59,785 min(+P, Se) = 0.5294
2026-03-05 16:33:59,785 f1_score = 0.5033
2026-03-05 16:33:59,785 Epoch 25: Train Loss 0.2962, Valid Loss 0.2873
2026-03-05 16:33:59,800 last saved model is in epoch 21
2026-03-05 16:34:00,658 [[1009   30]
 [ 115   46]]
2026-03-05 16:34:00,661 AUC of ROC = 0.8449
2026-03-05 16:34:00,661 AUC of PRC = 0.4767
2026-03-05 16:34:00,661 min(+P, Se) = 0.4756
2026-03-05 16:34:00,661 f1_score = 0.3882
2026-03-05 16:34:00,661 Test Loss 0.2992
