2026-02-20 10:34:39,494 {
    "dataset": "c19",
    "data_dropout": 0.0,
    "epochs": 25,
    "freeze_epochs": 5,
    "lr": 0.001,
    "d_model": 32,
    "seed": 3407,
    "batch_size": 64,
    "dropout": 0.1,
    "save_model": true,
    "save_dir": "./export/c19/smart",
    "local_rank": 0,
    "e_layers": 2,
    "n_heads": 4,
    "time_dim": 16
}
2026-02-20 23:09:34,943 {
    "dataset": "c19",
    "data_dropout": 0.0,
    "epochs": 25,
    "freeze_epochs": 5,
    "lr": 0.001,
    "d_model": 32,
    "seed": 3407,
    "batch_size": 64,
    "dropout": 0.1,
    "save_model": true,
    "save_dir": "./export/c19/smart",
    "local_rank": 0,
    "e_layers": 2,
    "n_heads": 4,
    "time_dim": 16
}
2026-02-20 23:09:43,536 Dataset Loaded.
2026-02-20 23:45:31,315 {
    "dataset": "c19",
    "data_dropout": 0.0,
    "epochs": 25,
    "freeze_epochs": 5,
    "lr": 0.001,
    "d_model": 32,
    "seed": 3407,
    "batch_size": 64,
    "dropout": 0.1,
    "save_model": true,
    "save_dir": "./export/c19/smart",
    "local_rank": 0,
    "e_layers": 2,
    "n_heads": 4,
    "time_dim": 16
}
2026-02-20 23:45:40,947 Dataset Loaded.
2026-02-20 23:49:43,867 {
    "dataset": "c19",
    "data_dropout": 0.0,
    "epochs": 25,
    "lr": 0.001,
    "d_model": 32,
    "seed": 3407,
    "batch_size": 64,
    "dropout": 0.1,
    "save_model": true,
    "save_dir": "./export/c19/smart",
    "local_rank": 0,
    "min_mask_ratio": 0.0,
    "max_mask_ratio": 0.75,
    "e_layers": 2,
    "n_heads": 4,
    "time_dim": 16
}
2026-02-20 23:49:53,980 Dataset Loaded.
2026-02-20 23:51:19,720 Epoch 1: Train Loss 0.1096, Valid Loss 0.0265
2026-02-20 23:51:19,721 ----- Save best model - L1: 0.0265 -----
2026-02-20 23:51:54,590 {
    "dataset": "c19",
    "data_dropout": 0.0,
    "epochs": 25,
    "freeze_epochs": 5,
    "lr": 0.001,
    "d_model": 32,
    "seed": 3407,
    "batch_size": 64,
    "dropout": 0.1,
    "save_model": true,
    "save_dir": "./export/c19/smart",
    "local_rank": 0,
    "e_layers": 2,
    "n_heads": 4,
    "time_dim": 16
}
2026-02-20 23:52:18,692 {
    "dataset": "c19",
    "data_dropout": 0.0,
    "epochs": 25,
    "lr": 0.001,
    "d_model": 32,
    "seed": 3407,
    "batch_size": 64,
    "dropout": 0.1,
    "save_model": true,
    "save_dir": "./export/c19/smart",
    "local_rank": 0,
    "min_mask_ratio": 0.0,
    "max_mask_ratio": 0.75,
    "e_layers": 2,
    "n_heads": 4,
    "time_dim": 16
}
2026-02-20 23:52:27,544 Dataset Loaded.
2026-02-20 23:53:50,409 Epoch 1: Train Loss 0.1096, Valid Loss 0.0265
2026-02-20 23:53:50,409 ----- Save best model - L1: 0.0265 -----
2026-02-20 23:55:12,833 Epoch 2: Train Loss 0.0643, Valid Loss 0.0236
2026-02-20 23:55:12,834 ----- Save best model - L1: 0.0236 -----
2026-02-20 23:56:35,631 Epoch 3: Train Loss 0.0546, Valid Loss 0.0235
2026-02-20 23:56:35,633 ----- Save best model - L1: 0.0235 -----
2026-02-20 23:57:58,465 Epoch 4: Train Loss 0.0521, Valid Loss 0.0256
2026-02-20 23:59:21,254 Epoch 5: Train Loss 0.0529, Valid Loss 0.0270
2026-02-21 00:00:44,090 Epoch 6: Train Loss 0.0531, Valid Loss 0.0268
2026-02-21 00:02:06,854 Epoch 7: Train Loss 0.0519, Valid Loss 0.0260
2026-02-21 00:03:29,630 Epoch 8: Train Loss 0.0508, Valid Loss 0.0253
2026-02-21 00:04:52,603 Epoch 9: Train Loss 0.0499, Valid Loss 0.0239
2026-02-21 00:06:15,420 Epoch 10: Train Loss 0.0484, Valid Loss 0.0233
2026-02-21 00:06:15,421 ----- Save best model - L1: 0.0233 -----
2026-02-21 00:07:38,337 Epoch 11: Train Loss 0.0475, Valid Loss 0.0215
2026-02-21 00:07:38,338 ----- Save best model - L1: 0.0215 -----
2026-02-21 00:09:01,163 Epoch 12: Train Loss 0.0471, Valid Loss 0.0219
2026-02-21 00:10:24,059 Epoch 13: Train Loss 0.0475, Valid Loss 0.0215
2026-02-21 00:11:46,829 Epoch 14: Train Loss 0.0480, Valid Loss 0.0220
2026-02-21 00:13:09,731 Epoch 15: Train Loss 0.0492, Valid Loss 0.0230
2026-02-21 00:14:32,677 Epoch 16: Train Loss 0.0508, Valid Loss 0.0242
2026-02-21 00:15:55,866 Epoch 17: Train Loss 0.0525, Valid Loss 0.0246
2026-02-21 00:17:19,024 Epoch 18: Train Loss 0.0541, Valid Loss 0.0258
2026-02-21 00:18:41,950 Epoch 19: Train Loss 0.0554, Valid Loss 0.0261
2026-02-21 00:20:04,731 Epoch 20: Train Loss 0.0564, Valid Loss 0.0269
2026-02-21 00:21:27,631 Epoch 21: Train Loss 0.0573, Valid Loss 0.0264
2026-02-21 00:22:50,489 Epoch 22: Train Loss 0.0579, Valid Loss 0.0274
2026-02-21 00:24:13,355 Epoch 23: Train Loss 0.0582, Valid Loss 0.0269
2026-02-21 00:25:36,000 Epoch 24: Train Loss 0.0583, Valid Loss 0.0267
2026-02-21 00:26:58,737 Epoch 25: Train Loss 0.0585, Valid Loss 0.0265
2026-02-21 00:26:58,771 last saved model is in epoch 11
2026-02-21 00:27:04,802 Test Loss 0.0218
2026-02-21 00:27:08,789 {
    "dataset": "c19",
    "data_dropout": 0.0,
    "epochs": 25,
    "freeze_epochs": 5,
    "lr": 0.001,
    "d_model": 32,
    "seed": 3407,
    "batch_size": 64,
    "dropout": 0.1,
    "save_model": true,
    "save_dir": "./export/c19/smart",
    "local_rank": 0,
    "e_layers": 2,
    "n_heads": 4,
    "time_dim": 16
}
2026-02-21 00:27:18,132 Dataset Loaded.
2026-02-21 00:27:18,814 last saved model is in epoch 11
2026-02-21 00:27:50,537 [[3757    7]
 [ 242   27]]
2026-02-21 00:27:50,543 AUC of ROC = 0.8860
2026-02-21 00:27:50,543 AUC of PRC = 0.4640
2026-02-21 00:27:50,543 min(+P, Se) = 0.4870
2026-02-21 00:27:50,544 f1_score = 0.1782
2026-02-21 00:27:50,544 Epoch 1: Train Loss 0.2247, Valid Loss 0.1775
2026-02-21 00:27:50,544 ----- Save best model - auprc: 0.4640 -----
2026-02-21 00:28:22,234 [[3738   26]
 [ 203   66]]
2026-02-21 00:28:22,238 AUC of ROC = 0.8924
2026-02-21 00:28:22,239 AUC of PRC = 0.4863
2026-02-21 00:28:22,239 min(+P, Se) = 0.5037
2026-02-21 00:28:22,239 f1_score = 0.3657
2026-02-21 00:28:22,240 Epoch 2: Train Loss 0.1953, Valid Loss 0.1614
2026-02-21 00:28:22,240 ----- Save best model - auprc: 0.4863 -----
2026-02-21 00:28:53,962 [[3745   19]
 [ 206   63]]
2026-02-21 00:28:53,964 AUC of ROC = 0.8996
2026-02-21 00:28:53,965 AUC of PRC = 0.5097
2026-02-21 00:28:53,965 min(+P, Se) = 0.5037
2026-02-21 00:28:53,966 f1_score = 0.3590
2026-02-21 00:28:53,966 Epoch 3: Train Loss 0.1869, Valid Loss 0.1583
2026-02-21 00:28:53,966 ----- Save best model - auprc: 0.5097 -----
2026-02-21 00:29:25,816 [[3753   11]
 [ 228   41]]
2026-02-21 00:29:25,819 AUC of ROC = 0.8994
2026-02-21 00:29:25,820 AUC of PRC = 0.5160
2026-02-21 00:29:25,820 min(+P, Se) = 0.5201
2026-02-21 00:29:25,820 f1_score = 0.2555
2026-02-21 00:29:25,821 Epoch 4: Train Loss 0.1860, Valid Loss 0.1633
2026-02-21 00:29:25,821 ----- Save best model - auprc: 0.5160 -----
2026-02-21 00:29:57,770 [[3739   25]
 [ 192   77]]
2026-02-21 00:29:57,773 AUC of ROC = 0.9001
2026-02-21 00:29:57,773 AUC of PRC = 0.5234
2026-02-21 00:29:57,773 min(+P, Se) = 0.5279
2026-02-21 00:29:57,773 f1_score = 0.4151
2026-02-21 00:29:57,773 Epoch 5: Train Loss 0.1859, Valid Loss 0.1563
2026-02-21 00:29:57,774 ----- Save best model - auprc: 0.5234 -----
2026-02-21 00:30:53,725 [[3724   40]
 [ 101  168]]
2026-02-21 00:30:53,728 AUC of ROC = 0.9521
2026-02-21 00:30:53,728 AUC of PRC = 0.7652
2026-02-21 00:30:53,729 min(+P, Se) = 0.7037
2026-02-21 00:30:53,729 f1_score = 0.7044
2026-02-21 00:30:53,730 Epoch 6: Train Loss 0.1572, Valid Loss 0.1072
2026-02-21 00:30:53,731 ----- Save best model - auprc: 0.7652 -----
2026-02-21 00:31:49,734 [[3709   55]
 [  84  185]]
2026-02-21 00:31:49,739 AUC of ROC = 0.9598
2026-02-21 00:31:49,739 AUC of PRC = 0.7604
2026-02-21 00:31:49,739 min(+P, Se) = 0.7026
2026-02-21 00:31:49,740 f1_score = 0.7269
2026-02-21 00:31:49,740 Epoch 7: Train Loss 0.1267, Valid Loss 0.1077
2026-02-21 00:32:45,438 [[3679   85]
 [  71  198]]
2026-02-21 00:32:45,440 AUC of ROC = 0.9614
2026-02-21 00:32:45,441 AUC of PRC = 0.7870
2026-02-21 00:32:45,441 min(+P, Se) = 0.7249
2026-02-21 00:32:45,441 f1_score = 0.7174
2026-02-21 00:32:45,442 Epoch 8: Train Loss 0.1223, Valid Loss 0.1089
2026-02-21 00:32:45,442 ----- Save best model - auprc: 0.7870 -----
2026-02-21 00:33:41,398 [[3705   59]
 [  75  194]]
2026-02-21 00:33:41,403 AUC of ROC = 0.9627
2026-02-21 00:33:41,403 AUC of PRC = 0.8036
2026-02-21 00:33:41,404 min(+P, Se) = 0.7472
2026-02-21 00:33:41,404 f1_score = 0.7433
2026-02-21 00:33:41,405 Epoch 9: Train Loss 0.1185, Valid Loss 0.0992
2026-02-21 00:33:41,406 ----- Save best model - auprc: 0.8036 -----
2026-02-21 00:34:37,337 [[3728   36]
 [  95  174]]
2026-02-21 00:34:37,340 AUC of ROC = 0.9605
2026-02-21 00:34:37,340 AUC of PRC = 0.7869
2026-02-21 00:34:37,341 min(+P, Se) = 0.7175
2026-02-21 00:34:37,341 f1_score = 0.7265
2026-02-21 00:34:37,341 Epoch 10: Train Loss 0.1170, Valid Loss 0.0972
2026-02-21 00:35:33,196 [[3751   13]
 [ 131  138]]
2026-02-21 00:35:33,200 AUC of ROC = 0.9606
2026-02-21 00:35:33,200 AUC of PRC = 0.7961
2026-02-21 00:35:33,201 min(+P, Se) = 0.7212
2026-02-21 00:35:33,201 f1_score = 0.6571
2026-02-21 00:35:33,202 Epoch 11: Train Loss 0.1133, Valid Loss 0.1020
2026-02-21 00:36:29,120 [[3681   83]
 [  72  197]]
2026-02-21 00:36:29,124 AUC of ROC = 0.9601
2026-02-21 00:36:29,124 AUC of PRC = 0.7863
2026-02-21 00:36:29,125 min(+P, Se) = 0.7296
2026-02-21 00:36:29,125 f1_score = 0.7177
2026-02-21 00:36:29,125 Epoch 12: Train Loss 0.1103, Valid Loss 0.1186
2026-02-21 00:37:24,979 [[3708   56]
 [  81  188]]
2026-02-21 00:37:24,982 AUC of ROC = 0.9632
2026-02-21 00:37:24,983 AUC of PRC = 0.7946
2026-02-21 00:37:24,983 min(+P, Se) = 0.7436
2026-02-21 00:37:24,983 f1_score = 0.7329
2026-02-21 00:37:24,984 Epoch 13: Train Loss 0.1087, Valid Loss 0.1031
2026-02-21 00:38:20,693 [[3733   31]
 [ 107  162]]
2026-02-21 00:38:20,696 AUC of ROC = 0.9635
2026-02-21 00:38:20,696 AUC of PRC = 0.7981
2026-02-21 00:38:20,697 min(+P, Se) = 0.7407
2026-02-21 00:38:20,697 f1_score = 0.7013
2026-02-21 00:38:20,697 Epoch 14: Train Loss 0.1087, Valid Loss 0.0988
2026-02-21 00:39:16,484 [[3732   32]
 [ 100  169]]
2026-02-21 00:39:16,487 AUC of ROC = 0.9619
2026-02-21 00:39:16,488 AUC of PRC = 0.7935
2026-02-21 00:39:16,489 min(+P, Se) = 0.7306
2026-02-21 00:39:16,489 f1_score = 0.7191
2026-02-21 00:39:16,490 Epoch 15: Train Loss 0.1063, Valid Loss 0.0956
2026-02-21 00:40:12,290 [[3735   29]
 [ 103  166]]
2026-02-21 00:40:12,293 AUC of ROC = 0.9554
2026-02-21 00:40:12,293 AUC of PRC = 0.7930
2026-02-21 00:40:12,294 min(+P, Se) = 0.7509
2026-02-21 00:40:12,294 f1_score = 0.7155
2026-02-21 00:40:12,295 Epoch 16: Train Loss 0.1048, Valid Loss 0.1061
2026-02-21 00:41:08,047 [[3724   40]
 [  92  177]]
2026-02-21 00:41:08,052 AUC of ROC = 0.9619
2026-02-21 00:41:08,053 AUC of PRC = 0.8029
2026-02-21 00:41:08,053 min(+P, Se) = 0.7361
2026-02-21 00:41:08,054 f1_score = 0.7284
2026-02-21 00:41:08,055 Epoch 17: Train Loss 0.1022, Valid Loss 0.0965
2026-02-21 00:42:03,602 [[3729   35]
 [  93  176]]
2026-02-21 00:42:03,605 AUC of ROC = 0.9565
2026-02-21 00:42:03,605 AUC of PRC = 0.7843
2026-02-21 00:42:03,605 min(+P, Se) = 0.7286
2026-02-21 00:42:03,605 f1_score = 0.7333
2026-02-21 00:42:03,605 Epoch 18: Train Loss 0.1019, Valid Loss 0.0997
2026-02-21 00:42:59,392 [[3717   47]
 [  97  172]]
2026-02-21 00:42:59,395 AUC of ROC = 0.9541
2026-02-21 00:42:59,396 AUC of PRC = 0.7762
2026-02-21 00:42:59,396 min(+P, Se) = 0.7249
2026-02-21 00:42:59,396 f1_score = 0.7049
2026-02-21 00:42:59,397 Epoch 19: Train Loss 0.1005, Valid Loss 0.1023
2026-02-21 00:43:55,069 [[3736   28]
 [  98  171]]
2026-02-21 00:43:55,072 AUC of ROC = 0.9607
2026-02-21 00:43:55,073 AUC of PRC = 0.7974
2026-02-21 00:43:55,073 min(+P, Se) = 0.7472
2026-02-21 00:43:55,073 f1_score = 0.7308
2026-02-21 00:43:55,073 Epoch 20: Train Loss 0.0992, Valid Loss 0.1012
2026-02-21 00:44:50,770 [[3732   32]
 [ 100  169]]
2026-02-21 00:44:50,774 AUC of ROC = 0.9514
2026-02-21 00:44:50,774 AUC of PRC = 0.7868
2026-02-21 00:44:50,775 min(+P, Se) = 0.7249
2026-02-21 00:44:50,775 f1_score = 0.7191
2026-02-21 00:44:50,775 Epoch 21: Train Loss 0.0982, Valid Loss 0.1020
2026-02-21 00:45:46,453 [[3695   69]
 [  68  201]]
2026-02-21 00:45:46,456 AUC of ROC = 0.9576
2026-02-21 00:45:46,456 AUC of PRC = 0.7729
2026-02-21 00:45:46,456 min(+P, Se) = 0.7398
2026-02-21 00:45:46,456 f1_score = 0.7458
2026-02-21 00:45:46,457 Epoch 22: Train Loss 0.0961, Valid Loss 0.1050
2026-02-21 00:46:42,138 [[3746   18]
 [ 142  127]]
2026-02-21 00:46:42,141 AUC of ROC = 0.9375
2026-02-21 00:46:42,143 AUC of PRC = 0.7307
2026-02-21 00:46:42,144 min(+P, Se) = 0.6729
2026-02-21 00:46:42,146 f1_score = 0.6135
2026-02-21 00:46:42,147 Epoch 23: Train Loss 0.0963, Valid Loss 0.1205
2026-02-21 00:47:37,803 [[3702   62]
 [  76  193]]
2026-02-21 00:47:37,806 AUC of ROC = 0.9561
2026-02-21 00:47:37,806 AUC of PRC = 0.7911
2026-02-21 00:47:37,807 min(+P, Se) = 0.7500
2026-02-21 00:47:37,807 f1_score = 0.7366
2026-02-21 00:47:37,808 Epoch 24: Train Loss 0.0918, Valid Loss 0.1057
2026-02-21 00:48:33,465 [[3735   29]
 [ 110  159]]
2026-02-21 00:48:33,468 AUC of ROC = 0.9533
2026-02-21 00:48:33,468 AUC of PRC = 0.7805
2026-02-21 00:48:33,469 min(+P, Se) = 0.7185
2026-02-21 00:48:33,469 f1_score = 0.6958
2026-02-21 00:48:33,469 Epoch 25: Train Loss 0.0918, Valid Loss 0.1097
2026-02-21 00:48:33,494 last saved model is in epoch 9
2026-02-21 00:48:36,822 [[3686   47]
 [  76  225]]
2026-02-21 00:48:36,825 AUC of ROC = 0.9530
2026-02-21 00:48:36,825 AUC of PRC = 0.8285
2026-02-21 00:48:36,826 min(+P, Se) = 0.7674
2026-02-21 00:48:36,826 f1_score = 0.7853
2026-02-21 00:48:36,826 Test Loss 0.1018
2026-02-21 23:47:47,382 {
    "dataset": "c19",
    "data_dropout": 0.0,
    "epochs": 25,
    "lr": 0.001,
    "d_model": 32,
    "seed": 3407,
    "batch_size": 64,
    "dropout": 0.1,
    "save_model": true,
    "save_dir": "./export/c19/smart",
    "local_rank": 0,
    "min_mask_ratio": 0.0,
    "max_mask_ratio": 0.75,
    "e_layers": 2,
    "n_heads": 4,
    "time_dim": 16
}
2026-02-21 23:48:04,991 Dataset Loaded.
2026-02-21 23:49:45,539 Epoch 1: Train Loss 0.0864, Valid Loss 0.0274, LR 1.00e-03
2026-02-21 23:49:45,540 ----- Save best model - L1: 0.0274 -----
2026-02-21 23:51:23,316 Epoch 2: Train Loss 0.0568, Valid Loss 0.0243, LR 9.96e-04
2026-02-21 23:51:23,317 ----- Save best model - L1: 0.0243 -----
2026-02-21 23:53:01,926 Epoch 3: Train Loss 0.0499, Valid Loss 0.0238, LR 9.84e-04
2026-02-21 23:53:01,927 ----- Save best model - L1: 0.0238 -----
2026-02-21 23:54:40,446 Epoch 4: Train Loss 0.0475, Valid Loss 0.0260, LR 9.65e-04
2026-02-21 23:56:19,031 Epoch 5: Train Loss 0.0478, Valid Loss 0.0286, LR 9.39e-04
2026-02-21 23:57:57,336 Epoch 6: Train Loss 0.0481, Valid Loss 0.0283, LR 9.05e-04
2026-02-21 23:59:36,368 Epoch 7: Train Loss 0.0475, Valid Loss 0.0277, LR 8.66e-04
2026-02-22 00:01:15,020 Epoch 8: Train Loss 0.0461, Valid Loss 0.0253, LR 8.21e-04
2026-02-22 00:02:54,085 Epoch 9: Train Loss 0.0447, Valid Loss 0.0241, LR 7.70e-04
2026-02-22 00:04:33,076 Epoch 10: Train Loss 0.0436, Valid Loss 0.0230, LR 7.16e-04
2026-02-22 00:04:33,077 ----- Save best model - L1: 0.0230 -----
2026-02-22 00:06:11,542 Epoch 11: Train Loss 0.0426, Valid Loss 0.0224, LR 6.58e-04
2026-02-22 00:06:11,543 ----- Save best model - L1: 0.0224 -----
2026-02-22 00:07:50,272 Epoch 12: Train Loss 0.0415, Valid Loss 0.0218, LR 5.98e-04
2026-02-22 00:07:50,273 ----- Save best model - L1: 0.0218 -----
2026-02-22 00:09:29,047 Epoch 13: Train Loss 0.0405, Valid Loss 0.0206, LR 5.36e-04
2026-02-22 00:09:29,048 ----- Save best model - L1: 0.0206 -----
2026-02-22 00:11:07,799 Epoch 14: Train Loss 0.0396, Valid Loss 0.0200, LR 4.74e-04
2026-02-22 00:11:07,799 ----- Save best model - L1: 0.0200 -----
2026-02-22 00:12:46,539 Epoch 15: Train Loss 0.0391, Valid Loss 0.0192, LR 4.12e-04
2026-02-22 00:12:46,541 ----- Save best model - L1: 0.0192 -----
2026-02-22 00:14:25,269 Epoch 16: Train Loss 0.0385, Valid Loss 0.0192, LR 3.52e-04
2026-02-22 00:14:25,270 ----- Save best model - L1: 0.0192 -----
2026-02-22 00:16:03,915 Epoch 17: Train Loss 0.0383, Valid Loss 0.0186, LR 2.94e-04
2026-02-22 00:16:03,916 ----- Save best model - L1: 0.0186 -----
2026-02-22 00:17:42,964 Epoch 18: Train Loss 0.0378, Valid Loss 0.0184, LR 2.40e-04
2026-02-22 00:17:42,966 ----- Save best model - L1: 0.0184 -----
2026-02-22 00:19:21,945 Epoch 19: Train Loss 0.0376, Valid Loss 0.0183, LR 1.89e-04
2026-02-22 00:19:21,946 ----- Save best model - L1: 0.0183 -----
2026-02-22 00:21:00,499 Epoch 20: Train Loss 0.0375, Valid Loss 0.0179, LR 1.44e-04
2026-02-22 00:21:00,500 ----- Save best model - L1: 0.0179 -----
2026-02-22 00:22:39,125 Epoch 21: Train Loss 0.0373, Valid Loss 0.0180, LR 1.05e-04
2026-02-22 00:24:17,820 Epoch 22: Train Loss 0.0372, Valid Loss 0.0180, LR 7.12e-05
2026-02-22 00:25:56,345 Epoch 23: Train Loss 0.0372, Valid Loss 0.0179, LR 4.48e-05
2026-02-22 00:25:56,346 ----- Save best model - L1: 0.0179 -----
2026-02-22 00:27:34,889 Epoch 24: Train Loss 0.0371, Valid Loss 0.0181, LR 2.56e-05
2026-02-22 00:29:13,298 Epoch 25: Train Loss 0.0370, Valid Loss 0.0179, LR 1.39e-05
2026-02-22 00:29:13,333 last saved model is in epoch 23
2026-02-22 00:29:20,429 Test Loss 0.0181
2026-02-22 00:29:25,050 {
    "dataset": "c19",
    "data_dropout": 0.0,
    "epochs": 25,
    "freeze_epochs": 5,
    "lr": 0.001,
    "d_model": 32,
    "seed": 3407,
    "batch_size": 64,
    "dropout": 0.1,
    "save_model": true,
    "save_dir": "./export/c19/smart",
    "local_rank": 0,
    "e_layers": 2,
    "n_heads": 4,
    "time_dim": 16
}
2026-02-22 00:29:34,517 Dataset Loaded.
2026-02-22 00:29:35,289 last saved model is in epoch 23
2026-02-22 00:30:11,648 [[3755    9]
 [ 244   25]]
2026-02-22 00:30:11,652 AUC of ROC = 0.8815
2026-02-22 00:30:11,652 AUC of PRC = 0.4589
2026-02-22 00:30:11,653 min(+P, Se) = 0.4945
2026-02-22 00:30:11,653 f1_score = 0.1650
2026-02-22 00:30:11,653 Epoch 1: Train Loss 0.2211, Valid Loss 0.1794, LR 1.00e-03
2026-02-22 00:30:11,654 ----- Save best model - auprc: 0.4589 -----
2026-02-22 00:30:47,865 [[3738   26]
 [ 199   70]]
2026-02-22 00:30:47,868 AUC of ROC = 0.8887
2026-02-22 00:30:47,869 AUC of PRC = 0.4873
2026-02-22 00:30:47,869 min(+P, Se) = 0.5130
2026-02-22 00:30:47,869 f1_score = 0.3836
2026-02-22 00:30:47,869 Epoch 2: Train Loss 0.1959, Valid Loss 0.1619, LR 9.96e-04
2026-02-22 00:30:47,870 ----- Save best model - auprc: 0.4873 -----
2026-02-22 00:31:23,839 [[3753   11]
 [ 226   43]]
2026-02-22 00:31:23,843 AUC of ROC = 0.8970
2026-02-22 00:31:23,843 AUC of PRC = 0.5161
2026-02-22 00:31:23,844 min(+P, Se) = 0.5242
2026-02-22 00:31:23,844 f1_score = 0.2663
2026-02-22 00:31:23,844 Epoch 3: Train Loss 0.1899, Valid Loss 0.1670, LR 9.84e-04
2026-02-22 00:31:23,845 ----- Save best model - auprc: 0.5161 -----
2026-02-22 00:31:59,973 [[3751   13]
 [ 219   50]]
2026-02-22 00:31:59,976 AUC of ROC = 0.8968
2026-02-22 00:31:59,976 AUC of PRC = 0.5311
2026-02-22 00:31:59,977 min(+P, Se) = 0.5309
2026-02-22 00:31:59,977 f1_score = 0.3012
2026-02-22 00:31:59,978 Epoch 4: Train Loss 0.1896, Valid Loss 0.1582, LR 9.65e-04
2026-02-22 00:31:59,978 ----- Save best model - auprc: 0.5311 -----
2026-02-22 00:32:36,423 [[3744   20]
 [ 194   75]]
2026-02-22 00:32:36,426 AUC of ROC = 0.8959
2026-02-22 00:32:36,426 AUC of PRC = 0.5344
2026-02-22 00:32:36,426 min(+P, Se) = 0.5465
2026-02-22 00:32:36,426 f1_score = 0.4121
2026-02-22 00:32:36,427 Epoch 5: Train Loss 0.1880, Valid Loss 0.1555, LR 9.39e-04
2026-02-22 00:32:36,427 ----- Save best model - auprc: 0.5344 -----
2026-02-22 00:33:42,588 [[3706   58]
 [  90  179]]
2026-02-22 00:33:42,591 AUC of ROC = 0.9514
2026-02-22 00:33:42,591 AUC of PRC = 0.7568
2026-02-22 00:33:42,592 min(+P, Se) = 0.7026
2026-02-22 00:33:42,592 f1_score = 0.7075
2026-02-22 00:33:42,593 Epoch 6: Train Loss 0.1571, Valid Loss 0.1098, LR 9.05e-04
2026-02-22 00:33:42,593 ----- Save best model - auprc: 0.7568 -----
2026-02-22 00:34:48,326 [[3708   56]
 [  87  182]]
2026-02-22 00:34:48,329 AUC of ROC = 0.9588
2026-02-22 00:34:48,330 AUC of PRC = 0.7698
2026-02-22 00:34:48,330 min(+P, Se) = 0.7048
2026-02-22 00:34:48,331 f1_score = 0.7179
2026-02-22 00:34:48,331 Epoch 7: Train Loss 0.1298, Valid Loss 0.1060, LR 8.66e-04
2026-02-22 00:34:48,331 ----- Save best model - auprc: 0.7698 -----
2026-02-22 00:35:54,037 [[3679   85]
 [  72  197]]
2026-02-22 00:35:54,040 AUC of ROC = 0.9557
2026-02-22 00:35:54,040 AUC of PRC = 0.7668
2026-02-22 00:35:54,041 min(+P, Se) = 0.7063
2026-02-22 00:35:54,041 f1_score = 0.7151
2026-02-22 00:35:54,041 Epoch 8: Train Loss 0.1207, Valid Loss 0.1086, LR 8.21e-04
2026-02-22 00:36:59,667 [[3698   66]
 [  74  195]]
2026-02-22 00:36:59,671 AUC of ROC = 0.9595
2026-02-22 00:36:59,671 AUC of PRC = 0.7837
2026-02-22 00:36:59,671 min(+P, Se) = 0.7286
2026-02-22 00:36:59,672 f1_score = 0.7358
2026-02-22 00:36:59,672 Epoch 9: Train Loss 0.1178, Valid Loss 0.0994, LR 7.70e-04
2026-02-22 00:36:59,672 ----- Save best model - auprc: 0.7837 -----
2026-02-22 00:38:05,345 [[3711   53]
 [  88  181]]
2026-02-22 00:38:05,348 AUC of ROC = 0.9629
2026-02-22 00:38:05,348 AUC of PRC = 0.7847
2026-02-22 00:38:05,349 min(+P, Se) = 0.7100
2026-02-22 00:38:05,349 f1_score = 0.7197
2026-02-22 00:38:05,349 Epoch 10: Train Loss 0.1120, Valid Loss 0.0968, LR 7.16e-04
2026-02-22 00:38:05,350 ----- Save best model - auprc: 0.7847 -----
2026-02-22 00:39:11,054 [[3749   15]
 [ 117  152]]
2026-02-22 00:39:11,058 AUC of ROC = 0.9674
2026-02-22 00:39:11,058 AUC of PRC = 0.7951
2026-02-22 00:39:11,059 min(+P, Se) = 0.7296
2026-02-22 00:39:11,059 f1_score = 0.6972
2026-02-22 00:39:11,059 Epoch 11: Train Loss 0.1074, Valid Loss 0.0965, LR 6.58e-04
2026-02-22 00:39:11,060 ----- Save best model - auprc: 0.7951 -----
2026-02-22 00:40:16,868 [[3696   68]
 [  78  191]]
2026-02-22 00:40:16,871 AUC of ROC = 0.9635
2026-02-22 00:40:16,871 AUC of PRC = 0.7710
2026-02-22 00:40:16,871 min(+P, Se) = 0.7249
2026-02-22 00:40:16,872 f1_score = 0.7235
2026-02-22 00:40:16,872 Epoch 12: Train Loss 0.1044, Valid Loss 0.1057, LR 5.98e-04
2026-02-22 00:41:22,560 [[3708   56]
 [  78  191]]
2026-02-22 00:41:22,563 AUC of ROC = 0.9642
2026-02-22 00:41:22,563 AUC of PRC = 0.7989
2026-02-22 00:41:22,563 min(+P, Se) = 0.7481
2026-02-22 00:41:22,564 f1_score = 0.7403
2026-02-22 00:41:22,564 Epoch 13: Train Loss 0.1017, Valid Loss 0.0993, LR 5.36e-04
2026-02-22 00:41:22,564 ----- Save best model - auprc: 0.7989 -----
2026-02-22 00:42:28,529 [[3725   39]
 [  95  174]]
2026-02-22 00:42:28,533 AUC of ROC = 0.9622
2026-02-22 00:42:28,533 AUC of PRC = 0.7952
2026-02-22 00:42:28,533 min(+P, Se) = 0.7398
2026-02-22 00:42:28,533 f1_score = 0.7220
2026-02-22 00:42:28,534 Epoch 14: Train Loss 0.0988, Valid Loss 0.0952, LR 4.74e-04
2026-02-22 00:43:34,354 [[3738   26]
 [ 113  156]]
2026-02-22 00:43:34,357 AUC of ROC = 0.9639
2026-02-22 00:43:34,357 AUC of PRC = 0.7924
2026-02-22 00:43:34,357 min(+P, Se) = 0.7398
2026-02-22 00:43:34,358 f1_score = 0.6918
2026-02-22 00:43:34,358 Epoch 15: Train Loss 0.0957, Valid Loss 0.0953, LR 4.12e-04
2026-02-22 00:44:40,246 [[3718   46]
 [  87  182]]
2026-02-22 00:44:40,249 AUC of ROC = 0.9571
2026-02-22 00:44:40,249 AUC of PRC = 0.7910
2026-02-22 00:44:40,250 min(+P, Se) = 0.7185
2026-02-22 00:44:40,250 f1_score = 0.7324
2026-02-22 00:44:40,250 Epoch 16: Train Loss 0.0915, Valid Loss 0.0977, LR 3.52e-04
2026-02-22 00:45:46,026 [[3721   43]
 [  84  185]]
2026-02-22 00:45:46,029 AUC of ROC = 0.9624
2026-02-22 00:45:46,029 AUC of PRC = 0.7935
2026-02-22 00:45:46,030 min(+P, Se) = 0.7361
2026-02-22 00:45:46,030 f1_score = 0.7445
2026-02-22 00:45:46,030 Epoch 17: Train Loss 0.0876, Valid Loss 0.0958, LR 2.94e-04
2026-02-22 00:46:51,637 [[3716   48]
 [  79  190]]
2026-02-22 00:46:51,641 AUC of ROC = 0.9617
2026-02-22 00:46:51,641 AUC of PRC = 0.7993
2026-02-22 00:46:51,642 min(+P, Se) = 0.7323
2026-02-22 00:46:51,642 f1_score = 0.7495
2026-02-22 00:46:51,643 Epoch 18: Train Loss 0.0847, Valid Loss 0.0946, LR 2.40e-04
2026-02-22 00:46:51,643 ----- Save best model - auprc: 0.7993 -----
2026-02-22 00:47:57,998 [[3706   58]
 [  81  188]]
2026-02-22 00:47:58,001 AUC of ROC = 0.9601
2026-02-22 00:47:58,001 AUC of PRC = 0.7851
2026-02-22 00:47:58,002 min(+P, Se) = 0.7249
2026-02-22 00:47:58,002 f1_score = 0.7301
2026-02-22 00:47:58,003 Epoch 19: Train Loss 0.0812, Valid Loss 0.0999, LR 1.89e-04
2026-02-22 00:49:04,337 [[3701   63]
 [  74  195]]
2026-02-22 00:49:04,340 AUC of ROC = 0.9589
2026-02-22 00:49:04,340 AUC of PRC = 0.7864
2026-02-22 00:49:04,341 min(+P, Se) = 0.7286
2026-02-22 00:49:04,341 f1_score = 0.7400
2026-02-22 00:49:04,341 Epoch 20: Train Loss 0.0779, Valid Loss 0.1005, LR 1.44e-04
2026-02-22 00:50:11,058 [[3728   36]
 [  91  178]]
2026-02-22 00:50:11,061 AUC of ROC = 0.9607
2026-02-22 00:50:11,061 AUC of PRC = 0.7938
2026-02-22 00:50:11,061 min(+P, Se) = 0.7435
2026-02-22 00:50:11,062 f1_score = 0.7371
2026-02-22 00:50:11,062 Epoch 21: Train Loss 0.0758, Valid Loss 0.0973, LR 1.05e-04
2026-02-22 00:51:17,119 [[3719   45]
 [  84  185]]
2026-02-22 00:51:17,122 AUC of ROC = 0.9620
2026-02-22 00:51:17,123 AUC of PRC = 0.7926
2026-02-22 00:51:17,123 min(+P, Se) = 0.7361
2026-02-22 00:51:17,123 f1_score = 0.7415
2026-02-22 00:51:17,124 Epoch 22: Train Loss 0.0732, Valid Loss 0.0998, LR 7.12e-05
2026-02-22 00:52:23,009 [[3719   45]
 [  81  188]]
2026-02-22 00:52:23,013 AUC of ROC = 0.9599
2026-02-22 00:52:23,013 AUC of PRC = 0.7799
2026-02-22 00:52:23,014 min(+P, Se) = 0.7212
2026-02-22 00:52:23,014 f1_score = 0.7490
2026-02-22 00:52:23,014 Epoch 23: Train Loss 0.0717, Valid Loss 0.1025, LR 4.48e-05
2026-02-22 00:53:28,810 [[3712   52]
 [  78  191]]
2026-02-22 00:53:28,813 AUC of ROC = 0.9602
2026-02-22 00:53:28,813 AUC of PRC = 0.7835
2026-02-22 00:53:28,814 min(+P, Se) = 0.7259
2026-02-22 00:53:28,814 f1_score = 0.7461
2026-02-22 00:53:28,815 Epoch 24: Train Loss 0.0699, Valid Loss 0.1019, LR 2.56e-05
2026-02-22 00:54:34,625 [[3713   51]
 [  78  191]]
2026-02-22 00:54:34,631 AUC of ROC = 0.9603
2026-02-22 00:54:34,634 AUC of PRC = 0.7823
2026-02-22 00:54:34,634 min(+P, Se) = 0.7259
2026-02-22 00:54:34,635 f1_score = 0.7476
2026-02-22 00:54:34,635 Epoch 25: Train Loss 0.0693, Valid Loss 0.1021, LR 1.39e-05
2026-02-22 00:54:34,647 last saved model is in epoch 18
2026-02-22 00:54:38,516 [[3698   35]
 [  96  205]]
2026-02-22 00:54:38,519 AUC of ROC = 0.9579
2026-02-22 00:54:38,520 AUC of PRC = 0.8244
2026-02-22 00:54:38,520 min(+P, Se) = 0.7583
2026-02-22 00:54:38,521 f1_score = 0.7579
2026-02-22 00:54:38,521 Test Loss 0.1015
