2026-04-25 10:01:40,317 {
    "dataset": "c19",
    "data_dropout": 0.0,
    "epochs": 25,
    "lr": 0.001,
    "d_model": 32,
    "seed": 1,
    "batch_size": 64,
    "num_workers": null,
    "dropout": 0.1,
    "save_model": true,
    "save_dir": "./export/c19/smart-smile-lean-no-time-mnar/seed_1",
    "local_rank": 0,
    "min_mask_ratio": 0.15,
    "max_mask_ratio": 0.75,
    "e_layers": 2,
    "n_heads": 4,
    "time_dim": 16,
    "use_film": false,
    "use_smile": false,
    "use_smile_film": false,
    "use_smile_v2": false,
    "use_smile_v2_film": false,
    "use_smile_lean": true,
    "use_smile_lean_samepretrain": false,
    "use_smile_lean_v2": false,
    "use_mnar": false,
    "save_last": true,
    "smile_no_mnar": false,
    "smile_no_curriculum": false,
    "smile_mask_type": "all",
    "smile_mnar_dropout": 0.05,
    "obs_density_window": 5,
    "abl_no_density": false,
    "abl_no_mnar_bias": false,
    "abl_no_film": false,
    "abl_no_time_mnar": true,
    "abl_no_time_pe": false,
    "abl_no_cross_attn": false,
    "abl_no_mnar_cls": false,
    "abl_no_policy": false,
    "abl_no_dynamic_mnar": false,
    "abl_no_dual_head": false,
    "pretrain_mask_mode": "fixed",
    "ratio_temperature": 1.0,
    "smile_stratified": false,
    "smile_mask_weights": null,
    "rank": 0,
    "world_size": 2,
    "distributed": true,
    "gpu": 0,
    "dist_backend": "nccl"
}
2026-04-25 10:01:48,805 Dataset Loaded.
2026-04-25 10:01:48,805 system_groups: {'Vital_Basic': 7, 'Resp_Gas': 7, 'Liver_Enzyme': 2, 'Renal': 3, 'Coagulation': 3, 'CBC': 3, 'Bilirubin': 2}
2026-04-25 10:01:48,805 DataLoader kwargs: {'num_workers': 4, 'pin_memory': True, 'persistent_workers': True, 'prefetch_factor': 2}
2026-04-25 10:01:48,808 Runtime init: variable order resolved.
2026-04-25 10:01:48,809 Runtime init: variable order moved to CUDA.
2026-04-25 10:01:48,817 Runtime init: encoder moved to CUDA.
2026-04-25 10:01:48,818 Runtime init: predictor moved to CUDA.
2026-04-25 10:01:48,823 Runtime init: target encoder copied.
2026-04-25 10:01:50,595 Runtime init: DDP wrap complete.
2026-04-25 10:02:09,140 Epoch 1: Train Loss 0.0849, Valid Loss 0.0203, EMA Val 0.0203
2026-04-25 10:02:26,735 Epoch 2: Train Loss 0.0576, Valid Loss 0.0197, EMA Val 0.0201
2026-04-25 10:02:44,607 Epoch 3: Train Loss 0.0559, Valid Loss 0.0198, EMA Val 0.0200
2026-04-25 10:03:02,017 Epoch 4: Train Loss 0.0516, Valid Loss 0.0197, EMA Val 0.0199
2026-04-25 10:03:19,398 Epoch 5: Train Loss 0.0476, Valid Loss 0.0210, EMA Val 0.0202
2026-04-25 10:03:36,335 Epoch 6: Train Loss 0.0447, Valid Loss 0.0186, EMA Val 0.0197
2026-04-25 10:03:53,740 Epoch 7: Train Loss 0.0426, Valid Loss 0.0176, EMA Val 0.0191
2026-04-25 10:04:11,052 Epoch 8: Train Loss 0.0406, Valid Loss 0.0178, EMA Val 0.0187
2026-04-25 10:04:28,557 Epoch 9: Train Loss 0.0395, Valid Loss 0.0162, EMA Val 0.0180
2026-04-25 10:04:46,037 Epoch 10: Train Loss 0.0390, Valid Loss 0.0164, EMA Val 0.0175
2026-04-25 10:05:03,342 Epoch 11: Train Loss 0.0383, Valid Loss 0.0166, EMA Val 0.0172
2026-04-25 10:05:20,628 Epoch 12: Train Loss 0.0388, Valid Loss 0.0164, EMA Val 0.0170
2026-04-25 10:05:37,997 Epoch 13: Train Loss 0.0392, Valid Loss 0.0172, EMA Val 0.0170
2026-04-25 10:05:55,054 Epoch 14: Train Loss 0.0413, Valid Loss 0.0179, EMA Val 0.0173
2026-04-25 10:06:12,375 Epoch 15: Train Loss 0.0420, Valid Loss 0.0187, EMA Val 0.0177
2026-04-25 10:06:29,947 Epoch 16: Train Loss 0.0448, Valid Loss 0.0197, EMA Val 0.0183
2026-04-25 10:06:47,595 Epoch 17: Train Loss 0.0484, Valid Loss 0.0203, EMA Val 0.0189
2026-04-25 10:07:04,922 Epoch 18: Train Loss 0.0493, Valid Loss 0.0220, EMA Val 0.0198
2026-04-25 10:07:22,388 Epoch 19: Train Loss 0.0531, Valid Loss 0.0228, EMA Val 0.0207
2026-04-25 10:07:39,749 Epoch 20: Train Loss 0.0524, Valid Loss 0.0223, EMA Val 0.0212
2026-04-25 10:07:57,255 Epoch 21: Train Loss 0.0563, Valid Loss 0.0241, EMA Val 0.0221
2026-04-25 10:08:14,451 Epoch 22: Train Loss 0.0572, Valid Loss 0.0242, EMA Val 0.0227
2026-04-25 10:08:31,668 Epoch 23: Train Loss 0.0598, Valid Loss 0.0268, EMA Val 0.0239
2026-04-25 10:08:48,395 Epoch 24: Train Loss 0.0624, Valid Loss 0.0251, EMA Val 0.0243
2026-04-25 10:09:05,547 Epoch 25: Train Loss 0.0618, Valid Loss 0.0250, EMA Val 0.0245
2026-04-25 10:09:05,549 ----- Save last epoch model - L1: 0.0245 -----
2026-04-25 10:09:05,589 last saved model is in epoch 25
2026-04-25 10:09:07,604 Test Loss 0.0251
2026-04-25 10:10:19,805 {
    "dataset": "c19",
    "data_dropout": 0.0,
    "epochs": 25,
    "freeze_epochs": 5,
    "lr": 0.001,
    "d_model": 32,
    "seed": 1,
    "batch_size": 64,
    "num_workers": null,
    "dropout": 0.1,
    "save_model": true,
    "save_dir": "./export/c19/smart-smile-lean-no-time-mnar/seed_1",
    "pretrain_dir": null,
    "local_rank": 0,
    "e_layers": 2,
    "n_heads": 4,
    "time_dim": 16,
    "use_film": false,
    "use_smile": false,
    "use_smile_film": false,
    "use_mnar": false,
    "use_smile_v2": false,
    "use_smile_v2_film": false,
    "use_smile_lean": true,
    "use_smile_lean_samepretrain": false,
    "use_smile_lean_v2": false,
    "obs_density_window": 5,
    "abl_no_density": false,
    "abl_no_mnar_bias": false,
    "abl_no_film": false,
    "abl_no_time_mnar": true,
    "abl_no_time_pe": false,
    "abl_no_cross_attn": false,
    "abl_no_mnar_cls": false,
    "abl_no_policy": false,
    "abl_no_dynamic_mnar": false,
    "abl_no_dual_head": false,
    "smile_no_mnar": false,
    "smile_no_curriculum": false,
    "smile_mask_type": "all",
    "smile_mnar_dropout": 0.05,
    "smile_mnar_dropout_initial": 0.0,
    "smile_stratified": false,
    "los_task": "classification",
    "los_label_unit": "auto",
    "los_use_class_weights": false,
    "los_save_metric": "auc_micro",
    "rank": 0,
    "world_size": 2,
    "distributed": true,
    "gpu": 0,
    "dist_backend": "nccl"
}
2026-04-25 10:10:28,961 Dataset Loaded.
2026-04-25 10:10:28,962 DataLoader kwargs: {'num_workers': 4, 'pin_memory': True, 'persistent_workers': True, 'prefetch_factor': 2}
2026-04-25 10:10:28,964 Runtime init: variable order resolved.
2026-04-25 10:10:28,964 Runtime init: variable order moved to CUDA.
2026-04-25 10:10:28,973 Runtime init: encoder moved to CUDA.
2026-04-25 10:10:28,974 Runtime init: classifier moved to CUDA.
2026-04-25 10:10:30,748 Runtime init: DDP wrap complete.
2026-04-25 10:10:30,758 Class weights: [0.5393641591072083, 6.850955486297607]
2026-04-25 10:10:30,774 last saved model is in epoch 25
2026-04-25 10:10:38,463 [[2953  785]
 [  70  225]]
2026-04-25 10:10:38,472 AUC of ROC = 0.8476
2026-04-25 10:10:38,472 AUC of PRC = 0.4000
2026-04-25 10:10:38,472 min(+P, Se) = 0.4508
2026-04-25 10:10:38,473 f1_score = 0.4685 (threshold = 0.7829)
2026-04-25 10:10:38,473 Epoch 1: Train Loss 0.5863, Valid Loss 0.4772
2026-04-25 10:10:38,474 ----- Save best model - auprc: 0.4000 -----
2026-04-25 10:10:44,990 [[2857  881]
 [  50  245]]
2026-04-25 10:10:44,996 AUC of ROC = 0.8808
2026-04-25 10:10:44,997 AUC of PRC = 0.4110
2026-04-25 10:10:44,997 min(+P, Se) = 0.4832
2026-04-25 10:10:44,997 f1_score = 0.5000 (threshold = 0.7405)
2026-04-25 10:10:44,997 Epoch 2: Train Loss 0.4936, Valid Loss 0.4456
2026-04-25 10:10:44,998 ----- Save best model - auprc: 0.4110 -----
2026-04-25 10:10:51,365 [[3680   58]
 [ 209   86]]
2026-04-25 10:10:51,371 AUC of ROC = 0.8826
2026-04-25 10:10:51,372 AUC of PRC = 0.4372
2026-04-25 10:10:51,372 min(+P, Se) = 0.5051
2026-04-25 10:10:51,372 f1_score = 0.5198 (threshold = -0.4025)
2026-04-25 10:10:51,373 Epoch 3: Train Loss 0.4746, Valid Loss 0.6869
2026-04-25 10:10:51,373 ----- Save best model - auprc: 0.4372 -----
2026-04-25 10:10:57,753 [[3068  670]
 [  54  241]]
2026-04-25 10:10:57,760 AUC of ROC = 0.8957
2026-04-25 10:10:57,760 AUC of PRC = 0.4510
2026-04-25 10:10:57,760 min(+P, Se) = 0.5236
2026-04-25 10:10:57,760 f1_score = 0.5406 (threshold = 0.6081)
2026-04-25 10:10:57,761 Epoch 4: Train Loss 0.4581, Valid Loss 0.4125
2026-04-25 10:10:57,761 ----- Save best model - auprc: 0.4510 -----
2026-04-25 10:11:04,131 [[3296  442]
 [  76  219]]
2026-04-25 10:11:04,137 AUC of ROC = 0.8964
2026-04-25 10:11:04,138 AUC of PRC = 0.4562
2026-04-25 10:11:04,138 min(+P, Se) = 0.5284
2026-04-25 10:11:04,138 f1_score = 0.5342 (threshold = 0.6180)
2026-04-25 10:11:04,139 Epoch 5: Train Loss 0.4709, Valid Loss 0.4105
2026-04-25 10:11:04,139 ----- Save best model - auprc: 0.4562 -----
2026-04-25 10:11:18,565 [[3411  327]
 [  47  248]]
2026-04-25 10:11:18,572 AUC of ROC = 0.9515
2026-04-25 10:11:18,572 AUC of PRC = 0.6921
2026-04-25 10:11:18,573 min(+P, Se) = 0.6722
2026-04-25 10:11:18,573 f1_score = 0.6768 (threshold = 0.9998)
2026-04-25 10:11:18,573 Epoch 6: Train Loss 0.4035, Valid Loss 0.2813
2026-04-25 10:11:18,574 ----- Save best model - auprc: 0.6921 -----
2026-04-25 10:11:32,243 [[3547  191]
 [  47  248]]
2026-04-25 10:11:32,249 AUC of ROC = 0.9639
2026-04-25 10:11:32,250 AUC of PRC = 0.7393
2026-04-25 10:11:32,250 min(+P, Se) = 0.7128
2026-04-25 10:11:32,250 f1_score = 0.7172 (threshold = 0.6794)
2026-04-25 10:11:32,250 Epoch 7: Train Loss 0.3215, Valid Loss 0.2547
2026-04-25 10:11:32,251 ----- Save best model - auprc: 0.7393 -----
2026-04-25 10:11:46,286 [[3161  577]
 [  19  276]]
2026-04-25 10:11:46,292 AUC of ROC = 0.9657
2026-04-25 10:11:46,293 AUC of PRC = 0.7334
2026-04-25 10:11:46,293 min(+P, Se) = 0.7288
2026-04-25 10:11:46,293 f1_score = 0.7343 (threshold = 1.7129)
2026-04-25 10:11:46,293 Epoch 8: Train Loss 0.2910, Valid Loss 0.2755
2026-04-25 10:11:59,656 [[3268  470]
 [  23  272]]
2026-04-25 10:11:59,662 AUC of ROC = 0.9661
2026-04-25 10:11:59,663 AUC of PRC = 0.7449
2026-04-25 10:11:59,663 min(+P, Se) = 0.7153
2026-04-25 10:11:59,663 f1_score = 0.7288 (threshold = 1.2777)
2026-04-25 10:11:59,663 Epoch 9: Train Loss 0.2924, Valid Loss 0.2475
2026-04-25 10:11:59,664 ----- Save best model - auprc: 0.7449 -----
2026-04-25 10:12:13,456 [[3418  320]
 [  32  263]]
2026-04-25 10:12:13,463 AUC of ROC = 0.9672
2026-04-25 10:12:13,463 AUC of PRC = 0.7659
2026-04-25 10:12:13,464 min(+P, Se) = 0.7500
2026-04-25 10:12:13,464 f1_score = 0.7547 (threshold = 1.1072)
2026-04-25 10:12:13,464 Epoch 10: Train Loss 0.2794, Valid Loss 0.2387
2026-04-25 10:12:13,465 ----- Save best model - auprc: 0.7659 -----
2026-04-25 10:12:27,450 [[3533  205]
 [  45  250]]
2026-04-25 10:12:27,457 AUC of ROC = 0.9624
2026-04-25 10:12:27,457 AUC of PRC = 0.7570
2026-04-25 10:12:27,457 min(+P, Se) = 0.7322
2026-04-25 10:12:27,457 f1_score = 0.7340 (threshold = 0.8921)
2026-04-25 10:12:27,457 Epoch 11: Train Loss 0.2734, Valid Loss 0.2523
2026-04-25 10:12:41,438 [[3435  303]
 [  32  263]]
2026-04-25 10:12:41,445 AUC of ROC = 0.9669
2026-04-25 10:12:41,445 AUC of PRC = 0.7662
2026-04-25 10:12:41,445 min(+P, Se) = 0.7576
2026-04-25 10:12:41,445 f1_score = 0.7616 (threshold = 1.3480)
2026-04-25 10:12:41,446 Epoch 12: Train Loss 0.2603, Valid Loss 0.2340
2026-04-25 10:12:41,447 ----- Save best model - auprc: 0.7662 -----
2026-04-25 10:12:55,401 [[3154  584]
 [  15  280]]
2026-04-25 10:12:55,409 AUC of ROC = 0.9668
2026-04-25 10:12:55,409 AUC of PRC = 0.7745
2026-04-25 10:12:55,409 min(+P, Se) = 0.7525
2026-04-25 10:12:55,409 f1_score = 0.7552 (threshold = 1.7563)
2026-04-25 10:12:55,410 Epoch 13: Train Loss 0.2611, Valid Loss 0.2720
2026-04-25 10:12:55,410 ----- Save best model - auprc: 0.7745 -----
2026-04-25 10:13:10,445 [[3440  298]
 [  37  258]]
2026-04-25 10:13:10,452 AUC of ROC = 0.9656
2026-04-25 10:13:10,452 AUC of PRC = 0.7732
2026-04-25 10:13:10,452 min(+P, Se) = 0.7525
2026-04-25 10:13:10,453 f1_score = 0.7573 (threshold = 1.3598)
2026-04-25 10:13:10,453 Epoch 14: Train Loss 0.2584, Valid Loss 0.2373
2026-04-25 10:13:24,755 [[3291  447]
 [  27  268]]
2026-04-25 10:13:24,761 AUC of ROC = 0.9646
2026-04-25 10:13:24,761 AUC of PRC = 0.7653
2026-04-25 10:13:24,761 min(+P, Se) = 0.7331
2026-04-25 10:13:24,762 f1_score = 0.7410 (threshold = 1.3450)
2026-04-25 10:13:24,762 Epoch 15: Train Loss 0.2360, Valid Loss 0.2499
2026-04-25 10:13:38,411 [[3471  267]
 [  34  261]]
2026-04-25 10:13:38,417 AUC of ROC = 0.9665
2026-04-25 10:13:38,417 AUC of PRC = 0.7743
2026-04-25 10:13:38,417 min(+P, Se) = 0.7399
2026-04-25 10:13:38,417 f1_score = 0.7519 (threshold = 1.4147)
2026-04-25 10:13:38,418 Epoch 16: Train Loss 0.2447, Valid Loss 0.2344
2026-04-25 10:13:52,168 [[3484  254]
 [  37  258]]
2026-04-25 10:13:52,176 AUC of ROC = 0.9644
2026-04-25 10:13:52,176 AUC of PRC = 0.7706
2026-04-25 10:13:52,176 min(+P, Se) = 0.7525
2026-04-25 10:13:52,176 f1_score = 0.7583 (threshold = 1.3874)
2026-04-25 10:13:52,177 Epoch 17: Train Loss 0.2363, Valid Loss 0.2451
2026-04-25 10:14:05,964 [[3437  301]
 [  33  262]]
2026-04-25 10:14:05,970 AUC of ROC = 0.9647
2026-04-25 10:14:05,971 AUC of PRC = 0.7735
2026-04-25 10:14:05,971 min(+P, Se) = 0.7483
2026-04-25 10:14:05,971 f1_score = 0.7539 (threshold = 1.4499)
2026-04-25 10:14:05,971 Epoch 18: Train Loss 0.2224, Valid Loss 0.2398
2026-04-25 10:14:19,779 [[3372  366]
 [  26  269]]
2026-04-25 10:14:19,786 AUC of ROC = 0.9662
2026-04-25 10:14:19,786 AUC of PRC = 0.7703
2026-04-25 10:14:19,786 min(+P, Se) = 0.7492
2026-04-25 10:14:19,786 f1_score = 0.7567 (threshold = 1.4584)
2026-04-25 10:14:19,787 Epoch 19: Train Loss 0.2137, Valid Loss 0.2393
2026-04-25 10:14:34,075 [[3488  250]
 [  36  259]]
2026-04-25 10:14:34,082 AUC of ROC = 0.9670
2026-04-25 10:14:34,082 AUC of PRC = 0.7746
2026-04-25 10:14:34,083 min(+P, Se) = 0.7424
2026-04-25 10:14:34,083 f1_score = 0.7491 (threshold = 1.3638)
2026-04-25 10:14:34,083 Epoch 20: Train Loss 0.2039, Valid Loss 0.2351
2026-04-25 10:14:34,084 ----- Save best model - auprc: 0.7746 -----
2026-04-25 10:14:48,141 [[3476  262]
 [  34  261]]
2026-04-25 10:14:48,148 AUC of ROC = 0.9665
2026-04-25 10:14:48,148 AUC of PRC = 0.7782
2026-04-25 10:14:48,148 min(+P, Se) = 0.7568
2026-04-25 10:14:48,149 f1_score = 0.7609 (threshold = 1.2017)
2026-04-25 10:14:48,149 Epoch 21: Train Loss 0.1997, Valid Loss 0.2382
2026-04-25 10:14:48,150 ----- Save best model - auprc: 0.7782 -----
2026-04-25 10:15:01,667 [[3465  273]
 [  32  263]]
2026-04-25 10:15:01,674 AUC of ROC = 0.9668
2026-04-25 10:15:01,674 AUC of PRC = 0.7755
2026-04-25 10:15:01,674 min(+P, Se) = 0.7492
2026-04-25 10:15:01,675 f1_score = 0.7549 (threshold = 1.3740)
2026-04-25 10:15:01,675 Epoch 22: Train Loss 0.1951, Valid Loss 0.2353
2026-04-25 10:15:15,636 [[3423  315]
 [  29  266]]
2026-04-25 10:15:15,643 AUC of ROC = 0.9662
2026-04-25 10:15:15,643 AUC of PRC = 0.7764
2026-04-25 10:15:15,643 min(+P, Se) = 0.7400
2026-04-25 10:15:15,643 f1_score = 0.7536 (threshold = 1.5645)
2026-04-25 10:15:15,643 Epoch 23: Train Loss 0.1884, Valid Loss 0.2372
2026-04-25 10:15:30,125 [[3468  270]
 [  33  262]]
2026-04-25 10:15:30,132 AUC of ROC = 0.9669
2026-04-25 10:15:30,132 AUC of PRC = 0.7803
2026-04-25 10:15:30,132 min(+P, Se) = 0.7525
2026-04-25 10:15:30,132 f1_score = 0.7596 (threshold = 1.3753)
2026-04-25 10:15:30,133 Epoch 24: Train Loss 0.1935, Valid Loss 0.2395
2026-04-25 10:15:30,133 ----- Save best model - auprc: 0.7803 -----
2026-04-25 10:15:44,202 [[3429  309]
 [  30  265]]
2026-04-25 10:15:44,209 AUC of ROC = 0.9664
2026-04-25 10:15:44,209 AUC of PRC = 0.7781
2026-04-25 10:15:44,209 min(+P, Se) = 0.7492
2026-04-25 10:15:44,210 f1_score = 0.7604 (threshold = 1.6199)
2026-04-25 10:15:44,210 Epoch 25: Train Loss 0.1845, Valid Loss 0.2385
2026-04-25 10:15:44,226 last saved model is in epoch 24
2026-04-25 10:15:45,619 [[3500  252]
 [  29  253]]
2026-04-25 10:15:45,626 AUC of ROC = 0.9631
2026-04-25 10:15:45,626 AUC of PRC = 0.8321
2026-04-25 10:15:45,626 min(+P, Se) = 0.7553
2026-04-25 10:15:45,626 f1_score = 0.7761 (threshold = 1.5792)
2026-04-25 10:15:45,626 Test Loss 0.2471
