2026-03-05 12:16:03,940 {
    "dataset": "c12",
    "data_dropout": 0.0,
    "epochs": 25,
    "lr": 0.001,
    "d_model": 32,
    "seed": 1,
    "batch_size": 256,
    "dropout": 0.1,
    "save_model": true,
    "save_dir": "./export/c12\\smart-smile\\seed_1",
    "local_rank": 0,
    "min_mask_ratio": 0.0,
    "max_mask_ratio": 0.75,
    "e_layers": 2,
    "n_heads": 4,
    "time_dim": 16,
    "use_film": false,
    "use_smile": true,
    "smile_no_mnar": false,
    "smile_no_curriculum": false,
    "smile_mask_type": "all",
    "smile_mnar_dropout": 0.05
}
2026-03-05 12:16:05,062 Dataset Loaded.
2026-03-05 12:16:05,063 SMILE system_groups: {'cardiovascular': 4, 'respiratory': 6, 'lab': 27}
2026-03-05 12:16:28,193 Epoch 1: Train Loss 13.5486, Valid Loss 8.3188
2026-03-05 12:16:28,194 ----- Save best model - L1: 8.3188 -----
2026-03-05 12:16:50,134 Epoch 2: Train Loss 6.2108, Valid Loss 3.5197
2026-03-05 12:16:50,134 ----- Save best model - L1: 3.5197 -----
2026-03-05 12:17:12,067 Epoch 3: Train Loss 4.1238, Valid Loss 2.9093
2026-03-05 12:17:12,068 ----- Save best model - L1: 2.9093 -----
2026-03-05 12:17:34,164 Epoch 4: Train Loss 3.5392, Valid Loss 2.6886
2026-03-05 12:17:34,165 ----- Save best model - L1: 2.6886 -----
2026-03-05 12:17:56,112 Epoch 5: Train Loss 3.0890, Valid Loss 2.3414
2026-03-05 12:17:56,112 ----- Save best model - L1: 2.3414 -----
2026-03-05 12:18:17,729 Epoch 6: Train Loss 2.8051, Valid Loss 2.0820
2026-03-05 12:18:17,730 ----- Save best model - L1: 2.0820 -----
2026-03-05 12:18:39,036 Epoch 7: Train Loss 2.5706, Valid Loss 1.9195
2026-03-05 12:18:39,037 ----- Save best model - L1: 1.9195 -----
2026-03-05 12:19:00,327 Epoch 8: Train Loss 2.3513, Valid Loss 1.7035
2026-03-05 12:19:00,328 ----- Save best model - L1: 1.7035 -----
2026-03-05 12:19:22,183 Epoch 9: Train Loss 2.2039, Valid Loss 1.5717
2026-03-05 12:19:22,184 ----- Save best model - L1: 1.5717 -----
2026-03-05 12:19:43,931 Epoch 10: Train Loss 2.0135, Valid Loss 1.4088
2026-03-05 12:19:43,931 ----- Save best model - L1: 1.4088 -----
2026-03-05 12:20:05,797 Epoch 11: Train Loss 1.8866, Valid Loss 1.3068
2026-03-05 12:20:05,798 ----- Save best model - L1: 1.3068 -----
2026-03-05 12:20:28,058 Epoch 12: Train Loss 1.8112, Valid Loss 1.2440
2026-03-05 12:20:28,058 ----- Save best model - L1: 1.2440 -----
2026-03-05 12:20:49,515 Epoch 13: Train Loss 1.7242, Valid Loss 1.1851
2026-03-05 12:20:49,516 ----- Save best model - L1: 1.1851 -----
2026-03-05 12:21:10,753 Epoch 14: Train Loss 1.6227, Valid Loss 1.1668
2026-03-05 12:21:10,754 ----- Save best model - L1: 1.1668 -----
2026-03-05 12:21:33,169 Epoch 15: Train Loss 1.5645, Valid Loss 1.0800
2026-03-05 12:21:33,170 ----- Save best model - L1: 1.0800 -----
2026-03-05 12:21:54,604 Epoch 16: Train Loss 1.5401, Valid Loss 1.0710
2026-03-05 12:21:54,605 ----- Save best model - L1: 1.0710 -----
2026-03-05 12:22:16,057 Epoch 17: Train Loss 1.5188, Valid Loss 1.0222
2026-03-05 12:22:16,058 ----- Save best model - L1: 1.0222 -----
2026-03-05 12:22:37,707 Epoch 18: Train Loss 1.4721, Valid Loss 0.9747
2026-03-05 12:22:37,708 ----- Save best model - L1: 0.9747 -----
2026-03-05 12:22:58,876 Epoch 19: Train Loss 1.4224, Valid Loss 0.9465
2026-03-05 12:22:58,877 ----- Save best model - L1: 0.9465 -----
2026-03-05 12:23:20,300 Epoch 20: Train Loss 1.4305, Valid Loss 0.9324
2026-03-05 12:23:20,301 ----- Save best model - L1: 0.9324 -----
2026-03-05 12:23:41,807 Epoch 21: Train Loss 1.3771, Valid Loss 0.9052
2026-03-05 12:23:41,807 ----- Save best model - L1: 0.9052 -----
2026-03-05 12:24:02,952 Epoch 22: Train Loss 1.3664, Valid Loss 0.9081
2026-03-05 12:24:24,270 Epoch 23: Train Loss 1.3453, Valid Loss 0.9153
2026-03-05 12:24:45,361 Epoch 24: Train Loss 1.3472, Valid Loss 0.8990
2026-03-05 12:24:45,361 ----- Save best model - L1: 0.8990 -----
2026-03-05 12:25:06,598 Epoch 25: Train Loss 1.3509, Valid Loss 0.9260
2026-03-05 12:25:06,621 last saved model is in epoch 24
2026-03-05 12:25:08,160 Test Loss 0.9475
2026-03-05 12:25:12,649 {
    "dataset": "c12",
    "data_dropout": 0.0,
    "epochs": 25,
    "freeze_epochs": 5,
    "lr": 0.001,
    "d_model": 32,
    "seed": 1,
    "batch_size": 256,
    "dropout": 0.1,
    "save_model": true,
    "save_dir": "./export/c12\\smart-smile\\seed_1",
    "local_rank": 0,
    "e_layers": 2,
    "n_heads": 4,
    "time_dim": 16,
    "use_film": false,
    "use_smile": true,
    "smile_no_mnar": false,
    "smile_no_curriculum": false,
    "smile_mask_type": "all",
    "smile_mnar_dropout": 0.05
}
2026-03-05 12:25:13,567 Dataset Loaded.
2026-03-05 12:25:14,809 last saved model is in epoch 24
2026-03-05 12:25:23,499 [[1032    1]
 [ 163    2]]
2026-03-05 12:25:23,503 AUC of ROC = 0.6735
2026-03-05 12:25:23,504 AUC of PRC = 0.2504
2026-03-05 12:25:23,504 min(+P, Se) = 0.3091
2026-03-05 12:25:23,504 f1_score = 0.0238
2026-03-05 12:25:23,504 Epoch 1: Train Loss 0.6067, Valid Loss 0.4298
2026-03-05 12:25:23,505 ----- Save best model - auprc: 0.2504 -----
2026-03-05 12:25:31,880 [[1032    1]
 [ 163    2]]
2026-03-05 12:25:31,882 AUC of ROC = 0.6815
2026-03-05 12:25:31,883 AUC of PRC = 0.2740
2026-03-05 12:25:31,883 min(+P, Se) = 0.3174
2026-03-05 12:25:31,883 f1_score = 0.0238
2026-03-05 12:25:31,883 Epoch 2: Train Loss 0.4121, Valid Loss 0.4292
2026-03-05 12:25:31,884 ----- Save best model - auprc: 0.2740 -----
2026-03-05 12:25:40,166 [[1014   19]
 [ 146   19]]
2026-03-05 12:25:40,168 AUC of ROC = 0.6777
2026-03-05 12:25:40,168 AUC of PRC = 0.2687
2026-03-05 12:25:40,169 min(+P, Se) = 0.3281
2026-03-05 12:25:40,169 f1_score = 0.1872
2026-03-05 12:25:40,169 Epoch 3: Train Loss 0.3986, Valid Loss 0.3495
2026-03-05 12:25:48,314 [[1020   13]
 [ 153   12]]
2026-03-05 12:25:48,316 AUC of ROC = 0.6894
2026-03-05 12:25:48,316 AUC of PRC = 0.2816
2026-03-05 12:25:48,316 min(+P, Se) = 0.3284
2026-03-05 12:25:48,316 f1_score = 0.1263
2026-03-05 12:25:48,316 Epoch 4: Train Loss 0.3682, Valid Loss 0.3481
2026-03-05 12:25:48,317 ----- Save best model - auprc: 0.2816 -----
2026-03-05 12:25:56,500 [[1026    7]
 [ 160    5]]
2026-03-05 12:25:56,502 AUC of ROC = 0.6781
2026-03-05 12:25:56,502 AUC of PRC = 0.2666
2026-03-05 12:25:56,502 min(+P, Se) = 0.3313
2026-03-05 12:25:56,502 f1_score = 0.0565
2026-03-05 12:25:56,503 Epoch 5: Train Loss 0.3696, Valid Loss 0.3763
2026-03-05 12:26:11,015 [[1026    7]
 [ 154   11]]
2026-03-05 12:26:11,017 AUC of ROC = 0.7710
2026-03-05 12:26:11,017 AUC of PRC = 0.3541
2026-03-05 12:26:11,018 min(+P, Se) = 0.3614
2026-03-05 12:26:11,018 f1_score = 0.1202
2026-03-05 12:26:11,018 Epoch 6: Train Loss 0.4200, Valid Loss 0.3381
2026-03-05 12:26:11,018 ----- Save best model - auprc: 0.3541 -----
2026-03-05 12:26:25,596 [[1012   21]
 [ 133   32]]
2026-03-05 12:26:25,598 AUC of ROC = 0.7947
2026-03-05 12:26:25,599 AUC of PRC = 0.3924
2026-03-05 12:26:25,599 min(+P, Se) = 0.3735
2026-03-05 12:26:25,599 f1_score = 0.2936
2026-03-05 12:26:25,599 Epoch 7: Train Loss 0.3411, Valid Loss 0.3190
2026-03-05 12:26:25,600 ----- Save best model - auprc: 0.3924 -----
2026-03-05 12:26:40,070 [[1022   11]
 [ 146   19]]
2026-03-05 12:26:40,073 AUC of ROC = 0.8093
2026-03-05 12:26:40,073 AUC of PRC = 0.4217
2026-03-05 12:26:40,074 min(+P, Se) = 0.4303
2026-03-05 12:26:40,074 f1_score = 0.1949
2026-03-05 12:26:40,074 Epoch 8: Train Loss 0.3283, Valid Loss 0.3156
2026-03-05 12:26:40,075 ----- Save best model - auprc: 0.4217 -----
2026-03-05 12:26:54,633 [[971  62]
 [101  64]]
2026-03-05 12:26:54,634 AUC of ROC = 0.8214
2026-03-05 12:26:54,635 AUC of PRC = 0.4470
2026-03-05 12:26:54,635 min(+P, Se) = 0.4606
2026-03-05 12:26:54,635 f1_score = 0.4399
2026-03-05 12:26:54,636 Epoch 9: Train Loss 0.3236, Valid Loss 0.3285
2026-03-05 12:26:54,636 ----- Save best model - auprc: 0.4470 -----
2026-03-05 12:27:09,052 [[981  52]
 [110  55]]
2026-03-05 12:27:09,054 AUC of ROC = 0.8293
2026-03-05 12:27:09,054 AUC of PRC = 0.4546
2026-03-05 12:27:09,054 min(+P, Se) = 0.4727
2026-03-05 12:27:09,054 f1_score = 0.4044
2026-03-05 12:27:09,054 Epoch 10: Train Loss 0.3140, Valid Loss 0.3131
2026-03-05 12:27:09,055 ----- Save best model - auprc: 0.4546 -----
2026-03-05 12:27:23,647 [[1005   28]
 [ 123   42]]
2026-03-05 12:27:23,649 AUC of ROC = 0.8381
2026-03-05 12:27:23,649 AUC of PRC = 0.4802
2026-03-05 12:27:23,649 min(+P, Se) = 0.4848
2026-03-05 12:27:23,649 f1_score = 0.3574
2026-03-05 12:27:23,649 Epoch 11: Train Loss 0.3133, Valid Loss 0.3035
2026-03-05 12:27:23,649 ----- Save best model - auprc: 0.4802 -----
2026-03-05 12:27:38,021 [[1026    7]
 [ 146   19]]
2026-03-05 12:27:38,023 AUC of ROC = 0.8301
2026-03-05 12:27:38,023 AUC of PRC = 0.4675
2026-03-05 12:27:38,023 min(+P, Se) = 0.4909
2026-03-05 12:27:38,023 f1_score = 0.1990
2026-03-05 12:27:38,023 Epoch 12: Train Loss 0.3058, Valid Loss 0.3357
2026-03-05 12:27:52,295 [[996  37]
 [110  55]]
2026-03-05 12:27:52,297 AUC of ROC = 0.8340
2026-03-05 12:27:52,297 AUC of PRC = 0.4842
2026-03-05 12:27:52,297 min(+P, Se) = 0.4909
2026-03-05 12:27:52,297 f1_score = 0.4280
2026-03-05 12:27:52,298 Epoch 13: Train Loss 0.3140, Valid Loss 0.3096
2026-03-05 12:27:52,298 ----- Save best model - auprc: 0.4842 -----
2026-03-05 12:28:06,708 [[976  57]
 [ 91  74]]
2026-03-05 12:28:06,710 AUC of ROC = 0.8382
2026-03-05 12:28:06,711 AUC of PRC = 0.4916
2026-03-05 12:28:06,711 min(+P, Se) = 0.4970
2026-03-05 12:28:06,711 f1_score = 0.5000
2026-03-05 12:28:06,711 Epoch 14: Train Loss 0.3058, Valid Loss 0.3145
2026-03-05 12:28:06,712 ----- Save best model - auprc: 0.4916 -----
2026-03-05 12:28:21,455 [[1017   16]
 [ 126   39]]
2026-03-05 12:28:21,457 AUC of ROC = 0.8442
2026-03-05 12:28:21,457 AUC of PRC = 0.4874
2026-03-05 12:28:21,457 min(+P, Se) = 0.4855
2026-03-05 12:28:21,457 f1_score = 0.3545
2026-03-05 12:28:21,457 Epoch 15: Train Loss 0.3101, Valid Loss 0.3009
2026-03-05 12:28:36,064 [[1017   16]
 [ 132   33]]
2026-03-05 12:28:36,066 AUC of ROC = 0.8393
2026-03-05 12:28:36,066 AUC of PRC = 0.4736
2026-03-05 12:28:36,066 min(+P, Se) = 0.4819
2026-03-05 12:28:36,066 f1_score = 0.3084
2026-03-05 12:28:36,067 Epoch 16: Train Loss 0.3023, Valid Loss 0.3062
2026-03-05 12:28:50,622 [[1002   31]
 [ 118   47]]
2026-03-05 12:28:50,624 AUC of ROC = 0.8433
2026-03-05 12:28:50,625 AUC of PRC = 0.5006
2026-03-05 12:28:50,625 min(+P, Se) = 0.5030
2026-03-05 12:28:50,625 f1_score = 0.3868
2026-03-05 12:28:50,625 Epoch 17: Train Loss 0.3038, Valid Loss 0.3018
2026-03-05 12:28:50,626 ----- Save best model - auprc: 0.5006 -----
2026-03-05 12:29:05,079 [[1008   25]
 [ 116   49]]
2026-03-05 12:29:05,080 AUC of ROC = 0.8436
2026-03-05 12:29:05,081 AUC of PRC = 0.5109
2026-03-05 12:29:05,081 min(+P, Se) = 0.5152
2026-03-05 12:29:05,081 f1_score = 0.4100
2026-03-05 12:29:05,081 Epoch 18: Train Loss 0.3052, Valid Loss 0.2961
2026-03-05 12:29:05,081 ----- Save best model - auprc: 0.5109 -----
2026-03-05 12:29:19,679 [[1022   11]
 [ 139   26]]
2026-03-05 12:29:19,681 AUC of ROC = 0.8358
2026-03-05 12:29:19,681 AUC of PRC = 0.4730
2026-03-05 12:29:19,681 min(+P, Se) = 0.4590
2026-03-05 12:29:19,681 f1_score = 0.2574
2026-03-05 12:29:19,682 Epoch 19: Train Loss 0.3095, Valid Loss 0.3212
2026-03-05 12:29:33,995 [[1011   22]
 [ 116   49]]
2026-03-05 12:29:33,997 AUC of ROC = 0.8410
2026-03-05 12:29:33,997 AUC of PRC = 0.5028
2026-03-05 12:29:33,997 min(+P, Se) = 0.5212
2026-03-05 12:29:33,997 f1_score = 0.4153
2026-03-05 12:29:33,997 Epoch 20: Train Loss 0.3042, Valid Loss 0.3000
2026-03-05 12:29:48,444 [[989  44]
 [108  57]]
2026-03-05 12:29:48,446 AUC of ROC = 0.8432
2026-03-05 12:29:48,446 AUC of PRC = 0.5076
2026-03-05 12:29:48,446 min(+P, Se) = 0.5119
2026-03-05 12:29:48,446 f1_score = 0.4286
2026-03-05 12:29:48,447 Epoch 21: Train Loss 0.2993, Valid Loss 0.3021
2026-03-05 12:30:02,906 [[976  57]
 [ 99  66]]
2026-03-05 12:30:02,908 AUC of ROC = 0.8438
2026-03-05 12:30:02,908 AUC of PRC = 0.4964
2026-03-05 12:30:02,908 min(+P, Se) = 0.5000
2026-03-05 12:30:02,908 f1_score = 0.4583
2026-03-05 12:30:02,908 Epoch 22: Train Loss 0.2967, Valid Loss 0.3134
2026-03-05 12:30:17,360 [[998  35]
 [110  55]]
2026-03-05 12:30:17,362 AUC of ROC = 0.8323
2026-03-05 12:30:17,362 AUC of PRC = 0.4892
2026-03-05 12:30:17,363 min(+P, Se) = 0.4639
2026-03-05 12:30:17,363 f1_score = 0.4314
2026-03-05 12:30:17,363 Epoch 23: Train Loss 0.3002, Valid Loss 0.3040
2026-03-05 12:30:31,768 [[1005   28]
 [ 117   48]]
2026-03-05 12:30:31,770 AUC of ROC = 0.8458
2026-03-05 12:30:31,770 AUC of PRC = 0.5049
2026-03-05 12:30:31,770 min(+P, Se) = 0.4942
2026-03-05 12:30:31,770 f1_score = 0.3983
2026-03-05 12:30:31,771 Epoch 24: Train Loss 0.2992, Valid Loss 0.2965
2026-03-05 12:30:46,028 [[985  48]
 [100  65]]
2026-03-05 12:30:46,029 AUC of ROC = 0.8487
2026-03-05 12:30:46,029 AUC of PRC = 0.4935
2026-03-05 12:30:46,030 min(+P, Se) = 0.4970
2026-03-05 12:30:46,030 f1_score = 0.4676
2026-03-05 12:30:46,030 Epoch 25: Train Loss 0.3005, Valid Loss 0.3052
2026-03-05 12:30:46,044 last saved model is in epoch 18
2026-03-05 12:30:46,908 [[996  33]
 [134  37]]
2026-03-05 12:30:46,910 AUC of ROC = 0.8305
2026-03-05 12:30:46,910 AUC of PRC = 0.4421
2026-03-05 12:30:46,910 min(+P, Se) = 0.4561
2026-03-05 12:30:46,910 f1_score = 0.3071
2026-03-05 12:30:46,911 Test Loss 0.3231
2026-03-07 11:10:14,711 {
    "dataset": "c12",
    "data_dropout": 0.0,
    "epochs": 25,
    "lr": 0.001,
    "d_model": 32,
    "seed": 1,
    "batch_size": 64,
    "dropout": 0.1,
    "save_model": true,
    "save_dir": "./export/c12/smart-smile/seed_1",
    "local_rank": 0,
    "min_mask_ratio": 0.0,
    "max_mask_ratio": 0.75,
    "e_layers": 2,
    "n_heads": 4,
    "time_dim": 16,
    "use_film": false,
    "use_smile": true,
    "use_mnar": false,
    "save_last": false,
    "smile_no_mnar": false,
    "smile_no_curriculum": false,
    "smile_mask_type": "all",
    "smile_mnar_dropout": 0.05
}
2026-03-07 11:10:19,185 Dataset Loaded.
2026-03-07 11:10:19,185 SMILE system_groups: {'cardiovascular': 4, 'respiratory': 6, 'lab': 27}
2026-03-07 11:10:45,243 Epoch 1: Train Loss 6.8514, Valid Loss 2.5227
2026-03-07 11:10:45,244 ----- Save best model - L1: 2.5227 -----
2026-03-07 11:11:09,351 Epoch 2: Train Loss 2.7001, Valid Loss 1.6988
2026-03-07 11:11:09,352 ----- Save best model - L1: 1.6988 -----
2026-03-07 11:11:33,448 Epoch 3: Train Loss 1.8711, Valid Loss 1.1311
2026-03-07 11:11:33,453 ----- Save best model - L1: 1.1311 -----
2026-03-07 11:11:58,002 Epoch 4: Train Loss 1.4864, Valid Loss 0.9018
2026-03-07 11:11:58,003 ----- Save best model - L1: 0.9018 -----
2026-03-07 11:12:22,327 Epoch 5: Train Loss 1.2440, Valid Loss 0.7485
2026-03-07 11:12:22,328 ----- Save best model - L1: 0.7485 -----
2026-03-07 11:12:47,184 Epoch 6: Train Loss 1.1010, Valid Loss 0.6814
2026-03-07 11:12:47,186 ----- Save best model - L1: 0.6814 -----
2026-03-07 11:13:12,305 Epoch 7: Train Loss 1.0194, Valid Loss 0.6519
2026-03-07 11:13:12,306 ----- Save best model - L1: 0.6519 -----
2026-03-07 11:13:36,618 Epoch 8: Train Loss 0.9627, Valid Loss 0.6295
2026-03-07 11:13:36,619 ----- Save best model - L1: 0.6295 -----
2026-03-07 11:14:01,263 Epoch 9: Train Loss 0.9441, Valid Loss 0.6328
2026-03-07 11:14:25,350 Epoch 10: Train Loss 0.9106, Valid Loss 0.6096
2026-03-07 11:14:25,351 ----- Save best model - L1: 0.6096 -----
2026-03-07 11:14:49,389 Epoch 11: Train Loss 0.9165, Valid Loss 0.6033
2026-03-07 11:14:49,390 ----- Save best model - L1: 0.6033 -----
2026-03-07 11:15:13,576 Epoch 12: Train Loss 0.9162, Valid Loss 0.6114
2026-03-07 11:15:37,787 Epoch 13: Train Loss 0.8956, Valid Loss 0.6259
2026-03-07 11:16:01,804 Epoch 14: Train Loss 0.9052, Valid Loss 0.6027
2026-03-07 11:16:01,805 ----- Save best model - L1: 0.6027 -----
2026-03-07 11:16:25,861 Epoch 15: Train Loss 0.9192, Valid Loss 0.6182
2026-03-07 11:16:49,882 Epoch 16: Train Loss 0.9036, Valid Loss 0.6215
2026-03-07 11:17:14,046 Epoch 17: Train Loss 0.9115, Valid Loss 0.6191
2026-03-07 11:17:38,287 Epoch 18: Train Loss 0.9137, Valid Loss 0.6615
2026-03-07 11:18:02,633 Epoch 19: Train Loss 0.9189, Valid Loss 0.6570
2026-03-07 11:18:27,244 Epoch 20: Train Loss 0.9235, Valid Loss 0.6192
2026-03-07 11:18:51,236 Epoch 21: Train Loss 0.9049, Valid Loss 0.6178
2026-03-07 11:19:15,241 Epoch 22: Train Loss 0.9332, Valid Loss 0.6109
2026-03-07 11:19:39,230 Epoch 23: Train Loss 0.9251, Valid Loss 0.6291
2026-03-07 11:20:03,127 Epoch 24: Train Loss 0.9327, Valid Loss 0.6025
2026-03-07 11:20:03,128 ----- Save best model - L1: 0.6025 -----
2026-03-07 11:20:27,243 Epoch 25: Train Loss 0.9186, Valid Loss 0.6501
2026-03-07 11:20:27,297 last saved model is in epoch 24
2026-03-07 11:20:29,010 Test Loss 0.6095
2026-03-07 11:20:32,288 {
    "dataset": "c12",
    "data_dropout": 0.0,
    "epochs": 25,
    "freeze_epochs": 5,
    "lr": 0.001,
    "d_model": 32,
    "seed": 1,
    "batch_size": 64,
    "dropout": 0.1,
    "save_model": true,
    "save_dir": "./export/c12/smart-smile/seed_1",
    "local_rank": 0,
    "e_layers": 2,
    "n_heads": 4,
    "time_dim": 16,
    "use_film": false,
    "use_smile": true,
    "use_mnar": false,
    "smile_no_mnar": false,
    "smile_no_curriculum": false,
    "smile_mask_type": "all",
    "smile_mnar_dropout": 0.05
}
2026-03-07 11:20:35,617 Dataset Loaded.
2026-03-07 11:20:36,207 last saved model is in epoch 24
2026-03-07 11:20:45,508 [[1025    8]
 [ 158    7]]
2026-03-07 11:20:45,513 AUC of ROC = 0.6904
2026-03-07 11:20:45,513 AUC of PRC = 0.2722
2026-03-07 11:20:45,514 min(+P, Se) = 0.3107
2026-03-07 11:20:45,514 f1_score = 0.0778
2026-03-07 11:20:45,515 Epoch 1: Train Loss 0.5090, Valid Loss 0.3767
2026-03-07 11:20:45,516 ----- Save best model - auprc: 0.2722 -----
2026-03-07 11:20:54,568 [[975  58]
 [118  47]]
2026-03-07 11:20:54,570 AUC of ROC = 0.7200
2026-03-07 11:20:54,571 AUC of PRC = 0.2905
2026-03-07 11:20:54,571 min(+P, Se) = 0.3394
2026-03-07 11:20:54,571 f1_score = 0.3481
2026-03-07 11:20:54,571 Epoch 2: Train Loss 0.3893, Valid Loss 0.3605
2026-03-07 11:20:54,572 ----- Save best model - auprc: 0.2905 -----
2026-03-07 11:21:03,385 [[1028    5]
 [ 158    7]]
2026-03-07 11:21:03,387 AUC of ROC = 0.7520
2026-03-07 11:21:03,388 AUC of PRC = 0.3383
2026-03-07 11:21:03,388 min(+P, Se) = 0.3571
2026-03-07 11:21:03,388 f1_score = 0.0791
2026-03-07 11:21:03,389 Epoch 3: Train Loss 0.3845, Valid Loss 0.3654
2026-03-07 11:21:03,389 ----- Save best model - auprc: 0.3383 -----
2026-03-07 11:21:12,203 [[994  39]
 [125  40]]
2026-03-07 11:21:12,206 AUC of ROC = 0.7616
2026-03-07 11:21:12,207 AUC of PRC = 0.3280
2026-03-07 11:21:12,208 min(+P, Se) = 0.3515
2026-03-07 11:21:12,208 f1_score = 0.3279
2026-03-07 11:21:12,209 Epoch 4: Train Loss 0.3836, Valid Loss 0.3374
2026-03-07 11:21:20,894 [[1029    4]
 [ 160    5]]
2026-03-07 11:21:20,897 AUC of ROC = 0.7717
2026-03-07 11:21:20,898 AUC of PRC = 0.3729
2026-03-07 11:21:20,899 min(+P, Se) = 0.3818
2026-03-07 11:21:20,899 f1_score = 0.0575
2026-03-07 11:21:20,900 Epoch 5: Train Loss 0.3784, Valid Loss 0.3966
2026-03-07 11:21:20,901 ----- Save best model - auprc: 0.3729 -----
2026-03-07 11:21:37,562 [[1024    9]
 [ 144   21]]
2026-03-07 11:21:37,564 AUC of ROC = 0.8367
2026-03-07 11:21:37,565 AUC of PRC = 0.4394
2026-03-07 11:21:37,565 min(+P, Se) = 0.4578
2026-03-07 11:21:37,565 f1_score = 0.2154
2026-03-07 11:21:37,566 Epoch 6: Train Loss 0.3415, Valid Loss 0.3085
2026-03-07 11:21:37,567 ----- Save best model - auprc: 0.4394 -----
2026-03-07 11:21:53,776 [[1019   14]
 [ 140   25]]
2026-03-07 11:21:53,778 AUC of ROC = 0.8426
2026-03-07 11:21:53,779 AUC of PRC = 0.4654
2026-03-07 11:21:53,780 min(+P, Se) = 0.4727
2026-03-07 11:21:53,780 f1_score = 0.2451
2026-03-07 11:21:53,781 Epoch 7: Train Loss 0.3245, Valid Loss 0.3092
2026-03-07 11:21:53,781 ----- Save best model - auprc: 0.4654 -----
2026-03-07 11:22:10,085 [[1007   26]
 [ 119   46]]
2026-03-07 11:22:10,087 AUC of ROC = 0.8458
2026-03-07 11:22:10,087 AUC of PRC = 0.4777
2026-03-07 11:22:10,087 min(+P, Se) = 0.4790
2026-03-07 11:22:10,087 f1_score = 0.3882
2026-03-07 11:22:10,088 Epoch 8: Train Loss 0.3150, Valid Loss 0.2981
2026-03-07 11:22:10,088 ----- Save best model - auprc: 0.4777 -----
2026-03-07 11:22:26,252 [[1019   14]
 [ 136   29]]
2026-03-07 11:22:26,255 AUC of ROC = 0.8423
2026-03-07 11:22:26,255 AUC of PRC = 0.4749
2026-03-07 11:22:26,256 min(+P, Se) = 0.4743
2026-03-07 11:22:26,256 f1_score = 0.2788
2026-03-07 11:22:26,257 Epoch 9: Train Loss 0.3131, Valid Loss 0.3103
2026-03-07 11:22:42,467 [[1017   16]
 [ 135   30]]
2026-03-07 11:22:42,470 AUC of ROC = 0.8522
2026-03-07 11:22:42,471 AUC of PRC = 0.4850
2026-03-07 11:22:42,471 min(+P, Se) = 0.4615
2026-03-07 11:22:42,471 f1_score = 0.2844
2026-03-07 11:22:42,472 Epoch 10: Train Loss 0.3080, Valid Loss 0.3024
2026-03-07 11:22:42,472 ----- Save best model - auprc: 0.4850 -----
2026-03-07 11:22:58,704 [[1023   10]
 [ 142   23]]
2026-03-07 11:22:58,707 AUC of ROC = 0.8492
2026-03-07 11:22:58,707 AUC of PRC = 0.4763
2026-03-07 11:22:58,708 min(+P, Se) = 0.4765
2026-03-07 11:22:58,708 f1_score = 0.2323
2026-03-07 11:22:58,709 Epoch 11: Train Loss 0.3101, Valid Loss 0.3173
2026-03-07 11:23:14,872 [[1027    6]
 [ 146   19]]
2026-03-07 11:23:14,875 AUC of ROC = 0.8149
2026-03-07 11:23:14,876 AUC of PRC = 0.4568
2026-03-07 11:23:14,877 min(+P, Se) = 0.4639
2026-03-07 11:23:14,877 f1_score = 0.2000
2026-03-07 11:23:14,878 Epoch 12: Train Loss 0.3059, Valid Loss 0.3206
2026-03-07 11:23:31,986 [[1002   31]
 [ 118   47]]
2026-03-07 11:23:31,989 AUC of ROC = 0.8499
2026-03-07 11:23:31,990 AUC of PRC = 0.4897
2026-03-07 11:23:31,990 min(+P, Se) = 0.4912
2026-03-07 11:23:31,991 f1_score = 0.3868
2026-03-07 11:23:31,991 Epoch 13: Train Loss 0.3078, Valid Loss 0.2929
2026-03-07 11:23:31,992 ----- Save best model - auprc: 0.4897 -----
2026-03-07 11:23:48,302 [[911 122]
 [ 75  90]]
2026-03-07 11:23:48,305 AUC of ROC = 0.8507
2026-03-07 11:23:48,305 AUC of PRC = 0.4990
2026-03-07 11:23:48,306 min(+P, Se) = 0.4586
2026-03-07 11:23:48,306 f1_score = 0.4775
2026-03-07 11:23:48,306 Epoch 14: Train Loss 0.3006, Valid Loss 0.3534
2026-03-07 11:23:48,307 ----- Save best model - auprc: 0.4990 -----
2026-03-07 11:24:04,510 [[1024    9]
 [ 143   22]]
2026-03-07 11:24:04,513 AUC of ROC = 0.8343
2026-03-07 11:24:04,513 AUC of PRC = 0.4803
2026-03-07 11:24:04,514 min(+P, Se) = 0.4606
2026-03-07 11:24:04,514 f1_score = 0.2245
2026-03-07 11:24:04,515 Epoch 15: Train Loss 0.3035, Valid Loss 0.3152
2026-03-07 11:24:20,715 [[1019   14]
 [ 134   31]]
2026-03-07 11:24:20,717 AUC of ROC = 0.8485
2026-03-07 11:24:20,718 AUC of PRC = 0.4920
2026-03-07 11:24:20,718 min(+P, Se) = 0.4915
2026-03-07 11:24:20,718 f1_score = 0.2952
2026-03-07 11:24:20,719 Epoch 16: Train Loss 0.2999, Valid Loss 0.2974
2026-03-07 11:24:36,921 [[1015   18]
 [ 126   39]]
2026-03-07 11:24:36,924 AUC of ROC = 0.8494
2026-03-07 11:24:36,924 AUC of PRC = 0.5052
2026-03-07 11:24:36,925 min(+P, Se) = 0.4909
2026-03-07 11:24:36,925 f1_score = 0.3514
2026-03-07 11:24:36,926 Epoch 17: Train Loss 0.2984, Valid Loss 0.3010
2026-03-07 11:24:36,926 ----- Save best model - auprc: 0.5052 -----
2026-03-07 11:24:53,142 [[1020   13]
 [ 133   32]]
2026-03-07 11:24:53,144 AUC of ROC = 0.8438
2026-03-07 11:24:53,145 AUC of PRC = 0.5010
2026-03-07 11:24:53,145 min(+P, Se) = 0.4970
2026-03-07 11:24:53,145 f1_score = 0.3048
2026-03-07 11:24:53,146 Epoch 18: Train Loss 0.2997, Valid Loss 0.2959
2026-03-07 11:25:09,334 [[995  38]
 [110  55]]
2026-03-07 11:25:09,337 AUC of ROC = 0.8463
2026-03-07 11:25:09,337 AUC of PRC = 0.4752
2026-03-07 11:25:09,338 min(+P, Se) = 0.4671
2026-03-07 11:25:09,338 f1_score = 0.4264
2026-03-07 11:25:09,339 Epoch 19: Train Loss 0.2932, Valid Loss 0.2972
2026-03-07 11:25:25,898 [[1015   18]
 [ 125   40]]
2026-03-07 11:25:25,902 AUC of ROC = 0.8452
2026-03-07 11:25:25,902 AUC of PRC = 0.4917
2026-03-07 11:25:25,903 min(+P, Se) = 0.5000
2026-03-07 11:25:25,903 f1_score = 0.3587
2026-03-07 11:25:25,903 Epoch 20: Train Loss 0.2953, Valid Loss 0.2976
2026-03-07 11:25:42,215 [[996  37]
 [112  53]]
2026-03-07 11:25:42,218 AUC of ROC = 0.8616
2026-03-07 11:25:42,218 AUC of PRC = 0.5037
2026-03-07 11:25:42,219 min(+P, Se) = 0.5058
2026-03-07 11:25:42,219 f1_score = 0.4157
2026-03-07 11:25:42,220 Epoch 21: Train Loss 0.2965, Valid Loss 0.2877
2026-03-07 11:25:58,662 [[1010   23]
 [ 123   42]]
2026-03-07 11:25:58,664 AUC of ROC = 0.8604
2026-03-07 11:25:58,665 AUC of PRC = 0.5125
2026-03-07 11:25:58,665 min(+P, Se) = 0.5172
2026-03-07 11:25:58,666 f1_score = 0.3652
2026-03-07 11:25:58,666 Epoch 22: Train Loss 0.2930, Valid Loss 0.2882
2026-03-07 11:25:58,667 ----- Save best model - auprc: 0.5125 -----
2026-03-07 11:26:15,089 [[986  47]
 [ 96  69]]
2026-03-07 11:26:15,092 AUC of ROC = 0.8548
2026-03-07 11:26:15,092 AUC of PRC = 0.5117
2026-03-07 11:26:15,093 min(+P, Se) = 0.4909
2026-03-07 11:26:15,093 f1_score = 0.4911
2026-03-07 11:26:15,093 Epoch 23: Train Loss 0.2973, Valid Loss 0.2941
2026-03-07 11:26:31,615 [[960  73]
 [ 87  78]]
2026-03-07 11:26:31,618 AUC of ROC = 0.8400
2026-03-07 11:26:31,619 AUC of PRC = 0.4739
2026-03-07 11:26:31,619 min(+P, Se) = 0.4731
2026-03-07 11:26:31,621 f1_score = 0.4937
2026-03-07 11:26:31,621 Epoch 24: Train Loss 0.2938, Valid Loss 0.3250
2026-03-07 11:26:48,022 [[977  56]
 [ 97  68]]
2026-03-07 11:26:48,024 AUC of ROC = 0.8564
2026-03-07 11:26:48,025 AUC of PRC = 0.5122
2026-03-07 11:26:48,025 min(+P, Se) = 0.5116
2026-03-07 11:26:48,025 f1_score = 0.4706
2026-03-07 11:26:48,026 Epoch 25: Train Loss 0.2898, Valid Loss 0.2977
2026-03-07 11:26:48,044 last saved model is in epoch 22
2026-03-07 11:26:48,987 [[1000   29]
 [ 133   38]]
2026-03-07 11:26:48,989 AUC of ROC = 0.8407
2026-03-07 11:26:48,990 AUC of PRC = 0.4601
2026-03-07 11:26:48,990 min(+P, Se) = 0.4417
2026-03-07 11:26:48,990 f1_score = 0.3193
2026-03-07 11:26:48,990 Test Loss 0.3227
2026-03-08 00:09:32,208 {
    "dataset": "c12",
    "data_dropout": 0.0,
    "epochs": 25,
    "lr": 0.001,
    "d_model": 32,
    "seed": 1,
    "batch_size": 64,
    "dropout": 0.1,
    "save_model": true,
    "save_dir": "./export/c12/smart-smile/seed_1",
    "local_rank": 0,
    "min_mask_ratio": 0.0,
    "max_mask_ratio": 0.75,
    "e_layers": 2,
    "n_heads": 4,
    "time_dim": 16,
    "use_film": false,
    "use_smile": true,
    "use_mnar": false,
    "save_last": false,
    "smile_no_mnar": false,
    "smile_no_curriculum": false,
    "smile_mask_type": "all",
    "smile_mnar_dropout": 0.05
}
2026-03-08 00:09:38,332 Dataset Loaded.
2026-03-08 00:09:38,333 SMILE system_groups: {'cardiovascular': 4, 'respiratory': 6, 'lab': 27}
2026-03-08 00:10:03,955 Epoch 1: Train Loss 6.8514, Valid Loss 2.5227
2026-03-08 00:10:03,956 ----- Save best model - L1: 2.5227 -----
2026-03-08 00:10:28,018 Epoch 2: Train Loss 2.7001, Valid Loss 1.6988
2026-03-08 00:10:28,019 ----- Save best model - L1: 1.6988 -----
2026-03-08 00:10:51,855 Epoch 3: Train Loss 1.8711, Valid Loss 1.1311
2026-03-08 00:10:51,856 ----- Save best model - L1: 1.1311 -----
2026-03-08 00:11:16,263 Epoch 4: Train Loss 1.4864, Valid Loss 0.9018
2026-03-08 00:11:16,264 ----- Save best model - L1: 0.9018 -----
2026-03-08 00:11:40,608 Epoch 5: Train Loss 1.2440, Valid Loss 0.7485
2026-03-08 00:11:40,609 ----- Save best model - L1: 0.7485 -----
2026-03-08 00:12:04,804 Epoch 6: Train Loss 1.1010, Valid Loss 0.6814
2026-03-08 00:12:04,805 ----- Save best model - L1: 0.6814 -----
2026-03-08 00:12:28,951 Epoch 7: Train Loss 1.0194, Valid Loss 0.6519
2026-03-08 00:12:28,952 ----- Save best model - L1: 0.6519 -----
2026-03-08 00:12:53,233 Epoch 8: Train Loss 0.9627, Valid Loss 0.6295
2026-03-08 00:12:53,234 ----- Save best model - L1: 0.6295 -----
2026-03-08 00:13:17,272 Epoch 9: Train Loss 0.9441, Valid Loss 0.6328
2026-03-08 00:13:41,353 Epoch 10: Train Loss 0.9106, Valid Loss 0.6097
2026-03-08 00:13:41,353 ----- Save best model - L1: 0.6097 -----
2026-03-08 00:14:05,424 Epoch 11: Train Loss 0.9165, Valid Loss 0.6032
2026-03-08 00:14:05,425 ----- Save best model - L1: 0.6032 -----
2026-03-08 00:14:29,584 Epoch 12: Train Loss 0.9164, Valid Loss 0.6133
2026-03-08 00:14:53,670 Epoch 13: Train Loss 0.8966, Valid Loss 0.6276
2026-03-08 00:15:17,932 Epoch 14: Train Loss 0.9074, Valid Loss 0.6079
2026-03-08 00:15:42,183 Epoch 15: Train Loss 0.9212, Valid Loss 0.6207
2026-03-08 00:16:06,415 Epoch 16: Train Loss 0.9055, Valid Loss 0.6225
2026-03-08 00:16:30,493 Epoch 17: Train Loss 0.9132, Valid Loss 0.6205
2026-03-08 00:16:54,619 Epoch 18: Train Loss 0.9155, Valid Loss 0.6611
2026-03-08 00:17:18,641 Epoch 19: Train Loss 0.9207, Valid Loss 0.6581
2026-03-08 00:17:42,727 Epoch 20: Train Loss 0.9252, Valid Loss 0.6205
2026-03-08 00:18:06,876 Epoch 21: Train Loss 0.9065, Valid Loss 0.6194
2026-03-08 00:18:30,928 Epoch 22: Train Loss 0.9351, Valid Loss 0.6119
2026-03-08 00:18:55,008 Epoch 23: Train Loss 0.9274, Valid Loss 0.6318
2026-03-08 00:19:19,033 Epoch 24: Train Loss 0.9327, Valid Loss 0.6023
2026-03-08 00:19:19,034 ----- Save best model - L1: 0.6023 -----
2026-03-08 00:19:43,287 Epoch 25: Train Loss 0.9203, Valid Loss 0.6187
2026-03-08 00:19:43,458 last saved model is in epoch 24
2026-03-08 00:19:45,171 Test Loss 0.6095
2026-03-08 00:19:49,259 {
    "dataset": "c12",
    "data_dropout": 0.0,
    "epochs": 25,
    "freeze_epochs": 5,
    "lr": 0.001,
    "d_model": 32,
    "seed": 1,
    "batch_size": 64,
    "dropout": 0.1,
    "save_model": true,
    "save_dir": "./export/c12/smart-smile/seed_1",
    "local_rank": 0,
    "e_layers": 2,
    "n_heads": 4,
    "time_dim": 16,
    "use_film": false,
    "use_smile": true,
    "use_mnar": false,
    "smile_no_mnar": false,
    "smile_no_curriculum": false,
    "smile_mask_type": "all",
    "smile_mnar_dropout": 0.05
}
2026-03-08 00:19:57,789 Dataset Loaded.
2026-03-08 00:19:58,755 Class weights: [0.5834043025970459, 3.4974470138549805]
2026-03-08 00:19:58,919 last saved model is in epoch 24
2026-03-08 00:20:08,342 [[820 213]
 [ 73  92]]
2026-03-08 00:20:08,353 AUC of ROC = 0.6922
2026-03-08 00:20:08,353 AUC of PRC = 0.2709
2026-03-08 00:20:08,354 min(+P, Se) = 0.3136
2026-03-08 00:20:08,354 f1_score = 0.3691 (threshold = -0.0377)
2026-03-08 00:20:08,355 Epoch 1: Train Loss 0.7768, Valid Loss 0.6029
2026-03-08 00:20:08,355 ----- Save best model - auprc: 0.2709 -----
2026-03-08 00:20:16,931 [[614 419]
 [ 29 136]]
2026-03-08 00:20:16,933 AUC of ROC = 0.7203
2026-03-08 00:20:16,934 AUC of PRC = 0.2920
2026-03-08 00:20:16,935 min(+P, Se) = 0.3260
2026-03-08 00:20:16,935 f1_score = 0.3843 (threshold = 0.0327)
2026-03-08 00:20:16,936 Epoch 2: Train Loss 0.6437, Valid Loss 0.6082
2026-03-08 00:20:16,937 ----- Save best model - auprc: 0.2920 -----
2026-03-08 00:20:25,449 [[752 281]
 [ 49 116]]
2026-03-08 00:20:25,453 AUC of ROC = 0.7685
2026-03-08 00:20:25,453 AUC of PRC = 0.3465
2026-03-08 00:20:25,454 min(+P, Se) = 0.3670
2026-03-08 00:20:25,454 f1_score = 0.4229 (threshold = -0.0669)
2026-03-08 00:20:25,454 Epoch 3: Train Loss 0.6748, Valid Loss 0.5591
2026-03-08 00:20:25,455 ----- Save best model - auprc: 0.3465 -----
2026-03-08 00:20:34,094 [[643 390]
 [ 24 141]]
2026-03-08 00:20:34,096 AUC of ROC = 0.7691
2026-03-08 00:20:34,097 AUC of PRC = 0.3425
2026-03-08 00:20:34,097 min(+P, Se) = 0.3636
2026-03-08 00:20:34,098 f1_score = 0.4115 (threshold = 0.2476)
2026-03-08 00:20:34,098 Epoch 4: Train Loss 0.5909, Valid Loss 0.5542
2026-03-08 00:20:42,782 [[943  90]
 [100  65]]
2026-03-08 00:20:42,785 AUC of ROC = 0.7755
2026-03-08 00:20:42,785 AUC of PRC = 0.3587
2026-03-08 00:20:42,786 min(+P, Se) = 0.3653
2026-03-08 00:20:42,786 f1_score = 0.4128 (threshold = -0.4936)
2026-03-08 00:20:42,787 Epoch 5: Train Loss 0.6054, Valid Loss 0.5913
2026-03-08 00:20:42,788 ----- Save best model - auprc: 0.3587 -----
2026-03-08 00:20:59,063 [[812 221]
 [ 47 118]]
2026-03-08 00:20:59,066 AUC of ROC = 0.8289
2026-03-08 00:20:59,066 AUC of PRC = 0.4105
2026-03-08 00:20:59,066 min(+P, Se) = 0.4132
2026-03-08 00:20:59,066 f1_score = 0.4736 (threshold = -0.1403)
2026-03-08 00:20:59,067 Epoch 6: Train Loss 0.5748, Valid Loss 0.4914
2026-03-08 00:20:59,068 ----- Save best model - auprc: 0.4105 -----
2026-03-08 00:21:15,373 [[871 162]
 [ 59 106]]
2026-03-08 00:21:15,376 AUC of ROC = 0.8375
2026-03-08 00:21:15,376 AUC of PRC = 0.4344
2026-03-08 00:21:15,377 min(+P, Se) = 0.4667
2026-03-08 00:21:15,377 f1_score = 0.4864 (threshold = -0.2296)
2026-03-08 00:21:15,377 Epoch 7: Train Loss 0.5235, Valid Loss 0.4892
2026-03-08 00:21:15,378 ----- Save best model - auprc: 0.4344 -----
2026-03-08 00:21:31,734 [[710 323]
 [ 22 143]]
2026-03-08 00:21:31,736 AUC of ROC = 0.8417
2026-03-08 00:21:31,737 AUC of PRC = 0.4463
2026-03-08 00:21:31,737 min(+P, Se) = 0.4491
2026-03-08 00:21:31,738 f1_score = 0.5063 (threshold = 0.1208)
2026-03-08 00:21:31,739 Epoch 8: Train Loss 0.5098, Valid Loss 0.4937
2026-03-08 00:21:31,739 ----- Save best model - auprc: 0.4463 -----
2026-03-08 00:21:48,147 [[758 275]
 [ 28 137]]
2026-03-08 00:21:48,150 AUC of ROC = 0.8471
2026-03-08 00:21:48,150 AUC of PRC = 0.4528
2026-03-08 00:21:48,150 min(+P, Se) = 0.4545
2026-03-08 00:21:48,151 f1_score = 0.4886 (threshold = 0.4267)
2026-03-08 00:21:48,151 Epoch 9: Train Loss 0.5043, Valid Loss 0.4817
2026-03-08 00:21:48,152 ----- Save best model - auprc: 0.4528 -----
2026-03-08 00:22:04,532 [[876 157]
 [ 57 108]]
2026-03-08 00:22:04,534 AUC of ROC = 0.8460
2026-03-08 00:22:04,535 AUC of PRC = 0.4659
2026-03-08 00:22:04,535 min(+P, Se) = 0.4734
2026-03-08 00:22:04,536 f1_score = 0.5069 (threshold = 0.0440)
2026-03-08 00:22:04,537 Epoch 10: Train Loss 0.4900, Valid Loss 0.4839
2026-03-08 00:22:04,537 ----- Save best model - auprc: 0.4659 -----
2026-03-08 00:22:20,951 [[792 241]
 [ 46 119]]
2026-03-08 00:22:20,953 AUC of ROC = 0.8405
2026-03-08 00:22:20,954 AUC of PRC = 0.4651
2026-03-08 00:22:20,955 min(+P, Se) = 0.4643
2026-03-08 00:22:20,955 f1_score = 0.4941 (threshold = 0.3607)
2026-03-08 00:22:20,956 Epoch 11: Train Loss 0.4909, Valid Loss 0.4905
2026-03-08 00:22:37,239 [[918 115]
 [ 72  93]]
2026-03-08 00:22:37,242 AUC of ROC = 0.8469
2026-03-08 00:22:37,242 AUC of PRC = 0.4596
2026-03-08 00:22:37,243 min(+P, Se) = 0.4759
2026-03-08 00:22:37,243 f1_score = 0.5073 (threshold = -0.2469)
2026-03-08 00:22:37,244 Epoch 12: Train Loss 0.4872, Valid Loss 0.5079
2026-03-08 00:22:53,630 [[736 297]
 [ 23 142]]
2026-03-08 00:22:53,633 AUC of ROC = 0.8552
2026-03-08 00:22:53,633 AUC of PRC = 0.4758
2026-03-08 00:22:53,634 min(+P, Se) = 0.4639
2026-03-08 00:22:53,634 f1_score = 0.5066 (threshold = 0.4621)
2026-03-08 00:22:53,635 Epoch 13: Train Loss 0.4780, Valid Loss 0.4727
2026-03-08 00:22:53,635 ----- Save best model - auprc: 0.4758 -----
2026-03-08 00:23:09,875 [[511 522]
 [  7 158]]
2026-03-08 00:23:09,880 AUC of ROC = 0.8419
2026-03-08 00:23:09,880 AUC of PRC = 0.4543
2026-03-08 00:23:09,881 min(+P, Se) = 0.4759
2026-03-08 00:23:09,881 f1_score = 0.4945 (threshold = 0.4931)
2026-03-08 00:23:09,882 Epoch 14: Train Loss 0.4755, Valid Loss 0.6266
2026-03-08 00:23:26,805 [[708 325]
 [ 19 146]]
2026-03-08 00:23:26,809 AUC of ROC = 0.8532
2026-03-08 00:23:26,810 AUC of PRC = 0.4793
2026-03-08 00:23:26,810 min(+P, Se) = 0.4848
2026-03-08 00:23:26,811 f1_score = 0.5103 (threshold = 0.4301)
2026-03-08 00:23:26,811 Epoch 15: Train Loss 0.4878, Valid Loss 0.4826
2026-03-08 00:23:26,812 ----- Save best model - auprc: 0.4793 -----
2026-03-08 00:23:43,306 [[777 256]
 [ 31 134]]
2026-03-08 00:23:43,309 AUC of ROC = 0.8555
2026-03-08 00:23:43,310 AUC of PRC = 0.4828
2026-03-08 00:23:43,310 min(+P, Se) = 0.4663
2026-03-08 00:23:43,310 f1_score = 0.5183 (threshold = 0.4005)
2026-03-08 00:23:43,310 Epoch 16: Train Loss 0.4672, Valid Loss 0.4623
2026-03-08 00:23:43,311 ----- Save best model - auprc: 0.4828 -----
2026-03-08 00:23:59,579 [[849 184]
 [ 50 115]]
2026-03-08 00:23:59,581 AUC of ROC = 0.8540
2026-03-08 00:23:59,581 AUC of PRC = 0.4872
2026-03-08 00:23:59,582 min(+P, Se) = 0.4910
2026-03-08 00:23:59,582 f1_score = 0.5204 (threshold = 0.1434)
2026-03-08 00:23:59,583 Epoch 17: Train Loss 0.4650, Valid Loss 0.4663
2026-03-08 00:23:59,583 ----- Save best model - auprc: 0.4872 -----
2026-03-08 00:24:15,926 [[811 222]
 [ 37 128]]
2026-03-08 00:24:15,928 AUC of ROC = 0.8547
2026-03-08 00:24:15,929 AUC of PRC = 0.4873
2026-03-08 00:24:15,930 min(+P, Se) = 0.4833
2026-03-08 00:24:15,930 f1_score = 0.5203 (threshold = 0.2419)
2026-03-08 00:24:15,931 Epoch 18: Train Loss 0.4586, Valid Loss 0.4605
2026-03-08 00:24:15,931 ----- Save best model - auprc: 0.4873 -----
2026-03-08 00:24:32,326 [[869 164]
 [ 54 111]]
2026-03-08 00:24:32,328 AUC of ROC = 0.8521
2026-03-08 00:24:32,329 AUC of PRC = 0.4849
2026-03-08 00:24:32,329 min(+P, Se) = 0.4788
2026-03-08 00:24:32,330 f1_score = 0.5189 (threshold = 0.0219)
2026-03-08 00:24:32,330 Epoch 19: Train Loss 0.4577, Valid Loss 0.4707
2026-03-08 00:24:48,651 [[792 241]
 [ 34 131]]
2026-03-08 00:24:48,653 AUC of ROC = 0.8525
2026-03-08 00:24:48,654 AUC of PRC = 0.4961
2026-03-08 00:24:48,654 min(+P, Se) = 0.4888
2026-03-08 00:24:48,655 f1_score = 0.5249 (threshold = 0.2955)
2026-03-08 00:24:48,655 Epoch 20: Train Loss 0.4581, Valid Loss 0.4652
2026-03-08 00:24:48,656 ----- Save best model - auprc: 0.4961 -----
2026-03-08 00:25:04,860 [[799 234]
 [ 36 129]]
2026-03-08 00:25:04,862 AUC of ROC = 0.8575
2026-03-08 00:25:04,863 AUC of PRC = 0.4949
2026-03-08 00:25:04,863 min(+P, Se) = 0.4788
2026-03-08 00:25:04,863 f1_score = 0.5243 (threshold = 0.3950)
2026-03-08 00:25:04,864 Epoch 21: Train Loss 0.4537, Valid Loss 0.4596
2026-03-08 00:25:21,122 [[797 236]
 [ 36 129]]
2026-03-08 00:25:21,124 AUC of ROC = 0.8565
2026-03-08 00:25:21,125 AUC of PRC = 0.4961
2026-03-08 00:25:21,125 min(+P, Se) = 0.4773
2026-03-08 00:25:21,126 f1_score = 0.5217 (threshold = 0.4219)
2026-03-08 00:25:21,127 Epoch 22: Train Loss 0.4457, Valid Loss 0.4609
2026-03-08 00:25:37,554 [[840 193]
 [ 47 118]]
2026-03-08 00:25:37,557 AUC of ROC = 0.8546
2026-03-08 00:25:37,558 AUC of PRC = 0.4979
2026-03-08 00:25:37,559 min(+P, Se) = 0.4910
2026-03-08 00:25:37,559 f1_score = 0.5275 (threshold = 0.2031)
2026-03-08 00:25:37,559 Epoch 23: Train Loss 0.4482, Valid Loss 0.4634
2026-03-08 00:25:37,560 ----- Save best model - auprc: 0.4979 -----
2026-03-08 00:25:54,091 [[793 240]
 [ 34 131]]
2026-03-08 00:25:54,093 AUC of ROC = 0.8556
2026-03-08 00:25:54,093 AUC of PRC = 0.4951
2026-03-08 00:25:54,093 min(+P, Se) = 0.4970
2026-03-08 00:25:54,094 f1_score = 0.5166 (threshold = 0.2661)
2026-03-08 00:25:54,094 Epoch 24: Train Loss 0.4515, Valid Loss 0.4608
2026-03-08 00:26:10,434 [[810 223]
 [ 36 129]]
2026-03-08 00:26:10,437 AUC of ROC = 0.8576
2026-03-08 00:26:10,437 AUC of PRC = 0.4981
2026-03-08 00:26:10,438 min(+P, Se) = 0.4940
2026-03-08 00:26:10,439 f1_score = 0.5251 (threshold = 0.3482)
2026-03-08 00:26:10,439 Epoch 25: Train Loss 0.4459, Valid Loss 0.4581
2026-03-08 00:26:10,440 ----- Save best model - auprc: 0.4981 -----
2026-03-08 00:26:10,477 last saved model is in epoch 25
2026-03-08 00:26:11,483 [[801 228]
 [ 40 131]]
2026-03-08 00:26:11,485 AUC of ROC = 0.8467
2026-03-08 00:26:11,485 AUC of PRC = 0.4722
2026-03-08 00:26:11,486 min(+P, Se) = 0.4912
2026-03-08 00:26:11,486 f1_score = 0.5226 (threshold = 0.4836)
2026-03-08 00:26:11,487 Test Loss 0.5035
