2026-04-16 19:12:30,671 {
    "dataset": "c12",
    "data_dropout": 0.0,
    "epochs": 25,
    "lr": 0.001,
    "d_model": 32,
    "seed": 1,
    "batch_size": 64,
    "dropout": 0.1,
    "save_model": true,
    "save_dir": "./export/c12/smart-smile-v2-no-mnar-cls/seed_1",
    "local_rank": 0,
    "min_mask_ratio": 0.15,
    "max_mask_ratio": 0.75,
    "e_layers": 2,
    "n_heads": 4,
    "time_dim": 16,
    "use_film": false,
    "use_smile": false,
    "use_smile_film": false,
    "use_smile_v2": true,
    "use_smile_v2_film": false,
    "use_smile_lean": false,
    "use_smile_lean_samepretrain": false,
    "use_smile_lean_v2": false,
    "use_mnar": false,
    "save_last": true,
    "smile_no_mnar": false,
    "smile_no_curriculum": false,
    "smile_mask_type": "all",
    "smile_mnar_dropout": 0.05,
    "obs_density_window": 5,
    "abl_no_density": false,
    "abl_no_mnar_bias": false,
    "abl_no_film": false,
    "abl_no_time_mnar": false,
    "abl_no_time_pe": false,
    "abl_no_cross_attn": false,
    "abl_no_mnar_cls": true,
    "pretrain_mask_mode": "fixed",
    "ratio_temperature": 1.0,
    "smile_stratified": false,
    "smile_mask_weights": null
}
2026-04-16 19:12:32,128 Dataset Loaded.
2026-04-16 19:12:32,129 system_groups: {'Vital_Invasive': 3, 'Blood_Gas': 4, 'Electrolyte': 5, 'Liver_Enzyme': 6, 'CBC': 3, 'Oxygenation': 3, 'Metabolic': 2}
2026-04-16 19:12:48,877 Epoch 1: Train Loss 6.8252, Valid Loss 2.4786, EMA Val 2.4786
2026-04-16 19:13:03,090 Epoch 2: Train Loss 2.3758, Valid Loss 1.5351, EMA Val 2.1955
2026-04-16 19:13:16,289 Epoch 3: Train Loss 1.6185, Valid Loss 1.0906, EMA Val 1.8641
2026-04-16 19:13:30,108 Epoch 4: Train Loss 1.2309, Valid Loss 0.8733, EMA Val 1.5668
2026-04-16 19:13:43,889 Epoch 5: Train Loss 1.0454, Valid Loss 0.7757, EMA Val 1.3295
2026-04-16 19:13:58,206 Epoch 6: Train Loss 0.9230, Valid Loss 0.7272, EMA Val 1.1488
2026-04-16 19:14:12,736 Epoch 7: Train Loss 0.8845, Valid Loss 0.6956, EMA Val 1.0128
2026-04-16 19:14:26,961 Epoch 8: Train Loss 0.8476, Valid Loss 0.6886, EMA Val 0.9156
2026-04-16 19:14:40,451 Epoch 9: Train Loss 0.8158, Valid Loss 0.6787, EMA Val 0.8445
2026-04-16 19:14:53,625 Epoch 10: Train Loss 0.8191, Valid Loss 0.6682, EMA Val 0.7916
2026-04-16 19:15:06,581 Epoch 11: Train Loss 0.8197, Valid Loss 0.7010, EMA Val 0.7644
2026-04-16 19:15:19,443 Epoch 12: Train Loss 0.8068, Valid Loss 0.6874, EMA Val 0.7413
2026-04-16 19:15:32,369 Epoch 13: Train Loss 0.8186, Valid Loss 0.6833, EMA Val 0.7239
2026-04-16 19:15:45,435 Epoch 14: Train Loss 0.7909, Valid Loss 0.6918, EMA Val 0.7143
2026-04-16 19:15:58,725 Epoch 15: Train Loss 0.8346, Valid Loss 0.7589, EMA Val 0.7277
2026-04-16 19:16:12,156 Epoch 16: Train Loss 0.8294, Valid Loss 0.7302, EMA Val 0.7284
2026-04-16 19:16:25,219 Epoch 17: Train Loss 0.8228, Valid Loss 0.7240, EMA Val 0.7271
2026-04-16 19:16:38,408 Epoch 18: Train Loss 0.8561, Valid Loss 0.8068, EMA Val 0.7510
2026-04-16 19:16:51,345 Epoch 19: Train Loss 0.8072, Valid Loss 0.7777, EMA Val 0.7590
2026-04-16 19:17:04,407 Epoch 20: Train Loss 0.8352, Valid Loss 0.7527, EMA Val 0.7571
2026-04-16 19:17:17,799 Epoch 21: Train Loss 0.8173, Valid Loss 0.7668, EMA Val 0.7600
2026-04-16 19:17:30,947 Epoch 22: Train Loss 0.7829, Valid Loss 0.8202, EMA Val 0.7781
2026-04-16 19:17:44,033 Epoch 23: Train Loss 0.7930, Valid Loss 0.9198, EMA Val 0.8206
2026-04-16 19:17:57,272 Epoch 24: Train Loss 0.7883, Valid Loss 0.7929, EMA Val 0.8123
2026-04-16 19:18:10,595 Epoch 25: Train Loss 0.8024, Valid Loss 0.8310, EMA Val 0.8179
2026-04-16 19:18:10,596 ----- Save last epoch model - L1: 0.8179 -----
2026-04-16 19:18:10,639 last saved model is in epoch 25
2026-04-16 19:18:11,716 Test Loss 0.8828
2026-04-16 19:18:16,326 {
    "dataset": "c12",
    "data_dropout": 0.0,
    "epochs": 35,
    "freeze_epochs": 5,
    "lr": 0.001,
    "d_model": 32,
    "seed": 1,
    "batch_size": 64,
    "dropout": 0.1,
    "save_model": true,
    "save_dir": "./export/c12/smart-smile-v2-no-mnar-cls/seed_1",
    "pretrain_dir": null,
    "local_rank": 0,
    "e_layers": 2,
    "n_heads": 4,
    "time_dim": 16,
    "use_film": false,
    "use_smile": false,
    "use_smile_film": false,
    "use_mnar": false,
    "use_smile_v2": true,
    "use_smile_v2_film": false,
    "use_smile_lean": false,
    "use_smile_lean_samepretrain": false,
    "use_smile_lean_v2": false,
    "obs_density_window": 5,
    "abl_no_density": false,
    "abl_no_mnar_bias": false,
    "abl_no_film": false,
    "abl_no_time_mnar": false,
    "abl_no_time_pe": false,
    "abl_no_cross_attn": false,
    "abl_no_mnar_cls": true,
    "smile_no_mnar": false,
    "smile_no_curriculum": false,
    "smile_mask_type": "all",
    "smile_mnar_dropout": 0.05,
    "smile_mnar_dropout_initial": 0.0,
    "smile_stratified": false
}
2026-04-16 19:18:17,801 Dataset Loaded.
2026-04-16 19:18:19,625 Class weights: [0.5820587277412415, 3.546597719192505]
2026-04-16 19:18:19,646 last saved model is in epoch 25
2026-04-16 19:18:28,485 [[588 446]
 [ 21 143]]
2026-04-16 19:18:28,490 AUC of ROC = 0.7955
2026-04-16 19:18:28,490 AUC of PRC = 0.4205
2026-04-16 19:18:28,491 min(+P, Se) = 0.4386
2026-04-16 19:18:28,491 f1_score = 0.4478 (threshold = -0.2926)
2026-04-16 19:18:28,491 Epoch 1: Train Loss 0.7610, Valid Loss 0.5703
2026-04-16 19:18:28,492 ----- Save best model - auprc: 0.4205 -----
2026-04-16 19:18:37,119 [[519 515]
 [ 10 154]]
2026-04-16 19:18:37,123 AUC of ROC = 0.8237
2026-04-16 19:18:37,124 AUC of PRC = 0.4492
2026-04-16 19:18:37,124 min(+P, Se) = 0.4606
2026-04-16 19:18:37,124 f1_score = 0.4769 (threshold = -0.0408)
2026-04-16 19:18:37,124 Epoch 2: Train Loss 0.6295, Valid Loss 0.5954
2026-04-16 19:18:37,125 ----- Save best model - auprc: 0.4492 -----
2026-04-16 19:18:45,676 [[708 326]
 [ 24 140]]
2026-04-16 19:18:45,681 AUC of ROC = 0.8188
2026-04-16 19:18:45,681 AUC of PRC = 0.4307
2026-04-16 19:18:45,681 min(+P, Se) = 0.4250
2026-04-16 19:18:45,681 f1_score = 0.4709 (threshold = -0.1745)
2026-04-16 19:18:45,682 Epoch 3: Train Loss 0.6081, Valid Loss 0.4952
2026-04-16 19:18:54,364 [[870 164]
 [ 49 115]]
2026-04-16 19:18:54,368 AUC of ROC = 0.8287
2026-04-16 19:18:54,368 AUC of PRC = 0.4473
2026-04-16 19:18:54,368 min(+P, Se) = 0.4551
2026-04-16 19:18:54,369 f1_score = 0.4738 (threshold = -0.6131)
2026-04-16 19:18:54,369 Epoch 4: Train Loss 0.5766, Valid Loss 0.4807
2026-04-16 19:19:02,795 [[831 203]
 [ 43 121]]
2026-04-16 19:19:02,799 AUC of ROC = 0.8287
2026-04-16 19:19:02,799 AUC of PRC = 0.4518
2026-04-16 19:19:02,799 min(+P, Se) = 0.4667
2026-04-16 19:19:02,799 f1_score = 0.4833 (threshold = -0.4497)
2026-04-16 19:19:02,800 Epoch 5: Train Loss 0.5929, Valid Loss 0.4707
2026-04-16 19:19:02,800 ----- Save best model - auprc: 0.4518 -----
2026-04-16 19:19:14,836 [[879 155]
 [ 53 111]]
2026-04-16 19:19:14,841 AUC of ROC = 0.8383
2026-04-16 19:19:14,841 AUC of PRC = 0.4537
2026-04-16 19:19:14,841 min(+P, Se) = 0.4512
2026-04-16 19:19:14,841 f1_score = 0.5164 (threshold = -0.5606)
2026-04-16 19:19:14,842 Epoch 6: Train Loss 0.5633, Valid Loss 0.4761
2026-04-16 19:19:14,842 ----- Save best model - auprc: 0.4537 -----
2026-04-16 19:19:26,660 [[892 142]
 [ 56 108]]
2026-04-16 19:19:26,664 AUC of ROC = 0.8543
2026-04-16 19:19:26,664 AUC of PRC = 0.4868
2026-04-16 19:19:26,665 min(+P, Se) = 0.4882
2026-04-16 19:19:26,665 f1_score = 0.5217 (threshold = -0.1200)
2026-04-16 19:19:26,665 Epoch 7: Train Loss 0.5304, Valid Loss 0.4665
2026-04-16 19:19:26,666 ----- Save best model - auprc: 0.4868 -----
2026-04-16 19:19:39,215 [[860 174]
 [ 37 127]]
2026-04-16 19:19:39,219 AUC of ROC = 0.8628
2026-04-16 19:19:39,220 AUC of PRC = 0.5162
2026-04-16 19:19:39,220 min(+P, Se) = 0.5152
2026-04-16 19:19:39,220 f1_score = 0.5418 (threshold = 0.2274)
2026-04-16 19:19:39,220 Epoch 8: Train Loss 0.5182, Valid Loss 0.4535
2026-04-16 19:19:39,221 ----- Save best model - auprc: 0.5162 -----
2026-04-16 19:19:51,135 [[782 252]
 [ 33 131]]
2026-04-16 19:19:51,139 AUC of ROC = 0.8523
2026-04-16 19:19:51,139 AUC of PRC = 0.4756
2026-04-16 19:19:51,140 min(+P, Se) = 0.4551
2026-04-16 19:19:51,140 f1_score = 0.5268 (threshold = 0.0064)
2026-04-16 19:19:51,140 Epoch 9: Train Loss 0.4973, Valid Loss 0.4656
2026-04-16 19:20:03,005 [[775 259]
 [ 28 136]]
2026-04-16 19:20:03,009 AUC of ROC = 0.8665
2026-04-16 19:20:03,010 AUC of PRC = 0.5175
2026-04-16 19:20:03,010 min(+P, Se) = 0.5449
2026-04-16 19:20:03,010 f1_score = 0.5673 (threshold = 0.3948)
2026-04-16 19:20:03,010 Epoch 10: Train Loss 0.4939, Valid Loss 0.4570
2026-04-16 19:20:03,011 ----- Save best model - auprc: 0.5175 -----
2026-04-16 19:20:14,760 [[803 231]
 [ 30 134]]
2026-04-16 19:20:14,764 AUC of ROC = 0.8618
2026-04-16 19:20:14,764 AUC of PRC = 0.5014
2026-04-16 19:20:14,764 min(+P, Se) = 0.5000
2026-04-16 19:20:14,764 f1_score = 0.5244 (threshold = 0.3234)
2026-04-16 19:20:14,765 Epoch 11: Train Loss 0.4921, Valid Loss 0.4428
2026-04-16 19:20:26,420 [[848 186]
 [ 36 128]]
2026-04-16 19:20:26,424 AUC of ROC = 0.8701
2026-04-16 19:20:26,424 AUC of PRC = 0.5214
2026-04-16 19:20:26,424 min(+P, Se) = 0.5212
2026-04-16 19:20:26,425 f1_score = 0.5508 (threshold = 0.1352)
2026-04-16 19:20:26,425 Epoch 12: Train Loss 0.4862, Valid Loss 0.4448
2026-04-16 19:20:26,425 ----- Save best model - auprc: 0.5214 -----
2026-04-16 19:20:38,143 [[880 154]
 [ 41 123]]
2026-04-16 19:20:38,147 AUC of ROC = 0.8710
2026-04-16 19:20:38,147 AUC of PRC = 0.5315
2026-04-16 19:20:38,147 min(+P, Se) = 0.5152
2026-04-16 19:20:38,147 f1_score = 0.5503 (threshold = 0.0425)
2026-04-16 19:20:38,148 Epoch 13: Train Loss 0.4839, Valid Loss 0.4383
2026-04-16 19:20:38,148 ----- Save best model - auprc: 0.5315 -----
2026-04-16 19:20:49,865 [[867 167]
 [ 43 121]]
2026-04-16 19:20:49,869 AUC of ROC = 0.8741
2026-04-16 19:20:49,870 AUC of PRC = 0.5513
2026-04-16 19:20:49,870 min(+P, Se) = 0.5549
2026-04-16 19:20:49,870 f1_score = 0.5579 (threshold = -0.0308)
2026-04-16 19:20:49,870 Epoch 14: Train Loss 0.4822, Valid Loss 0.4473
2026-04-16 19:20:49,871 ----- Save best model - auprc: 0.5513 -----
2026-04-16 19:21:01,577 [[741 293]
 [ 23 141]]
2026-04-16 19:21:01,581 AUC of ROC = 0.8621
2026-04-16 19:21:01,582 AUC of PRC = 0.4994
2026-04-16 19:21:01,582 min(+P, Se) = 0.5244
2026-04-16 19:21:01,582 f1_score = 0.5388 (threshold = 0.3256)
2026-04-16 19:21:01,582 Epoch 15: Train Loss 0.4716, Valid Loss 0.4515
2026-04-16 19:21:13,085 [[892 142]
 [ 49 115]]
2026-04-16 19:21:13,089 AUC of ROC = 0.8676
2026-04-16 19:21:13,090 AUC of PRC = 0.5292
2026-04-16 19:21:13,090 min(+P, Se) = 0.5305
2026-04-16 19:21:13,090 f1_score = 0.5380 (threshold = 0.1330)
2026-04-16 19:21:13,090 Epoch 16: Train Loss 0.4721, Valid Loss 0.4560
2026-04-16 19:21:25,236 [[743 291]
 [ 21 143]]
2026-04-16 19:21:25,240 AUC of ROC = 0.8715
2026-04-16 19:21:25,240 AUC of PRC = 0.5434
2026-04-16 19:21:25,240 min(+P, Se) = 0.5455
2026-04-16 19:21:25,240 f1_score = 0.5588 (threshold = 0.6761)
2026-04-16 19:21:25,241 Epoch 17: Train Loss 0.4734, Valid Loss 0.4641
2026-04-16 19:21:37,299 [[786 248]
 [ 31 133]]
2026-04-16 19:21:37,303 AUC of ROC = 0.8711
2026-04-16 19:21:37,304 AUC of PRC = 0.5503
2026-04-16 19:21:37,304 min(+P, Se) = 0.5427
2026-04-16 19:21:37,304 f1_score = 0.5561 (threshold = 0.2954)
2026-04-16 19:21:37,304 Epoch 18: Train Loss 0.4634, Valid Loss 0.4455
2026-04-16 19:21:49,001 [[818 216]
 [ 33 131]]
2026-04-16 19:21:49,005 AUC of ROC = 0.8733
2026-04-16 19:21:49,005 AUC of PRC = 0.5361
2026-04-16 19:21:49,006 min(+P, Se) = 0.5366
2026-04-16 19:21:49,006 f1_score = 0.5545 (threshold = 0.1722)
2026-04-16 19:21:49,006 Epoch 19: Train Loss 0.4614, Valid Loss 0.4358
2026-04-16 19:22:00,742 [[784 250]
 [ 27 137]]
2026-04-16 19:22:00,746 AUC of ROC = 0.8696
2026-04-16 19:22:00,747 AUC of PRC = 0.5314
2026-04-16 19:22:00,747 min(+P, Se) = 0.5329
2026-04-16 19:22:00,747 f1_score = 0.5389 (threshold = 0.4458)
2026-04-16 19:22:00,748 Epoch 20: Train Loss 0.4592, Valid Loss 0.4464
2026-04-16 19:22:13,926 [[814 220]
 [ 30 134]]
2026-04-16 19:22:13,930 AUC of ROC = 0.8719
2026-04-16 19:22:13,930 AUC of PRC = 0.5355
2026-04-16 19:22:13,931 min(+P, Se) = 0.5333
2026-04-16 19:22:13,931 f1_score = 0.5425 (threshold = 0.0221)
2026-04-16 19:22:13,931 Epoch 21: Train Loss 0.4617, Valid Loss 0.4352
2026-04-16 19:22:26,086 [[766 268]
 [ 29 135]]
2026-04-16 19:22:26,090 AUC of ROC = 0.8692
2026-04-16 19:22:26,091 AUC of PRC = 0.5263
2026-04-16 19:22:26,091 min(+P, Se) = 0.5305
2026-04-16 19:22:26,091 f1_score = 0.5343 (threshold = 0.2099)
2026-04-16 19:22:26,092 Epoch 22: Train Loss 0.4534, Valid Loss 0.4431
2026-04-16 19:22:37,808 [[806 228]
 [ 33 131]]
2026-04-16 19:22:37,812 AUC of ROC = 0.8723
2026-04-16 19:22:37,813 AUC of PRC = 0.5374
2026-04-16 19:22:37,813 min(+P, Se) = 0.5273
2026-04-16 19:22:37,813 f1_score = 0.5473 (threshold = 0.3144)
2026-04-16 19:22:37,814 Epoch 23: Train Loss 0.4452, Valid Loss 0.4363
2026-04-16 19:22:49,630 [[763 271]
 [ 27 137]]
2026-04-16 19:22:49,634 AUC of ROC = 0.8711
2026-04-16 19:22:49,635 AUC of PRC = 0.5285
2026-04-16 19:22:49,635 min(+P, Se) = 0.5515
2026-04-16 19:22:49,635 f1_score = 0.5580 (threshold = 0.5974)
2026-04-16 19:22:49,635 Epoch 24: Train Loss 0.4439, Valid Loss 0.4484
2026-04-16 19:23:01,782 [[805 229]
 [ 33 131]]
2026-04-16 19:23:01,786 AUC of ROC = 0.8745
2026-04-16 19:23:01,787 AUC of PRC = 0.5427
2026-04-16 19:23:01,787 min(+P, Se) = 0.5576
2026-04-16 19:23:01,787 f1_score = 0.5597 (threshold = 0.5179)
2026-04-16 19:23:01,787 Epoch 25: Train Loss 0.4425, Valid Loss 0.4355
2026-04-16 19:23:14,729 [[845 189]
 [ 44 120]]
2026-04-16 19:23:14,733 AUC of ROC = 0.8672
2026-04-16 19:23:14,733 AUC of PRC = 0.5264
2026-04-16 19:23:14,734 min(+P, Se) = 0.5212
2026-04-16 19:23:14,734 f1_score = 0.5418 (threshold = 0.1230)
2026-04-16 19:23:14,734 Epoch 26: Train Loss 0.4392, Valid Loss 0.4423
2026-04-16 19:23:28,345 [[786 248]
 [ 28 136]]
2026-04-16 19:23:28,349 AUC of ROC = 0.8735
2026-04-16 19:23:28,349 AUC of PRC = 0.5341
2026-04-16 19:23:28,350 min(+P, Se) = 0.5389
2026-04-16 19:23:28,350 f1_score = 0.5519 (threshold = 0.4089)
2026-04-16 19:23:28,350 Epoch 27: Train Loss 0.4347, Valid Loss 0.4375
2026-04-16 19:23:40,707 [[818 216]
 [ 38 126]]
2026-04-16 19:23:40,711 AUC of ROC = 0.8706
2026-04-16 19:23:40,711 AUC of PRC = 0.5309
2026-04-16 19:23:40,711 min(+P, Se) = 0.5427
2026-04-16 19:23:40,712 f1_score = 0.5500 (threshold = 0.4411)
2026-04-16 19:23:40,712 Epoch 28: Train Loss 0.4318, Valid Loss 0.4391
2026-04-16 19:23:52,261 [[845 189]
 [ 43 121]]
2026-04-16 19:23:52,265 AUC of ROC = 0.8678
2026-04-16 19:23:52,266 AUC of PRC = 0.5266
2026-04-16 19:23:52,266 min(+P, Se) = 0.5172
2026-04-16 19:23:52,266 f1_score = 0.5459 (threshold = 0.2191)
2026-04-16 19:23:52,267 Epoch 29: Train Loss 0.4276, Valid Loss 0.4426
2026-04-16 19:24:02,845 [[830 204]
 [ 40 124]]
2026-04-16 19:24:02,849 AUC of ROC = 0.8700
2026-04-16 19:24:02,849 AUC of PRC = 0.5271
2026-04-16 19:24:02,849 min(+P, Se) = 0.5361
2026-04-16 19:24:02,850 f1_score = 0.5422 (threshold = 0.2504)
2026-04-16 19:24:02,850 Epoch 30: Train Loss 0.4279, Valid Loss 0.4386
2026-04-16 19:24:15,564 [[805 229]
 [ 37 127]]
2026-04-16 19:24:15,568 AUC of ROC = 0.8689
2026-04-16 19:24:15,568 AUC of PRC = 0.5278
2026-04-16 19:24:15,569 min(+P, Se) = 0.5366
2026-04-16 19:24:15,569 f1_score = 0.5446 (threshold = 0.2607)
2026-04-16 19:24:15,569 Epoch 31: Train Loss 0.4269, Valid Loss 0.4412
2026-04-16 19:24:28,837 [[784 250]
 [ 35 129]]
2026-04-16 19:24:28,842 AUC of ROC = 0.8698
2026-04-16 19:24:28,842 AUC of PRC = 0.5292
2026-04-16 19:24:28,842 min(+P, Se) = 0.5305
2026-04-16 19:24:28,842 f1_score = 0.5484 (threshold = 0.3975)
2026-04-16 19:24:28,843 Epoch 32: Train Loss 0.4234, Valid Loss 0.4419
2026-04-16 19:24:41,058 [[780 254]
 [ 33 131]]
2026-04-16 19:24:41,062 AUC of ROC = 0.8691
2026-04-16 19:24:41,063 AUC of PRC = 0.5278
2026-04-16 19:24:41,063 min(+P, Se) = 0.5244
2026-04-16 19:24:41,063 f1_score = 0.5469 (threshold = 0.3927)
2026-04-16 19:24:41,063 Epoch 33: Train Loss 0.4187, Valid Loss 0.4443
2026-04-16 19:24:54,057 [[802 232]
 [ 37 127]]
2026-04-16 19:24:54,061 AUC of ROC = 0.8696
2026-04-16 19:24:54,062 AUC of PRC = 0.5289
2026-04-16 19:24:54,062 min(+P, Se) = 0.5294
2026-04-16 19:24:54,062 f1_score = 0.5445 (threshold = 0.3423)
2026-04-16 19:24:54,063 Epoch 34: Train Loss 0.4203, Valid Loss 0.4408
2026-04-16 19:25:05,821 [[814 220]
 [ 39 125]]
2026-04-16 19:25:05,825 AUC of ROC = 0.8696
2026-04-16 19:25:05,826 AUC of PRC = 0.5293
2026-04-16 19:25:05,826 min(+P, Se) = 0.5305
2026-04-16 19:25:05,826 f1_score = 0.5440 (threshold = 0.2967)
2026-04-16 19:25:05,827 Epoch 35: Train Loss 0.4178, Valid Loss 0.4401
2026-04-16 19:25:05,838 last saved model is in epoch 14
2026-04-16 19:25:06,721 [[856 153]
 [ 71 120]]
2026-04-16 19:25:06,724 AUC of ROC = 0.8549
2026-04-16 19:25:06,725 AUC of PRC = 0.5549
2026-04-16 19:25:06,725 min(+P, Se) = 0.5288
2026-04-16 19:25:06,725 f1_score = 0.5455 (threshold = -0.1060)
2026-04-16 19:25:06,725 Test Loss 0.5107
