2026-04-25 02:04:42,902 {
    "dataset": "c19",
    "data_dropout": 0.0,
    "epochs": 25,
    "lr": 0.001,
    "d_model": 32,
    "seed": 1,
    "batch_size": 64,
    "num_workers": null,
    "dropout": 0.1,
    "save_model": true,
    "save_dir": "./export/c19/smart-smile-lean-no-film/seed_1",
    "local_rank": 0,
    "min_mask_ratio": 0.15,
    "max_mask_ratio": 0.75,
    "e_layers": 2,
    "n_heads": 4,
    "time_dim": 16,
    "use_film": false,
    "use_smile": false,
    "use_smile_film": false,
    "use_smile_v2": false,
    "use_smile_v2_film": false,
    "use_smile_lean": true,
    "use_smile_lean_samepretrain": false,
    "use_smile_lean_v2": false,
    "use_mnar": false,
    "save_last": true,
    "smile_no_mnar": false,
    "smile_no_curriculum": false,
    "smile_mask_type": "all",
    "smile_mnar_dropout": 0.05,
    "obs_density_window": 5,
    "abl_no_density": false,
    "abl_no_mnar_bias": false,
    "abl_no_film": true,
    "abl_no_time_mnar": false,
    "abl_no_time_pe": false,
    "abl_no_cross_attn": false,
    "abl_no_mnar_cls": false,
    "abl_no_policy": false,
    "abl_no_dynamic_mnar": false,
    "abl_no_dual_head": false,
    "pretrain_mask_mode": "fixed",
    "ratio_temperature": 1.0,
    "smile_stratified": false,
    "smile_mask_weights": null,
    "rank": 0,
    "world_size": 2,
    "distributed": true,
    "gpu": 0,
    "dist_backend": "nccl"
}
2026-04-25 02:04:52,749 Dataset Loaded.
2026-04-25 02:04:52,749 system_groups: {'Vital_Basic': 7, 'Resp_Gas': 7, 'Liver_Enzyme': 2, 'Renal': 3, 'Coagulation': 3, 'CBC': 3, 'Bilirubin': 2}
2026-04-25 02:04:52,749 DataLoader kwargs: {'num_workers': 4, 'pin_memory': True, 'persistent_workers': True, 'prefetch_factor': 2}
2026-04-25 02:04:52,751 Runtime init: variable order resolved.
2026-04-25 02:04:52,752 Runtime init: variable order moved to CUDA.
2026-04-25 02:04:52,768 Runtime init: encoder moved to CUDA.
2026-04-25 02:04:52,770 Runtime init: predictor moved to CUDA.
2026-04-25 02:04:52,775 Runtime init: target encoder copied.
2026-04-25 02:04:54,585 Runtime init: DDP wrap complete.
2026-04-25 02:05:13,429 Epoch 1: Train Loss 0.1043, Valid Loss 0.0235, EMA Val 0.0235
2026-04-25 02:05:30,757 Epoch 2: Train Loss 0.0609, Valid Loss 0.0234, EMA Val 0.0234
2026-04-25 02:05:48,232 Epoch 3: Train Loss 0.0549, Valid Loss 0.0224, EMA Val 0.0231
2026-04-25 02:06:05,910 Epoch 4: Train Loss 0.0501, Valid Loss 0.0236, EMA Val 0.0232
2026-04-25 02:06:23,377 Epoch 5: Train Loss 0.0478, Valid Loss 0.0244, EMA Val 0.0236
2026-04-25 02:06:40,880 Epoch 6: Train Loss 0.0473, Valid Loss 0.0261, EMA Val 0.0243
2026-04-25 02:06:58,730 Epoch 7: Train Loss 0.0475, Valid Loss 0.0253, EMA Val 0.0246
2026-04-25 02:07:16,023 Epoch 8: Train Loss 0.0464, Valid Loss 0.0251, EMA Val 0.0248
2026-04-25 02:07:33,464 Epoch 9: Train Loss 0.0457, Valid Loss 0.0258, EMA Val 0.0251
2026-04-25 02:07:48,590 Epoch 10: Train Loss 0.0486, Valid Loss 0.0276, EMA Val 0.0258
2026-04-25 02:08:04,078 Epoch 11: Train Loss 0.0498, Valid Loss 0.0289, EMA Val 0.0268
2026-04-25 02:08:19,024 Epoch 12: Train Loss 0.0512, Valid Loss 0.0314, EMA Val 0.0281
2026-04-25 02:08:33,289 Epoch 13: Train Loss 0.0539, Valid Loss 0.0334, EMA Val 0.0297
2026-04-25 02:08:48,098 Epoch 14: Train Loss 0.0549, Valid Loss 0.0320, EMA Val 0.0304
2026-04-25 02:09:03,547 Epoch 15: Train Loss 0.0558, Valid Loss 0.0331, EMA Val 0.0312
2026-04-25 02:09:19,859 Epoch 16: Train Loss 0.0604, Valid Loss 0.0346, EMA Val 0.0322
2026-04-25 02:09:37,264 Epoch 17: Train Loss 0.0609, Valid Loss 0.0344, EMA Val 0.0329
2026-04-25 02:09:53,508 Epoch 18: Train Loss 0.0639, Valid Loss 0.0387, EMA Val 0.0346
2026-04-25 02:10:11,027 Epoch 19: Train Loss 0.0666, Valid Loss 0.0365, EMA Val 0.0352
2026-04-25 02:10:28,498 Epoch 20: Train Loss 0.0654, Valid Loss 0.0367, EMA Val 0.0356
2026-04-25 02:10:44,278 Epoch 21: Train Loss 0.0686, Valid Loss 0.0383, EMA Val 0.0364
2026-04-25 02:11:02,425 Epoch 22: Train Loss 0.0713, Valid Loss 0.0391, EMA Val 0.0372
2026-04-25 02:11:19,123 Epoch 23: Train Loss 0.0722, Valid Loss 0.0427, EMA Val 0.0389
2026-04-25 02:11:35,603 Epoch 24: Train Loss 0.0769, Valid Loss 0.0405, EMA Val 0.0394
2026-04-25 02:11:52,634 Epoch 25: Train Loss 0.0739, Valid Loss 0.0405, EMA Val 0.0397
2026-04-25 02:11:52,635 ----- Save last epoch model - L1: 0.0397 -----
2026-04-25 02:11:52,683 last saved model is in epoch 25
2026-04-25 02:11:54,737 Test Loss 0.0411
2026-04-25 02:13:07,761 {
    "dataset": "c19",
    "data_dropout": 0.0,
    "epochs": 25,
    "freeze_epochs": 5,
    "lr": 0.001,
    "d_model": 32,
    "seed": 1,
    "batch_size": 64,
    "num_workers": null,
    "dropout": 0.1,
    "save_model": true,
    "save_dir": "./export/c19/smart-smile-lean-no-film/seed_1",
    "pretrain_dir": null,
    "local_rank": 0,
    "e_layers": 2,
    "n_heads": 4,
    "time_dim": 16,
    "use_film": false,
    "use_smile": false,
    "use_smile_film": false,
    "use_mnar": false,
    "use_smile_v2": false,
    "use_smile_v2_film": false,
    "use_smile_lean": true,
    "use_smile_lean_samepretrain": false,
    "use_smile_lean_v2": false,
    "obs_density_window": 5,
    "abl_no_density": false,
    "abl_no_mnar_bias": false,
    "abl_no_film": true,
    "abl_no_time_mnar": false,
    "abl_no_time_pe": false,
    "abl_no_cross_attn": false,
    "abl_no_mnar_cls": false,
    "abl_no_policy": false,
    "abl_no_dynamic_mnar": false,
    "abl_no_dual_head": false,
    "smile_no_mnar": false,
    "smile_no_curriculum": false,
    "smile_mask_type": "all",
    "smile_mnar_dropout": 0.05,
    "smile_mnar_dropout_initial": 0.0,
    "smile_stratified": false,
    "los_task": "classification",
    "los_label_unit": "auto",
    "los_use_class_weights": false,
    "los_save_metric": "auc_micro",
    "rank": 0,
    "world_size": 2,
    "distributed": true,
    "gpu": 0,
    "dist_backend": "nccl"
}
2026-04-25 02:13:16,995 Dataset Loaded.
2026-04-25 02:13:16,995 DataLoader kwargs: {'num_workers': 4, 'pin_memory': True, 'persistent_workers': True, 'prefetch_factor': 2}
2026-04-25 02:13:16,997 Runtime init: variable order resolved.
2026-04-25 02:13:16,998 Runtime init: variable order moved to CUDA.
2026-04-25 02:13:17,006 Runtime init: encoder moved to CUDA.
2026-04-25 02:13:17,007 Runtime init: classifier moved to CUDA.
2026-04-25 02:13:18,826 Runtime init: DDP wrap complete.
2026-04-25 02:13:18,835 Class weights: [0.5393641591072083, 6.850955486297607]
2026-04-25 02:13:18,853 last saved model is in epoch 25
2026-04-25 02:13:26,480 [[3364  374]
 [ 103  192]]
2026-04-25 02:13:26,489 AUC of ROC = 0.8710
2026-04-25 02:13:26,489 AUC of PRC = 0.4419
2026-04-25 02:13:26,489 min(+P, Se) = 0.5169
2026-04-25 02:13:26,489 f1_score = 0.5188 (threshold = 0.2990)
2026-04-25 02:13:26,490 Epoch 1: Train Loss 0.5526, Valid Loss 0.4688
2026-04-25 02:13:26,491 ----- Save best model - auprc: 0.4419 -----
2026-04-25 02:13:32,758 [[2697 1041]
 [  29  266]]
2026-04-25 02:13:32,765 AUC of ROC = 0.8946
2026-04-25 02:13:32,765 AUC of PRC = 0.4301
2026-04-25 02:13:32,765 min(+P, Se) = 0.4847
2026-04-25 02:13:32,765 f1_score = 0.4953 (threshold = 0.8506)
2026-04-25 02:13:32,766 Epoch 2: Train Loss 0.4583, Valid Loss 0.4450
2026-04-25 02:13:38,852 [[3602  136]
 [ 166  129]]
2026-04-25 02:13:38,858 AUC of ROC = 0.8960
2026-04-25 02:13:38,858 AUC of PRC = 0.4547
2026-04-25 02:13:38,859 min(+P, Se) = 0.4818
2026-04-25 02:13:38,859 f1_score = 0.5187 (threshold = -0.2796)
2026-04-25 02:13:38,859 Epoch 3: Train Loss 0.4421, Valid Loss 0.5478
2026-04-25 02:13:38,860 ----- Save best model - auprc: 0.4547 -----
2026-04-25 02:13:45,317 [[3128  610]
 [  46  249]]
2026-04-25 02:13:45,324 AUC of ROC = 0.9067
2026-04-25 02:13:45,324 AUC of PRC = 0.4738
2026-04-25 02:13:45,324 min(+P, Se) = 0.5085
2026-04-25 02:13:45,325 f1_score = 0.5199 (threshold = 0.5201)
2026-04-25 02:13:45,325 Epoch 4: Train Loss 0.4316, Valid Loss 0.3869
2026-04-25 02:13:45,326 ----- Save best model - auprc: 0.4738 -----
2026-04-25 02:13:52,315 [[3323  415]
 [  72  223]]
2026-04-25 02:13:52,328 AUC of ROC = 0.9097
2026-04-25 02:13:52,328 AUC of PRC = 0.4868
2026-04-25 02:13:52,328 min(+P, Se) = 0.5217
2026-04-25 02:13:52,328 f1_score = 0.5333 (threshold = 0.4314)
2026-04-25 02:13:52,329 Epoch 5: Train Loss 0.4392, Valid Loss 0.3888
2026-04-25 02:13:52,330 ----- Save best model - auprc: 0.4868 -----
2026-04-25 02:14:04,700 [[3341  397]
 [  36  259]]
2026-04-25 02:14:04,707 AUC of ROC = 0.9555
2026-04-25 02:14:04,708 AUC of PRC = 0.7150
2026-04-25 02:14:04,708 min(+P, Se) = 0.6881
2026-04-25 02:14:04,708 f1_score = 0.6942 (threshold = 1.0777)
2026-04-25 02:14:04,708 Epoch 6: Train Loss 0.3910, Valid Loss 0.2721
2026-04-25 02:14:04,709 ----- Save best model - auprc: 0.7150 -----
2026-04-25 02:14:18,022 [[3474  264]
 [  44  251]]
2026-04-25 02:14:18,029 AUC of ROC = 0.9553
2026-04-25 02:14:18,029 AUC of PRC = 0.7136
2026-04-25 02:14:18,029 min(+P, Se) = 0.7085
2026-04-25 02:14:18,029 f1_score = 0.7170 (threshold = 0.8707)
2026-04-25 02:14:18,030 Epoch 7: Train Loss 0.3195, Valid Loss 0.2701
2026-04-25 02:14:30,544 [[3167  571]
 [  19  276]]
2026-04-25 02:14:30,552 AUC of ROC = 0.9608
2026-04-25 02:14:30,553 AUC of PRC = 0.7506
2026-04-25 02:14:30,553 min(+P, Se) = 0.7162
2026-04-25 02:14:30,553 f1_score = 0.7191 (threshold = 1.6079)
2026-04-25 02:14:30,553 Epoch 8: Train Loss 0.2866, Valid Loss 0.2822
2026-04-25 02:14:30,554 ----- Save best model - auprc: 0.7506 -----
2026-04-25 02:14:41,600 [[3206  532]
 [  21  274]]
2026-04-25 02:14:41,611 AUC of ROC = 0.9640
2026-04-25 02:14:41,613 AUC of PRC = 0.7649
2026-04-25 02:14:41,614 min(+P, Se) = 0.7051
2026-04-25 02:14:41,614 f1_score = 0.7269 (threshold = 1.5496)
2026-04-25 02:14:41,614 Epoch 9: Train Loss 0.2958, Valid Loss 0.2613
2026-04-25 02:14:41,615 ----- Save best model - auprc: 0.7649 -----
2026-04-25 02:14:54,691 [[3415  323]
 [  30  265]]
2026-04-25 02:14:54,698 AUC of ROC = 0.9631
2026-04-25 02:14:54,699 AUC of PRC = 0.7559
2026-04-25 02:14:54,699 min(+P, Se) = 0.7186
2026-04-25 02:14:54,699 f1_score = 0.7226 (threshold = 0.9529)
2026-04-25 02:14:54,699 Epoch 10: Train Loss 0.2701, Valid Loss 0.2402
2026-04-25 02:15:07,735 [[3491  247]
 [  38  257]]
2026-04-25 02:15:07,741 AUC of ROC = 0.9616
2026-04-25 02:15:07,741 AUC of PRC = 0.7654
2026-04-25 02:15:07,741 min(+P, Se) = 0.7331
2026-04-25 02:15:07,741 f1_score = 0.7352 (threshold = 1.0808)
2026-04-25 02:15:07,742 Epoch 11: Train Loss 0.2713, Valid Loss 0.2504
2026-04-25 02:15:07,742 ----- Save best model - auprc: 0.7654 -----
2026-04-25 02:15:21,180 [[3371  367]
 [  23  272]]
2026-04-25 02:15:21,190 AUC of ROC = 0.9651
2026-04-25 02:15:21,190 AUC of PRC = 0.7699
2026-04-25 02:15:21,190 min(+P, Se) = 0.7051
2026-04-25 02:15:21,190 f1_score = 0.7200 (threshold = 0.6832)
2026-04-25 02:15:21,191 Epoch 12: Train Loss 0.2587, Valid Loss 0.2365
2026-04-25 02:15:21,192 ----- Save best model - auprc: 0.7699 -----
2026-04-25 02:15:33,158 [[3302  436]
 [  20  275]]
2026-04-25 02:15:33,170 AUC of ROC = 0.9672
2026-04-25 02:15:33,170 AUC of PRC = 0.7768
2026-04-25 02:15:33,170 min(+P, Se) = 0.7167
2026-04-25 02:15:33,170 f1_score = 0.7372 (threshold = 0.9840)
2026-04-25 02:15:33,171 Epoch 13: Train Loss 0.2659, Valid Loss 0.2399
2026-04-25 02:15:33,172 ----- Save best model - auprc: 0.7768 -----
2026-04-25 02:15:46,321 [[3428  310]
 [  31  264]]
2026-04-25 02:15:46,328 AUC of ROC = 0.9621
2026-04-25 02:15:46,329 AUC of PRC = 0.7521
2026-04-25 02:15:46,329 min(+P, Se) = 0.7186
2026-04-25 02:15:46,329 f1_score = 0.7289 (threshold = 1.6779)
2026-04-25 02:15:46,329 Epoch 14: Train Loss 0.2514, Valid Loss 0.2392
2026-04-25 02:15:59,735 [[3215  523]
 [  20  275]]
2026-04-25 02:15:59,743 AUC of ROC = 0.9613
2026-04-25 02:15:59,743 AUC of PRC = 0.7476
2026-04-25 02:15:59,743 min(+P, Se) = 0.7264
2026-04-25 02:15:59,743 f1_score = 0.7332 (threshold = 1.6026)
2026-04-25 02:15:59,744 Epoch 15: Train Loss 0.2316, Valid Loss 0.2681
2026-04-25 02:16:12,068 [[3510  228]
 [  40  255]]
2026-04-25 02:16:12,076 AUC of ROC = 0.9627
2026-04-25 02:16:12,076 AUC of PRC = 0.7648
2026-04-25 02:16:12,076 min(+P, Se) = 0.7322
2026-04-25 02:16:12,076 f1_score = 0.7334 (threshold = 1.0061)
2026-04-25 02:16:12,077 Epoch 16: Train Loss 0.2377, Valid Loss 0.2465
2026-04-25 02:16:20,154 [[3516  222]
 [  40  255]]
2026-04-25 02:16:20,162 AUC of ROC = 0.9615
2026-04-25 02:16:20,162 AUC of PRC = 0.7755
2026-04-25 02:16:20,162 min(+P, Se) = 0.7220
2026-04-25 02:16:20,163 f1_score = 0.7287 (threshold = 0.5916)
2026-04-25 02:16:20,163 Epoch 17: Train Loss 0.2229, Valid Loss 0.2524
2026-04-25 02:16:29,118 [[3445  293]
 [  31  264]]
2026-04-25 02:16:29,124 AUC of ROC = 0.9640
2026-04-25 02:16:29,124 AUC of PRC = 0.7770
2026-04-25 02:16:29,125 min(+P, Se) = 0.7349
2026-04-25 02:16:29,125 f1_score = 0.7424 (threshold = 0.8586)
2026-04-25 02:16:29,125 Epoch 18: Train Loss 0.2169, Valid Loss 0.2438
2026-04-25 02:16:29,126 ----- Save best model - auprc: 0.7770 -----
2026-04-25 02:16:37,571 [[3322  416]
 [  24  271]]
2026-04-25 02:16:37,578 AUC of ROC = 0.9634
2026-04-25 02:16:37,578 AUC of PRC = 0.7727
2026-04-25 02:16:37,578 min(+P, Se) = 0.7291
2026-04-25 02:16:37,578 f1_score = 0.7342 (threshold = 1.1059)
2026-04-25 02:16:37,578 Epoch 19: Train Loss 0.2137, Valid Loss 0.2472
2026-04-25 02:16:46,170 [[3494  244]
 [  37  258]]
2026-04-25 02:16:46,176 AUC of ROC = 0.9636
2026-04-25 02:16:46,177 AUC of PRC = 0.7736
2026-04-25 02:16:46,177 min(+P, Se) = 0.7254
2026-04-25 02:16:46,177 f1_score = 0.7384 (threshold = 1.2330)
2026-04-25 02:16:46,177 Epoch 20: Train Loss 0.2001, Valid Loss 0.2460
2026-04-25 02:16:56,248 [[3446  292]
 [  33  262]]
2026-04-25 02:16:56,257 AUC of ROC = 0.9627
2026-04-25 02:16:56,257 AUC of PRC = 0.7726
2026-04-25 02:16:56,258 min(+P, Se) = 0.7331
2026-04-25 02:16:56,258 f1_score = 0.7376 (threshold = 1.2952)
2026-04-25 02:16:56,258 Epoch 21: Train Loss 0.1946, Valid Loss 0.2471
2026-04-25 02:17:08,200 [[3461  277]
 [  32  263]]
2026-04-25 02:17:08,206 AUC of ROC = 0.9618
2026-04-25 02:17:08,206 AUC of PRC = 0.7715
2026-04-25 02:17:08,206 min(+P, Se) = 0.7322
2026-04-25 02:17:08,206 f1_score = 0.7342 (threshold = 0.7704)
2026-04-25 02:17:08,206 Epoch 22: Train Loss 0.1872, Valid Loss 0.2562
2026-04-25 02:17:19,861 [[3422  316]
 [  29  266]]
2026-04-25 02:17:19,868 AUC of ROC = 0.9617
2026-04-25 02:17:19,868 AUC of PRC = 0.7709
2026-04-25 02:17:19,868 min(+P, Se) = 0.7273
2026-04-25 02:17:19,868 f1_score = 0.7361 (threshold = 1.4224)
2026-04-25 02:17:19,869 Epoch 23: Train Loss 0.1832, Valid Loss 0.2506
2026-04-25 02:17:31,729 [[3461  277]
 [  33  262]]
2026-04-25 02:17:31,735 AUC of ROC = 0.9625
2026-04-25 02:17:31,735 AUC of PRC = 0.7735
2026-04-25 02:17:31,735 min(+P, Se) = 0.7365
2026-04-25 02:17:31,735 f1_score = 0.7397 (threshold = 1.1287)
2026-04-25 02:17:31,736 Epoch 24: Train Loss 0.1818, Valid Loss 0.2517
2026-04-25 02:17:44,069 [[3423  315]
 [  29  266]]
2026-04-25 02:17:44,076 AUC of ROC = 0.9618
2026-04-25 02:17:44,076 AUC of PRC = 0.7704
2026-04-25 02:17:44,076 min(+P, Se) = 0.7349
2026-04-25 02:17:44,076 f1_score = 0.7461 (threshold = 1.3579)
2026-04-25 02:17:44,077 Epoch 25: Train Loss 0.1871, Valid Loss 0.2514
2026-04-25 02:17:44,097 last saved model is in epoch 18
2026-04-25 02:17:45,768 [[3470  282]
 [  26  256]]
2026-04-25 02:17:45,776 AUC of ROC = 0.9696
2026-04-25 02:17:45,776 AUC of PRC = 0.8500
2026-04-25 02:17:45,776 min(+P, Se) = 0.7943
2026-04-25 02:17:45,777 f1_score = 0.7964 (threshold = 1.2141)
2026-04-25 02:17:45,777 Test Loss 0.2156
