2026-03-24 13:48:27,350 {
    "dataset": "c12",
    "data_dropout": 0.0,
    "epochs": 25,
    "lr": 0.001,
    "d_model": 32,
    "seed": 1,
    "batch_size": 64,
    "dropout": 0.1,
    "save_model": true,
    "save_dir": "./export/c12\\smart-smile-lean\\seed_1",
    "local_rank": 0,
    "min_mask_ratio": 0.15,
    "max_mask_ratio": 0.75,
    "e_layers": 2,
    "n_heads": 4,
    "time_dim": 16,
    "use_film": false,
    "use_smile": false,
    "use_smile_film": false,
    "use_smile_v2": false,
    "use_smile_v2_film": false,
    "use_smile_lean": true,
    "use_smile_lean_samepretrain": false,
    "use_mnar": false,
    "save_last": true,
    "smile_no_mnar": false,
    "smile_no_curriculum": false,
    "smile_mask_type": "all",
    "smile_mnar_dropout": 0.05,
    "obs_density_window": 5,
    "pretrain_mask_mode": "fixed",
    "ratio_temperature": 1.0,
    "smile_stratified": false,
    "smile_mask_weights": null
}
2026-03-24 13:48:29,606 Dataset Loaded.
2026-03-24 13:48:29,607 system_groups: {'Vital_Invasive': 3, 'Blood_Gas': 4, 'Electrolyte': 5, 'Liver_Enzyme': 6, 'CBC': 3, 'Oxygenation': 3, 'Metabolic': 2}
2026-03-24 13:48:54,555 Epoch 1: Train Loss 4.1926, Valid Loss 1.5874, EMA Val 1.5874
2026-03-24 13:49:17,565 Epoch 2: Train Loss 1.6182, Valid Loss 1.0933, EMA Val 1.4392
2026-03-24 13:49:40,659 Epoch 3: Train Loss 1.2160, Valid Loss 0.9024, EMA Val 1.2781
2026-03-24 13:50:03,990 Epoch 4: Train Loss 1.0533, Valid Loss 0.7862, EMA Val 1.1306
2026-03-24 13:50:27,286 Epoch 5: Train Loss 0.9873, Valid Loss 0.7676, EMA Val 1.0217
2026-03-24 13:50:50,350 Epoch 6: Train Loss 0.9356, Valid Loss 0.7487, EMA Val 0.9398
2026-03-24 13:51:13,771 Epoch 7: Train Loss 0.9085, Valid Loss 0.7007, EMA Val 0.8680
2026-03-24 13:51:37,182 Epoch 8: Train Loss 0.8559, Valid Loss 0.6955, EMA Val 0.8163
2026-03-24 13:52:00,331 Epoch 9: Train Loss 0.8817, Valid Loss 0.7489, EMA Val 0.7961
2026-03-24 13:52:23,498 Epoch 10: Train Loss 0.8472, Valid Loss 0.7186, EMA Val 0.7728
2026-03-24 13:52:46,961 Epoch 11: Train Loss 0.8248, Valid Loss 0.6814, EMA Val 0.7454
2026-03-24 13:53:10,152 Epoch 12: Train Loss 0.7694, Valid Loss 0.6368, EMA Val 0.7128
2026-03-24 13:53:33,591 Epoch 13: Train Loss 0.7735, Valid Loss 0.6863, EMA Val 0.7048
2026-03-24 13:53:56,832 Epoch 14: Train Loss 0.7607, Valid Loss 0.6195, EMA Val 0.6793
2026-03-24 13:54:20,844 Epoch 15: Train Loss 0.6917, Valid Loss 0.6006, EMA Val 0.6557
2026-03-24 13:54:44,997 Epoch 16: Train Loss 0.6870, Valid Loss 0.5982, EMA Val 0.6384
2026-03-24 13:55:08,837 Epoch 17: Train Loss 0.6649, Valid Loss 0.6001, EMA Val 0.6269
2026-03-24 13:55:32,953 Epoch 18: Train Loss 0.6582, Valid Loss 0.5693, EMA Val 0.6096
2026-03-24 13:55:57,426 Epoch 19: Train Loss 0.6411, Valid Loss 0.5680, EMA Val 0.5972
2026-03-24 13:56:21,474 Epoch 20: Train Loss 0.6833, Valid Loss 0.6054, EMA Val 0.5996
2026-03-24 13:56:45,692 Epoch 21: Train Loss 0.6391, Valid Loss 0.6112, EMA Val 0.6031
2026-03-24 13:57:09,290 Epoch 22: Train Loss 0.6758, Valid Loss 0.5722, EMA Val 0.5938
2026-03-24 13:57:33,853 Epoch 23: Train Loss 0.6455, Valid Loss 0.5870, EMA Val 0.5918
2026-03-24 13:57:58,125 Epoch 24: Train Loss 0.7206, Valid Loss 0.6065, EMA Val 0.5962
2026-03-24 13:58:22,129 Epoch 25: Train Loss 0.6314, Valid Loss 0.6051, EMA Val 0.5989
2026-03-24 13:58:22,130 ----- Save last epoch model - L1: 0.5989 -----
2026-03-24 13:58:22,161 last saved model is in epoch 25
2026-03-24 13:58:23,919 Test Loss 0.6364
2026-03-24 13:58:28,670 {
    "dataset": "c12",
    "data_dropout": 0.0,
    "epochs": 25,
    "freeze_epochs": 5,
    "lr": 0.001,
    "d_model": 32,
    "seed": 1,
    "batch_size": 64,
    "dropout": 0.1,
    "save_model": true,
    "save_dir": "./export/c12\\smart-smile-lean\\seed_1",
    "pretrain_dir": null,
    "local_rank": 0,
    "e_layers": 2,
    "n_heads": 4,
    "time_dim": 16,
    "use_film": false,
    "use_smile": false,
    "use_smile_film": false,
    "use_mnar": false,
    "use_smile_v2": false,
    "use_smile_v2_film": false,
    "use_smile_lean": true,
    "use_smile_lean_samepretrain": false,
    "obs_density_window": 5,
    "smile_no_mnar": false,
    "smile_no_curriculum": false,
    "smile_mask_type": "all",
    "smile_mnar_dropout": 0.05,
    "smile_mnar_dropout_initial": 0.0,
    "smile_stratified": false
}
2026-03-24 13:58:30,474 Dataset Loaded.
2026-03-24 13:58:31,530 Class weights: [0.5820587277412415, 3.546597719192505]
2026-03-24 13:58:31,538 last saved model is in epoch 25
2026-03-24 13:58:42,784 [[699 335]
 [ 32 132]]
2026-03-24 13:58:42,789 AUC of ROC = 0.8144
2026-03-24 13:58:42,789 AUC of PRC = 0.3964
2026-03-24 13:58:42,789 min(+P, Se) = 0.4286
2026-03-24 13:58:42,789 f1_score = 0.4624 (threshold = 0.2286)
2026-03-24 13:58:42,790 Epoch 1: Train Loss 0.6816, Valid Loss 0.5389
2026-03-24 13:58:42,790 ----- Save best model - auprc: 0.3964 -----
2026-03-24 13:58:53,791 [[814 220]
 [ 53 111]]
2026-03-24 13:58:53,794 AUC of ROC = 0.8256
2026-03-24 13:58:53,794 AUC of PRC = 0.4164
2026-03-24 13:58:53,795 min(+P, Se) = 0.4353
2026-03-24 13:58:53,795 f1_score = 0.4709 (threshold = 0.2020)
2026-03-24 13:58:53,795 Epoch 2: Train Loss 0.6099, Valid Loss 0.5104
2026-03-24 13:58:53,796 ----- Save best model - auprc: 0.4164 -----
2026-03-24 13:59:04,431 [[839 195]
 [ 53 111]]
2026-03-24 13:59:04,434 AUC of ROC = 0.8329
2026-03-24 13:59:04,434 AUC of PRC = 0.4350
2026-03-24 13:59:04,435 min(+P, Se) = 0.4451
2026-03-24 13:59:04,435 f1_score = 0.4861 (threshold = 0.3877)
2026-03-24 13:59:04,435 Epoch 3: Train Loss 0.6094, Valid Loss 0.5008
2026-03-24 13:59:04,436 ----- Save best model - auprc: 0.4350 -----
2026-03-24 13:59:15,264 [[795 239]
 [ 43 121]]
2026-03-24 13:59:15,268 AUC of ROC = 0.8330
2026-03-24 13:59:15,268 AUC of PRC = 0.4289
2026-03-24 13:59:15,268 min(+P, Se) = 0.4350
2026-03-24 13:59:15,268 f1_score = 0.4775 (threshold = 0.1346)
2026-03-24 13:59:15,269 Epoch 4: Train Loss 0.5794, Valid Loss 0.4968
2026-03-24 13:59:26,082 [[872 162]
 [ 64 100]]
2026-03-24 13:59:26,085 AUC of ROC = 0.8371
2026-03-24 13:59:26,086 AUC of PRC = 0.4404
2026-03-24 13:59:26,086 min(+P, Se) = 0.4578
2026-03-24 13:59:26,086 f1_score = 0.4745 (threshold = -0.0766)
2026-03-24 13:59:26,087 Epoch 5: Train Loss 0.5763, Valid Loss 0.5052
2026-03-24 13:59:26,088 ----- Save best model - auprc: 0.4404 -----
2026-03-24 13:59:43,404 [[772 262]
 [ 34 130]]
2026-03-24 13:59:43,407 AUC of ROC = 0.8549
2026-03-24 13:59:43,410 AUC of PRC = 0.5062
2026-03-24 13:59:43,410 min(+P, Se) = 0.5061
2026-03-24 13:59:43,410 f1_score = 0.5091 (threshold = 0.4962)
2026-03-24 13:59:43,411 Epoch 6: Train Loss 0.5558, Valid Loss 0.4736
2026-03-24 13:59:43,411 ----- Save best model - auprc: 0.5062 -----
2026-03-24 14:00:00,629 [[702 332]
 [ 24 140]]
2026-03-24 14:00:00,632 AUC of ROC = 0.8635
2026-03-24 14:00:00,632 AUC of PRC = 0.5304
2026-03-24 14:00:00,633 min(+P, Se) = 0.5152
2026-03-24 14:00:00,633 f1_score = 0.5358 (threshold = 0.8156)
2026-03-24 14:00:00,633 Epoch 7: Train Loss 0.5278, Valid Loss 0.4816
2026-03-24 14:00:00,634 ----- Save best model - auprc: 0.5304 -----
2026-03-24 14:00:17,813 [[788 246]
 [ 32 132]]
2026-03-24 14:00:17,816 AUC of ROC = 0.8628
2026-03-24 14:00:17,816 AUC of PRC = 0.5335
2026-03-24 14:00:17,816 min(+P, Se) = 0.5427
2026-03-24 14:00:17,817 f1_score = 0.5443 (threshold = 0.5562)
2026-03-24 14:00:17,820 Epoch 8: Train Loss 0.5120, Valid Loss 0.4557
2026-03-24 14:00:17,821 ----- Save best model - auprc: 0.5335 -----
2026-03-24 14:00:35,017 [[865 169]
 [ 52 112]]
2026-03-24 14:00:35,020 AUC of ROC = 0.8558
2026-03-24 14:00:35,020 AUC of PRC = 0.5101
2026-03-24 14:00:35,021 min(+P, Se) = 0.5122
2026-03-24 14:00:35,021 f1_score = 0.5163 (threshold = 0.2835)
2026-03-24 14:00:35,021 Epoch 9: Train Loss 0.5035, Valid Loss 0.4752
2026-03-24 14:00:52,182 [[749 285]
 [ 26 138]]
2026-03-24 14:00:52,185 AUC of ROC = 0.8619
2026-03-24 14:00:52,185 AUC of PRC = 0.5251
2026-03-24 14:00:52,186 min(+P, Se) = 0.5244
2026-03-24 14:00:52,186 f1_score = 0.5371 (threshold = 0.5824)
2026-03-24 14:00:52,186 Epoch 10: Train Loss 0.4916, Valid Loss 0.4647
2026-03-24 14:01:09,284 [[693 341]
 [ 19 145]]
2026-03-24 14:01:09,288 AUC of ROC = 0.8678
2026-03-24 14:01:09,288 AUC of PRC = 0.5495
2026-03-24 14:01:09,288 min(+P, Se) = 0.5244
2026-03-24 14:01:09,289 f1_score = 0.5419 (threshold = 0.7555)
2026-03-24 14:01:09,289 Epoch 11: Train Loss 0.4912, Valid Loss 0.4763
2026-03-24 14:01:09,291 ----- Save best model - auprc: 0.5495 -----
2026-03-24 14:01:26,234 [[862 172]
 [ 46 118]]
2026-03-24 14:01:26,237 AUC of ROC = 0.8609
2026-03-24 14:01:26,238 AUC of PRC = 0.5221
2026-03-24 14:01:26,238 min(+P, Se) = 0.5122
2026-03-24 14:01:26,238 f1_score = 0.5241 (threshold = 0.3675)
2026-03-24 14:01:26,239 Epoch 12: Train Loss 0.4854, Valid Loss 0.4539
2026-03-24 14:01:43,209 [[746 288]
 [ 26 138]]
2026-03-24 14:01:43,212 AUC of ROC = 0.8638
2026-03-24 14:01:43,212 AUC of PRC = 0.5271
2026-03-24 14:01:43,213 min(+P, Se) = 0.5122
2026-03-24 14:01:43,213 f1_score = 0.5251 (threshold = 0.5733)
2026-03-24 14:01:43,213 Epoch 13: Train Loss 0.4749, Valid Loss 0.4662
2026-03-24 14:02:00,284 [[786 248]
 [ 29 135]]
2026-03-24 14:02:00,287 AUC of ROC = 0.8688
2026-03-24 14:02:00,288 AUC of PRC = 0.5420
2026-03-24 14:02:00,288 min(+P, Se) = 0.5427
2026-03-24 14:02:00,288 f1_score = 0.5444 (threshold = 0.5632)
2026-03-24 14:02:00,289 Epoch 14: Train Loss 0.4740, Valid Loss 0.4444
2026-03-24 14:02:17,403 [[803 231]
 [ 31 133]]
2026-03-24 14:02:17,406 AUC of ROC = 0.8730
2026-03-24 14:02:17,406 AUC of PRC = 0.5462
2026-03-24 14:02:17,406 min(+P, Se) = 0.5488
2026-03-24 14:02:17,407 f1_score = 0.5515 (threshold = 0.6383)
2026-03-24 14:02:17,407 Epoch 15: Train Loss 0.4680, Valid Loss 0.4321
2026-03-24 14:02:34,604 [[840 194]
 [ 37 127]]
2026-03-24 14:02:34,607 AUC of ROC = 0.8744
2026-03-24 14:02:34,608 AUC of PRC = 0.5495
2026-03-24 14:02:34,608 min(+P, Se) = 0.5427
2026-03-24 14:02:34,608 f1_score = 0.5491 (threshold = 0.3224)
2026-03-24 14:02:34,609 Epoch 16: Train Loss 0.4653, Valid Loss 0.4335
2026-03-24 14:02:51,972 [[776 258]
 [ 28 136]]
2026-03-24 14:02:51,976 AUC of ROC = 0.8737
2026-03-24 14:02:51,976 AUC of PRC = 0.5514
2026-03-24 14:02:51,976 min(+P, Se) = 0.5366
2026-03-24 14:02:51,977 f1_score = 0.5421 (threshold = 0.5476)
2026-03-24 14:02:51,977 Epoch 17: Train Loss 0.4647, Valid Loss 0.4389
2026-03-24 14:02:51,978 ----- Save best model - auprc: 0.5514 -----
2026-03-24 14:03:09,251 [[840 194]
 [ 34 130]]
2026-03-24 14:03:09,254 AUC of ROC = 0.8713
2026-03-24 14:03:09,255 AUC of PRC = 0.5438
2026-03-24 14:03:09,257 min(+P, Se) = 0.5273
2026-03-24 14:03:09,258 f1_score = 0.5450 (threshold = 0.3126)
2026-03-24 14:03:09,258 Epoch 18: Train Loss 0.4639, Valid Loss 0.4313
2026-03-24 14:03:26,566 [[756 278]
 [ 24 140]]
2026-03-24 14:03:26,569 AUC of ROC = 0.8724
2026-03-24 14:03:26,569 AUC of PRC = 0.5457
2026-03-24 14:03:26,570 min(+P, Se) = 0.5122
2026-03-24 14:03:26,570 f1_score = 0.5279 (threshold = 0.2574)
2026-03-24 14:03:26,570 Epoch 19: Train Loss 0.4598, Valid Loss 0.4427
2026-03-24 14:03:43,928 [[837 197]
 [ 32 132]]
2026-03-24 14:03:43,931 AUC of ROC = 0.8747
2026-03-24 14:03:43,931 AUC of PRC = 0.5443
2026-03-24 14:03:43,931 min(+P, Se) = 0.5273
2026-03-24 14:03:43,932 f1_score = 0.5389 (threshold = 0.2728)
2026-03-24 14:03:43,932 Epoch 20: Train Loss 0.4550, Valid Loss 0.4279
2026-03-24 14:04:01,111 [[821 213]
 [ 34 130]]
2026-03-24 14:04:01,114 AUC of ROC = 0.8758
2026-03-24 14:04:01,115 AUC of PRC = 0.5511
2026-03-24 14:04:01,116 min(+P, Se) = 0.5333
2026-03-24 14:04:01,117 f1_score = 0.5407 (threshold = 0.4384)
2026-03-24 14:04:01,117 Epoch 21: Train Loss 0.4496, Valid Loss 0.4289
2026-03-24 14:04:18,158 [[822 212]
 [ 32 132]]
2026-03-24 14:04:18,162 AUC of ROC = 0.8739
2026-03-24 14:04:18,162 AUC of PRC = 0.5456
2026-03-24 14:04:18,162 min(+P, Se) = 0.5269
2026-03-24 14:04:18,162 f1_score = 0.5439 (threshold = 0.4903)
2026-03-24 14:04:18,163 Epoch 22: Train Loss 0.4490, Valid Loss 0.4315
2026-03-24 14:04:34,902 [[817 217]
 [ 30 134]]
2026-03-24 14:04:34,908 AUC of ROC = 0.8751
2026-03-24 14:04:34,909 AUC of PRC = 0.5478
2026-03-24 14:04:34,909 min(+P, Se) = 0.5333
2026-03-24 14:04:34,910 f1_score = 0.5385 (threshold = 0.1180)
2026-03-24 14:04:34,910 Epoch 23: Train Loss 0.4441, Valid Loss 0.4292
2026-03-24 14:04:51,649 [[799 235]
 [ 29 135]]
2026-03-24 14:04:51,652 AUC of ROC = 0.8750
2026-03-24 14:04:51,652 AUC of PRC = 0.5482
2026-03-24 14:04:51,653 min(+P, Se) = 0.5366
2026-03-24 14:04:51,653 f1_score = 0.5399 (threshold = 0.5737)
2026-03-24 14:04:51,654 Epoch 24: Train Loss 0.4430, Valid Loss 0.4307
2026-03-24 14:05:08,636 [[809 225]
 [ 29 135]]
2026-03-24 14:05:08,639 AUC of ROC = 0.8753
2026-03-24 14:05:08,640 AUC of PRC = 0.5490
2026-03-24 14:05:08,640 min(+P, Se) = 0.5366
2026-03-24 14:05:08,640 f1_score = 0.5415 (threshold = 0.5694)
2026-03-24 14:05:08,640 Epoch 25: Train Loss 0.4422, Valid Loss 0.4294
2026-03-24 14:05:08,663 last saved model is in epoch 17
2026-03-24 14:05:09,744 [[777 232]
 [ 38 153]]
2026-03-24 14:05:09,748 AUC of ROC = 0.8563
2026-03-24 14:05:09,748 AUC of PRC = 0.5565
2026-03-24 14:05:09,748 min(+P, Se) = 0.5477
2026-03-24 14:05:09,748 f1_score = 0.5617 (threshold = 0.0893)
2026-03-24 14:05:09,749 Test Loss 0.4678
2026-03-29 19:56:02,084 {
    "dataset": "c12",
    "data_dropout": 0.0,
    "epochs": 25,
    "lr": 0.001,
    "d_model": 32,
    "seed": 1,
    "batch_size": 64,
    "dropout": 0.1,
    "save_model": true,
    "save_dir": "./export/c12\\smart-smile-lean\\seed_1",
    "local_rank": 0,
    "min_mask_ratio": 0.15,
    "max_mask_ratio": 0.75,
    "e_layers": 2,
    "n_heads": 4,
    "time_dim": 16,
    "use_film": false,
    "use_smile": false,
    "use_smile_film": false,
    "use_smile_v2": false,
    "use_smile_v2_film": false,
    "use_smile_lean": true,
    "use_smile_lean_samepretrain": false,
    "use_mnar": false,
    "save_last": true,
    "smile_no_mnar": false,
    "smile_no_curriculum": false,
    "smile_mask_type": "all",
    "smile_mnar_dropout": 0.05,
    "obs_density_window": 5,
    "abl_no_density": false,
    "abl_no_mnar_bias": false,
    "abl_no_film": false,
    "abl_no_time_mnar": false,
    "abl_no_time_pe": false,
    "pretrain_mask_mode": "fixed",
    "ratio_temperature": 1.0,
    "smile_stratified": false,
    "smile_mask_weights": null
}
2026-03-29 19:56:03,363 Dataset Loaded.
2026-03-29 19:56:03,363 system_groups: {'Vital_Invasive': 3, 'Blood_Gas': 4, 'Electrolyte': 5, 'Liver_Enzyme': 6, 'CBC': 3, 'Oxygenation': 3, 'Metabolic': 2}
2026-03-29 19:56:34,030 Epoch 1: Train Loss 4.1925, Valid Loss 1.5875, EMA Val 1.5875
2026-03-29 19:57:04,867 Epoch 2: Train Loss 1.6181, Valid Loss 1.0934, EMA Val 1.4393
2026-03-29 19:57:36,709 Epoch 3: Train Loss 1.2162, Valid Loss 0.8999, EMA Val 1.2775
2026-03-29 19:58:08,905 Epoch 4: Train Loss 1.0527, Valid Loss 0.7855, EMA Val 1.1299
2026-03-29 19:58:41,691 Epoch 5: Train Loss 0.9869, Valid Loss 0.7673, EMA Val 1.0211
2026-03-29 19:59:14,328 Epoch 6: Train Loss 0.9346, Valid Loss 0.7494, EMA Val 0.9396
2026-03-29 19:59:46,843 Epoch 7: Train Loss 0.9079, Valid Loss 0.7002, EMA Val 0.8678
2026-03-29 20:00:19,775 Epoch 8: Train Loss 0.8554, Valid Loss 0.6958, EMA Val 0.8162
2026-03-29 20:00:52,924 Epoch 9: Train Loss 0.8812, Valid Loss 0.7495, EMA Val 0.7962
2026-03-29 20:01:25,923 Epoch 10: Train Loss 0.8475, Valid Loss 0.7186, EMA Val 0.7729
2026-03-29 20:01:58,679 Epoch 11: Train Loss 0.8246, Valid Loss 0.6803, EMA Val 0.7451
2026-03-29 20:02:31,065 Epoch 12: Train Loss 0.7690, Valid Loss 0.6372, EMA Val 0.7127
2026-03-29 20:03:03,427 Epoch 13: Train Loss 0.7722, Valid Loss 0.6774, EMA Val 0.7021
2026-03-29 20:03:35,702 Epoch 14: Train Loss 0.7577, Valid Loss 0.6203, EMA Val 0.6776
2026-03-29 20:04:07,961 Epoch 15: Train Loss 0.6906, Valid Loss 0.6085, EMA Val 0.6568
2026-03-29 20:04:40,301 Epoch 16: Train Loss 0.6854, Valid Loss 0.5981, EMA Val 0.6392
2026-03-29 20:05:12,742 Epoch 17: Train Loss 0.6654, Valid Loss 0.5951, EMA Val 0.6260
2026-03-29 20:05:45,400 Epoch 18: Train Loss 0.6587, Valid Loss 0.5708, EMA Val 0.6094
2026-03-29 20:06:17,516 Epoch 19: Train Loss 0.6406, Valid Loss 0.5759, EMA Val 0.5994
2026-03-29 20:06:50,856 Epoch 20: Train Loss 0.6780, Valid Loss 0.5985, EMA Val 0.5991
2026-03-29 20:07:24,042 Epoch 21: Train Loss 0.6242, Valid Loss 0.5881, EMA Val 0.5958
2026-03-29 20:07:57,055 Epoch 22: Train Loss 0.6610, Valid Loss 0.5533, EMA Val 0.5831
2026-03-29 20:08:34,347 Epoch 23: Train Loss 0.6257, Valid Loss 0.5616, EMA Val 0.5766
2026-03-29 20:09:05,713 Epoch 24: Train Loss 0.6998, Valid Loss 0.5842, EMA Val 0.5789
2026-03-29 20:09:36,075 Epoch 25: Train Loss 0.6132, Valid Loss 0.5815, EMA Val 0.5797
2026-03-29 20:09:36,075 ----- Save last epoch model - L1: 0.5797 -----
2026-03-29 20:09:36,108 last saved model is in epoch 25
2026-03-29 20:09:38,149 Test Loss 0.6112
2026-03-29 20:09:42,318 {
    "dataset": "c12",
    "data_dropout": 0.0,
    "epochs": 25,
    "freeze_epochs": 5,
    "lr": 0.001,
    "d_model": 32,
    "seed": 1,
    "batch_size": 64,
    "dropout": 0.1,
    "save_model": true,
    "save_dir": "./export/c12\\smart-smile-lean\\seed_1",
    "pretrain_dir": null,
    "local_rank": 0,
    "e_layers": 2,
    "n_heads": 4,
    "time_dim": 16,
    "use_film": false,
    "use_smile": false,
    "use_smile_film": false,
    "use_mnar": false,
    "use_smile_v2": false,
    "use_smile_v2_film": false,
    "use_smile_lean": true,
    "use_smile_lean_samepretrain": false,
    "obs_density_window": 5,
    "abl_no_density": false,
    "abl_no_mnar_bias": false,
    "abl_no_film": false,
    "abl_no_time_mnar": false,
    "abl_no_time_pe": false,
    "smile_no_mnar": false,
    "smile_no_curriculum": false,
    "smile_mask_type": "all",
    "smile_mnar_dropout": 0.05,
    "smile_mnar_dropout_initial": 0.0,
    "smile_stratified": false
}
2026-03-29 20:09:43,524 Dataset Loaded.
2026-03-29 20:09:44,255 Class weights: [0.5820587277412415, 3.546597719192505]
2026-03-29 20:09:44,264 last saved model is in epoch 25
2026-03-29 20:09:55,542 [[715 319]
 [ 36 128]]
2026-03-29 20:09:55,544 AUC of ROC = 0.8149
2026-03-29 20:09:55,544 AUC of PRC = 0.3931
2026-03-29 20:09:55,544 min(+P, Se) = 0.4302
2026-03-29 20:09:55,544 f1_score = 0.4700 (threshold = 0.0356)
2026-03-29 20:09:55,544 Epoch 1: Train Loss 0.6783, Valid Loss 0.5362
2026-03-29 20:09:55,545 ----- Save best model - auprc: 0.3931 -----
2026-03-29 20:10:06,827 [[788 246]
 [ 46 118]]
2026-03-29 20:10:06,829 AUC of ROC = 0.8249
2026-03-29 20:10:06,829 AUC of PRC = 0.4057
2026-03-29 20:10:06,829 min(+P, Se) = 0.4371
2026-03-29 20:10:06,829 f1_score = 0.4703 (threshold = 0.0127)
2026-03-29 20:10:06,829 Epoch 2: Train Loss 0.6094, Valid Loss 0.5122
2026-03-29 20:10:06,830 ----- Save best model - auprc: 0.4057 -----
2026-03-29 20:10:17,947 [[846 188]
 [ 57 107]]
2026-03-29 20:10:17,949 AUC of ROC = 0.8332
2026-03-29 20:10:17,949 AUC of PRC = 0.4322
2026-03-29 20:10:17,949 min(+P, Se) = 0.4431
2026-03-29 20:10:17,949 f1_score = 0.4786 (threshold = 0.3120)
2026-03-29 20:10:17,950 Epoch 3: Train Loss 0.6109, Valid Loss 0.5042
2026-03-29 20:10:17,950 ----- Save best model - auprc: 0.4322 -----
2026-03-29 20:10:28,956 [[773 261]
 [ 35 129]]
2026-03-29 20:10:28,958 AUC of ROC = 0.8327
2026-03-29 20:10:28,958 AUC of PRC = 0.4269
2026-03-29 20:10:28,958 min(+P, Se) = 0.4320
2026-03-29 20:10:28,959 f1_score = 0.4789 (threshold = 0.1125)
2026-03-29 20:10:28,959 Epoch 4: Train Loss 0.5837, Valid Loss 0.4989
2026-03-29 20:10:41,576 [[869 165]
 [ 60 104]]
2026-03-29 20:10:41,579 AUC of ROC = 0.8354
2026-03-29 20:10:41,579 AUC of PRC = 0.4347
2026-03-29 20:10:41,579 min(+P, Se) = 0.4457
2026-03-29 20:10:41,580 f1_score = 0.4800 (threshold = 0.1649)
2026-03-29 20:10:41,580 Epoch 5: Train Loss 0.5813, Valid Loss 0.5040
2026-03-29 20:10:41,581 ----- Save best model - auprc: 0.4347 -----
2026-03-29 20:11:05,112 [[782 252]
 [ 36 128]]
2026-03-29 20:11:05,114 AUC of ROC = 0.8541
2026-03-29 20:11:05,115 AUC of PRC = 0.5105
2026-03-29 20:11:05,115 min(+P, Se) = 0.5122
2026-03-29 20:11:05,115 f1_score = 0.5138 (threshold = 0.4802)
2026-03-29 20:11:05,116 Epoch 6: Train Loss 0.5562, Valid Loss 0.4752
2026-03-29 20:11:05,116 ----- Save best model - auprc: 0.5105 -----
2026-03-29 20:11:27,627 [[676 358]
 [ 19 145]]
2026-03-29 20:11:27,630 AUC of ROC = 0.8594
2026-03-29 20:11:27,630 AUC of PRC = 0.5264
2026-03-29 20:11:27,630 min(+P, Se) = 0.5122
2026-03-29 20:11:27,630 f1_score = 0.5326 (threshold = 0.8403)
2026-03-29 20:11:27,631 Epoch 7: Train Loss 0.5290, Valid Loss 0.4975
2026-03-29 20:11:27,632 ----- Save best model - auprc: 0.5264 -----
2026-03-29 20:11:50,031 [[788 246]
 [ 32 132]]
2026-03-29 20:11:50,034 AUC of ROC = 0.8633
2026-03-29 20:11:50,035 AUC of PRC = 0.5297
2026-03-29 20:11:50,035 min(+P, Se) = 0.5305
2026-03-29 20:11:50,035 f1_score = 0.5426 (threshold = 0.7423)
2026-03-29 20:11:50,036 Epoch 8: Train Loss 0.5128, Valid Loss 0.4578
2026-03-29 20:11:50,036 ----- Save best model - auprc: 0.5297 -----
2026-03-29 20:12:12,536 [[859 175]
 [ 49 115]]
2026-03-29 20:12:12,540 AUC of ROC = 0.8573
2026-03-29 20:12:12,540 AUC of PRC = 0.5130
2026-03-29 20:12:12,540 min(+P, Se) = 0.5183
2026-03-29 20:12:12,540 f1_score = 0.5277 (threshold = 0.5049)
2026-03-29 20:12:12,541 Epoch 9: Train Loss 0.5069, Valid Loss 0.4728
2026-03-29 20:12:35,094 [[754 280]
 [ 27 137]]
2026-03-29 20:12:35,097 AUC of ROC = 0.8617
2026-03-29 20:12:35,099 AUC of PRC = 0.5132
2026-03-29 20:12:35,099 min(+P, Se) = 0.5333
2026-03-29 20:12:35,099 f1_score = 0.5472 (threshold = 0.5901)
2026-03-29 20:12:35,100 Epoch 10: Train Loss 0.4926, Valid Loss 0.4656
2026-03-29 20:12:57,997 [[667 367]
 [ 15 149]]
2026-03-29 20:12:58,000 AUC of ROC = 0.8677
2026-03-29 20:12:58,000 AUC of PRC = 0.5461
2026-03-29 20:12:58,001 min(+P, Se) = 0.5273
2026-03-29 20:12:58,001 f1_score = 0.5359 (threshold = 0.8887)
2026-03-29 20:12:58,001 Epoch 11: Train Loss 0.4900, Valid Loss 0.4869
2026-03-29 20:12:58,002 ----- Save best model - auprc: 0.5461 -----
2026-03-29 20:13:19,945 [[861 173]
 [ 46 118]]
2026-03-29 20:13:19,949 AUC of ROC = 0.8632
2026-03-29 20:13:19,949 AUC of PRC = 0.5122
2026-03-29 20:13:19,949 min(+P, Se) = 0.5091
2026-03-29 20:13:19,950 f1_score = 0.5180 (threshold = 0.3832)
2026-03-29 20:13:19,950 Epoch 12: Train Loss 0.4864, Valid Loss 0.4540
2026-03-29 20:13:42,023 [[733 301]
 [ 26 138]]
2026-03-29 20:13:42,026 AUC of ROC = 0.8664
2026-03-29 20:13:42,026 AUC of PRC = 0.5275
2026-03-29 20:13:42,027 min(+P, Se) = 0.5183
2026-03-29 20:13:42,027 f1_score = 0.5278 (threshold = 0.6950)
2026-03-29 20:13:42,027 Epoch 13: Train Loss 0.4761, Valid Loss 0.4659
2026-03-29 20:14:04,102 [[787 247]
 [ 31 133]]
2026-03-29 20:14:04,105 AUC of ROC = 0.8705
2026-03-29 20:14:04,105 AUC of PRC = 0.5331
2026-03-29 20:14:04,106 min(+P, Se) = 0.5305
2026-03-29 20:14:04,106 f1_score = 0.5387 (threshold = 0.6545)
2026-03-29 20:14:04,107 Epoch 14: Train Loss 0.4739, Valid Loss 0.4430
2026-03-29 20:14:26,036 [[812 222]
 [ 32 132]]
2026-03-29 20:14:26,039 AUC of ROC = 0.8731
2026-03-29 20:14:26,039 AUC of PRC = 0.5415
2026-03-29 20:14:26,039 min(+P, Se) = 0.5394
2026-03-29 20:14:26,040 f1_score = 0.5449 (threshold = 0.7316)
2026-03-29 20:14:26,040 Epoch 15: Train Loss 0.4703, Valid Loss 0.4315
2026-03-29 20:14:47,980 [[845 189]
 [ 39 125]]
2026-03-29 20:14:47,983 AUC of ROC = 0.8751
2026-03-29 20:14:47,983 AUC of PRC = 0.5461
2026-03-29 20:14:47,983 min(+P, Se) = 0.5273
2026-03-29 20:14:47,983 f1_score = 0.5522 (threshold = 0.5480)
2026-03-29 20:14:47,984 Epoch 16: Train Loss 0.4663, Valid Loss 0.4335
2026-03-29 20:15:09,853 [[763 271]
 [ 28 136]]
2026-03-29 20:15:09,855 AUC of ROC = 0.8741
2026-03-29 20:15:09,856 AUC of PRC = 0.5451
2026-03-29 20:15:09,856 min(+P, Se) = 0.5366
2026-03-29 20:15:09,856 f1_score = 0.5430 (threshold = 0.4893)
2026-03-29 20:15:09,856 Epoch 17: Train Loss 0.4664, Valid Loss 0.4400
2026-03-29 20:15:31,805 [[834 200]
 [ 35 129]]
2026-03-29 20:15:31,808 AUC of ROC = 0.8732
2026-03-29 20:15:31,808 AUC of PRC = 0.5434
2026-03-29 20:15:31,808 min(+P, Se) = 0.5244
2026-03-29 20:15:31,809 f1_score = 0.5387 (threshold = 0.6743)
2026-03-29 20:15:31,809 Epoch 18: Train Loss 0.4660, Valid Loss 0.4288
2026-03-29 20:15:53,614 [[752 282]
 [ 25 139]]
2026-03-29 20:15:53,620 AUC of ROC = 0.8701
2026-03-29 20:15:53,620 AUC of PRC = 0.5377
2026-03-29 20:15:53,621 min(+P, Se) = 0.5305
2026-03-29 20:15:53,621 f1_score = 0.5305 (threshold = 0.7731)
2026-03-29 20:15:53,621 Epoch 19: Train Loss 0.4611, Valid Loss 0.4444
2026-03-29 20:16:15,447 [[831 203]
 [ 32 132]]
2026-03-29 20:16:15,450 AUC of ROC = 0.8753
2026-03-29 20:16:15,451 AUC of PRC = 0.5416
2026-03-29 20:16:15,451 min(+P, Se) = 0.5244
2026-03-29 20:16:15,451 f1_score = 0.5369 (threshold = 0.2804)
2026-03-29 20:16:15,452 Epoch 20: Train Loss 0.4563, Valid Loss 0.4276
2026-03-29 20:16:37,445 [[819 215]
 [ 32 132]]
2026-03-29 20:16:37,448 AUC of ROC = 0.8760
2026-03-29 20:16:37,448 AUC of PRC = 0.5475
2026-03-29 20:16:37,449 min(+P, Se) = 0.5305
2026-03-29 20:16:37,449 f1_score = 0.5383 (threshold = 0.2847)
2026-03-29 20:16:37,449 Epoch 21: Train Loss 0.4523, Valid Loss 0.4292
2026-03-29 20:16:37,451 ----- Save best model - auprc: 0.5475 -----
2026-03-29 20:16:59,394 [[819 215]
 [ 31 133]]
2026-03-29 20:16:59,397 AUC of ROC = 0.8737
2026-03-29 20:16:59,397 AUC of PRC = 0.5403
2026-03-29 20:16:59,397 min(+P, Se) = 0.5305
2026-03-29 20:16:59,397 f1_score = 0.5434 (threshold = 0.5566)
2026-03-29 20:16:59,398 Epoch 22: Train Loss 0.4501, Valid Loss 0.4320
2026-03-29 20:17:21,349 [[814 220]
 [ 28 136]]
2026-03-29 20:17:21,353 AUC of ROC = 0.8749
2026-03-29 20:17:21,353 AUC of PRC = 0.5420
2026-03-29 20:17:21,353 min(+P, Se) = 0.5366
2026-03-29 20:17:21,353 f1_score = 0.5442 (threshold = 0.2498)
2026-03-29 20:17:21,354 Epoch 23: Train Loss 0.4446, Valid Loss 0.4292
2026-03-29 20:17:44,961 [[798 236]
 [ 28 136]]
2026-03-29 20:17:44,964 AUC of ROC = 0.8745
2026-03-29 20:17:44,964 AUC of PRC = 0.5413
2026-03-29 20:17:44,965 min(+P, Se) = 0.5366
2026-03-29 20:17:44,965 f1_score = 0.5449 (threshold = 0.6959)
2026-03-29 20:17:44,965 Epoch 24: Train Loss 0.4452, Valid Loss 0.4317
2026-03-29 20:18:09,288 [[807 227]
 [ 28 136]]
2026-03-29 20:18:09,291 AUC of ROC = 0.8750
2026-03-29 20:18:09,291 AUC of PRC = 0.5417
2026-03-29 20:18:09,291 min(+P, Se) = 0.5366
2026-03-29 20:18:09,292 f1_score = 0.5435 (threshold = 0.2488)
2026-03-29 20:18:09,292 Epoch 25: Train Loss 0.4420, Valid Loss 0.4302
2026-03-29 20:18:09,317 last saved model is in epoch 21
2026-03-29 20:18:10,625 [[815 194]
 [ 47 144]]
2026-03-29 20:18:10,628 AUC of ROC = 0.8563
2026-03-29 20:18:10,628 AUC of PRC = 0.5488
2026-03-29 20:18:10,629 min(+P, Se) = 0.5445
2026-03-29 20:18:10,629 f1_score = 0.5617 (threshold = 0.2083)
2026-03-29 20:18:10,629 Test Loss 0.4807
