2026-03-16 21:33:41,395 {
    "dataset": "c12",
    "data_dropout": 0.0,
    "epochs": 25,
    "lr": 0.001,
    "d_model": 32,
    "seed": 42,
    "batch_size": 256,
    "dropout": 0.1,
    "save_model": true,
    "save_dir": "./export/c12\\smart-smile-lean-samepretrain\\seed_42",
    "local_rank": 0,
    "min_mask_ratio": 0.0,
    "max_mask_ratio": 0.75,
    "e_layers": 2,
    "n_heads": 4,
    "time_dim": 16,
    "use_film": false,
    "use_smile": false,
    "use_smile_film": false,
    "use_smile_v2": false,
    "use_smile_v2_film": false,
    "use_smile_lean": false,
    "use_smile_lean_samepretrain": true,
    "use_mnar": false,
    "save_last": true,
    "smile_no_mnar": false,
    "smile_no_curriculum": false,
    "smile_mask_type": "all",
    "smile_mnar_dropout": 0.05
}
2026-03-16 21:33:43,236 Dataset Loaded.
2026-03-16 21:34:17,996 Epoch 1: Train Loss 8.6105, Valid Loss 5.2608
2026-03-16 21:34:48,837 Epoch 2: Train Loss 4.1796, Valid Loss 2.4685
2026-03-16 21:35:19,151 Epoch 3: Train Loss 2.9077, Valid Loss 2.0064
2026-03-16 21:35:49,804 Epoch 4: Train Loss 2.3690, Valid Loss 1.6986
2026-03-16 21:36:20,858 Epoch 5: Train Loss 2.0504, Valid Loss 1.5384
2026-03-16 21:36:54,444 Epoch 6: Train Loss 1.8366, Valid Loss 1.3916
2026-03-16 21:37:27,548 Epoch 7: Train Loss 1.7006, Valid Loss 1.3120
2026-03-16 21:37:59,207 Epoch 8: Train Loss 1.5937, Valid Loss 1.2894
2026-03-16 21:38:29,792 Epoch 9: Train Loss 1.4847, Valid Loss 1.1254
2026-03-16 21:39:00,110 Epoch 10: Train Loss 1.4197, Valid Loss 1.0769
2026-03-16 21:39:30,951 Epoch 11: Train Loss 1.3626, Valid Loss 1.0378
2026-03-16 21:40:01,909 Epoch 12: Train Loss 1.2941, Valid Loss 0.9728
2026-03-16 21:40:37,807 Epoch 13: Train Loss 1.2893, Valid Loss 0.9473
2026-03-16 21:41:11,127 Epoch 14: Train Loss 1.2271, Valid Loss 0.9274
2026-03-16 21:41:43,640 Epoch 15: Train Loss 1.2175, Valid Loss 0.8824
2026-03-16 21:42:25,245 Epoch 16: Train Loss 1.1847, Valid Loss 0.8666
2026-03-16 21:43:02,949 Epoch 17: Train Loss 1.1587, Valid Loss 0.8656
2026-03-16 21:43:38,763 Epoch 18: Train Loss 1.1451, Valid Loss 0.8034
2026-03-16 21:44:18,965 Epoch 19: Train Loss 1.1312, Valid Loss 0.8072
2026-03-16 21:44:59,748 Epoch 20: Train Loss 1.1141, Valid Loss 0.7598
2026-03-16 21:45:34,350 Epoch 21: Train Loss 1.0747, Valid Loss 0.7302
2026-03-16 21:46:05,196 Epoch 22: Train Loss 1.0318, Valid Loss 0.7104
2026-03-16 21:46:35,868 Epoch 23: Train Loss 1.0190, Valid Loss 0.7255
2026-03-16 21:47:07,851 Epoch 24: Train Loss 1.0076, Valid Loss 0.6950
2026-03-16 21:47:42,162 Epoch 25: Train Loss 1.0041, Valid Loss 0.6726
2026-03-16 21:47:42,162 ----- Save last epoch model - L1: 0.6726 -----
2026-03-16 21:47:42,205 last saved model is in epoch 25
2026-03-16 21:47:44,663 Test Loss 0.6811
2026-03-16 21:47:49,661 {
    "dataset": "c12",
    "data_dropout": 0.0,
    "epochs": 35,
    "freeze_epochs": 5,
    "lr": 0.001,
    "d_model": 32,
    "seed": 42,
    "batch_size": 256,
    "dropout": 0.1,
    "save_model": true,
    "save_dir": "./export/c12\\smart-smile-lean-samepretrain\\seed_42",
    "local_rank": 0,
    "e_layers": 2,
    "n_heads": 4,
    "time_dim": 16,
    "use_film": false,
    "use_smile": false,
    "use_smile_film": false,
    "use_mnar": false,
    "use_smile_v2": false,
    "use_smile_v2_film": false,
    "use_smile_lean": false,
    "use_smile_lean_samepretrain": true,
    "obs_density_window": 5,
    "smile_no_mnar": false,
    "smile_no_curriculum": false,
    "smile_mask_type": "all",
    "smile_mnar_dropout": 0.05,
    "smile_mnar_dropout_initial": 0.0
}
2026-03-16 21:47:50,988 Dataset Loaded.
2026-03-16 21:47:51,772 Class weights: [0.5820587277412415, 3.546597719192505]
2026-03-16 21:47:51,783 last saved model is in epoch 25
2026-03-16 21:48:05,946 [[582 452]
 [ 27 137]]
2026-03-16 21:48:05,949 AUC of ROC = 0.7326
2026-03-16 21:48:05,949 AUC of PRC = 0.2764
2026-03-16 21:48:05,950 min(+P, Se) = 0.3125
2026-03-16 21:48:05,950 f1_score = 0.3759 (threshold = -0.6983)
2026-03-16 21:48:05,950 Epoch 1: Train Loss 0.7428, Valid Loss 0.5926
2026-03-16 21:48:05,950 ----- Save best model - auprc: 0.2764 -----
2026-03-16 21:48:17,638 [[590 444]
 [ 19 145]]
2026-03-16 21:48:17,640 AUC of ROC = 0.7526
2026-03-16 21:48:17,640 AUC of PRC = 0.2904
2026-03-16 21:48:17,640 min(+P, Se) = 0.3282
2026-03-16 21:48:17,641 f1_score = 0.3853 (threshold = -0.6807)
2026-03-16 21:48:17,641 Epoch 2: Train Loss 0.6257, Valid Loss 0.5670
2026-03-16 21:48:17,642 ----- Save best model - auprc: 0.2904 -----
2026-03-16 21:48:29,027 [[834 200]
 [ 62 102]]
2026-03-16 21:48:29,030 AUC of ROC = 0.7697
2026-03-16 21:48:29,030 AUC of PRC = 0.3147
2026-03-16 21:48:29,030 min(+P, Se) = 0.3333
2026-03-16 21:48:29,030 f1_score = 0.4040 (threshold = -0.9110)
2026-03-16 21:48:29,031 Epoch 3: Train Loss 0.5898, Valid Loss 0.5303
2026-03-16 21:48:29,031 ----- Save best model - auprc: 0.3147 -----
2026-03-16 21:48:40,634 [[880 154]
 [ 69  95]]
2026-03-16 21:48:40,636 AUC of ROC = 0.7855
2026-03-16 21:48:40,636 AUC of PRC = 0.3335
2026-03-16 21:48:40,636 min(+P, Se) = 0.3728
2026-03-16 21:48:40,636 f1_score = 0.4275 (threshold = -1.0871)
2026-03-16 21:48:40,636 Epoch 4: Train Loss 0.5794, Valid Loss 0.5384
2026-03-16 21:48:40,637 ----- Save best model - auprc: 0.3335 -----
2026-03-16 21:48:53,470 [[755 279]
 [ 41 123]]
2026-03-16 21:48:53,474 AUC of ROC = 0.7965
2026-03-16 21:48:53,474 AUC of PRC = 0.3533
2026-03-16 21:48:53,474 min(+P, Se) = 0.3728
2026-03-16 21:48:53,474 f1_score = 0.4412 (threshold = -0.7587)
2026-03-16 21:48:53,475 Epoch 5: Train Loss 0.5661, Valid Loss 0.5095
2026-03-16 21:48:53,475 ----- Save best model - auprc: 0.3533 -----
2026-03-16 21:49:20,226 [[682 352]
 [ 17 147]]
2026-03-16 21:49:20,228 AUC of ROC = 0.8365
2026-03-16 21:49:20,228 AUC of PRC = 0.4690
2026-03-16 21:49:20,228 min(+P, Se) = 0.4503
2026-03-16 21:49:20,229 f1_score = 0.4945 (threshold = -0.4398)
2026-03-16 21:49:20,229 Epoch 6: Train Loss 0.5496, Valid Loss 0.5059
2026-03-16 21:49:20,230 ----- Save best model - auprc: 0.4690 -----
2026-03-16 21:49:41,940 [[718 316]
 [ 23 141]]
2026-03-16 21:49:41,942 AUC of ROC = 0.8422
2026-03-16 21:49:41,943 AUC of PRC = 0.4863
2026-03-16 21:49:41,943 min(+P, Se) = 0.4759
2026-03-16 21:49:41,943 f1_score = 0.5063 (threshold = 0.0274)
2026-03-16 21:49:41,944 Epoch 7: Train Loss 0.5281, Valid Loss 0.4822
2026-03-16 21:49:41,944 ----- Save best model - auprc: 0.4863 -----
2026-03-16 21:50:03,697 [[764 270]
 [ 31 133]]
2026-03-16 21:50:03,699 AUC of ROC = 0.8462
2026-03-16 21:50:03,699 AUC of PRC = 0.4987
2026-03-16 21:50:03,699 min(+P, Se) = 0.4915
2026-03-16 21:50:03,699 f1_score = 0.5137 (threshold = 0.0448)
2026-03-16 21:50:03,700 Epoch 8: Train Loss 0.5171, Valid Loss 0.4643
2026-03-16 21:50:03,700 ----- Save best model - auprc: 0.4987 -----
2026-03-16 21:50:30,577 [[815 219]
 [ 32 132]]
2026-03-16 21:50:30,579 AUC of ROC = 0.8623
2026-03-16 21:50:30,579 AUC of PRC = 0.5213
2026-03-16 21:50:30,579 min(+P, Se) = 0.5061
2026-03-16 21:50:30,579 f1_score = 0.5389 (threshold = -0.0940)
2026-03-16 21:50:30,580 Epoch 9: Train Loss 0.5002, Valid Loss 0.4491
2026-03-16 21:50:30,580 ----- Save best model - auprc: 0.5213 -----
2026-03-16 21:50:52,510 [[792 242]
 [ 30 134]]
2026-03-16 21:50:52,512 AUC of ROC = 0.8584
2026-03-16 21:50:52,513 AUC of PRC = 0.5186
2026-03-16 21:50:52,513 min(+P, Se) = 0.5030
2026-03-16 21:50:52,514 f1_score = 0.5314 (threshold = 0.0170)
2026-03-16 21:50:52,515 Epoch 10: Train Loss 0.4885, Valid Loss 0.4569
2026-03-16 21:51:16,775 [[857 177]
 [ 47 117]]
2026-03-16 21:51:16,776 AUC of ROC = 0.8567
2026-03-16 21:51:16,777 AUC of PRC = 0.5033
2026-03-16 21:51:16,777 min(+P, Se) = 0.4939
2026-03-16 21:51:16,777 f1_score = 0.5233 (threshold = -0.0065)
2026-03-16 21:51:16,778 Epoch 11: Train Loss 0.5051, Valid Loss 0.4706
2026-03-16 21:51:38,469 [[795 239]
 [ 31 133]]
2026-03-16 21:51:38,471 AUC of ROC = 0.8655
2026-03-16 21:51:38,472 AUC of PRC = 0.5292
2026-03-16 21:51:38,472 min(+P, Se) = 0.5244
2026-03-16 21:51:38,472 f1_score = 0.5490 (threshold = -0.0426)
2026-03-16 21:51:38,473 Epoch 12: Train Loss 0.4829, Valid Loss 0.4476
2026-03-16 21:51:38,473 ----- Save best model - auprc: 0.5292 -----
2026-03-16 21:52:00,515 [[895 139]
 [ 55 109]]
2026-03-16 21:52:00,517 AUC of ROC = 0.8625
2026-03-16 21:52:00,517 AUC of PRC = 0.5285
2026-03-16 21:52:00,517 min(+P, Se) = 0.5122
2026-03-16 21:52:00,517 f1_score = 0.5354 (threshold = -0.4870)
2026-03-16 21:52:00,517 Epoch 13: Train Loss 0.4917, Valid Loss 0.4684
2026-03-16 21:52:22,840 [[791 243]
 [ 29 135]]
2026-03-16 21:52:22,842 AUC of ROC = 0.8707
2026-03-16 21:52:22,842 AUC of PRC = 0.5498
2026-03-16 21:52:22,843 min(+P, Se) = 0.5181
2026-03-16 21:52:22,843 f1_score = 0.5676 (threshold = 0.1410)
2026-03-16 21:52:22,844 Epoch 14: Train Loss 0.4768, Valid Loss 0.4455
2026-03-16 21:52:22,844 ----- Save best model - auprc: 0.5498 -----
2026-03-16 21:52:47,527 [[799 235]
 [ 32 132]]
2026-03-16 21:52:47,529 AUC of ROC = 0.8665
2026-03-16 21:52:47,529 AUC of PRC = 0.5291
2026-03-16 21:52:47,529 min(+P, Se) = 0.5000
2026-03-16 21:52:47,529 f1_score = 0.5459 (threshold = 0.3944)
2026-03-16 21:52:47,530 Epoch 15: Train Loss 0.4766, Valid Loss 0.4427
2026-03-16 21:53:14,366 [[766 268]
 [ 28 136]]
2026-03-16 21:53:14,368 AUC of ROC = 0.8683
2026-03-16 21:53:14,368 AUC of PRC = 0.5308
2026-03-16 21:53:14,368 min(+P, Se) = 0.5244
2026-03-16 21:53:14,368 f1_score = 0.5455 (threshold = 0.3739)
2026-03-16 21:53:14,368 Epoch 16: Train Loss 0.4738, Valid Loss 0.4476
2026-03-16 21:53:42,419 [[832 202]
 [ 35 129]]
2026-03-16 21:53:42,421 AUC of ROC = 0.8714
2026-03-16 21:53:42,421 AUC of PRC = 0.5454
2026-03-16 21:53:42,422 min(+P, Se) = 0.5427
2026-03-16 21:53:42,422 f1_score = 0.5623 (threshold = 0.1494)
2026-03-16 21:53:42,422 Epoch 17: Train Loss 0.4699, Valid Loss 0.4407
2026-03-16 21:54:10,668 [[872 162]
 [ 42 122]]
2026-03-16 21:54:10,670 AUC of ROC = 0.8719
2026-03-16 21:54:10,670 AUC of PRC = 0.5425
2026-03-16 21:54:10,670 min(+P, Se) = 0.5389
2026-03-16 21:54:10,671 f1_score = 0.5523 (threshold = 0.1927)
2026-03-16 21:54:10,671 Epoch 18: Train Loss 0.4668, Valid Loss 0.4433
2026-03-16 21:54:36,786 [[838 196]
 [ 36 128]]
2026-03-16 21:54:36,787 AUC of ROC = 0.8757
2026-03-16 21:54:36,788 AUC of PRC = 0.5558
2026-03-16 21:54:36,788 min(+P, Se) = 0.5366
2026-03-16 21:54:36,788 f1_score = 0.5676 (threshold = 0.1487)
2026-03-16 21:54:36,788 Epoch 19: Train Loss 0.4706, Valid Loss 0.4353
2026-03-16 21:54:36,788 ----- Save best model - auprc: 0.5558 -----
2026-03-16 21:55:03,013 [[757 277]
 [ 22 142]]
2026-03-16 21:55:03,015 AUC of ROC = 0.8737
2026-03-16 21:55:03,015 AUC of PRC = 0.5552
2026-03-16 21:55:03,016 min(+P, Se) = 0.5455
2026-03-16 21:55:03,016 f1_score = 0.5614 (threshold = 0.5140)
2026-03-16 21:55:03,016 Epoch 20: Train Loss 0.4664, Valid Loss 0.4435
2026-03-16 21:55:32,653 [[821 213]
 [ 33 131]]
2026-03-16 21:55:32,657 AUC of ROC = 0.8742
2026-03-16 21:55:32,657 AUC of PRC = 0.5457
2026-03-16 21:55:32,657 min(+P, Se) = 0.5322
2026-03-16 21:55:32,658 f1_score = 0.5691 (threshold = 0.2474)
2026-03-16 21:55:32,659 Epoch 21: Train Loss 0.4600, Valid Loss 0.4320
2026-03-16 21:55:53,803 [[861 173]
 [ 42 122]]
2026-03-16 21:55:53,806 AUC of ROC = 0.8711
2026-03-16 21:55:53,807 AUC of PRC = 0.5523
2026-03-16 21:55:53,807 min(+P, Se) = 0.5366
2026-03-16 21:55:53,807 f1_score = 0.5476 (threshold = 0.1476)
2026-03-16 21:55:53,808 Epoch 22: Train Loss 0.4620, Valid Loss 0.4436
2026-03-16 21:56:10,317 [[740 294]
 [ 20 144]]
2026-03-16 21:56:10,319 AUC of ROC = 0.8761
2026-03-16 21:56:10,319 AUC of PRC = 0.5538
2026-03-16 21:56:10,319 min(+P, Se) = 0.5509
2026-03-16 21:56:10,320 f1_score = 0.5607 (threshold = 0.5903)
2026-03-16 21:56:10,320 Epoch 23: Train Loss 0.4647, Valid Loss 0.4476
2026-03-16 21:56:26,721 [[760 274]
 [ 21 143]]
2026-03-16 21:56:26,723 AUC of ROC = 0.8730
2026-03-16 21:56:26,723 AUC of PRC = 0.5368
2026-03-16 21:56:26,723 min(+P, Se) = 0.5305
2026-03-16 21:56:26,723 f1_score = 0.5685 (threshold = 0.4613)
2026-03-16 21:56:26,723 Epoch 24: Train Loss 0.4555, Valid Loss 0.4403
2026-03-16 21:56:43,145 [[819 215]
 [ 31 133]]
2026-03-16 21:56:43,147 AUC of ROC = 0.8733
2026-03-16 21:56:43,147 AUC of PRC = 0.5518
2026-03-16 21:56:43,147 min(+P, Se) = 0.5227
2026-03-16 21:56:43,147 f1_score = 0.5559 (threshold = 0.1503)
2026-03-16 21:56:43,148 Epoch 25: Train Loss 0.4642, Valid Loss 0.4350
2026-03-16 21:56:59,400 [[788 246]
 [ 29 135]]
2026-03-16 21:56:59,402 AUC of ROC = 0.8737
2026-03-16 21:56:59,402 AUC of PRC = 0.5528
2026-03-16 21:56:59,402 min(+P, Se) = 0.5244
2026-03-16 21:56:59,403 f1_score = 0.5602 (threshold = 0.3697)
2026-03-16 21:56:59,403 Epoch 26: Train Loss 0.4614, Valid Loss 0.4375
2026-03-16 21:57:15,849 [[776 258]
 [ 27 137]]
2026-03-16 21:57:15,851 AUC of ROC = 0.8742
2026-03-16 21:57:15,851 AUC of PRC = 0.5529
2026-03-16 21:57:15,851 min(+P, Se) = 0.5244
2026-03-16 21:57:15,851 f1_score = 0.5676 (threshold = 0.4172)
2026-03-16 21:57:15,852 Epoch 27: Train Loss 0.4494, Valid Loss 0.4388
2026-03-16 21:57:32,686 [[794 240]
 [ 28 136]]
2026-03-16 21:57:32,688 AUC of ROC = 0.8745
2026-03-16 21:57:32,688 AUC of PRC = 0.5506
2026-03-16 21:57:32,688 min(+P, Se) = 0.5273
2026-03-16 21:57:32,688 f1_score = 0.5630 (threshold = 0.3661)
2026-03-16 21:57:32,689 Epoch 28: Train Loss 0.4483, Valid Loss 0.4333
2026-03-16 21:57:49,266 [[803 231]
 [ 27 137]]
2026-03-16 21:57:49,268 AUC of ROC = 0.8762
2026-03-16 21:57:49,268 AUC of PRC = 0.5534
2026-03-16 21:57:49,269 min(+P, Se) = 0.5329
2026-03-16 21:57:49,269 f1_score = 0.5535 (threshold = 0.3396)
2026-03-16 21:57:49,269 Epoch 29: Train Loss 0.4446, Valid Loss 0.4311
2026-03-16 21:58:05,913 [[839 195]
 [ 35 129]]
2026-03-16 21:58:05,915 AUC of ROC = 0.8751
2026-03-16 21:58:05,915 AUC of PRC = 0.5532
2026-03-16 21:58:05,916 min(+P, Se) = 0.5269
2026-03-16 21:58:05,916 f1_score = 0.5501 (threshold = 0.2057)
2026-03-16 21:58:05,916 Epoch 30: Train Loss 0.4475, Valid Loss 0.4322
2026-03-16 21:58:22,683 [[796 238]
 [ 27 137]]
2026-03-16 21:58:22,684 AUC of ROC = 0.8751
2026-03-16 21:58:22,684 AUC of PRC = 0.5534
2026-03-16 21:58:22,685 min(+P, Se) = 0.5244
2026-03-16 21:58:22,685 f1_score = 0.5523 (threshold = 0.3681)
2026-03-16 21:58:22,685 Epoch 31: Train Loss 0.4503, Valid Loss 0.4324
2026-03-16 21:58:39,052 [[813 221]
 [ 28 136]]
2026-03-16 21:58:39,054 AUC of ROC = 0.8757
2026-03-16 21:58:39,055 AUC of PRC = 0.5547
2026-03-16 21:58:39,055 min(+P, Se) = 0.5212
2026-03-16 21:58:39,055 f1_score = 0.5512 (threshold = 0.2271)
2026-03-16 21:58:39,055 Epoch 32: Train Loss 0.4463, Valid Loss 0.4310
2026-03-16 21:58:55,334 [[786 248]
 [ 24 140]]
2026-03-16 21:58:55,336 AUC of ROC = 0.8756
2026-03-16 21:58:55,336 AUC of PRC = 0.5541
2026-03-16 21:58:55,336 min(+P, Se) = 0.5238
2026-03-16 21:58:55,336 f1_score = 0.5558 (threshold = 0.3589)
2026-03-16 21:58:55,336 Epoch 33: Train Loss 0.4433, Valid Loss 0.4332
2026-03-16 21:59:11,667 [[808 226]
 [ 29 135]]
2026-03-16 21:59:11,669 AUC of ROC = 0.8754
2026-03-16 21:59:11,669 AUC of PRC = 0.5534
2026-03-16 21:59:11,669 min(+P, Se) = 0.5269
2026-03-16 21:59:11,670 f1_score = 0.5558 (threshold = 0.3225)
2026-03-16 21:59:11,670 Epoch 34: Train Loss 0.4406, Valid Loss 0.4308
2026-03-16 21:59:28,186 [[802 232]
 [ 28 136]]
2026-03-16 21:59:28,188 AUC of ROC = 0.8757
2026-03-16 21:59:28,188 AUC of PRC = 0.5537
2026-03-16 21:59:28,188 min(+P, Se) = 0.5269
2026-03-16 21:59:28,188 f1_score = 0.5602 (threshold = 0.3277)
2026-03-16 21:59:28,188 Epoch 35: Train Loss 0.4486, Valid Loss 0.4311
2026-03-16 21:59:28,194 last saved model is in epoch 19
2026-03-16 21:59:29,161 [[839 170]
 [ 56 135]]
2026-03-16 21:59:29,163 AUC of ROC = 0.8555
2026-03-16 21:59:29,163 AUC of PRC = 0.5580
2026-03-16 21:59:29,163 min(+P, Se) = 0.5312
2026-03-16 21:59:29,163 f1_score = 0.5470 (threshold = -0.0921)
2026-03-16 21:59:29,163 Test Loss 0.4872
