2026-04-25 06:12:04,037 {
    "dataset": "c19",
    "data_dropout": 0.0,
    "epochs": 25,
    "lr": 0.001,
    "d_model": 32,
    "seed": 3407,
    "batch_size": 64,
    "num_workers": null,
    "dropout": 0.1,
    "save_model": true,
    "save_dir": "./export/c19/smart-smile-lean-no-mnar-bias/seed_3407",
    "local_rank": 0,
    "min_mask_ratio": 0.15,
    "max_mask_ratio": 0.75,
    "e_layers": 2,
    "n_heads": 4,
    "time_dim": 16,
    "use_film": false,
    "use_smile": false,
    "use_smile_film": false,
    "use_smile_v2": false,
    "use_smile_v2_film": false,
    "use_smile_lean": true,
    "use_smile_lean_samepretrain": false,
    "use_smile_lean_v2": false,
    "use_mnar": false,
    "save_last": true,
    "smile_no_mnar": false,
    "smile_no_curriculum": false,
    "smile_mask_type": "all",
    "smile_mnar_dropout": 0.05,
    "obs_density_window": 5,
    "abl_no_density": false,
    "abl_no_mnar_bias": true,
    "abl_no_film": false,
    "abl_no_time_mnar": false,
    "abl_no_time_pe": false,
    "abl_no_cross_attn": false,
    "abl_no_mnar_cls": false,
    "abl_no_policy": false,
    "abl_no_dynamic_mnar": false,
    "abl_no_dual_head": false,
    "pretrain_mask_mode": "fixed",
    "ratio_temperature": 1.0,
    "smile_stratified": false,
    "smile_mask_weights": null,
    "rank": 0,
    "world_size": 2,
    "distributed": true,
    "gpu": 0,
    "dist_backend": "nccl"
}
2026-04-25 06:12:13,206 Dataset Loaded.
2026-04-25 06:12:13,206 system_groups: {'Vital_Basic': 7, 'Resp_Gas': 7, 'Liver_Enzyme': 2, 'Renal': 3, 'Coagulation': 3, 'CBC': 3, 'Bilirubin': 2}
2026-04-25 06:12:13,206 DataLoader kwargs: {'num_workers': 4, 'pin_memory': True, 'persistent_workers': True, 'prefetch_factor': 2}
2026-04-25 06:12:13,208 Runtime init: variable order resolved.
2026-04-25 06:12:13,209 Runtime init: variable order moved to CUDA.
2026-04-25 06:12:13,217 Runtime init: encoder moved to CUDA.
2026-04-25 06:12:13,218 Runtime init: predictor moved to CUDA.
2026-04-25 06:12:13,223 Runtime init: target encoder copied.
2026-04-25 06:12:15,239 Runtime init: DDP wrap complete.
2026-04-25 06:12:33,191 Epoch 1: Train Loss 0.0973, Valid Loss 0.0266, EMA Val 0.0266
2026-04-25 06:12:50,241 Epoch 2: Train Loss 0.0626, Valid Loss 0.0244, EMA Val 0.0259
2026-04-25 06:13:07,428 Epoch 3: Train Loss 0.0589, Valid Loss 0.0237, EMA Val 0.0252
2026-04-25 06:13:24,617 Epoch 4: Train Loss 0.0554, Valid Loss 0.0228, EMA Val 0.0245
2026-04-25 06:13:42,047 Epoch 5: Train Loss 0.0512, Valid Loss 0.0223, EMA Val 0.0238
2026-04-25 06:13:59,787 Epoch 6: Train Loss 0.0488, Valid Loss 0.0218, EMA Val 0.0232
2026-04-25 06:14:17,637 Epoch 7: Train Loss 0.0472, Valid Loss 0.0227, EMA Val 0.0231
2026-04-25 06:14:35,097 Epoch 8: Train Loss 0.0460, Valid Loss 0.0226, EMA Val 0.0229
2026-04-25 06:14:52,595 Epoch 9: Train Loss 0.0457, Valid Loss 0.0231, EMA Val 0.0230
2026-04-25 06:15:09,966 Epoch 10: Train Loss 0.0463, Valid Loss 0.0233, EMA Val 0.0231
2026-04-25 06:15:27,263 Epoch 11: Train Loss 0.0466, Valid Loss 0.0240, EMA Val 0.0233
2026-04-25 06:15:44,550 Epoch 12: Train Loss 0.0480, Valid Loss 0.0260, EMA Val 0.0241
2026-04-25 06:16:01,826 Epoch 13: Train Loss 0.0488, Valid Loss 0.0259, EMA Val 0.0247
2026-04-25 06:16:19,281 Epoch 14: Train Loss 0.0506, Valid Loss 0.0267, EMA Val 0.0253
2026-04-25 06:16:36,589 Epoch 15: Train Loss 0.0518, Valid Loss 0.0276, EMA Val 0.0260
2026-04-25 06:16:53,801 Epoch 16: Train Loss 0.0547, Valid Loss 0.0278, EMA Val 0.0265
2026-04-25 06:17:11,167 Epoch 17: Train Loss 0.0556, Valid Loss 0.0284, EMA Val 0.0271
2026-04-25 06:17:28,490 Epoch 18: Train Loss 0.0573, Valid Loss 0.0328, EMA Val 0.0288
2026-04-25 06:17:46,001 Epoch 19: Train Loss 0.0602, Valid Loss 0.0297, EMA Val 0.0291
2026-04-25 06:18:03,016 Epoch 20: Train Loss 0.0607, Valid Loss 0.0302, EMA Val 0.0294
2026-04-25 06:18:20,423 Epoch 21: Train Loss 0.0619, Valid Loss 0.0299, EMA Val 0.0296
2026-04-25 06:18:37,528 Epoch 22: Train Loss 0.0632, Valid Loss 0.0320, EMA Val 0.0303
2026-04-25 06:18:54,624 Epoch 23: Train Loss 0.0633, Valid Loss 0.0315, EMA Val 0.0307
2026-04-25 06:19:11,901 Epoch 24: Train Loss 0.0647, Valid Loss 0.0319, EMA Val 0.0310
2026-04-25 06:19:29,027 Epoch 25: Train Loss 0.0652, Valid Loss 0.0317, EMA Val 0.0312
2026-04-25 06:19:29,028 ----- Save last epoch model - L1: 0.0312 -----
2026-04-25 06:19:29,064 last saved model is in epoch 25
2026-04-25 06:19:31,192 Test Loss 0.0315
2026-04-25 06:20:45,535 {
    "dataset": "c19",
    "data_dropout": 0.0,
    "epochs": 25,
    "freeze_epochs": 5,
    "lr": 0.001,
    "d_model": 32,
    "seed": 3407,
    "batch_size": 64,
    "num_workers": null,
    "dropout": 0.1,
    "save_model": true,
    "save_dir": "./export/c19/smart-smile-lean-no-mnar-bias/seed_3407",
    "pretrain_dir": null,
    "local_rank": 0,
    "e_layers": 2,
    "n_heads": 4,
    "time_dim": 16,
    "use_film": false,
    "use_smile": false,
    "use_smile_film": false,
    "use_mnar": false,
    "use_smile_v2": false,
    "use_smile_v2_film": false,
    "use_smile_lean": true,
    "use_smile_lean_samepretrain": false,
    "use_smile_lean_v2": false,
    "obs_density_window": 5,
    "abl_no_density": false,
    "abl_no_mnar_bias": true,
    "abl_no_film": false,
    "abl_no_time_mnar": false,
    "abl_no_time_pe": false,
    "abl_no_cross_attn": false,
    "abl_no_mnar_cls": false,
    "abl_no_policy": false,
    "abl_no_dynamic_mnar": false,
    "abl_no_dual_head": false,
    "smile_no_mnar": false,
    "smile_no_curriculum": false,
    "smile_mask_type": "all",
    "smile_mnar_dropout": 0.05,
    "smile_mnar_dropout_initial": 0.0,
    "smile_stratified": false,
    "los_task": "classification",
    "los_label_unit": "auto",
    "los_use_class_weights": false,
    "los_save_metric": "auc_micro",
    "rank": 0,
    "world_size": 2,
    "distributed": true,
    "gpu": 0,
    "dist_backend": "nccl"
}
2026-04-25 06:20:54,459 Dataset Loaded.
2026-04-25 06:20:54,460 DataLoader kwargs: {'num_workers': 4, 'pin_memory': True, 'persistent_workers': True, 'prefetch_factor': 2}
2026-04-25 06:20:54,462 Runtime init: variable order resolved.
2026-04-25 06:20:54,463 Runtime init: variable order moved to CUDA.
2026-04-25 06:20:54,471 Runtime init: encoder moved to CUDA.
2026-04-25 06:20:54,472 Runtime init: classifier moved to CUDA.
2026-04-25 06:20:58,096 Runtime init: DDP wrap complete.
2026-04-25 06:20:58,104 Class weights: [0.5393641591072083, 6.850955486297607]
2026-04-25 06:20:58,121 last saved model is in epoch 25
2026-04-25 06:21:05,236 [[3652   86]
 [ 204   91]]
2026-04-25 06:21:05,244 AUC of ROC = 0.8404
2026-04-25 06:21:05,244 AUC of PRC = 0.3613
2026-04-25 06:21:05,244 min(+P, Se) = 0.4566
2026-04-25 06:21:05,244 f1_score = 0.4686 (threshold = 0.1544)
2026-04-25 06:21:05,245 Epoch 1: Train Loss 0.5739, Valid Loss 0.6650
2026-04-25 06:21:05,246 ----- Save best model - auprc: 0.3613 -----
2026-04-25 06:21:11,423 [[1961 1777]
 [  16  279]]
2026-04-25 06:21:11,429 AUC of ROC = 0.8700
2026-04-25 06:21:11,430 AUC of PRC = 0.3602
2026-04-25 06:21:11,430 min(+P, Se) = 0.4340
2026-04-25 06:21:11,430 f1_score = 0.4622 (threshold = 1.1907)
2026-04-25 06:21:11,430 Epoch 2: Train Loss 0.5053, Valid Loss 0.5485
2026-04-25 06:21:17,507 [[3619  119]
 [ 188  107]]
2026-04-25 06:21:17,514 AUC of ROC = 0.8712
2026-04-25 06:21:17,514 AUC of PRC = 0.3947
2026-04-25 06:21:17,514 min(+P, Se) = 0.4579
2026-04-25 06:21:17,515 f1_score = 0.4675 (threshold = 0.0066)
2026-04-25 06:21:17,515 Epoch 3: Train Loss 0.4843, Valid Loss 0.5960
2026-04-25 06:21:17,516 ----- Save best model - auprc: 0.3947 -----
2026-04-25 06:21:24,044 [[2945  793]
 [  47  248]]
2026-04-25 06:21:24,049 AUC of ROC = 0.8887
2026-04-25 06:21:24,050 AUC of PRC = 0.4143
2026-04-25 06:21:24,050 min(+P, Se) = 0.4865
2026-04-25 06:21:24,050 f1_score = 0.4952 (threshold = 0.6681)
2026-04-25 06:21:24,050 Epoch 4: Train Loss 0.4662, Valid Loss 0.4250
2026-04-25 06:21:24,051 ----- Save best model - auprc: 0.4143 -----
2026-04-25 06:21:30,320 [[3267  471]
 [  71  224]]
2026-04-25 06:21:30,326 AUC of ROC = 0.8940
2026-04-25 06:21:30,326 AUC of PRC = 0.4562
2026-04-25 06:21:30,327 min(+P, Se) = 0.5236
2026-04-25 06:21:30,327 f1_score = 0.5297 (threshold = 0.5765)
2026-04-25 06:21:30,327 Epoch 5: Train Loss 0.4678, Valid Loss 0.4172
2026-04-25 06:21:30,328 ----- Save best model - auprc: 0.4562 -----
2026-04-25 06:21:44,477 [[3445  293]
 [  51  244]]
2026-04-25 06:21:44,483 AUC of ROC = 0.9515
2026-04-25 06:21:44,484 AUC of PRC = 0.6656
2026-04-25 06:21:44,484 min(+P, Se) = 0.6533
2026-04-25 06:21:44,484 f1_score = 0.6635 (threshold = 0.6856)
2026-04-25 06:21:44,484 Epoch 6: Train Loss 0.4065, Valid Loss 0.2824
2026-04-25 06:21:44,485 ----- Save best model - auprc: 0.6656 -----
2026-04-25 06:21:58,213 [[3500  238]
 [  47  248]]
2026-04-25 06:21:58,220 AUC of ROC = 0.9626
2026-04-25 06:21:58,220 AUC of PRC = 0.7364
2026-04-25 06:21:58,220 min(+P, Se) = 0.7220
2026-04-25 06:21:58,220 f1_score = 0.7239 (threshold = 0.7080)
2026-04-25 06:21:58,220 Epoch 7: Train Loss 0.3259, Valid Loss 0.2551
2026-04-25 06:21:58,221 ----- Save best model - auprc: 0.7364 -----
2026-04-25 06:22:11,838 [[3127  611]
 [  20  275]]
2026-04-25 06:22:11,845 AUC of ROC = 0.9610
2026-04-25 06:22:11,845 AUC of PRC = 0.7367
2026-04-25 06:22:11,845 min(+P, Se) = 0.6847
2026-04-25 06:22:11,845 f1_score = 0.7051 (threshold = 1.5399)
2026-04-25 06:22:11,846 Epoch 8: Train Loss 0.2899, Valid Loss 0.2802
2026-04-25 06:22:11,846 ----- Save best model - auprc: 0.7367 -----
2026-04-25 06:22:25,509 [[3378  360]
 [  35  260]]
2026-04-25 06:22:25,516 AUC of ROC = 0.9640
2026-04-25 06:22:25,516 AUC of PRC = 0.7613
2026-04-25 06:22:25,516 min(+P, Se) = 0.7288
2026-04-25 06:22:25,517 f1_score = 0.7301 (threshold = 1.1608)
2026-04-25 06:22:25,517 Epoch 9: Train Loss 0.3000, Valid Loss 0.2552
2026-04-25 06:22:25,518 ----- Save best model - auprc: 0.7613 -----
2026-04-25 06:22:38,914 [[3384  354]
 [  31  264]]
2026-04-25 06:22:38,921 AUC of ROC = 0.9659
2026-04-25 06:22:38,921 AUC of PRC = 0.7626
2026-04-25 06:22:38,921 min(+P, Se) = 0.7264
2026-04-25 06:22:38,921 f1_score = 0.7323 (threshold = 1.1818)
2026-04-25 06:22:38,922 Epoch 10: Train Loss 0.2865, Valid Loss 0.2388
2026-04-25 06:22:38,923 ----- Save best model - auprc: 0.7626 -----
2026-04-25 06:22:52,635 [[3441  297]
 [  36  259]]
2026-04-25 06:22:52,642 AUC of ROC = 0.9664
2026-04-25 06:22:52,642 AUC of PRC = 0.7777
2026-04-25 06:22:52,642 min(+P, Se) = 0.7264
2026-04-25 06:22:52,642 f1_score = 0.7306 (threshold = 0.7843)
2026-04-25 06:22:52,643 Epoch 11: Train Loss 0.2765, Valid Loss 0.2363
2026-04-25 06:22:52,643 ----- Save best model - auprc: 0.7777 -----
2026-04-25 06:23:06,154 [[3404  334]
 [  32  263]]
2026-04-25 06:23:06,161 AUC of ROC = 0.9674
2026-04-25 06:23:06,162 AUC of PRC = 0.7750
2026-04-25 06:23:06,162 min(+P, Se) = 0.7023
2026-04-25 06:23:06,162 f1_score = 0.7125 (threshold = 0.6197)
2026-04-25 06:23:06,162 Epoch 12: Train Loss 0.2624, Valid Loss 0.2332
2026-04-25 06:23:19,864 [[3204  534]
 [  19  276]]
2026-04-25 06:23:19,871 AUC of ROC = 0.9699
2026-04-25 06:23:19,871 AUC of PRC = 0.7829
2026-04-25 06:23:19,871 min(+P, Se) = 0.7196
2026-04-25 06:23:19,871 f1_score = 0.7282 (threshold = 1.3812)
2026-04-25 06:23:19,872 Epoch 13: Train Loss 0.2670, Valid Loss 0.2534
2026-04-25 06:23:19,872 ----- Save best model - auprc: 0.7829 -----
2026-04-25 06:23:33,497 [[3427  311]
 [  35  260]]
2026-04-25 06:23:33,504 AUC of ROC = 0.9678
2026-04-25 06:23:33,504 AUC of PRC = 0.7824
2026-04-25 06:23:33,504 min(+P, Se) = 0.7264
2026-04-25 06:23:33,504 f1_score = 0.7316 (threshold = 1.1156)
2026-04-25 06:23:33,505 Epoch 14: Train Loss 0.2625, Valid Loss 0.2393
2026-04-25 06:23:47,026 [[3299  439]
 [  22  273]]
2026-04-25 06:23:47,033 AUC of ROC = 0.9673
2026-04-25 06:23:47,033 AUC of PRC = 0.7901
2026-04-25 06:23:47,033 min(+P, Se) = 0.7374
2026-04-25 06:23:47,033 f1_score = 0.7426 (threshold = 1.2066)
2026-04-25 06:23:47,034 Epoch 15: Train Loss 0.2352, Valid Loss 0.2489
2026-04-25 06:23:47,034 ----- Save best model - auprc: 0.7901 -----
2026-04-25 06:24:00,573 [[3497  241]
 [  37  258]]
2026-04-25 06:24:00,580 AUC of ROC = 0.9680
2026-04-25 06:24:00,580 AUC of PRC = 0.7843
2026-04-25 06:24:00,581 min(+P, Se) = 0.7254
2026-04-25 06:24:00,581 f1_score = 0.7361 (threshold = 1.0791)
2026-04-25 06:24:00,581 Epoch 16: Train Loss 0.2498, Valid Loss 0.2371
2026-04-25 06:24:13,911 [[3489  249]
 [  41  254]]
2026-04-25 06:24:13,918 AUC of ROC = 0.9643
2026-04-25 06:24:13,918 AUC of PRC = 0.7774
2026-04-25 06:24:13,919 min(+P, Se) = 0.7331
2026-04-25 06:24:13,919 f1_score = 0.7402 (threshold = 1.0476)
2026-04-25 06:24:13,919 Epoch 17: Train Loss 0.2381, Valid Loss 0.2464
2026-04-25 06:24:27,549 [[3437  301]
 [  32  263]]
2026-04-25 06:24:27,555 AUC of ROC = 0.9677
2026-04-25 06:24:27,555 AUC of PRC = 0.7889
2026-04-25 06:24:27,556 min(+P, Se) = 0.7458
2026-04-25 06:24:27,556 f1_score = 0.7542 (threshold = 1.1426)
2026-04-25 06:24:27,556 Epoch 18: Train Loss 0.2155, Valid Loss 0.2338
2026-04-25 06:24:40,776 [[3374  364]
 [  31  264]]
2026-04-25 06:24:40,783 AUC of ROC = 0.9674
2026-04-25 06:24:40,783 AUC of PRC = 0.7821
2026-04-25 06:24:40,783 min(+P, Se) = 0.7153
2026-04-25 06:24:40,783 f1_score = 0.7231 (threshold = 1.3042)
2026-04-25 06:24:40,784 Epoch 19: Train Loss 0.2234, Valid Loss 0.2354
2026-04-25 06:24:54,216 [[3480  258]
 [  37  258]]
2026-04-25 06:24:54,222 AUC of ROC = 0.9668
2026-04-25 06:24:54,223 AUC of PRC = 0.7839
2026-04-25 06:24:54,223 min(+P, Se) = 0.7186
2026-04-25 06:24:54,223 f1_score = 0.7263 (threshold = 1.0785)
2026-04-25 06:24:54,223 Epoch 20: Train Loss 0.2112, Valid Loss 0.2365
2026-04-25 06:25:07,633 [[3484  254]
 [  37  258]]
2026-04-25 06:25:07,640 AUC of ROC = 0.9672
2026-04-25 06:25:07,640 AUC of PRC = 0.7891
2026-04-25 06:25:07,640 min(+P, Se) = 0.7219
2026-04-25 06:25:07,640 f1_score = 0.7329 (threshold = 1.2978)
2026-04-25 06:25:07,641 Epoch 21: Train Loss 0.2023, Valid Loss 0.2381
2026-04-25 06:25:21,431 [[3447  291]
 [  37  258]]
2026-04-25 06:25:21,439 AUC of ROC = 0.9656
2026-04-25 06:25:21,439 AUC of PRC = 0.7828
2026-04-25 06:25:21,439 min(+P, Se) = 0.7264
2026-04-25 06:25:21,439 f1_score = 0.7307 (threshold = 1.0942)
2026-04-25 06:25:21,440 Epoch 22: Train Loss 0.1912, Valid Loss 0.2413
2026-04-25 06:25:35,213 [[3439  299]
 [  38  257]]
2026-04-25 06:25:35,219 AUC of ROC = 0.9650
2026-04-25 06:25:35,220 AUC of PRC = 0.7796
2026-04-25 06:25:35,220 min(+P, Se) = 0.7220
2026-04-25 06:25:35,220 f1_score = 0.7295 (threshold = 1.1281)
2026-04-25 06:25:35,220 Epoch 23: Train Loss 0.1901, Valid Loss 0.2437
2026-04-25 06:25:48,434 [[3478  260]
 [  40  255]]
2026-04-25 06:25:48,441 AUC of ROC = 0.9659
2026-04-25 06:25:48,441 AUC of PRC = 0.7843
2026-04-25 06:25:48,441 min(+P, Se) = 0.7220
2026-04-25 06:25:48,441 f1_score = 0.7320 (threshold = 1.0671)
2026-04-25 06:25:48,441 Epoch 24: Train Loss 0.1895, Valid Loss 0.2453
2026-04-25 06:26:01,746 [[3448  290]
 [  36  259]]
2026-04-25 06:26:01,753 AUC of ROC = 0.9656
2026-04-25 06:26:01,753 AUC of PRC = 0.7834
2026-04-25 06:26:01,753 min(+P, Se) = 0.7254
2026-04-25 06:26:01,753 f1_score = 0.7320 (threshold = 1.1912)
2026-04-25 06:26:01,754 Epoch 25: Train Loss 0.1885, Valid Loss 0.2440
2026-04-25 06:26:01,802 last saved model is in epoch 15
2026-04-25 06:26:03,272 [[3338  414]
 [  21  261]]
2026-04-25 06:26:03,280 AUC of ROC = 0.9674
2026-04-25 06:26:03,280 AUC of PRC = 0.8217
2026-04-25 06:26:03,280 min(+P, Se) = 0.7695
2026-04-25 06:26:03,280 f1_score = 0.7788 (threshold = 1.5148)
2026-04-25 06:26:03,280 Test Loss 0.2410
