2026-03-08 21:29:03,610 {
    "dataset": "c12",
    "data_dropout": 0.0,
    "epochs": 25,
    "lr": 0.001,
    "d_model": 32,
    "seed": 42,
    "batch_size": 64,
    "dropout": 0.1,
    "save_model": true,
    "save_dir": "./export/c12\\smart-smile-film\\seed_42",
    "local_rank": 0,
    "min_mask_ratio": 0.0,
    "max_mask_ratio": 0.75,
    "e_layers": 2,
    "n_heads": 4,
    "time_dim": 16,
    "use_film": false,
    "use_smile": false,
    "use_smile_film": true,
    "use_mnar": false,
    "save_last": false,
    "smile_no_mnar": false,
    "smile_no_curriculum": false,
    "smile_mask_type": "all",
    "smile_mnar_dropout": 0.05
}
2026-03-08 21:29:05,328 Dataset Loaded.
2026-03-08 21:29:05,328 SMILE system_groups: {'cardiovascular': 4, 'respiratory': 6, 'lab': 27}
2026-03-08 21:29:34,086 Epoch 1: Train Loss 6.0541, Valid Loss 2.3844
2026-03-08 21:29:34,086 ----- Save best model - L1: 2.3844 -----
2026-03-08 21:30:01,364 Epoch 2: Train Loss 2.4683, Valid Loss 1.6592
2026-03-08 21:30:01,365 ----- Save best model - L1: 1.6592 -----
2026-03-08 21:30:28,583 Epoch 3: Train Loss 1.9955, Valid Loss 1.3382
2026-03-08 21:30:28,584 ----- Save best model - L1: 1.3382 -----
2026-03-08 21:30:55,869 Epoch 4: Train Loss 1.8713, Valid Loss 1.2703
2026-03-08 21:30:55,870 ----- Save best model - L1: 1.2703 -----
2026-03-08 21:31:23,316 Epoch 5: Train Loss 1.7904, Valid Loss 1.1741
2026-03-08 21:31:23,317 ----- Save best model - L1: 1.1741 -----
2026-03-08 21:31:53,598 Epoch 6: Train Loss 1.7178, Valid Loss 1.1529
2026-03-08 21:31:53,600 ----- Save best model - L1: 1.1529 -----
2026-03-08 21:32:24,179 Epoch 7: Train Loss 1.7229, Valid Loss 1.1839
2026-03-08 21:32:55,176 Epoch 8: Train Loss 1.7111, Valid Loss 1.2093
2026-03-08 21:33:26,780 Epoch 9: Train Loss 1.7087, Valid Loss 1.1669
2026-03-08 21:34:00,469 Epoch 10: Train Loss 1.6679, Valid Loss 1.1429
2026-03-08 21:34:00,471 ----- Save best model - L1: 1.1429 -----
2026-03-08 21:34:29,968 Epoch 11: Train Loss 1.6775, Valid Loss 1.1635
2026-03-08 21:34:59,800 Epoch 12: Train Loss 1.7277, Valid Loss 1.1161
2026-03-08 21:34:59,801 ----- Save best model - L1: 1.1161 -----
2026-03-08 21:35:29,033 Epoch 13: Train Loss 1.7614, Valid Loss 1.1713
2026-03-08 21:35:58,424 Epoch 14: Train Loss 1.7875, Valid Loss 1.1676
2026-03-08 21:36:28,096 Epoch 15: Train Loss 1.8516, Valid Loss 1.2327
2026-03-08 21:36:58,006 Epoch 16: Train Loss 1.8272, Valid Loss 1.2104
2026-03-08 21:37:28,131 Epoch 17: Train Loss 1.8408, Valid Loss 1.2277
2026-03-08 21:37:57,869 Epoch 18: Train Loss 1.8831, Valid Loss 1.1961
2026-03-08 21:38:27,428 Epoch 19: Train Loss 1.8599, Valid Loss 1.3864
2026-03-08 21:38:57,433 Epoch 20: Train Loss 1.8704, Valid Loss 1.1981
2026-03-08 21:39:26,648 Epoch 21: Train Loss 1.8650, Valid Loss 1.3455
2026-03-08 21:39:55,817 Epoch 22: Train Loss 1.8590, Valid Loss 1.1475
2026-03-08 21:40:24,951 Epoch 23: Train Loss 1.8950, Valid Loss 1.2967
2026-03-08 21:40:53,835 Epoch 24: Train Loss 1.8836, Valid Loss 1.1810
2026-03-08 21:41:22,713 Epoch 25: Train Loss 1.8805, Valid Loss 1.2151
2026-03-08 21:41:22,742 last saved model is in epoch 12
2026-03-08 21:41:24,793 Test Loss 1.1717
2026-03-08 21:41:30,642 {
    "dataset": "c12",
    "data_dropout": 0.0,
    "epochs": 25,
    "freeze_epochs": 5,
    "lr": 0.001,
    "d_model": 32,
    "seed": 42,
    "batch_size": 64,
    "dropout": 0.1,
    "save_model": true,
    "save_dir": "./export/c12\\smart-smile-film\\seed_42",
    "local_rank": 0,
    "e_layers": 2,
    "n_heads": 4,
    "time_dim": 16,
    "use_film": false,
    "use_smile": false,
    "use_smile_film": true,
    "use_mnar": false,
    "smile_no_mnar": false,
    "smile_no_curriculum": false,
    "smile_mask_type": "all",
    "smile_mnar_dropout": 0.05,
    "smile_mnar_dropout_initial": 0.0
}
2026-03-08 21:41:32,807 Dataset Loaded.
2026-03-08 21:41:34,433 Class weights: [0.5820587277412415, 3.546597719192505]
2026-03-08 21:41:34,461 last saved model is in epoch 12
2026-03-08 21:41:46,938 [[1022   12]
 [ 145   19]]
2026-03-08 21:41:46,946 AUC of ROC = 0.8114
2026-03-08 21:41:46,947 AUC of PRC = 0.3807
2026-03-08 21:41:46,947 min(+P, Se) = 0.4152
2026-03-08 21:41:46,947 f1_score = 0.4424 (threshold = -2.0037)
2026-03-08 21:41:46,948 Epoch 1: Train Loss 0.7740, Valid Loss 1.0767
2026-03-08 21:41:46,948 ----- Save best model - auprc: 0.3807 -----
2026-03-08 21:41:59,086 [[716 318]
 [ 31 133]]
2026-03-08 21:41:59,090 AUC of ROC = 0.8153
2026-03-08 21:41:59,090 AUC of PRC = 0.3799
2026-03-08 21:41:59,090 min(+P, Se) = 0.4268
2026-03-08 21:41:59,091 f1_score = 0.4481 (threshold = -0.4847)
2026-03-08 21:41:59,091 Epoch 2: Train Loss 0.6484, Valid Loss 0.5172
2026-03-08 21:42:12,099 [[932 102]
 [ 85  79]]
2026-03-08 21:42:12,102 AUC of ROC = 0.8147
2026-03-08 21:42:12,102 AUC of PRC = 0.4075
2026-03-08 21:42:12,103 min(+P, Se) = 0.4303
2026-03-08 21:42:12,103 f1_score = 0.4597 (threshold = -0.9127)
2026-03-08 21:42:12,103 Epoch 3: Train Loss 0.6352, Valid Loss 0.6024
2026-03-08 21:42:12,122 ----- Save best model - auprc: 0.4075 -----
2026-03-08 21:42:26,170 [[863 171]
 [ 57 107]]
2026-03-08 21:42:26,173 AUC of ROC = 0.8218
2026-03-08 21:42:26,179 AUC of PRC = 0.4221
2026-03-08 21:42:26,179 min(+P, Se) = 0.4371
2026-03-08 21:42:26,179 f1_score = 0.4829 (threshold = -0.5332)
2026-03-08 21:42:26,180 Epoch 4: Train Loss 0.6094, Valid Loss 0.5167
2026-03-08 21:42:26,181 ----- Save best model - auprc: 0.4221 -----
2026-03-08 21:42:39,967 [[615 419]
 [ 18 146]]
2026-03-08 21:42:39,970 AUC of ROC = 0.8221
2026-03-08 21:42:39,971 AUC of PRC = 0.4295
2026-03-08 21:42:39,971 min(+P, Se) = 0.4268
2026-03-08 21:42:39,971 f1_score = 0.4804 (threshold = 0.1431)
2026-03-08 21:42:39,971 Epoch 5: Train Loss 0.5974, Valid Loss 0.5368
2026-03-08 21:42:39,972 ----- Save best model - auprc: 0.4295 -----
2026-03-08 21:43:01,084 [[693 341]
 [ 22 142]]
2026-03-08 21:43:01,087 AUC of ROC = 0.8422
2026-03-08 21:43:01,087 AUC of PRC = 0.4834
2026-03-08 21:43:01,088 min(+P, Se) = 0.4737
2026-03-08 21:43:01,088 f1_score = 0.5109 (threshold = -0.0228)
2026-03-08 21:43:01,088 Epoch 6: Train Loss 0.5676, Valid Loss 0.4943
2026-03-08 21:43:01,091 ----- Save best model - auprc: 0.4834 -----
2026-03-08 21:43:22,195 [[537 497]
 [  7 157]]
2026-03-08 21:43:22,198 AUC of ROC = 0.8365
2026-03-08 21:43:22,199 AUC of PRC = 0.4754
2026-03-08 21:43:22,199 min(+P, Se) = 0.4485
2026-03-08 21:43:22,199 f1_score = 0.4873 (threshold = 0.2751)
2026-03-08 21:43:22,200 Epoch 7: Train Loss 0.5294, Valid Loss 0.5797
2026-03-08 21:43:46,066 [[877 157]
 [ 50 114]]
2026-03-08 21:43:46,069 AUC of ROC = 0.8560
2026-03-08 21:43:46,070 AUC of PRC = 0.5188
2026-03-08 21:43:46,070 min(+P, Se) = 0.5122
2026-03-08 21:43:46,070 f1_score = 0.5266 (threshold = 0.1459)
2026-03-08 21:43:46,071 Epoch 8: Train Loss 0.5172, Valid Loss 0.4699
2026-03-08 21:43:46,073 ----- Save best model - auprc: 0.5188 -----
2026-03-08 21:44:09,024 [[779 255]
 [ 31 133]]
2026-03-08 21:44:09,027 AUC of ROC = 0.8584
2026-03-08 21:44:09,027 AUC of PRC = 0.5393
2026-03-08 21:44:09,027 min(+P, Se) = 0.5122
2026-03-08 21:44:09,028 f1_score = 0.5223 (threshold = 0.3296)
2026-03-08 21:44:09,028 Epoch 9: Train Loss 0.4939, Valid Loss 0.4570
2026-03-08 21:44:09,029 ----- Save best model - auprc: 0.5393 -----
2026-03-08 21:44:32,327 [[816 218]
 [ 35 129]]
2026-03-08 21:44:32,330 AUC of ROC = 0.8592
2026-03-08 21:44:32,330 AUC of PRC = 0.5359
2026-03-08 21:44:32,330 min(+P, Se) = 0.5000
2026-03-08 21:44:32,331 f1_score = 0.5269 (threshold = 0.0520)
2026-03-08 21:44:32,331 Epoch 10: Train Loss 0.4941, Valid Loss 0.4478
2026-03-08 21:44:53,980 [[815 219]
 [ 37 127]]
2026-03-08 21:44:53,984 AUC of ROC = 0.8585
2026-03-08 21:44:53,984 AUC of PRC = 0.5317
2026-03-08 21:44:53,984 min(+P, Se) = 0.4790
2026-03-08 21:44:53,985 f1_score = 0.5327 (threshold = -0.3151)
2026-03-08 21:44:53,985 Epoch 11: Train Loss 0.4945, Valid Loss 0.4568
2026-03-08 21:45:14,975 [[779 255]
 [ 30 134]]
2026-03-08 21:45:14,978 AUC of ROC = 0.8683
2026-03-08 21:45:14,978 AUC of PRC = 0.5408
2026-03-08 21:45:14,978 min(+P, Se) = 0.5061
2026-03-08 21:45:14,979 f1_score = 0.5424 (threshold = 0.0111)
2026-03-08 21:45:14,979 Epoch 12: Train Loss 0.4833, Valid Loss 0.4501
2026-03-08 21:45:14,986 ----- Save best model - auprc: 0.5408 -----
2026-03-08 21:45:35,747 [[907 127]
 [ 58 106]]
2026-03-08 21:45:35,751 AUC of ROC = 0.8700
2026-03-08 21:45:35,751 AUC of PRC = 0.5387
2026-03-08 21:45:35,752 min(+P, Se) = 0.5061
2026-03-08 21:45:35,752 f1_score = 0.5324 (threshold = -0.2786)
2026-03-08 21:45:35,752 Epoch 13: Train Loss 0.4798, Valid Loss 0.4604
2026-03-08 21:45:56,539 [[732 302]
 [ 21 143]]
2026-03-08 21:45:56,543 AUC of ROC = 0.8744
2026-03-08 21:45:56,544 AUC of PRC = 0.5611
2026-03-08 21:45:56,544 min(+P, Se) = 0.5366
2026-03-08 21:45:56,544 f1_score = 0.5519 (threshold = 0.1832)
2026-03-08 21:45:56,548 Epoch 14: Train Loss 0.4762, Valid Loss 0.4601
2026-03-08 21:45:56,549 ----- Save best model - auprc: 0.5611 -----
2026-03-08 21:46:17,511 [[643 391]
 [ 12 152]]
2026-03-08 21:46:17,513 AUC of ROC = 0.8745
2026-03-08 21:46:17,519 AUC of PRC = 0.5604
2026-03-08 21:46:17,519 min(+P, Se) = 0.5549
2026-03-08 21:46:17,519 f1_score = 0.5606 (threshold = 0.2248)
2026-03-08 21:46:17,520 Epoch 15: Train Loss 0.4697, Valid Loss 0.4863
2026-03-08 21:46:38,460 [[855 179]
 [ 43 121]]
2026-03-08 21:46:38,463 AUC of ROC = 0.8770
2026-03-08 21:46:38,463 AUC of PRC = 0.5596
2026-03-08 21:46:38,464 min(+P, Se) = 0.5305
2026-03-08 21:46:38,464 f1_score = 0.5467 (threshold = -0.3384)
2026-03-08 21:46:38,464 Epoch 16: Train Loss 0.4666, Valid Loss 0.4320
2026-03-08 21:46:59,247 [[787 247]
 [ 33 131]]
2026-03-08 21:46:59,251 AUC of ROC = 0.8704
2026-03-08 21:46:59,251 AUC of PRC = 0.5364
2026-03-08 21:46:59,251 min(+P, Se) = 0.5212
2026-03-08 21:46:59,251 f1_score = 0.5581 (threshold = -0.0547)
2026-03-08 21:46:59,252 Epoch 17: Train Loss 0.4651, Valid Loss 0.4403
2026-03-08 21:47:19,690 [[747 287]
 [ 25 139]]
2026-03-08 21:47:19,694 AUC of ROC = 0.8770
2026-03-08 21:47:19,694 AUC of PRC = 0.5541
2026-03-08 21:47:19,694 min(+P, Se) = 0.5301
2026-03-08 21:47:19,695 f1_score = 0.5602 (threshold = -0.0149)
2026-03-08 21:47:19,695 Epoch 18: Train Loss 0.4561, Valid Loss 0.4392
2026-03-08 21:47:40,638 [[754 280]
 [ 24 140]]
2026-03-08 21:47:40,642 AUC of ROC = 0.8763
2026-03-08 21:47:40,643 AUC of PRC = 0.5527
2026-03-08 21:47:40,643 min(+P, Se) = 0.5244
2026-03-08 21:47:40,644 f1_score = 0.5521 (threshold = -0.1237)
2026-03-08 21:47:40,648 Epoch 19: Train Loss 0.4530, Valid Loss 0.4372
2026-03-08 21:48:01,359 [[779 255]
 [ 25 139]]
2026-03-08 21:48:01,365 AUC of ROC = 0.8759
2026-03-08 21:48:01,366 AUC of PRC = 0.5700
2026-03-08 21:48:01,366 min(+P, Se) = 0.5301
2026-03-08 21:48:01,366 f1_score = 0.5473 (threshold = 0.1518)
2026-03-08 21:48:01,368 Epoch 20: Train Loss 0.4568, Valid Loss 0.4354
2026-03-08 21:48:01,369 ----- Save best model - auprc: 0.5700 -----
2026-03-08 21:48:22,285 [[809 225]
 [ 34 130]]
2026-03-08 21:48:22,289 AUC of ROC = 0.8757
2026-03-08 21:48:22,290 AUC of PRC = 0.5570
2026-03-08 21:48:22,291 min(+P, Se) = 0.5212
2026-03-08 21:48:22,291 f1_score = 0.5392 (threshold = -0.2813)
2026-03-08 21:48:22,294 Epoch 21: Train Loss 0.4469, Valid Loss 0.4274
2026-03-08 21:48:42,943 [[770 264]
 [ 29 135]]
2026-03-08 21:48:42,946 AUC of ROC = 0.8772
2026-03-08 21:48:42,946 AUC of PRC = 0.5555
2026-03-08 21:48:42,947 min(+P, Se) = 0.5244
2026-03-08 21:48:42,947 f1_score = 0.5542 (threshold = -0.1363)
2026-03-08 21:48:42,947 Epoch 22: Train Loss 0.4459, Valid Loss 0.4311
2026-03-08 21:49:03,492 [[806 228]
 [ 32 132]]
2026-03-08 21:49:03,495 AUC of ROC = 0.8758
2026-03-08 21:49:03,495 AUC of PRC = 0.5535
2026-03-08 21:49:03,496 min(+P, Se) = 0.5150
2026-03-08 21:49:03,496 f1_score = 0.5461 (threshold = 0.1214)
2026-03-08 21:49:03,496 Epoch 23: Train Loss 0.4434, Valid Loss 0.4280
2026-03-08 21:49:24,076 [[796 238]
 [ 32 132]]
2026-03-08 21:49:24,079 AUC of ROC = 0.8768
2026-03-08 21:49:24,080 AUC of PRC = 0.5531
2026-03-08 21:49:24,080 min(+P, Se) = 0.5183
2026-03-08 21:49:24,080 f1_score = 0.5461 (threshold = 0.2329)
2026-03-08 21:49:24,081 Epoch 24: Train Loss 0.4423, Valid Loss 0.4271
2026-03-08 21:49:46,305 [[798 236]
 [ 32 132]]
2026-03-08 21:49:46,309 AUC of ROC = 0.8767
2026-03-08 21:49:46,309 AUC of PRC = 0.5531
2026-03-08 21:49:46,309 min(+P, Se) = 0.5183
2026-03-08 21:49:46,309 f1_score = 0.5477 (threshold = -0.1762)
2026-03-08 21:49:46,310 Epoch 25: Train Loss 0.4404, Valid Loss 0.4270
2026-03-08 21:49:46,341 last saved model is in epoch 20
2026-03-08 21:49:47,597 [[790 219]
 [ 38 153]]
2026-03-08 21:49:47,601 AUC of ROC = 0.8646
2026-03-08 21:49:47,602 AUC of PRC = 0.5682
2026-03-08 21:49:47,602 min(+P, Se) = 0.5550
2026-03-08 21:49:47,602 f1_score = 0.5701 (threshold = -0.2700)
2026-03-08 21:49:47,602 Test Loss 0.4588
