2026-04-25 02:18:59,454 {
    "dataset": "c19",
    "data_dropout": 0.0,
    "epochs": 25,
    "lr": 0.001,
    "d_model": 32,
    "seed": 3407,
    "batch_size": 64,
    "num_workers": null,
    "dropout": 0.1,
    "save_model": true,
    "save_dir": "./export/c19/smart-smile-lean-no-film/seed_3407",
    "local_rank": 0,
    "min_mask_ratio": 0.15,
    "max_mask_ratio": 0.75,
    "e_layers": 2,
    "n_heads": 4,
    "time_dim": 16,
    "use_film": false,
    "use_smile": false,
    "use_smile_film": false,
    "use_smile_v2": false,
    "use_smile_v2_film": false,
    "use_smile_lean": true,
    "use_smile_lean_samepretrain": false,
    "use_smile_lean_v2": false,
    "use_mnar": false,
    "save_last": true,
    "smile_no_mnar": false,
    "smile_no_curriculum": false,
    "smile_mask_type": "all",
    "smile_mnar_dropout": 0.05,
    "obs_density_window": 5,
    "abl_no_density": false,
    "abl_no_mnar_bias": false,
    "abl_no_film": true,
    "abl_no_time_mnar": false,
    "abl_no_time_pe": false,
    "abl_no_cross_attn": false,
    "abl_no_mnar_cls": false,
    "abl_no_policy": false,
    "abl_no_dynamic_mnar": false,
    "abl_no_dual_head": false,
    "pretrain_mask_mode": "fixed",
    "ratio_temperature": 1.0,
    "smile_stratified": false,
    "smile_mask_weights": null,
    "rank": 0,
    "world_size": 2,
    "distributed": true,
    "gpu": 0,
    "dist_backend": "nccl"
}
2026-04-25 02:19:09,544 Dataset Loaded.
2026-04-25 02:19:09,544 system_groups: {'Vital_Basic': 7, 'Resp_Gas': 7, 'Liver_Enzyme': 2, 'Renal': 3, 'Coagulation': 3, 'CBC': 3, 'Bilirubin': 2}
2026-04-25 02:19:09,544 DataLoader kwargs: {'num_workers': 4, 'pin_memory': True, 'persistent_workers': True, 'prefetch_factor': 2}
2026-04-25 02:19:09,547 Runtime init: variable order resolved.
2026-04-25 02:19:09,547 Runtime init: variable order moved to CUDA.
2026-04-25 02:19:09,558 Runtime init: encoder moved to CUDA.
2026-04-25 02:19:09,559 Runtime init: predictor moved to CUDA.
2026-04-25 02:19:09,565 Runtime init: target encoder copied.
2026-04-25 02:19:11,543 Runtime init: DDP wrap complete.
2026-04-25 02:19:30,648 Epoch 1: Train Loss 0.0888, Valid Loss 0.0233, EMA Val 0.0233
2026-04-25 02:19:48,316 Epoch 2: Train Loss 0.0543, Valid Loss 0.0218, EMA Val 0.0228
2026-04-25 02:20:05,782 Epoch 3: Train Loss 0.0501, Valid Loss 0.0212, EMA Val 0.0224
2026-04-25 02:20:23,150 Epoch 4: Train Loss 0.0450, Valid Loss 0.0204, EMA Val 0.0218
2026-04-25 02:20:40,498 Epoch 5: Train Loss 0.0410, Valid Loss 0.0196, EMA Val 0.0211
2026-04-25 02:20:58,124 Epoch 6: Train Loss 0.0390, Valid Loss 0.0197, EMA Val 0.0207
2026-04-25 02:21:15,537 Epoch 7: Train Loss 0.0377, Valid Loss 0.0195, EMA Val 0.0203
2026-04-25 02:21:33,218 Epoch 8: Train Loss 0.0367, Valid Loss 0.0199, EMA Val 0.0202
2026-04-25 02:21:51,069 Epoch 9: Train Loss 0.0382, Valid Loss 0.0208, EMA Val 0.0204
2026-04-25 02:22:08,314 Epoch 10: Train Loss 0.0378, Valid Loss 0.0218, EMA Val 0.0208
2026-04-25 02:22:25,374 Epoch 11: Train Loss 0.0388, Valid Loss 0.0223, EMA Val 0.0213
2026-04-25 02:22:42,678 Epoch 12: Train Loss 0.0407, Valid Loss 0.0227, EMA Val 0.0217
2026-04-25 02:23:00,756 Epoch 13: Train Loss 0.0417, Valid Loss 0.0247, EMA Val 0.0226
2026-04-25 02:23:18,159 Epoch 14: Train Loss 0.0437, Valid Loss 0.0251, EMA Val 0.0234
2026-04-25 02:23:35,978 Epoch 15: Train Loss 0.0460, Valid Loss 0.0274, EMA Val 0.0246
2026-04-25 02:23:53,717 Epoch 16: Train Loss 0.0462, Valid Loss 0.0267, EMA Val 0.0252
2026-04-25 02:24:11,359 Epoch 17: Train Loss 0.0494, Valid Loss 0.0279, EMA Val 0.0260
2026-04-25 02:24:28,626 Epoch 18: Train Loss 0.0499, Valid Loss 0.0285, EMA Val 0.0268
2026-04-25 02:24:46,450 Epoch 19: Train Loss 0.0521, Valid Loss 0.0293, EMA Val 0.0275
2026-04-25 02:25:03,814 Epoch 20: Train Loss 0.0548, Valid Loss 0.0300, EMA Val 0.0283
2026-04-25 02:25:21,509 Epoch 21: Train Loss 0.0547, Valid Loss 0.0312, EMA Val 0.0291
2026-04-25 02:25:38,698 Epoch 22: Train Loss 0.0582, Valid Loss 0.0319, EMA Val 0.0300
2026-04-25 02:25:55,734 Epoch 23: Train Loss 0.0579, Valid Loss 0.0311, EMA Val 0.0303
2026-04-25 02:26:13,238 Epoch 24: Train Loss 0.0598, Valid Loss 0.0336, EMA Val 0.0313
2026-04-25 02:26:31,060 Epoch 25: Train Loss 0.0614, Valid Loss 0.0315, EMA Val 0.0314
2026-04-25 02:26:31,061 ----- Save last epoch model - L1: 0.0314 -----
2026-04-25 02:26:31,115 last saved model is in epoch 25
2026-04-25 02:26:33,614 Test Loss 0.0318
2026-04-25 02:27:47,166 {
    "dataset": "c19",
    "data_dropout": 0.0,
    "epochs": 25,
    "freeze_epochs": 5,
    "lr": 0.001,
    "d_model": 32,
    "seed": 3407,
    "batch_size": 64,
    "num_workers": null,
    "dropout": 0.1,
    "save_model": true,
    "save_dir": "./export/c19/smart-smile-lean-no-film/seed_3407",
    "pretrain_dir": null,
    "local_rank": 0,
    "e_layers": 2,
    "n_heads": 4,
    "time_dim": 16,
    "use_film": false,
    "use_smile": false,
    "use_smile_film": false,
    "use_mnar": false,
    "use_smile_v2": false,
    "use_smile_v2_film": false,
    "use_smile_lean": true,
    "use_smile_lean_samepretrain": false,
    "use_smile_lean_v2": false,
    "obs_density_window": 5,
    "abl_no_density": false,
    "abl_no_mnar_bias": false,
    "abl_no_film": true,
    "abl_no_time_mnar": false,
    "abl_no_time_pe": false,
    "abl_no_cross_attn": false,
    "abl_no_mnar_cls": false,
    "abl_no_policy": false,
    "abl_no_dynamic_mnar": false,
    "abl_no_dual_head": false,
    "smile_no_mnar": false,
    "smile_no_curriculum": false,
    "smile_mask_type": "all",
    "smile_mnar_dropout": 0.05,
    "smile_mnar_dropout_initial": 0.0,
    "smile_stratified": false,
    "los_task": "classification",
    "los_label_unit": "auto",
    "los_use_class_weights": false,
    "los_save_metric": "auc_micro",
    "rank": 0,
    "world_size": 2,
    "distributed": true,
    "gpu": 0,
    "dist_backend": "nccl"
}
2026-04-25 02:27:56,884 Dataset Loaded.
2026-04-25 02:27:56,885 DataLoader kwargs: {'num_workers': 4, 'pin_memory': True, 'persistent_workers': True, 'prefetch_factor': 2}
2026-04-25 02:27:56,887 Runtime init: variable order resolved.
2026-04-25 02:27:56,888 Runtime init: variable order moved to CUDA.
2026-04-25 02:27:56,903 Runtime init: encoder moved to CUDA.
2026-04-25 02:27:56,905 Runtime init: classifier moved to CUDA.
2026-04-25 02:27:58,672 Runtime init: DDP wrap complete.
2026-04-25 02:27:58,686 Class weights: [0.5393641591072083, 6.850955486297607]
2026-04-25 02:27:58,708 last saved model is in epoch 25
2026-04-25 02:28:06,503 [[3584  154]
 [ 150  145]]
2026-04-25 02:28:06,511 AUC of ROC = 0.8590
2026-04-25 02:28:06,511 AUC of PRC = 0.4063
2026-04-25 02:28:06,511 min(+P, Se) = 0.4673
2026-04-25 02:28:06,511 f1_score = 0.4771 (threshold = 0.2922)
2026-04-25 02:28:06,512 Epoch 1: Train Loss 0.5386, Valid Loss 0.5986
2026-04-25 02:28:06,512 ----- Save best model - auprc: 0.4063 -----
2026-04-25 02:28:12,858 [[2306 1432]
 [  23  272]]
2026-04-25 02:28:12,864 AUC of ROC = 0.8849
2026-04-25 02:28:12,864 AUC of PRC = 0.4079
2026-04-25 02:28:12,864 min(+P, Se) = 0.4752
2026-04-25 02:28:12,864 f1_score = 0.5044 (threshold = 1.1639)
2026-04-25 02:28:12,865 Epoch 2: Train Loss 0.4712, Valid Loss 0.5024
2026-04-25 02:28:12,865 ----- Save best model - auprc: 0.4079 -----
2026-04-25 02:28:19,434 [[3629  109]
 [ 176  119]]
2026-04-25 02:28:19,441 AUC of ROC = 0.8843
2026-04-25 02:28:19,441 AUC of PRC = 0.4180
2026-04-25 02:28:19,441 min(+P, Se) = 0.4794
2026-04-25 02:28:19,441 f1_score = 0.4951 (threshold = -0.0265)
2026-04-25 02:28:19,442 Epoch 3: Train Loss 0.4619, Valid Loss 0.5978
2026-04-25 02:28:19,443 ----- Save best model - auprc: 0.4180 -----
2026-04-25 02:28:26,130 [[3107  631]
 [  52  243]]
2026-04-25 02:28:26,137 AUC of ROC = 0.8930
2026-04-25 02:28:26,137 AUC of PRC = 0.4341
2026-04-25 02:28:26,137 min(+P, Se) = 0.5051
2026-04-25 02:28:26,137 f1_score = 0.5125 (threshold = 0.6140)
2026-04-25 02:28:26,138 Epoch 4: Train Loss 0.4587, Valid Loss 0.4118
2026-04-25 02:28:26,138 ----- Save best model - auprc: 0.4341 -----
2026-04-25 02:28:32,934 [[3340  398]
 [  69  226]]
2026-04-25 02:28:32,941 AUC of ROC = 0.8966
2026-04-25 02:28:32,941 AUC of PRC = 0.4448
2026-04-25 02:28:32,942 min(+P, Se) = 0.5153
2026-04-25 02:28:32,942 f1_score = 0.5347 (threshold = 0.4931)
2026-04-25 02:28:32,942 Epoch 5: Train Loss 0.4611, Valid Loss 0.4149
2026-04-25 02:28:32,943 ----- Save best model - auprc: 0.4448 -----
2026-04-25 02:28:45,335 [[3414  324]
 [  51  244]]
2026-04-25 02:28:45,344 AUC of ROC = 0.9482
2026-04-25 02:28:45,344 AUC of PRC = 0.6324
2026-04-25 02:28:45,344 min(+P, Se) = 0.6237
2026-04-25 02:28:45,344 f1_score = 0.6319 (threshold = 0.7661)
2026-04-25 02:28:45,345 Epoch 6: Train Loss 0.4011, Valid Loss 0.2995
2026-04-25 02:28:45,345 ----- Save best model - auprc: 0.6324 -----
2026-04-25 02:28:57,397 [[3483  255]
 [  46  249]]
2026-04-25 02:28:57,404 AUC of ROC = 0.9603
2026-04-25 02:28:57,404 AUC of PRC = 0.7433
2026-04-25 02:28:57,404 min(+P, Se) = 0.7085
2026-04-25 02:28:57,405 f1_score = 0.7160 (threshold = 1.0212)
2026-04-25 02:28:57,405 Epoch 7: Train Loss 0.3137, Valid Loss 0.2597
2026-04-25 02:28:57,406 ----- Save best model - auprc: 0.7433 -----
2026-04-25 02:29:09,672 [[3029  709]
 [  11  284]]
2026-04-25 02:29:09,679 AUC of ROC = 0.9650
2026-04-25 02:29:09,679 AUC of PRC = 0.7608
2026-04-25 02:29:09,679 min(+P, Se) = 0.7196
2026-04-25 02:29:09,679 f1_score = 0.7239 (threshold = 1.7806)
2026-04-25 02:29:09,680 Epoch 8: Train Loss 0.2849, Valid Loss 0.3047
2026-04-25 02:29:09,681 ----- Save best model - auprc: 0.7608 -----
2026-04-25 02:29:21,925 [[3304  434]
 [  24  271]]
2026-04-25 02:29:21,933 AUC of ROC = 0.9653
2026-04-25 02:29:21,933 AUC of PRC = 0.7753
2026-04-25 02:29:21,933 min(+P, Se) = 0.7254
2026-04-25 02:29:21,933 f1_score = 0.7352 (threshold = 1.4186)
2026-04-25 02:29:21,934 Epoch 9: Train Loss 0.2988, Valid Loss 0.2489
2026-04-25 02:29:21,934 ----- Save best model - auprc: 0.7753 -----
2026-04-25 02:29:34,118 [[3420  318]
 [  33  262]]
2026-04-25 02:29:34,126 AUC of ROC = 0.9654
2026-04-25 02:29:34,126 AUC of PRC = 0.7653
2026-04-25 02:29:34,126 min(+P, Se) = 0.7119
2026-04-25 02:29:34,126 f1_score = 0.7157 (threshold = 1.0514)
2026-04-25 02:29:34,127 Epoch 10: Train Loss 0.2810, Valid Loss 0.2394
2026-04-25 02:29:46,705 [[3475  263]
 [  43  252]]
2026-04-25 02:29:46,713 AUC of ROC = 0.9607
2026-04-25 02:29:46,713 AUC of PRC = 0.7623
2026-04-25 02:29:46,713 min(+P, Se) = 0.7085
2026-04-25 02:29:46,713 f1_score = 0.7157 (threshold = 0.9107)
2026-04-25 02:29:46,714 Epoch 11: Train Loss 0.2690, Valid Loss 0.2583
2026-04-25 02:29:58,848 [[3372  366]
 [  26  269]]
2026-04-25 02:29:58,856 AUC of ROC = 0.9649
2026-04-25 02:29:58,856 AUC of PRC = 0.7804
2026-04-25 02:29:58,856 min(+P, Se) = 0.7186
2026-04-25 02:29:58,856 f1_score = 0.7186 (threshold = 1.1841)
2026-04-25 02:29:58,857 Epoch 12: Train Loss 0.2610, Valid Loss 0.2439
2026-04-25 02:29:58,858 ----- Save best model - auprc: 0.7804 -----
2026-04-25 02:30:11,178 [[3200  538]
 [  17  278]]
2026-04-25 02:30:11,186 AUC of ROC = 0.9653
2026-04-25 02:30:11,186 AUC of PRC = 0.7759
2026-04-25 02:30:11,186 min(+P, Se) = 0.7230
2026-04-25 02:30:11,187 f1_score = 0.7242 (threshold = 1.5237)
2026-04-25 02:30:11,187 Epoch 13: Train Loss 0.2716, Valid Loss 0.2707
2026-04-25 02:30:23,810 [[3482  256]
 [  42  253]]
2026-04-25 02:30:23,817 AUC of ROC = 0.9651
2026-04-25 02:30:23,817 AUC of PRC = 0.7741
2026-04-25 02:30:23,817 min(+P, Se) = 0.7220
2026-04-25 02:30:23,818 f1_score = 0.7292 (threshold = 1.2827)
2026-04-25 02:30:23,818 Epoch 14: Train Loss 0.2546, Valid Loss 0.2496
2026-04-25 02:30:36,493 [[3284  454]
 [  31  264]]
2026-04-25 02:30:36,501 AUC of ROC = 0.9602
2026-04-25 02:30:36,502 AUC of PRC = 0.7797
2026-04-25 02:30:36,502 min(+P, Se) = 0.7119
2026-04-25 02:30:36,502 f1_score = 0.7313 (threshold = 1.1981)
2026-04-25 02:30:36,503 Epoch 15: Train Loss 0.2396, Valid Loss 0.2698
2026-04-25 02:30:48,240 [[3459  279]
 [  36  259]]
2026-04-25 02:30:48,246 AUC of ROC = 0.9646
2026-04-25 02:30:48,247 AUC of PRC = 0.7782
2026-04-25 02:30:48,247 min(+P, Se) = 0.7288
2026-04-25 02:30:48,247 f1_score = 0.7363 (threshold = 0.9909)
2026-04-25 02:30:48,247 Epoch 16: Train Loss 0.2450, Valid Loss 0.2480
2026-04-25 02:31:00,864 [[3494  244]
 [  44  251]]
2026-04-25 02:31:00,871 AUC of ROC = 0.9627
2026-04-25 02:31:00,871 AUC of PRC = 0.7807
2026-04-25 02:31:00,871 min(+P, Se) = 0.7095
2026-04-25 02:31:00,872 f1_score = 0.7197 (threshold = 1.0872)
2026-04-25 02:31:00,872 Epoch 17: Train Loss 0.2343, Valid Loss 0.2615
2026-04-25 02:31:00,873 ----- Save best model - auprc: 0.7807 -----
2026-04-25 02:31:13,408 [[3438  300]
 [  36  259]]
2026-04-25 02:31:13,414 AUC of ROC = 0.9630
2026-04-25 02:31:13,414 AUC of PRC = 0.7797
2026-04-25 02:31:13,414 min(+P, Se) = 0.7153
2026-04-25 02:31:13,414 f1_score = 0.7365 (threshold = 1.5154)
2026-04-25 02:31:13,415 Epoch 18: Train Loss 0.2119, Valid Loss 0.2543
2026-04-25 02:31:25,392 [[3351  387]
 [  30  265]]
2026-04-25 02:31:25,399 AUC of ROC = 0.9624
2026-04-25 02:31:25,399 AUC of PRC = 0.7858
2026-04-25 02:31:25,399 min(+P, Se) = 0.7230
2026-04-25 02:31:25,399 f1_score = 0.7282 (threshold = 1.2959)
2026-04-25 02:31:25,400 Epoch 19: Train Loss 0.2211, Valid Loss 0.2553
2026-04-25 02:31:25,400 ----- Save best model - auprc: 0.7858 -----
2026-04-25 02:31:37,555 [[3462  276]
 [  40  255]]
2026-04-25 02:31:37,561 AUC of ROC = 0.9629
2026-04-25 02:31:37,562 AUC of PRC = 0.7855
2026-04-25 02:31:37,562 min(+P, Se) = 0.7254
2026-04-25 02:31:37,562 f1_score = 0.7304 (threshold = 1.1120)
2026-04-25 02:31:37,562 Epoch 20: Train Loss 0.2086, Valid Loss 0.2576
2026-04-25 02:31:49,579 [[3474  264]
 [  40  255]]
2026-04-25 02:31:49,586 AUC of ROC = 0.9635
2026-04-25 02:31:49,586 AUC of PRC = 0.7861
2026-04-25 02:31:49,586 min(+P, Se) = 0.7186
2026-04-25 02:31:49,586 f1_score = 0.7225 (threshold = 1.2359)
2026-04-25 02:31:49,587 Epoch 21: Train Loss 0.2048, Valid Loss 0.2612
2026-04-25 02:31:49,587 ----- Save best model - auprc: 0.7861 -----
2026-04-25 02:32:01,383 [[3438  300]
 [  37  258]]
2026-04-25 02:32:01,390 AUC of ROC = 0.9617
2026-04-25 02:32:01,390 AUC of PRC = 0.7816
2026-04-25 02:32:01,390 min(+P, Se) = 0.7153
2026-04-25 02:32:01,390 f1_score = 0.7207 (threshold = 1.2203)
2026-04-25 02:32:01,391 Epoch 22: Train Loss 0.1935, Valid Loss 0.2609
2026-04-25 02:32:12,177 [[3416  322]
 [  36  259]]
2026-04-25 02:32:12,187 AUC of ROC = 0.9617
2026-04-25 02:32:12,190 AUC of PRC = 0.7823
2026-04-25 02:32:12,190 min(+P, Se) = 0.7162
2026-04-25 02:32:12,190 f1_score = 0.7260 (threshold = 1.3897)
2026-04-25 02:32:12,190 Epoch 23: Train Loss 0.1856, Valid Loss 0.2620
2026-04-25 02:32:23,335 [[3455  283]
 [  39  256]]
2026-04-25 02:32:23,345 AUC of ROC = 0.9622
2026-04-25 02:32:23,346 AUC of PRC = 0.7829
2026-04-25 02:32:23,346 min(+P, Se) = 0.7186
2026-04-25 02:32:23,346 f1_score = 0.7231 (threshold = 1.3776)
2026-04-25 02:32:23,346 Epoch 24: Train Loss 0.1910, Valid Loss 0.2648
2026-04-25 02:32:34,308 [[3418  320]
 [  35  260]]
2026-04-25 02:32:34,318 AUC of ROC = 0.9621
2026-04-25 02:32:34,318 AUC of PRC = 0.7831
2026-04-25 02:32:34,319 min(+P, Se) = 0.7186
2026-04-25 02:32:34,319 f1_score = 0.7241 (threshold = 1.3967)
2026-04-25 02:32:34,319 Epoch 25: Train Loss 0.1838, Valid Loss 0.2630
2026-04-25 02:32:34,345 last saved model is in epoch 21
2026-04-25 02:32:36,408 [[3501  251]
 [  31  251]]
2026-04-25 02:32:36,419 AUC of ROC = 0.9654
2026-04-25 02:32:36,419 AUC of PRC = 0.8262
2026-04-25 02:32:36,419 min(+P, Se) = 0.7766
2026-04-25 02:32:36,419 f1_score = 0.7772 (threshold = 1.1552)
2026-04-25 02:32:36,420 Test Loss 0.2324
