2026-04-25 01:58:46,365 {
    "dataset": "c12",
    "data_dropout": 0.0,
    "epochs": 25,
    "lr": 0.001,
    "d_model": 32,
    "seed": 3407,
    "batch_size": 64,
    "num_workers": null,
    "dropout": 0.1,
    "save_model": true,
    "save_dir": "./export/c12/smart-smile-lean-no-film/seed_3407",
    "local_rank": 0,
    "min_mask_ratio": 0.15,
    "max_mask_ratio": 0.75,
    "e_layers": 2,
    "n_heads": 4,
    "time_dim": 16,
    "use_film": false,
    "use_smile": false,
    "use_smile_film": false,
    "use_smile_v2": false,
    "use_smile_v2_film": false,
    "use_smile_lean": true,
    "use_smile_lean_samepretrain": false,
    "use_smile_lean_v2": false,
    "use_mnar": false,
    "save_last": true,
    "smile_no_mnar": false,
    "smile_no_curriculum": false,
    "smile_mask_type": "all",
    "smile_mnar_dropout": 0.05,
    "obs_density_window": 5,
    "abl_no_density": false,
    "abl_no_mnar_bias": false,
    "abl_no_film": true,
    "abl_no_time_mnar": false,
    "abl_no_time_pe": false,
    "abl_no_cross_attn": false,
    "abl_no_mnar_cls": false,
    "abl_no_policy": false,
    "abl_no_dynamic_mnar": false,
    "abl_no_dual_head": false,
    "pretrain_mask_mode": "fixed",
    "ratio_temperature": 1.0,
    "smile_stratified": false,
    "smile_mask_weights": null,
    "rank": 0,
    "world_size": 2,
    "distributed": true,
    "gpu": 0,
    "dist_backend": "nccl"
}
2026-04-25 01:58:50,534 Dataset Loaded.
2026-04-25 01:58:50,535 system_groups: {'Vital_Invasive': 3, 'Blood_Gas': 4, 'Electrolyte': 5, 'Liver_Enzyme': 6, 'CBC': 3, 'Oxygenation': 3, 'Metabolic': 2}
2026-04-25 01:58:50,535 DataLoader kwargs: {'num_workers': 4, 'pin_memory': True, 'persistent_workers': True, 'prefetch_factor': 2}
2026-04-25 01:58:50,537 Runtime init: variable order resolved.
2026-04-25 01:58:50,537 Runtime init: variable order moved to CUDA.
2026-04-25 01:58:50,548 Runtime init: encoder moved to CUDA.
2026-04-25 01:58:50,550 Runtime init: predictor moved to CUDA.
2026-04-25 01:58:50,557 Runtime init: target encoder copied.
2026-04-25 01:58:52,359 Runtime init: DDP wrap complete.
2026-04-25 01:58:58,119 Epoch 1: Train Loss 7.1179, Valid Loss 2.8879, EMA Val 2.8879
2026-04-25 01:59:03,189 Epoch 2: Train Loss 2.8355, Valid Loss 1.7931, EMA Val 2.5594
2026-04-25 01:59:07,690 Epoch 3: Train Loss 2.0363, Valid Loss 1.4212, EMA Val 2.2180
2026-04-25 01:59:12,471 Epoch 4: Train Loss 1.6241, Valid Loss 1.1723, EMA Val 1.9043
2026-04-25 01:59:16,656 Epoch 5: Train Loss 1.3615, Valid Loss 0.9819, EMA Val 1.6276
2026-04-25 01:59:21,265 Epoch 6: Train Loss 1.2118, Valid Loss 0.9440, EMA Val 1.4225
2026-04-25 01:59:25,789 Epoch 7: Train Loss 1.0952, Valid Loss 0.8390, EMA Val 1.2475
2026-04-25 01:59:30,152 Epoch 8: Train Loss 0.9549, Valid Loss 0.7620, EMA Val 1.1018
2026-04-25 01:59:34,334 Epoch 9: Train Loss 0.9402, Valid Loss 0.7442, EMA Val 0.9945
2026-04-25 01:59:38,848 Epoch 10: Train Loss 0.8993, Valid Loss 0.6908, EMA Val 0.9034
2026-04-25 01:59:43,310 Epoch 11: Train Loss 0.8293, Valid Loss 0.6614, EMA Val 0.8308
2026-04-25 01:59:47,809 Epoch 12: Train Loss 0.7810, Valid Loss 0.6304, EMA Val 0.7707
2026-04-25 01:59:52,451 Epoch 13: Train Loss 0.7604, Valid Loss 0.6170, EMA Val 0.7246
2026-04-25 01:59:57,300 Epoch 14: Train Loss 0.7000, Valid Loss 0.6178, EMA Val 0.6926
2026-04-25 02:00:02,230 Epoch 15: Train Loss 0.7031, Valid Loss 0.5750, EMA Val 0.6573
2026-04-25 02:00:07,091 Epoch 16: Train Loss 0.6664, Valid Loss 0.6331, EMA Val 0.6500
2026-04-25 02:00:11,977 Epoch 17: Train Loss 0.6443, Valid Loss 0.5822, EMA Val 0.6297
2026-04-25 02:00:16,804 Epoch 18: Train Loss 0.6544, Valid Loss 0.5827, EMA Val 0.6156
2026-04-25 02:00:21,647 Epoch 19: Train Loss 0.6635, Valid Loss 0.5710, EMA Val 0.6022
2026-04-25 02:00:26,155 Epoch 20: Train Loss 0.5865, Valid Loss 0.5479, EMA Val 0.5859
2026-04-25 02:00:30,851 Epoch 21: Train Loss 0.6020, Valid Loss 0.5351, EMA Val 0.5707
2026-04-25 02:00:35,706 Epoch 22: Train Loss 0.6113, Valid Loss 0.5335, EMA Val 0.5595
2026-04-25 02:00:40,463 Epoch 23: Train Loss 0.5863, Valid Loss 0.5370, EMA Val 0.5528
2026-04-25 02:00:45,386 Epoch 24: Train Loss 0.5867, Valid Loss 0.5389, EMA Val 0.5486
2026-04-25 02:00:49,822 Epoch 25: Train Loss 0.5370, Valid Loss 0.5137, EMA Val 0.5382
2026-04-25 02:00:49,823 ----- Save last epoch model - L1: 0.5382 -----
2026-04-25 02:00:49,863 last saved model is in epoch 25
2026-04-25 02:00:50,709 Test Loss 0.5504
2026-04-25 02:02:01,525 {
    "dataset": "c12",
    "data_dropout": 0.0,
    "epochs": 25,
    "freeze_epochs": 5,
    "lr": 0.001,
    "d_model": 32,
    "seed": 3407,
    "batch_size": 64,
    "num_workers": null,
    "dropout": 0.1,
    "save_model": true,
    "save_dir": "./export/c12/smart-smile-lean-no-film/seed_3407",
    "pretrain_dir": null,
    "local_rank": 0,
    "e_layers": 2,
    "n_heads": 4,
    "time_dim": 16,
    "use_film": false,
    "use_smile": false,
    "use_smile_film": false,
    "use_mnar": false,
    "use_smile_v2": false,
    "use_smile_v2_film": false,
    "use_smile_lean": true,
    "use_smile_lean_samepretrain": false,
    "use_smile_lean_v2": false,
    "obs_density_window": 5,
    "abl_no_density": false,
    "abl_no_mnar_bias": false,
    "abl_no_film": true,
    "abl_no_time_mnar": false,
    "abl_no_time_pe": false,
    "abl_no_cross_attn": false,
    "abl_no_mnar_cls": false,
    "abl_no_policy": false,
    "abl_no_dynamic_mnar": false,
    "abl_no_dual_head": false,
    "smile_no_mnar": false,
    "smile_no_curriculum": false,
    "smile_mask_type": "all",
    "smile_mnar_dropout": 0.05,
    "smile_mnar_dropout_initial": 0.0,
    "smile_stratified": false,
    "los_task": "classification",
    "los_label_unit": "auto",
    "los_use_class_weights": false,
    "los_save_metric": "auc_micro",
    "rank": 0,
    "world_size": 2,
    "distributed": true,
    "gpu": 0,
    "dist_backend": "nccl"
}
2026-04-25 02:02:05,605 Dataset Loaded.
2026-04-25 02:02:05,605 DataLoader kwargs: {'num_workers': 4, 'pin_memory': True, 'persistent_workers': True, 'prefetch_factor': 2}
2026-04-25 02:02:05,608 Runtime init: variable order resolved.
2026-04-25 02:02:05,609 Runtime init: variable order moved to CUDA.
2026-04-25 02:02:05,622 Runtime init: encoder moved to CUDA.
2026-04-25 02:02:05,623 Runtime init: classifier moved to CUDA.
2026-04-25 02:02:08,059 Runtime init: DDP wrap complete.
2026-04-25 02:02:08,063 Class weights: [0.5820587277412415, 3.546597719192505]
2026-04-25 02:02:08,090 last saved model is in epoch 25
2026-04-25 02:02:11,612 [[807 227]
 [ 50 114]]
2026-04-25 02:02:11,619 AUC of ROC = 0.7560
2026-04-25 02:02:11,619 AUC of PRC = 0.3286
2026-04-25 02:02:11,619 min(+P, Se) = 0.3895
2026-04-25 02:02:11,619 f1_score = 0.4202 (threshold = -1.7205)
2026-04-25 02:02:11,620 Epoch 1: Train Loss 0.6826, Valid Loss 0.5365
2026-04-25 02:02:11,621 ----- Save best model - auprc: 0.3286 -----
2026-04-25 02:02:14,050 [[833 201]
 [ 50 114]]
2026-04-25 02:02:14,054 AUC of ROC = 0.8009
2026-04-25 02:02:14,055 AUC of PRC = 0.3701
2026-04-25 02:02:14,055 min(+P, Se) = 0.4192
2026-04-25 02:02:14,055 f1_score = 0.4564 (threshold = -1.7909)
2026-04-25 02:02:14,055 Epoch 2: Train Loss 0.5893, Valid Loss 0.5054
2026-04-25 02:02:14,056 ----- Save best model - auprc: 0.3701 -----
2026-04-25 02:02:16,720 [[682 352]
 [ 21 143]]
2026-04-25 02:02:16,724 AUC of ROC = 0.7979
2026-04-25 02:02:16,725 AUC of PRC = 0.3837
2026-04-25 02:02:16,725 min(+P, Se) = 0.4277
2026-04-25 02:02:16,725 f1_score = 0.4627 (threshold = -1.2668)
2026-04-25 02:02:16,726 Epoch 3: Train Loss 0.5758, Valid Loss 0.5159
2026-04-25 02:02:16,726 ----- Save best model - auprc: 0.3837 -----
2026-04-25 02:02:19,145 [[722 312]
 [ 27 137]]
2026-04-25 02:02:19,149 AUC of ROC = 0.8178
2026-04-25 02:02:19,150 AUC of PRC = 0.3974
2026-04-25 02:02:19,150 min(+P, Se) = 0.4419
2026-04-25 02:02:19,150 f1_score = 0.4661 (threshold = -1.5180)
2026-04-25 02:02:19,150 Epoch 4: Train Loss 0.5960, Valid Loss 0.4976
2026-04-25 02:02:19,151 ----- Save best model - auprc: 0.3974 -----
2026-04-25 02:02:21,527 [[834 200]
 [ 43 121]]
2026-04-25 02:02:21,532 AUC of ROC = 0.8098
2026-04-25 02:02:21,532 AUC of PRC = 0.3831
2026-04-25 02:02:21,532 min(+P, Se) = 0.4271
2026-04-25 02:02:21,533 f1_score = 0.4619 (threshold = -1.5241)
2026-04-25 02:02:21,533 Epoch 5: Train Loss 0.5431, Valid Loss 0.4955
2026-04-25 02:02:24,871 [[756 278]
 [ 25 139]]
2026-04-25 02:02:24,876 AUC of ROC = 0.8505
2026-04-25 02:02:24,876 AUC of PRC = 0.5200
2026-04-25 02:02:24,876 min(+P, Se) = 0.5091
2026-04-25 02:02:24,876 f1_score = 0.5243 (threshold = -1.0351)
2026-04-25 02:02:24,876 Epoch 6: Train Loss 0.5755, Valid Loss 0.4763
2026-04-25 02:02:24,877 ----- Save best model - auprc: 0.5200 -----
2026-04-25 02:02:28,460 [[721 313]
 [ 22 142]]
2026-04-25 02:02:28,465 AUC of ROC = 0.8496
2026-04-25 02:02:28,465 AUC of PRC = 0.5175
2026-04-25 02:02:28,465 min(+P, Se) = 0.5000
2026-04-25 02:02:28,465 f1_score = 0.5140 (threshold = -0.5325)
2026-04-25 02:02:28,466 Epoch 7: Train Loss 0.5230, Valid Loss 0.4839
2026-04-25 02:02:31,900 [[840 194]
 [ 41 123]]
2026-04-25 02:02:31,905 AUC of ROC = 0.8643
2026-04-25 02:02:31,905 AUC of PRC = 0.5396
2026-04-25 02:02:31,905 min(+P, Se) = 0.5183
2026-04-25 02:02:31,905 f1_score = 0.5299 (threshold = -0.8904)
2026-04-25 02:02:31,906 Epoch 8: Train Loss 0.5079, Valid Loss 0.4478
2026-04-25 02:02:31,907 ----- Save best model - auprc: 0.5396 -----
2026-04-25 02:02:35,288 [[865 169]
 [ 47 117]]
2026-04-25 02:02:35,294 AUC of ROC = 0.8671
2026-04-25 02:02:35,294 AUC of PRC = 0.5382
2026-04-25 02:02:35,294 min(+P, Se) = 0.5174
2026-04-25 02:02:35,294 f1_score = 0.5403 (threshold = -1.1360)
2026-04-25 02:02:35,294 Epoch 9: Train Loss 0.4851, Valid Loss 0.4502
2026-04-25 02:02:38,952 [[806 228]
 [ 36 128]]
2026-04-25 02:02:38,956 AUC of ROC = 0.8646
2026-04-25 02:02:38,957 AUC of PRC = 0.5460
2026-04-25 02:02:38,957 min(+P, Se) = 0.5427
2026-04-25 02:02:38,957 f1_score = 0.5498 (threshold = -0.3787)
2026-04-25 02:02:38,957 Epoch 10: Train Loss 0.5066, Valid Loss 0.4505
2026-04-25 02:02:38,958 ----- Save best model - auprc: 0.5460 -----
2026-04-25 02:02:42,516 [[841 193]
 [ 39 125]]
2026-04-25 02:02:42,521 AUC of ROC = 0.8647
2026-04-25 02:02:42,521 AUC of PRC = 0.5414
2026-04-25 02:02:42,521 min(+P, Se) = 0.5244
2026-04-25 02:02:42,521 f1_score = 0.5330 (threshold = -0.8780)
2026-04-25 02:02:42,521 Epoch 11: Train Loss 0.5079, Valid Loss 0.4464
2026-04-25 02:02:45,988 [[717 317]
 [ 19 145]]
2026-04-25 02:02:45,992 AUC of ROC = 0.8723
2026-04-25 02:02:45,993 AUC of PRC = 0.5539
2026-04-25 02:02:45,993 min(+P, Se) = 0.5305
2026-04-25 02:02:45,993 f1_score = 0.5510 (threshold = -0.4818)
2026-04-25 02:02:45,993 Epoch 12: Train Loss 0.4835, Valid Loss 0.4625
2026-04-25 02:02:45,994 ----- Save best model - auprc: 0.5539 -----
2026-04-25 02:02:49,529 [[741 293]
 [ 23 141]]
2026-04-25 02:02:49,534 AUC of ROC = 0.8688
2026-04-25 02:02:49,534 AUC of PRC = 0.5507
2026-04-25 02:02:49,534 min(+P, Se) = 0.5183
2026-04-25 02:02:49,534 f1_score = 0.5432 (threshold = -0.5226)
2026-04-25 02:02:49,534 Epoch 13: Train Loss 0.4866, Valid Loss 0.4550
2026-04-25 02:02:52,767 [[887 147]
 [ 50 114]]
2026-04-25 02:02:52,771 AUC of ROC = 0.8639
2026-04-25 02:02:52,772 AUC of PRC = 0.5344
2026-04-25 02:02:52,772 min(+P, Se) = 0.5183
2026-04-25 02:02:52,772 f1_score = 0.5437 (threshold = -0.9730)
2026-04-25 02:02:52,772 Epoch 14: Train Loss 0.4950, Valid Loss 0.4579
2026-04-25 02:02:56,399 [[772 262]
 [ 28 136]]
2026-04-25 02:02:56,403 AUC of ROC = 0.8627
2026-04-25 02:02:56,403 AUC of PRC = 0.5363
2026-04-25 02:02:56,403 min(+P, Se) = 0.5301
2026-04-25 02:02:56,404 f1_score = 0.5342 (threshold = -0.2850)
2026-04-25 02:02:56,404 Epoch 15: Train Loss 0.4805, Valid Loss 0.4551
2026-04-25 02:03:00,116 [[851 183]
 [ 41 123]]
2026-04-25 02:03:00,121 AUC of ROC = 0.8735
2026-04-25 02:03:00,121 AUC of PRC = 0.5502
2026-04-25 02:03:00,121 min(+P, Se) = 0.5212
2026-04-25 02:03:00,122 f1_score = 0.5435 (threshold = -0.8816)
2026-04-25 02:03:00,122 Epoch 16: Train Loss 0.4906, Valid Loss 0.4339
2026-04-25 02:03:03,797 [[822 212]
 [ 34 130]]
2026-04-25 02:03:03,802 AUC of ROC = 0.8744
2026-04-25 02:03:03,803 AUC of PRC = 0.5546
2026-04-25 02:03:03,803 min(+P, Se) = 0.5269
2026-04-25 02:03:03,803 f1_score = 0.5390 (threshold = -0.9282)
2026-04-25 02:03:03,803 Epoch 17: Train Loss 0.4723, Valid Loss 0.4319
2026-04-25 02:03:03,804 ----- Save best model - auprc: 0.5546 -----
2026-04-25 02:03:07,374 [[832 202]
 [ 34 130]]
2026-04-25 02:03:07,378 AUC of ROC = 0.8761
2026-04-25 02:03:07,378 AUC of PRC = 0.5556
2026-04-25 02:03:07,378 min(+P, Se) = 0.5455
2026-04-25 02:03:07,379 f1_score = 0.5561 (threshold = -0.8424)
2026-04-25 02:03:07,379 Epoch 18: Train Loss 0.4642, Valid Loss 0.4289
2026-04-25 02:03:07,380 ----- Save best model - auprc: 0.5556 -----
2026-04-25 02:03:10,958 [[809 225]
 [ 33 131]]
2026-04-25 02:03:10,962 AUC of ROC = 0.8761
2026-04-25 02:03:10,963 AUC of PRC = 0.5583
2026-04-25 02:03:10,963 min(+P, Se) = 0.5427
2026-04-25 02:03:10,963 f1_score = 0.5508 (threshold = -0.7129)
2026-04-25 02:03:10,963 Epoch 19: Train Loss 0.4788, Valid Loss 0.4302
2026-04-25 02:03:10,964 ----- Save best model - auprc: 0.5583 -----
2026-04-25 02:03:14,523 [[809 225]
 [ 29 135]]
2026-04-25 02:03:14,528 AUC of ROC = 0.8745
2026-04-25 02:03:14,528 AUC of PRC = 0.5565
2026-04-25 02:03:14,528 min(+P, Se) = 0.5427
2026-04-25 02:03:14,528 f1_score = 0.5497 (threshold = -0.7324)
2026-04-25 02:03:14,529 Epoch 20: Train Loss 0.4585, Valid Loss 0.4319
2026-04-25 02:03:17,752 [[843 191]
 [ 35 129]]
2026-04-25 02:03:17,757 AUC of ROC = 0.8752
2026-04-25 02:03:17,757 AUC of PRC = 0.5579
2026-04-25 02:03:17,757 min(+P, Se) = 0.5427
2026-04-25 02:03:17,757 f1_score = 0.5485 (threshold = -0.7802)
2026-04-25 02:03:17,758 Epoch 21: Train Loss 0.4640, Valid Loss 0.4281
2026-04-25 02:03:21,422 [[812 222]
 [ 30 134]]
2026-04-25 02:03:21,426 AUC of ROC = 0.8748
2026-04-25 02:03:21,426 AUC of PRC = 0.5575
2026-04-25 02:03:21,426 min(+P, Se) = 0.5366
2026-04-25 02:03:21,426 f1_score = 0.5501 (threshold = -0.8723)
2026-04-25 02:03:21,427 Epoch 22: Train Loss 0.4535, Valid Loss 0.4302
2026-04-25 02:03:25,266 [[817 217]
 [ 32 132]]
2026-04-25 02:03:25,271 AUC of ROC = 0.8747
2026-04-25 02:03:25,271 AUC of PRC = 0.5584
2026-04-25 02:03:25,271 min(+P, Se) = 0.5366
2026-04-25 02:03:25,271 f1_score = 0.5469 (threshold = -0.7015)
2026-04-25 02:03:25,272 Epoch 23: Train Loss 0.4691, Valid Loss 0.4295
2026-04-25 02:03:25,272 ----- Save best model - auprc: 0.5584 -----
2026-04-25 02:03:28,992 [[822 212]
 [ 32 132]]
2026-04-25 02:03:28,997 AUC of ROC = 0.8751
2026-04-25 02:03:28,997 AUC of PRC = 0.5581
2026-04-25 02:03:28,998 min(+P, Se) = 0.5427
2026-04-25 02:03:28,998 f1_score = 0.5459 (threshold = -0.7100)
2026-04-25 02:03:28,998 Epoch 24: Train Loss 0.4503, Valid Loss 0.4283
2026-04-25 02:03:32,172 [[822 212]
 [ 35 129]]
2026-04-25 02:03:32,177 AUC of ROC = 0.8752
2026-04-25 02:03:32,177 AUC of PRC = 0.5586
2026-04-25 02:03:32,177 min(+P, Se) = 0.5427
2026-04-25 02:03:32,177 f1_score = 0.5459 (threshold = -0.8384)
2026-04-25 02:03:32,177 Epoch 25: Train Loss 0.4552, Valid Loss 0.4275
2026-04-25 02:03:32,178 ----- Save best model - auprc: 0.5586 -----
2026-04-25 02:03:32,204 last saved model is in epoch 25
2026-04-25 02:03:33,026 [[826 183]
 [ 56 135]]
2026-04-25 02:03:33,031 AUC of ROC = 0.8546
2026-04-25 02:03:33,031 AUC of PRC = 0.5507
2026-04-25 02:03:33,032 min(+P, Se) = 0.5497
2026-04-25 02:03:33,032 f1_score = 0.5683 (threshold = -0.9856)
2026-04-25 02:03:33,032 Test Loss 0.4731
