2026-03-06 03:16:01,400 {
    "dataset": "c19",
    "data_dropout": 0.0,
    "epochs": 25,
    "lr": 0.001,
    "d_model": 32,
    "seed": 2024,
    "batch_size": 256,
    "dropout": 0.1,
    "save_model": true,
    "save_dir": "./export/c19\\smart-smile\\seed_2024",
    "local_rank": 0,
    "min_mask_ratio": 0.0,
    "max_mask_ratio": 0.75,
    "e_layers": 2,
    "n_heads": 4,
    "time_dim": 16,
    "use_film": false,
    "use_smile": true,
    "use_mnar": false,
    "save_last": false,
    "smile_no_mnar": false,
    "smile_no_curriculum": false,
    "smile_mask_type": "all",
    "smile_mnar_dropout": 0.05
}
2026-03-06 03:16:05,704 Dataset Loaded.
2026-03-06 03:16:05,705 SMILE system_groups: {'cardiovascular': 2, 'respiratory': 7, 'lab': 25}
2026-03-06 03:22:57,254 Epoch 1: Train Loss 0.1816, Valid Loss 0.0371
2026-03-06 03:22:57,255 ----- Save best model - L1: 0.0371 -----
2026-03-06 03:29:55,500 Epoch 2: Train Loss 0.1001, Valid Loss 0.0274
2026-03-06 03:29:55,501 ----- Save best model - L1: 0.0274 -----
2026-03-06 03:36:46,637 Epoch 3: Train Loss 0.0877, Valid Loss 0.0267
2026-03-06 03:36:46,640 ----- Save best model - L1: 0.0267 -----
2026-03-06 03:43:45,345 Epoch 4: Train Loss 0.0802, Valid Loss 0.0285
2026-03-06 03:50:35,337 Epoch 5: Train Loss 0.0737, Valid Loss 0.0256
2026-03-06 03:50:35,338 ----- Save best model - L1: 0.0256 -----
2026-03-06 03:57:25,404 Epoch 6: Train Loss 0.0681, Valid Loss 0.0245
2026-03-06 03:57:25,405 ----- Save best model - L1: 0.0245 -----
2026-03-06 04:04:23,059 Epoch 7: Train Loss 0.0635, Valid Loss 0.0237
2026-03-06 04:04:23,060 ----- Save best model - L1: 0.0237 -----
2026-03-06 04:11:13,579 Epoch 8: Train Loss 0.0600, Valid Loss 0.0230
2026-03-06 04:11:13,581 ----- Save best model - L1: 0.0230 -----
2026-03-06 04:18:11,196 Epoch 9: Train Loss 0.0566, Valid Loss 0.0224
2026-03-06 04:18:11,197 ----- Save best model - L1: 0.0224 -----
2026-03-06 04:25:01,377 Epoch 10: Train Loss 0.0537, Valid Loss 0.0228
2026-03-06 04:31:59,577 Epoch 11: Train Loss 0.0508, Valid Loss 0.0215
2026-03-06 04:31:59,578 ----- Save best model - L1: 0.0215 -----
2026-03-06 04:38:50,665 Epoch 12: Train Loss 0.0496, Valid Loss 0.0215
2026-03-06 04:38:50,666 ----- Save best model - L1: 0.0215 -----
2026-03-06 04:45:48,438 Epoch 13: Train Loss 0.0495, Valid Loss 0.0212
2026-03-06 04:45:48,439 ----- Save best model - L1: 0.0212 -----
2026-03-06 04:52:38,805 Epoch 14: Train Loss 0.0480, Valid Loss 0.0217
2026-03-06 04:59:36,850 Epoch 15: Train Loss 0.0477, Valid Loss 0.0221
2026-03-06 05:06:27,124 Epoch 16: Train Loss 0.0477, Valid Loss 0.0248
2026-03-06 05:13:21,242 Epoch 17: Train Loss 0.0470, Valid Loss 0.0216
2026-03-06 05:20:15,823 Epoch 18: Train Loss 0.0475, Valid Loss 0.0240
2026-03-06 05:27:05,919 Epoch 19: Train Loss 0.0474, Valid Loss 0.0217
2026-03-06 05:34:04,229 Epoch 20: Train Loss 0.0460, Valid Loss 0.0216
2026-03-06 05:40:55,147 Epoch 21: Train Loss 0.0461, Valid Loss 0.0213
2026-03-06 05:47:52,758 Epoch 22: Train Loss 0.0468, Valid Loss 0.0216
2026-03-06 05:54:43,402 Epoch 23: Train Loss 0.0461, Valid Loss 0.0225
2026-03-06 06:01:41,040 Epoch 24: Train Loss 0.0466, Valid Loss 0.0207
2026-03-06 06:01:41,041 ----- Save best model - L1: 0.0207 -----
2026-03-06 06:08:31,451 Epoch 25: Train Loss 0.0446, Valid Loss 0.0217
2026-03-06 06:08:31,481 last saved model is in epoch 24
2026-03-06 06:09:12,975 Test Loss 0.0215
2026-03-06 06:09:20,736 {
    "dataset": "c19",
    "data_dropout": 0.0,
    "epochs": 25,
    "freeze_epochs": 5,
    "lr": 0.001,
    "d_model": 32,
    "seed": 2024,
    "batch_size": 256,
    "dropout": 0.1,
    "save_model": true,
    "save_dir": "./export/c19\\smart-smile\\seed_2024",
    "local_rank": 0,
    "e_layers": 2,
    "n_heads": 4,
    "time_dim": 16,
    "use_film": false,
    "use_smile": true,
    "use_mnar": false,
    "smile_no_mnar": false,
    "smile_no_curriculum": false,
    "smile_mask_type": "all",
    "smile_mnar_dropout": 0.05
}
2026-03-06 06:09:25,793 Dataset Loaded.
2026-03-06 06:09:27,769 last saved model is in epoch 24
2026-03-06 06:10:05,995 [[3709   19]
 [ 265   40]]
2026-03-06 06:10:06,000 AUC of ROC = 0.8162
2026-03-06 06:10:06,000 AUC of PRC = 0.3473
2026-03-06 06:10:06,000 min(+P, Se) = 0.3836
2026-03-06 06:10:06,000 f1_score = 0.2198
2026-03-06 06:10:06,000 Epoch 1: Train Loss 0.2332, Valid Loss 0.2159
2026-03-06 06:10:06,001 ----- Save best model - auprc: 0.3473 -----
2026-03-06 06:10:43,764 [[3687   41]
 [ 234   71]]
2026-03-06 06:10:43,768 AUC of ROC = 0.8081
2026-03-06 06:10:43,769 AUC of PRC = 0.3886
2026-03-06 06:10:43,769 min(+P, Se) = 0.4557
2026-03-06 06:10:43,769 f1_score = 0.3405
2026-03-06 06:10:43,770 Epoch 2: Train Loss 0.1961, Valid Loss 0.2150
2026-03-06 06:10:43,771 ----- Save best model - auprc: 0.3886 -----
2026-03-06 06:11:21,657 [[3709   19]
 [ 274   31]]
2026-03-06 06:11:21,662 AUC of ROC = 0.8238
2026-03-06 06:11:21,662 AUC of PRC = 0.4236
2026-03-06 06:11:21,662 min(+P, Se) = 0.4739
2026-03-06 06:11:21,662 f1_score = 0.1746
2026-03-06 06:11:21,664 Epoch 3: Train Loss 0.1888, Valid Loss 0.2113
2026-03-06 06:11:21,664 ----- Save best model - auprc: 0.4236 -----
2026-03-06 06:11:59,378 [[3716   12]
 [ 273   32]]
2026-03-06 06:11:59,383 AUC of ROC = 0.8396
2026-03-06 06:11:59,383 AUC of PRC = 0.4437
2026-03-06 06:11:59,383 min(+P, Se) = 0.4773
2026-03-06 06:11:59,384 f1_score = 0.1834
2026-03-06 06:11:59,385 Epoch 4: Train Loss 0.1888, Valid Loss 0.2078
2026-03-06 06:11:59,385 ----- Save best model - auprc: 0.4437 -----
2026-03-06 06:12:37,024 [[3708   20]
 [ 257   48]]
2026-03-06 06:12:37,028 AUC of ROC = 0.8462
2026-03-06 06:12:37,029 AUC of PRC = 0.4351
2026-03-06 06:12:37,029 min(+P, Se) = 0.4727
2026-03-06 06:12:37,029 f1_score = 0.2574
2026-03-06 06:12:37,030 Epoch 5: Train Loss 0.1832, Valid Loss 0.1985
2026-03-06 06:13:44,324 [[3708   20]
 [ 269   36]]
2026-03-06 06:13:44,328 AUC of ROC = 0.8372
2026-03-06 06:13:44,329 AUC of PRC = 0.3745
2026-03-06 06:13:44,329 min(+P, Se) = 0.3909
2026-03-06 06:13:44,329 f1_score = 0.1994
2026-03-06 06:13:44,330 Epoch 6: Train Loss 0.2776, Valid Loss 0.2078
2026-03-06 06:14:50,179 [[3697   31]
 [ 168  137]]
2026-03-06 06:14:50,183 AUC of ROC = 0.9119
2026-03-06 06:14:50,184 AUC of PRC = 0.6461
2026-03-06 06:14:50,185 min(+P, Se) = 0.6111
2026-03-06 06:14:50,185 f1_score = 0.5793
2026-03-06 06:14:50,185 Epoch 7: Train Loss 0.1693, Valid Loss 0.1552
2026-03-06 06:14:50,186 ----- Save best model - auprc: 0.6461 -----
2026-03-06 06:15:56,133 [[3673   55]
 [ 142  163]]
2026-03-06 06:15:56,138 AUC of ROC = 0.9276
2026-03-06 06:15:56,138 AUC of PRC = 0.6935
2026-03-06 06:15:56,138 min(+P, Se) = 0.6558
2026-03-06 06:15:56,139 f1_score = 0.6233
2026-03-06 06:15:56,139 Epoch 8: Train Loss 0.1360, Valid Loss 0.1377
2026-03-06 06:15:56,140 ----- Save best model - auprc: 0.6935 -----
2026-03-06 06:17:01,968 [[3694   34]
 [ 149  156]]
2026-03-06 06:17:01,972 AUC of ROC = 0.9345
2026-03-06 06:17:01,973 AUC of PRC = 0.7149
2026-03-06 06:17:01,973 min(+P, Se) = 0.6503
2026-03-06 06:17:01,973 f1_score = 0.6303
2026-03-06 06:17:01,974 Epoch 9: Train Loss 0.1239, Valid Loss 0.1517
2026-03-06 06:17:01,975 ----- Save best model - auprc: 0.7149 -----
2026-03-06 06:18:07,730 [[3651   77]
 [ 109  196]]
2026-03-06 06:18:07,734 AUC of ROC = 0.9400
2026-03-06 06:18:07,734 AUC of PRC = 0.7259
2026-03-06 06:18:07,734 min(+P, Se) = 0.6787
2026-03-06 06:18:07,735 f1_score = 0.6782
2026-03-06 06:18:07,735 Epoch 10: Train Loss 0.1196, Valid Loss 0.1324
2026-03-06 06:18:07,736 ----- Save best model - auprc: 0.7259 -----
2026-03-06 06:19:13,773 [[3672   56]
 [ 116  189]]
2026-03-06 06:19:13,777 AUC of ROC = 0.9408
2026-03-06 06:19:13,778 AUC of PRC = 0.7446
2026-03-06 06:19:13,778 min(+P, Se) = 0.6893
2026-03-06 06:19:13,778 f1_score = 0.6873
2026-03-06 06:19:13,778 Epoch 11: Train Loss 0.1125, Valid Loss 0.1280
2026-03-06 06:19:13,780 ----- Save best model - auprc: 0.7446 -----
2026-03-06 06:20:20,002 [[3611  117]
 [  91  214]]
2026-03-06 06:20:20,007 AUC of ROC = 0.9411
2026-03-06 06:20:20,007 AUC of PRC = 0.7261
2026-03-06 06:20:20,008 min(+P, Se) = 0.6787
2026-03-06 06:20:20,008 f1_score = 0.6730
2026-03-06 06:20:20,008 Epoch 12: Train Loss 0.1116, Valid Loss 0.1492
2026-03-06 06:21:25,687 [[3654   74]
 [ 105  200]]
2026-03-06 06:21:25,691 AUC of ROC = 0.9411
2026-03-06 06:21:25,691 AUC of PRC = 0.7536
2026-03-06 06:21:25,691 min(+P, Se) = 0.6951
2026-03-06 06:21:25,691 f1_score = 0.6908
2026-03-06 06:21:25,693 Epoch 13: Train Loss 0.1197, Valid Loss 0.1288
2026-03-06 06:21:25,693 ----- Save best model - auprc: 0.7536 -----
2026-03-06 06:22:31,479 [[3677   51]
 [ 118  187]]
2026-03-06 06:22:31,483 AUC of ROC = 0.9440
2026-03-06 06:22:31,483 AUC of PRC = 0.7528
2026-03-06 06:22:31,483 min(+P, Se) = 0.6951
2026-03-06 06:22:31,484 f1_score = 0.6888
2026-03-06 06:22:31,485 Epoch 14: Train Loss 0.1080, Valid Loss 0.1279
2026-03-06 06:23:37,147 [[3663   65]
 [ 108  197]]
2026-03-06 06:23:37,152 AUC of ROC = 0.9435
2026-03-06 06:23:37,154 AUC of PRC = 0.7577
2026-03-06 06:23:37,154 min(+P, Se) = 0.7049
2026-03-06 06:23:37,154 f1_score = 0.6949
2026-03-06 06:23:37,154 Epoch 15: Train Loss 0.1051, Valid Loss 0.1233
2026-03-06 06:23:37,155 ----- Save best model - auprc: 0.7577 -----
2026-03-06 06:24:42,888 [[3671   57]
 [ 109  196]]
2026-03-06 06:24:42,892 AUC of ROC = 0.9424
2026-03-06 06:24:42,892 AUC of PRC = 0.7527
2026-03-06 06:24:42,892 min(+P, Se) = 0.6852
2026-03-06 06:24:42,892 f1_score = 0.7025
2026-03-06 06:24:42,893 Epoch 16: Train Loss 0.1028, Valid Loss 0.1244
2026-03-06 06:25:48,719 [[3686   42]
 [ 122  183]]
2026-03-06 06:25:48,723 AUC of ROC = 0.9458
2026-03-06 06:25:48,724 AUC of PRC = 0.7554
2026-03-06 06:25:48,724 min(+P, Se) = 0.6906
2026-03-06 06:25:48,724 f1_score = 0.6906
2026-03-06 06:25:48,724 Epoch 17: Train Loss 0.1025, Valid Loss 0.1263
2026-03-06 06:26:54,439 [[3675   53]
 [ 114  191]]
2026-03-06 06:26:54,443 AUC of ROC = 0.9434
2026-03-06 06:26:54,445 AUC of PRC = 0.7370
2026-03-06 06:26:54,445 min(+P, Se) = 0.6885
2026-03-06 06:26:54,445 f1_score = 0.6958
2026-03-06 06:26:54,446 Epoch 18: Train Loss 0.1012, Valid Loss 0.1275
2026-03-06 06:28:00,415 [[3675   53]
 [ 109  196]]
2026-03-06 06:28:00,419 AUC of ROC = 0.9429
2026-03-06 06:28:00,419 AUC of PRC = 0.7663
2026-03-06 06:28:00,419 min(+P, Se) = 0.7016
2026-03-06 06:28:00,419 f1_score = 0.7076
2026-03-06 06:28:00,420 Epoch 19: Train Loss 0.0990, Valid Loss 0.1227
2026-03-06 06:28:00,421 ----- Save best model - auprc: 0.7663 -----
2026-03-06 06:29:08,116 [[3683   45]
 [ 111  194]]
2026-03-06 06:29:08,120 AUC of ROC = 0.9457
2026-03-06 06:29:08,121 AUC of PRC = 0.7613
2026-03-06 06:29:08,121 min(+P, Se) = 0.7115
2026-03-06 06:29:08,121 f1_score = 0.7132
2026-03-06 06:29:08,122 Epoch 20: Train Loss 0.1019, Valid Loss 0.1196
2026-03-06 06:30:14,055 [[3671   57]
 [ 102  203]]
2026-03-06 06:30:14,060 AUC of ROC = 0.9487
2026-03-06 06:30:14,060 AUC of PRC = 0.7728
2026-03-06 06:30:14,060 min(+P, Se) = 0.7180
2026-03-06 06:30:14,060 f1_score = 0.7186
2026-03-06 06:30:14,061 Epoch 21: Train Loss 0.0971, Valid Loss 0.1201
2026-03-06 06:30:14,062 ----- Save best model - auprc: 0.7728 -----
2026-03-06 06:31:19,812 [[3674   54]
 [ 115  190]]
2026-03-06 06:31:19,816 AUC of ROC = 0.9409
2026-03-06 06:31:19,816 AUC of PRC = 0.7410
2026-03-06 06:31:19,817 min(+P, Se) = 0.6689
2026-03-06 06:31:19,817 f1_score = 0.6922
2026-03-06 06:31:19,818 Epoch 22: Train Loss 0.0949, Valid Loss 0.1255
2026-03-06 06:32:25,456 [[3699   29]
 [ 127  178]]
2026-03-06 06:32:25,460 AUC of ROC = 0.9395
2026-03-06 06:32:25,461 AUC of PRC = 0.7566
2026-03-06 06:32:25,461 min(+P, Se) = 0.6984
2026-03-06 06:32:25,461 f1_score = 0.6953
2026-03-06 06:32:25,462 Epoch 23: Train Loss 0.0964, Valid Loss 0.1379
2026-03-06 06:33:31,089 [[3704   24]
 [ 128  177]]
2026-03-06 06:33:31,093 AUC of ROC = 0.9461
2026-03-06 06:33:31,094 AUC of PRC = 0.7560
2026-03-06 06:33:31,094 min(+P, Se) = 0.7148
2026-03-06 06:33:31,095 f1_score = 0.6996
2026-03-06 06:33:31,095 Epoch 24: Train Loss 0.0948, Valid Loss 0.1252
2026-03-06 06:34:36,810 [[3671   57]
 [  99  206]]
2026-03-06 06:34:36,815 AUC of ROC = 0.9448
2026-03-06 06:34:36,815 AUC of PRC = 0.7507
2026-03-06 06:34:36,815 min(+P, Se) = 0.7049
2026-03-06 06:34:36,816 f1_score = 0.7254
2026-03-06 06:34:36,816 Epoch 25: Train Loss 0.0936, Valid Loss 0.1217
2026-03-06 06:34:36,845 last saved model is in epoch 21
2026-03-06 06:34:40,873 [[3694   68]
 [ 104  168]]
2026-03-06 06:34:40,878 AUC of ROC = 0.9548
2026-03-06 06:34:40,879 AUC of PRC = 0.7502
2026-03-06 06:34:40,879 min(+P, Se) = 0.6618
2026-03-06 06:34:40,879 f1_score = 0.6614
2026-03-06 06:34:40,879 Test Loss 0.1157
