2026-02-24 02:37:05,443 {
    "dataset": "c12",
    "data_dropout": 0.0,
    "epochs": 25,
    "lr": 0.001,
    "d_model": 32,
    "seed": 3407,
    "batch_size": 64,
    "dropout": 0.1,
    "save_model": true,
    "save_dir": "./export/c12/smart-film/seed_3407",
    "local_rank": 0,
    "min_mask_ratio": 0.0,
    "max_mask_ratio": 0.75,
    "e_layers": 2,
    "n_heads": 4,
    "time_dim": 16,
    "use_film": true
}
2026-02-24 02:37:11,974 Dataset Loaded.
2026-02-24 02:37:34,612 Epoch 1: Train Loss 6.5499, Valid Loss 2.5588
2026-02-24 02:37:34,614 ----- Save best model - L1: 2.5588 -----
2026-02-24 02:37:56,197 Epoch 2: Train Loss 2.5886, Valid Loss 1.8435
2026-02-24 02:37:56,199 ----- Save best model - L1: 1.8435 -----
2026-02-24 02:38:17,888 Epoch 3: Train Loss 2.0829, Valid Loss 1.4410
2026-02-24 02:38:17,889 ----- Save best model - L1: 1.4410 -----
2026-02-24 02:38:39,546 Epoch 4: Train Loss 1.9764, Valid Loss 1.3279
2026-02-24 02:38:39,547 ----- Save best model - L1: 1.3279 -----
2026-02-24 02:39:01,196 Epoch 5: Train Loss 1.9717, Valid Loss 1.2839
2026-02-24 02:39:01,197 ----- Save best model - L1: 1.2839 -----
2026-02-24 02:39:22,865 Epoch 6: Train Loss 1.9765, Valid Loss 1.3275
2026-02-24 02:39:44,507 Epoch 7: Train Loss 2.0059, Valid Loss 1.3226
2026-02-24 02:40:06,313 Epoch 8: Train Loss 2.0330, Valid Loss 1.3292
2026-02-24 02:40:27,893 Epoch 9: Train Loss 2.1035, Valid Loss 1.3372
2026-02-24 02:40:49,595 Epoch 10: Train Loss 2.1480, Valid Loss 1.4281
2026-02-24 02:41:11,270 Epoch 11: Train Loss 2.1389, Valid Loss 1.3194
2026-02-24 02:41:32,956 Epoch 12: Train Loss 2.1411, Valid Loss 1.3972
2026-02-24 02:41:54,738 Epoch 13: Train Loss 2.1005, Valid Loss 1.2962
2026-02-24 02:42:16,430 Epoch 14: Train Loss 2.0955, Valid Loss 1.3693
2026-02-24 02:42:38,102 Epoch 15: Train Loss 2.0775, Valid Loss 1.3558
2026-02-24 02:42:59,867 Epoch 16: Train Loss 2.0867, Valid Loss 1.3293
2026-02-24 02:43:21,671 Epoch 17: Train Loss 2.1018, Valid Loss 1.3157
2026-02-24 02:43:43,373 Epoch 18: Train Loss 2.0765, Valid Loss 1.3614
2026-02-24 02:44:05,119 Epoch 19: Train Loss 2.0992, Valid Loss 1.3289
2026-02-24 02:44:26,783 Epoch 20: Train Loss 2.1009, Valid Loss 1.2698
2026-02-24 02:44:26,784 ----- Save best model - L1: 1.2698 -----
2026-02-24 02:44:48,588 Epoch 21: Train Loss 2.0902, Valid Loss 1.2954
2026-02-24 02:45:10,317 Epoch 22: Train Loss 2.0751, Valid Loss 1.3502
2026-02-24 02:45:31,908 Epoch 23: Train Loss 2.0796, Valid Loss 1.2845
2026-02-24 02:45:53,576 Epoch 24: Train Loss 2.0609, Valid Loss 1.3503
2026-02-24 02:46:15,330 Epoch 25: Train Loss 2.0609, Valid Loss 1.3441
2026-02-24 02:46:15,354 last saved model is in epoch 20
2026-02-24 02:46:16,910 Test Loss 1.2584
2026-02-24 02:46:19,729 {
    "dataset": "c12",
    "data_dropout": 0.0,
    "epochs": 25,
    "freeze_epochs": 5,
    "lr": 0.001,
    "d_model": 32,
    "seed": 3407,
    "batch_size": 64,
    "dropout": 0.1,
    "save_model": true,
    "save_dir": "./export/c12/smart-film/seed_3407",
    "local_rank": 0,
    "e_layers": 2,
    "n_heads": 4,
    "time_dim": 16,
    "use_film": true
}
2026-02-24 02:46:25,571 Dataset Loaded.
2026-02-24 02:46:26,573 last saved model is in epoch 20
2026-02-24 02:46:35,309 [[1013   15]
 [ 150   20]]
2026-02-24 02:46:35,312 AUC of ROC = 0.7423
2026-02-24 02:46:35,312 AUC of PRC = 0.3640
2026-02-24 02:46:35,312 min(+P, Se) = 0.4425
2026-02-24 02:46:35,313 f1_score = 0.1951
2026-02-24 02:46:35,313 Epoch 1: Train Loss 0.4708, Valid Loss 0.3368
2026-02-24 02:46:35,313 ----- Save best model - auprc: 0.3640 -----
2026-02-24 02:46:43,873 [[1026    2]
 [ 164    6]]
2026-02-24 02:46:43,875 AUC of ROC = 0.7887
2026-02-24 02:46:43,876 AUC of PRC = 0.4451
2026-02-24 02:46:43,876 min(+P, Se) = 0.4471
2026-02-24 02:46:43,876 f1_score = 0.0674
2026-02-24 02:46:43,877 Epoch 2: Train Loss 0.3849, Valid Loss 0.4537
2026-02-24 02:46:43,877 ----- Save best model - auprc: 0.4451 -----
2026-02-24 02:46:52,518 [[984  44]
 [115  55]]
2026-02-24 02:46:52,521 AUC of ROC = 0.7920
2026-02-24 02:46:52,521 AUC of PRC = 0.4449
2026-02-24 02:46:52,521 min(+P, Se) = 0.4412
2026-02-24 02:46:52,522 f1_score = 0.4089
2026-02-24 02:46:52,522 Epoch 3: Train Loss 0.3567, Valid Loss 0.3258
2026-02-24 02:47:01,234 [[1009   19]
 [ 126   44]]
2026-02-24 02:47:01,237 AUC of ROC = 0.8016
2026-02-24 02:47:01,237 AUC of PRC = 0.4798
2026-02-24 02:47:01,238 min(+P, Se) = 0.4737
2026-02-24 02:47:01,238 f1_score = 0.3777
2026-02-24 02:47:01,239 Epoch 4: Train Loss 0.3622, Valid Loss 0.3121
2026-02-24 02:47:01,239 ----- Save best model - auprc: 0.4798 -----
2026-02-24 02:47:09,869 [[1024    4]
 [ 150   20]]
2026-02-24 02:47:09,871 AUC of ROC = 0.7975
2026-02-24 02:47:09,872 AUC of PRC = 0.4588
2026-02-24 02:47:09,872 min(+P, Se) = 0.4602
2026-02-24 02:47:09,873 f1_score = 0.2062
2026-02-24 02:47:09,874 Epoch 5: Train Loss 0.3496, Valid Loss 0.3224
2026-02-24 02:47:24,973 [[1000   28]
 [ 124   46]]
2026-02-24 02:47:24,975 AUC of ROC = 0.8300
2026-02-24 02:47:24,976 AUC of PRC = 0.4974
2026-02-24 02:47:24,976 min(+P, Se) = 0.4678
2026-02-24 02:47:24,977 f1_score = 0.3770
2026-02-24 02:47:24,977 Epoch 6: Train Loss 0.3462, Valid Loss 0.3032
2026-02-24 02:47:24,978 ----- Save best model - auprc: 0.4974 -----
2026-02-24 02:47:40,104 [[1009   19]
 [ 127   43]]
2026-02-24 02:47:40,107 AUC of ROC = 0.8429
2026-02-24 02:47:40,108 AUC of PRC = 0.5245
2026-02-24 02:47:40,108 min(+P, Se) = 0.4942
2026-02-24 02:47:40,108 f1_score = 0.3707
2026-02-24 02:47:40,109 Epoch 7: Train Loss 0.3196, Valid Loss 0.2965
2026-02-24 02:47:40,109 ----- Save best model - auprc: 0.5245 -----
2026-02-24 02:47:55,337 [[1021    7]
 [ 132   38]]
2026-02-24 02:47:55,340 AUC of ROC = 0.8319
2026-02-24 02:47:55,340 AUC of PRC = 0.5315
2026-02-24 02:47:55,341 min(+P, Se) = 0.4912
2026-02-24 02:47:55,341 f1_score = 0.3535
2026-02-24 02:47:55,342 Epoch 8: Train Loss 0.3216, Valid Loss 0.3000
2026-02-24 02:47:55,343 ----- Save best model - auprc: 0.5315 -----
2026-02-24 02:48:10,548 [[1006   22]
 [ 121   49]]
2026-02-24 02:48:10,550 AUC of ROC = 0.8415
2026-02-24 02:48:10,550 AUC of PRC = 0.5443
2026-02-24 02:48:10,551 min(+P, Se) = 0.5059
2026-02-24 02:48:10,551 f1_score = 0.4066
2026-02-24 02:48:10,552 Epoch 9: Train Loss 0.3159, Valid Loss 0.2928
2026-02-24 02:48:10,552 ----- Save best model - auprc: 0.5443 -----
2026-02-24 02:48:25,758 [[1018   10]
 [ 130   40]]
2026-02-24 02:48:25,760 AUC of ROC = 0.8427
2026-02-24 02:48:25,760 AUC of PRC = 0.5408
2026-02-24 02:48:25,760 min(+P, Se) = 0.5118
2026-02-24 02:48:25,761 f1_score = 0.3636
2026-02-24 02:48:25,761 Epoch 10: Train Loss 0.3120, Valid Loss 0.2965
2026-02-24 02:48:41,753 [[1006   22]
 [ 118   52]]
2026-02-24 02:48:41,756 AUC of ROC = 0.8407
2026-02-24 02:48:41,756 AUC of PRC = 0.5489
2026-02-24 02:48:41,757 min(+P, Se) = 0.5176
2026-02-24 02:48:41,758 f1_score = 0.4262
2026-02-24 02:48:41,758 Epoch 11: Train Loss 0.3097, Valid Loss 0.2893
2026-02-24 02:48:41,759 ----- Save best model - auprc: 0.5489 -----
2026-02-24 02:48:57,260 [[1008   20]
 [ 117   53]]
2026-02-24 02:48:57,262 AUC of ROC = 0.8267
2026-02-24 02:48:57,263 AUC of PRC = 0.5260
2026-02-24 02:48:57,263 min(+P, Se) = 0.4706
2026-02-24 02:48:57,264 f1_score = 0.4362
2026-02-24 02:48:57,264 Epoch 12: Train Loss 0.3010, Valid Loss 0.2978
2026-02-24 02:49:12,488 [[1002   26]
 [ 114   56]]
2026-02-24 02:49:12,490 AUC of ROC = 0.8359
2026-02-24 02:49:12,491 AUC of PRC = 0.5494
2026-02-24 02:49:12,491 min(+P, Se) = 0.5000
2026-02-24 02:49:12,491 f1_score = 0.4444
2026-02-24 02:49:12,492 Epoch 13: Train Loss 0.3047, Valid Loss 0.2930
2026-02-24 02:49:12,492 ----- Save best model - auprc: 0.5494 -----
2026-02-24 02:49:27,703 [[1012   16]
 [ 123   47]]
2026-02-24 02:49:27,705 AUC of ROC = 0.8440
2026-02-24 02:49:27,706 AUC of PRC = 0.5530
2026-02-24 02:49:27,707 min(+P, Se) = 0.5000
2026-02-24 02:49:27,707 f1_score = 0.4034
2026-02-24 02:49:27,708 Epoch 14: Train Loss 0.3031, Valid Loss 0.2903
2026-02-24 02:49:27,709 ----- Save best model - auprc: 0.5530 -----
2026-02-24 02:49:42,841 [[967  61]
 [ 91  79]]
2026-02-24 02:49:42,843 AUC of ROC = 0.8397
2026-02-24 02:49:42,844 AUC of PRC = 0.5563
2026-02-24 02:49:42,844 min(+P, Se) = 0.5294
2026-02-24 02:49:42,844 f1_score = 0.5097
2026-02-24 02:49:42,844 Epoch 15: Train Loss 0.2978, Valid Loss 0.3084
2026-02-24 02:49:42,845 ----- Save best model - auprc: 0.5563 -----
2026-02-24 02:49:58,075 [[998  30]
 [108  62]]
2026-02-24 02:49:58,078 AUC of ROC = 0.8321
2026-02-24 02:49:58,078 AUC of PRC = 0.5396
2026-02-24 02:49:58,079 min(+P, Se) = 0.4854
2026-02-24 02:49:58,079 f1_score = 0.4733
2026-02-24 02:49:58,080 Epoch 16: Train Loss 0.2997, Valid Loss 0.2938
2026-02-24 02:50:13,349 [[1009   19]
 [ 123   47]]
2026-02-24 02:50:13,352 AUC of ROC = 0.8462
2026-02-24 02:50:13,352 AUC of PRC = 0.5484
2026-02-24 02:50:13,352 min(+P, Se) = 0.5118
2026-02-24 02:50:13,353 f1_score = 0.3983
2026-02-24 02:50:13,353 Epoch 17: Train Loss 0.2972, Valid Loss 0.2916
2026-02-24 02:50:28,528 [[998  30]
 [111  59]]
2026-02-24 02:50:28,530 AUC of ROC = 0.8559
2026-02-24 02:50:28,531 AUC of PRC = 0.5707
2026-02-24 02:50:28,531 min(+P, Se) = 0.5412
2026-02-24 02:50:28,532 f1_score = 0.4556
2026-02-24 02:50:28,532 Epoch 18: Train Loss 0.2951, Valid Loss 0.2871
2026-02-24 02:50:28,533 ----- Save best model - auprc: 0.5707 -----
2026-02-24 02:50:43,649 [[995  33]
 [111  59]]
2026-02-24 02:50:43,651 AUC of ROC = 0.8508
2026-02-24 02:50:43,652 AUC of PRC = 0.5708
2026-02-24 02:50:43,652 min(+P, Se) = 0.5412
2026-02-24 02:50:43,653 f1_score = 0.4504
2026-02-24 02:50:43,653 Epoch 19: Train Loss 0.3002, Valid Loss 0.2857
2026-02-24 02:50:43,654 ----- Save best model - auprc: 0.5708 -----
2026-02-24 02:50:58,891 [[1005   23]
 [ 118   52]]
2026-02-24 02:50:58,893 AUC of ROC = 0.8549
2026-02-24 02:50:58,894 AUC of PRC = 0.5680
2026-02-24 02:50:58,895 min(+P, Se) = 0.5176
2026-02-24 02:50:58,895 f1_score = 0.4245
2026-02-24 02:50:58,895 Epoch 20: Train Loss 0.2933, Valid Loss 0.2857
2026-02-24 02:51:14,020 [[1012   16]
 [ 122   48]]
2026-02-24 02:51:14,023 AUC of ROC = 0.8368
2026-02-24 02:51:14,024 AUC of PRC = 0.5328
2026-02-24 02:51:14,024 min(+P, Se) = 0.5115
2026-02-24 02:51:14,025 f1_score = 0.4103
2026-02-24 02:51:14,025 Epoch 21: Train Loss 0.2953, Valid Loss 0.2977
2026-02-24 02:51:29,129 [[1004   24]
 [ 125   45]]
2026-02-24 02:51:29,131 AUC of ROC = 0.8452
2026-02-24 02:51:29,132 AUC of PRC = 0.5415
2026-02-24 02:51:29,133 min(+P, Se) = 0.5176
2026-02-24 02:51:29,134 f1_score = 0.3766
2026-02-24 02:51:29,134 Epoch 22: Train Loss 0.2934, Valid Loss 0.2944
2026-02-24 02:51:44,219 [[1003   25]
 [ 114   56]]
2026-02-24 02:51:44,222 AUC of ROC = 0.8451
2026-02-24 02:51:44,222 AUC of PRC = 0.5496
2026-02-24 02:51:44,223 min(+P, Se) = 0.5059
2026-02-24 02:51:44,223 f1_score = 0.4462
2026-02-24 02:51:44,224 Epoch 23: Train Loss 0.2892, Valid Loss 0.2897
2026-02-24 02:51:59,403 [[998  30]
 [120  50]]
2026-02-24 02:51:59,405 AUC of ROC = 0.8477
2026-02-24 02:51:59,406 AUC of PRC = 0.5434
2026-02-24 02:51:59,406 min(+P, Se) = 0.5176
2026-02-24 02:51:59,407 f1_score = 0.4000
2026-02-24 02:51:59,408 Epoch 24: Train Loss 0.2930, Valid Loss 0.2941
2026-02-24 02:52:14,554 [[994  34]
 [113  57]]
2026-02-24 02:52:14,556 AUC of ROC = 0.8485
2026-02-24 02:52:14,556 AUC of PRC = 0.5448
2026-02-24 02:52:14,557 min(+P, Se) = 0.5176
2026-02-24 02:52:14,557 f1_score = 0.4368
2026-02-24 02:52:14,557 Epoch 25: Train Loss 0.2949, Valid Loss 0.2939
2026-02-24 02:52:14,574 last saved model is in epoch 19
2026-02-24 02:52:15,499 [[965  60]
 [103  72]]
2026-02-24 02:52:15,501 AUC of ROC = 0.8627
2026-02-24 02:52:15,502 AUC of PRC = 0.5253
2026-02-24 02:52:15,502 min(+P, Se) = 0.5143
2026-02-24 02:52:15,502 f1_score = 0.4691
2026-02-24 02:52:15,503 Test Loss 0.3016
