2026-04-15 13:48:25,540 {
    "dataset": "c19",
    "data_dropout": 0.0,
    "epochs": 25,
    "lr": 0.001,
    "d_model": 32,
    "seed": 3407,
    "batch_size": 64,
    "dropout": 0.1,
    "save_model": true,
    "save_dir": "./export/c19/smart-smile-lean-no-mnar-bias/seed_3407",
    "local_rank": 0,
    "min_mask_ratio": 0.15,
    "max_mask_ratio": 0.75,
    "e_layers": 2,
    "n_heads": 4,
    "time_dim": 16,
    "use_film": false,
    "use_smile": false,
    "use_smile_film": false,
    "use_smile_v2": false,
    "use_smile_v2_film": false,
    "use_smile_lean": true,
    "use_smile_lean_samepretrain": false,
    "use_mnar": false,
    "save_last": true,
    "smile_no_mnar": false,
    "smile_no_curriculum": false,
    "smile_mask_type": "all",
    "smile_mnar_dropout": 0.05,
    "obs_density_window": 5,
    "abl_no_density": false,
    "abl_no_mnar_bias": true,
    "abl_no_film": false,
    "abl_no_time_mnar": false,
    "abl_no_time_pe": false,
    "pretrain_mask_mode": "fixed",
    "ratio_temperature": 1.0,
    "smile_stratified": false,
    "smile_mask_weights": null
}
2026-04-15 13:48:30,413 Dataset Loaded.
2026-04-15 13:48:30,414 system_groups: {'Vital_Basic': 7, 'Resp_Gas': 7, 'Liver_Enzyme': 2, 'Renal': 3, 'Coagulation': 3, 'CBC': 3, 'Bilirubin': 2}
2026-04-15 13:49:09,934 Epoch 1: Train Loss 0.0813, Valid Loss 0.0260, EMA Val 0.0260
2026-04-15 13:49:46,908 Epoch 2: Train Loss 0.0584, Valid Loss 0.0235, EMA Val 0.0252
2026-04-15 13:50:24,484 Epoch 3: Train Loss 0.0494, Valid Loss 0.0217, EMA Val 0.0242
2026-04-15 13:51:00,857 Epoch 4: Train Loss 0.0441, Valid Loss 0.0203, EMA Val 0.0230
2026-04-15 13:51:37,995 Epoch 5: Train Loss 0.0418, Valid Loss 0.0209, EMA Val 0.0224
2026-04-15 13:52:14,949 Epoch 6: Train Loss 0.0425, Valid Loss 0.0231, EMA Val 0.0226
2026-04-15 13:52:51,513 Epoch 7: Train Loss 0.0451, Valid Loss 0.0249, EMA Val 0.0233
2026-04-15 13:53:27,818 Epoch 8: Train Loss 0.0480, Valid Loss 0.0253, EMA Val 0.0239
2026-04-15 13:54:04,225 Epoch 9: Train Loss 0.0508, Valid Loss 0.0278, EMA Val 0.0250
2026-04-15 13:54:40,518 Epoch 10: Train Loss 0.0531, Valid Loss 0.0282, EMA Val 0.0260
2026-04-15 13:55:17,154 Epoch 11: Train Loss 0.0560, Valid Loss 0.0304, EMA Val 0.0273
2026-04-15 13:55:53,307 Epoch 12: Train Loss 0.0586, Valid Loss 0.0320, EMA Val 0.0287
2026-04-15 13:56:31,046 Epoch 13: Train Loss 0.0618, Valid Loss 0.0335, EMA Val 0.0302
2026-04-15 13:57:08,100 Epoch 14: Train Loss 0.0656, Valid Loss 0.0353, EMA Val 0.0317
2026-04-15 13:57:45,162 Epoch 15: Train Loss 0.0692, Valid Loss 0.0367, EMA Val 0.0332
2026-04-15 13:58:22,404 Epoch 16: Train Loss 0.0712, Valid Loss 0.0389, EMA Val 0.0349
2026-04-15 13:58:58,829 Epoch 17: Train Loss 0.0732, Valid Loss 0.0397, EMA Val 0.0364
2026-04-15 13:59:36,002 Epoch 18: Train Loss 0.0766, Valid Loss 0.0390, EMA Val 0.0372
2026-04-15 14:00:14,413 Epoch 19: Train Loss 0.0791, Valid Loss 0.0418, EMA Val 0.0386
2026-04-15 14:00:52,359 Epoch 20: Train Loss 0.0830, Valid Loss 0.0453, EMA Val 0.0406
2026-04-15 14:01:30,346 Epoch 21: Train Loss 0.0866, Valid Loss 0.0454, EMA Val 0.0420
2026-04-15 14:02:09,199 Epoch 22: Train Loss 0.0902, Valid Loss 0.0455, EMA Val 0.0431
2026-04-15 14:02:47,383 Epoch 23: Train Loss 0.0937, Valid Loss 0.0490, EMA Val 0.0449
2026-04-15 14:03:23,847 Epoch 24: Train Loss 0.0965, Valid Loss 0.0495, EMA Val 0.0463
2026-04-15 14:04:01,397 Epoch 25: Train Loss 0.0982, Valid Loss 0.0505, EMA Val 0.0475
2026-04-15 14:04:01,398 ----- Save last epoch model - L1: 0.0475 -----
2026-04-15 14:04:01,434 last saved model is in epoch 25
2026-04-15 14:04:04,830 Test Loss 0.0514
2026-04-15 14:04:12,406 {
    "dataset": "c19",
    "data_dropout": 0.0,
    "epochs": 25,
    "freeze_epochs": 5,
    "lr": 0.001,
    "d_model": 32,
    "seed": 3407,
    "batch_size": 64,
    "dropout": 0.1,
    "save_model": true,
    "save_dir": "./export/c19/smart-smile-lean-no-mnar-bias/seed_3407",
    "pretrain_dir": null,
    "local_rank": 0,
    "e_layers": 2,
    "n_heads": 4,
    "time_dim": 16,
    "use_film": false,
    "use_smile": false,
    "use_smile_film": false,
    "use_mnar": false,
    "use_smile_v2": false,
    "use_smile_v2_film": false,
    "use_smile_lean": true,
    "use_smile_lean_samepretrain": false,
    "obs_density_window": 5,
    "abl_no_density": false,
    "abl_no_mnar_bias": true,
    "abl_no_film": false,
    "abl_no_time_mnar": false,
    "abl_no_time_pe": false,
    "smile_no_mnar": false,
    "smile_no_curriculum": false,
    "smile_mask_type": "all",
    "smile_mnar_dropout": 0.05,
    "smile_mnar_dropout_initial": 0.0,
    "smile_stratified": false
}
2026-04-15 14:04:17,852 Dataset Loaded.
2026-04-15 14:04:20,367 Class weights: [0.5393641591072083, 6.850955486297607]
2026-04-15 14:04:20,381 last saved model is in epoch 25
2026-04-15 14:04:49,510 [[2794  944]
 [  51  244]]
2026-04-15 14:04:49,517 AUC of ROC = 0.8600
2026-04-15 14:04:49,517 AUC of PRC = 0.3719
2026-04-15 14:04:49,518 min(+P, Se) = 0.3898
2026-04-15 14:04:49,518 f1_score = 0.4004 (threshold = 0.5564)
2026-04-15 14:04:49,518 Epoch 1: Train Loss 0.5539, Valid Loss 0.4711
2026-04-15 14:04:49,519 ----- Save best model - auprc: 0.3719 -----
2026-04-15 14:05:18,612 [[3539  199]
 [ 137  158]]
2026-04-15 14:05:18,618 AUC of ROC = 0.8916
2026-04-15 14:05:18,619 AUC of PRC = 0.4275
2026-04-15 14:05:18,619 min(+P, Se) = 0.4749
2026-04-15 14:05:18,619 f1_score = 0.4913 (threshold = 0.0966)
2026-04-15 14:05:18,619 Epoch 2: Train Loss 0.4921, Valid Loss 0.4984
2026-04-15 14:05:18,620 ----- Save best model - auprc: 0.4275 -----
2026-04-15 14:05:47,589 [[3293  445]
 [  64  231]]
2026-04-15 14:05:47,596 AUC of ROC = 0.9081
2026-04-15 14:05:47,596 AUC of PRC = 0.4999
2026-04-15 14:05:47,596 min(+P, Se) = 0.5254
2026-04-15 14:05:47,596 f1_score = 0.5357 (threshold = 0.6173)
2026-04-15 14:05:47,597 Epoch 3: Train Loss 0.4650, Valid Loss 0.3873
2026-04-15 14:05:47,598 ----- Save best model - auprc: 0.4999 -----
2026-04-15 14:06:16,648 [[3216  522]
 [  53  242]]
2026-04-15 14:06:16,657 AUC of ROC = 0.9143
2026-04-15 14:06:16,657 AUC of PRC = 0.4997
2026-04-15 14:06:16,657 min(+P, Se) = 0.5220
2026-04-15 14:06:16,657 f1_score = 0.5508 (threshold = 0.5477)
2026-04-15 14:06:16,658 Epoch 4: Train Loss 0.4420, Valid Loss 0.3731
2026-04-15 14:06:44,835 [[3419  319]
 [  73  222]]
2026-04-15 14:06:44,841 AUC of ROC = 0.9181
2026-04-15 14:06:44,841 AUC of PRC = 0.5337
2026-04-15 14:06:44,841 min(+P, Se) = 0.5581
2026-04-15 14:06:44,842 f1_score = 0.5737 (threshold = 0.5395)
2026-04-15 14:06:44,842 Epoch 5: Train Loss 0.4307, Valid Loss 0.3805
2026-04-15 14:06:44,843 ----- Save best model - auprc: 0.5337 -----
2026-04-15 14:07:19,464 [[3360  378]
 [  44  251]]
2026-04-15 14:07:19,470 AUC of ROC = 0.9488
2026-04-15 14:07:19,470 AUC of PRC = 0.6987
2026-04-15 14:07:19,471 min(+P, Se) = 0.6712
2026-04-15 14:07:19,471 f1_score = 0.6770 (threshold = 0.8700)
2026-04-15 14:07:19,471 Epoch 6: Train Loss 0.4013, Valid Loss 0.2881
2026-04-15 14:07:19,472 ----- Save best model - auprc: 0.6987 -----
2026-04-15 14:07:53,225 [[3503  235]
 [  53  242]]
2026-04-15 14:07:53,231 AUC of ROC = 0.9628
2026-04-15 14:07:53,232 AUC of PRC = 0.7555
2026-04-15 14:07:53,232 min(+P, Se) = 0.7220
2026-04-15 14:07:53,232 f1_score = 0.7266 (threshold = 0.6827)
2026-04-15 14:07:53,233 Epoch 7: Train Loss 0.3211, Valid Loss 0.2565
2026-04-15 14:07:53,233 ----- Save best model - auprc: 0.7555 -----
2026-04-15 14:08:26,682 [[3507  231]
 [  60  235]]
2026-04-15 14:08:26,687 AUC of ROC = 0.9560
2026-04-15 14:08:26,688 AUC of PRC = 0.6735
2026-04-15 14:08:26,688 min(+P, Se) = 0.6588
2026-04-15 14:08:26,688 f1_score = 0.6701 (threshold = 0.7471)
2026-04-15 14:08:26,688 Epoch 8: Train Loss 0.3034, Valid Loss 0.2826
2026-04-15 14:09:00,050 [[3450  288]
 [  38  257]]
2026-04-15 14:09:00,056 AUC of ROC = 0.9667
2026-04-15 14:09:00,056 AUC of PRC = 0.7812
2026-04-15 14:09:00,056 min(+P, Se) = 0.7288
2026-04-15 14:09:00,057 f1_score = 0.7319 (threshold = 0.9653)
2026-04-15 14:09:00,057 Epoch 9: Train Loss 0.2826, Valid Loss 0.2369
2026-04-15 14:09:00,058 ----- Save best model - auprc: 0.7812 -----
2026-04-15 14:09:32,545 [[3281  457]
 [  23  272]]
2026-04-15 14:09:32,551 AUC of ROC = 0.9646
2026-04-15 14:09:32,551 AUC of PRC = 0.7758
2026-04-15 14:09:32,551 min(+P, Se) = 0.7186
2026-04-15 14:09:32,551 f1_score = 0.7199 (threshold = 1.3126)
2026-04-15 14:09:32,552 Epoch 10: Train Loss 0.2786, Valid Loss 0.2580
2026-04-15 14:10:06,943 [[3357  381]
 [  29  266]]
2026-04-15 14:10:06,949 AUC of ROC = 0.9628
2026-04-15 14:10:06,949 AUC of PRC = 0.7687
2026-04-15 14:10:06,950 min(+P, Se) = 0.7119
2026-04-15 14:10:06,950 f1_score = 0.7176 (threshold = 1.1769)
2026-04-15 14:10:06,950 Epoch 11: Train Loss 0.2596, Valid Loss 0.2508
2026-04-15 14:10:41,029 [[3183  555]
 [  25  270]]
2026-04-15 14:10:41,035 AUC of ROC = 0.9626
2026-04-15 14:10:41,035 AUC of PRC = 0.7846
2026-04-15 14:10:41,035 min(+P, Se) = 0.7254
2026-04-15 14:10:41,035 f1_score = 0.7292 (threshold = 1.4129)
2026-04-15 14:10:41,036 Epoch 12: Train Loss 0.2536, Valid Loss 0.2700
2026-04-15 14:10:41,036 ----- Save best model - auprc: 0.7846 -----
2026-04-15 14:11:15,095 [[3508  230]
 [  51  244]]
2026-04-15 14:11:15,101 AUC of ROC = 0.9617
2026-04-15 14:11:15,101 AUC of PRC = 0.7764
2026-04-15 14:11:15,101 min(+P, Se) = 0.7176
2026-04-15 14:11:15,102 f1_score = 0.7258 (threshold = 0.6455)
2026-04-15 14:11:15,102 Epoch 13: Train Loss 0.2468, Valid Loss 0.2625
2026-04-15 14:11:48,856 [[3179  559]
 [  17  278]]
2026-04-15 14:11:48,861 AUC of ROC = 0.9633
2026-04-15 14:11:48,862 AUC of PRC = 0.7821
2026-04-15 14:11:48,862 min(+P, Se) = 0.7124
2026-04-15 14:11:48,862 f1_score = 0.7194 (threshold = 1.5546)
2026-04-15 14:11:48,862 Epoch 14: Train Loss 0.2400, Valid Loss 0.2745
2026-04-15 14:12:22,456 [[3272  466]
 [  30  265]]
2026-04-15 14:12:22,461 AUC of ROC = 0.9592
2026-04-15 14:12:22,462 AUC of PRC = 0.7676
2026-04-15 14:12:22,462 min(+P, Se) = 0.7090
2026-04-15 14:12:22,462 f1_score = 0.7138 (threshold = 1.3721)
2026-04-15 14:12:22,462 Epoch 15: Train Loss 0.2262, Valid Loss 0.2703
2026-04-15 14:12:53,526 [[3544  194]
 [  52  243]]
2026-04-15 14:12:53,532 AUC of ROC = 0.9608
2026-04-15 14:12:53,532 AUC of PRC = 0.7853
2026-04-15 14:12:53,533 min(+P, Se) = 0.7254
2026-04-15 14:12:53,533 f1_score = 0.7320 (threshold = 0.6746)
2026-04-15 14:12:53,533 Epoch 16: Train Loss 0.2144, Valid Loss 0.2774
2026-04-15 14:12:53,534 ----- Save best model - auprc: 0.7853 -----
2026-04-15 14:13:28,733 [[3546  192]
 [  54  241]]
2026-04-15 14:13:28,740 AUC of ROC = 0.9643
2026-04-15 14:13:28,740 AUC of PRC = 0.7903
2026-04-15 14:13:28,740 min(+P, Se) = 0.7220
2026-04-15 14:13:28,741 f1_score = 0.7335 (threshold = 1.0368)
2026-04-15 14:13:28,741 Epoch 17: Train Loss 0.2074, Valid Loss 0.2742
2026-04-15 14:13:28,742 ----- Save best model - auprc: 0.7903 -----
2026-04-15 14:14:04,078 [[3499  239]
 [  50  245]]
2026-04-15 14:14:04,085 AUC of ROC = 0.9603
2026-04-15 14:14:04,085 AUC of PRC = 0.7885
2026-04-15 14:14:04,086 min(+P, Se) = 0.7119
2026-04-15 14:14:04,086 f1_score = 0.7236 (threshold = 1.2485)
2026-04-15 14:14:04,086 Epoch 18: Train Loss 0.1972, Valid Loss 0.2788
2026-04-15 14:14:38,655 [[3435  303]
 [  38  257]]
2026-04-15 14:14:38,661 AUC of ROC = 0.9630
2026-04-15 14:14:38,661 AUC of PRC = 0.7927
2026-04-15 14:14:38,662 min(+P, Se) = 0.7119
2026-04-15 14:14:38,662 f1_score = 0.7276 (threshold = 1.3849)
2026-04-15 14:14:38,662 Epoch 19: Train Loss 0.1858, Valid Loss 0.2564
2026-04-15 14:14:38,663 ----- Save best model - auprc: 0.7927 -----
2026-04-15 14:15:14,973 [[3435  303]
 [  39  256]]
2026-04-15 14:15:14,980 AUC of ROC = 0.9631
2026-04-15 14:15:14,980 AUC of PRC = 0.7952
2026-04-15 14:15:14,980 min(+P, Se) = 0.7254
2026-04-15 14:15:14,980 f1_score = 0.7409 (threshold = 1.2478)
2026-04-15 14:15:14,981 Epoch 20: Train Loss 0.1757, Valid Loss 0.2641
2026-04-15 14:15:14,982 ----- Save best model - auprc: 0.7952 -----
2026-04-15 14:15:50,183 [[3490  248]
 [  44  251]]
2026-04-15 14:15:50,189 AUC of ROC = 0.9601
2026-04-15 14:15:50,189 AUC of PRC = 0.7880
2026-04-15 14:15:50,189 min(+P, Se) = 0.7220
2026-04-15 14:15:50,189 f1_score = 0.7296 (threshold = 1.2380)
2026-04-15 14:15:50,190 Epoch 21: Train Loss 0.1662, Valid Loss 0.2821
2026-04-15 14:16:26,136 [[3476  262]
 [  44  251]]
2026-04-15 14:16:26,142 AUC of ROC = 0.9619
2026-04-15 14:16:26,142 AUC of PRC = 0.7897
2026-04-15 14:16:26,143 min(+P, Se) = 0.7128
2026-04-15 14:16:26,143 f1_score = 0.7342 (threshold = 1.2406)
2026-04-15 14:16:26,143 Epoch 22: Train Loss 0.1626, Valid Loss 0.2710
2026-04-15 14:17:01,928 [[3488  250]
 [  48  247]]
2026-04-15 14:17:01,934 AUC of ROC = 0.9605
2026-04-15 14:17:01,934 AUC of PRC = 0.7909
2026-04-15 14:17:01,935 min(+P, Se) = 0.7322
2026-04-15 14:17:01,935 f1_score = 0.7363 (threshold = 0.9727)
2026-04-15 14:17:01,936 Epoch 23: Train Loss 0.1545, Valid Loss 0.2842
2026-04-15 14:17:36,853 [[3462  276]
 [  43  252]]
2026-04-15 14:17:36,859 AUC of ROC = 0.9622
2026-04-15 14:17:36,859 AUC of PRC = 0.7929
2026-04-15 14:17:36,860 min(+P, Se) = 0.7282
2026-04-15 14:17:36,860 f1_score = 0.7370 (threshold = 1.2877)
2026-04-15 14:17:36,861 Epoch 24: Train Loss 0.1546, Valid Loss 0.2732
2026-04-15 14:18:12,145 [[3492  246]
 [  48  247]]
2026-04-15 14:18:12,151 AUC of ROC = 0.9620
2026-04-15 14:18:12,152 AUC of PRC = 0.7933
2026-04-15 14:18:12,152 min(+P, Se) = 0.7322
2026-04-15 14:18:12,152 f1_score = 0.7368 (threshold = 1.1385)
2026-04-15 14:18:12,153 Epoch 25: Train Loss 0.1499, Valid Loss 0.2823
2026-04-15 14:18:12,160 last saved model is in epoch 20
2026-04-15 14:18:14,963 [[3475  277]
 [  29  253]]
2026-04-15 14:18:14,968 AUC of ROC = 0.9630
2026-04-15 14:18:14,969 AUC of PRC = 0.8142
2026-04-15 14:18:14,969 min(+P, Se) = 0.7668
2026-04-15 14:18:14,969 f1_score = 0.7690 (threshold = 1.1417)
2026-04-15 14:18:14,969 Test Loss 0.2536
