2026-04-17 19:24:26,983 {
    "dataset": "c12",
    "data_dropout": 0.0,
    "epochs": 25,
    "lr": 0.001,
    "d_model": 32,
    "seed": 1,
    "batch_size": 64,
    "num_workers": null,
    "dropout": 0.1,
    "save_model": true,
    "save_dir": "./export/c12/smart-smile-lean-v2/seed_1",
    "local_rank": 0,
    "min_mask_ratio": 0.15,
    "max_mask_ratio": 0.75,
    "e_layers": 2,
    "n_heads": 4,
    "time_dim": 16,
    "use_film": false,
    "use_smile": false,
    "use_smile_film": false,
    "use_smile_v2": false,
    "use_smile_v2_film": false,
    "use_smile_lean": false,
    "use_smile_lean_samepretrain": false,
    "use_smile_lean_v2": true,
    "use_mnar": false,
    "save_last": true,
    "smile_no_mnar": false,
    "smile_no_curriculum": false,
    "smile_mask_type": "all",
    "smile_mnar_dropout": 0.05,
    "obs_density_window": 5,
    "abl_no_density": false,
    "abl_no_mnar_bias": false,
    "abl_no_film": false,
    "abl_no_time_mnar": false,
    "abl_no_time_pe": false,
    "abl_no_cross_attn": false,
    "abl_no_mnar_cls": false,
    "abl_no_policy": false,
    "abl_no_dynamic_mnar": false,
    "abl_no_dual_head": false,
    "pretrain_mask_mode": "fixed",
    "ratio_temperature": 1.0,
    "smile_stratified": false,
    "smile_mask_weights": null,
    "rank": 0,
    "world_size": 2,
    "distributed": true,
    "gpu": 0,
    "dist_backend": "nccl"
}
2026-04-17 19:24:47,463 Dataset Loaded.
2026-04-17 19:24:47,464 system_groups: {'Vital_Invasive': 3, 'Blood_Gas': 4, 'Electrolyte': 5, 'Liver_Enzyme': 6, 'CBC': 3, 'Oxygenation': 3, 'Metabolic': 2}
2026-04-17 19:24:47,465 DataLoader kwargs: {'num_workers': 4, 'pin_memory': True, 'persistent_workers': True, 'prefetch_factor': 2}
2026-04-17 19:24:47,470 Runtime init: variable order resolved.
2026-04-17 19:24:47,488 Runtime init: variable order moved to CUDA.
2026-04-17 19:24:47,508 Runtime init: encoder moved to CUDA.
2026-04-17 19:24:47,511 Runtime init: predictor moved to CUDA.
2026-04-17 19:24:47,524 Runtime init: target encoder copied.
2026-04-17 19:24:54,379 Runtime init: DDP wrap complete.
2026-04-17 19:25:06,993 Epoch 1: Train Loss 5.8288, Valid Loss 2.1223, EMA Val 2.1223
2026-04-17 19:25:19,969 Epoch 2: Train Loss 2.2743, Valid Loss 1.4816, EMA Val 1.9301
2026-04-17 19:25:29,089 Epoch 3: Train Loss 1.6550, Valid Loss 1.1884, EMA Val 1.7076
2026-04-17 19:25:37,770 Epoch 4: Train Loss 1.3605, Valid Loss 1.0300, EMA Val 1.5043
2026-04-17 19:25:46,426 Epoch 5: Train Loss 1.1817, Valid Loss 0.9429, EMA Val 1.3359
2026-04-17 19:25:55,413 Epoch 6: Train Loss 1.1083, Valid Loss 0.8404, EMA Val 1.1872
2026-04-17 19:26:05,174 Epoch 7: Train Loss 0.9981, Valid Loss 0.8141, EMA Val 1.0753
2026-04-17 19:26:16,068 Epoch 8: Train Loss 0.9156, Valid Loss 0.7535, EMA Val 0.9788
2026-04-17 19:26:27,264 Epoch 9: Train Loss 0.8896, Valid Loss 0.7074, EMA Val 0.8974
2026-04-17 19:26:37,746 Epoch 10: Train Loss 0.8354, Valid Loss 0.7309, EMA Val 0.8474
2026-04-17 19:26:49,554 Epoch 11: Train Loss 0.8396, Valid Loss 0.7189, EMA Val 0.8089
2026-04-17 19:27:01,784 Epoch 12: Train Loss 0.8115, Valid Loss 0.7610, EMA Val 0.7945
2026-04-17 19:27:13,715 Epoch 13: Train Loss 0.8120, Valid Loss 0.7022, EMA Val 0.7668
2026-04-17 19:27:24,157 Epoch 14: Train Loss 0.7876, Valid Loss 0.7171, EMA Val 0.7519
2026-04-17 19:27:34,626 Epoch 15: Train Loss 0.7759, Valid Loss 0.7000, EMA Val 0.7363
2026-04-17 19:27:45,280 Epoch 16: Train Loss 0.8177, Valid Loss 0.6747, EMA Val 0.7178
2026-04-17 19:27:55,990 Epoch 17: Train Loss 0.7114, Valid Loss 0.6757, EMA Val 0.7052
2026-04-17 19:28:06,663 Epoch 18: Train Loss 0.8157, Valid Loss 0.6501, EMA Val 0.6887
2026-04-17 19:28:16,543 Epoch 19: Train Loss 0.7170, Valid Loss 0.6604, EMA Val 0.6802
2026-04-17 19:28:27,142 Epoch 20: Train Loss 0.6920, Valid Loss 0.6592, EMA Val 0.6739
2026-04-17 19:28:37,568 Epoch 21: Train Loss 0.7241, Valid Loss 0.6631, EMA Val 0.6707
2026-04-17 19:28:46,548 Epoch 22: Train Loss 0.7188, Valid Loss 0.6801, EMA Val 0.6735
2026-04-17 19:28:55,410 Epoch 23: Train Loss 0.7359, Valid Loss 0.6575, EMA Val 0.6687
2026-04-17 19:29:06,647 Epoch 24: Train Loss 0.6879, Valid Loss 0.6636, EMA Val 0.6672
2026-04-17 19:29:15,903 Epoch 25: Train Loss 0.6202, Valid Loss 0.6674, EMA Val 0.6672
2026-04-17 19:29:15,907 ----- Save last epoch model - L1: 0.6672 -----
2026-04-17 19:29:16,027 last saved model is in epoch 25
2026-04-17 19:29:17,587 Test Loss 0.7187
2026-04-17 19:30:57,920 {
    "dataset": "c12",
    "data_dropout": 0.0,
    "epochs": 25,
    "freeze_epochs": 5,
    "lr": 0.001,
    "d_model": 32,
    "seed": 1,
    "batch_size": 64,
    "num_workers": null,
    "dropout": 0.1,
    "save_model": true,
    "save_dir": "./export/c12/smart-smile-lean-v2/seed_1",
    "pretrain_dir": null,
    "local_rank": 0,
    "e_layers": 2,
    "n_heads": 4,
    "time_dim": 16,
    "use_film": false,
    "use_smile": false,
    "use_smile_film": false,
    "use_mnar": false,
    "use_smile_v2": false,
    "use_smile_v2_film": false,
    "use_smile_lean": false,
    "use_smile_lean_samepretrain": false,
    "use_smile_lean_v2": true,
    "obs_density_window": 5,
    "abl_no_density": false,
    "abl_no_mnar_bias": false,
    "abl_no_film": false,
    "abl_no_time_mnar": false,
    "abl_no_time_pe": false,
    "abl_no_cross_attn": false,
    "abl_no_mnar_cls": false,
    "abl_no_policy": false,
    "abl_no_dynamic_mnar": false,
    "abl_no_dual_head": false,
    "smile_no_mnar": false,
    "smile_no_curriculum": false,
    "smile_mask_type": "all",
    "smile_mnar_dropout": 0.05,
    "smile_mnar_dropout_initial": 0.0,
    "smile_stratified": false,
    "rank": 0,
    "world_size": 2,
    "distributed": true,
    "gpu": 0,
    "dist_backend": "nccl"
}
2026-04-17 19:31:57,066 Dataset Loaded.
2026-04-17 19:31:57,070 DataLoader kwargs: {'num_workers': 4, 'pin_memory': True, 'persistent_workers': True, 'prefetch_factor': 2}
2026-04-17 19:31:57,087 Runtime init: variable order resolved.
2026-04-17 19:31:57,114 Runtime init: variable order moved to CUDA.
2026-04-17 19:31:57,166 Runtime init: encoder moved to CUDA.
2026-04-17 19:31:57,179 Runtime init: classifier moved to CUDA.
2026-04-17 19:32:21,578 Runtime init: DDP wrap complete.
2026-04-17 19:32:21,601 Class weights: [0.5820587277412415, 3.546597719192505]
2026-04-17 19:32:21,850 last saved model is in epoch 25
2026-04-17 19:32:49,296 [[852 182]
 [ 70  94]]
2026-04-17 19:32:49,345 AUC of ROC = 0.7498
2026-04-17 19:32:49,349 AUC of PRC = 0.3584
2026-04-17 19:32:49,349 min(+P, Se) = 0.4048
2026-04-17 19:32:49,350 f1_score = 0.4119 (threshold = 0.0904)
2026-04-17 19:32:49,356 Epoch 1: Train Loss 0.6776, Valid Loss 0.5470
2026-04-17 19:32:49,363 ----- Save best model - auprc: 0.3584 -----
2026-04-17 19:33:05,058 [[689 345]
 [ 23 141]]
2026-04-17 19:33:05,084 AUC of ROC = 0.7906
2026-04-17 19:33:05,087 AUC of PRC = 0.3827
2026-04-17 19:33:05,087 min(+P, Se) = 0.4085
2026-04-17 19:33:05,088 f1_score = 0.4444 (threshold = 0.2442)
2026-04-17 19:33:05,091 Epoch 2: Train Loss 0.6196, Valid Loss 0.5268
2026-04-17 19:33:05,095 ----- Save best model - auprc: 0.3827 -----
2026-04-17 19:33:20,789 [[666 368]
 [ 18 146]]
2026-04-17 19:33:20,816 AUC of ROC = 0.7964
2026-04-17 19:33:20,819 AUC of PRC = 0.3981
2026-04-17 19:33:20,820 min(+P, Se) = 0.4464
2026-04-17 19:33:20,822 f1_score = 0.4578 (threshold = 0.4246)
2026-04-17 19:33:20,825 Epoch 3: Train Loss 0.5941, Valid Loss 0.5203
2026-04-17 19:33:20,828 ----- Save best model - auprc: 0.3981 -----
2026-04-17 19:33:37,965 [[662 372]
 [ 17 147]]
2026-04-17 19:33:37,997 AUC of ROC = 0.7972
2026-04-17 19:33:38,000 AUC of PRC = 0.4117
2026-04-17 19:33:38,000 min(+P, Se) = 0.4536
2026-04-17 19:33:38,001 f1_score = 0.4862 (threshold = 0.5221)
2026-04-17 19:33:38,003 Epoch 4: Train Loss 0.5796, Valid Loss 0.5136
2026-04-17 19:33:38,008 ----- Save best model - auprc: 0.4117 -----
2026-04-17 19:33:53,992 [[826 208]
 [ 50 114]]
2026-04-17 19:33:54,020 AUC of ROC = 0.8019
2026-04-17 19:33:54,023 AUC of PRC = 0.4160
2026-04-17 19:33:54,024 min(+P, Se) = 0.4518
2026-04-17 19:33:54,024 f1_score = 0.4589 (threshold = 0.1185)
2026-04-17 19:33:54,026 Epoch 5: Train Loss 0.5524, Valid Loss 0.4932
2026-04-17 19:33:54,031 ----- Save best model - auprc: 0.4160 -----
2026-04-17 19:34:17,733 [[632 402]
 [ 15 149]]
2026-04-17 19:34:17,760 AUC of ROC = 0.8478
2026-04-17 19:34:17,762 AUC of PRC = 0.4657
2026-04-17 19:34:17,762 min(+P, Se) = 0.4756
2026-04-17 19:34:17,763 f1_score = 0.4973 (threshold = 0.6420)
2026-04-17 19:34:17,765 Epoch 6: Train Loss 0.5571, Valid Loss 0.5215
2026-04-17 19:34:17,770 ----- Save best model - auprc: 0.4657 -----
2026-04-17 19:34:37,851 [[752 282]
 [ 21 143]]
2026-04-17 19:34:37,874 AUC of ROC = 0.8605
2026-04-17 19:34:37,875 AUC of PRC = 0.5111
2026-04-17 19:34:37,876 min(+P, Se) = 0.5061
2026-04-17 19:34:37,876 f1_score = 0.5197 (threshold = 0.5139)
2026-04-17 19:34:37,879 Epoch 7: Train Loss 0.5330, Valid Loss 0.4656
2026-04-17 19:34:37,882 ----- Save best model - auprc: 0.5111 -----
2026-04-17 19:34:55,746 [[858 176]
 [ 46 118]]
2026-04-17 19:34:55,768 AUC of ROC = 0.8624
2026-04-17 19:34:55,770 AUC of PRC = 0.5108
2026-04-17 19:34:55,771 min(+P, Se) = 0.5244
2026-04-17 19:34:55,771 f1_score = 0.5285 (threshold = 0.0628)
2026-04-17 19:34:55,773 Epoch 8: Train Loss 0.5035, Valid Loss 0.4533
2026-04-17 19:35:08,556 [[867 167]
 [ 51 113]]
2026-04-17 19:35:08,569 AUC of ROC = 0.8656
2026-04-17 19:35:08,570 AUC of PRC = 0.5264
2026-04-17 19:35:08,570 min(+P, Se) = 0.5212
2026-04-17 19:35:08,570 f1_score = 0.5307 (threshold = 0.1787)
2026-04-17 19:35:08,572 Epoch 9: Train Loss 0.4922, Valid Loss 0.4489
2026-04-17 19:35:08,574 ----- Save best model - auprc: 0.5264 -----
2026-04-17 19:35:15,754 [[797 237]
 [ 27 137]]
2026-04-17 19:35:15,763 AUC of ROC = 0.8694
2026-04-17 19:35:15,764 AUC of PRC = 0.5343
2026-04-17 19:35:15,765 min(+P, Se) = 0.5244
2026-04-17 19:35:15,765 f1_score = 0.5467 (threshold = 0.4249)
2026-04-17 19:35:15,766 Epoch 10: Train Loss 0.5049, Valid Loss 0.4369
2026-04-17 19:35:15,769 ----- Save best model - auprc: 0.5343 -----
2026-04-17 19:35:22,507 [[865 169]
 [ 43 121]]
2026-04-17 19:35:22,519 AUC of ROC = 0.8710
2026-04-17 19:35:22,520 AUC of PRC = 0.5313
2026-04-17 19:35:22,520 min(+P, Se) = 0.5061
2026-04-17 19:35:22,520 f1_score = 0.5307 (threshold = -0.1204)
2026-04-17 19:35:22,521 Epoch 11: Train Loss 0.5047, Valid Loss 0.4439
2026-04-17 19:35:29,415 [[719 315]
 [ 18 146]]
2026-04-17 19:35:29,426 AUC of ROC = 0.8747
2026-04-17 19:35:29,426 AUC of PRC = 0.5486
2026-04-17 19:35:29,427 min(+P, Se) = 0.5305
2026-04-17 19:35:29,427 f1_score = 0.5575 (threshold = 0.5523)
2026-04-17 19:35:29,428 Epoch 12: Train Loss 0.4854, Valid Loss 0.4603
2026-04-17 19:35:29,431 ----- Save best model - auprc: 0.5486 -----
2026-04-17 19:35:36,263 [[801 233]
 [ 28 136]]
2026-04-17 19:35:36,275 AUC of ROC = 0.8710
2026-04-17 19:35:36,276 AUC of PRC = 0.5382
2026-04-17 19:35:36,276 min(+P, Se) = 0.5333
2026-04-17 19:35:36,276 f1_score = 0.5469 (threshold = 0.3139)
2026-04-17 19:35:36,278 Epoch 13: Train Loss 0.4780, Valid Loss 0.4372
2026-04-17 19:35:43,603 [[890 144]
 [ 51 113]]
2026-04-17 19:35:43,616 AUC of ROC = 0.8698
2026-04-17 19:35:43,617 AUC of PRC = 0.5416
2026-04-17 19:35:43,618 min(+P, Se) = 0.5482
2026-04-17 19:35:43,618 f1_score = 0.5515 (threshold = 0.1469)
2026-04-17 19:35:43,619 Epoch 14: Train Loss 0.4924, Valid Loss 0.4503
2026-04-17 19:35:51,533 [[769 265]
 [ 25 139]]
2026-04-17 19:35:51,548 AUC of ROC = 0.8678
2026-04-17 19:35:51,550 AUC of PRC = 0.5439
2026-04-17 19:35:51,551 min(+P, Se) = 0.5488
2026-04-17 19:35:51,551 f1_score = 0.5597 (threshold = 0.6868)
2026-04-17 19:35:51,552 Epoch 15: Train Loss 0.4713, Valid Loss 0.4518
2026-04-17 19:36:02,499 [[866 168]
 [ 46 118]]
2026-04-17 19:36:02,515 AUC of ROC = 0.8770
2026-04-17 19:36:02,517 AUC of PRC = 0.5537
2026-04-17 19:36:02,517 min(+P, Se) = 0.5385
2026-04-17 19:36:02,517 f1_score = 0.5465 (threshold = 0.3034)
2026-04-17 19:36:02,519 Epoch 16: Train Loss 0.4860, Valid Loss 0.4316
2026-04-17 19:36:02,521 ----- Save best model - auprc: 0.5537 -----
2026-04-17 19:36:13,817 [[827 207]
 [ 33 131]]
2026-04-17 19:36:13,836 AUC of ROC = 0.8791
2026-04-17 19:36:13,837 AUC of PRC = 0.5572
2026-04-17 19:36:13,837 min(+P, Se) = 0.5333
2026-04-17 19:36:13,838 f1_score = 0.5479 (threshold = 0.2979)
2026-04-17 19:36:13,839 Epoch 17: Train Loss 0.4724, Valid Loss 0.4254
2026-04-17 19:36:13,842 ----- Save best model - auprc: 0.5572 -----
2026-04-17 19:36:22,948 [[811 223]
 [ 29 135]]
2026-04-17 19:36:22,959 AUC of ROC = 0.8780
2026-04-17 19:36:22,960 AUC of PRC = 0.5553
2026-04-17 19:36:22,960 min(+P, Se) = 0.5366
2026-04-17 19:36:22,961 f1_score = 0.5531 (threshold = 0.3229)
2026-04-17 19:36:22,962 Epoch 18: Train Loss 0.4625, Valid Loss 0.4264
2026-04-17 19:36:31,044 [[811 223]
 [ 27 137]]
2026-04-17 19:36:31,054 AUC of ROC = 0.8782
2026-04-17 19:36:31,055 AUC of PRC = 0.5564
2026-04-17 19:36:31,055 min(+P, Se) = 0.5394
2026-04-17 19:36:31,056 f1_score = 0.5484 (threshold = 0.3509)
2026-04-17 19:36:31,057 Epoch 19: Train Loss 0.4708, Valid Loss 0.4274
2026-04-17 19:36:39,316 [[804 230]
 [ 27 137]]
2026-04-17 19:36:39,324 AUC of ROC = 0.8779
2026-04-17 19:36:39,325 AUC of PRC = 0.5586
2026-04-17 19:36:39,325 min(+P, Se) = 0.5394
2026-04-17 19:36:39,325 f1_score = 0.5479 (threshold = 0.5032)
2026-04-17 19:36:39,326 Epoch 20: Train Loss 0.4593, Valid Loss 0.4273
2026-04-17 19:36:39,328 ----- Save best model - auprc: 0.5586 -----
2026-04-17 19:36:48,462 [[837 197]
 [ 32 132]]
2026-04-17 19:36:48,480 AUC of ROC = 0.8777
2026-04-17 19:36:48,482 AUC of PRC = 0.5577
2026-04-17 19:36:48,482 min(+P, Se) = 0.5366
2026-04-17 19:36:48,482 f1_score = 0.5479 (threshold = 0.1908)
2026-04-17 19:36:48,484 Epoch 21: Train Loss 0.4570, Valid Loss 0.4248
2026-04-17 19:36:57,734 [[794 240]
 [ 27 137]]
2026-04-17 19:36:57,744 AUC of ROC = 0.8770
2026-04-17 19:36:57,746 AUC of PRC = 0.5574
2026-04-17 19:36:57,746 min(+P, Se) = 0.5488
2026-04-17 19:36:57,747 f1_score = 0.5509 (threshold = 0.2426)
2026-04-17 19:36:57,748 Epoch 22: Train Loss 0.4500, Valid Loss 0.4292
2026-04-17 19:37:06,126 [[805 229]
 [ 27 137]]
2026-04-17 19:37:06,136 AUC of ROC = 0.8770
2026-04-17 19:37:06,137 AUC of PRC = 0.5580
2026-04-17 19:37:06,137 min(+P, Se) = 0.5366
2026-04-17 19:37:06,137 f1_score = 0.5479 (threshold = 0.3121)
2026-04-17 19:37:06,138 Epoch 23: Train Loss 0.4597, Valid Loss 0.4267
2026-04-17 19:37:15,701 [[807 227]
 [ 27 137]]
2026-04-17 19:37:15,718 AUC of ROC = 0.8772
2026-04-17 19:37:15,719 AUC of PRC = 0.5579
2026-04-17 19:37:15,720 min(+P, Se) = 0.5366
2026-04-17 19:37:15,720 f1_score = 0.5482 (threshold = 0.2268)
2026-04-17 19:37:15,721 Epoch 24: Train Loss 0.4451, Valid Loss 0.4264
2026-04-17 19:37:24,519 [[814 220]
 [ 28 136]]
2026-04-17 19:37:24,532 AUC of ROC = 0.8772
2026-04-17 19:37:24,533 AUC of PRC = 0.5584
2026-04-17 19:37:24,533 min(+P, Se) = 0.5305
2026-04-17 19:37:24,533 f1_score = 0.5459 (threshold = 0.2148)
2026-04-17 19:37:24,535 Epoch 25: Train Loss 0.4477, Valid Loss 0.4254
2026-04-17 19:37:24,568 last saved model is in epoch 20
2026-04-17 19:37:26,331 [[784 225]
 [ 47 144]]
2026-04-17 19:37:26,358 AUC of ROC = 0.8530
2026-04-17 19:37:26,359 AUC of PRC = 0.5503
2026-04-17 19:37:26,360 min(+P, Se) = 0.5236
2026-04-17 19:37:26,360 f1_score = 0.5525 (threshold = 0.0793)
2026-04-17 19:37:26,361 Test Loss 0.4736
2026-04-19 06:27:15,245 {
    "dataset": "c12",
    "data_dropout": 0.0,
    "epochs": 25,
    "freeze_epochs": 5,
    "lr": 0.001,
    "d_model": 32,
    "seed": 1,
    "batch_size": 64,
    "num_workers": null,
    "dropout": 0.1,
    "save_model": true,
    "save_dir": "./export/c12/smart-smile-lean-v2/seed_1",
    "pretrain_dir": "./export/c12/smart-smile-lean-v2/seed_1",
    "local_rank": 0,
    "e_layers": 2,
    "n_heads": 4,
    "time_dim": 16,
    "use_film": false,
    "use_smile": false,
    "use_smile_film": false,
    "use_mnar": false,
    "use_smile_v2": false,
    "use_smile_v2_film": false,
    "use_smile_lean": false,
    "use_smile_lean_samepretrain": false,
    "use_smile_lean_v2": true,
    "obs_density_window": 5,
    "abl_no_density": false,
    "abl_no_mnar_bias": false,
    "abl_no_film": false,
    "abl_no_time_mnar": false,
    "abl_no_time_pe": false,
    "abl_no_cross_attn": false,
    "abl_no_mnar_cls": false,
    "abl_no_policy": false,
    "abl_no_dynamic_mnar": false,
    "abl_no_dual_head": true,
    "smile_no_mnar": false,
    "smile_no_curriculum": false,
    "smile_mask_type": "all",
    "smile_mnar_dropout": 0.05,
    "smile_mnar_dropout_initial": 0.0,
    "smile_stratified": false,
    "rank": 0,
    "world_size": 2,
    "distributed": true,
    "gpu": 0,
    "dist_backend": "nccl"
}
2026-04-19 06:27:41,250 Dataset Loaded.
2026-04-19 06:27:41,253 DataLoader kwargs: {'num_workers': 4, 'pin_memory': True, 'persistent_workers': True, 'prefetch_factor': 2}
2026-04-19 06:27:41,261 Runtime init: variable order resolved.
2026-04-19 06:27:41,281 Runtime init: variable order moved to CUDA.
2026-04-19 06:27:41,301 Runtime init: encoder moved to CUDA.
2026-04-19 06:27:41,305 Runtime init: classifier moved to CUDA.
2026-04-19 06:27:53,615 Runtime init: DDP wrap complete.
2026-04-19 06:27:53,629 Class weights: [0.5820587277412415, 3.546597719192505]
2026-04-19 06:27:53,699 last saved model is in epoch 25
2026-04-19 06:28:05,946 [[881 153]
 [ 77  87]]
2026-04-19 06:28:05,968 AUC of ROC = 0.7879
2026-04-19 06:28:05,968 AUC of PRC = 0.4011
2026-04-19 06:28:05,969 min(+P, Se) = 0.3939
2026-04-19 06:28:05,969 f1_score = 0.4189 (threshold = -0.6307)
2026-04-19 06:28:05,970 Epoch 1: Train Loss 0.6777, Valid Loss 0.5679
2026-04-19 06:28:05,975 ----- Save best model - auprc: 0.4011 -----
2026-04-19 06:28:12,149 [[747 287]
 [ 42 122]]
2026-04-19 06:28:12,162 AUC of ROC = 0.8107
2026-04-19 06:28:12,163 AUC of PRC = 0.4333
2026-04-19 06:28:12,163 min(+P, Se) = 0.4152
2026-04-19 06:28:12,164 f1_score = 0.4468 (threshold = -0.2131)
2026-04-19 06:28:12,165 Epoch 2: Train Loss 0.6125, Valid Loss 0.5312
2026-04-19 06:28:12,167 ----- Save best model - auprc: 0.4333 -----
2026-04-19 06:28:17,992 [[658 376]
 [ 21 143]]
2026-04-19 06:28:18,006 AUC of ROC = 0.8142
2026-04-19 06:28:18,007 AUC of PRC = 0.4334
2026-04-19 06:28:18,007 min(+P, Se) = 0.4329
2026-04-19 06:28:18,007 f1_score = 0.4582 (threshold = -0.0552)
2026-04-19 06:28:18,009 Epoch 3: Train Loss 0.6062, Valid Loss 0.5427
2026-04-19 06:28:18,011 ----- Save best model - auprc: 0.4334 -----
2026-04-19 06:28:24,505 [[709 325]
 [ 29 135]]
2026-04-19 06:28:24,519 AUC of ROC = 0.8251
2026-04-19 06:28:24,521 AUC of PRC = 0.4565
2026-04-19 06:28:24,521 min(+P, Se) = 0.4451
2026-04-19 06:28:24,521 f1_score = 0.4599 (threshold = 0.0645)
2026-04-19 06:28:24,524 Epoch 4: Train Loss 0.5966, Valid Loss 0.5178
2026-04-19 06:28:24,527 ----- Save best model - auprc: 0.4565 -----
2026-04-19 06:28:31,679 [[831 203]
 [ 60 104]]
2026-04-19 06:28:31,695 AUC of ROC = 0.8188
2026-04-19 06:28:31,697 AUC of PRC = 0.4501
2026-04-19 06:28:31,697 min(+P, Se) = 0.4277
2026-04-19 06:28:31,698 f1_score = 0.4499 (threshold = -0.4353)
2026-04-19 06:28:31,699 Epoch 5: Train Loss 0.5701, Valid Loss 0.5133
2026-04-19 06:28:41,877 [[719 315]
 [ 23 141]]
2026-04-19 06:28:41,892 AUC of ROC = 0.8472
2026-04-19 06:28:41,894 AUC of PRC = 0.4921
2026-04-19 06:28:41,895 min(+P, Se) = 0.4756
2026-04-19 06:28:41,895 f1_score = 0.5014 (threshold = 0.7019)
2026-04-19 06:28:41,896 Epoch 6: Train Loss 0.5716, Valid Loss 0.4943
2026-04-19 06:28:41,899 ----- Save best model - auprc: 0.4921 -----
2026-04-19 06:28:51,041 [[573 461]
 [  8 156]]
2026-04-19 06:28:51,056 AUC of ROC = 0.8611
2026-04-19 06:28:51,057 AUC of PRC = 0.5201
2026-04-19 06:28:51,057 min(+P, Se) = 0.4699
2026-04-19 06:28:51,057 f1_score = 0.5321 (threshold = 0.3218)
2026-04-19 06:28:51,059 Epoch 7: Train Loss 0.5164, Valid Loss 0.5456
2026-04-19 06:28:51,062 ----- Save best model - auprc: 0.5201 -----
2026-04-19 06:29:01,182 [[849 185]
 [ 48 116]]
2026-04-19 06:29:01,196 AUC of ROC = 0.8645
2026-04-19 06:29:01,197 AUC of PRC = 0.5238
2026-04-19 06:29:01,198 min(+P, Se) = 0.5060
2026-04-19 06:29:01,198 f1_score = 0.5323 (threshold = 0.1019)
2026-04-19 06:29:01,199 Epoch 8: Train Loss 0.5207, Valid Loss 0.4621
2026-04-19 06:29:01,201 ----- Save best model - auprc: 0.5238 -----
2026-04-19 06:29:09,384 [[886 148]
 [ 54 110]]
2026-04-19 06:29:09,393 AUC of ROC = 0.8657
2026-04-19 06:29:09,394 AUC of PRC = 0.5363
2026-04-19 06:29:09,395 min(+P, Se) = 0.5244
2026-04-19 06:29:09,395 f1_score = 0.5325 (threshold = 0.1034)
2026-04-19 06:29:09,396 Epoch 9: Train Loss 0.4942, Valid Loss 0.4662
2026-04-19 06:29:09,397 ----- Save best model - auprc: 0.5363 -----
2026-04-19 06:29:17,450 [[765 269]
 [ 29 135]]
2026-04-19 06:29:17,462 AUC of ROC = 0.8656
2026-04-19 06:29:17,463 AUC of PRC = 0.5408
2026-04-19 06:29:17,463 min(+P, Se) = 0.5122
2026-04-19 06:29:17,463 f1_score = 0.5412 (threshold = 0.0520)
2026-04-19 06:29:17,465 Epoch 10: Train Loss 0.5064, Valid Loss 0.4615
2026-04-19 06:29:17,468 ----- Save best model - auprc: 0.5408 -----
2026-04-19 06:29:27,294 [[873 161]
 [ 53 111]]
2026-04-19 06:29:27,307 AUC of ROC = 0.8659
2026-04-19 06:29:27,309 AUC of PRC = 0.5325
2026-04-19 06:29:27,309 min(+P, Se) = 0.5030
2026-04-19 06:29:27,309 f1_score = 0.5224 (threshold = -0.2520)
2026-04-19 06:29:27,311 Epoch 11: Train Loss 0.5010, Valid Loss 0.4584
2026-04-19 06:29:36,691 [[727 307]
 [ 19 145]]
2026-04-19 06:29:36,706 AUC of ROC = 0.8753
2026-04-19 06:29:36,707 AUC of PRC = 0.5585
2026-04-19 06:29:36,707 min(+P, Se) = 0.5333
2026-04-19 06:29:36,707 f1_score = 0.5455 (threshold = 0.2611)
2026-04-19 06:29:36,709 Epoch 12: Train Loss 0.4898, Valid Loss 0.4610
2026-04-19 06:29:36,712 ----- Save best model - auprc: 0.5585 -----
2026-04-19 06:29:46,704 [[801 233]
 [ 31 133]]
2026-04-19 06:29:46,715 AUC of ROC = 0.8756
2026-04-19 06:29:46,716 AUC of PRC = 0.5664
2026-04-19 06:29:46,716 min(+P, Se) = 0.5325
2026-04-19 06:29:46,716 f1_score = 0.5627 (threshold = -0.0359)
2026-04-19 06:29:46,718 Epoch 13: Train Loss 0.4818, Valid Loss 0.4412
2026-04-19 06:29:46,720 ----- Save best model - auprc: 0.5664 -----
2026-04-19 06:29:56,595 [[878 156]
 [ 48 116]]
2026-04-19 06:29:56,612 AUC of ROC = 0.8717
2026-04-19 06:29:56,613 AUC of PRC = 0.5526
2026-04-19 06:29:56,614 min(+P, Se) = 0.5366
2026-04-19 06:29:56,614 f1_score = 0.5480 (threshold = -0.2103)
2026-04-19 06:29:56,616 Epoch 14: Train Loss 0.4927, Valid Loss 0.4574
2026-04-19 06:30:06,707 [[775 259]
 [ 32 132]]
2026-04-19 06:30:06,725 AUC of ROC = 0.8733
2026-04-19 06:30:06,726 AUC of PRC = 0.5601
2026-04-19 06:30:06,729 min(+P, Se) = 0.5427
2026-04-19 06:30:06,729 f1_score = 0.5504 (threshold = 0.0118)
2026-04-19 06:30:06,732 Epoch 15: Train Loss 0.4757, Valid Loss 0.4567
2026-04-19 06:30:16,209 [[870 164]
 [ 45 119]]
2026-04-19 06:30:16,219 AUC of ROC = 0.8768
2026-04-19 06:30:16,220 AUC of PRC = 0.5594
2026-04-19 06:30:16,220 min(+P, Se) = 0.5244
2026-04-19 06:30:16,220 f1_score = 0.5500 (threshold = -0.3956)
2026-04-19 06:30:16,222 Epoch 16: Train Loss 0.4862, Valid Loss 0.4340
2026-04-19 06:30:25,703 [[828 206]
 [ 34 130]]
2026-04-19 06:30:25,716 AUC of ROC = 0.8763
2026-04-19 06:30:25,717 AUC of PRC = 0.5629
2026-04-19 06:30:25,717 min(+P, Se) = 0.5183
2026-04-19 06:30:25,717 f1_score = 0.5419 (threshold = -0.1150)
2026-04-19 06:30:25,719 Epoch 17: Train Loss 0.4701, Valid Loss 0.4299
2026-04-19 06:30:36,041 [[807 227]
 [ 30 134]]
2026-04-19 06:30:36,052 AUC of ROC = 0.8769
2026-04-19 06:30:36,054 AUC of PRC = 0.5597
2026-04-19 06:30:36,055 min(+P, Se) = 0.5183
2026-04-19 06:30:36,055 f1_score = 0.5564 (threshold = -0.1100)
2026-04-19 06:30:36,057 Epoch 18: Train Loss 0.4657, Valid Loss 0.4290
2026-04-19 06:30:45,562 [[803 231]
 [ 31 133]]
2026-04-19 06:30:45,577 AUC of ROC = 0.8770
2026-04-19 06:30:45,578 AUC of PRC = 0.5613
2026-04-19 06:30:45,578 min(+P, Se) = 0.5145
2026-04-19 06:30:45,578 f1_score = 0.5493 (threshold = -0.1256)
2026-04-19 06:30:45,580 Epoch 19: Train Loss 0.4690, Valid Loss 0.4316
2026-04-19 06:30:54,224 [[799 235]
 [ 29 135]]
2026-04-19 06:30:54,238 AUC of ROC = 0.8787
2026-04-19 06:30:54,239 AUC of PRC = 0.5647
2026-04-19 06:30:54,239 min(+P, Se) = 0.5174
2026-04-19 06:30:54,239 f1_score = 0.5571 (threshold = 0.0136)
2026-04-19 06:30:54,241 Epoch 20: Train Loss 0.4589, Valid Loss 0.4299
2026-04-19 06:31:04,172 [[836 198]
 [ 33 131]]
2026-04-19 06:31:04,185 AUC of ROC = 0.8774
2026-04-19 06:31:04,185 AUC of PRC = 0.5635
2026-04-19 06:31:04,186 min(+P, Se) = 0.5122
2026-04-19 06:31:04,186 f1_score = 0.5480 (threshold = -0.1216)
2026-04-19 06:31:04,188 Epoch 21: Train Loss 0.4629, Valid Loss 0.4288
2026-04-19 06:31:13,013 [[792 242]
 [ 30 134]]
2026-04-19 06:31:13,023 AUC of ROC = 0.8786
2026-04-19 06:31:13,024 AUC of PRC = 0.5653
2026-04-19 06:31:13,024 min(+P, Se) = 0.5135
2026-04-19 06:31:13,025 f1_score = 0.5561 (threshold = -0.0332)
2026-04-19 06:31:13,026 Epoch 22: Train Loss 0.4465, Valid Loss 0.4319
2026-04-19 06:31:23,421 [[803 231]
 [ 30 134]]
2026-04-19 06:31:23,440 AUC of ROC = 0.8786
2026-04-19 06:31:23,443 AUC of PRC = 0.5642
2026-04-19 06:31:23,444 min(+P, Se) = 0.5077
2026-04-19 06:31:23,444 f1_score = 0.5525 (threshold = -0.0228)
2026-04-19 06:31:23,446 Epoch 23: Train Loss 0.4568, Valid Loss 0.4289
2026-04-19 06:31:34,284 [[804 230]
 [ 30 134]]
2026-04-19 06:31:34,303 AUC of ROC = 0.8781
2026-04-19 06:31:34,304 AUC of PRC = 0.5637
2026-04-19 06:31:34,305 min(+P, Se) = 0.5091
2026-04-19 06:31:34,305 f1_score = 0.5525 (threshold = -0.0106)
2026-04-19 06:31:34,306 Epoch 24: Train Loss 0.4451, Valid Loss 0.4288
2026-04-19 06:31:45,044 [[809 225]
 [ 30 134]]
2026-04-19 06:31:45,052 AUC of ROC = 0.8779
2026-04-19 06:31:45,053 AUC of PRC = 0.5642
2026-04-19 06:31:45,054 min(+P, Se) = 0.5091
2026-04-19 06:31:45,054 f1_score = 0.5526 (threshold = -0.1040)
2026-04-19 06:31:45,055 Epoch 25: Train Loss 0.4492, Valid Loss 0.4280
2026-04-19 06:31:45,575 last saved model is in epoch 13
2026-04-19 06:31:47,320 [[803 206]
 [ 48 143]]
2026-04-19 06:31:47,330 AUC of ROC = 0.8571
2026-04-19 06:31:47,330 AUC of PRC = 0.5597
2026-04-19 06:31:47,330 min(+P, Se) = 0.5330
2026-04-19 06:31:47,331 f1_score = 0.5726 (threshold = -0.3600)
2026-04-19 06:31:47,331 Test Loss 0.4762
2026-04-21 15:36:50,447 {
    "dataset": "c12",
    "data_dropout": 0.0,
    "epochs": 25,
    "freeze_epochs": 5,
    "lr": 0.001,
    "d_model": 32,
    "seed": 1,
    "batch_size": 64,
    "num_workers": null,
    "dropout": 0.1,
    "save_model": true,
    "save_dir": "./export/c12/smart-smile-lean-v2/seed_1",
    "pretrain_dir": "./export/c12/smart-smile-lean-v2/seed_1",
    "local_rank": 0,
    "e_layers": 2,
    "n_heads": 4,
    "time_dim": 16,
    "use_film": false,
    "use_smile": false,
    "use_smile_film": false,
    "use_mnar": false,
    "use_smile_v2": false,
    "use_smile_v2_film": false,
    "use_smile_lean": false,
    "use_smile_lean_samepretrain": false,
    "use_smile_lean_v2": true,
    "obs_density_window": 5,
    "abl_no_density": false,
    "abl_no_mnar_bias": false,
    "abl_no_film": false,
    "abl_no_time_mnar": false,
    "abl_no_time_pe": false,
    "abl_no_cross_attn": false,
    "abl_no_mnar_cls": false,
    "abl_no_policy": false,
    "abl_no_dynamic_mnar": false,
    "abl_no_dual_head": true,
    "smile_no_mnar": false,
    "smile_no_curriculum": false,
    "smile_mask_type": "all",
    "smile_mnar_dropout": 0.05,
    "smile_mnar_dropout_initial": 0.0,
    "smile_stratified": false,
    "rank": 0,
    "world_size": 2,
    "distributed": true,
    "gpu": 0,
    "dist_backend": "nccl"
}
2026-04-21 15:36:57,746 Dataset Loaded.
2026-04-21 15:36:57,747 DataLoader kwargs: {'num_workers': 4, 'pin_memory': True, 'persistent_workers': True, 'prefetch_factor': 2}
2026-04-21 15:36:57,749 Runtime init: variable order resolved.
2026-04-21 15:36:57,750 Runtime init: variable order moved to CUDA.
2026-04-21 15:36:57,760 Runtime init: encoder moved to CUDA.
2026-04-21 15:36:57,762 Runtime init: classifier moved to CUDA.
2026-04-21 15:36:59,881 Runtime init: DDP wrap complete.
2026-04-21 15:36:59,886 Class weights: [0.5820587277412415, 3.546597719192505]
2026-04-21 15:36:59,907 last saved model is in epoch 25
2026-04-21 15:37:04,440 [[881 153]
 [ 77  87]]
2026-04-21 15:37:04,448 AUC of ROC = 0.7879
2026-04-21 15:37:04,449 AUC of PRC = 0.4011
2026-04-21 15:37:04,449 min(+P, Se) = 0.3939
2026-04-21 15:37:04,449 f1_score = 0.4189 (threshold = -0.6307)
2026-04-21 15:37:04,450 Epoch 1: Train Loss 0.6777, Valid Loss 0.5679
2026-04-21 15:37:04,451 ----- Save best model - auprc: 0.4011 -----
2026-04-21 15:37:07,979 [[747 287]
 [ 42 122]]
2026-04-21 15:37:07,985 AUC of ROC = 0.8107
2026-04-21 15:37:07,985 AUC of PRC = 0.4333
2026-04-21 15:37:07,985 min(+P, Se) = 0.4152
2026-04-21 15:37:07,985 f1_score = 0.4468 (threshold = -0.2131)
2026-04-21 15:37:07,986 Epoch 2: Train Loss 0.6125, Valid Loss 0.5312
2026-04-21 15:37:07,986 ----- Save best model - auprc: 0.4333 -----
2026-04-21 15:37:11,319 [[658 376]
 [ 21 143]]
2026-04-21 15:37:11,324 AUC of ROC = 0.8142
2026-04-21 15:37:11,324 AUC of PRC = 0.4334
2026-04-21 15:37:11,324 min(+P, Se) = 0.4329
2026-04-21 15:37:11,324 f1_score = 0.4582 (threshold = -0.0552)
2026-04-21 15:37:11,325 Epoch 3: Train Loss 0.6062, Valid Loss 0.5427
2026-04-21 15:37:11,325 ----- Save best model - auprc: 0.4334 -----
2026-04-21 15:37:14,376 [[709 325]
 [ 29 135]]
2026-04-21 15:37:14,381 AUC of ROC = 0.8251
2026-04-21 15:37:14,382 AUC of PRC = 0.4565
2026-04-21 15:37:14,382 min(+P, Se) = 0.4451
2026-04-21 15:37:14,382 f1_score = 0.4599 (threshold = 0.0645)
2026-04-21 15:37:14,382 Epoch 4: Train Loss 0.5966, Valid Loss 0.5178
2026-04-21 15:37:14,383 ----- Save best model - auprc: 0.4565 -----
2026-04-21 15:37:17,396 [[831 203]
 [ 60 104]]
2026-04-21 15:37:17,401 AUC of ROC = 0.8188
2026-04-21 15:37:17,402 AUC of PRC = 0.4501
2026-04-21 15:37:17,402 min(+P, Se) = 0.4277
2026-04-21 15:37:17,402 f1_score = 0.4499 (threshold = -0.4353)
2026-04-21 15:37:17,403 Epoch 5: Train Loss 0.5701, Valid Loss 0.5133
2026-04-21 15:37:22,505 [[719 315]
 [ 23 141]]
2026-04-21 15:37:22,510 AUC of ROC = 0.8472
2026-04-21 15:37:22,510 AUC of PRC = 0.4921
2026-04-21 15:37:22,510 min(+P, Se) = 0.4756
2026-04-21 15:37:22,510 f1_score = 0.5014 (threshold = 0.7019)
2026-04-21 15:37:22,511 Epoch 6: Train Loss 0.5716, Valid Loss 0.4943
2026-04-21 15:37:22,512 ----- Save best model - auprc: 0.4921 -----
2026-04-21 15:37:27,106 [[573 461]
 [  8 156]]
2026-04-21 15:37:27,111 AUC of ROC = 0.8611
2026-04-21 15:37:27,111 AUC of PRC = 0.5201
2026-04-21 15:37:27,111 min(+P, Se) = 0.4699
2026-04-21 15:37:27,111 f1_score = 0.5321 (threshold = 0.3218)
2026-04-21 15:37:27,112 Epoch 7: Train Loss 0.5164, Valid Loss 0.5456
2026-04-21 15:37:27,112 ----- Save best model - auprc: 0.5201 -----
2026-04-21 15:37:31,856 [[849 185]
 [ 48 116]]
2026-04-21 15:37:31,861 AUC of ROC = 0.8645
2026-04-21 15:37:31,862 AUC of PRC = 0.5238
2026-04-21 15:37:31,862 min(+P, Se) = 0.5060
2026-04-21 15:37:31,862 f1_score = 0.5323 (threshold = 0.1019)
2026-04-21 15:37:31,862 Epoch 8: Train Loss 0.5207, Valid Loss 0.4621
2026-04-21 15:37:31,863 ----- Save best model - auprc: 0.5238 -----
2026-04-21 15:37:37,216 [[886 148]
 [ 54 110]]
2026-04-21 15:37:37,222 AUC of ROC = 0.8657
2026-04-21 15:37:37,222 AUC of PRC = 0.5363
2026-04-21 15:37:37,222 min(+P, Se) = 0.5244
2026-04-21 15:37:37,222 f1_score = 0.5325 (threshold = 0.1034)
2026-04-21 15:37:37,223 Epoch 9: Train Loss 0.4942, Valid Loss 0.4662
2026-04-21 15:37:37,224 ----- Save best model - auprc: 0.5363 -----
2026-04-21 15:37:42,135 [[765 269]
 [ 29 135]]
2026-04-21 15:37:42,140 AUC of ROC = 0.8656
2026-04-21 15:37:42,140 AUC of PRC = 0.5408
2026-04-21 15:37:42,140 min(+P, Se) = 0.5122
2026-04-21 15:37:42,140 f1_score = 0.5412 (threshold = 0.0520)
2026-04-21 15:37:42,141 Epoch 10: Train Loss 0.5064, Valid Loss 0.4615
2026-04-21 15:37:42,142 ----- Save best model - auprc: 0.5408 -----
2026-04-21 15:37:46,858 [[873 161]
 [ 53 111]]
2026-04-21 15:37:46,863 AUC of ROC = 0.8659
2026-04-21 15:37:46,863 AUC of PRC = 0.5325
2026-04-21 15:37:46,863 min(+P, Se) = 0.5030
2026-04-21 15:37:46,863 f1_score = 0.5224 (threshold = -0.2520)
2026-04-21 15:37:46,864 Epoch 11: Train Loss 0.5010, Valid Loss 0.4584
2026-04-21 15:37:51,698 [[727 307]
 [ 19 145]]
2026-04-21 15:37:51,703 AUC of ROC = 0.8753
2026-04-21 15:37:51,704 AUC of PRC = 0.5585
2026-04-21 15:37:51,704 min(+P, Se) = 0.5333
2026-04-21 15:37:51,704 f1_score = 0.5455 (threshold = 0.2611)
2026-04-21 15:37:51,704 Epoch 12: Train Loss 0.4898, Valid Loss 0.4610
2026-04-21 15:37:51,705 ----- Save best model - auprc: 0.5585 -----
2026-04-21 15:37:56,369 [[801 233]
 [ 31 133]]
2026-04-21 15:37:56,373 AUC of ROC = 0.8756
2026-04-21 15:37:56,374 AUC of PRC = 0.5664
2026-04-21 15:37:56,374 min(+P, Se) = 0.5325
2026-04-21 15:37:56,374 f1_score = 0.5627 (threshold = -0.0359)
2026-04-21 15:37:56,374 Epoch 13: Train Loss 0.4818, Valid Loss 0.4412
2026-04-21 15:37:56,375 ----- Save best model - auprc: 0.5664 -----
2026-04-21 15:38:01,308 [[878 156]
 [ 48 116]]
2026-04-21 15:38:01,313 AUC of ROC = 0.8717
2026-04-21 15:38:01,313 AUC of PRC = 0.5526
2026-04-21 15:38:01,313 min(+P, Se) = 0.5366
2026-04-21 15:38:01,313 f1_score = 0.5480 (threshold = -0.2103)
2026-04-21 15:38:01,314 Epoch 14: Train Loss 0.4927, Valid Loss 0.4574
2026-04-21 15:38:05,869 [[775 259]
 [ 32 132]]
2026-04-21 15:38:05,874 AUC of ROC = 0.8733
2026-04-21 15:38:05,874 AUC of PRC = 0.5601
2026-04-21 15:38:05,874 min(+P, Se) = 0.5427
2026-04-21 15:38:05,874 f1_score = 0.5504 (threshold = 0.0118)
2026-04-21 15:38:05,875 Epoch 15: Train Loss 0.4757, Valid Loss 0.4567
2026-04-21 15:38:10,261 [[870 164]
 [ 45 119]]
2026-04-21 15:38:10,266 AUC of ROC = 0.8768
2026-04-21 15:38:10,266 AUC of PRC = 0.5594
2026-04-21 15:38:10,267 min(+P, Se) = 0.5244
2026-04-21 15:38:10,267 f1_score = 0.5500 (threshold = -0.3956)
2026-04-21 15:38:10,267 Epoch 16: Train Loss 0.4862, Valid Loss 0.4340
2026-04-21 15:38:14,708 [[828 206]
 [ 34 130]]
2026-04-21 15:38:14,713 AUC of ROC = 0.8763
2026-04-21 15:38:14,713 AUC of PRC = 0.5629
2026-04-21 15:38:14,713 min(+P, Se) = 0.5183
2026-04-21 15:38:14,713 f1_score = 0.5419 (threshold = -0.1150)
2026-04-21 15:38:14,714 Epoch 17: Train Loss 0.4701, Valid Loss 0.4299
2026-04-21 15:38:19,139 [[807 227]
 [ 30 134]]
2026-04-21 15:38:19,144 AUC of ROC = 0.8769
2026-04-21 15:38:19,145 AUC of PRC = 0.5597
2026-04-21 15:38:19,145 min(+P, Se) = 0.5183
2026-04-21 15:38:19,145 f1_score = 0.5564 (threshold = -0.1100)
2026-04-21 15:38:19,145 Epoch 18: Train Loss 0.4657, Valid Loss 0.4290
2026-04-21 15:38:23,547 [[803 231]
 [ 31 133]]
2026-04-21 15:38:23,552 AUC of ROC = 0.8770
2026-04-21 15:38:23,552 AUC of PRC = 0.5613
2026-04-21 15:38:23,552 min(+P, Se) = 0.5145
2026-04-21 15:38:23,552 f1_score = 0.5493 (threshold = -0.1256)
2026-04-21 15:38:23,553 Epoch 19: Train Loss 0.4690, Valid Loss 0.4316
2026-04-21 15:38:27,973 [[799 235]
 [ 29 135]]
2026-04-21 15:38:27,978 AUC of ROC = 0.8787
2026-04-21 15:38:27,979 AUC of PRC = 0.5647
2026-04-21 15:38:27,979 min(+P, Se) = 0.5174
2026-04-21 15:38:27,979 f1_score = 0.5571 (threshold = 0.0136)
2026-04-21 15:38:27,979 Epoch 20: Train Loss 0.4589, Valid Loss 0.4299
2026-04-21 15:38:32,682 [[836 198]
 [ 33 131]]
2026-04-21 15:38:32,689 AUC of ROC = 0.8774
2026-04-21 15:38:32,689 AUC of PRC = 0.5635
2026-04-21 15:38:32,690 min(+P, Se) = 0.5122
2026-04-21 15:38:32,690 f1_score = 0.5480 (threshold = -0.1216)
2026-04-21 15:38:32,690 Epoch 21: Train Loss 0.4629, Valid Loss 0.4288
2026-04-21 15:38:37,641 [[792 242]
 [ 30 134]]
2026-04-21 15:38:37,646 AUC of ROC = 0.8786
2026-04-21 15:38:37,646 AUC of PRC = 0.5653
2026-04-21 15:38:37,646 min(+P, Se) = 0.5135
2026-04-21 15:38:37,646 f1_score = 0.5561 (threshold = -0.0332)
2026-04-21 15:38:37,647 Epoch 22: Train Loss 0.4465, Valid Loss 0.4319
2026-04-21 15:38:42,309 [[803 231]
 [ 30 134]]
2026-04-21 15:38:42,313 AUC of ROC = 0.8786
2026-04-21 15:38:42,314 AUC of PRC = 0.5642
2026-04-21 15:38:42,314 min(+P, Se) = 0.5077
2026-04-21 15:38:42,314 f1_score = 0.5525 (threshold = -0.0228)
2026-04-21 15:38:42,314 Epoch 23: Train Loss 0.4568, Valid Loss 0.4289
2026-04-21 15:38:47,427 [[804 230]
 [ 30 134]]
2026-04-21 15:38:47,432 AUC of ROC = 0.8781
2026-04-21 15:38:47,433 AUC of PRC = 0.5637
2026-04-21 15:38:47,433 min(+P, Se) = 0.5091
2026-04-21 15:38:47,433 f1_score = 0.5525 (threshold = -0.0106)
2026-04-21 15:38:47,433 Epoch 24: Train Loss 0.4451, Valid Loss 0.4288
2026-04-21 15:38:52,538 [[809 225]
 [ 30 134]]
2026-04-21 15:38:52,543 AUC of ROC = 0.8779
2026-04-21 15:38:52,544 AUC of PRC = 0.5642
2026-04-21 15:38:52,544 min(+P, Se) = 0.5091
2026-04-21 15:38:52,544 f1_score = 0.5526 (threshold = -0.1040)
2026-04-21 15:38:52,545 Epoch 25: Train Loss 0.4492, Valid Loss 0.4280
2026-04-21 15:38:52,563 last saved model is in epoch 13
2026-04-21 15:38:53,363 [[803 206]
 [ 48 143]]
2026-04-21 15:38:53,369 AUC of ROC = 0.8571
2026-04-21 15:38:53,369 AUC of PRC = 0.5597
2026-04-21 15:38:53,369 min(+P, Se) = 0.5330
2026-04-21 15:38:53,370 f1_score = 0.5726 (threshold = -0.3600)
2026-04-21 15:38:53,370 Test Loss 0.4762
