2026-04-16 04:37:21,332 {
    "dataset": "c12",
    "data_dropout": 0.0,
    "epochs": 25,
    "lr": 0.001,
    "d_model": 32,
    "seed": 1,
    "batch_size": 64,
    "dropout": 0.1,
    "save_model": true,
    "save_dir": "./export/c12/smart-smile-v2-no-density/seed_1",
    "local_rank": 0,
    "min_mask_ratio": 0.15,
    "max_mask_ratio": 0.75,
    "e_layers": 2,
    "n_heads": 4,
    "time_dim": 16,
    "use_film": false,
    "use_smile": false,
    "use_smile_film": false,
    "use_smile_v2": true,
    "use_smile_v2_film": false,
    "use_smile_lean": false,
    "use_smile_lean_samepretrain": false,
    "use_smile_lean_v2": false,
    "use_mnar": false,
    "save_last": true,
    "smile_no_mnar": false,
    "smile_no_curriculum": false,
    "smile_mask_type": "all",
    "smile_mnar_dropout": 0.05,
    "obs_density_window": 5,
    "abl_no_density": true,
    "abl_no_mnar_bias": false,
    "abl_no_film": false,
    "abl_no_time_mnar": false,
    "abl_no_time_pe": false,
    "abl_no_cross_attn": false,
    "abl_no_mnar_cls": false,
    "pretrain_mask_mode": "fixed",
    "ratio_temperature": 1.0,
    "smile_stratified": false,
    "smile_mask_weights": null
}
2026-04-16 04:37:22,852 Dataset Loaded.
2026-04-16 04:37:22,853 system_groups: {'Vital_Invasive': 3, 'Blood_Gas': 4, 'Electrolyte': 5, 'Liver_Enzyme': 6, 'CBC': 3, 'Oxygenation': 3, 'Metabolic': 2}
2026-04-16 04:37:39,125 Epoch 1: Train Loss 6.9024, Valid Loss 2.6340, EMA Val 2.6340
2026-04-16 04:37:53,092 Epoch 2: Train Loss 2.5642, Valid Loss 1.7295, EMA Val 2.3627
2026-04-16 04:38:06,928 Epoch 3: Train Loss 1.8472, Valid Loss 1.3406, EMA Val 2.0561
2026-04-16 04:38:20,358 Epoch 4: Train Loss 1.4862, Valid Loss 1.1261, EMA Val 1.7771
2026-04-16 04:38:33,789 Epoch 5: Train Loss 1.3360, Valid Loss 1.0474, EMA Val 1.5582
2026-04-16 04:38:47,290 Epoch 6: Train Loss 1.2529, Valid Loss 1.0242, EMA Val 1.3980
2026-04-16 04:39:00,348 Epoch 7: Train Loss 1.2058, Valid Loss 1.0284, EMA Val 1.2871
2026-04-16 04:39:13,270 Epoch 8: Train Loss 1.2109, Valid Loss 0.9692, EMA Val 1.1917
2026-04-16 04:39:26,562 Epoch 9: Train Loss 1.1649, Valid Loss 1.0293, EMA Val 1.1430
2026-04-16 04:39:39,754 Epoch 10: Train Loss 1.1833, Valid Loss 1.0323, EMA Val 1.1098
2026-04-16 04:39:52,673 Epoch 11: Train Loss 1.2222, Valid Loss 1.0266, EMA Val 1.0848
2026-04-16 04:40:05,639 Epoch 12: Train Loss 1.2117, Valid Loss 1.1204, EMA Val 1.0955
2026-04-16 04:40:18,642 Epoch 13: Train Loss 1.2705, Valid Loss 1.0908, EMA Val 1.0941
2026-04-16 04:40:31,727 Epoch 14: Train Loss 1.2302, Valid Loss 1.1757, EMA Val 1.1186
2026-04-16 04:40:44,790 Epoch 15: Train Loss 1.2543, Valid Loss 1.1894, EMA Val 1.1398
2026-04-16 04:40:57,827 Epoch 16: Train Loss 1.3093, Valid Loss 1.2311, EMA Val 1.1672
2026-04-16 04:41:10,854 Epoch 17: Train Loss 1.4024, Valid Loss 1.3004, EMA Val 1.2072
2026-04-16 04:41:24,109 Epoch 18: Train Loss 1.4365, Valid Loss 1.3484, EMA Val 1.2495
2026-04-16 04:41:37,541 Epoch 19: Train Loss 1.4076, Valid Loss 1.3649, EMA Val 1.2841
2026-04-16 04:41:50,832 Epoch 20: Train Loss 1.5237, Valid Loss 1.4999, EMA Val 1.3489
2026-04-16 04:42:04,237 Epoch 21: Train Loss 1.5045, Valid Loss 1.5149, EMA Val 1.3987
2026-04-16 04:42:17,561 Epoch 22: Train Loss 1.4908, Valid Loss 1.6720, EMA Val 1.4807
2026-04-16 04:42:30,715 Epoch 23: Train Loss 1.5544, Valid Loss 1.5085, EMA Val 1.4890
2026-04-16 04:42:44,185 Epoch 24: Train Loss 1.5055, Valid Loss 1.5283, EMA Val 1.5008
2026-04-16 04:42:57,646 Epoch 25: Train Loss 1.4873, Valid Loss 1.5406, EMA Val 1.5127
2026-04-16 04:42:57,647 ----- Save last epoch model - L1: 1.5127 -----
2026-04-16 04:42:57,690 last saved model is in epoch 25
2026-04-16 04:42:58,768 Test Loss 1.6543
2026-04-16 04:43:03,293 {
    "dataset": "c12",
    "data_dropout": 0.0,
    "epochs": 35,
    "freeze_epochs": 5,
    "lr": 0.001,
    "d_model": 32,
    "seed": 1,
    "batch_size": 64,
    "dropout": 0.1,
    "save_model": true,
    "save_dir": "./export/c12/smart-smile-v2-no-density/seed_1",
    "pretrain_dir": null,
    "local_rank": 0,
    "e_layers": 2,
    "n_heads": 4,
    "time_dim": 16,
    "use_film": false,
    "use_smile": false,
    "use_smile_film": false,
    "use_mnar": false,
    "use_smile_v2": true,
    "use_smile_v2_film": false,
    "use_smile_lean": false,
    "use_smile_lean_samepretrain": false,
    "use_smile_lean_v2": false,
    "obs_density_window": 5,
    "abl_no_density": true,
    "abl_no_mnar_bias": false,
    "abl_no_film": false,
    "abl_no_time_mnar": false,
    "abl_no_time_pe": false,
    "abl_no_cross_attn": false,
    "abl_no_mnar_cls": false,
    "smile_no_mnar": false,
    "smile_no_curriculum": false,
    "smile_mask_type": "all",
    "smile_mnar_dropout": 0.05,
    "smile_mnar_dropout_initial": 0.0,
    "smile_stratified": false
}
2026-04-16 04:43:04,805 Dataset Loaded.
2026-04-16 04:43:06,663 Class weights: [0.5820587277412415, 3.546597719192505]
2026-04-16 04:43:06,680 last saved model is in epoch 25
2026-04-16 04:43:15,646 [[598 436]
 [ 18 146]]
2026-04-16 04:43:15,651 AUC of ROC = 0.7642
2026-04-16 04:43:15,651 AUC of PRC = 0.3256
2026-04-16 04:43:15,651 min(+P, Se) = 0.3646
2026-04-16 04:43:15,652 f1_score = 0.4283 (threshold = 0.4324)
2026-04-16 04:43:15,652 Epoch 1: Train Loss 0.7577, Valid Loss 0.5661
2026-04-16 04:43:15,653 ----- Save best model - auprc: 0.3256 -----
2026-04-16 04:43:24,122 [[830 204]
 [ 50 114]]
2026-04-16 04:43:24,126 AUC of ROC = 0.7905
2026-04-16 04:43:24,127 AUC of PRC = 0.3544
2026-04-16 04:43:24,127 min(+P, Se) = 0.3977
2026-04-16 04:43:24,127 f1_score = 0.4307 (threshold = 0.2978)
2026-04-16 04:43:24,127 Epoch 2: Train Loss 0.6477, Valid Loss 0.5213
2026-04-16 04:43:24,128 ----- Save best model - auprc: 0.3544 -----
2026-04-16 04:43:32,656 [[546 488]
 [ 10 154]]
2026-04-16 04:43:32,660 AUC of ROC = 0.7812
2026-04-16 04:43:32,660 AUC of PRC = 0.3433
2026-04-16 04:43:32,661 min(+P, Se) = 0.3780
2026-04-16 04:43:32,661 f1_score = 0.4304 (threshold = 1.0600)
2026-04-16 04:43:32,661 Epoch 3: Train Loss 0.6103, Valid Loss 0.6086
2026-04-16 04:43:40,852 [[576 458]
 [  8 156]]
2026-04-16 04:43:40,856 AUC of ROC = 0.7950
2026-04-16 04:43:40,856 AUC of PRC = 0.3583
2026-04-16 04:43:40,857 min(+P, Se) = 0.3908
2026-04-16 04:43:40,857 f1_score = 0.4370 (threshold = 1.5228)
2026-04-16 04:43:40,857 Epoch 4: Train Loss 0.7029, Valid Loss 0.6057
2026-04-16 04:43:40,858 ----- Save best model - auprc: 0.3583 -----
2026-04-16 04:43:49,057 [[855 179]
 [ 58 106]]
2026-04-16 04:43:49,061 AUC of ROC = 0.7862
2026-04-16 04:43:49,061 AUC of PRC = 0.3493
2026-04-16 04:43:49,061 min(+P, Se) = 0.3702
2026-04-16 04:43:49,062 f1_score = 0.4398 (threshold = 0.2003)
2026-04-16 04:43:49,062 Epoch 5: Train Loss 0.6157, Valid Loss 0.5109
2026-04-16 04:44:01,109 [[777 257]
 [ 31 133]]
2026-04-16 04:44:01,113 AUC of ROC = 0.8427
2026-04-16 04:44:01,113 AUC of PRC = 0.4577
2026-04-16 04:44:01,113 min(+P, Se) = 0.4886
2026-04-16 04:44:01,114 f1_score = 0.5372 (threshold = 0.4224)
2026-04-16 04:44:01,114 Epoch 6: Train Loss 0.5668, Valid Loss 0.4713
2026-04-16 04:44:01,115 ----- Save best model - auprc: 0.4577 -----
2026-04-16 04:44:12,820 [[720 314]
 [ 19 145]]
2026-04-16 04:44:12,824 AUC of ROC = 0.8508
2026-04-16 04:44:12,824 AUC of PRC = 0.4742
2026-04-16 04:44:12,824 min(+P, Se) = 0.5000
2026-04-16 04:44:12,824 f1_score = 0.5220 (threshold = 0.8405)
2026-04-16 04:44:12,825 Epoch 7: Train Loss 0.5454, Valid Loss 0.4862
2026-04-16 04:44:12,825 ----- Save best model - auprc: 0.4742 -----
2026-04-16 04:44:24,542 [[916 118]
 [ 60 104]]
2026-04-16 04:44:24,546 AUC of ROC = 0.8418
2026-04-16 04:44:24,547 AUC of PRC = 0.4693
2026-04-16 04:44:24,547 min(+P, Se) = 0.4943
2026-04-16 04:44:24,547 f1_score = 0.5089 (threshold = -0.5227)
2026-04-16 04:44:24,548 Epoch 8: Train Loss 0.5204, Valid Loss 0.5022
2026-04-16 04:44:34,390 [[805 229]
 [ 27 137]]
2026-04-16 04:44:34,394 AUC of ROC = 0.8568
2026-04-16 04:44:34,395 AUC of PRC = 0.4977
2026-04-16 04:44:34,395 min(+P, Se) = 0.5273
2026-04-16 04:44:34,395 f1_score = 0.5584 (threshold = -0.1252)
2026-04-16 04:44:34,395 Epoch 9: Train Loss 0.5008, Valid Loss 0.4471
2026-04-16 04:44:34,396 ----- Save best model - auprc: 0.4977 -----
2026-04-16 04:44:44,104 [[960  74]
 [ 79  85]]
2026-04-16 04:44:44,108 AUC of ROC = 0.8471
2026-04-16 04:44:44,108 AUC of PRC = 0.4796
2026-04-16 04:44:44,108 min(+P, Se) = 0.5244
2026-04-16 04:44:44,108 f1_score = 0.5307 (threshold = -0.2427)
2026-04-16 04:44:44,109 Epoch 10: Train Loss 0.4935, Valid Loss 0.5454
2026-04-16 04:44:53,761 [[752 282]
 [ 24 140]]
2026-04-16 04:44:53,765 AUC of ROC = 0.8483
2026-04-16 04:44:53,765 AUC of PRC = 0.4679
2026-04-16 04:44:53,765 min(+P, Se) = 0.4970
2026-04-16 04:44:53,766 f1_score = 0.5263 (threshold = 0.3664)
2026-04-16 04:44:53,766 Epoch 11: Train Loss 0.4897, Valid Loss 0.4686
2026-04-16 04:45:03,405 [[798 236]
 [ 31 133]]
2026-04-16 04:45:03,409 AUC of ROC = 0.8694
2026-04-16 04:45:03,409 AUC of PRC = 0.5262
2026-04-16 04:45:03,409 min(+P, Se) = 0.5417
2026-04-16 04:45:03,409 f1_score = 0.5493 (threshold = 0.1542)
2026-04-16 04:45:03,410 Epoch 12: Train Loss 0.4938, Valid Loss 0.4373
2026-04-16 04:45:03,410 ----- Save best model - auprc: 0.5262 -----
2026-04-16 04:45:13,024 [[763 271]
 [ 29 135]]
2026-04-16 04:45:13,028 AUC of ROC = 0.8679
2026-04-16 04:45:13,029 AUC of PRC = 0.5303
2026-04-16 04:45:13,029 min(+P, Se) = 0.5427
2026-04-16 04:45:13,029 f1_score = 0.5770 (threshold = 0.1756)
2026-04-16 04:45:13,029 Epoch 13: Train Loss 0.4830, Valid Loss 0.4498
2026-04-16 04:45:13,030 ----- Save best model - auprc: 0.5303 -----
2026-04-16 04:45:22,810 [[760 274]
 [ 27 137]]
2026-04-16 04:45:22,815 AUC of ROC = 0.8609
2026-04-16 04:45:22,815 AUC of PRC = 0.5113
2026-04-16 04:45:22,815 min(+P, Se) = 0.5439
2026-04-16 04:45:22,815 f1_score = 0.5552 (threshold = 0.4156)
2026-04-16 04:45:22,816 Epoch 14: Train Loss 0.4799, Valid Loss 0.4506
2026-04-16 04:45:32,635 [[824 210]
 [ 37 127]]
2026-04-16 04:45:32,639 AUC of ROC = 0.8656
2026-04-16 04:45:32,639 AUC of PRC = 0.5180
2026-04-16 04:45:32,639 min(+P, Se) = 0.5305
2026-04-16 04:45:32,639 f1_score = 0.5481 (threshold = -0.0180)
2026-04-16 04:45:32,640 Epoch 15: Train Loss 0.4777, Valid Loss 0.4458
2026-04-16 04:45:42,419 [[818 216]
 [ 37 127]]
2026-04-16 04:45:42,423 AUC of ROC = 0.8700
2026-04-16 04:45:42,423 AUC of PRC = 0.5302
2026-04-16 04:45:42,423 min(+P, Se) = 0.5449
2026-04-16 04:45:42,423 f1_score = 0.5840 (threshold = 0.1714)
2026-04-16 04:45:42,424 Epoch 16: Train Loss 0.4713, Valid Loss 0.4333
2026-04-16 04:45:52,138 [[861 173]
 [ 40 124]]
2026-04-16 04:45:52,142 AUC of ROC = 0.8667
2026-04-16 04:45:52,142 AUC of PRC = 0.5262
2026-04-16 04:45:52,142 min(+P, Se) = 0.5305
2026-04-16 04:45:52,143 f1_score = 0.5434 (threshold = -0.0058)
2026-04-16 04:45:52,143 Epoch 17: Train Loss 0.4737, Valid Loss 0.4351
2026-04-16 04:46:01,913 [[837 197]
 [ 37 127]]
2026-04-16 04:46:01,917 AUC of ROC = 0.8538
2026-04-16 04:46:01,918 AUC of PRC = 0.5045
2026-04-16 04:46:01,918 min(+P, Se) = 0.5244
2026-04-16 04:46:01,918 f1_score = 0.5301 (threshold = 0.0846)
2026-04-16 04:46:01,918 Epoch 18: Train Loss 0.4584, Valid Loss 0.4492
2026-04-16 04:46:11,728 [[790 244]
 [ 30 134]]
2026-04-16 04:46:11,733 AUC of ROC = 0.8603
2026-04-16 04:46:11,733 AUC of PRC = 0.5077
2026-04-16 04:46:11,733 min(+P, Se) = 0.5269
2026-04-16 04:46:11,733 f1_score = 0.5434 (threshold = -0.0277)
2026-04-16 04:46:11,734 Epoch 19: Train Loss 0.4721, Valid Loss 0.4407
2026-04-16 04:46:21,550 [[756 278]
 [ 25 139]]
2026-04-16 04:46:21,554 AUC of ROC = 0.8659
2026-04-16 04:46:21,554 AUC of PRC = 0.5223
2026-04-16 04:46:21,554 min(+P, Se) = 0.5394
2026-04-16 04:46:21,555 f1_score = 0.5568 (threshold = 0.2947)
2026-04-16 04:46:21,555 Epoch 20: Train Loss 0.4570, Valid Loss 0.4424
2026-04-16 04:46:31,381 [[860 174]
 [ 43 121]]
2026-04-16 04:46:31,385 AUC of ROC = 0.8629
2026-04-16 04:46:31,385 AUC of PRC = 0.5089
2026-04-16 04:46:31,386 min(+P, Se) = 0.5298
2026-04-16 04:46:31,386 f1_score = 0.5455 (threshold = 0.0681)
2026-04-16 04:46:31,386 Epoch 21: Train Loss 0.4566, Valid Loss 0.4435
2026-04-16 04:46:41,168 [[813 221]
 [ 33 131]]
2026-04-16 04:46:41,172 AUC of ROC = 0.8649
2026-04-16 04:46:41,172 AUC of PRC = 0.5180
2026-04-16 04:46:41,172 min(+P, Se) = 0.5455
2026-04-16 04:46:41,173 f1_score = 0.5497 (threshold = 0.0052)
2026-04-16 04:46:41,173 Epoch 22: Train Loss 0.4508, Valid Loss 0.4360
2026-04-16 04:46:50,967 [[747 287]
 [ 26 138]]
2026-04-16 04:46:50,971 AUC of ROC = 0.8643
2026-04-16 04:46:50,971 AUC of PRC = 0.5216
2026-04-16 04:46:50,971 min(+P, Se) = 0.5394
2026-04-16 04:46:50,971 f1_score = 0.5511 (threshold = 0.1072)
2026-04-16 04:46:50,972 Epoch 23: Train Loss 0.4491, Valid Loss 0.4462
2026-04-16 04:47:01,726 [[824 210]
 [ 35 129]]
2026-04-16 04:47:01,730 AUC of ROC = 0.8564
2026-04-16 04:47:01,730 AUC of PRC = 0.4997
2026-04-16 04:47:01,730 min(+P, Se) = 0.5152
2026-04-16 04:47:01,730 f1_score = 0.5330 (threshold = -0.1323)
2026-04-16 04:47:01,731 Epoch 24: Train Loss 0.4430, Valid Loss 0.4428
2026-04-16 04:47:13,848 [[828 206]
 [ 35 129]]
2026-04-16 04:47:13,852 AUC of ROC = 0.8602
2026-04-16 04:47:13,852 AUC of PRC = 0.5063
2026-04-16 04:47:13,853 min(+P, Se) = 0.5301
2026-04-16 04:47:13,853 f1_score = 0.5450 (threshold = 0.0030)
2026-04-16 04:47:13,853 Epoch 25: Train Loss 0.4419, Valid Loss 0.4411
2026-04-16 04:47:26,025 [[858 176]
 [ 40 124]]
2026-04-16 04:47:26,030 AUC of ROC = 0.8614
2026-04-16 04:47:26,030 AUC of PRC = 0.5119
2026-04-16 04:47:26,030 min(+P, Se) = 0.5244
2026-04-16 04:47:26,030 f1_score = 0.5329 (threshold = 0.0699)
2026-04-16 04:47:26,031 Epoch 26: Train Loss 0.4398, Valid Loss 0.4488
2026-04-16 04:47:38,199 [[854 180]
 [ 41 123]]
2026-04-16 04:47:38,203 AUC of ROC = 0.8635
2026-04-16 04:47:38,204 AUC of PRC = 0.5176
2026-04-16 04:47:38,204 min(+P, Se) = 0.5366
2026-04-16 04:47:38,204 f1_score = 0.5683 (threshold = -0.0784)
2026-04-16 04:47:38,205 Epoch 27: Train Loss 0.4392, Valid Loss 0.4434
2026-04-16 04:47:50,294 [[745 289]
 [ 26 138]]
2026-04-16 04:47:50,298 AUC of ROC = 0.8626
2026-04-16 04:47:50,299 AUC of PRC = 0.5083
2026-04-16 04:47:50,299 min(+P, Se) = 0.5273
2026-04-16 04:47:50,299 f1_score = 0.5378 (threshold = 0.1722)
2026-04-16 04:47:50,299 Epoch 28: Train Loss 0.4359, Valid Loss 0.4490
2026-04-16 04:48:02,238 [[783 251]
 [ 29 135]]
2026-04-16 04:48:02,243 AUC of ROC = 0.8603
2026-04-16 04:48:02,243 AUC of PRC = 0.5051
2026-04-16 04:48:02,243 min(+P, Se) = 0.5357
2026-04-16 04:48:02,243 f1_score = 0.5434 (threshold = 0.0711)
2026-04-16 04:48:02,244 Epoch 29: Train Loss 0.4295, Valid Loss 0.4424
2026-04-16 04:48:14,335 [[835 199]
 [ 36 128]]
2026-04-16 04:48:14,339 AUC of ROC = 0.8622
2026-04-16 04:48:14,339 AUC of PRC = 0.5098
2026-04-16 04:48:14,340 min(+P, Se) = 0.5402
2026-04-16 04:48:14,340 f1_score = 0.5562 (threshold = 0.0578)
2026-04-16 04:48:14,340 Epoch 30: Train Loss 0.4278, Valid Loss 0.4395
2026-04-16 04:48:25,548 [[807 227]
 [ 31 133]]
2026-04-16 04:48:25,552 AUC of ROC = 0.8632
2026-04-16 04:48:25,552 AUC of PRC = 0.5040
2026-04-16 04:48:25,553 min(+P, Se) = 0.5333
2026-04-16 04:48:25,553 f1_score = 0.5546 (threshold = 0.0815)
2026-04-16 04:48:25,553 Epoch 31: Train Loss 0.4283, Valid Loss 0.4395
2026-04-16 04:48:37,512 [[824 210]
 [ 36 128]]
2026-04-16 04:48:37,516 AUC of ROC = 0.8640
2026-04-16 04:48:37,516 AUC of PRC = 0.5068
2026-04-16 04:48:37,517 min(+P, Se) = 0.5275
2026-04-16 04:48:37,517 f1_score = 0.5549 (threshold = 0.0760)
2026-04-16 04:48:37,517 Epoch 32: Train Loss 0.4242, Valid Loss 0.4377
2026-04-16 04:48:49,542 [[806 228]
 [ 33 131]]
2026-04-16 04:48:49,546 AUC of ROC = 0.8622
2026-04-16 04:48:49,547 AUC of PRC = 0.5032
2026-04-16 04:48:49,547 min(+P, Se) = 0.5266
2026-04-16 04:48:49,547 f1_score = 0.5434 (threshold = 0.0891)
2026-04-16 04:48:49,547 Epoch 33: Train Loss 0.4191, Valid Loss 0.4398
2026-04-16 04:49:02,001 [[832 202]
 [ 37 127]]
2026-04-16 04:49:02,005 AUC of ROC = 0.8632
2026-04-16 04:49:02,005 AUC of PRC = 0.5057
2026-04-16 04:49:02,005 min(+P, Se) = 0.5366
2026-04-16 04:49:02,006 f1_score = 0.5460 (threshold = 0.0157)
2026-04-16 04:49:02,006 Epoch 34: Train Loss 0.4198, Valid Loss 0.4373
2026-04-16 04:49:14,170 [[814 220]
 [ 35 129]]
2026-04-16 04:49:14,174 AUC of ROC = 0.8632
2026-04-16 04:49:14,174 AUC of PRC = 0.5054
2026-04-16 04:49:14,174 min(+P, Se) = 0.5333
2026-04-16 04:49:14,175 f1_score = 0.5449 (threshold = 0.0716)
2026-04-16 04:49:14,175 Epoch 35: Train Loss 0.4186, Valid Loss 0.4376
2026-04-16 04:49:14,195 last saved model is in epoch 13
2026-04-16 04:49:15,147 [[760 249]
 [ 36 155]]
2026-04-16 04:49:15,151 AUC of ROC = 0.8571
2026-04-16 04:49:15,152 AUC of PRC = 0.5402
2026-04-16 04:49:15,152 min(+P, Se) = 0.5131
2026-04-16 04:49:15,152 f1_score = 0.5660 (threshold = -0.0858)
2026-04-16 04:49:15,152 Test Loss 0.4672
