2026-02-23 23:29:03,420 {
    "dataset": "c19",
    "data_dropout": 0.0,
    "epochs": 25,
    "lr": 0.001,
    "d_model": 32,
    "seed": 42,
    "batch_size": 64,
    "dropout": 0.1,
    "save_model": true,
    "save_dir": "./export/c19/smart/seed_42",
    "local_rank": 0,
    "min_mask_ratio": 0.0,
    "max_mask_ratio": 0.75,
    "e_layers": 2,
    "n_heads": 4,
    "time_dim": 16,
    "use_film": false
}
2026-02-23 23:29:23,542 Dataset Loaded.
2026-02-23 23:30:44,527 Epoch 1: Train Loss 0.1245, Valid Loss 0.0349
2026-02-23 23:30:44,534 ----- Save best model - L1: 0.0349 -----
2026-02-23 23:32:04,955 Epoch 2: Train Loss 0.0835, Valid Loss 0.0318
2026-02-23 23:32:04,955 ----- Save best model - L1: 0.0318 -----
2026-02-23 23:33:24,990 Epoch 3: Train Loss 0.0652, Valid Loss 0.0306
2026-02-23 23:33:24,991 ----- Save best model - L1: 0.0306 -----
2026-02-23 23:34:45,799 Epoch 4: Train Loss 0.0575, Valid Loss 0.0313
2026-02-23 23:36:05,785 Epoch 5: Train Loss 0.0555, Valid Loss 0.0313
2026-02-23 23:37:25,884 Epoch 6: Train Loss 0.0556, Valid Loss 0.0318
2026-02-23 23:38:46,905 Epoch 7: Train Loss 0.0538, Valid Loss 0.0296
2026-02-23 23:38:46,905 ----- Save best model - L1: 0.0296 -----
2026-02-23 23:40:04,674 Epoch 8: Train Loss 0.0531, Valid Loss 0.0295
2026-02-23 23:40:04,675 ----- Save best model - L1: 0.0295 -----
2026-02-23 23:41:22,178 Epoch 9: Train Loss 0.0539, Valid Loss 0.0309
2026-02-23 23:42:39,663 Epoch 10: Train Loss 0.0556, Valid Loss 0.0308
2026-02-23 23:43:57,295 Epoch 11: Train Loss 0.0570, Valid Loss 0.0301
2026-02-23 23:45:14,547 Epoch 12: Train Loss 0.0560, Valid Loss 0.0292
2026-02-23 23:45:14,547 ----- Save best model - L1: 0.0292 -----
2026-02-23 23:46:31,839 Epoch 13: Train Loss 0.0549, Valid Loss 0.0285
2026-02-23 23:46:31,840 ----- Save best model - L1: 0.0285 -----
2026-02-23 23:47:49,184 Epoch 14: Train Loss 0.0539, Valid Loss 0.0281
2026-02-23 23:47:49,185 ----- Save best model - L1: 0.0281 -----
2026-02-23 23:49:07,600 Epoch 15: Train Loss 0.0532, Valid Loss 0.0279
2026-02-23 23:49:07,601 ----- Save best model - L1: 0.0279 -----
2026-02-23 23:50:25,167 Epoch 16: Train Loss 0.0528, Valid Loss 0.0273
2026-02-23 23:50:25,168 ----- Save best model - L1: 0.0273 -----
2026-02-23 23:51:42,485 Epoch 17: Train Loss 0.0527, Valid Loss 0.0263
2026-02-23 23:51:42,486 ----- Save best model - L1: 0.0263 -----
2026-02-23 23:53:00,003 Epoch 18: Train Loss 0.0527, Valid Loss 0.0263
2026-02-23 23:53:00,004 ----- Save best model - L1: 0.0263 -----
2026-02-23 23:54:17,234 Epoch 19: Train Loss 0.0527, Valid Loss 0.0259
2026-02-23 23:54:17,235 ----- Save best model - L1: 0.0259 -----
2026-02-23 23:55:34,670 Epoch 20: Train Loss 0.0524, Valid Loss 0.0262
2026-02-23 23:56:52,037 Epoch 21: Train Loss 0.0523, Valid Loss 0.0256
2026-02-23 23:56:52,038 ----- Save best model - L1: 0.0256 -----
2026-02-23 23:58:09,313 Epoch 22: Train Loss 0.0523, Valid Loss 0.0261
2026-02-23 23:59:26,449 Epoch 23: Train Loss 0.0522, Valid Loss 0.0256
2026-02-24 00:00:43,678 Epoch 24: Train Loss 0.0523, Valid Loss 0.0256
2026-02-24 00:02:01,165 Epoch 25: Train Loss 0.0524, Valid Loss 0.0257
2026-02-24 00:02:01,263 last saved model is in epoch 21
2026-02-24 00:02:06,991 Test Loss 0.0257
2026-02-24 00:02:11,374 {
    "dataset": "c19",
    "data_dropout": 0.0,
    "epochs": 25,
    "freeze_epochs": 5,
    "lr": 0.001,
    "d_model": 32,
    "seed": 42,
    "batch_size": 64,
    "dropout": 0.1,
    "save_model": true,
    "save_dir": "./export/c19/smart/seed_42",
    "local_rank": 0,
    "e_layers": 2,
    "n_heads": 4,
    "time_dim": 16,
    "use_film": false
}
2026-02-24 00:02:28,761 Dataset Loaded.
2026-02-24 00:02:29,898 last saved model is in epoch 21
2026-02-24 00:02:59,591 [[3708   30]
 [ 241   54]]
2026-02-24 00:02:59,594 AUC of ROC = 0.8815
2026-02-24 00:02:59,596 AUC of PRC = 0.4295
2026-02-24 00:02:59,598 min(+P, Se) = 0.4475
2026-02-24 00:02:59,599 f1_score = 0.2850
2026-02-24 00:02:59,600 Epoch 1: Train Loss 0.2119, Valid Loss 0.1878
2026-02-24 00:02:59,602 ----- Save best model - auprc: 0.4295 -----
2026-02-24 00:03:29,278 [[3680   58]
 [ 204   91]]
2026-02-24 00:03:29,281 AUC of ROC = 0.9013
2026-02-24 00:03:29,282 AUC of PRC = 0.4842
2026-02-24 00:03:29,283 min(+P, Se) = 0.5135
2026-02-24 00:03:29,283 f1_score = 0.4099
2026-02-24 00:03:29,284 Epoch 2: Train Loss 0.1898, Valid Loss 0.1748
2026-02-24 00:03:29,285 ----- Save best model - auprc: 0.4842 -----
2026-02-24 00:04:00,820 [[3709   29]
 [ 227   68]]
2026-02-24 00:04:00,823 AUC of ROC = 0.9033
2026-02-24 00:04:00,824 AUC of PRC = 0.4915
2026-02-24 00:04:00,824 min(+P, Se) = 0.4952
2026-02-24 00:04:00,824 f1_score = 0.3469
2026-02-24 00:04:00,825 Epoch 3: Train Loss 0.1859, Valid Loss 0.1703
2026-02-24 00:04:00,825 ----- Save best model - auprc: 0.4915 -----
2026-02-24 00:04:30,722 [[3719   19]
 [ 238   57]]
2026-02-24 00:04:30,726 AUC of ROC = 0.9103
2026-02-24 00:04:30,726 AUC of PRC = 0.5037
2026-02-24 00:04:30,727 min(+P, Se) = 0.5199
2026-02-24 00:04:30,727 f1_score = 0.3073
2026-02-24 00:04:30,728 Epoch 4: Train Loss 0.1825, Valid Loss 0.1658
2026-02-24 00:04:30,728 ----- Save best model - auprc: 0.5037 -----
2026-02-24 00:05:01,102 [[3714   24]
 [ 244   51]]
2026-02-24 00:05:01,105 AUC of ROC = 0.9130
2026-02-24 00:05:01,106 AUC of PRC = 0.5160
2026-02-24 00:05:01,107 min(+P, Se) = 0.5372
2026-02-24 00:05:01,107 f1_score = 0.2757
2026-02-24 00:05:01,108 Epoch 5: Train Loss 0.1828, Valid Loss 0.1686
2026-02-24 00:05:01,109 ----- Save best model - auprc: 0.5160 -----
2026-02-24 00:05:52,690 [[3678   60]
 [ 100  195]]
2026-02-24 00:05:52,694 AUC of ROC = 0.9571
2026-02-24 00:05:52,694 AUC of PRC = 0.7519
2026-02-24 00:05:52,695 min(+P, Se) = 0.7153
2026-02-24 00:05:52,695 f1_score = 0.7091
2026-02-24 00:05:52,696 Epoch 6: Train Loss 0.1584, Valid Loss 0.1155
2026-02-24 00:05:52,696 ----- Save best model - auprc: 0.7519 -----
2026-02-24 00:06:44,299 [[3720   18]
 [ 141  154]]
2026-02-24 00:06:44,302 AUC of ROC = 0.9625
2026-02-24 00:06:44,303 AUC of PRC = 0.7793
2026-02-24 00:06:44,303 min(+P, Se) = 0.7186
2026-02-24 00:06:44,303 f1_score = 0.6595
2026-02-24 00:06:44,304 Epoch 7: Train Loss 0.1309, Valid Loss 0.1176
2026-02-24 00:06:44,305 ----- Save best model - auprc: 0.7793 -----
2026-02-24 00:07:35,725 [[3696   42]
 [ 111  184]]
2026-02-24 00:07:35,727 AUC of ROC = 0.9615
2026-02-24 00:07:35,728 AUC of PRC = 0.7789
2026-02-24 00:07:35,728 min(+P, Se) = 0.7186
2026-02-24 00:07:35,729 f1_score = 0.7063
2026-02-24 00:07:35,729 Epoch 8: Train Loss 0.1209, Valid Loss 0.1084
2026-02-24 00:08:26,205 [[3692   46]
 [ 108  187]]
2026-02-24 00:08:26,208 AUC of ROC = 0.9560
2026-02-24 00:08:26,208 AUC of PRC = 0.7724
2026-02-24 00:08:26,208 min(+P, Se) = 0.7297
2026-02-24 00:08:26,209 f1_score = 0.7083
2026-02-24 00:08:26,209 Epoch 9: Train Loss 0.1191, Valid Loss 0.1160
2026-02-24 00:09:16,394 [[3604  134]
 [  65  230]]
2026-02-24 00:09:16,397 AUC of ROC = 0.9658
2026-02-24 00:09:16,397 AUC of PRC = 0.7999
2026-02-24 00:09:16,398 min(+P, Se) = 0.7128
2026-02-24 00:09:16,398 f1_score = 0.6980
2026-02-24 00:09:16,399 Epoch 10: Train Loss 0.1149, Valid Loss 0.1403
2026-02-24 00:09:16,399 ----- Save best model - auprc: 0.7999 -----
2026-02-24 00:10:06,561 [[3638  100]
 [  85  210]]
2026-02-24 00:10:06,564 AUC of ROC = 0.9600
2026-02-24 00:10:06,565 AUC of PRC = 0.7822
2026-02-24 00:10:06,565 min(+P, Se) = 0.7119
2026-02-24 00:10:06,565 f1_score = 0.6942
2026-02-24 00:10:06,566 Epoch 11: Train Loss 0.1132, Valid Loss 0.1200
2026-02-24 00:10:56,832 [[3666   72]
 [  81  214]]
2026-02-24 00:10:56,835 AUC of ROC = 0.9612
2026-02-24 00:10:56,836 AUC of PRC = 0.7966
2026-02-24 00:10:56,836 min(+P, Se) = 0.7356
2026-02-24 00:10:56,836 f1_score = 0.7367
2026-02-24 00:10:56,837 Epoch 12: Train Loss 0.1103, Valid Loss 0.1156
2026-02-24 00:11:47,262 [[3705   33]
 [ 118  177]]
2026-02-24 00:11:47,264 AUC of ROC = 0.9621
2026-02-24 00:11:47,265 AUC of PRC = 0.7943
2026-02-24 00:11:47,266 min(+P, Se) = 0.7186
2026-02-24 00:11:47,266 f1_score = 0.7010
2026-02-24 00:11:47,266 Epoch 13: Train Loss 0.1087, Valid Loss 0.1182
2026-02-24 00:12:37,726 [[3701   37]
 [ 115  180]]
2026-02-24 00:12:37,728 AUC of ROC = 0.9597
2026-02-24 00:12:37,729 AUC of PRC = 0.7885
2026-02-24 00:12:37,729 min(+P, Se) = 0.7399
2026-02-24 00:12:37,729 f1_score = 0.7031
2026-02-24 00:12:37,730 Epoch 14: Train Loss 0.1076, Valid Loss 0.1209
2026-02-24 00:13:28,073 [[3716   22]
 [ 137  158]]
2026-02-24 00:13:28,076 AUC of ROC = 0.9557
2026-02-24 00:13:28,076 AUC of PRC = 0.7670
2026-02-24 00:13:28,077 min(+P, Se) = 0.7037
2026-02-24 00:13:28,077 f1_score = 0.6653
2026-02-24 00:13:28,078 Epoch 15: Train Loss 0.1060, Valid Loss 0.1213
2026-02-24 00:14:18,455 [[3710   28]
 [ 129  166]]
2026-02-24 00:14:18,458 AUC of ROC = 0.9594
2026-02-24 00:14:18,458 AUC of PRC = 0.7896
2026-02-24 00:14:18,459 min(+P, Se) = 0.7254
2026-02-24 00:14:18,459 f1_score = 0.6789
2026-02-24 00:14:18,459 Epoch 16: Train Loss 0.1033, Valid Loss 0.1226
2026-02-24 00:15:08,597 [[3671   67]
 [  94  201]]
2026-02-24 00:15:08,600 AUC of ROC = 0.9609
2026-02-24 00:15:08,600 AUC of PRC = 0.7984
2026-02-24 00:15:08,601 min(+P, Se) = 0.7128
2026-02-24 00:15:08,601 f1_score = 0.7140
2026-02-24 00:15:08,601 Epoch 17: Train Loss 0.1024, Valid Loss 0.1170
2026-02-24 00:15:58,831 [[3652   86]
 [  85  210]]
2026-02-24 00:15:58,834 AUC of ROC = 0.9629
2026-02-24 00:15:58,834 AUC of PRC = 0.8023
2026-02-24 00:15:58,834 min(+P, Se) = 0.7230
2026-02-24 00:15:58,835 f1_score = 0.7107
2026-02-24 00:15:58,835 Epoch 18: Train Loss 0.1011, Valid Loss 0.1132
2026-02-24 00:15:58,836 ----- Save best model - auprc: 0.8023 -----
2026-02-24 00:16:49,053 [[3679   59]
 [ 102  193]]
2026-02-24 00:16:49,056 AUC of ROC = 0.9599
2026-02-24 00:16:49,056 AUC of PRC = 0.7724
2026-02-24 00:16:49,057 min(+P, Se) = 0.7027
2026-02-24 00:16:49,057 f1_score = 0.7057
2026-02-24 00:16:49,058 Epoch 19: Train Loss 0.0981, Valid Loss 0.1120
2026-02-24 00:17:39,397 [[3676   62]
 [  90  205]]
2026-02-24 00:17:39,400 AUC of ROC = 0.9598
2026-02-24 00:17:39,401 AUC of PRC = 0.7954
2026-02-24 00:17:39,401 min(+P, Se) = 0.7365
2026-02-24 00:17:39,401 f1_score = 0.7295
2026-02-24 00:17:39,402 Epoch 20: Train Loss 0.0963, Valid Loss 0.1184
2026-02-24 00:18:29,741 [[3648   90]
 [  79  216]]
2026-02-24 00:18:29,744 AUC of ROC = 0.9624
2026-02-24 00:18:29,745 AUC of PRC = 0.7946
2026-02-24 00:18:29,745 min(+P, Se) = 0.7254
2026-02-24 00:18:29,745 f1_score = 0.7188
2026-02-24 00:18:29,746 Epoch 21: Train Loss 0.0935, Valid Loss 0.1199
2026-02-24 00:19:20,990 [[3697   41]
 [ 111  184]]
2026-02-24 00:19:20,993 AUC of ROC = 0.9574
2026-02-24 00:19:20,993 AUC of PRC = 0.7857
2026-02-24 00:19:20,994 min(+P, Se) = 0.7220
2026-02-24 00:19:20,995 f1_score = 0.7077
2026-02-24 00:19:20,995 Epoch 22: Train Loss 0.0915, Valid Loss 0.1120
2026-02-24 00:20:11,288 [[3669   69]
 [  85  210]]
2026-02-24 00:20:11,291 AUC of ROC = 0.9568
2026-02-24 00:20:11,291 AUC of PRC = 0.7720
2026-02-24 00:20:11,291 min(+P, Se) = 0.7264
2026-02-24 00:20:11,292 f1_score = 0.7317
2026-02-24 00:20:11,292 Epoch 23: Train Loss 0.0902, Valid Loss 0.1249
2026-02-24 00:21:01,541 [[3643   95]
 [  83  212]]
2026-02-24 00:21:01,544 AUC of ROC = 0.9558
2026-02-24 00:21:01,545 AUC of PRC = 0.7749
2026-02-24 00:21:01,545 min(+P, Se) = 0.7119
2026-02-24 00:21:01,545 f1_score = 0.7043
2026-02-24 00:21:01,546 Epoch 24: Train Loss 0.0883, Valid Loss 0.1298
2026-02-24 00:21:51,828 [[3642   96]
 [  71  224]]
2026-02-24 00:21:51,831 AUC of ROC = 0.9608
2026-02-24 00:21:51,831 AUC of PRC = 0.7965
2026-02-24 00:21:51,832 min(+P, Se) = 0.7119
2026-02-24 00:21:51,833 f1_score = 0.7285
2026-02-24 00:21:51,833 Epoch 25: Train Loss 0.0892, Valid Loss 0.1266
2026-02-24 00:21:51,870 last saved model is in epoch 18
2026-02-24 00:21:54,982 [[3679   73]
 [  72  210]]
2026-02-24 00:21:54,985 AUC of ROC = 0.9626
2026-02-24 00:21:54,985 AUC of PRC = 0.8239
2026-02-24 00:21:54,986 min(+P, Se) = 0.7376
2026-02-24 00:21:54,986 f1_score = 0.7434
2026-02-24 00:21:54,986 Test Loss 0.1016
