2026-03-05 10:35:14,249 {
    "dataset": "c12",
    "data_dropout": 0.0,
    "epochs": 25,
    "lr": 0.001,
    "d_model": 32,
    "seed": 1234,
    "batch_size": 256,
    "dropout": 0.1,
    "save_model": true,
    "save_dir": "./export/c12/smart-smile/seed_1234",
    "local_rank": 0,
    "min_mask_ratio": 0.0,
    "max_mask_ratio": 0.75,
    "e_layers": 2,
    "n_heads": 4,
    "time_dim": 16,
    "use_film": false,
    "use_smile": true,
    "smile_no_mnar": false,
    "smile_no_curriculum": false,
    "smile_mask_type": "all",
    "smile_mnar_dropout": 0.05
}
2026-03-05 10:35:21,795 Dataset Loaded.
2026-03-05 10:35:21,796 SMILE system_groups: {'cardiovascular': 4, 'respiratory': 6, 'lab': 27}
2026-03-05 10:35:43,841 Epoch 1: Train Loss 9.0219, Valid Loss 5.8223
2026-03-05 10:35:43,842 ----- Save best model - L1: 5.8223 -----
2026-03-05 10:36:04,835 Epoch 2: Train Loss 4.2801, Valid Loss 2.5925
2026-03-05 10:36:04,836 ----- Save best model - L1: 2.5925 -----
2026-03-05 10:36:25,946 Epoch 3: Train Loss 2.8887, Valid Loss 2.1576
2026-03-05 10:36:25,947 ----- Save best model - L1: 2.1576 -----
2026-03-05 10:36:46,830 Epoch 4: Train Loss 2.4842, Valid Loss 1.9582
2026-03-05 10:36:46,831 ----- Save best model - L1: 1.9582 -----
2026-03-05 10:37:07,878 Epoch 5: Train Loss 2.2771, Valid Loss 1.8903
2026-03-05 10:37:07,879 ----- Save best model - L1: 1.8903 -----
2026-03-05 10:37:28,922 Epoch 6: Train Loss 2.0744, Valid Loss 1.7144
2026-03-05 10:37:28,923 ----- Save best model - L1: 1.7144 -----
2026-03-05 10:37:49,778 Epoch 7: Train Loss 1.9187, Valid Loss 1.6025
2026-03-05 10:37:49,778 ----- Save best model - L1: 1.6025 -----
2026-03-05 10:38:10,542 Epoch 8: Train Loss 1.8234, Valid Loss 1.5176
2026-03-05 10:38:10,547 ----- Save best model - L1: 1.5176 -----
2026-03-05 10:38:31,486 Epoch 9: Train Loss 1.7094, Valid Loss 1.4885
2026-03-05 10:38:31,492 ----- Save best model - L1: 1.4885 -----
2026-03-05 10:38:52,436 Epoch 10: Train Loss 1.6507, Valid Loss 1.3063
2026-03-05 10:38:52,437 ----- Save best model - L1: 1.3063 -----
2026-03-05 10:39:13,223 Epoch 11: Train Loss 1.6176, Valid Loss 1.3248
2026-03-05 10:39:34,161 Epoch 12: Train Loss 1.5542, Valid Loss 1.2751
2026-03-05 10:39:34,162 ----- Save best model - L1: 1.2751 -----
2026-03-05 10:39:55,094 Epoch 13: Train Loss 1.5146, Valid Loss 1.2356
2026-03-05 10:39:55,095 ----- Save best model - L1: 1.2356 -----
2026-03-05 10:40:16,128 Epoch 14: Train Loss 1.4816, Valid Loss 1.1818
2026-03-05 10:40:16,129 ----- Save best model - L1: 1.1818 -----
2026-03-05 10:40:37,190 Epoch 15: Train Loss 1.4162, Valid Loss 1.1656
2026-03-05 10:40:37,196 ----- Save best model - L1: 1.1656 -----
2026-03-05 10:40:58,064 Epoch 16: Train Loss 1.4271, Valid Loss 1.0992
2026-03-05 10:40:58,067 ----- Save best model - L1: 1.0992 -----
2026-03-05 10:41:19,018 Epoch 17: Train Loss 1.3909, Valid Loss 1.0448
2026-03-05 10:41:19,023 ----- Save best model - L1: 1.0448 -----
2026-03-05 10:41:39,866 Epoch 18: Train Loss 1.4126, Valid Loss 1.1571
2026-03-05 10:42:00,704 Epoch 19: Train Loss 1.3853, Valid Loss 1.0813
2026-03-05 10:42:21,538 Epoch 20: Train Loss 1.4024, Valid Loss 1.0511
2026-03-05 10:42:42,443 Epoch 21: Train Loss 1.3894, Valid Loss 1.0576
2026-03-05 10:43:03,190 Epoch 22: Train Loss 1.3786, Valid Loss 1.0969
2026-03-05 10:43:24,357 Epoch 23: Train Loss 1.3859, Valid Loss 1.1215
2026-03-05 10:43:45,322 Epoch 24: Train Loss 1.3501, Valid Loss 1.0807
2026-03-05 10:44:06,067 Epoch 25: Train Loss 1.3876, Valid Loss 1.0517
2026-03-05 10:44:06,098 last saved model is in epoch 17
2026-03-05 10:44:07,600 Test Loss 1.0304
2026-03-05 10:44:10,151 {
    "dataset": "c12",
    "data_dropout": 0.0,
    "epochs": 25,
    "freeze_epochs": 5,
    "lr": 0.001,
    "d_model": 32,
    "seed": 1234,
    "batch_size": 256,
    "dropout": 0.1,
    "save_model": true,
    "save_dir": "./export/c12/smart-smile/seed_1234",
    "local_rank": 0,
    "e_layers": 2,
    "n_heads": 4,
    "time_dim": 16,
    "use_film": false,
    "use_smile": true,
    "smile_no_mnar": false,
    "smile_no_curriculum": false,
    "smile_mask_type": "all"
}
2026-03-05 10:44:14,316 Dataset Loaded.
2026-03-05 10:44:14,919 last saved model is in epoch 17
2026-03-05 10:44:23,536 [[998  17]
 [160  23]]
2026-03-05 10:44:23,538 AUC of ROC = 0.7088
2026-03-05 10:44:23,539 AUC of PRC = 0.3018
2026-03-05 10:44:23,539 min(+P, Se) = 0.3302
2026-03-05 10:44:23,539 f1_score = 0.2063
2026-03-05 10:44:23,540 Epoch 1: Train Loss 0.7269, Valid Loss 0.3858
2026-03-05 10:44:23,540 ----- Save best model - auprc: 0.3018 -----
2026-03-05 10:44:31,735 [[1015    0]
 [ 182    1]]
2026-03-05 10:44:31,738 AUC of ROC = 0.7072
2026-03-05 10:44:31,738 AUC of PRC = 0.2978
2026-03-05 10:44:31,738 min(+P, Se) = 0.3333
2026-03-05 10:44:31,739 f1_score = 0.0109
2026-03-05 10:44:31,739 Epoch 2: Train Loss 0.3829, Valid Loss 0.4164
2026-03-05 10:44:39,922 [[1010    5]
 [ 168   15]]
2026-03-05 10:44:39,924 AUC of ROC = 0.7193
2026-03-05 10:44:39,925 AUC of PRC = 0.3062
2026-03-05 10:44:39,925 min(+P, Se) = 0.3388
2026-03-05 10:44:39,925 f1_score = 0.1478
2026-03-05 10:44:39,926 Epoch 3: Train Loss 0.3644, Valid Loss 0.3716
2026-03-05 10:44:39,926 ----- Save best model - auprc: 0.3062 -----
2026-03-05 10:44:48,185 [[999  16]
 [162  21]]
2026-03-05 10:44:48,188 AUC of ROC = 0.7271
2026-03-05 10:44:48,188 AUC of PRC = 0.3077
2026-03-05 10:44:48,188 min(+P, Se) = 0.3443
2026-03-05 10:44:48,188 f1_score = 0.1909
2026-03-05 10:44:48,189 Epoch 4: Train Loss 0.3591, Valid Loss 0.3661
2026-03-05 10:44:48,189 ----- Save best model - auprc: 0.3077 -----
2026-03-05 10:44:56,405 [[1011    4]
 [ 170   13]]
2026-03-05 10:44:56,407 AUC of ROC = 0.7341
2026-03-05 10:44:56,408 AUC of PRC = 0.3144
2026-03-05 10:44:56,408 min(+P, Se) = 0.3622
2026-03-05 10:44:56,408 f1_score = 0.1300
2026-03-05 10:44:56,408 Epoch 5: Train Loss 0.3551, Valid Loss 0.3722
2026-03-05 10:44:56,409 ----- Save best model - auprc: 0.3144 -----
2026-03-05 10:45:10,639 [[1007    8]
 [ 166   17]]
2026-03-05 10:45:10,642 AUC of ROC = 0.8001
2026-03-05 10:45:10,642 AUC of PRC = 0.4117
2026-03-05 10:45:10,643 min(+P, Se) = 0.4162
2026-03-05 10:45:10,643 f1_score = 0.1635
2026-03-05 10:45:10,643 Epoch 6: Train Loss 0.3562, Valid Loss 0.3567
2026-03-05 10:45:10,644 ----- Save best model - auprc: 0.4117 -----
2026-03-05 10:45:24,965 [[996  19]
 [151  32]]
2026-03-05 10:45:24,968 AUC of ROC = 0.8058
2026-03-05 10:45:24,968 AUC of PRC = 0.4374
2026-03-05 10:45:24,968 min(+P, Se) = 0.4560
2026-03-05 10:45:24,969 f1_score = 0.2735
2026-03-05 10:45:24,969 Epoch 7: Train Loss 0.3281, Valid Loss 0.3310
2026-03-05 10:45:24,970 ----- Save best model - auprc: 0.4374 -----
2026-03-05 10:45:39,381 [[955  60]
 [115  68]]
2026-03-05 10:45:39,383 AUC of ROC = 0.8162
2026-03-05 10:45:39,384 AUC of PRC = 0.4534
2026-03-05 10:45:39,385 min(+P, Se) = 0.4620
2026-03-05 10:45:39,386 f1_score = 0.4373
2026-03-05 10:45:39,386 Epoch 8: Train Loss 0.3260, Valid Loss 0.3408
2026-03-05 10:45:39,387 ----- Save best model - auprc: 0.4534 -----
2026-03-05 10:45:53,703 [[998  17]
 [147  36]]
2026-03-05 10:45:53,705 AUC of ROC = 0.8213
2026-03-05 10:45:53,706 AUC of PRC = 0.4719
2026-03-05 10:45:53,706 min(+P, Se) = 0.4815
2026-03-05 10:45:53,706 f1_score = 0.3051
2026-03-05 10:45:53,707 Epoch 9: Train Loss 0.3193, Valid Loss 0.3298
2026-03-05 10:45:53,707 ----- Save best model - auprc: 0.4719 -----
2026-03-05 10:46:07,951 [[1003   12]
 [ 154   29]]
2026-03-05 10:46:07,954 AUC of ROC = 0.8085
2026-03-05 10:46:07,954 AUC of PRC = 0.4470
2026-03-05 10:46:07,954 min(+P, Se) = 0.4394
2026-03-05 10:46:07,955 f1_score = 0.2589
2026-03-05 10:46:07,955 Epoch 10: Train Loss 0.3124, Valid Loss 0.3422
2026-03-05 10:46:22,331 [[1006    9]
 [ 159   24]]
2026-03-05 10:46:22,333 AUC of ROC = 0.8252
2026-03-05 10:46:22,334 AUC of PRC = 0.4723
2026-03-05 10:46:22,334 min(+P, Se) = 0.4789
2026-03-05 10:46:22,334 f1_score = 0.2222
2026-03-05 10:46:22,335 Epoch 11: Train Loss 0.3089, Valid Loss 0.3489
2026-03-05 10:46:22,335 ----- Save best model - auprc: 0.4723 -----
2026-03-05 10:46:36,564 [[994  21]
 [147  36]]
2026-03-05 10:46:36,566 AUC of ROC = 0.8263
2026-03-05 10:46:36,567 AUC of PRC = 0.4710
2026-03-05 10:46:36,567 min(+P, Se) = 0.4921
2026-03-05 10:46:36,567 f1_score = 0.3000
2026-03-05 10:46:36,567 Epoch 12: Train Loss 0.3073, Valid Loss 0.3288
2026-03-05 10:46:50,698 [[987  28]
 [136  47]]
2026-03-05 10:46:50,701 AUC of ROC = 0.8368
2026-03-05 10:46:50,701 AUC of PRC = 0.4957
2026-03-05 10:46:50,701 min(+P, Se) = 0.5323
2026-03-05 10:46:50,701 f1_score = 0.3643
2026-03-05 10:46:50,702 Epoch 13: Train Loss 0.3058, Valid Loss 0.3134
2026-03-05 10:46:50,703 ----- Save best model - auprc: 0.4957 -----
2026-03-05 10:47:05,018 [[1002   13]
 [ 156   27]]
2026-03-05 10:47:05,020 AUC of ROC = 0.8279
2026-03-05 10:47:05,023 AUC of PRC = 0.4833
2026-03-05 10:47:05,027 min(+P, Se) = 0.4891
2026-03-05 10:47:05,034 f1_score = 0.2422
2026-03-05 10:47:05,037 Epoch 14: Train Loss 0.3054, Valid Loss 0.3341
2026-03-05 10:47:19,372 [[1007    8]
 [ 158   25]]
2026-03-05 10:47:19,374 AUC of ROC = 0.8191
2026-03-05 10:47:19,374 AUC of PRC = 0.4657
2026-03-05 10:47:19,374 min(+P, Se) = 0.4863
2026-03-05 10:47:19,374 f1_score = 0.2315
2026-03-05 10:47:19,375 Epoch 15: Train Loss 0.3027, Valid Loss 0.3450
2026-03-05 10:47:33,568 [[1004   11]
 [ 155   28]]
2026-03-05 10:47:33,570 AUC of ROC = 0.8371
2026-03-05 10:47:33,570 AUC of PRC = 0.4902
2026-03-05 10:47:33,570 min(+P, Se) = 0.5082
2026-03-05 10:47:33,570 f1_score = 0.2523
2026-03-05 10:47:33,571 Epoch 16: Train Loss 0.3049, Valid Loss 0.3316
2026-03-05 10:47:47,834 [[991  24]
 [136  47]]
2026-03-05 10:47:47,836 AUC of ROC = 0.8332
2026-03-05 10:47:47,837 AUC of PRC = 0.4857
2026-03-05 10:47:47,837 min(+P, Se) = 0.4878
2026-03-05 10:47:47,837 f1_score = 0.3701
2026-03-05 10:47:47,838 Epoch 17: Train Loss 0.2991, Valid Loss 0.3177
2026-03-05 10:48:02,097 [[990  25]
 [134  49]]
2026-03-05 10:48:02,102 AUC of ROC = 0.8339
2026-03-05 10:48:02,103 AUC of PRC = 0.4901
2026-03-05 10:48:02,104 min(+P, Se) = 0.4863
2026-03-05 10:48:02,104 f1_score = 0.3813
2026-03-05 10:48:02,105 Epoch 18: Train Loss 0.2960, Valid Loss 0.3169
2026-03-05 10:48:16,299 [[996  19]
 [142  41]]
2026-03-05 10:48:16,302 AUC of ROC = 0.8407
2026-03-05 10:48:16,302 AUC of PRC = 0.5070
2026-03-05 10:48:16,303 min(+P, Se) = 0.5217
2026-03-05 10:48:16,303 f1_score = 0.3374
2026-03-05 10:48:16,304 Epoch 19: Train Loss 0.2981, Valid Loss 0.3143
2026-03-05 10:48:16,306 ----- Save best model - auprc: 0.5070 -----
2026-03-05 10:48:30,617 [[993  22]
 [137  46]]
2026-03-05 10:48:30,619 AUC of ROC = 0.8425
2026-03-05 10:48:30,621 AUC of PRC = 0.5126
2026-03-05 10:48:30,622 min(+P, Se) = 0.5246
2026-03-05 10:48:30,625 f1_score = 0.3665
2026-03-05 10:48:30,626 Epoch 20: Train Loss 0.2933, Valid Loss 0.3120
2026-03-05 10:48:30,626 ----- Save best model - auprc: 0.5126 -----
2026-03-05 10:48:44,891 [[1000   15]
 [ 143   40]]
2026-03-05 10:48:44,893 AUC of ROC = 0.8439
2026-03-05 10:48:44,893 AUC of PRC = 0.5151
2026-03-05 10:48:44,894 min(+P, Se) = 0.5355
2026-03-05 10:48:44,894 f1_score = 0.3361
2026-03-05 10:48:44,894 Epoch 21: Train Loss 0.2974, Valid Loss 0.3196
2026-03-05 10:48:44,895 ----- Save best model - auprc: 0.5151 -----
2026-03-05 10:48:59,146 [[994  21]
 [140  43]]
2026-03-05 10:48:59,148 AUC of ROC = 0.8407
2026-03-05 10:48:59,149 AUC of PRC = 0.5080
2026-03-05 10:48:59,149 min(+P, Se) = 0.5054
2026-03-05 10:48:59,149 f1_score = 0.3482
2026-03-05 10:48:59,149 Epoch 22: Train Loss 0.2936, Valid Loss 0.3139
2026-03-05 10:49:13,347 [[969  46]
 [117  66]]
2026-03-05 10:49:13,349 AUC of ROC = 0.8366
2026-03-05 10:49:13,349 AUC of PRC = 0.4978
2026-03-05 10:49:13,349 min(+P, Se) = 0.4870
2026-03-05 10:49:13,350 f1_score = 0.4475
2026-03-05 10:49:13,350 Epoch 23: Train Loss 0.2981, Valid Loss 0.3132
2026-03-05 10:49:27,745 [[1000   15]
 [ 150   33]]
2026-03-05 10:49:27,748 AUC of ROC = 0.8350
2026-03-05 10:49:27,748 AUC of PRC = 0.4982
2026-03-05 10:49:27,749 min(+P, Se) = 0.5109
2026-03-05 10:49:27,749 f1_score = 0.2857
2026-03-05 10:49:27,750 Epoch 24: Train Loss 0.2920, Valid Loss 0.3349
2026-03-05 10:49:42,121 [[999  16]
 [145  38]]
2026-03-05 10:49:42,124 AUC of ROC = 0.8345
2026-03-05 10:49:42,126 AUC of PRC = 0.5037
2026-03-05 10:49:42,127 min(+P, Se) = 0.5355
2026-03-05 10:49:42,127 f1_score = 0.3207
2026-03-05 10:49:42,128 Epoch 25: Train Loss 0.2940, Valid Loss 0.3304
2026-03-05 10:49:42,198 last saved model is in epoch 21
2026-03-05 10:49:43,078 [[998  22]
 [137  43]]
2026-03-05 10:49:43,090 AUC of ROC = 0.8570
2026-03-05 10:49:43,095 AUC of PRC = 0.5102
2026-03-05 10:49:43,104 min(+P, Se) = 0.5333
2026-03-05 10:49:43,111 f1_score = 0.3510
2026-03-05 10:49:43,114 Test Loss 0.3110
