2026-03-09 03:46:53,989 {
    "dataset": "c19",
    "data_dropout": 0.0,
    "epochs": 25,
    "lr": 0.001,
    "d_model": 32,
    "seed": 1,
    "batch_size": 64,
    "dropout": 0.1,
    "save_model": true,
    "save_dir": "./export/c19\\smart-smile-film\\seed_1",
    "local_rank": 0,
    "min_mask_ratio": 0.0,
    "max_mask_ratio": 0.75,
    "e_layers": 2,
    "n_heads": 4,
    "time_dim": 16,
    "use_film": false,
    "use_smile": false,
    "use_smile_film": true,
    "use_mnar": false,
    "save_last": false,
    "smile_no_mnar": false,
    "smile_no_curriculum": false,
    "smile_mask_type": "all",
    "smile_mnar_dropout": 0.05
}
2026-03-09 03:47:00,309 Dataset Loaded.
2026-03-09 03:47:00,310 SMILE system_groups: {'cardiovascular': 2, 'respiratory': 7, 'lab': 25}
2026-03-09 03:48:42,061 Epoch 1: Train Loss 0.1247, Valid Loss 0.0337
2026-03-09 03:48:42,062 ----- Save best model - L1: 0.0337 -----
2026-03-09 03:50:21,881 Epoch 2: Train Loss 0.0815, Valid Loss 0.0324
2026-03-09 03:50:21,883 ----- Save best model - L1: 0.0324 -----
2026-03-09 03:52:01,709 Epoch 3: Train Loss 0.0698, Valid Loss 0.0335
2026-03-09 03:53:42,027 Epoch 4: Train Loss 0.0687, Valid Loss 0.0350
2026-03-09 03:55:22,166 Epoch 5: Train Loss 0.0720, Valid Loss 0.0372
2026-03-09 03:57:01,722 Epoch 6: Train Loss 0.0728, Valid Loss 0.0364
2026-03-09 03:58:42,142 Epoch 7: Train Loss 0.0704, Valid Loss 0.0350
2026-03-09 04:00:23,915 Epoch 8: Train Loss 0.0663, Valid Loss 0.0310
2026-03-09 04:00:23,916 ----- Save best model - L1: 0.0310 -----
2026-03-09 04:02:04,707 Epoch 9: Train Loss 0.0622, Valid Loss 0.0281
2026-03-09 04:02:04,708 ----- Save best model - L1: 0.0281 -----
2026-03-09 04:03:45,610 Epoch 10: Train Loss 0.0601, Valid Loss 0.0261
2026-03-09 04:03:45,611 ----- Save best model - L1: 0.0261 -----
2026-03-09 04:05:25,932 Epoch 11: Train Loss 0.0582, Valid Loss 0.0258
2026-03-09 04:05:25,933 ----- Save best model - L1: 0.0258 -----
2026-03-09 04:07:05,681 Epoch 12: Train Loss 0.0585, Valid Loss 0.0255
2026-03-09 04:07:05,682 ----- Save best model - L1: 0.0255 -----
2026-03-09 04:08:46,462 Epoch 13: Train Loss 0.0576, Valid Loss 0.0250
2026-03-09 04:08:46,463 ----- Save best model - L1: 0.0250 -----
2026-03-09 04:10:27,584 Epoch 14: Train Loss 0.0567, Valid Loss 0.0243
2026-03-09 04:10:27,585 ----- Save best model - L1: 0.0243 -----
2026-03-09 04:12:07,789 Epoch 15: Train Loss 0.0571, Valid Loss 0.0241
2026-03-09 04:12:07,790 ----- Save best model - L1: 0.0241 -----
2026-03-09 04:13:48,273 Epoch 16: Train Loss 0.0564, Valid Loss 0.0247
2026-03-09 04:15:30,156 Epoch 17: Train Loss 0.0564, Valid Loss 0.0244
2026-03-09 04:17:10,334 Epoch 18: Train Loss 0.0573, Valid Loss 0.0243
2026-03-09 04:18:50,876 Epoch 19: Train Loss 0.0578, Valid Loss 0.0245
2026-03-09 04:20:31,829 Epoch 20: Train Loss 0.0582, Valid Loss 0.0245
2026-03-09 04:22:11,824 Epoch 21: Train Loss 0.0584, Valid Loss 0.0250
2026-03-09 04:23:52,421 Epoch 22: Train Loss 0.0590, Valid Loss 0.0254
2026-03-09 04:25:33,442 Epoch 23: Train Loss 0.0596, Valid Loss 0.0259
2026-03-09 04:27:13,642 Epoch 24: Train Loss 0.0598, Valid Loss 0.0264
2026-03-09 04:28:54,141 Epoch 25: Train Loss 0.0595, Valid Loss 0.0260
2026-03-09 04:28:54,161 last saved model is in epoch 15
2026-03-09 04:29:01,125 Test Loss 0.0239
2026-03-09 04:29:07,409 {
    "dataset": "c19",
    "data_dropout": 0.0,
    "epochs": 25,
    "freeze_epochs": 5,
    "lr": 0.001,
    "d_model": 32,
    "seed": 1,
    "batch_size": 64,
    "dropout": 0.1,
    "save_model": true,
    "save_dir": "./export/c19\\smart-smile-film\\seed_1",
    "local_rank": 0,
    "e_layers": 2,
    "n_heads": 4,
    "time_dim": 16,
    "use_film": false,
    "use_smile": false,
    "use_smile_film": true,
    "use_mnar": false,
    "smile_no_mnar": false,
    "smile_no_curriculum": false,
    "smile_mask_type": "all",
    "smile_mnar_dropout": 0.05,
    "smile_mnar_dropout_initial": 0.0
}
2026-03-09 04:29:12,042 Dataset Loaded.
2026-03-09 04:29:12,893 Class weights: [0.5392019152641296, 6.877237796783447]
2026-03-09 04:29:12,903 last saved model is in epoch 15
2026-03-09 04:29:51,869 [[3385  338]
 [ 143  167]]
2026-03-09 04:29:51,872 AUC of ROC = 0.8309
2026-03-09 04:29:51,872 AUC of PRC = 0.3724
2026-03-09 04:29:51,872 min(+P, Se) = 0.4161
2026-03-09 04:29:51,872 f1_score = 0.4203 (threshold = -0.0150)
2026-03-09 04:29:51,873 Epoch 1: Train Loss 0.5656, Valid Loss 0.5622
2026-03-09 04:29:51,873 ----- Save best model - auprc: 0.3724 -----
2026-03-09 04:30:31,216 [[2734  989]
 [  60  250]]
2026-03-09 04:30:31,220 AUC of ROC = 0.8502
2026-03-09 04:30:31,221 AUC of PRC = 0.4136
2026-03-09 04:30:31,222 min(+P, Se) = 0.4502
2026-03-09 04:30:31,222 f1_score = 0.4552 (threshold = 0.5500)
2026-03-09 04:30:31,222 Epoch 2: Train Loss 0.5141, Valid Loss 0.4850
2026-03-09 04:30:31,223 ----- Save best model - auprc: 0.4136 -----
2026-03-09 04:31:10,068 [[3197  526]
 [  90  220]]
2026-03-09 04:31:10,072 AUC of ROC = 0.8602
2026-03-09 04:31:10,073 AUC of PRC = 0.4163
2026-03-09 04:31:10,073 min(+P, Se) = 0.4419
2026-03-09 04:31:10,074 f1_score = 0.4691 (threshold = 0.2549)
2026-03-09 04:31:10,074 Epoch 3: Train Loss 0.4918, Valid Loss 0.4764
2026-03-09 04:31:10,075 ----- Save best model - auprc: 0.4163 -----
2026-03-09 04:31:48,497 [[3386  337]
 [ 121  189]]
2026-03-09 04:31:48,501 AUC of ROC = 0.8662
2026-03-09 04:31:48,501 AUC of PRC = 0.4345
2026-03-09 04:31:48,502 min(+P, Se) = 0.4710
2026-03-09 04:31:48,502 f1_score = 0.4805 (threshold = 0.0764)
2026-03-09 04:31:48,502 Epoch 4: Train Loss 0.4819, Valid Loss 0.4976
2026-03-09 04:31:48,504 ----- Save best model - auprc: 0.4345 -----
2026-03-09 04:32:26,658 [[3336  387]
 [ 104  206]]
2026-03-09 04:32:26,663 AUC of ROC = 0.8707
2026-03-09 04:32:26,663 AUC of PRC = 0.4354
2026-03-09 04:32:26,663 min(+P, Se) = 0.4759
2026-03-09 04:32:26,664 f1_score = 0.4822 (threshold = 0.2074)
2026-03-09 04:32:26,664 Epoch 5: Train Loss 0.4834, Valid Loss 0.4752
2026-03-09 04:32:26,665 ----- Save best model - auprc: 0.4354 -----
2026-03-09 04:33:34,334 [[3361  362]
 [  63  247]]
2026-03-09 04:33:34,339 AUC of ROC = 0.9254
2026-03-09 04:33:34,339 AUC of PRC = 0.6448
2026-03-09 04:33:34,340 min(+P, Se) = 0.6495
2026-03-09 04:33:34,340 f1_score = 0.6526 (threshold = 0.8521)
2026-03-09 04:33:34,340 Epoch 6: Train Loss 0.3964, Valid Loss 0.3466
2026-03-09 04:33:34,341 ----- Save best model - auprc: 0.6448 -----
2026-03-09 04:34:42,214 [[3048  675]
 [  35  275]]
2026-03-09 04:34:42,218 AUC of ROC = 0.9349
2026-03-09 04:34:42,219 AUC of PRC = 0.6894
2026-03-09 04:34:42,219 min(+P, Se) = 0.6484
2026-03-09 04:34:42,220 f1_score = 0.6600 (threshold = 1.1349)
2026-03-09 04:34:42,220 Epoch 7: Train Loss 0.3179, Valid Loss 0.3399
2026-03-09 04:34:42,221 ----- Save best model - auprc: 0.6894 -----
2026-03-09 04:35:50,373 [[3569  154]
 [  84  226]]
2026-03-09 04:35:50,378 AUC of ROC = 0.9418
2026-03-09 04:35:50,378 AUC of PRC = 0.7099
2026-03-09 04:35:50,378 min(+P, Se) = 0.6773
2026-03-09 04:35:50,379 f1_score = 0.6887 (threshold = 0.0731)
2026-03-09 04:35:50,379 Epoch 8: Train Loss 0.2871, Valid Loss 0.3676
2026-03-09 04:35:50,380 ----- Save best model - auprc: 0.7099 -----
2026-03-09 04:36:58,287 [[3295  428]
 [  49  261]]
2026-03-09 04:36:58,292 AUC of ROC = 0.9376
2026-03-09 04:36:58,292 AUC of PRC = 0.6900
2026-03-09 04:36:58,292 min(+P, Se) = 0.6419
2026-03-09 04:36:58,293 f1_score = 0.6431 (threshold = 0.8659)
2026-03-09 04:36:58,293 Epoch 9: Train Loss 0.2729, Valid Loss 0.3190
2026-03-09 04:38:05,741 [[3433  290]
 [  49  261]]
2026-03-09 04:38:05,745 AUC of ROC = 0.9482
2026-03-09 04:38:05,745 AUC of PRC = 0.7378
2026-03-09 04:38:05,745 min(+P, Se) = 0.6881
2026-03-09 04:38:05,746 f1_score = 0.6957 (threshold = 0.6641)
2026-03-09 04:38:05,746 Epoch 10: Train Loss 0.2598, Valid Loss 0.3015
2026-03-09 04:38:05,747 ----- Save best model - auprc: 0.7378 -----
2026-03-09 04:39:12,940 [[3451  272]
 [  55  255]]
2026-03-09 04:39:12,944 AUC of ROC = 0.9486
2026-03-09 04:39:12,945 AUC of PRC = 0.7190
2026-03-09 04:39:12,945 min(+P, Se) = 0.6785
2026-03-09 04:39:12,945 f1_score = 0.6832 (threshold = 0.6648)
2026-03-09 04:39:12,946 Epoch 11: Train Loss 0.2437, Valid Loss 0.3013
2026-03-09 04:40:21,091 [[3493  230]
 [  62  248]]
2026-03-09 04:40:21,096 AUC of ROC = 0.9470
2026-03-09 04:40:21,096 AUC of PRC = 0.7409
2026-03-09 04:40:21,096 min(+P, Se) = 0.6935
2026-03-09 04:40:21,097 f1_score = 0.6977 (threshold = 0.5596)
2026-03-09 04:40:21,097 Epoch 12: Train Loss 0.2352, Valid Loss 0.3014
2026-03-09 04:40:21,099 ----- Save best model - auprc: 0.7409 -----
2026-03-09 04:41:28,820 [[3418  305]
 [  50  260]]
2026-03-09 04:41:28,824 AUC of ROC = 0.9489
2026-03-09 04:41:28,824 AUC of PRC = 0.7406
2026-03-09 04:41:28,825 min(+P, Se) = 0.6921
2026-03-09 04:41:28,825 f1_score = 0.6983 (threshold = 1.0286)
2026-03-09 04:41:28,825 Epoch 13: Train Loss 0.2275, Valid Loss 0.2949
2026-03-09 04:42:36,736 [[3345  378]
 [  49  261]]
2026-03-09 04:42:36,740 AUC of ROC = 0.9466
2026-03-09 04:42:36,740 AUC of PRC = 0.7418
2026-03-09 04:42:36,741 min(+P, Se) = 0.6839
2026-03-09 04:42:36,741 f1_score = 0.6968 (threshold = 1.3008)
2026-03-09 04:42:36,741 Epoch 14: Train Loss 0.2174, Valid Loss 0.3073
2026-03-09 04:42:36,743 ----- Save best model - auprc: 0.7418 -----
2026-03-09 04:43:44,788 [[3312  411]
 [  38  272]]
2026-03-09 04:43:44,792 AUC of ROC = 0.9492
2026-03-09 04:43:44,793 AUC of PRC = 0.7409
2026-03-09 04:43:44,793 min(+P, Se) = 0.6774
2026-03-09 04:43:44,793 f1_score = 0.6874 (threshold = 1.6072)
2026-03-09 04:43:44,794 Epoch 15: Train Loss 0.2043, Valid Loss 0.2896
2026-03-09 04:44:52,329 [[3464  259]
 [  55  255]]
2026-03-09 04:44:52,333 AUC of ROC = 0.9473
2026-03-09 04:44:52,333 AUC of PRC = 0.7536
2026-03-09 04:44:52,334 min(+P, Se) = 0.7000
2026-03-09 04:44:52,334 f1_score = 0.7107 (threshold = 0.9488)
2026-03-09 04:44:52,334 Epoch 16: Train Loss 0.1924, Valid Loss 0.3032
2026-03-09 04:44:52,336 ----- Save best model - auprc: 0.7536 -----
2026-03-09 04:46:01,897 [[3491  232]
 [  61  249]]
2026-03-09 04:46:01,901 AUC of ROC = 0.9473
2026-03-09 04:46:01,901 AUC of PRC = 0.7524
2026-03-09 04:46:01,902 min(+P, Se) = 0.6903
2026-03-09 04:46:01,902 f1_score = 0.7028 (threshold = 1.6687)
2026-03-09 04:46:01,902 Epoch 17: Train Loss 0.1835, Valid Loss 0.3457
2026-03-09 04:47:09,598 [[3550  173]
 [  73  237]]
2026-03-09 04:47:09,602 AUC of ROC = 0.9488
2026-03-09 04:47:09,602 AUC of PRC = 0.7506
2026-03-09 04:47:09,603 min(+P, Se) = 0.6871
2026-03-09 04:47:09,603 f1_score = 0.6942 (threshold = 1.1652)
2026-03-09 04:47:09,604 Epoch 18: Train Loss 0.1711, Valid Loss 0.3895
2026-03-09 04:48:17,787 [[3506  217]
 [  67  243]]
2026-03-09 04:48:17,791 AUC of ROC = 0.9431
2026-03-09 04:48:17,791 AUC of PRC = 0.7380
2026-03-09 04:48:17,792 min(+P, Se) = 0.6871
2026-03-09 04:48:17,792 f1_score = 0.6901 (threshold = 0.7791)
2026-03-09 04:48:17,792 Epoch 19: Train Loss 0.1585, Valid Loss 0.3615
2026-03-09 04:49:25,514 [[3504  219]
 [  61  249]]
2026-03-09 04:49:25,518 AUC of ROC = 0.9471
2026-03-09 04:49:25,518 AUC of PRC = 0.7451
2026-03-09 04:49:25,519 min(+P, Se) = 0.6903
2026-03-09 04:49:25,519 f1_score = 0.6937 (threshold = 0.9207)
2026-03-09 04:49:25,520 Epoch 20: Train Loss 0.1499, Valid Loss 0.3740
2026-03-09 04:50:33,002 [[3534  189]
 [  69  241]]
2026-03-09 04:50:33,007 AUC of ROC = 0.9445
2026-03-09 04:50:33,007 AUC of PRC = 0.7399
2026-03-09 04:50:33,008 min(+P, Se) = 0.6806
2026-03-09 04:50:33,008 f1_score = 0.6958 (threshold = 1.0325)
2026-03-09 04:50:33,008 Epoch 21: Train Loss 0.1462, Valid Loss 0.4145
2026-03-09 04:51:40,527 [[3516  207]
 [  66  244]]
2026-03-09 04:51:40,531 AUC of ROC = 0.9435
2026-03-09 04:51:40,531 AUC of PRC = 0.7417
2026-03-09 04:51:40,531 min(+P, Se) = 0.6806
2026-03-09 04:51:40,532 f1_score = 0.6962 (threshold = 1.1275)
2026-03-09 04:51:40,532 Epoch 22: Train Loss 0.1376, Valid Loss 0.4050
2026-03-09 04:52:48,427 [[3533  190]
 [  69  241]]
2026-03-09 04:52:48,432 AUC of ROC = 0.9434
2026-03-09 04:52:48,432 AUC of PRC = 0.7362
2026-03-09 04:52:48,432 min(+P, Se) = 0.6871
2026-03-09 04:52:48,433 f1_score = 0.6966 (threshold = 0.9778)
2026-03-09 04:52:48,433 Epoch 23: Train Loss 0.1332, Valid Loss 0.4213
2026-03-09 04:53:56,327 [[3518  205]
 [  66  244]]
2026-03-09 04:53:56,331 AUC of ROC = 0.9439
2026-03-09 04:53:56,331 AUC of PRC = 0.7384
2026-03-09 04:53:56,331 min(+P, Se) = 0.6871
2026-03-09 04:53:56,332 f1_score = 0.6932 (threshold = 1.0711)
2026-03-09 04:53:56,332 Epoch 24: Train Loss 0.1273, Valid Loss 0.4093
2026-03-09 04:55:04,360 [[3502  221]
 [  61  249]]
2026-03-09 04:55:04,365 AUC of ROC = 0.9444
2026-03-09 04:55:04,365 AUC of PRC = 0.7391
2026-03-09 04:55:04,365 min(+P, Se) = 0.6827
2026-03-09 04:55:04,366 f1_score = 0.7002 (threshold = 1.2083)
2026-03-09 04:55:04,366 Epoch 25: Train Loss 0.1253, Valid Loss 0.4009
2026-03-09 04:55:04,391 last saved model is in epoch 16
2026-03-09 04:55:08,427 [[3488  270]
 [  45  231]]
2026-03-09 04:55:08,431 AUC of ROC = 0.9447
2026-03-09 04:55:08,432 AUC of PRC = 0.7479
2026-03-09 04:55:08,432 min(+P, Se) = 0.6920
2026-03-09 04:55:08,432 f1_score = 0.7137 (threshold = 1.2896)
2026-03-09 04:55:08,433 Test Loss 0.2972
