2026-03-09 23:13:54,206 {
    "dataset": "c12",
    "data_dropout": 0.0,
    "epochs": 25,
    "lr": 0.001,
    "d_model": 32,
    "seed": 1,
    "batch_size": 64,
    "dropout": 0.1,
    "save_model": true,
    "save_dir": "./export/c12\\smart-smile-v2-film\\seed_1",
    "local_rank": 0,
    "min_mask_ratio": 0.0,
    "max_mask_ratio": 0.75,
    "e_layers": 2,
    "n_heads": 4,
    "time_dim": 16,
    "use_film": false,
    "use_smile": false,
    "use_smile_film": false,
    "use_smile_v2": false,
    "use_smile_v2_film": true,
    "use_mnar": false,
    "save_last": false,
    "smile_no_mnar": false,
    "smile_no_curriculum": false,
    "smile_mask_type": "all",
    "smile_mnar_dropout": 0.05
}
2026-03-09 23:13:55,791 Dataset Loaded.
2026-03-09 23:14:31,537 Epoch 1: Train Loss 6.8398, Valid Loss 2.6521
2026-03-09 23:14:31,538 ----- Save best model - L1: 2.6521 -----
2026-03-09 23:15:05,835 Epoch 2: Train Loss 2.9630, Valid Loss 2.0179
2026-03-09 23:15:05,836 ----- Save best model - L1: 2.0179 -----
2026-03-09 23:15:40,517 Epoch 3: Train Loss 2.4743, Valid Loss 1.7092
2026-03-09 23:15:40,518 ----- Save best model - L1: 1.7092 -----
2026-03-09 23:16:15,262 Epoch 4: Train Loss 2.3231, Valid Loss 1.5747
2026-03-09 23:16:15,263 ----- Save best model - L1: 1.5747 -----
2026-03-09 23:16:50,126 Epoch 5: Train Loss 2.2794, Valid Loss 1.5798
2026-03-09 23:17:25,045 Epoch 6: Train Loss 2.3311, Valid Loss 1.4504
2026-03-09 23:17:25,046 ----- Save best model - L1: 1.4504 -----
2026-03-09 23:17:59,619 Epoch 7: Train Loss 2.4109, Valid Loss 1.4668
2026-03-09 23:18:34,230 Epoch 8: Train Loss 2.5369, Valid Loss 1.5365
2026-03-09 23:19:09,078 Epoch 9: Train Loss 2.5370, Valid Loss 1.5850
2026-03-09 23:19:44,093 Epoch 10: Train Loss 2.5202, Valid Loss 1.5022
2026-03-09 23:20:18,637 Epoch 11: Train Loss 2.4857, Valid Loss 1.5282
2026-03-09 23:20:53,343 Epoch 12: Train Loss 2.4791, Valid Loss 1.5175
2026-03-09 23:21:28,235 Epoch 13: Train Loss 2.3761, Valid Loss 1.4728
2026-03-09 23:22:03,238 Epoch 14: Train Loss 2.3761, Valid Loss 1.4573
2026-03-09 23:22:38,827 Epoch 15: Train Loss 2.3327, Valid Loss 1.4403
2026-03-09 23:22:38,830 ----- Save best model - L1: 1.4403 -----
2026-03-09 23:23:14,118 Epoch 16: Train Loss 2.3193, Valid Loss 1.4510
2026-03-09 23:23:49,377 Epoch 17: Train Loss 2.3477, Valid Loss 1.4200
2026-03-09 23:23:49,379 ----- Save best model - L1: 1.4200 -----
2026-03-09 23:24:24,582 Epoch 18: Train Loss 2.3731, Valid Loss 1.4312
2026-03-09 23:25:01,163 Epoch 19: Train Loss 2.3869, Valid Loss 1.7102
2026-03-09 23:25:37,656 Epoch 20: Train Loss 2.4568, Valid Loss 1.5084
2026-03-09 23:26:14,147 Epoch 21: Train Loss 2.4457, Valid Loss 1.5054
2026-03-09 23:26:50,691 Epoch 22: Train Loss 2.4744, Valid Loss 1.4972
2026-03-09 23:27:26,613 Epoch 23: Train Loss 2.4978, Valid Loss 1.5672
2026-03-09 23:28:02,750 Epoch 24: Train Loss 2.4971, Valid Loss 1.4649
2026-03-09 23:28:37,410 Epoch 25: Train Loss 2.4815, Valid Loss 1.4921
2026-03-09 23:28:37,441 last saved model is in epoch 17
2026-03-09 23:28:39,665 Test Loss 1.4702
2026-03-09 23:28:43,939 {
    "dataset": "c12",
    "data_dropout": 0.0,
    "epochs": 25,
    "freeze_epochs": 5,
    "lr": 0.001,
    "d_model": 32,
    "seed": 1,
    "batch_size": 64,
    "dropout": 0.1,
    "save_model": true,
    "save_dir": "./export/c12\\smart-smile-v2-film\\seed_1",
    "local_rank": 0,
    "e_layers": 2,
    "n_heads": 4,
    "time_dim": 16,
    "use_film": false,
    "use_smile": false,
    "use_smile_film": false,
    "use_mnar": false,
    "use_smile_v2": false,
    "use_smile_v2_film": true,
    "obs_density_window": 5,
    "smile_no_mnar": false,
    "smile_no_curriculum": false,
    "smile_mask_type": "all",
    "smile_mnar_dropout": 0.05,
    "smile_mnar_dropout_initial": 0.0
}
2026-03-09 23:28:45,107 Dataset Loaded.
2026-03-09 23:28:45,831 Class weights: [0.5834043025970459, 3.4974470138549805]
2026-03-09 23:28:45,846 last saved model is in epoch 17
2026-03-09 23:28:57,552 [[935  98]
 [109  56]]
2026-03-09 23:28:57,556 AUC of ROC = 0.7739
2026-03-09 23:28:57,556 AUC of PRC = 0.3352
2026-03-09 23:28:57,556 min(+P, Se) = 0.3434
2026-03-09 23:28:57,556 f1_score = 0.4088 (threshold = 0.0529)
2026-03-09 23:28:57,557 Epoch 1: Train Loss 0.8118, Valid Loss 0.7796
2026-03-09 23:28:57,557 ----- Save best model - auprc: 0.3352 -----
2026-03-09 23:29:08,996 [[434 599]
 [ 11 154]]
2026-03-09 23:29:08,998 AUC of ROC = 0.7634
2026-03-09 23:29:08,998 AUC of PRC = 0.3365
2026-03-09 23:29:08,998 min(+P, Se) = 0.3401
2026-03-09 23:29:08,998 f1_score = 0.3922 (threshold = 2.0325)
2026-03-09 23:29:08,998 Epoch 2: Train Loss 0.6954, Valid Loss 0.7403
2026-03-09 23:29:08,999 ----- Save best model - auprc: 0.3365 -----
2026-03-09 23:29:20,468 [[824 209]
 [ 60 105]]
2026-03-09 23:29:20,470 AUC of ROC = 0.7707
2026-03-09 23:29:20,470 AUC of PRC = 0.3425
2026-03-09 23:29:20,470 min(+P, Se) = 0.3483
2026-03-09 23:29:20,470 f1_score = 0.3993 (threshold = 0.7075)
2026-03-09 23:29:20,470 Epoch 3: Train Loss 0.6194, Valid Loss 0.5690
2026-03-09 23:29:20,471 ----- Save best model - auprc: 0.3425 -----
2026-03-09 23:29:31,898 [[346 687]
 [  6 159]]
2026-03-09 23:29:31,900 AUC of ROC = 0.7799
2026-03-09 23:29:31,900 AUC of PRC = 0.3694
2026-03-09 23:29:31,900 min(+P, Se) = 0.3697
2026-03-09 23:29:31,900 f1_score = 0.4103 (threshold = 2.3096)
2026-03-09 23:29:31,901 Epoch 4: Train Loss 0.6155, Valid Loss 0.7859
2026-03-09 23:29:31,901 ----- Save best model - auprc: 0.3694 -----
2026-03-09 23:29:43,366 [[770 263]
 [ 41 124]]
2026-03-09 23:29:43,368 AUC of ROC = 0.7918
2026-03-09 23:29:43,368 AUC of PRC = 0.3668
2026-03-09 23:29:43,368 min(+P, Se) = 0.3757
2026-03-09 23:29:43,368 f1_score = 0.4289 (threshold = 1.0925)
2026-03-09 23:29:43,368 Epoch 5: Train Loss 0.6603, Valid Loss 0.5255
2026-03-09 23:30:07,146 [[754 279]
 [ 34 131]]
2026-03-09 23:30:07,148 AUC of ROC = 0.8165
2026-03-09 23:30:07,148 AUC of PRC = 0.3858
2026-03-09 23:30:07,148 min(+P, Se) = 0.4277
2026-03-09 23:30:07,148 f1_score = 0.4391 (threshold = 0.0474)
2026-03-09 23:30:07,148 Epoch 6: Train Loss 0.5883, Valid Loss 0.5072
2026-03-09 23:30:07,149 ----- Save best model - auprc: 0.3858 -----
2026-03-09 23:30:30,898 [[789 244]
 [ 36 129]]
2026-03-09 23:30:30,900 AUC of ROC = 0.8352
2026-03-09 23:30:30,900 AUC of PRC = 0.4441
2026-03-09 23:30:30,900 min(+P, Se) = 0.4425
2026-03-09 23:30:30,900 f1_score = 0.4869 (threshold = 0.7236)
2026-03-09 23:30:30,901 Epoch 7: Train Loss 0.5214, Valid Loss 0.4785
2026-03-09 23:30:30,901 ----- Save best model - auprc: 0.4441 -----
2026-03-09 23:30:54,856 [[836 197]
 [ 46 119]]
2026-03-09 23:30:54,857 AUC of ROC = 0.8439
2026-03-09 23:30:54,857 AUC of PRC = 0.4556
2026-03-09 23:30:54,857 min(+P, Se) = 0.4702
2026-03-09 23:30:54,858 f1_score = 0.4965 (threshold = 0.4944)
2026-03-09 23:30:54,858 Epoch 8: Train Loss 0.5165, Valid Loss 0.4748
2026-03-09 23:30:54,858 ----- Save best model - auprc: 0.4556 -----
2026-03-09 23:31:18,765 [[665 368]
 [ 19 146]]
2026-03-09 23:31:18,767 AUC of ROC = 0.8422
2026-03-09 23:31:18,767 AUC of PRC = 0.4705
2026-03-09 23:31:18,767 min(+P, Se) = 0.4606
2026-03-09 23:31:18,767 f1_score = 0.5037 (threshold = 0.8175)
2026-03-09 23:31:18,768 Epoch 9: Train Loss 0.4961, Valid Loss 0.5148
2026-03-09 23:31:18,768 ----- Save best model - auprc: 0.4705 -----
2026-03-09 23:31:42,591 [[789 244]
 [ 40 125]]
2026-03-09 23:31:42,594 AUC of ROC = 0.8434
2026-03-09 23:31:42,594 AUC of PRC = 0.4799
2026-03-09 23:31:42,594 min(+P, Se) = 0.4727
2026-03-09 23:31:42,594 f1_score = 0.4920 (threshold = 0.7926)
2026-03-09 23:31:42,594 Epoch 10: Train Loss 0.4877, Valid Loss 0.4749
2026-03-09 23:31:42,595 ----- Save best model - auprc: 0.4799 -----
2026-03-09 23:32:06,442 [[805 228]
 [ 38 127]]
2026-03-09 23:32:06,445 AUC of ROC = 0.8563
2026-03-09 23:32:06,445 AUC of PRC = 0.4847
2026-03-09 23:32:06,445 min(+P, Se) = 0.4727
2026-03-09 23:32:06,445 f1_score = 0.5026 (threshold = 0.1693)
2026-03-09 23:32:06,445 Epoch 11: Train Loss 0.4888, Valid Loss 0.4626
2026-03-09 23:32:06,446 ----- Save best model - auprc: 0.4847 -----
2026-03-09 23:32:30,257 [[822 211]
 [ 41 124]]
2026-03-09 23:32:30,259 AUC of ROC = 0.8541
2026-03-09 23:32:30,259 AUC of PRC = 0.4717
2026-03-09 23:32:30,259 min(+P, Se) = 0.4671
2026-03-09 23:32:30,259 f1_score = 0.5000 (threshold = 0.3278)
2026-03-09 23:32:30,259 Epoch 12: Train Loss 0.4770, Valid Loss 0.4606
2026-03-09 23:32:53,995 [[768 265]
 [ 31 134]]
2026-03-09 23:32:53,997 AUC of ROC = 0.8574
2026-03-09 23:32:53,997 AUC of PRC = 0.4781
2026-03-09 23:32:53,997 min(+P, Se) = 0.4819
2026-03-09 23:32:53,997 f1_score = 0.5033 (threshold = 0.7245)
2026-03-09 23:32:53,997 Epoch 13: Train Loss 0.4792, Valid Loss 0.4671
2026-03-09 23:33:17,711 [[813 220]
 [ 40 125]]
2026-03-09 23:33:17,713 AUC of ROC = 0.8530
2026-03-09 23:33:17,713 AUC of PRC = 0.4742
2026-03-09 23:33:17,713 min(+P, Se) = 0.4611
2026-03-09 23:33:17,713 f1_score = 0.5097 (threshold = 0.6324)
2026-03-09 23:33:17,714 Epoch 14: Train Loss 0.4745, Valid Loss 0.4682
2026-03-09 23:33:41,453 [[707 326]
 [ 23 142]]
2026-03-09 23:33:41,455 AUC of ROC = 0.8575
2026-03-09 23:33:41,455 AUC of PRC = 0.4763
2026-03-09 23:33:41,455 min(+P, Se) = 0.4641
2026-03-09 23:33:41,455 f1_score = 0.5063 (threshold = 0.6660)
2026-03-09 23:33:41,456 Epoch 15: Train Loss 0.4629, Valid Loss 0.4899
2026-03-09 23:34:05,244 [[758 275]
 [ 26 139]]
2026-03-09 23:34:05,246 AUC of ROC = 0.8529
2026-03-09 23:34:05,246 AUC of PRC = 0.4776
2026-03-09 23:34:05,246 min(+P, Se) = 0.4545
2026-03-09 23:34:05,246 f1_score = 0.5075 (threshold = 0.1853)
2026-03-09 23:34:05,247 Epoch 16: Train Loss 0.4603, Valid Loss 0.4722
2026-03-09 23:34:29,154 [[766 267]
 [ 31 134]]
2026-03-09 23:34:29,156 AUC of ROC = 0.8627
2026-03-09 23:34:29,156 AUC of PRC = 0.4866
2026-03-09 23:34:29,157 min(+P, Se) = 0.4727
2026-03-09 23:34:29,157 f1_score = 0.5191 (threshold = 0.4899)
2026-03-09 23:34:29,157 Epoch 17: Train Loss 0.4593, Valid Loss 0.4632
2026-03-09 23:34:29,158 ----- Save best model - auprc: 0.4866 -----
2026-03-09 23:34:53,101 [[782 251]
 [ 31 134]]
2026-03-09 23:34:53,103 AUC of ROC = 0.8590
2026-03-09 23:34:53,103 AUC of PRC = 0.4846
2026-03-09 23:34:53,103 min(+P, Se) = 0.4652
2026-03-09 23:34:53,103 f1_score = 0.5088 (threshold = 0.0926)
2026-03-09 23:34:53,104 Epoch 18: Train Loss 0.4551, Valid Loss 0.4605
2026-03-09 23:35:16,947 [[833 200]
 [ 43 122]]
2026-03-09 23:35:16,949 AUC of ROC = 0.8593
2026-03-09 23:35:16,949 AUC of PRC = 0.4918
2026-03-09 23:35:16,949 min(+P, Se) = 0.4848
2026-03-09 23:35:16,949 f1_score = 0.5220 (threshold = 0.1533)
2026-03-09 23:35:16,949 Epoch 19: Train Loss 0.4541, Valid Loss 0.4664
2026-03-09 23:35:16,950 ----- Save best model - auprc: 0.4918 -----
2026-03-09 23:35:40,825 [[828 205]
 [ 39 126]]
2026-03-09 23:35:40,826 AUC of ROC = 0.8619
2026-03-09 23:35:40,827 AUC of PRC = 0.4824
2026-03-09 23:35:40,827 min(+P, Se) = 0.4716
2026-03-09 23:35:40,827 f1_score = 0.5182 (threshold = 0.2048)
2026-03-09 23:35:40,827 Epoch 20: Train Loss 0.4469, Valid Loss 0.4602
2026-03-09 23:36:04,623 [[740 293]
 [ 24 141]]
2026-03-09 23:36:04,625 AUC of ROC = 0.8618
2026-03-09 23:36:04,625 AUC of PRC = 0.4870
2026-03-09 23:36:04,625 min(+P, Se) = 0.4727
2026-03-09 23:36:04,625 f1_score = 0.5178 (threshold = 0.4093)
2026-03-09 23:36:04,626 Epoch 21: Train Loss 0.4480, Valid Loss 0.4718
2026-03-09 23:36:28,444 [[807 226]
 [ 34 131]]
2026-03-09 23:36:28,446 AUC of ROC = 0.8630
2026-03-09 23:36:28,446 AUC of PRC = 0.4848
2026-03-09 23:36:28,446 min(+P, Se) = 0.4682
2026-03-09 23:36:28,447 f1_score = 0.5172 (threshold = 0.3345)
2026-03-09 23:36:28,447 Epoch 22: Train Loss 0.4459, Valid Loss 0.4574
2026-03-09 23:36:52,423 [[794 239]
 [ 33 132]]
2026-03-09 23:36:52,425 AUC of ROC = 0.8595
2026-03-09 23:36:52,425 AUC of PRC = 0.4832
2026-03-09 23:36:52,425 min(+P, Se) = 0.4759
2026-03-09 23:36:52,425 f1_score = 0.5129 (threshold = 0.2810)
2026-03-09 23:36:52,425 Epoch 23: Train Loss 0.4431, Valid Loss 0.4611
2026-03-09 23:37:16,199 [[814 219]
 [ 39 126]]
2026-03-09 23:37:16,201 AUC of ROC = 0.8604
2026-03-09 23:37:16,201 AUC of PRC = 0.4846
2026-03-09 23:37:16,201 min(+P, Se) = 0.4759
2026-03-09 23:37:16,202 f1_score = 0.5163 (threshold = 0.2096)
2026-03-09 23:37:16,202 Epoch 24: Train Loss 0.4368, Valid Loss 0.4590
2026-03-09 23:37:40,016 [[808 225]
 [ 37 128]]
2026-03-09 23:37:40,017 AUC of ROC = 0.8609
2026-03-09 23:37:40,018 AUC of PRC = 0.4837
2026-03-09 23:37:40,018 min(+P, Se) = 0.4727
2026-03-09 23:37:40,018 f1_score = 0.5221 (threshold = 0.2289)
2026-03-09 23:37:40,018 Epoch 25: Train Loss 0.4343, Valid Loss 0.4585
2026-03-09 23:37:40,032 last saved model is in epoch 19
2026-03-09 23:37:41,249 [[820 209]
 [ 46 125]]
2026-03-09 23:37:41,250 AUC of ROC = 0.8532
2026-03-09 23:37:41,250 AUC of PRC = 0.4901
2026-03-09 23:37:41,250 min(+P, Se) = 0.4971
2026-03-09 23:37:41,250 f1_score = 0.5211 (threshold = 0.1877)
2026-03-09 23:37:41,251 Test Loss 0.4946
