2026-04-15 18:06:44,718 {
    "dataset": "c12",
    "data_dropout": 0.0,
    "epochs": 25,
    "lr": 0.001,
    "d_model": 32,
    "seed": 1,
    "batch_size": 256,
    "dropout": 0.1,
    "save_model": true,
    "save_dir": "./export/c12\\smart-smile-v2\\seed_1",
    "local_rank": 0,
    "min_mask_ratio": 0.15,
    "max_mask_ratio": 0.75,
    "e_layers": 2,
    "n_heads": 4,
    "time_dim": 16,
    "use_film": false,
    "use_smile": false,
    "use_smile_film": false,
    "use_smile_v2": true,
    "use_smile_v2_film": false,
    "use_smile_lean": false,
    "use_smile_lean_samepretrain": false,
    "use_smile_lean_v2": false,
    "use_mnar": false,
    "save_last": true,
    "smile_no_mnar": false,
    "smile_no_curriculum": false,
    "smile_mask_type": "all",
    "smile_mnar_dropout": 0.05,
    "obs_density_window": 5,
    "abl_no_density": false,
    "abl_no_mnar_bias": false,
    "abl_no_film": false,
    "abl_no_time_mnar": false,
    "abl_no_time_pe": false,
    "pretrain_mask_mode": "fixed",
    "ratio_temperature": 1.0,
    "smile_stratified": false,
    "smile_mask_weights": null
}
2026-04-15 18:06:46,071 Dataset Loaded.
2026-04-15 18:06:46,071 system_groups: {'Vital_Invasive': 3, 'Blood_Gas': 4, 'Electrolyte': 5, 'Liver_Enzyme': 6, 'CBC': 3, 'Oxygenation': 3, 'Metabolic': 2}
2026-04-15 18:07:23,445 Epoch 1: Train Loss 13.4648, Valid Loss 8.7533, EMA Val 8.7533
2026-04-15 18:09:32,433 Epoch 2: Train Loss 6.4794, Valid Loss 3.6643, EMA Val 7.2266
2026-04-15 18:14:14,670 Epoch 3: Train Loss 4.1515, Valid Loss 3.0387, EMA Val 5.9702
2026-04-15 18:18:31,836 Epoch 4: Train Loss 3.4416, Valid Loss 2.5865, EMA Val 4.9551
2026-04-15 18:22:48,146 Epoch 5: Train Loss 2.9660, Valid Loss 2.3309, EMA Val 4.1679
