2026-02-23 10:02:25,836 {
    "dataset": "c12",
    "data_dropout": 0.0,
    "epochs": 25,
    "lr": 0.001,
    "d_model": 32,
    "seed": 3407,
    "batch_size": 64,
    "dropout": 0.1,
    "save_model": true,
    "save_dir": "./export/c12/smart",
    "local_rank": 0,
    "min_mask_ratio": 0.0,
    "max_mask_ratio": 0.75,
    "e_layers": 2,
    "n_heads": 4,
    "time_dim": 16
}
2026-02-23 10:02:30,071 Dataset Loaded.
2026-02-23 10:02:56,190 Epoch 1: Train Loss 6.5499, Valid Loss 2.5588
2026-02-23 10:03:21,242 Epoch 2: Train Loss 2.5886, Valid Loss 1.8435
2026-02-23 10:03:46,949 Epoch 3: Train Loss 2.0829, Valid Loss 1.4410
2026-02-23 10:04:12,509 Epoch 4: Train Loss 1.9764, Valid Loss 1.3279
2026-02-23 10:04:37,913 Epoch 5: Train Loss 1.9717, Valid Loss 1.2839
2026-02-23 10:05:03,277 Epoch 6: Train Loss 1.9765, Valid Loss 1.3275
2026-02-23 10:05:28,826 Epoch 7: Train Loss 2.0059, Valid Loss 1.3226
2026-02-23 10:05:54,855 Epoch 8: Train Loss 2.0330, Valid Loss 1.3292
2026-02-23 10:06:21,539 Epoch 9: Train Loss 2.1035, Valid Loss 1.3372
2026-02-23 10:06:48,954 Epoch 10: Train Loss 2.1480, Valid Loss 1.4281
2026-02-23 10:07:15,143 Epoch 11: Train Loss 2.1389, Valid Loss 1.3194
2026-02-23 10:07:41,919 Epoch 12: Train Loss 2.1411, Valid Loss 1.3972
2026-02-23 10:08:08,284 Epoch 13: Train Loss 2.1005, Valid Loss 1.2962
2026-02-23 10:08:34,484 Epoch 14: Train Loss 2.0955, Valid Loss 1.3693
2026-02-23 10:09:00,874 Epoch 15: Train Loss 2.0775, Valid Loss 1.3558
2026-02-23 10:09:27,007 Epoch 16: Train Loss 2.0867, Valid Loss 1.3293
2026-02-23 10:09:53,152 Epoch 17: Train Loss 2.1018, Valid Loss 1.3157
2026-02-23 10:10:19,330 Epoch 18: Train Loss 2.0765, Valid Loss 1.3614
2026-02-23 10:10:45,397 Epoch 19: Train Loss 2.0992, Valid Loss 1.3289
2026-02-23 10:11:11,623 Epoch 20: Train Loss 2.1009, Valid Loss 1.2698
2026-02-23 10:11:38,505 Epoch 21: Train Loss 2.0902, Valid Loss 1.2954
2026-02-23 10:12:04,603 Epoch 22: Train Loss 2.0751, Valid Loss 1.3502
2026-02-23 10:12:31,597 Epoch 23: Train Loss 2.0796, Valid Loss 1.2845
2026-02-23 10:12:58,768 Epoch 24: Train Loss 2.0609, Valid Loss 1.3503
2026-02-23 10:13:25,269 Epoch 25: Train Loss 2.0609, Valid Loss 1.3441
2026-02-23 10:13:28,904 {
    "dataset": "c12",
    "data_dropout": 0.0,
    "epochs": 25,
    "freeze_epochs": 5,
    "lr": 0.001,
    "d_model": 32,
    "seed": 3407,
    "batch_size": 64,
    "dropout": 0.1,
    "save_model": true,
    "save_dir": "./export/c12/smart",
    "local_rank": 0,
    "e_layers": 2,
    "n_heads": 4,
    "time_dim": 16
}
2026-02-23 10:13:33,989 Dataset Loaded.
2026-02-23 10:16:14,195 {
    "dataset": "c12",
    "data_dropout": 0.0,
    "epochs": 25,
    "lr": 0.001,
    "d_model": 32,
    "seed": 3407,
    "batch_size": 64,
    "dropout": 0.1,
    "save_model": true,
    "save_dir": "./export/c12/smart",
    "local_rank": 0,
    "min_mask_ratio": 0.0,
    "max_mask_ratio": 0.75,
    "e_layers": 2,
    "n_heads": 4,
    "time_dim": 16
}
2026-02-23 10:16:18,886 Dataset Loaded.
2026-02-23 10:16:44,999 Epoch 1: Train Loss 6.5499, Valid Loss 2.5588
2026-02-23 10:16:45,000 ----- Save best model - L1: 2.5588 -----
2026-02-23 10:17:10,580 Epoch 2: Train Loss 2.5886, Valid Loss 1.8435
2026-02-23 10:17:10,581 ----- Save best model - L1: 1.8435 -----
2026-02-23 10:17:36,382 Epoch 3: Train Loss 2.0829, Valid Loss 1.4410
2026-02-23 10:17:36,386 ----- Save best model - L1: 1.4410 -----
2026-02-23 10:18:02,301 Epoch 4: Train Loss 1.9764, Valid Loss 1.3279
2026-02-23 10:18:02,302 ----- Save best model - L1: 1.3279 -----
2026-02-23 10:18:28,213 Epoch 5: Train Loss 1.9717, Valid Loss 1.2839
2026-02-23 10:18:28,214 ----- Save best model - L1: 1.2839 -----
2026-02-23 10:18:54,613 Epoch 6: Train Loss 1.9765, Valid Loss 1.3275
2026-02-23 10:19:21,079 Epoch 7: Train Loss 2.0059, Valid Loss 1.3226
2026-02-23 10:19:47,234 Epoch 8: Train Loss 2.0330, Valid Loss 1.3292
2026-02-23 10:20:13,682 Epoch 9: Train Loss 2.1035, Valid Loss 1.3372
2026-02-23 10:20:39,943 Epoch 10: Train Loss 2.1480, Valid Loss 1.4281
2026-02-23 10:21:06,175 Epoch 11: Train Loss 2.1389, Valid Loss 1.3194
2026-02-23 10:21:32,554 Epoch 12: Train Loss 2.1411, Valid Loss 1.3972
2026-02-23 10:21:58,862 Epoch 13: Train Loss 2.1005, Valid Loss 1.2962
2026-02-23 10:22:25,168 Epoch 14: Train Loss 2.0955, Valid Loss 1.3693
2026-02-23 10:22:51,417 Epoch 15: Train Loss 2.0775, Valid Loss 1.3558
2026-02-23 10:23:18,146 Epoch 16: Train Loss 2.0867, Valid Loss 1.3293
2026-02-23 10:23:44,463 Epoch 17: Train Loss 2.1018, Valid Loss 1.3157
2026-02-23 10:24:12,067 Epoch 18: Train Loss 2.0765, Valid Loss 1.3614
2026-02-23 10:24:37,949 Epoch 19: Train Loss 2.0992, Valid Loss 1.3289
2026-02-23 10:25:03,754 Epoch 20: Train Loss 2.1009, Valid Loss 1.2698
2026-02-23 10:25:03,755 ----- Save best model - L1: 1.2698 -----
2026-02-23 10:25:29,711 Epoch 21: Train Loss 2.0902, Valid Loss 1.2954
2026-02-23 10:25:55,506 Epoch 22: Train Loss 2.0751, Valid Loss 1.3502
2026-02-23 10:26:21,327 Epoch 23: Train Loss 2.0796, Valid Loss 1.2845
2026-02-23 10:26:47,223 Epoch 24: Train Loss 2.0609, Valid Loss 1.3503
2026-02-23 10:27:13,034 Epoch 25: Train Loss 2.0609, Valid Loss 1.3441
2026-02-23 10:27:13,058 last saved model is in epoch 20
2026-02-23 10:27:14,839 Test Loss 1.2584
2026-02-23 10:27:17,948 {
    "dataset": "c12",
    "data_dropout": 0.0,
    "epochs": 25,
    "freeze_epochs": 5,
    "lr": 0.001,
    "d_model": 32,
    "seed": 3407,
    "batch_size": 64,
    "dropout": 0.1,
    "save_model": true,
    "save_dir": "./export/c12/smart",
    "local_rank": 0,
    "e_layers": 2,
    "n_heads": 4,
    "time_dim": 16
}
2026-02-23 10:27:22,391 Dataset Loaded.
2026-02-23 10:27:23,199 last saved model is in epoch 20
2026-02-23 10:27:33,255 [[1013   15]
 [ 150   20]]
2026-02-23 10:27:33,262 AUC of ROC = 0.7423
2026-02-23 10:27:33,262 AUC of PRC = 0.3640
2026-02-23 10:27:33,263 min(+P, Se) = 0.4425
2026-02-23 10:27:33,263 f1_score = 0.1951
2026-02-23 10:27:33,264 Epoch 1: Train Loss 0.4708, Valid Loss 0.3368
2026-02-23 10:27:33,265 ----- Save best model - auprc: 0.3640 -----
2026-02-23 10:27:42,998 [[1026    2]
 [ 164    6]]
2026-02-23 10:27:43,001 AUC of ROC = 0.7887
2026-02-23 10:27:43,001 AUC of PRC = 0.4451
2026-02-23 10:27:43,002 min(+P, Se) = 0.4471
2026-02-23 10:27:43,002 f1_score = 0.0674
2026-02-23 10:27:43,003 Epoch 2: Train Loss 0.3849, Valid Loss 0.4537
2026-02-23 10:27:43,004 ----- Save best model - auprc: 0.4451 -----
2026-02-23 10:27:52,785 [[984  44]
 [115  55]]
2026-02-23 10:27:52,788 AUC of ROC = 0.7920
2026-02-23 10:27:52,788 AUC of PRC = 0.4449
2026-02-23 10:27:52,789 min(+P, Se) = 0.4412
2026-02-23 10:27:52,789 f1_score = 0.4089
2026-02-23 10:27:52,790 Epoch 3: Train Loss 0.3567, Valid Loss 0.3258
2026-02-23 10:28:02,595 [[1009   19]
 [ 126   44]]
2026-02-23 10:28:02,598 AUC of ROC = 0.8016
2026-02-23 10:28:02,598 AUC of PRC = 0.4798
2026-02-23 10:28:02,599 min(+P, Se) = 0.4737
2026-02-23 10:28:02,599 f1_score = 0.3777
2026-02-23 10:28:02,600 Epoch 4: Train Loss 0.3622, Valid Loss 0.3121
2026-02-23 10:28:02,600 ----- Save best model - auprc: 0.4798 -----
2026-02-23 10:28:12,417 [[1024    4]
 [ 150   20]]
2026-02-23 10:28:12,419 AUC of ROC = 0.7975
2026-02-23 10:28:12,419 AUC of PRC = 0.4588
2026-02-23 10:28:12,420 min(+P, Se) = 0.4602
2026-02-23 10:28:12,420 f1_score = 0.2062
2026-02-23 10:28:12,421 Epoch 5: Train Loss 0.3496, Valid Loss 0.3224
2026-02-23 10:28:30,076 [[1000   28]
 [ 124   46]]
2026-02-23 10:28:30,078 AUC of ROC = 0.8300
2026-02-23 10:28:30,078 AUC of PRC = 0.4974
2026-02-23 10:28:30,079 min(+P, Se) = 0.4678
2026-02-23 10:28:30,079 f1_score = 0.3770
2026-02-23 10:28:30,080 Epoch 6: Train Loss 0.3462, Valid Loss 0.3032
2026-02-23 10:28:30,080 ----- Save best model - auprc: 0.4974 -----
2026-02-23 10:28:47,595 [[1009   19]
 [ 127   43]]
2026-02-23 10:28:47,597 AUC of ROC = 0.8429
2026-02-23 10:28:47,598 AUC of PRC = 0.5245
2026-02-23 10:28:47,598 min(+P, Se) = 0.4942
2026-02-23 10:28:47,599 f1_score = 0.3707
2026-02-23 10:28:47,599 Epoch 7: Train Loss 0.3196, Valid Loss 0.2965
2026-02-23 10:28:47,600 ----- Save best model - auprc: 0.5245 -----
2026-02-23 10:29:05,289 [[1021    7]
 [ 132   38]]
2026-02-23 10:29:05,291 AUC of ROC = 0.8319
2026-02-23 10:29:05,291 AUC of PRC = 0.5315
2026-02-23 10:29:05,292 min(+P, Se) = 0.4912
2026-02-23 10:29:05,292 f1_score = 0.3535
2026-02-23 10:29:05,292 Epoch 8: Train Loss 0.3216, Valid Loss 0.3000
2026-02-23 10:29:05,293 ----- Save best model - auprc: 0.5315 -----
2026-02-23 10:29:23,039 [[1006   22]
 [ 121   49]]
2026-02-23 10:29:23,041 AUC of ROC = 0.8415
2026-02-23 10:29:23,041 AUC of PRC = 0.5443
2026-02-23 10:29:23,042 min(+P, Se) = 0.5059
2026-02-23 10:29:23,042 f1_score = 0.4066
2026-02-23 10:29:23,042 Epoch 9: Train Loss 0.3159, Valid Loss 0.2928
2026-02-23 10:29:23,043 ----- Save best model - auprc: 0.5443 -----
2026-02-23 10:29:40,714 [[1018   10]
 [ 130   40]]
2026-02-23 10:29:40,716 AUC of ROC = 0.8427
2026-02-23 10:29:40,717 AUC of PRC = 0.5408
2026-02-23 10:29:40,717 min(+P, Se) = 0.5118
2026-02-23 10:29:40,718 f1_score = 0.3636
2026-02-23 10:29:40,718 Epoch 10: Train Loss 0.3120, Valid Loss 0.2965
2026-02-23 10:29:58,332 [[1006   22]
 [ 118   52]]
2026-02-23 10:29:58,334 AUC of ROC = 0.8407
2026-02-23 10:29:58,335 AUC of PRC = 0.5489
2026-02-23 10:29:58,335 min(+P, Se) = 0.5176
2026-02-23 10:29:58,336 f1_score = 0.4262
2026-02-23 10:29:58,336 Epoch 11: Train Loss 0.3097, Valid Loss 0.2893
2026-02-23 10:29:58,337 ----- Save best model - auprc: 0.5489 -----
2026-02-23 10:30:15,960 [[1008   20]
 [ 117   53]]
2026-02-23 10:30:15,963 AUC of ROC = 0.8267
2026-02-23 10:30:15,963 AUC of PRC = 0.5260
2026-02-23 10:30:15,964 min(+P, Se) = 0.4706
2026-02-23 10:30:15,964 f1_score = 0.4362
2026-02-23 10:30:15,965 Epoch 12: Train Loss 0.3010, Valid Loss 0.2978
2026-02-23 10:30:33,572 [[1002   26]
 [ 114   56]]
2026-02-23 10:30:33,574 AUC of ROC = 0.8359
2026-02-23 10:30:33,574 AUC of PRC = 0.5494
2026-02-23 10:30:33,575 min(+P, Se) = 0.5000
2026-02-23 10:30:33,575 f1_score = 0.4444
2026-02-23 10:30:33,576 Epoch 13: Train Loss 0.3047, Valid Loss 0.2930
2026-02-23 10:30:33,576 ----- Save best model - auprc: 0.5494 -----
2026-02-23 10:30:51,221 [[1012   16]
 [ 123   47]]
2026-02-23 10:30:51,223 AUC of ROC = 0.8440
2026-02-23 10:30:51,224 AUC of PRC = 0.5530
2026-02-23 10:30:51,224 min(+P, Se) = 0.5000
2026-02-23 10:30:51,224 f1_score = 0.4034
2026-02-23 10:30:51,225 Epoch 14: Train Loss 0.3031, Valid Loss 0.2903
2026-02-23 10:30:51,225 ----- Save best model - auprc: 0.5530 -----
2026-02-23 10:31:08,826 [[967  61]
 [ 91  79]]
2026-02-23 10:31:08,828 AUC of ROC = 0.8397
2026-02-23 10:31:08,829 AUC of PRC = 0.5563
2026-02-23 10:31:08,829 min(+P, Se) = 0.5294
2026-02-23 10:31:08,829 f1_score = 0.5097
2026-02-23 10:31:08,830 Epoch 15: Train Loss 0.2978, Valid Loss 0.3084
2026-02-23 10:31:08,830 ----- Save best model - auprc: 0.5563 -----
2026-02-23 10:31:26,440 [[998  30]
 [108  62]]
2026-02-23 10:31:26,443 AUC of ROC = 0.8321
2026-02-23 10:31:26,443 AUC of PRC = 0.5396
2026-02-23 10:31:26,444 min(+P, Se) = 0.4854
2026-02-23 10:31:26,444 f1_score = 0.4733
2026-02-23 10:31:26,445 Epoch 16: Train Loss 0.2997, Valid Loss 0.2938
2026-02-23 10:31:44,119 [[1009   19]
 [ 123   47]]
2026-02-23 10:31:44,122 AUC of ROC = 0.8462
2026-02-23 10:31:44,122 AUC of PRC = 0.5484
2026-02-23 10:31:44,123 min(+P, Se) = 0.5118
2026-02-23 10:31:44,124 f1_score = 0.3983
2026-02-23 10:31:44,124 Epoch 17: Train Loss 0.2972, Valid Loss 0.2916
2026-02-23 10:32:01,825 [[998  30]
 [111  59]]
2026-02-23 10:32:01,828 AUC of ROC = 0.8559
2026-02-23 10:32:01,828 AUC of PRC = 0.5707
2026-02-23 10:32:01,829 min(+P, Se) = 0.5412
2026-02-23 10:32:01,829 f1_score = 0.4556
2026-02-23 10:32:01,829 Epoch 18: Train Loss 0.2951, Valid Loss 0.2871
2026-02-23 10:32:01,830 ----- Save best model - auprc: 0.5707 -----
2026-02-23 10:32:19,535 [[995  33]
 [111  59]]
2026-02-23 10:32:19,537 AUC of ROC = 0.8508
2026-02-23 10:32:19,538 AUC of PRC = 0.5708
2026-02-23 10:32:19,538 min(+P, Se) = 0.5412
2026-02-23 10:32:19,539 f1_score = 0.4504
2026-02-23 10:32:19,539 Epoch 19: Train Loss 0.3002, Valid Loss 0.2857
2026-02-23 10:32:19,540 ----- Save best model - auprc: 0.5708 -----
2026-02-23 10:32:37,200 [[1005   23]
 [ 118   52]]
2026-02-23 10:32:37,202 AUC of ROC = 0.8549
2026-02-23 10:32:37,202 AUC of PRC = 0.5680
2026-02-23 10:32:37,203 min(+P, Se) = 0.5176
2026-02-23 10:32:37,203 f1_score = 0.4245
2026-02-23 10:32:37,204 Epoch 20: Train Loss 0.2933, Valid Loss 0.2857
2026-02-23 10:32:54,797 [[1012   16]
 [ 122   48]]
2026-02-23 10:32:54,799 AUC of ROC = 0.8368
2026-02-23 10:32:54,800 AUC of PRC = 0.5328
2026-02-23 10:32:54,800 min(+P, Se) = 0.5115
2026-02-23 10:32:54,801 f1_score = 0.4103
2026-02-23 10:32:54,801 Epoch 21: Train Loss 0.2953, Valid Loss 0.2977
2026-02-23 10:33:12,401 [[1004   24]
 [ 125   45]]
2026-02-23 10:33:12,404 AUC of ROC = 0.8452
2026-02-23 10:33:12,404 AUC of PRC = 0.5415
2026-02-23 10:33:12,405 min(+P, Se) = 0.5176
2026-02-23 10:33:12,405 f1_score = 0.3766
2026-02-23 10:33:12,406 Epoch 22: Train Loss 0.2934, Valid Loss 0.2944
2026-02-23 10:33:29,927 [[1003   25]
 [ 114   56]]
2026-02-23 10:33:29,929 AUC of ROC = 0.8451
2026-02-23 10:33:29,930 AUC of PRC = 0.5496
2026-02-23 10:33:29,930 min(+P, Se) = 0.5059
2026-02-23 10:33:29,931 f1_score = 0.4462
2026-02-23 10:33:29,931 Epoch 23: Train Loss 0.2892, Valid Loss 0.2897
2026-02-23 10:33:48,357 [[998  30]
 [120  50]]
2026-02-23 10:33:48,360 AUC of ROC = 0.8477
2026-02-23 10:33:48,361 AUC of PRC = 0.5434
2026-02-23 10:33:48,361 min(+P, Se) = 0.5176
2026-02-23 10:33:48,361 f1_score = 0.4000
2026-02-23 10:33:48,362 Epoch 24: Train Loss 0.2930, Valid Loss 0.2941
2026-02-23 10:34:06,190 [[994  34]
 [113  57]]
2026-02-23 10:34:06,193 AUC of ROC = 0.8485
2026-02-23 10:34:06,193 AUC of PRC = 0.5448
2026-02-23 10:34:06,194 min(+P, Se) = 0.5176
2026-02-23 10:34:06,195 f1_score = 0.4368
2026-02-23 10:34:06,195 Epoch 25: Train Loss 0.2949, Valid Loss 0.2939
2026-02-23 10:34:06,226 last saved model is in epoch 19
2026-02-23 10:34:07,262 [[965  60]
 [103  72]]
2026-02-23 10:34:07,265 AUC of ROC = 0.8627
2026-02-23 10:34:07,265 AUC of PRC = 0.5253
2026-02-23 10:34:07,266 min(+P, Se) = 0.5143
2026-02-23 10:34:07,266 f1_score = 0.4691
2026-02-23 10:34:07,267 Test Loss 0.3016
