2026-02-23 22:42:20,199 {
    "dataset": "c12",
    "data_dropout": 0.0,
    "epochs": 25,
    "lr": 0.001,
    "d_model": 32,
    "seed": 42,
    "batch_size": 64,
    "dropout": 0.1,
    "save_model": true,
    "save_dir": "./export/c12/smart/seed_42",
    "local_rank": 0,
    "min_mask_ratio": 0.0,
    "max_mask_ratio": 0.75,
    "e_layers": 2,
    "n_heads": 4,
    "time_dim": 16,
    "use_film": false
}
2026-02-23 22:42:28,851 Dataset Loaded.
2026-02-23 22:42:55,480 Epoch 1: Train Loss 6.0148, Valid Loss 2.2452
2026-02-23 22:42:55,483 ----- Save best model - L1: 2.2452 -----
2026-02-23 22:43:18,281 Epoch 2: Train Loss 2.4120, Valid Loss 1.6704
2026-02-23 22:43:18,283 ----- Save best model - L1: 1.6704 -----
2026-02-23 22:43:41,372 Epoch 3: Train Loss 2.0392, Valid Loss 1.4708
2026-02-23 22:43:41,374 ----- Save best model - L1: 1.4708 -----
2026-02-23 22:44:03,541 Epoch 4: Train Loss 1.9298, Valid Loss 1.4203
2026-02-23 22:44:03,542 ----- Save best model - L1: 1.4203 -----
2026-02-23 22:44:26,502 Epoch 5: Train Loss 1.8783, Valid Loss 1.3880
2026-02-23 22:44:26,502 ----- Save best model - L1: 1.3880 -----
2026-02-23 22:44:49,060 Epoch 6: Train Loss 1.8817, Valid Loss 1.3253
2026-02-23 22:44:49,061 ----- Save best model - L1: 1.3253 -----
2026-02-23 22:45:12,052 Epoch 7: Train Loss 1.8550, Valid Loss 1.3624
2026-02-23 22:45:34,326 Epoch 8: Train Loss 1.8521, Valid Loss 1.3519
2026-02-23 22:45:56,339 Epoch 9: Train Loss 1.8401, Valid Loss 1.3362
2026-02-23 22:46:18,749 Epoch 10: Train Loss 1.8441, Valid Loss 1.3127
2026-02-23 22:46:18,751 ----- Save best model - L1: 1.3127 -----
2026-02-23 22:46:41,415 Epoch 11: Train Loss 1.8381, Valid Loss 1.3298
2026-02-23 22:47:03,955 Epoch 12: Train Loss 1.8242, Valid Loss 1.2913
2026-02-23 22:47:03,958 ----- Save best model - L1: 1.2913 -----
2026-02-23 22:47:25,830 Epoch 13: Train Loss 1.8266, Valid Loss 1.2634
2026-02-23 22:47:25,831 ----- Save best model - L1: 1.2634 -----
2026-02-23 22:47:47,636 Epoch 14: Train Loss 1.7924, Valid Loss 1.2056
2026-02-23 22:47:47,637 ----- Save best model - L1: 1.2056 -----
2026-02-23 22:48:09,483 Epoch 15: Train Loss 1.7750, Valid Loss 1.2151
2026-02-23 22:48:31,343 Epoch 16: Train Loss 1.7649, Valid Loss 1.2322
2026-02-23 22:48:54,235 Epoch 17: Train Loss 1.7316, Valid Loss 1.2692
2026-02-23 22:49:16,117 Epoch 18: Train Loss 1.7071, Valid Loss 1.2002
2026-02-23 22:49:16,118 ----- Save best model - L1: 1.2002 -----
2026-02-23 22:49:37,751 Epoch 19: Train Loss 1.6918, Valid Loss 1.1996
2026-02-23 22:49:37,751 ----- Save best model - L1: 1.1996 -----
2026-02-23 22:49:59,259 Epoch 20: Train Loss 1.6950, Valid Loss 1.1882
2026-02-23 22:49:59,260 ----- Save best model - L1: 1.1882 -----
2026-02-23 22:50:20,815 Epoch 21: Train Loss 1.6885, Valid Loss 1.1515
2026-02-23 22:50:20,816 ----- Save best model - L1: 1.1515 -----
2026-02-23 22:50:42,268 Epoch 22: Train Loss 1.6564, Valid Loss 1.1567
2026-02-23 22:51:03,661 Epoch 23: Train Loss 1.6433, Valid Loss 1.1369
2026-02-23 22:51:03,662 ----- Save best model - L1: 1.1369 -----
2026-02-23 22:51:25,089 Epoch 24: Train Loss 1.6345, Valid Loss 1.1655
2026-02-23 22:51:46,419 Epoch 25: Train Loss 1.6312, Valid Loss 1.1156
2026-02-23 22:51:46,420 ----- Save best model - L1: 1.1156 -----
2026-02-23 22:51:46,517 last saved model is in epoch 25
2026-02-23 22:51:48,179 Test Loss 1.2372
2026-02-23 22:51:53,176 {
    "dataset": "c12",
    "data_dropout": 0.0,
    "epochs": 25,
    "freeze_epochs": 5,
    "lr": 0.001,
    "d_model": 32,
    "seed": 42,
    "batch_size": 64,
    "dropout": 0.1,
    "save_model": true,
    "save_dir": "./export/c12/smart/seed_42",
    "local_rank": 0,
    "e_layers": 2,
    "n_heads": 4,
    "time_dim": 16,
    "use_film": false
}
2026-02-23 22:52:01,796 Dataset Loaded.
2026-02-23 22:52:02,837 last saved model is in epoch 25
2026-02-23 22:52:11,890 [[1022   12]
 [ 144   20]]
2026-02-23 22:52:11,894 AUC of ROC = 0.7622
2026-02-23 22:52:11,895 AUC of PRC = 0.3848
2026-02-23 22:52:11,895 min(+P, Se) = 0.4146
2026-02-23 22:52:11,896 f1_score = 0.2041
2026-02-23 22:52:11,896 Epoch 1: Train Loss 0.5078, Valid Loss 0.3290
2026-02-23 22:52:11,896 ----- Save best model - auprc: 0.3848 -----
2026-02-23 22:52:20,792 [[988  46]
 [115  49]]
2026-02-23 22:52:20,794 AUC of ROC = 0.7785
2026-02-23 22:52:20,795 AUC of PRC = 0.4038
2026-02-23 22:52:20,795 min(+P, Se) = 0.4207
2026-02-23 22:52:20,796 f1_score = 0.3784
2026-02-23 22:52:20,796 Epoch 2: Train Loss 0.3818, Valid Loss 0.3211
2026-02-23 22:52:20,797 ----- Save best model - auprc: 0.4038 -----
2026-02-23 22:52:29,613 [[995  39]
 [111  53]]
2026-02-23 22:52:29,615 AUC of ROC = 0.8082
2026-02-23 22:52:29,616 AUC of PRC = 0.4324
2026-02-23 22:52:29,617 min(+P, Se) = 0.4573
2026-02-23 22:52:29,617 f1_score = 0.4141
2026-02-23 22:52:29,618 Epoch 3: Train Loss 0.3821, Valid Loss 0.3096
2026-02-23 22:52:29,618 ----- Save best model - auprc: 0.4324 -----
2026-02-23 22:52:38,487 [[1029    5]
 [ 154   10]]
2026-02-23 22:52:38,490 AUC of ROC = 0.8121
2026-02-23 22:52:38,490 AUC of PRC = 0.4465
2026-02-23 22:52:38,491 min(+P, Se) = 0.4573
2026-02-23 22:52:38,491 f1_score = 0.1117
2026-02-23 22:52:38,491 Epoch 4: Train Loss 0.3629, Valid Loss 0.3224
2026-02-23 22:52:38,492 ----- Save best model - auprc: 0.4465 -----
2026-02-23 22:52:47,280 [[1006   28]
 [ 119   45]]
2026-02-23 22:52:47,282 AUC of ROC = 0.7839
2026-02-23 22:52:47,282 AUC of PRC = 0.4182
2026-02-23 22:52:47,283 min(+P, Se) = 0.4458
2026-02-23 22:52:47,283 f1_score = 0.3797
2026-02-23 22:52:47,284 Epoch 5: Train Loss 0.3536, Valid Loss 0.3015
2026-02-23 22:53:02,307 [[929 105]
 [ 77  87]]
2026-02-23 22:53:02,310 AUC of ROC = 0.8407
2026-02-23 22:53:02,311 AUC of PRC = 0.4871
2026-02-23 22:53:02,311 min(+P, Se) = 0.4749
2026-02-23 22:53:02,312 f1_score = 0.4888
2026-02-23 22:53:02,312 Epoch 6: Train Loss 0.3683, Valid Loss 0.3542
2026-02-23 22:53:02,313 ----- Save best model - auprc: 0.4871 -----
2026-02-23 22:53:17,424 [[992  42]
 [101  63]]
2026-02-23 22:53:17,427 AUC of ROC = 0.8522
2026-02-23 22:53:17,428 AUC of PRC = 0.5177
2026-02-23 22:53:17,428 min(+P, Se) = 0.5090
2026-02-23 22:53:17,428 f1_score = 0.4684
2026-02-23 22:53:17,428 Epoch 7: Train Loss 0.3252, Valid Loss 0.2941
2026-02-23 22:53:17,429 ----- Save best model - auprc: 0.5177 -----
2026-02-23 22:53:32,553 [[994  40]
 [103  61]]
2026-02-23 22:53:32,555 AUC of ROC = 0.8572
2026-02-23 22:53:32,555 AUC of PRC = 0.5172
2026-02-23 22:53:32,556 min(+P, Se) = 0.5000
2026-02-23 22:53:32,556 f1_score = 0.4604
2026-02-23 22:53:32,556 Epoch 8: Train Loss 0.3196, Valid Loss 0.2926
2026-02-23 22:53:47,475 [[1022   12]
 [ 132   32]]
2026-02-23 22:53:47,478 AUC of ROC = 0.8640
2026-02-23 22:53:47,479 AUC of PRC = 0.5172
2026-02-23 22:53:47,479 min(+P, Se) = 0.5061
2026-02-23 22:53:47,479 f1_score = 0.3077
2026-02-23 22:53:47,480 Epoch 9: Train Loss 0.3155, Valid Loss 0.2920
2026-02-23 22:54:02,524 [[1011   23]
 [ 110   54]]
2026-02-23 22:54:02,526 AUC of ROC = 0.8684
2026-02-23 22:54:02,527 AUC of PRC = 0.5410
2026-02-23 22:54:02,527 min(+P, Se) = 0.5610
2026-02-23 22:54:02,527 f1_score = 0.4481
2026-02-23 22:54:02,528 Epoch 10: Train Loss 0.3102, Valid Loss 0.2785
2026-02-23 22:54:02,528 ----- Save best model - auprc: 0.5410 -----
2026-02-23 22:54:17,522 [[990  44]
 [ 95  69]]
2026-02-23 22:54:17,524 AUC of ROC = 0.8567
2026-02-23 22:54:17,524 AUC of PRC = 0.5357
2026-02-23 22:54:17,525 min(+P, Se) = 0.5380
2026-02-23 22:54:17,525 f1_score = 0.4982
2026-02-23 22:54:17,525 Epoch 11: Train Loss 0.3141, Valid Loss 0.3104
2026-02-23 22:54:32,487 [[1016   18]
 [ 121   43]]
2026-02-23 22:54:32,489 AUC of ROC = 0.8711
2026-02-23 22:54:32,490 AUC of PRC = 0.5484
2026-02-23 22:54:32,490 min(+P, Se) = 0.5610
2026-02-23 22:54:32,490 f1_score = 0.3822
2026-02-23 22:54:32,491 Epoch 12: Train Loss 0.3066, Valid Loss 0.2764
2026-02-23 22:54:32,491 ----- Save best model - auprc: 0.5484 -----
2026-02-23 22:54:47,455 [[1027    7]
 [ 142   22]]
2026-02-23 22:54:47,457 AUC of ROC = 0.8592
2026-02-23 22:54:47,458 AUC of PRC = 0.5292
2026-02-23 22:54:47,458 min(+P, Se) = 0.5427
2026-02-23 22:54:47,459 f1_score = 0.2280
2026-02-23 22:54:47,459 Epoch 13: Train Loss 0.3105, Valid Loss 0.3091
2026-02-23 22:55:02,492 [[1013   21]
 [ 108   56]]
2026-02-23 22:55:02,494 AUC of ROC = 0.8733
2026-02-23 22:55:02,494 AUC of PRC = 0.5567
2026-02-23 22:55:02,495 min(+P, Se) = 0.5576
2026-02-23 22:55:02,495 f1_score = 0.4647
2026-02-23 22:55:02,495 Epoch 14: Train Loss 0.3067, Valid Loss 0.2762
2026-02-23 22:55:02,496 ----- Save best model - auprc: 0.5567 -----
2026-02-23 22:55:17,575 [[940  94]
 [ 72  92]]
2026-02-23 22:55:17,578 AUC of ROC = 0.8662
2026-02-23 22:55:17,578 AUC of PRC = 0.5394
2026-02-23 22:55:17,579 min(+P, Se) = 0.5366
2026-02-23 22:55:17,579 f1_score = 0.5257
2026-02-23 22:55:17,579 Epoch 15: Train Loss 0.3026, Valid Loss 0.3358
2026-02-23 22:55:32,549 [[1019   15]
 [ 127   37]]
2026-02-23 22:55:32,551 AUC of ROC = 0.8705
2026-02-23 22:55:32,551 AUC of PRC = 0.5505
2026-02-23 22:55:32,552 min(+P, Se) = 0.5569
2026-02-23 22:55:32,552 f1_score = 0.3426
2026-02-23 22:55:32,553 Epoch 16: Train Loss 0.3044, Valid Loss 0.2774
2026-02-23 22:55:47,486 [[986  48]
 [100  64]]
2026-02-23 22:55:47,488 AUC of ROC = 0.8721
2026-02-23 22:55:47,488 AUC of PRC = 0.5413
2026-02-23 22:55:47,489 min(+P, Se) = 0.5482
2026-02-23 22:55:47,489 f1_score = 0.4638
2026-02-23 22:55:47,490 Epoch 17: Train Loss 0.3018, Valid Loss 0.2852
2026-02-23 22:56:02,412 [[1024   10]
 [ 130   34]]
2026-02-23 22:56:02,414 AUC of ROC = 0.8761
2026-02-23 22:56:02,414 AUC of PRC = 0.5641
2026-02-23 22:56:02,415 min(+P, Se) = 0.5455
2026-02-23 22:56:02,415 f1_score = 0.3269
2026-02-23 22:56:02,416 Epoch 18: Train Loss 0.3007, Valid Loss 0.2790
2026-02-23 22:56:02,416 ----- Save best model - auprc: 0.5641 -----
2026-02-23 22:56:17,510 [[1017   17]
 [ 124   40]]
2026-02-23 22:56:17,512 AUC of ROC = 0.8724
2026-02-23 22:56:17,513 AUC of PRC = 0.5370
2026-02-23 22:56:17,513 min(+P, Se) = 0.5488
2026-02-23 22:56:17,514 f1_score = 0.3620
2026-02-23 22:56:17,514 Epoch 19: Train Loss 0.3015, Valid Loss 0.2833
2026-02-23 22:56:32,372 [[993  41]
 [ 98  66]]
2026-02-23 22:56:32,375 AUC of ROC = 0.8723
2026-02-23 22:56:32,376 AUC of PRC = 0.5354
2026-02-23 22:56:32,376 min(+P, Se) = 0.5385
2026-02-23 22:56:32,376 f1_score = 0.4871
2026-02-23 22:56:32,377 Epoch 20: Train Loss 0.2981, Valid Loss 0.2836
2026-02-23 22:56:47,433 [[988  46]
 [ 95  69]]
2026-02-23 22:56:47,435 AUC of ROC = 0.8720
2026-02-23 22:56:47,436 AUC of PRC = 0.5461
2026-02-23 22:56:47,436 min(+P, Se) = 0.5305
2026-02-23 22:56:47,436 f1_score = 0.4946
2026-02-23 22:56:47,437 Epoch 21: Train Loss 0.2975, Valid Loss 0.2850
2026-02-23 22:57:02,406 [[1014   20]
 [ 121   43]]
2026-02-23 22:57:02,409 AUC of ROC = 0.8710
2026-02-23 22:57:02,409 AUC of PRC = 0.5407
2026-02-23 22:57:02,410 min(+P, Se) = 0.5183
2026-02-23 22:57:02,412 f1_score = 0.3789
2026-02-23 22:57:02,412 Epoch 22: Train Loss 0.3027, Valid Loss 0.2763
2026-02-23 22:57:17,402 [[1016   18]
 [ 126   38]]
2026-02-23 22:57:17,404 AUC of ROC = 0.8671
2026-02-23 22:57:17,405 AUC of PRC = 0.5364
2026-02-23 22:57:17,405 min(+P, Se) = 0.5305
2026-02-23 22:57:17,405 f1_score = 0.3455
2026-02-23 22:57:17,405 Epoch 23: Train Loss 0.2978, Valid Loss 0.2816
2026-02-23 22:57:32,235 [[1022   12]
 [ 126   38]]
2026-02-23 22:57:32,239 AUC of ROC = 0.8779
2026-02-23 22:57:32,240 AUC of PRC = 0.5623
2026-02-23 22:57:32,240 min(+P, Se) = 0.5269
2026-02-23 22:57:32,241 f1_score = 0.3551
2026-02-23 22:57:32,241 Epoch 24: Train Loss 0.2963, Valid Loss 0.2780
2026-02-23 22:57:47,155 [[1011   23]
 [ 112   52]]
2026-02-23 22:57:47,157 AUC of ROC = 0.8864
2026-02-23 22:57:47,158 AUC of PRC = 0.5466
2026-02-23 22:57:47,158 min(+P, Se) = 0.5549
2026-02-23 22:57:47,159 f1_score = 0.4351
2026-02-23 22:57:47,159 Epoch 25: Train Loss 0.2961, Valid Loss 0.2690
2026-02-23 22:57:47,185 last saved model is in epoch 18
2026-02-23 22:57:48,120 [[997  12]
 [155  36]]
2026-02-23 22:57:48,123 AUC of ROC = 0.8458
2026-02-23 22:57:48,124 AUC of PRC = 0.5415
2026-02-23 22:57:48,124 min(+P, Se) = 0.5052
2026-02-23 22:57:48,124 f1_score = 0.3013
2026-02-23 22:57:48,125 Test Loss 0.3363
2026-03-06 12:28:29,282 {
    "dataset": "c12",
    "data_dropout": 0.0,
    "epochs": 25,
    "lr": 0.001,
    "d_model": 32,
    "seed": 42,
    "batch_size": 64,
    "dropout": 0.1,
    "save_model": true,
    "save_dir": "./export/c12\\smart\\seed_42",
    "local_rank": 0,
    "min_mask_ratio": 0.0,
    "max_mask_ratio": 0.75,
    "e_layers": 2,
    "n_heads": 4,
    "time_dim": 16,
    "use_film": false,
    "use_smile": false,
    "use_mnar": false,
    "save_last": false,
    "smile_no_mnar": false,
    "smile_no_curriculum": false,
    "smile_mask_type": "all",
    "smile_mnar_dropout": 0.05
}
2026-03-06 12:28:30,848 Dataset Loaded.
2026-03-06 12:28:53,493 Epoch 1: Train Loss 6.0323, Valid Loss 2.2804
2026-03-06 12:28:53,494 ----- Save best model - L1: 2.2804 -----
2026-03-06 12:29:15,069 Epoch 2: Train Loss 2.3800, Valid Loss 1.7122
2026-03-06 12:29:15,070 ----- Save best model - L1: 1.7122 -----
2026-03-06 12:29:36,867 Epoch 3: Train Loss 2.0409, Valid Loss 1.4886
2026-03-06 12:29:36,867 ----- Save best model - L1: 1.4886 -----
2026-03-06 12:29:58,440 Epoch 4: Train Loss 1.9167, Valid Loss 1.4528
2026-03-06 12:29:58,440 ----- Save best model - L1: 1.4528 -----
2026-03-06 12:30:19,853 Epoch 5: Train Loss 1.8898, Valid Loss 1.3426
2026-03-06 12:30:19,853 ----- Save best model - L1: 1.3426 -----
