2026-02-23 22:58:03,507 {
    "dataset": "c12",
    "data_dropout": 0.0,
    "epochs": 25,
    "lr": 0.001,
    "d_model": 32,
    "seed": 1234,
    "batch_size": 64,
    "dropout": 0.1,
    "save_model": true,
    "save_dir": "./export/c12/smart/seed_1234",
    "local_rank": 0,
    "min_mask_ratio": 0.0,
    "max_mask_ratio": 0.75,
    "e_layers": 2,
    "n_heads": 4,
    "time_dim": 16,
    "use_film": false
}
2026-02-23 22:58:09,786 Dataset Loaded.
2026-02-23 22:58:32,049 Epoch 1: Train Loss 4.6287, Valid Loss 1.8510
2026-02-23 22:58:32,050 ----- Save best model - L1: 1.8510 -----
2026-02-23 22:58:53,300 Epoch 2: Train Loss 1.7548, Valid Loss 1.2102
2026-02-23 22:58:53,301 ----- Save best model - L1: 1.2102 -----
2026-02-23 22:59:14,590 Epoch 3: Train Loss 1.3562, Valid Loss 0.9124
2026-02-23 22:59:14,592 ----- Save best model - L1: 0.9124 -----
2026-02-23 22:59:35,965 Epoch 4: Train Loss 1.2225, Valid Loss 0.8046
2026-02-23 22:59:35,966 ----- Save best model - L1: 0.8046 -----
2026-02-23 22:59:57,293 Epoch 5: Train Loss 1.1902, Valid Loss 0.8510
2026-02-23 23:00:18,656 Epoch 6: Train Loss 1.1783, Valid Loss 0.7669
2026-02-23 23:00:18,657 ----- Save best model - L1: 0.7669 -----
2026-02-23 23:00:40,029 Epoch 7: Train Loss 1.1991, Valid Loss 0.7929
2026-02-23 23:01:01,531 Epoch 8: Train Loss 1.2286, Valid Loss 0.7805
2026-02-23 23:01:23,116 Epoch 9: Train Loss 1.2342, Valid Loss 0.7654
2026-02-23 23:01:23,117 ----- Save best model - L1: 0.7654 -----
2026-02-23 23:01:44,614 Epoch 10: Train Loss 1.2760, Valid Loss 0.7606
2026-02-23 23:01:44,616 ----- Save best model - L1: 0.7606 -----
2026-02-23 23:02:06,217 Epoch 11: Train Loss 1.3117, Valid Loss 0.7559
2026-02-23 23:02:06,218 ----- Save best model - L1: 0.7559 -----
2026-02-23 23:02:27,572 Epoch 12: Train Loss 1.3776, Valid Loss 0.8084
2026-02-23 23:02:49,047 Epoch 13: Train Loss 1.4153, Valid Loss 0.8561
2026-02-23 23:03:10,554 Epoch 14: Train Loss 1.4659, Valid Loss 0.8747
2026-02-23 23:03:31,905 Epoch 15: Train Loss 1.4927, Valid Loss 0.8930
2026-02-23 23:03:54,140 Epoch 16: Train Loss 1.5168, Valid Loss 0.9318
2026-02-23 23:04:15,760 Epoch 17: Train Loss 1.5370, Valid Loss 0.8643
2026-02-23 23:04:37,198 Epoch 18: Train Loss 1.5491, Valid Loss 0.9099
2026-02-23 23:04:58,541 Epoch 19: Train Loss 1.5881, Valid Loss 0.9020
2026-02-23 23:05:20,019 Epoch 20: Train Loss 1.5812, Valid Loss 0.9541
2026-02-23 23:05:41,289 Epoch 21: Train Loss 1.5973, Valid Loss 1.0359
2026-02-23 23:06:02,678 Epoch 22: Train Loss 1.6099, Valid Loss 0.8986
2026-02-23 23:06:24,007 Epoch 23: Train Loss 1.6095, Valid Loss 0.9038
2026-02-23 23:06:45,405 Epoch 24: Train Loss 1.6089, Valid Loss 0.9426
2026-02-23 23:07:06,860 Epoch 25: Train Loss 1.6032, Valid Loss 0.9061
2026-02-23 23:07:06,895 last saved model is in epoch 11
2026-02-23 23:07:08,457 Test Loss 0.7735
2026-02-23 23:07:11,730 {
    "dataset": "c12",
    "data_dropout": 0.0,
    "epochs": 25,
    "freeze_epochs": 5,
    "lr": 0.001,
    "d_model": 32,
    "seed": 1234,
    "batch_size": 64,
    "dropout": 0.1,
    "save_model": true,
    "save_dir": "./export/c12/smart/seed_1234",
    "local_rank": 0,
    "e_layers": 2,
    "n_heads": 4,
    "time_dim": 16,
    "use_film": false
}
2026-02-23 23:07:16,954 Dataset Loaded.
2026-02-23 23:07:17,815 last saved model is in epoch 11
2026-02-23 23:07:26,861 [[988  27]
 [148  35]]
2026-02-23 23:07:26,864 AUC of ROC = 0.7179
2026-02-23 23:07:26,864 AUC of PRC = 0.3359
2026-02-23 23:07:26,865 min(+P, Se) = 0.3716
2026-02-23 23:07:26,865 f1_score = 0.2857
2026-02-23 23:07:26,866 Epoch 1: Train Loss 0.4379, Valid Loss 0.3700
2026-02-23 23:07:26,866 ----- Save best model - auprc: 0.3359 -----
2026-02-23 23:07:35,710 [[1010    5]
 [ 176    7]]
2026-02-23 23:07:35,712 AUC of ROC = 0.7355
2026-02-23 23:07:35,712 AUC of PRC = 0.3380
2026-02-23 23:07:35,713 min(+P, Se) = 0.3782
2026-02-23 23:07:35,713 f1_score = 0.0718
2026-02-23 23:07:35,713 Epoch 2: Train Loss 0.3659, Valid Loss 0.4690
2026-02-23 23:07:35,714 ----- Save best model - auprc: 0.3380 -----
2026-02-23 23:07:44,623 [[1009    6]
 [ 175    8]]
2026-02-23 23:07:44,626 AUC of ROC = 0.7477
2026-02-23 23:07:44,626 AUC of PRC = 0.3625
2026-02-23 23:07:44,627 min(+P, Se) = 0.3661
2026-02-23 23:07:44,628 f1_score = 0.0812
2026-02-23 23:07:44,628 Epoch 3: Train Loss 0.3655, Valid Loss 0.3952
2026-02-23 23:07:44,629 ----- Save best model - auprc: 0.3625 -----
2026-02-23 23:07:53,555 [[1008    7]
 [ 173   10]]
2026-02-23 23:07:53,557 AUC of ROC = 0.7571
2026-02-23 23:07:53,558 AUC of PRC = 0.3976
2026-02-23 23:07:53,558 min(+P, Se) = 0.3934
2026-02-23 23:07:53,559 f1_score = 0.1000
2026-02-23 23:07:53,559 Epoch 4: Train Loss 0.3578, Valid Loss 0.3688
2026-02-23 23:07:53,560 ----- Save best model - auprc: 0.3976 -----
2026-02-23 23:08:02,471 [[1007    8]
 [ 171   12]]
2026-02-23 23:08:02,473 AUC of ROC = 0.7731
2026-02-23 23:08:02,474 AUC of PRC = 0.4147
2026-02-23 23:08:02,474 min(+P, Se) = 0.3934
2026-02-23 23:08:02,475 f1_score = 0.1182
2026-02-23 23:08:02,475 Epoch 5: Train Loss 0.3533, Valid Loss 0.3627
2026-02-23 23:08:02,476 ----- Save best model - auprc: 0.4147 -----
2026-02-23 23:08:17,433 [[1012    3]
 [ 171   12]]
2026-02-23 23:08:17,436 AUC of ROC = 0.8181
2026-02-23 23:08:17,437 AUC of PRC = 0.4475
2026-02-23 23:08:17,437 min(+P, Se) = 0.4518
2026-02-23 23:08:17,437 f1_score = 0.1212
2026-02-23 23:08:17,438 Epoch 6: Train Loss 0.3497, Valid Loss 0.3676
2026-02-23 23:08:17,438 ----- Save best model - auprc: 0.4475 -----
2026-02-23 23:08:32,350 [[1011    4]
 [ 171   12]]
2026-02-23 23:08:32,352 AUC of ROC = 0.8065
2026-02-23 23:08:32,353 AUC of PRC = 0.4372
2026-02-23 23:08:32,353 min(+P, Se) = 0.4724
2026-02-23 23:08:32,354 f1_score = 0.1206
2026-02-23 23:08:32,354 Epoch 7: Train Loss 0.3266, Valid Loss 0.3401
2026-02-23 23:08:47,396 [[996  19]
 [157  26]]
2026-02-23 23:08:47,399 AUC of ROC = 0.8382
2026-02-23 23:08:47,400 AUC of PRC = 0.4813
2026-02-23 23:08:47,400 min(+P, Se) = 0.4809
2026-02-23 23:08:47,400 f1_score = 0.2281
2026-02-23 23:08:47,401 Epoch 8: Train Loss 0.3162, Valid Loss 0.3223
2026-02-23 23:08:47,401 ----- Save best model - auprc: 0.4813 -----
2026-02-23 23:09:02,747 [[995  20]
 [144  39]]
2026-02-23 23:09:02,750 AUC of ROC = 0.8555
2026-02-23 23:09:02,751 AUC of PRC = 0.5118
2026-02-23 23:09:02,751 min(+P, Se) = 0.5082
2026-02-23 23:09:02,751 f1_score = 0.3223
2026-02-23 23:09:02,752 Epoch 9: Train Loss 0.3145, Valid Loss 0.3133
2026-02-23 23:09:02,753 ----- Save best model - auprc: 0.5118 -----
2026-02-23 23:09:17,975 [[981  34]
 [138  45]]
2026-02-23 23:09:17,978 AUC of ROC = 0.8516
2026-02-23 23:09:17,978 AUC of PRC = 0.4963
2026-02-23 23:09:17,979 min(+P, Se) = 0.5053
2026-02-23 23:09:17,979 f1_score = 0.3435
2026-02-23 23:09:17,980 Epoch 10: Train Loss 0.3131, Valid Loss 0.3133
2026-02-23 23:09:32,890 [[990  25]
 [146  37]]
2026-02-23 23:09:32,893 AUC of ROC = 0.8228
2026-02-23 23:09:32,893 AUC of PRC = 0.4672
2026-02-23 23:09:32,893 min(+P, Se) = 0.5027
2026-02-23 23:09:32,894 f1_score = 0.3020
2026-02-23 23:09:32,894 Epoch 11: Train Loss 0.3064, Valid Loss 0.3237
2026-02-23 23:09:47,745 [[999  16]
 [156  27]]
2026-02-23 23:09:47,748 AUC of ROC = 0.8426
2026-02-23 23:09:47,748 AUC of PRC = 0.4863
2026-02-23 23:09:47,748 min(+P, Se) = 0.5082
2026-02-23 23:09:47,749 f1_score = 0.2389
2026-02-23 23:09:47,749 Epoch 12: Train Loss 0.3079, Valid Loss 0.3324
2026-02-23 23:10:02,758 [[1004   11]
 [ 161   22]]
2026-02-23 23:10:02,761 AUC of ROC = 0.8480
2026-02-23 23:10:02,761 AUC of PRC = 0.5176
2026-02-23 23:10:02,761 min(+P, Se) = 0.5355
2026-02-23 23:10:02,762 f1_score = 0.2037
2026-02-23 23:10:02,762 Epoch 13: Train Loss 0.3031, Valid Loss 0.3267
2026-02-23 23:10:02,762 ----- Save best model - auprc: 0.5176 -----
2026-02-23 23:10:17,701 [[968  47]
 [115  68]]
2026-02-23 23:10:17,704 AUC of ROC = 0.8431
2026-02-23 23:10:17,704 AUC of PRC = 0.4955
2026-02-23 23:10:17,705 min(+P, Se) = 0.5301
2026-02-23 23:10:17,705 f1_score = 0.4564
2026-02-23 23:10:17,705 Epoch 14: Train Loss 0.3081, Valid Loss 0.3129
2026-02-23 23:10:32,797 [[987  28]
 [137  46]]
2026-02-23 23:10:32,800 AUC of ROC = 0.8470
2026-02-23 23:10:32,800 AUC of PRC = 0.5086
2026-02-23 23:10:32,801 min(+P, Se) = 0.5217
2026-02-23 23:10:32,802 f1_score = 0.3580
2026-02-23 23:10:32,802 Epoch 15: Train Loss 0.3041, Valid Loss 0.3206
2026-02-23 23:10:47,687 [[970  45]
 [119  64]]
2026-02-23 23:10:47,690 AUC of ROC = 0.8418
2026-02-23 23:10:47,690 AUC of PRC = 0.4830
2026-02-23 23:10:47,691 min(+P, Se) = 0.5105
2026-02-23 23:10:47,691 f1_score = 0.4384
2026-02-23 23:10:47,691 Epoch 16: Train Loss 0.2978, Valid Loss 0.3194
2026-02-23 23:11:02,865 [[991  24]
 [139  44]]
2026-02-23 23:11:02,868 AUC of ROC = 0.8433
2026-02-23 23:11:02,869 AUC of PRC = 0.5101
2026-02-23 23:11:02,869 min(+P, Se) = 0.4918
2026-02-23 23:11:02,869 f1_score = 0.3506
2026-02-23 23:11:02,870 Epoch 17: Train Loss 0.2983, Valid Loss 0.3209
2026-02-23 23:11:18,174 [[985  30]
 [126  57]]
2026-02-23 23:11:18,176 AUC of ROC = 0.8504
2026-02-23 23:11:18,176 AUC of PRC = 0.5076
2026-02-23 23:11:18,177 min(+P, Se) = 0.5000
2026-02-23 23:11:18,177 f1_score = 0.4222
2026-02-23 23:11:18,177 Epoch 18: Train Loss 0.2972, Valid Loss 0.3128
2026-02-23 23:11:33,095 [[993  22]
 [144  39]]
2026-02-23 23:11:33,098 AUC of ROC = 0.8468
2026-02-23 23:11:33,099 AUC of PRC = 0.5102
2026-02-23 23:11:33,100 min(+P, Se) = 0.5137
2026-02-23 23:11:33,101 f1_score = 0.3197
2026-02-23 23:11:33,101 Epoch 19: Train Loss 0.2954, Valid Loss 0.3163
2026-02-23 23:11:47,976 [[982  33]
 [126  57]]
2026-02-23 23:11:47,979 AUC of ROC = 0.8514
2026-02-23 23:11:47,979 AUC of PRC = 0.5242
2026-02-23 23:11:47,980 min(+P, Se) = 0.4973
2026-02-23 23:11:47,980 f1_score = 0.4176
2026-02-23 23:11:47,980 Epoch 20: Train Loss 0.2994, Valid Loss 0.3100
2026-02-23 23:11:47,981 ----- Save best model - auprc: 0.5242 -----
2026-02-23 23:12:02,987 [[990  25]
 [139  44]]
2026-02-23 23:12:02,990 AUC of ROC = 0.8470
2026-02-23 23:12:02,990 AUC of PRC = 0.5146
2026-02-23 23:12:02,990 min(+P, Se) = 0.4918
2026-02-23 23:12:02,991 f1_score = 0.3492
2026-02-23 23:12:02,991 Epoch 21: Train Loss 0.2962, Valid Loss 0.3228
2026-02-23 23:12:17,919 [[959  56]
 [108  75]]
2026-02-23 23:12:17,921 AUC of ROC = 0.8347
2026-02-23 23:12:17,922 AUC of PRC = 0.4943
2026-02-23 23:12:17,922 min(+P, Se) = 0.5054
2026-02-23 23:12:17,922 f1_score = 0.4777
2026-02-23 23:12:17,923 Epoch 22: Train Loss 0.2942, Valid Loss 0.3186
2026-02-23 23:12:32,871 [[971  44]
 [115  68]]
2026-02-23 23:12:32,873 AUC of ROC = 0.8588
2026-02-23 23:12:32,874 AUC of PRC = 0.5327
2026-02-23 23:12:32,874 min(+P, Se) = 0.5163
2026-02-23 23:12:32,874 f1_score = 0.4610
2026-02-23 23:12:32,875 Epoch 23: Train Loss 0.2949, Valid Loss 0.3104
2026-02-23 23:12:32,875 ----- Save best model - auprc: 0.5327 -----
2026-02-23 23:12:47,832 [[984  31]
 [131  52]]
2026-02-23 23:12:47,834 AUC of ROC = 0.8524
2026-02-23 23:12:47,835 AUC of PRC = 0.5186
2026-02-23 23:12:47,835 min(+P, Se) = 0.5108
2026-02-23 23:12:47,836 f1_score = 0.3910
2026-02-23 23:12:47,836 Epoch 24: Train Loss 0.2901, Valid Loss 0.3091
2026-02-23 23:13:02,789 [[996  19]
 [144  39]]
2026-02-23 23:13:02,791 AUC of ROC = 0.8549
2026-02-23 23:13:02,792 AUC of PRC = 0.5274
2026-02-23 23:13:02,792 min(+P, Se) = 0.5101
2026-02-23 23:13:02,793 f1_score = 0.3237
2026-02-23 23:13:02,794 Epoch 25: Train Loss 0.2890, Valid Loss 0.3197
2026-02-23 23:13:02,815 last saved model is in epoch 23
2026-02-23 23:13:03,750 [[971  49]
 [110  70]]
2026-02-23 23:13:03,752 AUC of ROC = 0.8572
2026-02-23 23:13:03,753 AUC of PRC = 0.4928
2026-02-23 23:13:03,753 min(+P, Se) = 0.5166
2026-02-23 23:13:03,753 f1_score = 0.4682
2026-02-23 23:13:03,754 Test Loss 0.3168
