2026-02-24 02:06:18,437 {
    "dataset": "c12",
    "data_dropout": 0.0,
    "epochs": 25,
    "lr": 0.001,
    "d_model": 32,
    "seed": 42,
    "batch_size": 64,
    "dropout": 0.1,
    "save_model": true,
    "save_dir": "./export/c12/smart-film/seed_42",
    "local_rank": 0,
    "min_mask_ratio": 0.0,
    "max_mask_ratio": 0.75,
    "e_layers": 2,
    "n_heads": 4,
    "time_dim": 16,
    "use_film": true
}
2026-02-24 02:06:25,801 Dataset Loaded.
2026-02-24 02:06:48,238 Epoch 1: Train Loss 6.0310, Valid Loss 2.3590
2026-02-24 02:06:48,240 ----- Save best model - L1: 2.3590 -----
2026-02-24 02:07:09,751 Epoch 2: Train Loss 2.5485, Valid Loss 1.8237
2026-02-24 02:07:09,752 ----- Save best model - L1: 1.8237 -----
2026-02-24 02:07:31,309 Epoch 3: Train Loss 2.2064, Valid Loss 1.5969
2026-02-24 02:07:31,310 ----- Save best model - L1: 1.5969 -----
2026-02-24 02:07:52,956 Epoch 4: Train Loss 2.1164, Valid Loss 1.5144
2026-02-24 02:07:52,957 ----- Save best model - L1: 1.5144 -----
2026-02-24 02:08:14,699 Epoch 5: Train Loss 2.0723, Valid Loss 1.4605
2026-02-24 02:08:14,700 ----- Save best model - L1: 1.4605 -----
2026-02-24 02:08:36,256 Epoch 6: Train Loss 2.0357, Valid Loss 1.5946
2026-02-24 02:08:57,824 Epoch 7: Train Loss 1.9891, Valid Loss 1.5057
2026-02-24 02:09:19,393 Epoch 8: Train Loss 1.9812, Valid Loss 1.4558
2026-02-24 02:09:19,394 ----- Save best model - L1: 1.4558 -----
2026-02-24 02:09:40,916 Epoch 9: Train Loss 1.9496, Valid Loss 1.4018
2026-02-24 02:09:40,917 ----- Save best model - L1: 1.4018 -----
2026-02-24 02:10:02,529 Epoch 10: Train Loss 1.8906, Valid Loss 1.3091
2026-02-24 02:10:02,530 ----- Save best model - L1: 1.3091 -----
2026-02-24 02:10:24,158 Epoch 11: Train Loss 1.8562, Valid Loss 1.4262
2026-02-24 02:10:45,714 Epoch 12: Train Loss 1.8300, Valid Loss 1.2901
2026-02-24 02:10:45,715 ----- Save best model - L1: 1.2901 -----
2026-02-24 02:11:07,498 Epoch 13: Train Loss 1.8235, Valid Loss 1.2514
2026-02-24 02:11:07,499 ----- Save best model - L1: 1.2514 -----
2026-02-24 02:11:29,170 Epoch 14: Train Loss 1.7966, Valid Loss 1.2654
2026-02-24 02:11:50,822 Epoch 15: Train Loss 1.7854, Valid Loss 1.2247
2026-02-24 02:11:50,823 ----- Save best model - L1: 1.2247 -----
2026-02-24 02:12:12,559 Epoch 16: Train Loss 1.7593, Valid Loss 1.1757
2026-02-24 02:12:12,560 ----- Save best model - L1: 1.1757 -----
2026-02-24 02:12:34,226 Epoch 17: Train Loss 1.7382, Valid Loss 1.2320
2026-02-24 02:12:55,893 Epoch 18: Train Loss 1.7692, Valid Loss 1.1673
2026-02-24 02:12:55,894 ----- Save best model - L1: 1.1673 -----
2026-02-24 02:13:17,518 Epoch 19: Train Loss 1.7220, Valid Loss 1.1615
2026-02-24 02:13:17,519 ----- Save best model - L1: 1.1615 -----
2026-02-24 02:13:39,194 Epoch 20: Train Loss 1.7314, Valid Loss 1.2195
2026-02-24 02:14:01,017 Epoch 21: Train Loss 1.7108, Valid Loss 1.1965
2026-02-24 02:14:22,752 Epoch 22: Train Loss 1.6984, Valid Loss 1.1992
2026-02-24 02:14:44,332 Epoch 23: Train Loss 1.6827, Valid Loss 1.1933
2026-02-24 02:15:06,029 Epoch 24: Train Loss 1.6860, Valid Loss 1.1647
2026-02-24 02:15:27,708 Epoch 25: Train Loss 1.7064, Valid Loss 1.1189
2026-02-24 02:15:27,708 ----- Save best model - L1: 1.1189 -----
2026-02-24 02:15:27,817 last saved model is in epoch 25
2026-02-24 02:15:29,365 Test Loss 1.2156
2026-02-24 02:15:32,235 {
    "dataset": "c12",
    "data_dropout": 0.0,
    "epochs": 25,
    "freeze_epochs": 5,
    "lr": 0.001,
    "d_model": 32,
    "seed": 42,
    "batch_size": 64,
    "dropout": 0.1,
    "save_model": true,
    "save_dir": "./export/c12/smart-film/seed_42",
    "local_rank": 0,
    "e_layers": 2,
    "n_heads": 4,
    "time_dim": 16,
    "use_film": true
}
2026-02-24 02:15:37,876 Dataset Loaded.
2026-02-24 02:15:38,901 last saved model is in epoch 25
2026-02-24 02:15:47,591 [[1025    9]
 [ 154   10]]
2026-02-24 02:15:47,594 AUC of ROC = 0.7552
2026-02-24 02:15:47,595 AUC of PRC = 0.3059
2026-02-24 02:15:47,595 min(+P, Se) = 0.3246
2026-02-24 02:15:47,596 f1_score = 0.1093
2026-02-24 02:15:47,596 Epoch 1: Train Loss 0.5063, Valid Loss 0.3634
2026-02-24 02:15:47,597 ----- Save best model - auprc: 0.3059 -----
2026-02-24 02:15:56,413 [[984  50]
 [124  40]]
2026-02-24 02:15:56,416 AUC of ROC = 0.7716
2026-02-24 02:15:56,416 AUC of PRC = 0.3176
2026-02-24 02:15:56,417 min(+P, Se) = 0.3466
2026-02-24 02:15:56,417 f1_score = 0.3150
2026-02-24 02:15:56,418 Epoch 2: Train Loss 0.4001, Valid Loss 0.3435
2026-02-24 02:15:56,419 ----- Save best model - auprc: 0.3176 -----
2026-02-24 02:16:05,078 [[1003   31]
 [ 129   35]]
2026-02-24 02:16:05,080 AUC of ROC = 0.7724
2026-02-24 02:16:05,081 AUC of PRC = 0.3205
2026-02-24 02:16:05,081 min(+P, Se) = 0.3873
2026-02-24 02:16:05,082 f1_score = 0.3043
2026-02-24 02:16:05,082 Epoch 3: Train Loss 0.3863, Valid Loss 0.3199
2026-02-24 02:16:05,083 ----- Save best model - auprc: 0.3205 -----
2026-02-24 02:16:13,565 [[1029    5]
 [ 154   10]]
2026-02-24 02:16:13,568 AUC of ROC = 0.7789
2026-02-24 02:16:13,568 AUC of PRC = 0.3420
2026-02-24 02:16:13,569 min(+P, Se) = 0.3552
2026-02-24 02:16:13,569 f1_score = 0.1117
2026-02-24 02:16:13,569 Epoch 4: Train Loss 0.3684, Valid Loss 0.3377
2026-02-24 02:16:13,570 ----- Save best model - auprc: 0.3420 -----
2026-02-24 02:16:22,077 [[1013   21]
 [ 144   20]]
2026-02-24 02:16:22,080 AUC of ROC = 0.7841
2026-02-24 02:16:22,081 AUC of PRC = 0.3335
2026-02-24 02:16:22,081 min(+P, Se) = 0.3717
2026-02-24 02:16:22,081 f1_score = 0.1951
2026-02-24 02:16:22,082 Epoch 5: Train Loss 0.3788, Valid Loss 0.3354
2026-02-24 02:16:37,044 [[1027    7]
 [ 146   18]]
2026-02-24 02:16:37,046 AUC of ROC = 0.8115
2026-02-24 02:16:37,047 AUC of PRC = 0.4633
2026-02-24 02:16:37,047 min(+P, Se) = 0.4485
2026-02-24 02:16:37,047 f1_score = 0.1905
2026-02-24 02:16:37,048 Epoch 6: Train Loss 0.3536, Valid Loss 0.3097
2026-02-24 02:16:37,048 ----- Save best model - auprc: 0.4633 -----
2026-02-24 02:16:52,163 [[1016   18]
 [ 124   40]]
2026-02-24 02:16:52,166 AUC of ROC = 0.8524
2026-02-24 02:16:52,166 AUC of PRC = 0.5184
2026-02-24 02:16:52,167 min(+P, Se) = 0.4909
2026-02-24 02:16:52,167 f1_score = 0.3604
2026-02-24 02:16:52,168 Epoch 7: Train Loss 0.3278, Valid Loss 0.2836
2026-02-24 02:16:52,168 ----- Save best model - auprc: 0.5184 -----
2026-02-24 02:17:07,222 [[1020   14]
 [ 124   40]]
2026-02-24 02:17:07,225 AUC of ROC = 0.8542
2026-02-24 02:17:07,225 AUC of PRC = 0.5318
2026-02-24 02:17:07,225 min(+P, Se) = 0.4828
2026-02-24 02:17:07,226 f1_score = 0.3670
2026-02-24 02:17:07,227 Epoch 8: Train Loss 0.3179, Valid Loss 0.2828
2026-02-24 02:17:07,227 ----- Save best model - auprc: 0.5318 -----
2026-02-24 02:17:22,313 [[1018   16]
 [ 128   36]]
2026-02-24 02:17:22,315 AUC of ROC = 0.8572
2026-02-24 02:17:22,315 AUC of PRC = 0.5291
2026-02-24 02:17:22,316 min(+P, Se) = 0.5366
2026-02-24 02:17:22,316 f1_score = 0.3333
2026-02-24 02:17:22,316 Epoch 9: Train Loss 0.3167, Valid Loss 0.2852
2026-02-24 02:17:37,436 [[1019   15]
 [ 119   45]]
2026-02-24 02:17:37,439 AUC of ROC = 0.8622
2026-02-24 02:17:37,439 AUC of PRC = 0.5504
2026-02-24 02:17:37,439 min(+P, Se) = 0.5114
2026-02-24 02:17:37,440 f1_score = 0.4018
2026-02-24 02:17:37,440 Epoch 10: Train Loss 0.3080, Valid Loss 0.2782
2026-02-24 02:17:37,441 ----- Save best model - auprc: 0.5504 -----
2026-02-24 02:17:52,657 [[1016   18]
 [ 119   45]]
2026-02-24 02:17:52,660 AUC of ROC = 0.8660
2026-02-24 02:17:52,660 AUC of PRC = 0.5513
2026-02-24 02:17:52,661 min(+P, Se) = 0.5183
2026-02-24 02:17:52,662 f1_score = 0.3965
2026-02-24 02:17:52,663 Epoch 11: Train Loss 0.3061, Valid Loss 0.2767
2026-02-24 02:17:52,664 ----- Save best model - auprc: 0.5513 -----
2026-02-24 02:18:07,827 [[1010   24]
 [ 115   49]]
2026-02-24 02:18:07,829 AUC of ROC = 0.8584
2026-02-24 02:18:07,830 AUC of PRC = 0.5382
2026-02-24 02:18:07,830 min(+P, Se) = 0.4939
2026-02-24 02:18:07,830 f1_score = 0.4135
2026-02-24 02:18:07,831 Epoch 12: Train Loss 0.3055, Valid Loss 0.2779
2026-02-24 02:18:22,892 [[1023   11]
 [ 127   37]]
2026-02-24 02:18:22,894 AUC of ROC = 0.8692
2026-02-24 02:18:22,895 AUC of PRC = 0.5600
2026-02-24 02:18:22,895 min(+P, Se) = 0.5305
2026-02-24 02:18:22,895 f1_score = 0.3491
2026-02-24 02:18:22,895 Epoch 13: Train Loss 0.3022, Valid Loss 0.2866
2026-02-24 02:18:22,896 ----- Save best model - auprc: 0.5600 -----
2026-02-24 02:18:38,622 [[1027    7]
 [ 141   23]]
2026-02-24 02:18:38,626 AUC of ROC = 0.8657
2026-02-24 02:18:38,627 AUC of PRC = 0.5576
2026-02-24 02:18:38,628 min(+P, Se) = 0.5325
2026-02-24 02:18:38,628 f1_score = 0.2371
2026-02-24 02:18:38,629 Epoch 14: Train Loss 0.3077, Valid Loss 0.2838
2026-02-24 02:18:54,195 [[1020   14]
 [ 117   47]]
2026-02-24 02:18:54,198 AUC of ROC = 0.8675
2026-02-24 02:18:54,198 AUC of PRC = 0.5556
2026-02-24 02:18:54,198 min(+P, Se) = 0.5183
2026-02-24 02:18:54,199 f1_score = 0.4178
2026-02-24 02:18:54,199 Epoch 15: Train Loss 0.2994, Valid Loss 0.2728
2026-02-24 02:19:09,397 [[1023   11]
 [ 128   36]]
2026-02-24 02:19:09,399 AUC of ROC = 0.8684
2026-02-24 02:19:09,400 AUC of PRC = 0.5620
2026-02-24 02:19:09,400 min(+P, Se) = 0.5061
2026-02-24 02:19:09,401 f1_score = 0.3412
2026-02-24 02:19:09,401 Epoch 16: Train Loss 0.2969, Valid Loss 0.2809
2026-02-24 02:19:09,402 ----- Save best model - auprc: 0.5620 -----
2026-02-24 02:19:24,567 [[1006   28]
 [ 109   55]]
2026-02-24 02:19:24,569 AUC of ROC = 0.8698
2026-02-24 02:19:24,570 AUC of PRC = 0.5659
2026-02-24 02:19:24,571 min(+P, Se) = 0.5244
2026-02-24 02:19:24,572 f1_score = 0.4453
2026-02-24 02:19:24,572 Epoch 17: Train Loss 0.2972, Valid Loss 0.2705
2026-02-24 02:19:24,573 ----- Save best model - auprc: 0.5659 -----
2026-02-24 02:19:39,674 [[1015   19]
 [ 118   46]]
2026-02-24 02:19:39,675 AUC of ROC = 0.8683
2026-02-24 02:19:39,676 AUC of PRC = 0.5535
2026-02-24 02:19:39,676 min(+P, Se) = 0.5091
2026-02-24 02:19:39,676 f1_score = 0.4017
2026-02-24 02:19:39,677 Epoch 18: Train Loss 0.2963, Valid Loss 0.2739
2026-02-24 02:19:54,832 [[1022   12]
 [ 128   36]]
2026-02-24 02:19:54,834 AUC of ROC = 0.8737
2026-02-24 02:19:54,835 AUC of PRC = 0.5635
2026-02-24 02:19:54,835 min(+P, Se) = 0.5122
2026-02-24 02:19:54,835 f1_score = 0.3396
2026-02-24 02:19:54,836 Epoch 19: Train Loss 0.2950, Valid Loss 0.2815
2026-02-24 02:20:10,015 [[1008   26]
 [ 113   51]]
2026-02-24 02:20:10,018 AUC of ROC = 0.8758
2026-02-24 02:20:10,019 AUC of PRC = 0.5813
2026-02-24 02:20:10,019 min(+P, Se) = 0.5269
2026-02-24 02:20:10,020 f1_score = 0.4232
2026-02-24 02:20:10,020 Epoch 20: Train Loss 0.2985, Valid Loss 0.2751
2026-02-24 02:20:10,021 ----- Save best model - auprc: 0.5813 -----
2026-02-24 02:20:25,198 [[1010   24]
 [ 108   56]]
2026-02-24 02:20:25,200 AUC of ROC = 0.8662
2026-02-24 02:20:25,200 AUC of PRC = 0.5562
2026-02-24 02:20:25,201 min(+P, Se) = 0.5244
2026-02-24 02:20:25,201 f1_score = 0.4590
2026-02-24 02:20:25,202 Epoch 21: Train Loss 0.2931, Valid Loss 0.2736
2026-02-24 02:20:40,368 [[1025    9]
 [ 129   35]]
2026-02-24 02:20:40,370 AUC of ROC = 0.8579
2026-02-24 02:20:40,371 AUC of PRC = 0.5418
2026-02-24 02:20:40,371 min(+P, Se) = 0.4727
2026-02-24 02:20:40,371 f1_score = 0.3365
2026-02-24 02:20:40,372 Epoch 22: Train Loss 0.2956, Valid Loss 0.3006
2026-02-24 02:20:55,570 [[1014   20]
 [ 114   50]]
2026-02-24 02:20:55,573 AUC of ROC = 0.8712
2026-02-24 02:20:55,573 AUC of PRC = 0.5623
2026-02-24 02:20:55,574 min(+P, Se) = 0.5122
2026-02-24 02:20:55,575 f1_score = 0.4274
2026-02-24 02:20:55,575 Epoch 23: Train Loss 0.2935, Valid Loss 0.2721
2026-02-24 02:21:10,697 [[1015   19]
 [ 116   48]]
2026-02-24 02:21:10,699 AUC of ROC = 0.8745
2026-02-24 02:21:10,699 AUC of PRC = 0.5782
2026-02-24 02:21:10,700 min(+P, Se) = 0.5427
2026-02-24 02:21:10,700 f1_score = 0.4156
2026-02-24 02:21:10,700 Epoch 24: Train Loss 0.2896, Valid Loss 0.2695
2026-02-24 02:21:25,811 [[989  45]
 [ 97  67]]
2026-02-24 02:21:25,813 AUC of ROC = 0.8759
2026-02-24 02:21:25,813 AUC of PRC = 0.5591
2026-02-24 02:21:25,814 min(+P, Se) = 0.5482
2026-02-24 02:21:25,814 f1_score = 0.4855
2026-02-24 02:21:25,814 Epoch 25: Train Loss 0.2919, Valid Loss 0.2744
2026-02-24 02:21:25,834 last saved model is in epoch 20
2026-02-24 02:21:26,768 [[991  18]
 [139  52]]
2026-02-24 02:21:26,770 AUC of ROC = 0.8565
2026-02-24 02:21:26,770 AUC of PRC = 0.5698
2026-02-24 02:21:26,771 min(+P, Se) = 0.5477
2026-02-24 02:21:26,771 f1_score = 0.3985
2026-02-24 02:21:26,771 Test Loss 0.3151
