2026-04-16 15:09:27,590 {
    "dataset": "c19",
    "data_dropout": 0.0,
    "epochs": 25,
    "lr": 0.001,
    "d_model": 32,
    "seed": 1,
    "batch_size": 64,
    "dropout": 0.1,
    "save_model": true,
    "save_dir": "./export/c19/smart-smile-v2-no-cross-attn/seed_1",
    "local_rank": 0,
    "min_mask_ratio": 0.15,
    "max_mask_ratio": 0.75,
    "e_layers": 2,
    "n_heads": 4,
    "time_dim": 16,
    "use_film": false,
    "use_smile": false,
    "use_smile_film": false,
    "use_smile_v2": true,
    "use_smile_v2_film": false,
    "use_smile_lean": false,
    "use_smile_lean_samepretrain": false,
    "use_smile_lean_v2": false,
    "use_mnar": false,
    "save_last": true,
    "smile_no_mnar": false,
    "smile_no_curriculum": false,
    "smile_mask_type": "all",
    "smile_mnar_dropout": 0.05,
    "obs_density_window": 5,
    "abl_no_density": false,
    "abl_no_mnar_bias": false,
    "abl_no_film": false,
    "abl_no_time_mnar": false,
    "abl_no_time_pe": false,
    "abl_no_cross_attn": true,
    "abl_no_mnar_cls": false,
    "pretrain_mask_mode": "fixed",
    "ratio_temperature": 1.0,
    "smile_stratified": false,
    "smile_mask_weights": null
}
2026-04-16 15:09:32,463 Dataset Loaded.
2026-04-16 15:09:32,464 system_groups: {'Vital_Basic': 7, 'Resp_Gas': 7, 'Liver_Enzyme': 2, 'Renal': 3, 'Coagulation': 3, 'CBC': 3, 'Bilirubin': 2}
2026-04-16 15:10:14,965 Epoch 1: Train Loss 0.0923, Valid Loss 0.0347, EMA Val 0.0347
2026-04-16 15:10:52,793 Epoch 2: Train Loss 0.0625, Valid Loss 0.0283, EMA Val 0.0328
2026-04-16 15:11:30,601 Epoch 3: Train Loss 0.0504, Valid Loss 0.0279, EMA Val 0.0313
2026-04-16 15:12:08,487 Epoch 4: Train Loss 0.0491, Valid Loss 0.0318, EMA Val 0.0314
2026-04-16 15:12:42,648 Epoch 5: Train Loss 0.0528, Valid Loss 0.0347, EMA Val 0.0324
2026-04-16 15:13:18,022 Epoch 6: Train Loss 0.0540, Valid Loss 0.0347, EMA Val 0.0331
2026-04-16 15:13:52,919 Epoch 7: Train Loss 0.0570, Valid Loss 0.0367, EMA Val 0.0342
2026-04-16 15:14:27,066 Epoch 8: Train Loss 0.0574, Valid Loss 0.0363, EMA Val 0.0348
2026-04-16 15:15:01,484 Epoch 9: Train Loss 0.0570, Valid Loss 0.0356, EMA Val 0.0351
2026-04-16 15:15:37,665 Epoch 10: Train Loss 0.0581, Valid Loss 0.0380, EMA Val 0.0359
2026-04-16 15:16:14,161 Epoch 11: Train Loss 0.0614, Valid Loss 0.0381, EMA Val 0.0366
2026-04-16 15:16:50,359 Epoch 12: Train Loss 0.0639, Valid Loss 0.0381, EMA Val 0.0370
2026-04-16 15:17:26,233 Epoch 13: Train Loss 0.0678, Valid Loss 0.0394, EMA Val 0.0378
2026-04-16 15:18:02,375 Epoch 14: Train Loss 0.0698, Valid Loss 0.0405, EMA Val 0.0386
2026-04-16 15:18:38,105 Epoch 15: Train Loss 0.0716, Valid Loss 0.0409, EMA Val 0.0393
2026-04-16 15:19:13,616 Epoch 16: Train Loss 0.0762, Valid Loss 0.0447, EMA Val 0.0409
2026-04-16 15:19:48,725 Epoch 17: Train Loss 0.0802, Valid Loss 0.0453, EMA Val 0.0422
2026-04-16 15:20:23,909 Epoch 18: Train Loss 0.0834, Valid Loss 0.0435, EMA Val 0.0426
2026-04-16 15:21:00,537 Epoch 19: Train Loss 0.0860, Valid Loss 0.0447, EMA Val 0.0432
2026-04-16 15:21:36,274 Epoch 20: Train Loss 0.0890, Valid Loss 0.0507, EMA Val 0.0455
2026-04-16 15:22:11,735 Epoch 21: Train Loss 0.0922, Valid Loss 0.0484, EMA Val 0.0463
2026-04-16 15:22:47,066 Epoch 22: Train Loss 0.0957, Valid Loss 0.0511, EMA Val 0.0478
2026-04-16 15:23:22,584 Epoch 23: Train Loss 0.0984, Valid Loss 0.0535, EMA Val 0.0495
2026-04-16 15:23:58,952 Epoch 24: Train Loss 0.1012, Valid Loss 0.0494, EMA Val 0.0495
2026-04-16 15:24:34,602 Epoch 25: Train Loss 0.1012, Valid Loss 0.0491, EMA Val 0.0494
2026-04-16 15:24:34,603 ----- Save last epoch model - L1: 0.0494 -----
2026-04-16 15:24:34,639 last saved model is in epoch 25
2026-04-16 15:24:37,506 Test Loss 0.0498
2026-04-16 15:24:44,161 {
    "dataset": "c19",
    "data_dropout": 0.0,
    "epochs": 35,
    "freeze_epochs": 5,
    "lr": 0.001,
    "d_model": 32,
    "seed": 1,
    "batch_size": 64,
    "dropout": 0.1,
    "save_model": true,
    "save_dir": "./export/c19/smart-smile-v2-no-cross-attn/seed_1",
    "pretrain_dir": null,
    "local_rank": 0,
    "e_layers": 2,
    "n_heads": 4,
    "time_dim": 16,
    "use_film": false,
    "use_smile": false,
    "use_smile_film": false,
    "use_mnar": false,
    "use_smile_v2": true,
    "use_smile_v2_film": false,
    "use_smile_lean": false,
    "use_smile_lean_samepretrain": false,
    "use_smile_lean_v2": false,
    "obs_density_window": 5,
    "abl_no_density": false,
    "abl_no_mnar_bias": false,
    "abl_no_film": false,
    "abl_no_time_mnar": false,
    "abl_no_time_pe": false,
    "abl_no_cross_attn": true,
    "abl_no_mnar_cls": false,
    "smile_no_mnar": false,
    "smile_no_curriculum": false,
    "smile_mask_type": "all",
    "smile_mnar_dropout": 0.05,
    "smile_mnar_dropout_initial": 0.0,
    "smile_stratified": false
}
2026-04-16 15:24:48,586 Dataset Loaded.
2026-04-16 15:24:50,733 Class weights: [0.5393641591072083, 6.850955486297607]
2026-04-16 15:24:50,747 last saved model is in epoch 25
2026-04-16 15:25:13,790 [[2982  756]
 [  60  235]]
2026-04-16 15:25:13,796 AUC of ROC = 0.8822
2026-04-16 15:25:13,796 AUC of PRC = 0.3705
2026-04-16 15:25:13,796 min(+P, Se) = 0.4175
2026-04-16 15:25:13,797 f1_score = 0.4629 (threshold = 0.7067)
2026-04-16 15:25:13,797 Epoch 1: Train Loss 0.5304, Valid Loss 0.4464
2026-04-16 15:25:13,800 ----- Save best model - auprc: 0.3705 -----
2026-04-16 15:25:36,075 [[3122  616]
 [  66  229]]
2026-04-16 15:25:36,080 AUC of ROC = 0.8929
2026-04-16 15:25:36,080 AUC of PRC = 0.4054
2026-04-16 15:25:36,081 min(+P, Se) = 0.4647
2026-04-16 15:25:36,081 f1_score = 0.4790 (threshold = 0.7023)
2026-04-16 15:25:36,081 Epoch 2: Train Loss 0.4690, Valid Loss 0.4317
2026-04-16 15:25:36,082 ----- Save best model - auprc: 0.4054 -----
2026-04-16 15:25:57,310 [[3356  382]
 [  99  196]]
2026-04-16 15:25:57,315 AUC of ROC = 0.8957
2026-04-16 15:25:57,315 AUC of PRC = 0.4115
2026-04-16 15:25:57,315 min(+P, Se) = 0.4595
2026-04-16 15:25:57,316 f1_score = 0.4770 (threshold = 0.3315)
2026-04-16 15:25:57,316 Epoch 3: Train Loss 0.4624, Valid Loss 0.4407
2026-04-16 15:25:57,316 ----- Save best model - auprc: 0.4115 -----
2026-04-16 15:26:19,526 [[3187  551]
 [  67  228]]
2026-04-16 15:26:19,531 AUC of ROC = 0.8992
2026-04-16 15:26:19,532 AUC of PRC = 0.4248
2026-04-16 15:26:19,532 min(+P, Se) = 0.4847
2026-04-16 15:26:19,532 f1_score = 0.4922 (threshold = 0.5287)
2026-04-16 15:26:19,533 Epoch 4: Train Loss 0.4597, Valid Loss 0.4145
2026-04-16 15:26:19,533 ----- Save best model - auprc: 0.4248 -----
2026-04-16 15:26:40,921 [[3018  720]
 [  51  244]]
2026-04-16 15:26:40,926 AUC of ROC = 0.8964
2026-04-16 15:26:40,926 AUC of PRC = 0.4393
2026-04-16 15:26:40,926 min(+P, Se) = 0.4730
2026-04-16 15:26:40,927 f1_score = 0.4801 (threshold = 0.7441)
2026-04-16 15:26:40,927 Epoch 5: Train Loss 0.4521, Valid Loss 0.4066
2026-04-16 15:26:40,928 ----- Save best model - auprc: 0.4393 -----
2026-04-16 15:27:09,552 [[3380  358]
 [  48  247]]
2026-04-16 15:27:09,557 AUC of ROC = 0.9430
2026-04-16 15:27:09,557 AUC of PRC = 0.6437
2026-04-16 15:27:09,557 min(+P, Se) = 0.6136
2026-04-16 15:27:09,557 f1_score = 0.6211 (threshold = 0.8239)
2026-04-16 15:27:09,558 Epoch 6: Train Loss 0.4112, Valid Loss 0.3004
2026-04-16 15:27:09,558 ----- Save best model - auprc: 0.6437 -----
2026-04-16 15:27:40,917 [[3366  372]
 [  41  254]]
2026-04-16 15:27:40,922 AUC of ROC = 0.9532
2026-04-16 15:27:40,923 AUC of PRC = 0.7040
2026-04-16 15:27:40,923 min(+P, Se) = 0.6610
2026-04-16 15:27:40,923 f1_score = 0.6700 (threshold = 1.1473)
2026-04-16 15:27:40,923 Epoch 7: Train Loss 0.3194, Valid Loss 0.2727
2026-04-16 15:27:40,924 ----- Save best model - auprc: 0.7040 -----
2026-04-16 15:28:15,972 [[3104  634]
 [  16  279]]
2026-04-16 15:28:15,977 AUC of ROC = 0.9609
2026-04-16 15:28:15,978 AUC of PRC = 0.7512
2026-04-16 15:28:15,978 min(+P, Se) = 0.6983
2026-04-16 15:28:15,978 f1_score = 0.7008 (threshold = 1.7315)
2026-04-16 15:28:15,978 Epoch 8: Train Loss 0.2937, Valid Loss 0.2983
2026-04-16 15:28:15,979 ----- Save best model - auprc: 0.7512 -----
2026-04-16 15:28:48,969 [[3336  402]
 [  31  264]]
2026-04-16 15:28:48,974 AUC of ROC = 0.9623
2026-04-16 15:28:48,974 AUC of PRC = 0.7576
2026-04-16 15:28:48,975 min(+P, Se) = 0.7186
2026-04-16 15:28:48,975 f1_score = 0.7229 (threshold = 1.8322)
2026-04-16 15:28:48,975 Epoch 9: Train Loss 0.2776, Valid Loss 0.2541
2026-04-16 15:28:48,976 ----- Save best model - auprc: 0.7576 -----
2026-04-16 15:29:21,075 [[3530  208]
 [  49  246]]
2026-04-16 15:29:21,080 AUC of ROC = 0.9613
2026-04-16 15:29:21,080 AUC of PRC = 0.7489
2026-04-16 15:29:21,080 min(+P, Se) = 0.7356
2026-04-16 15:29:21,081 f1_score = 0.7474 (threshold = 1.1106)
2026-04-16 15:29:21,081 Epoch 10: Train Loss 0.2749, Valid Loss 0.2745
2026-04-16 15:29:58,539 [[3574  164]
 [  57  238]]
2026-04-16 15:29:58,544 AUC of ROC = 0.9576
2026-04-16 15:29:58,544 AUC of PRC = 0.7466
2026-04-16 15:29:58,545 min(+P, Se) = 0.7119
2026-04-16 15:29:58,545 f1_score = 0.7185 (threshold = 0.5875)
2026-04-16 15:29:58,545 Epoch 11: Train Loss 0.2607, Valid Loss 0.2911
2026-04-16 15:30:33,654 [[3234  504]
 [  25  270]]
2026-04-16 15:30:33,659 AUC of ROC = 0.9631
2026-04-16 15:30:33,659 AUC of PRC = 0.7610
2026-04-16 15:30:33,659 min(+P, Se) = 0.7322
2026-04-16 15:30:33,660 f1_score = 0.7334 (threshold = 1.6732)
2026-04-16 15:30:33,660 Epoch 12: Train Loss 0.2489, Valid Loss 0.2650
2026-04-16 15:30:33,660 ----- Save best model - auprc: 0.7610 -----
2026-04-16 15:31:10,287 [[3413  325]
 [  36  259]]
2026-04-16 15:31:10,292 AUC of ROC = 0.9637
2026-04-16 15:31:10,292 AUC of PRC = 0.7637
2026-04-16 15:31:10,293 min(+P, Se) = 0.7254
2026-04-16 15:31:10,293 f1_score = 0.7336 (threshold = 1.3415)
2026-04-16 15:31:10,293 Epoch 13: Train Loss 0.2412, Valid Loss 0.2376
2026-04-16 15:31:10,294 ----- Save best model - auprc: 0.7637 -----
2026-04-16 15:31:41,750 [[3460  278]
 [  38  257]]
2026-04-16 15:31:41,755 AUC of ROC = 0.9644
2026-04-16 15:31:41,756 AUC of PRC = 0.7678
2026-04-16 15:31:41,756 min(+P, Se) = 0.7230
2026-04-16 15:31:41,756 f1_score = 0.7378 (threshold = 1.5418)
2026-04-16 15:31:41,756 Epoch 14: Train Loss 0.2372, Valid Loss 0.2525
2026-04-16 15:31:41,757 ----- Save best model - auprc: 0.7678 -----
2026-04-16 15:32:16,036 [[3527  211]
 [  43  252]]
2026-04-16 15:32:16,041 AUC of ROC = 0.9611
2026-04-16 15:32:16,042 AUC of PRC = 0.7741
2026-04-16 15:32:16,042 min(+P, Se) = 0.7230
2026-04-16 15:32:16,042 f1_score = 0.7386 (threshold = 1.2472)
2026-04-16 15:32:16,042 Epoch 15: Train Loss 0.2270, Valid Loss 0.2571
2026-04-16 15:32:16,043 ----- Save best model - auprc: 0.7741 -----
2026-04-16 15:32:47,108 [[3446  292]
 [  39  256]]
2026-04-16 15:32:47,114 AUC of ROC = 0.9642
2026-04-16 15:32:47,115 AUC of PRC = 0.7669
2026-04-16 15:32:47,115 min(+P, Se) = 0.7186
2026-04-16 15:32:47,115 f1_score = 0.7288 (threshold = 1.1506)
2026-04-16 15:32:47,116 Epoch 16: Train Loss 0.2104, Valid Loss 0.2484
2026-04-16 15:33:15,910 [[3430  308]
 [  40  255]]
2026-04-16 15:33:15,916 AUC of ROC = 0.9619
2026-04-16 15:33:15,916 AUC of PRC = 0.7728
2026-04-16 15:33:15,916 min(+P, Se) = 0.7119
2026-04-16 15:33:15,916 f1_score = 0.7315 (threshold = 1.8536)
2026-04-16 15:33:15,917 Epoch 17: Train Loss 0.2034, Valid Loss 0.2641
2026-04-16 15:33:43,863 [[3441  297]
 [  38  257]]
2026-04-16 15:33:43,868 AUC of ROC = 0.9618
2026-04-16 15:33:43,869 AUC of PRC = 0.7755
2026-04-16 15:33:43,869 min(+P, Se) = 0.7119
2026-04-16 15:33:43,869 f1_score = 0.7269 (threshold = 1.7473)
2026-04-16 15:33:43,870 Epoch 18: Train Loss 0.1927, Valid Loss 0.2716
2026-04-16 15:33:43,870 ----- Save best model - auprc: 0.7755 -----
2026-04-16 15:34:12,141 [[3522  216]
 [  49  246]]
2026-04-16 15:34:12,146 AUC of ROC = 0.9622
2026-04-16 15:34:12,147 AUC of PRC = 0.7526
2026-04-16 15:34:12,147 min(+P, Se) = 0.6892
2026-04-16 15:34:12,147 f1_score = 0.7018 (threshold = 1.0951)
2026-04-16 15:34:12,147 Epoch 19: Train Loss 0.1799, Valid Loss 0.2863
2026-04-16 15:34:40,542 [[3542  196]
 [  48  247]]
2026-04-16 15:34:40,547 AUC of ROC = 0.9645
2026-04-16 15:34:40,548 AUC of PRC = 0.7711
2026-04-16 15:34:40,548 min(+P, Se) = 0.7254
2026-04-16 15:34:40,548 f1_score = 0.7267 (threshold = 1.2477)
2026-04-16 15:34:40,549 Epoch 20: Train Loss 0.1645, Valid Loss 0.3012
2026-04-16 15:35:08,413 [[3506  232]
 [  43  252]]
2026-04-16 15:35:08,418 AUC of ROC = 0.9630
2026-04-16 15:35:08,418 AUC of PRC = 0.7772
2026-04-16 15:35:08,419 min(+P, Se) = 0.7220
2026-04-16 15:35:08,419 f1_score = 0.7246 (threshold = 1.5711)
2026-04-16 15:35:08,419 Epoch 21: Train Loss 0.1595, Valid Loss 0.3045
2026-04-16 15:35:08,420 ----- Save best model - auprc: 0.7772 -----
2026-04-16 15:35:39,435 [[3514  224]
 [  50  245]]
2026-04-16 15:35:39,440 AUC of ROC = 0.9608
2026-04-16 15:35:39,441 AUC of PRC = 0.7694
2026-04-16 15:35:39,441 min(+P, Se) = 0.7220
2026-04-16 15:35:39,441 f1_score = 0.7309 (threshold = 1.5958)
2026-04-16 15:35:39,442 Epoch 22: Train Loss 0.1476, Valid Loss 0.3176
2026-04-16 15:36:10,157 [[3530  208]
 [  49  246]]
2026-04-16 15:36:10,162 AUC of ROC = 0.9603
2026-04-16 15:36:10,163 AUC of PRC = 0.7691
2026-04-16 15:36:10,163 min(+P, Se) = 0.7297
2026-04-16 15:36:10,163 f1_score = 0.7361 (threshold = 1.3113)
2026-04-16 15:36:10,163 Epoch 23: Train Loss 0.1366, Valid Loss 0.3401
2026-04-16 15:36:42,555 [[3513  225]
 [  50  245]]
2026-04-16 15:36:42,560 AUC of ROC = 0.9581
2026-04-16 15:36:42,561 AUC of PRC = 0.7619
2026-04-16 15:36:42,561 min(+P, Se) = 0.7322
2026-04-16 15:36:42,561 f1_score = 0.7322 (threshold = 1.2408)
2026-04-16 15:36:42,562 Epoch 24: Train Loss 0.1227, Valid Loss 0.3423
2026-04-16 15:37:11,548 [[3478  260]
 [  45  250]]
2026-04-16 15:37:11,553 AUC of ROC = 0.9611
2026-04-16 15:37:11,554 AUC of PRC = 0.7764
2026-04-16 15:37:11,554 min(+P, Se) = 0.7356
2026-04-16 15:37:11,554 f1_score = 0.7387 (threshold = 1.2728)
2026-04-16 15:37:11,555 Epoch 25: Train Loss 0.1185, Valid Loss 0.3399
2026-04-16 15:37:45,721 [[3521  217]
 [  50  245]]
2026-04-16 15:37:45,726 AUC of ROC = 0.9594
2026-04-16 15:37:45,727 AUC of PRC = 0.7701
2026-04-16 15:37:45,727 min(+P, Se) = 0.7294
2026-04-16 15:37:45,727 f1_score = 0.7400 (threshold = 1.3012)
2026-04-16 15:37:45,727 Epoch 26: Train Loss 0.1104, Valid Loss 0.3513
2026-04-16 15:38:19,231 [[3500  238]
 [  50  245]]
2026-04-16 15:38:19,236 AUC of ROC = 0.9559
2026-04-16 15:38:19,237 AUC of PRC = 0.7634
2026-04-16 15:38:19,237 min(+P, Se) = 0.7153
2026-04-16 15:38:19,237 f1_score = 0.7244 (threshold = 1.0675)
2026-04-16 15:38:19,238 Epoch 27: Train Loss 0.1058, Valid Loss 0.3773
2026-04-16 15:38:50,005 [[3554  184]
 [  56  239]]
2026-04-16 15:38:50,011 AUC of ROC = 0.9574
2026-04-16 15:38:50,011 AUC of PRC = 0.7715
2026-04-16 15:38:50,011 min(+P, Se) = 0.7186
2026-04-16 15:38:50,011 f1_score = 0.7270 (threshold = 0.7732)
2026-04-16 15:38:50,012 Epoch 28: Train Loss 0.1003, Valid Loss 0.4103
2026-04-16 15:39:16,903 [[3547  191]
 [  55  240]]
2026-04-16 15:39:16,908 AUC of ROC = 0.9579
2026-04-16 15:39:16,908 AUC of PRC = 0.7718
2026-04-16 15:39:16,909 min(+P, Se) = 0.7085
2026-04-16 15:39:16,909 f1_score = 0.7233 (threshold = 1.6252)
2026-04-16 15:39:16,909 Epoch 29: Train Loss 0.0930, Valid Loss 0.4009
2026-04-16 15:39:48,204 [[3556  182]
 [  52  243]]
2026-04-16 15:39:48,209 AUC of ROC = 0.9574
2026-04-16 15:39:48,209 AUC of PRC = 0.7683
2026-04-16 15:39:48,210 min(+P, Se) = 0.7230
2026-04-16 15:39:48,210 f1_score = 0.7245 (threshold = 1.2694)
2026-04-16 15:39:48,210 Epoch 30: Train Loss 0.0891, Valid Loss 0.4253
2026-04-16 15:40:20,765 [[3566  172]
 [  56  239]]
2026-04-16 15:40:20,770 AUC of ROC = 0.9578
2026-04-16 15:40:20,770 AUC of PRC = 0.7696
2026-04-16 15:40:20,771 min(+P, Se) = 0.7220
2026-04-16 15:40:20,771 f1_score = 0.7261 (threshold = 1.1185)
2026-04-16 15:40:20,771 Epoch 31: Train Loss 0.0855, Valid Loss 0.4323
2026-04-16 15:40:52,432 [[3568  170]
 [  53  242]]
2026-04-16 15:40:52,437 AUC of ROC = 0.9590
2026-04-16 15:40:52,438 AUC of PRC = 0.7714
2026-04-16 15:40:52,438 min(+P, Se) = 0.7322
2026-04-16 15:40:52,438 f1_score = 0.7334 (threshold = 1.1823)
2026-04-16 15:40:52,439 Epoch 32: Train Loss 0.0805, Valid Loss 0.4345
2026-04-16 15:41:24,283 [[3559  179]
 [  54  241]]
2026-04-16 15:41:24,288 AUC of ROC = 0.9588
2026-04-16 15:41:24,288 AUC of PRC = 0.7746
2026-04-16 15:41:24,289 min(+P, Se) = 0.7267
2026-04-16 15:41:24,289 f1_score = 0.7387 (threshold = 1.3804)
2026-04-16 15:41:24,289 Epoch 33: Train Loss 0.0810, Valid Loss 0.4313
2026-04-16 15:41:56,691 [[3568  170]
 [  55  240]]
2026-04-16 15:41:56,697 AUC of ROC = 0.9588
2026-04-16 15:41:56,697 AUC of PRC = 0.7749
2026-04-16 15:41:56,697 min(+P, Se) = 0.7258
2026-04-16 15:41:56,697 f1_score = 0.7352 (threshold = 1.3308)
2026-04-16 15:41:56,698 Epoch 34: Train Loss 0.0783, Valid Loss 0.4412
2026-04-16 15:42:26,220 [[3570  168]
 [  56  239]]
2026-04-16 15:42:26,226 AUC of ROC = 0.9590
2026-04-16 15:42:26,226 AUC of PRC = 0.7751
2026-04-16 15:42:26,226 min(+P, Se) = 0.7254
2026-04-16 15:42:26,226 f1_score = 0.7326 (threshold = 1.3039)
2026-04-16 15:42:26,227 Epoch 35: Train Loss 0.0805, Valid Loss 0.4513
2026-04-16 15:42:26,236 last saved model is in epoch 21
2026-04-16 15:42:28,540 [[3547  205]
 [  37  245]]
2026-04-16 15:42:28,545 AUC of ROC = 0.9611
2026-04-16 15:42:28,545 AUC of PRC = 0.8215
2026-04-16 15:42:28,545 min(+P, Se) = 0.7562
2026-04-16 15:42:28,546 f1_score = 0.7624 (threshold = 1.0163)
2026-04-16 15:42:28,546 Test Loss 0.2816
