2026-04-24 21:45:30,028 {
    "dataset": "c12",
    "data_dropout": 0.0,
    "epochs": 25,
    "lr": 0.001,
    "d_model": 32,
    "seed": 3407,
    "batch_size": 64,
    "num_workers": null,
    "dropout": 0.1,
    "save_model": true,
    "save_dir": "./export/c12/smart-smile-lean-no-density/seed_3407",
    "local_rank": 0,
    "min_mask_ratio": 0.15,
    "max_mask_ratio": 0.75,
    "e_layers": 2,
    "n_heads": 4,
    "time_dim": 16,
    "use_film": false,
    "use_smile": false,
    "use_smile_film": false,
    "use_smile_v2": false,
    "use_smile_v2_film": false,
    "use_smile_lean": true,
    "use_smile_lean_samepretrain": false,
    "use_smile_lean_v2": false,
    "use_mnar": false,
    "save_last": true,
    "smile_no_mnar": false,
    "smile_no_curriculum": false,
    "smile_mask_type": "all",
    "smile_mnar_dropout": 0.05,
    "obs_density_window": 5,
    "abl_no_density": true,
    "abl_no_mnar_bias": false,
    "abl_no_film": false,
    "abl_no_time_mnar": false,
    "abl_no_time_pe": false,
    "abl_no_cross_attn": false,
    "abl_no_mnar_cls": false,
    "abl_no_policy": false,
    "abl_no_dynamic_mnar": false,
    "abl_no_dual_head": false,
    "pretrain_mask_mode": "fixed",
    "ratio_temperature": 1.0,
    "smile_stratified": false,
    "smile_mask_weights": null,
    "rank": 0,
    "world_size": 2,
    "distributed": true,
    "gpu": 0,
    "dist_backend": "nccl"
}
2026-04-24 21:45:33,992 Dataset Loaded.
2026-04-24 21:45:33,993 system_groups: {'Vital_Invasive': 3, 'Blood_Gas': 4, 'Electrolyte': 5, 'Liver_Enzyme': 6, 'CBC': 3, 'Oxygenation': 3, 'Metabolic': 2}
2026-04-24 21:45:33,993 DataLoader kwargs: {'num_workers': 4, 'pin_memory': True, 'persistent_workers': True, 'prefetch_factor': 2}
2026-04-24 21:45:33,995 Runtime init: variable order resolved.
2026-04-24 21:45:33,995 Runtime init: variable order moved to CUDA.
2026-04-24 21:45:34,003 Runtime init: encoder moved to CUDA.
2026-04-24 21:45:34,004 Runtime init: predictor moved to CUDA.
2026-04-24 21:45:34,008 Runtime init: target encoder copied.
2026-04-24 21:45:35,751 Runtime init: DDP wrap complete.
2026-04-24 21:45:41,672 Epoch 1: Train Loss 9.0955, Valid Loss 3.4081, EMA Val 3.4081
2026-04-24 21:45:47,092 Epoch 2: Train Loss 3.6022, Valid Loss 2.4161, EMA Val 3.1105
2026-04-24 21:45:52,570 Epoch 3: Train Loss 2.7649, Valid Loss 2.0914, EMA Val 2.8048
2026-04-24 21:45:58,088 Epoch 4: Train Loss 2.3325, Valid Loss 1.8430, EMA Val 2.5162
2026-04-24 21:46:03,506 Epoch 5: Train Loss 2.0437, Valid Loss 1.6301, EMA Val 2.2504
2026-04-24 21:46:08,861 Epoch 6: Train Loss 1.9238, Valid Loss 1.6315, EMA Val 2.0647
2026-04-24 21:46:14,133 Epoch 7: Train Loss 1.7568, Valid Loss 1.4882, EMA Val 1.8918
2026-04-24 21:46:19,474 Epoch 8: Train Loss 1.6622, Valid Loss 1.4616, EMA Val 1.7627
2026-04-24 21:46:25,044 Epoch 9: Train Loss 1.5902, Valid Loss 1.3957, EMA Val 1.6526
2026-04-24 21:46:30,614 Epoch 10: Train Loss 1.6041, Valid Loss 1.3627, EMA Val 1.5656
2026-04-24 21:46:35,984 Epoch 11: Train Loss 1.5169, Valid Loss 1.2868, EMA Val 1.4820
2026-04-24 21:46:41,626 Epoch 12: Train Loss 1.4465, Valid Loss 1.2657, EMA Val 1.4171
2026-04-24 21:46:47,108 Epoch 13: Train Loss 1.3547, Valid Loss 1.2502, EMA Val 1.3670
2026-04-24 21:46:52,443 Epoch 14: Train Loss 1.2967, Valid Loss 1.1608, EMA Val 1.3052
2026-04-24 21:46:57,944 Epoch 15: Train Loss 1.2221, Valid Loss 1.2203, EMA Val 1.2797
2026-04-24 21:47:03,489 Epoch 16: Train Loss 1.2587, Valid Loss 1.1612, EMA Val 1.2442
2026-04-24 21:47:09,033 Epoch 17: Train Loss 1.2089, Valid Loss 1.1621, EMA Val 1.2195
2026-04-24 21:47:14,624 Epoch 18: Train Loss 1.2577, Valid Loss 1.1499, EMA Val 1.1986
2026-04-24 21:47:20,331 Epoch 19: Train Loss 1.1946, Valid Loss 1.1129, EMA Val 1.1729
2026-04-24 21:47:25,801 Epoch 20: Train Loss 1.1280, Valid Loss 1.0948, EMA Val 1.1495
2026-04-24 21:47:31,299 Epoch 21: Train Loss 1.1845, Valid Loss 1.0897, EMA Val 1.1315
2026-04-24 21:47:36,772 Epoch 22: Train Loss 1.0573, Valid Loss 1.0743, EMA Val 1.1144
2026-04-24 21:47:41,991 Epoch 23: Train Loss 1.1256, Valid Loss 1.0867, EMA Val 1.1061
2026-04-24 21:47:47,429 Epoch 24: Train Loss 1.0487, Valid Loss 1.1071, EMA Val 1.1064
2026-04-24 21:47:52,990 Epoch 25: Train Loss 1.0130, Valid Loss 1.1198, EMA Val 1.1104
2026-04-24 21:47:52,991 ----- Save last epoch model - L1: 1.1104 -----
2026-04-24 21:47:53,039 last saved model is in epoch 25
2026-04-24 21:47:53,989 Test Loss 1.1315
2026-04-24 21:49:03,745 {
    "dataset": "c12",
    "data_dropout": 0.0,
    "epochs": 25,
    "freeze_epochs": 5,
    "lr": 0.001,
    "d_model": 32,
    "seed": 3407,
    "batch_size": 64,
    "num_workers": null,
    "dropout": 0.1,
    "save_model": true,
    "save_dir": "./export/c12/smart-smile-lean-no-density/seed_3407",
    "pretrain_dir": null,
    "local_rank": 0,
    "e_layers": 2,
    "n_heads": 4,
    "time_dim": 16,
    "use_film": false,
    "use_smile": false,
    "use_smile_film": false,
    "use_mnar": false,
    "use_smile_v2": false,
    "use_smile_v2_film": false,
    "use_smile_lean": true,
    "use_smile_lean_samepretrain": false,
    "use_smile_lean_v2": false,
    "obs_density_window": 5,
    "abl_no_density": true,
    "abl_no_mnar_bias": false,
    "abl_no_film": false,
    "abl_no_time_mnar": false,
    "abl_no_time_pe": false,
    "abl_no_cross_attn": false,
    "abl_no_mnar_cls": false,
    "abl_no_policy": false,
    "abl_no_dynamic_mnar": false,
    "abl_no_dual_head": false,
    "smile_no_mnar": false,
    "smile_no_curriculum": false,
    "smile_mask_type": "all",
    "smile_mnar_dropout": 0.05,
    "smile_mnar_dropout_initial": 0.0,
    "smile_stratified": false,
    "los_task": "classification",
    "los_label_unit": "auto",
    "los_use_class_weights": false,
    "los_save_metric": "auc_micro",
    "rank": 0,
    "world_size": 2,
    "distributed": true,
    "gpu": 0,
    "dist_backend": "nccl"
}
2026-04-24 21:49:07,374 Dataset Loaded.
2026-04-24 21:49:07,374 DataLoader kwargs: {'num_workers': 4, 'pin_memory': True, 'persistent_workers': True, 'prefetch_factor': 2}
2026-04-24 21:49:07,376 Runtime init: variable order resolved.
2026-04-24 21:49:07,377 Runtime init: variable order moved to CUDA.
2026-04-24 21:49:07,385 Runtime init: encoder moved to CUDA.
2026-04-24 21:49:07,386 Runtime init: classifier moved to CUDA.
2026-04-24 21:49:10,210 Runtime init: DDP wrap complete.
2026-04-24 21:49:10,214 Class weights: [0.5820587277412415, 3.546597719192505]
2026-04-24 21:49:10,235 last saved model is in epoch 25
2026-04-24 21:49:13,576 [[889 145]
 [ 77  87]]
2026-04-24 21:49:13,582 AUC of ROC = 0.7981
2026-04-24 21:49:13,582 AUC of PRC = 0.3320
2026-04-24 21:49:13,583 min(+P, Se) = 0.3873
2026-04-24 21:49:13,583 f1_score = 0.4450 (threshold = 0.7920)
2026-04-24 21:49:13,583 Epoch 1: Train Loss 0.6982, Valid Loss 0.5536
2026-04-24 21:49:13,584 ----- Save best model - auprc: 0.3320 -----
2026-04-24 21:49:15,802 [[526 508]
 [  7 157]]
2026-04-24 21:49:15,807 AUC of ROC = 0.8120
2026-04-24 21:49:15,807 AUC of PRC = 0.3516
2026-04-24 21:49:15,807 min(+P, Se) = 0.4024
2026-04-24 21:49:15,807 f1_score = 0.4527 (threshold = 1.2288)
2026-04-24 21:49:15,808 Epoch 2: Train Loss 0.6289, Valid Loss 0.5834
2026-04-24 21:49:15,808 ----- Save best model - auprc: 0.3516 -----
2026-04-24 21:49:18,139 [[722 312]
 [ 32 132]]
2026-04-24 21:49:18,144 AUC of ROC = 0.8098
2026-04-24 21:49:18,144 AUC of PRC = 0.3582
2026-04-24 21:49:18,144 min(+P, Se) = 0.3964
2026-04-24 21:49:18,144 f1_score = 0.4476 (threshold = 1.1096)
2026-04-24 21:49:18,145 Epoch 3: Train Loss 0.6316, Valid Loss 0.5136
2026-04-24 21:49:18,145 ----- Save best model - auprc: 0.3582 -----
2026-04-24 21:49:20,508 [[759 275]
 [ 45 119]]
2026-04-24 21:49:20,513 AUC of ROC = 0.8151
2026-04-24 21:49:20,513 AUC of PRC = 0.3614
2026-04-24 21:49:20,514 min(+P, Se) = 0.4085
2026-04-24 21:49:20,514 f1_score = 0.4468 (threshold = 0.9117)
2026-04-24 21:49:20,514 Epoch 4: Train Loss 0.6183, Valid Loss 0.5055
2026-04-24 21:49:20,515 ----- Save best model - auprc: 0.3614 -----
2026-04-24 21:49:22,965 [[845 189]
 [ 59 105]]
2026-04-24 21:49:22,970 AUC of ROC = 0.8173
2026-04-24 21:49:22,970 AUC of PRC = 0.3642
2026-04-24 21:49:22,971 min(+P, Se) = 0.4024
2026-04-24 21:49:22,971 f1_score = 0.4516 (threshold = 0.6621)
2026-04-24 21:49:22,971 Epoch 5: Train Loss 0.5933, Valid Loss 0.5022
2026-04-24 21:49:22,972 ----- Save best model - auprc: 0.3642 -----
2026-04-24 21:49:27,388 [[688 346]
 [ 20 144]]
2026-04-24 21:49:27,393 AUC of ROC = 0.8362
2026-04-24 21:49:27,393 AUC of PRC = 0.4774
2026-04-24 21:49:27,393 min(+P, Se) = 0.4695
2026-04-24 21:49:27,393 f1_score = 0.4791 (threshold = 0.8582)
2026-04-24 21:49:27,394 Epoch 6: Train Loss 0.5968, Valid Loss 0.5024
2026-04-24 21:49:27,395 ----- Save best model - auprc: 0.4774 -----
2026-04-24 21:49:32,029 [[765 269]
 [ 33 131]]
2026-04-24 21:49:32,034 AUC of ROC = 0.8433
2026-04-24 21:49:32,034 AUC of PRC = 0.4956
2026-04-24 21:49:32,034 min(+P, Se) = 0.4970
2026-04-24 21:49:32,034 f1_score = 0.5080 (threshold = 0.6446)
2026-04-24 21:49:32,035 Epoch 7: Train Loss 0.5359, Valid Loss 0.4782
2026-04-24 21:49:32,035 ----- Save best model - auprc: 0.4956 -----
2026-04-24 21:49:36,386 [[838 196]
 [ 45 119]]
2026-04-24 21:49:36,391 AUC of ROC = 0.8447
2026-04-24 21:49:36,392 AUC of PRC = 0.5070
2026-04-24 21:49:36,392 min(+P, Se) = 0.4914
2026-04-24 21:49:36,392 f1_score = 0.5158 (threshold = 0.5151)
2026-04-24 21:49:36,392 Epoch 8: Train Loss 0.5166, Valid Loss 0.4695
2026-04-24 21:49:36,393 ----- Save best model - auprc: 0.5070 -----
2026-04-24 21:49:41,061 [[816 218]
 [ 36 128]]
2026-04-24 21:49:41,066 AUC of ROC = 0.8525
2026-04-24 21:49:41,066 AUC of PRC = 0.5132
2026-04-24 21:49:41,066 min(+P, Se) = 0.4939
2026-04-24 21:49:41,066 f1_score = 0.5047 (threshold = 0.9693)
2026-04-24 21:49:41,067 Epoch 9: Train Loss 0.4999, Valid Loss 0.4568
2026-04-24 21:49:41,067 ----- Save best model - auprc: 0.5132 -----
2026-04-24 21:49:45,533 [[755 279]
 [ 25 139]]
2026-04-24 21:49:45,538 AUC of ROC = 0.8531
2026-04-24 21:49:45,539 AUC of PRC = 0.5255
2026-04-24 21:49:45,539 min(+P, Se) = 0.5090
2026-04-24 21:49:45,539 f1_score = 0.5136 (threshold = 0.8854)
2026-04-24 21:49:45,539 Epoch 10: Train Loss 0.5109, Valid Loss 0.4673
2026-04-24 21:49:45,540 ----- Save best model - auprc: 0.5255 -----
2026-04-24 21:49:50,063 [[899 135]
 [ 60 104]]
2026-04-24 21:49:50,068 AUC of ROC = 0.8510
2026-04-24 21:49:50,068 AUC of PRC = 0.5187
2026-04-24 21:49:50,068 min(+P, Se) = 0.5000
2026-04-24 21:49:50,069 f1_score = 0.5215 (threshold = 0.4766)
2026-04-24 21:49:50,069 Epoch 11: Train Loss 0.5172, Valid Loss 0.4754
2026-04-24 21:49:54,724 [[729 305]
 [ 23 141]]
2026-04-24 21:49:54,729 AUC of ROC = 0.8564
2026-04-24 21:49:54,729 AUC of PRC = 0.5192
2026-04-24 21:49:54,729 min(+P, Se) = 0.5061
2026-04-24 21:49:54,729 f1_score = 0.5205 (threshold = 1.1147)
2026-04-24 21:49:54,730 Epoch 12: Train Loss 0.4916, Valid Loss 0.4711
2026-04-24 21:49:59,225 [[769 265]
 [ 30 134]]
2026-04-24 21:49:59,230 AUC of ROC = 0.8543
2026-04-24 21:49:59,230 AUC of PRC = 0.5351
2026-04-24 21:49:59,230 min(+P, Se) = 0.5000
2026-04-24 21:49:59,230 f1_score = 0.5172 (threshold = 0.6863)
2026-04-24 21:49:59,230 Epoch 13: Train Loss 0.4966, Valid Loss 0.4571
2026-04-24 21:49:59,232 ----- Save best model - auprc: 0.5351 -----
2026-04-24 21:50:03,620 [[850 184]
 [ 47 117]]
2026-04-24 21:50:03,624 AUC of ROC = 0.8506
2026-04-24 21:50:03,625 AUC of PRC = 0.5258
2026-04-24 21:50:03,625 min(+P, Se) = 0.5122
2026-04-24 21:50:03,625 f1_score = 0.5281 (threshold = 0.4665)
2026-04-24 21:50:03,625 Epoch 14: Train Loss 0.4997, Valid Loss 0.4676
2026-04-24 21:50:08,020 [[762 272]
 [ 27 137]]
2026-04-24 21:50:08,025 AUC of ROC = 0.8527
2026-04-24 21:50:08,025 AUC of PRC = 0.5266
2026-04-24 21:50:08,025 min(+P, Se) = 0.5060
2026-04-24 21:50:08,025 f1_score = 0.5251 (threshold = 0.7581)
2026-04-24 21:50:08,026 Epoch 15: Train Loss 0.4825, Valid Loss 0.4668
2026-04-24 21:50:12,540 [[841 193]
 [ 42 122]]
2026-04-24 21:50:12,545 AUC of ROC = 0.8583
2026-04-24 21:50:12,545 AUC of PRC = 0.5345
2026-04-24 21:50:12,546 min(+P, Se) = 0.5030
2026-04-24 21:50:12,546 f1_score = 0.5254 (threshold = 0.7867)
2026-04-24 21:50:12,546 Epoch 16: Train Loss 0.4876, Valid Loss 0.4495
2026-04-24 21:50:17,151 [[817 217]
 [ 32 132]]
2026-04-24 21:50:17,155 AUC of ROC = 0.8619
2026-04-24 21:50:17,156 AUC of PRC = 0.5447
2026-04-24 21:50:17,156 min(+P, Se) = 0.5183
2026-04-24 21:50:17,156 f1_score = 0.5307 (threshold = 0.4407)
2026-04-24 21:50:17,156 Epoch 17: Train Loss 0.4781, Valid Loss 0.4443
2026-04-24 21:50:17,157 ----- Save best model - auprc: 0.5447 -----
2026-04-24 21:50:21,669 [[829 205]
 [ 38 126]]
2026-04-24 21:50:21,674 AUC of ROC = 0.8629
2026-04-24 21:50:21,674 AUC of PRC = 0.5443
2026-04-24 21:50:21,674 min(+P, Se) = 0.5091
2026-04-24 21:50:21,674 f1_score = 0.5279 (threshold = 0.4880)
2026-04-24 21:50:21,675 Epoch 18: Train Loss 0.4675, Valid Loss 0.4416
2026-04-24 21:50:26,124 [[807 227]
 [ 30 134]]
2026-04-24 21:50:26,129 AUC of ROC = 0.8615
2026-04-24 21:50:26,129 AUC of PRC = 0.5433
2026-04-24 21:50:26,129 min(+P, Se) = 0.5152
2026-04-24 21:50:26,130 f1_score = 0.5363 (threshold = 0.4916)
2026-04-24 21:50:26,130 Epoch 19: Train Loss 0.4771, Valid Loss 0.4434
2026-04-24 21:50:30,670 [[791 243]
 [ 30 134]]
2026-04-24 21:50:30,674 AUC of ROC = 0.8610
2026-04-24 21:50:30,674 AUC of PRC = 0.5455
2026-04-24 21:50:30,675 min(+P, Se) = 0.5119
2026-04-24 21:50:30,675 f1_score = 0.5488 (threshold = 0.6015)
2026-04-24 21:50:30,675 Epoch 20: Train Loss 0.4668, Valid Loss 0.4445
2026-04-24 21:50:30,676 ----- Save best model - auprc: 0.5455 -----
2026-04-24 21:50:35,125 [[837 197]
 [ 39 125]]
2026-04-24 21:50:35,130 AUC of ROC = 0.8619
2026-04-24 21:50:35,130 AUC of PRC = 0.5388
2026-04-24 21:50:35,130 min(+P, Se) = 0.5090
2026-04-24 21:50:35,130 f1_score = 0.5316 (threshold = 0.4903)
2026-04-24 21:50:35,131 Epoch 21: Train Loss 0.4683, Valid Loss 0.4415
2026-04-24 21:50:39,606 [[802 232]
 [ 30 134]]
2026-04-24 21:50:39,611 AUC of ROC = 0.8603
2026-04-24 21:50:39,611 AUC of PRC = 0.5411
2026-04-24 21:50:39,611 min(+P, Se) = 0.5087
2026-04-24 21:50:39,611 f1_score = 0.5422 (threshold = 0.6039)
2026-04-24 21:50:39,611 Epoch 22: Train Loss 0.4530, Valid Loss 0.4439
2026-04-24 21:50:44,001 [[807 227]
 [ 32 132]]
2026-04-24 21:50:44,005 AUC of ROC = 0.8613
2026-04-24 21:50:44,006 AUC of PRC = 0.5470
2026-04-24 21:50:44,006 min(+P, Se) = 0.5060
2026-04-24 21:50:44,006 f1_score = 0.5407 (threshold = 0.5927)
2026-04-24 21:50:44,006 Epoch 23: Train Loss 0.4713, Valid Loss 0.4416
2026-04-24 21:50:44,007 ----- Save best model - auprc: 0.5470 -----
2026-04-24 21:50:48,186 [[796 238]
 [ 29 135]]
2026-04-24 21:50:48,190 AUC of ROC = 0.8614
2026-04-24 21:50:48,190 AUC of PRC = 0.5432
2026-04-24 21:50:48,190 min(+P, Se) = 0.5059
2026-04-24 21:50:48,190 f1_score = 0.5394 (threshold = 0.6086)
2026-04-24 21:50:48,191 Epoch 24: Train Loss 0.4561, Valid Loss 0.4421
2026-04-24 21:50:52,642 [[806 228]
 [ 32 132]]
2026-04-24 21:50:52,647 AUC of ROC = 0.8617
2026-04-24 21:50:52,647 AUC of PRC = 0.5440
2026-04-24 21:50:52,647 min(+P, Se) = 0.5060
2026-04-24 21:50:52,647 f1_score = 0.5394 (threshold = 0.5726)
2026-04-24 21:50:52,648 Epoch 25: Train Loss 0.4547, Valid Loss 0.4409
2026-04-24 21:50:52,665 last saved model is in epoch 23
2026-04-24 21:50:53,454 [[813 196]
 [ 51 140]]
2026-04-24 21:50:53,460 AUC of ROC = 0.8506
2026-04-24 21:50:53,460 AUC of PRC = 0.5371
2026-04-24 21:50:53,460 min(+P, Se) = 0.5131
2026-04-24 21:50:53,461 f1_score = 0.5349 (threshold = 0.0166)
2026-04-24 21:50:53,461 Test Loss 0.4772
