2026-04-25 05:56:54,759 {
    "dataset": "c19",
    "data_dropout": 0.0,
    "epochs": 25,
    "lr": 0.001,
    "d_model": 32,
    "seed": 1,
    "batch_size": 64,
    "num_workers": null,
    "dropout": 0.1,
    "save_model": true,
    "save_dir": "./export/c19/smart-smile-lean-no-mnar-bias/seed_1",
    "local_rank": 0,
    "min_mask_ratio": 0.15,
    "max_mask_ratio": 0.75,
    "e_layers": 2,
    "n_heads": 4,
    "time_dim": 16,
    "use_film": false,
    "use_smile": false,
    "use_smile_film": false,
    "use_smile_v2": false,
    "use_smile_v2_film": false,
    "use_smile_lean": true,
    "use_smile_lean_samepretrain": false,
    "use_smile_lean_v2": false,
    "use_mnar": false,
    "save_last": true,
    "smile_no_mnar": false,
    "smile_no_curriculum": false,
    "smile_mask_type": "all",
    "smile_mnar_dropout": 0.05,
    "obs_density_window": 5,
    "abl_no_density": false,
    "abl_no_mnar_bias": true,
    "abl_no_film": false,
    "abl_no_time_mnar": false,
    "abl_no_time_pe": false,
    "abl_no_cross_attn": false,
    "abl_no_mnar_cls": false,
    "abl_no_policy": false,
    "abl_no_dynamic_mnar": false,
    "abl_no_dual_head": false,
    "pretrain_mask_mode": "fixed",
    "ratio_temperature": 1.0,
    "smile_stratified": false,
    "smile_mask_weights": null,
    "rank": 0,
    "world_size": 2,
    "distributed": true,
    "gpu": 0,
    "dist_backend": "nccl"
}
2026-04-25 05:57:03,892 Dataset Loaded.
2026-04-25 05:57:03,893 system_groups: {'Vital_Basic': 7, 'Resp_Gas': 7, 'Liver_Enzyme': 2, 'Renal': 3, 'Coagulation': 3, 'CBC': 3, 'Bilirubin': 2}
2026-04-25 05:57:03,893 DataLoader kwargs: {'num_workers': 4, 'pin_memory': True, 'persistent_workers': True, 'prefetch_factor': 2}
2026-04-25 05:57:03,895 Runtime init: variable order resolved.
2026-04-25 05:57:03,896 Runtime init: variable order moved to CUDA.
2026-04-25 05:57:03,904 Runtime init: encoder moved to CUDA.
2026-04-25 05:57:03,905 Runtime init: predictor moved to CUDA.
2026-04-25 05:57:03,909 Runtime init: target encoder copied.
2026-04-25 05:57:05,770 Runtime init: DDP wrap complete.
2026-04-25 05:57:24,236 Epoch 1: Train Loss 0.0849, Valid Loss 0.0203, EMA Val 0.0203
2026-04-25 05:57:41,498 Epoch 2: Train Loss 0.0576, Valid Loss 0.0197, EMA Val 0.0201
2026-04-25 05:57:58,763 Epoch 3: Train Loss 0.0559, Valid Loss 0.0198, EMA Val 0.0200
2026-04-25 05:58:16,506 Epoch 4: Train Loss 0.0516, Valid Loss 0.0197, EMA Val 0.0199
2026-04-25 05:58:33,936 Epoch 5: Train Loss 0.0476, Valid Loss 0.0210, EMA Val 0.0202
2026-04-25 05:58:52,133 Epoch 6: Train Loss 0.0447, Valid Loss 0.0186, EMA Val 0.0197
2026-04-25 05:59:09,691 Epoch 7: Train Loss 0.0426, Valid Loss 0.0176, EMA Val 0.0191
2026-04-25 05:59:27,029 Epoch 8: Train Loss 0.0406, Valid Loss 0.0178, EMA Val 0.0187
2026-04-25 05:59:44,615 Epoch 9: Train Loss 0.0395, Valid Loss 0.0162, EMA Val 0.0180
2026-04-25 06:00:02,292 Epoch 10: Train Loss 0.0390, Valid Loss 0.0164, EMA Val 0.0175
2026-04-25 06:00:19,910 Epoch 11: Train Loss 0.0383, Valid Loss 0.0166, EMA Val 0.0172
2026-04-25 06:00:37,170 Epoch 12: Train Loss 0.0388, Valid Loss 0.0163, EMA Val 0.0170
2026-04-25 06:00:54,174 Epoch 13: Train Loss 0.0392, Valid Loss 0.0172, EMA Val 0.0170
2026-04-25 06:01:11,300 Epoch 14: Train Loss 0.0412, Valid Loss 0.0179, EMA Val 0.0173
2026-04-25 06:01:28,065 Epoch 15: Train Loss 0.0419, Valid Loss 0.0187, EMA Val 0.0177
2026-04-25 06:01:45,386 Epoch 16: Train Loss 0.0447, Valid Loss 0.0197, EMA Val 0.0183
2026-04-25 06:02:02,628 Epoch 17: Train Loss 0.0484, Valid Loss 0.0203, EMA Val 0.0189
2026-04-25 06:02:19,545 Epoch 18: Train Loss 0.0492, Valid Loss 0.0219, EMA Val 0.0198
2026-04-25 06:02:37,039 Epoch 19: Train Loss 0.0531, Valid Loss 0.0228, EMA Val 0.0207
2026-04-25 06:02:54,252 Epoch 20: Train Loss 0.0524, Valid Loss 0.0223, EMA Val 0.0212
2026-04-25 06:03:11,497 Epoch 21: Train Loss 0.0562, Valid Loss 0.0240, EMA Val 0.0220
2026-04-25 06:03:28,687 Epoch 22: Train Loss 0.0571, Valid Loss 0.0242, EMA Val 0.0227
2026-04-25 06:03:47,070 Epoch 23: Train Loss 0.0597, Valid Loss 0.0268, EMA Val 0.0239
2026-04-25 06:04:05,174 Epoch 24: Train Loss 0.0623, Valid Loss 0.0250, EMA Val 0.0242
2026-04-25 06:04:22,275 Epoch 25: Train Loss 0.0617, Valid Loss 0.0249, EMA Val 0.0244
2026-04-25 06:04:22,276 ----- Save last epoch model - L1: 0.0244 -----
2026-04-25 06:04:22,318 last saved model is in epoch 25
2026-04-25 06:04:24,368 Test Loss 0.0250
2026-04-25 06:05:38,469 {
    "dataset": "c19",
    "data_dropout": 0.0,
    "epochs": 25,
    "freeze_epochs": 5,
    "lr": 0.001,
    "d_model": 32,
    "seed": 1,
    "batch_size": 64,
    "num_workers": null,
    "dropout": 0.1,
    "save_model": true,
    "save_dir": "./export/c19/smart-smile-lean-no-mnar-bias/seed_1",
    "pretrain_dir": null,
    "local_rank": 0,
    "e_layers": 2,
    "n_heads": 4,
    "time_dim": 16,
    "use_film": false,
    "use_smile": false,
    "use_smile_film": false,
    "use_mnar": false,
    "use_smile_v2": false,
    "use_smile_v2_film": false,
    "use_smile_lean": true,
    "use_smile_lean_samepretrain": false,
    "use_smile_lean_v2": false,
    "obs_density_window": 5,
    "abl_no_density": false,
    "abl_no_mnar_bias": true,
    "abl_no_film": false,
    "abl_no_time_mnar": false,
    "abl_no_time_pe": false,
    "abl_no_cross_attn": false,
    "abl_no_mnar_cls": false,
    "abl_no_policy": false,
    "abl_no_dynamic_mnar": false,
    "abl_no_dual_head": false,
    "smile_no_mnar": false,
    "smile_no_curriculum": false,
    "smile_mask_type": "all",
    "smile_mnar_dropout": 0.05,
    "smile_mnar_dropout_initial": 0.0,
    "smile_stratified": false,
    "los_task": "classification",
    "los_label_unit": "auto",
    "los_use_class_weights": false,
    "los_save_metric": "auc_micro",
    "rank": 0,
    "world_size": 2,
    "distributed": true,
    "gpu": 0,
    "dist_backend": "nccl"
}
2026-04-25 06:05:47,428 Dataset Loaded.
2026-04-25 06:05:47,428 DataLoader kwargs: {'num_workers': 4, 'pin_memory': True, 'persistent_workers': True, 'prefetch_factor': 2}
2026-04-25 06:05:47,430 Runtime init: variable order resolved.
2026-04-25 06:05:47,431 Runtime init: variable order moved to CUDA.
2026-04-25 06:05:47,441 Runtime init: encoder moved to CUDA.
2026-04-25 06:05:47,442 Runtime init: classifier moved to CUDA.
2026-04-25 06:05:49,612 Runtime init: DDP wrap complete.
2026-04-25 06:05:49,621 Class weights: [0.5393641591072083, 6.850955486297607]
2026-04-25 06:05:49,635 last saved model is in epoch 25
2026-04-25 06:05:56,807 [[2951  787]
 [  70  225]]
2026-04-25 06:05:56,818 AUC of ROC = 0.8475
2026-04-25 06:05:56,818 AUC of PRC = 0.3994
2026-04-25 06:05:56,818 min(+P, Se) = 0.4508
2026-04-25 06:05:56,818 f1_score = 0.4676 (threshold = 0.7751)
2026-04-25 06:05:56,819 Epoch 1: Train Loss 0.5865, Valid Loss 0.4774
2026-04-25 06:05:56,820 ----- Save best model - auprc: 0.3994 -----
2026-04-25 06:06:03,105 [[2853  885]
 [  50  245]]
2026-04-25 06:06:03,112 AUC of ROC = 0.8807
2026-04-25 06:06:03,113 AUC of PRC = 0.4110
2026-04-25 06:06:03,113 min(+P, Se) = 0.4831
2026-04-25 06:06:03,113 f1_score = 0.4992 (threshold = 0.7268)
2026-04-25 06:06:03,113 Epoch 2: Train Loss 0.4938, Valid Loss 0.4457
2026-04-25 06:06:03,114 ----- Save best model - auprc: 0.4110 -----
2026-04-25 06:06:08,777 [[3680   58]
 [ 210   85]]
2026-04-25 06:06:08,783 AUC of ROC = 0.8826
2026-04-25 06:06:08,784 AUC of PRC = 0.4371
2026-04-25 06:06:08,784 min(+P, Se) = 0.5051
2026-04-25 06:06:08,784 f1_score = 0.5182 (threshold = -0.4050)
2026-04-25 06:06:08,784 Epoch 3: Train Loss 0.4749, Valid Loss 0.6873
2026-04-25 06:06:08,785 ----- Save best model - auprc: 0.4371 -----
2026-04-25 06:06:14,698 [[3064  674]
 [  54  241]]
2026-04-25 06:06:14,705 AUC of ROC = 0.8956
2026-04-25 06:06:14,706 AUC of PRC = 0.4510
2026-04-25 06:06:14,706 min(+P, Se) = 0.5236
2026-04-25 06:06:14,706 f1_score = 0.5390 (threshold = 0.6032)
2026-04-25 06:06:14,706 Epoch 4: Train Loss 0.4583, Valid Loss 0.4127
2026-04-25 06:06:14,707 ----- Save best model - auprc: 0.4510 -----
2026-04-25 06:06:20,648 [[3293  445]
 [  77  218]]
2026-04-25 06:06:20,655 AUC of ROC = 0.8963
2026-04-25 06:06:20,655 AUC of PRC = 0.4558
2026-04-25 06:06:20,655 min(+P, Se) = 0.5268
2026-04-25 06:06:20,655 f1_score = 0.5340 (threshold = 0.6129)
2026-04-25 06:06:20,656 Epoch 5: Train Loss 0.4710, Valid Loss 0.4106
2026-04-25 06:06:20,656 ----- Save best model - auprc: 0.4558 -----
2026-04-25 06:06:33,754 [[3414  324]
 [  47  248]]
2026-04-25 06:06:33,761 AUC of ROC = 0.9515
2026-04-25 06:06:33,761 AUC of PRC = 0.6919
2026-04-25 06:06:33,761 min(+P, Se) = 0.6712
2026-04-25 06:06:33,761 f1_score = 0.6774 (threshold = 0.8905)
2026-04-25 06:06:33,761 Epoch 6: Train Loss 0.4032, Valid Loss 0.2813
2026-04-25 06:06:33,762 ----- Save best model - auprc: 0.6919 -----
2026-04-25 06:06:46,801 [[3548  190]
 [  47  248]]
2026-04-25 06:06:46,809 AUC of ROC = 0.9639
2026-04-25 06:06:46,809 AUC of PRC = 0.7396
2026-04-25 06:06:46,809 min(+P, Se) = 0.7128
2026-04-25 06:06:46,809 f1_score = 0.7155 (threshold = 0.8373)
2026-04-25 06:06:46,810 Epoch 7: Train Loss 0.3214, Valid Loss 0.2546
2026-04-25 06:06:46,811 ----- Save best model - auprc: 0.7396 -----
2026-04-25 06:07:00,374 [[3166  572]
 [  19  276]]
2026-04-25 06:07:00,381 AUC of ROC = 0.9657
2026-04-25 06:07:00,381 AUC of PRC = 0.7339
2026-04-25 06:07:00,381 min(+P, Se) = 0.7288
2026-04-25 06:07:00,381 f1_score = 0.7356 (threshold = 1.7098)
2026-04-25 06:07:00,382 Epoch 8: Train Loss 0.2910, Valid Loss 0.2758
2026-04-25 06:07:13,803 [[3263  475]
 [  23  272]]
2026-04-25 06:07:13,810 AUC of ROC = 0.9660
2026-04-25 06:07:13,810 AUC of PRC = 0.7467
2026-04-25 06:07:13,810 min(+P, Se) = 0.7153
2026-04-25 06:07:13,810 f1_score = 0.7296 (threshold = 1.2776)
2026-04-25 06:07:13,810 Epoch 9: Train Loss 0.2925, Valid Loss 0.2479
2026-04-25 06:07:13,811 ----- Save best model - auprc: 0.7467 -----
2026-04-25 06:07:27,659 [[3422  316]
 [  32  263]]
2026-04-25 06:07:27,665 AUC of ROC = 0.9672
2026-04-25 06:07:27,665 AUC of PRC = 0.7655
2026-04-25 06:07:27,665 min(+P, Se) = 0.7492
2026-04-25 06:07:27,665 f1_score = 0.7543 (threshold = 1.0872)
2026-04-25 06:07:27,666 Epoch 10: Train Loss 0.2795, Valid Loss 0.2386
2026-04-25 06:07:27,666 ----- Save best model - auprc: 0.7655 -----
2026-04-25 06:07:41,069 [[3530  208]
 [  43  252]]
2026-04-25 06:07:41,075 AUC of ROC = 0.9625
2026-04-25 06:07:41,076 AUC of PRC = 0.7576
2026-04-25 06:07:41,076 min(+P, Se) = 0.7288
2026-04-25 06:07:41,076 f1_score = 0.7328 (threshold = 0.8963)
2026-04-25 06:07:41,076 Epoch 11: Train Loss 0.2735, Valid Loss 0.2518
2026-04-25 06:07:54,157 [[3435  303]
 [  32  263]]
2026-04-25 06:07:54,164 AUC of ROC = 0.9670
2026-04-25 06:07:54,164 AUC of PRC = 0.7673
2026-04-25 06:07:54,164 min(+P, Se) = 0.7593
2026-04-25 06:07:54,165 f1_score = 0.7593 (threshold = 1.3018)
2026-04-25 06:07:54,165 Epoch 12: Train Loss 0.2602, Valid Loss 0.2335
2026-04-25 06:07:54,166 ----- Save best model - auprc: 0.7673 -----
2026-04-25 06:08:07,417 [[3163  575]
 [  15  280]]
2026-04-25 06:08:07,424 AUC of ROC = 0.9668
2026-04-25 06:08:07,424 AUC of PRC = 0.7745
2026-04-25 06:08:07,424 min(+P, Se) = 0.7525
2026-04-25 06:08:07,424 f1_score = 0.7544 (threshold = 1.7680)
2026-04-25 06:08:07,425 Epoch 13: Train Loss 0.2615, Valid Loss 0.2705
2026-04-25 06:08:07,426 ----- Save best model - auprc: 0.7745 -----
2026-04-25 06:08:20,965 [[3440  298]
 [  37  258]]
2026-04-25 06:08:20,972 AUC of ROC = 0.9656
2026-04-25 06:08:20,973 AUC of PRC = 0.7728
2026-04-25 06:08:20,973 min(+P, Se) = 0.7525
2026-04-25 06:08:20,973 f1_score = 0.7573 (threshold = 1.3566)
2026-04-25 06:08:20,973 Epoch 14: Train Loss 0.2589, Valid Loss 0.2368
2026-04-25 06:08:34,210 [[3290  448]
 [  26  269]]
2026-04-25 06:08:34,217 AUC of ROC = 0.9648
2026-04-25 06:08:34,217 AUC of PRC = 0.7657
2026-04-25 06:08:34,217 min(+P, Se) = 0.7356
2026-04-25 06:08:34,218 f1_score = 0.7430 (threshold = 1.3386)
2026-04-25 06:08:34,218 Epoch 15: Train Loss 0.2362, Valid Loss 0.2494
2026-04-25 06:08:47,575 [[3475  263]
 [  34  261]]
2026-04-25 06:08:47,581 AUC of ROC = 0.9667
2026-04-25 06:08:47,582 AUC of PRC = 0.7749
2026-04-25 06:08:47,582 min(+P, Se) = 0.7365
2026-04-25 06:08:47,582 f1_score = 0.7550 (threshold = 1.3629)
2026-04-25 06:08:47,582 Epoch 16: Train Loss 0.2447, Valid Loss 0.2334
2026-04-25 06:08:47,583 ----- Save best model - auprc: 0.7749 -----
2026-04-25 06:09:00,656 [[3485  253]
 [  37  258]]
2026-04-25 06:09:00,662 AUC of ROC = 0.9646
2026-04-25 06:09:00,662 AUC of PRC = 0.7709
2026-04-25 06:09:00,662 min(+P, Se) = 0.7500
2026-04-25 06:09:00,662 f1_score = 0.7582 (threshold = 1.1542)
2026-04-25 06:09:00,663 Epoch 17: Train Loss 0.2363, Valid Loss 0.2443
2026-04-25 06:09:14,449 [[3435  303]
 [  33  262]]
2026-04-25 06:09:14,456 AUC of ROC = 0.9648
2026-04-25 06:09:14,456 AUC of PRC = 0.7731
2026-04-25 06:09:14,456 min(+P, Se) = 0.7500
2026-04-25 06:09:14,456 f1_score = 0.7542 (threshold = 1.3496)
2026-04-25 06:09:14,457 Epoch 18: Train Loss 0.2222, Valid Loss 0.2392
2026-04-25 06:09:28,065 [[3373  365]
 [  26  269]]
2026-04-25 06:09:28,072 AUC of ROC = 0.9664
2026-04-25 06:09:28,072 AUC of PRC = 0.7702
2026-04-25 06:09:28,072 min(+P, Se) = 0.7525
2026-04-25 06:09:28,072 f1_score = 0.7529 (threshold = 1.4305)
2026-04-25 06:09:28,072 Epoch 19: Train Loss 0.2135, Valid Loss 0.2382
2026-04-25 06:09:41,229 [[3486  252]
 [  36  259]]
2026-04-25 06:09:41,236 AUC of ROC = 0.9670
2026-04-25 06:09:41,237 AUC of PRC = 0.7737
2026-04-25 06:09:41,237 min(+P, Se) = 0.7466
2026-04-25 06:09:41,237 f1_score = 0.7479 (threshold = 1.1032)
2026-04-25 06:09:41,237 Epoch 20: Train Loss 0.2038, Valid Loss 0.2343
2026-04-25 06:09:54,708 [[3474  264]
 [  34  261]]
2026-04-25 06:09:54,714 AUC of ROC = 0.9666
2026-04-25 06:09:54,714 AUC of PRC = 0.7787
2026-04-25 06:09:54,714 min(+P, Se) = 0.7568
2026-04-25 06:09:54,715 f1_score = 0.7580 (threshold = 1.2374)
2026-04-25 06:09:54,715 Epoch 21: Train Loss 0.1995, Valid Loss 0.2372
2026-04-25 06:09:54,716 ----- Save best model - auprc: 0.7787 -----
2026-04-25 06:10:08,156 [[3464  274]
 [  31  264]]
2026-04-25 06:10:08,163 AUC of ROC = 0.9668
2026-04-25 06:10:08,163 AUC of PRC = 0.7752
2026-04-25 06:10:08,163 min(+P, Se) = 0.7424
2026-04-25 06:10:08,163 f1_score = 0.7553 (threshold = 1.3975)
2026-04-25 06:10:08,164 Epoch 22: Train Loss 0.1953, Valid Loss 0.2346
2026-04-25 06:10:21,172 [[3426  312]
 [  29  266]]
2026-04-25 06:10:21,179 AUC of ROC = 0.9663
2026-04-25 06:10:21,179 AUC of PRC = 0.7765
2026-04-25 06:10:21,179 min(+P, Se) = 0.7399
2026-04-25 06:10:21,179 f1_score = 0.7544 (threshold = 1.5120)
2026-04-25 06:10:21,180 Epoch 23: Train Loss 0.1884, Valid Loss 0.2365
2026-04-25 06:10:34,454 [[3470  268]
 [  32  263]]
2026-04-25 06:10:34,460 AUC of ROC = 0.9669
2026-04-25 06:10:34,460 AUC of PRC = 0.7798
2026-04-25 06:10:34,460 min(+P, Se) = 0.7525
2026-04-25 06:10:34,460 f1_score = 0.7585 (threshold = 1.5159)
2026-04-25 06:10:34,461 Epoch 24: Train Loss 0.1935, Valid Loss 0.2388
2026-04-25 06:10:34,461 ----- Save best model - auprc: 0.7798 -----
2026-04-25 06:10:47,717 [[3430  308]
 [  29  266]]
2026-04-25 06:10:47,723 AUC of ROC = 0.9664
2026-04-25 06:10:47,724 AUC of PRC = 0.7781
2026-04-25 06:10:47,724 min(+P, Se) = 0.7492
2026-04-25 06:10:47,724 f1_score = 0.7612 (threshold = 1.6108)
2026-04-25 06:10:47,724 Epoch 25: Train Loss 0.1844, Valid Loss 0.2379
2026-04-25 06:10:47,808 last saved model is in epoch 24
2026-04-25 06:10:49,177 [[3502  250]
 [  30  252]]
2026-04-25 06:10:49,185 AUC of ROC = 0.9633
2026-04-25 06:10:49,185 AUC of PRC = 0.8328
2026-04-25 06:10:49,185 min(+P, Se) = 0.7562
2026-04-25 06:10:49,185 f1_score = 0.7782 (threshold = 1.6078)
2026-04-25 06:10:49,185 Test Loss 0.2468
