2026-03-24 19:16:54,669 {
    "dataset": "c19",
    "data_dropout": 0.0,
    "epochs": 25,
    "lr": 0.001,
    "d_model": 32,
    "seed": 3407,
    "batch_size": 64,
    "dropout": 0.1,
    "save_model": true,
    "save_dir": "./export/c19\\smart-smile-lean\\seed_3407",
    "local_rank": 0,
    "min_mask_ratio": 0.15,
    "max_mask_ratio": 0.75,
    "e_layers": 2,
    "n_heads": 4,
    "time_dim": 16,
    "use_film": false,
    "use_smile": false,
    "use_smile_film": false,
    "use_smile_v2": false,
    "use_smile_v2_film": false,
    "use_smile_lean": true,
    "use_smile_lean_samepretrain": false,
    "use_mnar": false,
    "save_last": true,
    "smile_no_mnar": false,
    "smile_no_curriculum": false,
    "smile_mask_type": "all",
    "smile_mnar_dropout": 0.05,
    "obs_density_window": 5,
    "pretrain_mask_mode": "fixed",
    "ratio_temperature": 1.0,
    "smile_stratified": false,
    "smile_mask_weights": null
}
2026-03-24 19:17:00,342 Dataset Loaded.
2026-03-24 19:17:00,343 system_groups: {'Vital_Basic': 7, 'Resp_Gas': 7, 'Liver_Enzyme': 2, 'Renal': 3, 'Coagulation': 3, 'CBC': 3, 'Bilirubin': 2}
2026-03-24 19:18:32,911 Epoch 1: Train Loss 0.0730, Valid Loss 0.0221, EMA Val 0.0221
2026-03-24 19:20:03,434 Epoch 2: Train Loss 0.0530, Valid Loss 0.0225, EMA Val 0.0222
2026-03-24 19:21:33,470 Epoch 3: Train Loss 0.0464, Valid Loss 0.0215, EMA Val 0.0220
2026-03-24 19:23:03,384 Epoch 4: Train Loss 0.0431, Valid Loss 0.0212, EMA Val 0.0218
2026-03-24 19:24:33,911 Epoch 5: Train Loss 0.0427, Valid Loss 0.0229, EMA Val 0.0221
2026-03-24 19:26:04,072 Epoch 6: Train Loss 0.0427, Valid Loss 0.0229, EMA Val 0.0223
2026-03-24 19:27:34,068 Epoch 7: Train Loss 0.0428, Valid Loss 0.0230, EMA Val 0.0225
2026-03-24 19:29:04,866 Epoch 8: Train Loss 0.0443, Valid Loss 0.0241, EMA Val 0.0230
2026-03-24 19:30:34,587 Epoch 9: Train Loss 0.0465, Valid Loss 0.0252, EMA Val 0.0237
2026-03-24 19:32:04,702 Epoch 10: Train Loss 0.0483, Valid Loss 0.0267, EMA Val 0.0246
2026-03-24 19:33:34,512 Epoch 11: Train Loss 0.0508, Valid Loss 0.0271, EMA Val 0.0253
2026-03-24 19:35:05,284 Epoch 12: Train Loss 0.0532, Valid Loss 0.0298, EMA Val 0.0267
2026-03-24 19:36:36,527 Epoch 13: Train Loss 0.0567, Valid Loss 0.0319, EMA Val 0.0282
2026-03-24 19:38:06,635 Epoch 14: Train Loss 0.0616, Valid Loss 0.0338, EMA Val 0.0299
2026-03-24 19:39:35,593 Epoch 15: Train Loss 0.0656, Valid Loss 0.0356, EMA Val 0.0316
2026-03-24 19:41:05,582 Epoch 16: Train Loss 0.0675, Valid Loss 0.0354, EMA Val 0.0328
2026-03-24 19:42:35,627 Epoch 17: Train Loss 0.0712, Valid Loss 0.0362, EMA Val 0.0338
2026-03-24 19:44:05,410 Epoch 18: Train Loss 0.0727, Valid Loss 0.0365, EMA Val 0.0346
2026-03-24 19:45:37,289 Epoch 19: Train Loss 0.0763, Valid Loss 0.0369, EMA Val 0.0353
2026-03-24 19:47:07,964 Epoch 20: Train Loss 0.0792, Valid Loss 0.0405, EMA Val 0.0368
2026-03-24 19:48:37,837 Epoch 21: Train Loss 0.0830, Valid Loss 0.0404, EMA Val 0.0379
2026-03-24 19:50:07,053 Epoch 22: Train Loss 0.0863, Valid Loss 0.0413, EMA Val 0.0389
2026-03-24 19:51:36,759 Epoch 23: Train Loss 0.0903, Valid Loss 0.0438, EMA Val 0.0404
2026-03-24 19:53:06,210 Epoch 24: Train Loss 0.0913, Valid Loss 0.0443, EMA Val 0.0416
2026-03-24 19:54:35,256 Epoch 25: Train Loss 0.0928, Valid Loss 0.0457, EMA Val 0.0428
2026-03-24 19:54:35,257 ----- Save last epoch model - L1: 0.0428 -----
2026-03-24 19:54:35,297 last saved model is in epoch 25
2026-03-24 19:54:41,639 Test Loss 0.0463
2026-03-24 19:54:48,963 {
    "dataset": "c19",
    "data_dropout": 0.0,
    "epochs": 25,
    "freeze_epochs": 5,
    "lr": 0.001,
    "d_model": 32,
    "seed": 3407,
    "batch_size": 64,
    "dropout": 0.1,
    "save_model": true,
    "save_dir": "./export/c19\\smart-smile-lean\\seed_3407",
    "pretrain_dir": null,
    "local_rank": 0,
    "e_layers": 2,
    "n_heads": 4,
    "time_dim": 16,
    "use_film": false,
    "use_smile": false,
    "use_smile_film": false,
    "use_mnar": false,
    "use_smile_v2": false,
    "use_smile_v2_film": false,
    "use_smile_lean": true,
    "use_smile_lean_samepretrain": false,
    "obs_density_window": 5,
    "smile_no_mnar": false,
    "smile_no_curriculum": false,
    "smile_mask_type": "all",
    "smile_mnar_dropout": 0.05,
    "smile_mnar_dropout_initial": 0.0,
    "smile_stratified": false
}
2026-03-24 19:54:54,131 Dataset Loaded.
2026-03-24 19:54:55,169 Class weights: [0.5393641591072083, 6.850955486297607]
2026-03-24 19:54:55,185 last saved model is in epoch 25
2026-03-24 19:55:31,526 [[2857  881]
 [  53  242]]
2026-03-24 19:55:31,531 AUC of ROC = 0.8654
2026-03-24 19:55:31,531 AUC of PRC = 0.3852
2026-03-24 19:55:31,531 min(+P, Se) = 0.4385
2026-03-24 19:55:31,531 f1_score = 0.4509 (threshold = 0.9111)
2026-03-24 19:55:31,532 Epoch 1: Train Loss 0.5906, Valid Loss 0.4595
2026-03-24 19:55:31,532 ----- Save best model - auprc: 0.3852 -----
2026-03-24 19:56:08,068 [[3333  405]
 [  89  206]]
2026-03-24 19:56:08,074 AUC of ROC = 0.8848
2026-03-24 19:56:08,075 AUC of PRC = 0.3873
2026-03-24 19:56:08,075 min(+P, Se) = 0.4203
2026-03-24 19:56:08,075 f1_score = 0.4655 (threshold = 0.3425)
2026-03-24 19:56:08,076 Epoch 2: Train Loss 0.4787, Valid Loss 0.4480
2026-03-24 19:56:08,077 ----- Save best model - auprc: 0.3873 -----
2026-03-24 19:56:44,132 [[3360  378]
 [  95  200]]
2026-03-24 19:56:44,137 AUC of ROC = 0.8857
2026-03-24 19:56:44,137 AUC of PRC = 0.4228
2026-03-24 19:56:44,138 min(+P, Se) = 0.4564
2026-03-24 19:56:44,138 f1_score = 0.4910 (threshold = 0.3621)
2026-03-24 19:56:44,139 Epoch 3: Train Loss 0.4630, Valid Loss 0.4461
2026-03-24 19:56:44,140 ----- Save best model - auprc: 0.4228 -----
2026-03-24 19:57:19,984 [[3499  239]
 [ 119  176]]
2026-03-24 19:57:19,988 AUC of ROC = 0.8934
2026-03-24 19:57:19,989 AUC of PRC = 0.4420
2026-03-24 19:57:19,989 min(+P, Se) = 0.4714
2026-03-24 19:57:19,989 f1_score = 0.4884 (threshold = 0.1808)
2026-03-24 19:57:19,990 Epoch 4: Train Loss 0.4575, Valid Loss 0.4847
2026-03-24 19:57:19,991 ----- Save best model - auprc: 0.4420 -----
2026-03-24 19:57:55,907 [[2698 1040]
 [  25  270]]
2026-03-24 19:57:55,911 AUC of ROC = 0.8933
2026-03-24 19:57:55,912 AUC of PRC = 0.4504
2026-03-24 19:57:55,912 min(+P, Se) = 0.4719
2026-03-24 19:57:55,913 f1_score = 0.4978 (threshold = 1.2662)
2026-03-24 19:57:55,913 Epoch 5: Train Loss 0.4520, Valid Loss 0.4403
2026-03-24 19:57:55,914 ----- Save best model - auprc: 0.4504 -----
2026-03-24 19:58:55,775 [[3526  212]
 [  60  235]]
2026-03-24 19:58:55,780 AUC of ROC = 0.9554
2026-03-24 19:58:55,781 AUC of PRC = 0.7213
2026-03-24 19:58:55,781 min(+P, Se) = 0.6847
2026-03-24 19:58:55,782 f1_score = 0.6976 (threshold = 0.7169)
2026-03-24 19:58:55,782 Epoch 6: Train Loss 0.3837, Valid Loss 0.2940
2026-03-24 19:58:55,783 ----- Save best model - auprc: 0.7213 -----
2026-03-24 19:59:56,832 [[3010  728]
 [  12  283]]
2026-03-24 19:59:56,837 AUC of ROC = 0.9615
2026-03-24 19:59:56,837 AUC of PRC = 0.7448
2026-03-24 19:59:56,838 min(+P, Se) = 0.7196
2026-03-24 19:59:56,838 f1_score = 0.7273 (threshold = 2.2383)
2026-03-24 19:59:56,839 Epoch 7: Train Loss 0.3192, Valid Loss 0.3256
2026-03-24 19:59:56,840 ----- Save best model - auprc: 0.7448 -----
2026-03-24 20:00:57,625 [[3098  640]
 [  17  278]]
2026-03-24 20:00:57,629 AUC of ROC = 0.9632
2026-03-24 20:00:57,629 AUC of PRC = 0.7379
2026-03-24 20:00:57,629 min(+P, Se) = 0.6983
2026-03-24 20:00:57,630 f1_score = 0.7133 (threshold = 1.6897)
2026-03-24 20:00:57,630 Epoch 8: Train Loss 0.2972, Valid Loss 0.2917
2026-03-24 20:01:58,131 [[3522  216]
 [  44  251]]
2026-03-24 20:01:58,135 AUC of ROC = 0.9658
2026-03-24 20:01:58,136 AUC of PRC = 0.7832
2026-03-24 20:01:58,136 min(+P, Se) = 0.7458
2026-03-24 20:01:58,137 f1_score = 0.7529 (threshold = 0.6469)
2026-03-24 20:01:58,137 Epoch 9: Train Loss 0.2784, Valid Loss 0.2434
2026-03-24 20:01:58,138 ----- Save best model - auprc: 0.7832 -----
2026-03-24 20:02:59,045 [[3348  390]
 [  26  269]]
2026-03-24 20:02:59,050 AUC of ROC = 0.9668
2026-03-24 20:02:59,051 AUC of PRC = 0.7705
2026-03-24 20:02:59,051 min(+P, Se) = 0.7492
2026-03-24 20:02:59,052 f1_score = 0.7504 (threshold = 1.2405)
2026-03-24 20:02:59,052 Epoch 10: Train Loss 0.2752, Valid Loss 0.2459
2026-03-24 20:03:59,859 [[3380  358]
 [  30  265]]
2026-03-24 20:03:59,863 AUC of ROC = 0.9662
2026-03-24 20:03:59,864 AUC of PRC = 0.7762
2026-03-24 20:03:59,864 min(+P, Se) = 0.7356
2026-03-24 20:03:59,864 f1_score = 0.7358 (threshold = 1.4950)
2026-03-24 20:03:59,865 Epoch 11: Train Loss 0.2577, Valid Loss 0.2364
2026-03-24 20:05:00,206 [[3315  423]
 [  26  269]]
2026-03-24 20:05:00,210 AUC of ROC = 0.9644
2026-03-24 20:05:00,210 AUC of PRC = 0.7710
2026-03-24 20:05:00,211 min(+P, Se) = 0.7254
2026-03-24 20:05:00,212 f1_score = 0.7289 (threshold = 1.6560)
2026-03-24 20:05:00,212 Epoch 12: Train Loss 0.2492, Valid Loss 0.2521
2026-03-24 20:05:59,505 [[3352  386]
 [  26  269]]
2026-03-24 20:05:59,509 AUC of ROC = 0.9621
2026-03-24 20:05:59,510 AUC of PRC = 0.7670
2026-03-24 20:05:59,510 min(+P, Se) = 0.7322
2026-03-24 20:05:59,510 f1_score = 0.7422 (threshold = 1.3121)
2026-03-24 20:05:59,511 Epoch 13: Train Loss 0.2414, Valid Loss 0.2552
2026-03-24 20:06:57,748 [[3484  254]
 [  45  250]]
2026-03-24 20:06:57,752 AUC of ROC = 0.9637
2026-03-24 20:06:57,752 AUC of PRC = 0.7685
2026-03-24 20:06:57,752 min(+P, Se) = 0.7119
2026-03-24 20:06:57,753 f1_score = 0.7235 (threshold = 1.0057)
2026-03-24 20:06:57,753 Epoch 14: Train Loss 0.2309, Valid Loss 0.2547
2026-03-24 20:07:55,515 [[3523  215]
 [  44  251]]
2026-03-24 20:07:55,519 AUC of ROC = 0.9618
2026-03-24 20:07:55,519 AUC of PRC = 0.7825
2026-03-24 20:07:55,520 min(+P, Se) = 0.7466
2026-03-24 20:07:55,520 f1_score = 0.7575 (threshold = 1.1939)
2026-03-24 20:07:55,521 Epoch 15: Train Loss 0.2232, Valid Loss 0.2602
2026-03-24 20:08:53,398 [[3450  288]
 [  39  256]]
2026-03-24 20:08:53,402 AUC of ROC = 0.9649
2026-03-24 20:08:53,404 AUC of PRC = 0.7780
2026-03-24 20:08:53,404 min(+P, Se) = 0.7356
2026-03-24 20:08:53,404 f1_score = 0.7451 (threshold = 1.5033)
2026-03-24 20:08:53,405 Epoch 16: Train Loss 0.2079, Valid Loss 0.2480
2026-03-24 20:09:51,019 [[3453  285]
 [  38  257]]
2026-03-24 20:09:51,024 AUC of ROC = 0.9635
2026-03-24 20:09:51,026 AUC of PRC = 0.7845
2026-03-24 20:09:51,026 min(+P, Se) = 0.7399
2026-03-24 20:09:51,026 f1_score = 0.7416 (threshold = 1.1465)
2026-03-24 20:09:51,027 Epoch 17: Train Loss 0.1944, Valid Loss 0.2555
2026-03-24 20:09:51,027 ----- Save best model - auprc: 0.7845 -----
2026-03-24 20:10:49,002 [[3541  197]
 [  53  242]]
2026-03-24 20:10:49,006 AUC of ROC = 0.9602
2026-03-24 20:10:49,007 AUC of PRC = 0.7753
2026-03-24 20:10:49,007 min(+P, Se) = 0.7254
2026-03-24 20:10:49,007 f1_score = 0.7345 (threshold = 1.2650)
2026-03-24 20:10:49,008 Epoch 18: Train Loss 0.1864, Valid Loss 0.2983
2026-03-24 20:11:46,877 [[3400  338]
 [  36  259]]
2026-03-24 20:11:46,881 AUC of ROC = 0.9612
2026-03-24 20:11:46,881 AUC of PRC = 0.7753
2026-03-24 20:11:46,882 min(+P, Se) = 0.7424
2026-03-24 20:11:46,882 f1_score = 0.7474 (threshold = 1.4760)
2026-03-24 20:11:46,882 Epoch 19: Train Loss 0.1729, Valid Loss 0.2746
2026-03-24 20:12:45,553 [[3413  325]
 [  38  257]]
2026-03-24 20:12:45,557 AUC of ROC = 0.9630
2026-03-24 20:12:45,558 AUC of PRC = 0.7762
2026-03-24 20:12:45,558 min(+P, Se) = 0.7306
2026-03-24 20:12:45,558 f1_score = 0.7391 (threshold = 1.5870)
2026-03-24 20:12:45,559 Epoch 20: Train Loss 0.1667, Valid Loss 0.2767
2026-03-24 20:13:43,998 [[3431  307]
 [  40  255]]
2026-03-24 20:13:44,003 AUC of ROC = 0.9621
2026-03-24 20:13:44,003 AUC of PRC = 0.7715
2026-03-24 20:13:44,004 min(+P, Se) = 0.7239
2026-03-24 20:13:44,004 f1_score = 0.7273 (threshold = 1.2521)
2026-03-24 20:13:44,005 Epoch 21: Train Loss 0.1615, Valid Loss 0.2790
2026-03-24 20:14:43,800 [[3476  262]
 [  46  249]]
2026-03-24 20:14:43,804 AUC of ROC = 0.9592
2026-03-24 20:14:43,805 AUC of PRC = 0.7669
2026-03-24 20:14:43,805 min(+P, Se) = 0.7356
2026-03-24 20:14:43,805 f1_score = 0.7397 (threshold = 1.2295)
2026-03-24 20:14:43,806 Epoch 22: Train Loss 0.1565, Valid Loss 0.3055
2026-03-24 20:15:43,591 [[3464  274]
 [  44  251]]
2026-03-24 20:15:43,595 AUC of ROC = 0.9596
2026-03-24 20:15:43,596 AUC of PRC = 0.7670
2026-03-24 20:15:43,596 min(+P, Se) = 0.7181
2026-03-24 20:15:43,596 f1_score = 0.7291 (threshold = 1.0346)
2026-03-24 20:15:43,597 Epoch 23: Train Loss 0.1514, Valid Loss 0.3010
2026-03-24 20:16:44,053 [[3480  258]
 [  48  247]]
2026-03-24 20:16:44,057 AUC of ROC = 0.9592
2026-03-24 20:16:44,057 AUC of PRC = 0.7694
2026-03-24 20:16:44,057 min(+P, Se) = 0.7254
2026-03-24 20:16:44,058 f1_score = 0.7279 (threshold = 1.2447)
2026-03-24 20:16:44,058 Epoch 24: Train Loss 0.1502, Valid Loss 0.3033
2026-03-24 20:17:43,352 [[3484  254]
 [  47  248]]
2026-03-24 20:17:43,357 AUC of ROC = 0.9597
2026-03-24 20:17:43,357 AUC of PRC = 0.7687
2026-03-24 20:17:43,358 min(+P, Se) = 0.7205
2026-03-24 20:17:43,358 f1_score = 0.7303 (threshold = 1.0252)
2026-03-24 20:17:43,359 Epoch 25: Train Loss 0.1421, Valid Loss 0.3055
2026-03-24 20:17:43,391 last saved model is in epoch 17
2026-03-24 20:17:47,068 [[3496  256]
 [  28  254]]
2026-03-24 20:17:47,072 AUC of ROC = 0.9628
2026-03-24 20:17:47,073 AUC of PRC = 0.8382
2026-03-24 20:17:47,073 min(+P, Se) = 0.7809
2026-03-24 20:17:47,073 f1_score = 0.7823 (threshold = 1.1517)
2026-03-24 20:17:47,074 Test Loss 0.2424
 python run_all_experiments.py --models smart-smile-lean   --seeds 1 --datasets mimic_decompensation mimic_lengthofstay mimic_mortality mimic_phenotyping --force
 python run_all_experiments.py --models smart-smile-lean   --seeds 3407 --datasets c19 mimic_decompensation mimic_lengthofstay mimic_mortality mimic_phenotyping --force2026-03-30 09:43:13,999 {
    "dataset": "c19",
    "data_dropout": 0.0,
    "epochs": 25,
    "lr": 0.001,
    "d_model": 32,
    "seed": 3407,
    "batch_size": 64,
    "dropout": 0.1,
    "save_model": true,
    "save_dir": "./export/c19\\smart-smile-lean\\seed_3407",
    "local_rank": 0,
    "min_mask_ratio": 0.15,
    "max_mask_ratio": 0.75,
    "e_layers": 2,
    "n_heads": 4,
    "time_dim": 16,
    "use_film": false,
    "use_smile": false,
    "use_smile_film": false,
    "use_smile_v2": false,
    "use_smile_v2_film": false,
    "use_smile_lean": true,
    "use_smile_lean_samepretrain": false,
    "use_mnar": false,
    "save_last": true,
    "smile_no_mnar": false,
    "smile_no_curriculum": false,
    "smile_mask_type": "all",
    "smile_mnar_dropout": 0.05,
    "obs_density_window": 5,
    "abl_no_density": false,
    "abl_no_mnar_bias": false,
    "abl_no_film": false,
    "abl_no_time_mnar": false,
    "abl_no_time_pe": false,
    "pretrain_mask_mode": "fixed",
    "ratio_temperature": 1.0,
    "smile_stratified": false,
    "smile_mask_weights": null
}
2026-03-30 09:43:18,357 Dataset Loaded.
2026-03-30 09:43:18,357 system_groups: {'Vital_Basic': 7, 'Resp_Gas': 7, 'Liver_Enzyme': 2, 'Renal': 3, 'Coagulation': 3, 'CBC': 3, 'Bilirubin': 2}
2026-03-30 09:45:08,540 Epoch 1: Train Loss 0.0730, Valid Loss 0.0221, EMA Val 0.0221
2026-03-30 09:46:58,976 Epoch 2: Train Loss 0.0529, Valid Loss 0.0224, EMA Val 0.0222
2026-03-30 09:48:48,742 Epoch 3: Train Loss 0.0460, Valid Loss 0.0207, EMA Val 0.0218
2026-03-30 09:50:39,622 Epoch 4: Train Loss 0.0415, Valid Loss 0.0196, EMA Val 0.0211
2026-03-30 09:52:31,696 Epoch 5: Train Loss 0.0400, Valid Loss 0.0203, EMA Val 0.0209
2026-03-30 09:54:22,489 Epoch 6: Train Loss 0.0392, Valid Loss 0.0196, EMA Val 0.0205
2026-03-30 09:56:13,559 Epoch 7: Train Loss 0.0389, Valid Loss 0.0192, EMA Val 0.0201
2026-03-30 09:58:04,438 Epoch 8: Train Loss 0.0402, Valid Loss 0.0201, EMA Val 0.0201
2026-03-30 09:59:55,824 Epoch 9: Train Loss 0.0423, Valid Loss 0.0211, EMA Val 0.0204
2026-03-30 10:01:47,031 Epoch 10: Train Loss 0.0436, Valid Loss 0.0219, EMA Val 0.0209
2026-03-30 10:03:38,030 Epoch 11: Train Loss 0.0456, Valid Loss 0.0219, EMA Val 0.0212
2026-03-30 10:05:29,188 Epoch 12: Train Loss 0.0472, Valid Loss 0.0240, EMA Val 0.0220
2026-03-30 10:07:21,470 Epoch 13: Train Loss 0.0501, Valid Loss 0.0250, EMA Val 0.0229
2026-03-30 10:09:12,925 Epoch 14: Train Loss 0.0540, Valid Loss 0.0269, EMA Val 0.0241
2026-03-30 10:11:04,206 Epoch 15: Train Loss 0.0578, Valid Loss 0.0291, EMA Val 0.0256
2026-03-30 10:12:55,719 Epoch 16: Train Loss 0.0601, Valid Loss 0.0302, EMA Val 0.0270
2026-03-30 10:14:47,419 Epoch 17: Train Loss 0.0653, Valid Loss 0.0314, EMA Val 0.0283
2026-03-30 10:16:38,880 Epoch 18: Train Loss 0.0677, Valid Loss 0.0326, EMA Val 0.0296
2026-03-30 10:18:29,978 Epoch 19: Train Loss 0.0712, Valid Loss 0.0332, EMA Val 0.0307
2026-03-30 10:20:21,143 Epoch 20: Train Loss 0.0732, Valid Loss 0.0360, EMA Val 0.0323
2026-03-30 10:22:14,110 Epoch 21: Train Loss 0.0766, Valid Loss 0.0351, EMA Val 0.0331
2026-03-30 10:24:06,631 Epoch 22: Train Loss 0.0788, Valid Loss 0.0352, EMA Val 0.0337
2026-03-30 10:25:58,112 Epoch 23: Train Loss 0.0826, Valid Loss 0.0376, EMA Val 0.0349
2026-03-30 10:27:49,535 Epoch 24: Train Loss 0.0831, Valid Loss 0.0393, EMA Val 0.0362
2026-03-30 10:29:40,839 Epoch 25: Train Loss 0.0846, Valid Loss 0.0404, EMA Val 0.0375
2026-03-30 10:29:40,840 ----- Save last epoch model - L1: 0.0375 -----
2026-03-30 10:29:40,878 last saved model is in epoch 25
2026-03-30 10:29:48,900 Test Loss 0.0409
2026-03-30 10:29:55,388 {
    "dataset": "c19",
    "data_dropout": 0.0,
    "epochs": 25,
    "freeze_epochs": 5,
    "lr": 0.001,
    "d_model": 32,
    "seed": 3407,
    "batch_size": 64,
    "dropout": 0.1,
    "save_model": true,
    "save_dir": "./export/c19\\smart-smile-lean\\seed_3407",
    "pretrain_dir": null,
    "local_rank": 0,
    "e_layers": 2,
    "n_heads": 4,
    "time_dim": 16,
    "use_film": false,
    "use_smile": false,
    "use_smile_film": false,
    "use_mnar": false,
    "use_smile_v2": false,
    "use_smile_v2_film": false,
    "use_smile_lean": true,
    "use_smile_lean_samepretrain": false,
    "obs_density_window": 5,
    "abl_no_density": false,
    "abl_no_mnar_bias": false,
    "abl_no_film": false,
    "abl_no_time_mnar": false,
    "abl_no_time_pe": false,
    "smile_no_mnar": false,
    "smile_no_curriculum": false,
    "smile_mask_type": "all",
    "smile_mnar_dropout": 0.05,
    "smile_mnar_dropout_initial": 0.0,
    "smile_stratified": false
}
2026-03-30 10:30:00,316 Dataset Loaded.
2026-03-30 10:30:01,389 Class weights: [0.5393641591072083, 6.850955486297607]
2026-03-30 10:30:01,402 last saved model is in epoch 25
2026-03-30 10:30:43,632 [[2929  809]
 [  55  240]]
2026-03-30 10:30:43,636 AUC of ROC = 0.8713
2026-03-30 10:30:43,637 AUC of PRC = 0.3687
2026-03-30 10:30:43,637 min(+P, Se) = 0.4475
2026-03-30 10:30:43,637 f1_score = 0.4536 (threshold = 1.2109)
2026-03-30 10:30:43,638 Epoch 1: Train Loss 0.5602, Valid Loss 0.4435
2026-03-30 10:30:43,638 ----- Save best model - auprc: 0.3687 -----
2026-03-30 10:31:25,437 [[3428  310]
 [ 120  175]]
2026-03-30 10:31:25,441 AUC of ROC = 0.8890
2026-03-30 10:31:25,441 AUC of PRC = 0.3719
2026-03-30 10:31:25,441 min(+P, Se) = 0.4371
2026-03-30 10:31:25,442 f1_score = 0.4613 (threshold = 0.5892)
2026-03-30 10:31:25,442 Epoch 2: Train Loss 0.4747, Valid Loss 0.4688
2026-03-30 10:31:25,443 ----- Save best model - auprc: 0.3719 -----
2026-03-30 10:32:07,440 [[3374  364]
 [ 101  194]]
2026-03-30 10:32:07,445 AUC of ROC = 0.8893
2026-03-30 10:32:07,445 AUC of PRC = 0.4160
2026-03-30 10:32:07,445 min(+P, Se) = 0.4712
2026-03-30 10:32:07,445 f1_score = 0.4807 (threshold = 0.5681)
2026-03-30 10:32:07,446 Epoch 3: Train Loss 0.4567, Valid Loss 0.4407
2026-03-30 10:32:07,447 ----- Save best model - auprc: 0.4160 -----
2026-03-30 10:32:49,375 [[3477  261]
 [ 115  180]]
2026-03-30 10:32:49,379 AUC of ROC = 0.8964
2026-03-30 10:32:49,380 AUC of PRC = 0.4180
2026-03-30 10:32:49,380 min(+P, Se) = 0.4644
2026-03-30 10:32:49,381 f1_score = 0.4825 (threshold = 0.2997)
2026-03-30 10:32:49,381 Epoch 4: Train Loss 0.4498, Valid Loss 0.4676
2026-03-30 10:32:49,382 ----- Save best model - auprc: 0.4180 -----
2026-03-30 10:33:31,227 [[2620 1118]
 [  23  272]]
2026-03-30 10:33:31,231 AUC of ROC = 0.9011
2026-03-30 10:33:31,232 AUC of PRC = 0.4380
2026-03-30 10:33:31,232 min(+P, Se) = 0.4682
2026-03-30 10:33:31,233 f1_score = 0.4932 (threshold = 1.2580)
2026-03-30 10:33:31,233 Epoch 5: Train Loss 0.4452, Valid Loss 0.4420
2026-03-30 10:33:31,234 ----- Save best model - auprc: 0.4380 -----
2026-03-30 10:34:46,779 [[3487  251]
 [  57  238]]
2026-03-30 10:34:46,783 AUC of ROC = 0.9528
2026-03-30 10:34:46,784 AUC of PRC = 0.6846
2026-03-30 10:34:46,784 min(+P, Se) = 0.6610
2026-03-30 10:34:46,785 f1_score = 0.6721 (threshold = 0.8480)
2026-03-30 10:34:46,785 Epoch 6: Train Loss 0.3748, Valid Loss 0.2901
2026-03-30 10:34:46,786 ----- Save best model - auprc: 0.6846 -----
2026-03-30 10:36:02,716 [[3122  616]
 [  16  279]]
2026-03-30 10:36:02,721 AUC of ROC = 0.9630
2026-03-30 10:36:02,721 AUC of PRC = 0.7424
2026-03-30 10:36:02,721 min(+P, Se) = 0.7027
2026-03-30 10:36:02,721 f1_score = 0.7065 (threshold = 2.0054)
2026-03-30 10:36:02,722 Epoch 7: Train Loss 0.3178, Valid Loss 0.2915
2026-03-30 10:36:02,723 ----- Save best model - auprc: 0.7424 -----
2026-03-30 10:37:18,151 [[3285  453]
 [  19  276]]
2026-03-30 10:37:18,155 AUC of ROC = 0.9645
2026-03-30 10:37:18,156 AUC of PRC = 0.7420
2026-03-30 10:37:18,157 min(+P, Se) = 0.7061
2026-03-30 10:37:18,157 f1_score = 0.7092 (threshold = 1.7159)
2026-03-30 10:37:18,158 Epoch 8: Train Loss 0.2967, Valid Loss 0.2550
2026-03-30 10:38:33,617 [[3450  288]
 [  37  258]]
2026-03-30 10:38:33,622 AUC of ROC = 0.9634
2026-03-30 10:38:33,622 AUC of PRC = 0.7651
2026-03-30 10:38:33,622 min(+P, Se) = 0.7220
2026-03-30 10:38:33,623 f1_score = 0.7306 (threshold = 1.3266)
2026-03-30 10:38:33,623 Epoch 9: Train Loss 0.2798, Valid Loss 0.2466
2026-03-30 10:38:33,624 ----- Save best model - auprc: 0.7651 -----
2026-03-30 10:39:48,912 [[3414  324]
 [  31  264]]
2026-03-30 10:39:48,916 AUC of ROC = 0.9670
2026-03-30 10:39:48,917 AUC of PRC = 0.7657
2026-03-30 10:39:48,918 min(+P, Se) = 0.7390
2026-03-30 10:39:48,918 f1_score = 0.7415 (threshold = 1.0293)
2026-03-30 10:39:48,918 Epoch 10: Train Loss 0.2741, Valid Loss 0.2386
2026-03-30 10:39:48,919 ----- Save best model - auprc: 0.7657 -----
2026-03-30 10:41:04,499 [[3401  337]
 [  33  262]]
2026-03-30 10:41:04,504 AUC of ROC = 0.9655
2026-03-30 10:41:04,504 AUC of PRC = 0.7525
2026-03-30 10:41:04,504 min(+P, Se) = 0.7230
2026-03-30 10:41:04,505 f1_score = 0.7245 (threshold = 1.3808)
2026-03-30 10:41:04,505 Epoch 11: Train Loss 0.2600, Valid Loss 0.2408
2026-03-30 10:42:19,700 [[3355  383]
 [  29  266]]
2026-03-30 10:42:19,705 AUC of ROC = 0.9654
2026-03-30 10:42:19,705 AUC of PRC = 0.7726
2026-03-30 10:42:19,705 min(+P, Se) = 0.7282
2026-03-30 10:42:19,705 f1_score = 0.7324 (threshold = 1.4972)
2026-03-30 10:42:19,706 Epoch 12: Train Loss 0.2472, Valid Loss 0.2447
2026-03-30 10:42:19,707 ----- Save best model - auprc: 0.7726 -----
2026-03-30 10:43:34,876 [[3351  387]
 [  25  270]]
2026-03-30 10:43:34,880 AUC of ROC = 0.9670
2026-03-30 10:43:34,880 AUC of PRC = 0.7734
2026-03-30 10:43:34,880 min(+P, Se) = 0.7172
2026-03-30 10:43:34,881 f1_score = 0.7318 (threshold = 1.3334)
2026-03-30 10:43:34,882 Epoch 13: Train Loss 0.2418, Valid Loss 0.2444
2026-03-30 10:43:34,882 ----- Save best model - auprc: 0.7734 -----
2026-03-30 10:44:50,071 [[3537  201]
 [  47  248]]
2026-03-30 10:44:50,075 AUC of ROC = 0.9610
2026-03-30 10:44:50,075 AUC of PRC = 0.7563
2026-03-30 10:44:50,075 min(+P, Se) = 0.7017
2026-03-30 10:44:50,075 f1_score = 0.7091 (threshold = 0.9438)
2026-03-30 10:44:50,076 Epoch 14: Train Loss 0.2299, Valid Loss 0.2626
2026-03-30 10:46:05,359 [[3410  328]
 [  33  262]]
2026-03-30 10:46:05,363 AUC of ROC = 0.9611
2026-03-30 10:46:05,364 AUC of PRC = 0.7611
2026-03-30 10:46:05,365 min(+P, Se) = 0.7153
2026-03-30 10:46:05,365 f1_score = 0.7256 (threshold = 1.7254)
2026-03-30 10:46:05,365 Epoch 15: Train Loss 0.2239, Valid Loss 0.2523
2026-03-30 10:47:20,697 [[3460  278]
 [  35  260]]
2026-03-30 10:47:20,701 AUC of ROC = 0.9614
2026-03-30 10:47:20,702 AUC of PRC = 0.7611
2026-03-30 10:47:20,702 min(+P, Se) = 0.7186
2026-03-30 10:47:20,703 f1_score = 0.7351 (threshold = 1.6568)
2026-03-30 10:47:20,703 Epoch 16: Train Loss 0.2076, Valid Loss 0.2591
2026-03-30 10:48:36,245 [[3437  301]
 [  33  262]]
2026-03-30 10:48:36,249 AUC of ROC = 0.9629
2026-03-30 10:48:36,250 AUC of PRC = 0.7697
2026-03-30 10:48:36,250 min(+P, Se) = 0.7288
2026-03-30 10:48:36,250 f1_score = 0.7387 (threshold = 1.4948)
2026-03-30 10:48:36,251 Epoch 17: Train Loss 0.1977, Valid Loss 0.2503
2026-03-30 10:49:51,379 [[3550  188]
 [  48  247]]
2026-03-30 10:49:51,383 AUC of ROC = 0.9564
2026-03-30 10:49:51,383 AUC of PRC = 0.7562
2026-03-30 10:49:51,384 min(+P, Se) = 0.7230
2026-03-30 10:49:51,384 f1_score = 0.7247 (threshold = 1.2216)
2026-03-30 10:49:51,385 Epoch 18: Train Loss 0.1865, Valid Loss 0.2942
2026-03-30 10:51:07,822 [[3458  280]
 [  33  262]]
2026-03-30 10:51:07,826 AUC of ROC = 0.9625
2026-03-30 10:51:07,826 AUC of PRC = 0.7713
2026-03-30 10:51:07,827 min(+P, Se) = 0.7288
2026-03-30 10:51:07,827 f1_score = 0.7339 (threshold = 1.5347)
2026-03-30 10:51:07,828 Epoch 19: Train Loss 0.1793, Valid Loss 0.2631
2026-03-30 10:52:23,602 [[3446  292]
 [  31  264]]
2026-03-30 10:52:23,606 AUC of ROC = 0.9601
2026-03-30 10:52:23,607 AUC of PRC = 0.7656
2026-03-30 10:52:23,608 min(+P, Se) = 0.7239
2026-03-30 10:52:23,608 f1_score = 0.7298 (threshold = 1.5660)
2026-03-30 10:52:23,608 Epoch 20: Train Loss 0.1717, Valid Loss 0.2735
2026-03-30 10:53:39,203 [[3405  333]
 [  31  264]]
2026-03-30 10:53:39,208 AUC of ROC = 0.9584
2026-03-30 10:53:39,210 AUC of PRC = 0.7637
2026-03-30 10:53:39,210 min(+P, Se) = 0.7119
2026-03-30 10:53:39,210 f1_score = 0.7201 (threshold = 1.3647)
2026-03-30 10:53:39,211 Epoch 21: Train Loss 0.1668, Valid Loss 0.2760
2026-03-30 10:54:54,646 [[3471  267]
 [  38  257]]
2026-03-30 10:54:54,651 AUC of ROC = 0.9567
2026-03-30 10:54:54,651 AUC of PRC = 0.7619
2026-03-30 10:54:54,651 min(+P, Se) = 0.7264
2026-03-30 10:54:54,652 f1_score = 0.7320 (threshold = 1.5306)
2026-03-30 10:54:54,652 Epoch 22: Train Loss 0.1593, Valid Loss 0.2900
2026-03-30 10:56:10,009 [[3510  228]
 [  45  250]]
2026-03-30 10:56:10,014 AUC of ROC = 0.9562
2026-03-30 10:56:10,014 AUC of PRC = 0.7595
2026-03-30 10:56:10,014 min(+P, Se) = 0.7233
2026-03-30 10:56:10,015 f1_score = 0.7303 (threshold = 1.1456)
2026-03-30 10:56:10,015 Epoch 23: Train Loss 0.1505, Valid Loss 0.3027
2026-03-30 10:57:25,352 [[3492  246]
 [  46  249]]
2026-03-30 10:57:25,356 AUC of ROC = 0.9555
2026-03-30 10:57:25,357 AUC of PRC = 0.7584
2026-03-30 10:57:25,357 min(+P, Se) = 0.7248
2026-03-30 10:57:25,357 f1_score = 0.7285 (threshold = 1.2580)
2026-03-30 10:57:25,358 Epoch 24: Train Loss 0.1491, Valid Loss 0.3026
2026-03-30 10:58:40,832 [[3479  259]
 [  42  253]]
2026-03-30 10:58:40,836 AUC of ROC = 0.9553
2026-03-30 10:58:40,837 AUC of PRC = 0.7583
2026-03-30 10:58:40,837 min(+P, Se) = 0.7273
2026-03-30 10:58:40,838 f1_score = 0.7297 (threshold = 1.2962)
2026-03-30 10:58:40,838 Epoch 25: Train Loss 0.1469, Valid Loss 0.3008
2026-03-30 10:58:40,850 last saved model is in epoch 13
2026-03-30 10:58:45,288 [[3404  348]
 [  24  258]]
2026-03-30 10:58:45,292 AUC of ROC = 0.9645
2026-03-30 10:58:45,293 AUC of PRC = 0.8244
2026-03-30 10:58:45,293 min(+P, Se) = 0.7624
2026-03-30 10:58:45,294 f1_score = 0.7689 (threshold = 1.7121)
2026-03-30 10:58:45,294 Test Loss 0.2385
