2026-03-05 12:56:14,511 {
    "dataset": "c12",
    "data_dropout": 0.0,
    "epochs": 25,
    "lr": 0.001,
    "d_model": 32,
    "seed": 42,
    "batch_size": 256,
    "dropout": 0.1,
    "save_model": true,
    "save_dir": "./export/c12\\smart-mnar\\seed_42",
    "local_rank": 0,
    "min_mask_ratio": 0.0,
    "max_mask_ratio": 0.75,
    "e_layers": 2,
    "n_heads": 4,
    "time_dim": 16,
    "use_film": false,
    "use_smile": false,
    "use_mnar": true,
    "save_last": true,
    "smile_no_mnar": false,
    "smile_no_curriculum": false,
    "smile_mask_type": "all",
    "smile_mnar_dropout": 0.05
}
2026-03-05 12:56:15,591 Dataset Loaded.
2026-03-05 12:56:38,109 Epoch 1: Train Loss 11.2688, Valid Loss 7.0138
2026-03-05 12:56:59,778 Epoch 2: Train Loss 5.3287, Valid Loss 3.1841
2026-03-05 12:57:21,173 Epoch 3: Train Loss 3.7959, Valid Loss 2.7299
2026-03-05 12:57:42,860 Epoch 4: Train Loss 3.1465, Valid Loss 2.2932
2026-03-05 12:58:04,173 Epoch 5: Train Loss 2.7403, Valid Loss 2.0864
2026-03-05 12:58:25,547 Epoch 6: Train Loss 2.5612, Valid Loss 2.0584
2026-03-05 12:58:47,115 Epoch 7: Train Loss 2.3884, Valid Loss 1.8975
2026-03-05 12:59:08,506 Epoch 8: Train Loss 2.3213, Valid Loss 1.8332
2026-03-05 12:59:30,172 Epoch 9: Train Loss 2.2802, Valid Loss 1.6922
2026-03-05 12:59:51,552 Epoch 10: Train Loss 2.1662, Valid Loss 1.6750
2026-03-05 13:00:13,096 Epoch 11: Train Loss 2.1485, Valid Loss 1.6573
2026-03-05 13:00:34,754 Epoch 12: Train Loss 2.0777, Valid Loss 1.6970
2026-03-05 13:00:56,418 Epoch 13: Train Loss 2.0560, Valid Loss 1.5470
2026-03-05 13:01:18,061 Epoch 14: Train Loss 2.0367, Valid Loss 1.5607
2026-03-05 13:01:40,033 Epoch 15: Train Loss 1.9843, Valid Loss 1.5163
2026-03-05 13:02:01,937 Epoch 16: Train Loss 1.9490, Valid Loss 1.4733
2026-03-05 13:02:23,876 Epoch 17: Train Loss 1.9308, Valid Loss 1.4319
2026-03-05 13:02:45,767 Epoch 18: Train Loss 1.9284, Valid Loss 1.4379
2026-03-05 13:03:07,706 Epoch 19: Train Loss 1.9390, Valid Loss 1.4500
2026-03-05 13:03:29,627 Epoch 20: Train Loss 1.9160, Valid Loss 1.5067
2026-03-05 13:03:52,817 Epoch 21: Train Loss 1.8982, Valid Loss 1.4160
2026-03-05 13:04:17,312 Epoch 22: Train Loss 1.8965, Valid Loss 1.3982
2026-03-05 13:04:41,734 Epoch 23: Train Loss 1.8546, Valid Loss 1.4013
2026-03-05 13:05:06,012 Epoch 24: Train Loss 1.8735, Valid Loss 1.4281
2026-03-05 13:05:30,554 Epoch 25: Train Loss 1.8774, Valid Loss 1.4300
2026-03-05 13:05:30,555 ----- Save last epoch model - L1: 1.4300 -----
2026-03-05 13:05:30,602 last saved model is in epoch 25
2026-03-05 13:05:32,457 Test Loss 1.4216
2026-03-05 13:05:38,414 {
    "dataset": "c12",
    "data_dropout": 0.0,
    "epochs": 25,
    "freeze_epochs": 5,
    "lr": 0.001,
    "d_model": 32,
    "seed": 42,
    "batch_size": 256,
    "dropout": 0.1,
    "save_model": true,
    "save_dir": "./export/c12\\smart-mnar\\seed_42",
    "local_rank": 0,
    "e_layers": 2,
    "n_heads": 4,
    "time_dim": 16,
    "use_film": false,
    "use_smile": false,
    "use_mnar": true,
    "smile_no_mnar": false,
    "smile_no_curriculum": false,
    "smile_mask_type": "all",
    "smile_mnar_dropout": 0.05
}
2026-03-05 13:05:40,206 Dataset Loaded.
2026-03-05 13:05:42,631 last saved model is in epoch 25
2026-03-05 13:05:54,115 [[1030    4]
 [ 161    3]]
2026-03-05 13:05:54,119 AUC of ROC = 0.6807
2026-03-05 13:05:54,120 AUC of PRC = 0.2487
2026-03-05 13:05:54,120 min(+P, Se) = 0.2986
2026-03-05 13:05:54,120 f1_score = 0.0351
2026-03-05 13:05:54,120 Epoch 1: Train Loss 0.5775, Valid Loss 0.3946
2026-03-05 13:05:54,121 ----- Save best model - auprc: 0.2487 -----
2026-03-05 13:06:05,104 [[1029    5]
 [ 153   11]]
2026-03-05 13:06:05,108 AUC of ROC = 0.6942
2026-03-05 13:06:05,109 AUC of PRC = 0.2603
2026-03-05 13:06:05,109 min(+P, Se) = 0.3273
2026-03-05 13:06:05,109 f1_score = 0.1222
2026-03-05 13:06:05,109 Epoch 2: Train Loss 0.3843, Valid Loss 0.3240
2026-03-05 13:06:05,110 ----- Save best model - auprc: 0.2603 -----
2026-03-05 13:06:15,936 [[1017   17]
 [ 133   31]]
2026-03-05 13:06:15,941 AUC of ROC = 0.7033
2026-03-05 13:06:15,941 AUC of PRC = 0.2661
2026-03-05 13:06:15,941 min(+P, Se) = 0.3195
2026-03-05 13:06:15,941 f1_score = 0.2925
2026-03-05 13:06:15,942 Epoch 3: Train Loss 0.3636, Valid Loss 0.3201
2026-03-05 13:06:15,943 ----- Save best model - auprc: 0.2661 -----
2026-03-05 13:06:26,883 [[1030    4]
 [ 153   11]]
2026-03-05 13:06:26,886 AUC of ROC = 0.7325
2026-03-05 13:06:26,887 AUC of PRC = 0.3191
2026-03-05 13:06:26,887 min(+P, Se) = 0.3795
2026-03-05 13:06:26,887 f1_score = 0.1229
2026-03-05 13:06:26,888 Epoch 4: Train Loss 0.3818, Valid Loss 0.3410
2026-03-05 13:06:26,888 ----- Save best model - auprc: 0.3191 -----
2026-03-05 13:06:38,127 [[1025    9]
 [ 140   24]]
2026-03-05 13:06:38,131 AUC of ROC = 0.7500
2026-03-05 13:06:38,131 AUC of PRC = 0.3629
2026-03-05 13:06:38,132 min(+P, Se) = 0.3916
2026-03-05 13:06:38,132 f1_score = 0.2437
2026-03-05 13:06:38,132 Epoch 5: Train Loss 0.3731, Valid Loss 0.3160
2026-03-05 13:06:38,133 ----- Save best model - auprc: 0.3629 -----
2026-03-05 13:06:55,484 [[1008   26]
 [ 123   41]]
2026-03-05 13:06:55,487 AUC of ROC = 0.8066
2026-03-05 13:06:55,487 AUC of PRC = 0.4452
2026-03-05 13:06:55,488 min(+P, Se) = 0.4588
2026-03-05 13:06:55,488 f1_score = 0.3550
2026-03-05 13:06:55,488 Epoch 6: Train Loss 0.3682, Valid Loss 0.3044
2026-03-05 13:06:55,489 ----- Save best model - auprc: 0.4452 -----
2026-03-05 13:07:13,462 [[1007   27]
 [ 123   41]]
2026-03-05 13:07:13,467 AUC of ROC = 0.8190
2026-03-05 13:07:13,468 AUC of PRC = 0.4598
2026-03-05 13:07:13,469 min(+P, Se) = 0.4576
2026-03-05 13:07:13,469 f1_score = 0.3534
2026-03-05 13:07:13,469 Epoch 7: Train Loss 0.3319, Valid Loss 0.3009
2026-03-05 13:07:13,470 ----- Save best model - auprc: 0.4598 -----
2026-03-05 13:07:31,309 [[1004   30]
 [ 113   51]]
2026-03-05 13:07:31,313 AUC of ROC = 0.8418
2026-03-05 13:07:31,313 AUC of PRC = 0.4937
2026-03-05 13:07:31,313 min(+P, Se) = 0.4819
2026-03-05 13:07:31,314 f1_score = 0.4163
2026-03-05 13:07:31,314 Epoch 8: Train Loss 0.3262, Valid Loss 0.3000
2026-03-05 13:07:31,315 ----- Save best model - auprc: 0.4937 -----
2026-03-05 13:07:47,833 [[982  52]
 [ 92  72]]
2026-03-05 13:07:47,835 AUC of ROC = 0.8486
2026-03-05 13:07:47,835 AUC of PRC = 0.5045
2026-03-05 13:07:47,835 min(+P, Se) = 0.4913
2026-03-05 13:07:47,835 f1_score = 0.5000
2026-03-05 13:07:47,835 Epoch 9: Train Loss 0.3169, Valid Loss 0.3096
2026-03-05 13:07:47,836 ----- Save best model - auprc: 0.5045 -----
2026-03-05 13:08:02,909 [[1015   19]
 [ 131   33]]
2026-03-05 13:08:02,910 AUC of ROC = 0.8527
2026-03-05 13:08:02,911 AUC of PRC = 0.5154
2026-03-05 13:08:02,911 min(+P, Se) = 0.5305
2026-03-05 13:08:02,911 f1_score = 0.3056
2026-03-05 13:08:02,911 Epoch 10: Train Loss 0.3224, Valid Loss 0.2930
2026-03-05 13:08:02,911 ----- Save best model - auprc: 0.5154 -----
2026-03-05 13:08:19,331 [[1022   12]
 [ 137   27]]
2026-03-05 13:08:19,335 AUC of ROC = 0.8617
2026-03-05 13:08:19,335 AUC of PRC = 0.5054
2026-03-05 13:08:19,335 min(+P, Se) = 0.5244
2026-03-05 13:08:19,336 f1_score = 0.2660
2026-03-05 13:08:19,349 Epoch 11: Train Loss 0.3100, Valid Loss 0.2899
2026-03-05 13:08:36,841 [[1014   20]
 [ 126   38]]
2026-03-05 13:08:36,846 AUC of ROC = 0.8658
2026-03-05 13:08:36,847 AUC of PRC = 0.5214
2026-03-05 13:08:36,849 min(+P, Se) = 0.5244
2026-03-05 13:08:36,849 f1_score = 0.3423
2026-03-05 13:08:36,849 Epoch 12: Train Loss 0.3141, Valid Loss 0.2828
2026-03-05 13:08:36,850 ----- Save best model - auprc: 0.5214 -----
2026-03-05 13:08:53,967 [[994  40]
 [ 97  67]]
2026-03-05 13:08:53,970 AUC of ROC = 0.8636
2026-03-05 13:08:53,971 AUC of PRC = 0.5245
2026-03-05 13:08:53,971 min(+P, Se) = 0.5329
2026-03-05 13:08:53,971 f1_score = 0.4945
2026-03-05 13:08:53,972 Epoch 13: Train Loss 0.3089, Valid Loss 0.2945
2026-03-05 13:08:53,973 ----- Save best model - auprc: 0.5245 -----
2026-03-05 13:09:11,276 [[996  38]
 [ 98  66]]
2026-03-05 13:09:11,281 AUC of ROC = 0.8671
2026-03-05 13:09:11,282 AUC of PRC = 0.5269
2026-03-05 13:09:11,292 min(+P, Se) = 0.5488
2026-03-05 13:09:11,293 f1_score = 0.4925
2026-03-05 13:09:11,294 Epoch 14: Train Loss 0.3060, Valid Loss 0.2870
2026-03-05 13:09:11,294 ----- Save best model - auprc: 0.5269 -----
2026-03-05 13:09:28,717 [[1009   25]
 [ 116   48]]
2026-03-05 13:09:28,721 AUC of ROC = 0.8621
2026-03-05 13:09:28,722 AUC of PRC = 0.5219
2026-03-05 13:09:28,722 min(+P, Se) = 0.5422
2026-03-05 13:09:28,722 f1_score = 0.4051
2026-03-05 13:09:28,723 Epoch 15: Train Loss 0.3062, Valid Loss 0.2885
2026-03-05 13:09:45,403 [[1017   17]
 [ 124   40]]
2026-03-05 13:09:45,406 AUC of ROC = 0.8652
2026-03-05 13:09:45,406 AUC of PRC = 0.5273
2026-03-05 13:09:45,406 min(+P, Se) = 0.5482
2026-03-05 13:09:45,407 f1_score = 0.3620
2026-03-05 13:09:45,407 Epoch 16: Train Loss 0.3054, Valid Loss 0.2804
2026-03-05 13:09:45,408 ----- Save best model - auprc: 0.5273 -----
2026-03-05 13:10:01,355 [[1015   19]
 [ 118   46]]
2026-03-05 13:10:01,357 AUC of ROC = 0.8704
2026-03-05 13:10:01,358 AUC of PRC = 0.5440
2026-03-05 13:10:01,358 min(+P, Se) = 0.5515
2026-03-05 13:10:01,358 f1_score = 0.4017
2026-03-05 13:10:01,358 Epoch 17: Train Loss 0.3062, Valid Loss 0.2817
2026-03-05 13:10:01,358 ----- Save best model - auprc: 0.5440 -----
2026-03-05 13:10:16,792 [[999  35]
 [104  60]]
2026-03-05 13:10:16,793 AUC of ROC = 0.8627
2026-03-05 13:10:16,794 AUC of PRC = 0.5310
2026-03-05 13:10:16,794 min(+P, Se) = 0.5305
2026-03-05 13:10:16,794 f1_score = 0.4633
2026-03-05 13:10:16,794 Epoch 18: Train Loss 0.2999, Valid Loss 0.2843
2026-03-05 13:10:32,332 [[1012   22]
 [ 116   48]]
2026-03-05 13:10:32,334 AUC of ROC = 0.8714
2026-03-05 13:10:32,334 AUC of PRC = 0.5468
2026-03-05 13:10:32,334 min(+P, Se) = 0.5562
2026-03-05 13:10:32,334 f1_score = 0.4103
2026-03-05 13:10:32,335 Epoch 19: Train Loss 0.3043, Valid Loss 0.2766
2026-03-05 13:10:32,335 ----- Save best model - auprc: 0.5468 -----
2026-03-05 13:10:47,422 [[996  38]
 [ 97  67]]
2026-03-05 13:10:47,424 AUC of ROC = 0.8679
2026-03-05 13:10:47,424 AUC of PRC = 0.5379
2026-03-05 13:10:47,424 min(+P, Se) = 0.5488
2026-03-05 13:10:47,424 f1_score = 0.4981
2026-03-05 13:10:47,425 Epoch 20: Train Loss 0.3024, Valid Loss 0.2782
2026-03-05 13:11:04,678 [[1012   22]
 [ 122   42]]
2026-03-05 13:11:04,681 AUC of ROC = 0.8702
2026-03-05 13:11:04,687 AUC of PRC = 0.5399
2026-03-05 13:11:04,688 min(+P, Se) = 0.5389
2026-03-05 13:11:04,688 f1_score = 0.3684
2026-03-05 13:11:04,688 Epoch 21: Train Loss 0.2961, Valid Loss 0.2779
2026-03-05 13:11:21,860 [[1015   19]
 [ 123   41]]
2026-03-05 13:11:21,864 AUC of ROC = 0.8654
2026-03-05 13:11:21,864 AUC of PRC = 0.5305
2026-03-05 13:11:21,865 min(+P, Se) = 0.5361
2026-03-05 13:11:21,866 f1_score = 0.3661
2026-03-05 13:11:21,867 Epoch 22: Train Loss 0.2960, Valid Loss 0.2830
2026-03-05 13:11:39,226 [[1007   27]
 [ 104   60]]
2026-03-05 13:11:39,228 AUC of ROC = 0.8712
2026-03-05 13:11:39,229 AUC of PRC = 0.5347
2026-03-05 13:11:39,229 min(+P, Se) = 0.5523
2026-03-05 13:11:39,229 f1_score = 0.4781
2026-03-05 13:11:39,229 Epoch 23: Train Loss 0.2955, Valid Loss 0.2751
2026-03-05 13:11:55,918 [[1013   21]
 [ 121   43]]
2026-03-05 13:11:55,920 AUC of ROC = 0.8762
2026-03-05 13:11:55,920 AUC of PRC = 0.5495
2026-03-05 13:11:55,920 min(+P, Se) = 0.5549
2026-03-05 13:11:55,921 f1_score = 0.3772
2026-03-05 13:11:55,921 Epoch 24: Train Loss 0.2956, Valid Loss 0.2721
2026-03-05 13:11:55,921 ----- Save best model - auprc: 0.5495 -----
2026-03-05 13:12:12,798 [[1010   24]
 [ 116   48]]
2026-03-05 13:12:12,801 AUC of ROC = 0.8703
2026-03-05 13:12:12,802 AUC of PRC = 0.5447
2026-03-05 13:12:12,802 min(+P, Se) = 0.5549
2026-03-05 13:12:12,802 f1_score = 0.4068
2026-03-05 13:12:12,803 Epoch 25: Train Loss 0.2937, Valid Loss 0.2759
2026-03-05 13:12:12,828 last saved model is in epoch 24
2026-03-05 13:12:14,013 [[992  17]
 [144  47]]
2026-03-05 13:12:14,017 AUC of ROC = 0.8476
2026-03-05 13:12:14,017 AUC of PRC = 0.5486
2026-03-05 13:12:14,017 min(+P, Se) = 0.5288
2026-03-05 13:12:14,017 f1_score = 0.3686
2026-03-05 13:12:14,018 Test Loss 0.3203
