2026-02-24 01:14:11,904 {
    "dataset": "c19",
    "data_dropout": 0.0,
    "epochs": 25,
    "lr": 0.001,
    "d_model": 32,
    "seed": 3407,
    "batch_size": 64,
    "dropout": 0.1,
    "save_model": true,
    "save_dir": "./export/c19/smart/seed_3407",
    "local_rank": 0,
    "min_mask_ratio": 0.0,
    "max_mask_ratio": 0.75,
    "e_layers": 2,
    "n_heads": 4,
    "time_dim": 16,
    "use_film": false
}
2026-02-24 01:14:26,392 Dataset Loaded.
2026-02-24 01:15:42,851 Epoch 1: Train Loss 0.1091, Valid Loss 0.0248
2026-02-24 01:15:42,851 ----- Save best model - L1: 0.0248 -----
2026-02-24 01:16:58,065 Epoch 2: Train Loss 0.0663, Valid Loss 0.0230
2026-02-24 01:16:58,066 ----- Save best model - L1: 0.0230 -----
2026-02-24 01:18:13,607 Epoch 3: Train Loss 0.0525, Valid Loss 0.0239
2026-02-24 01:19:29,840 Epoch 4: Train Loss 0.0511, Valid Loss 0.0259
2026-02-24 01:20:45,332 Epoch 5: Train Loss 0.0524, Valid Loss 0.0299
2026-02-24 01:22:00,761 Epoch 6: Train Loss 0.0548, Valid Loss 0.0331
2026-02-24 01:23:16,098 Epoch 7: Train Loss 0.0585, Valid Loss 0.0349
2026-02-24 01:24:31,390 Epoch 8: Train Loss 0.0625, Valid Loss 0.0377
2026-02-24 01:25:46,766 Epoch 9: Train Loss 0.0640, Valid Loss 0.0385
2026-02-24 01:27:02,178 Epoch 10: Train Loss 0.0635, Valid Loss 0.0361
2026-02-24 01:28:17,506 Epoch 11: Train Loss 0.0625, Valid Loss 0.0354
2026-02-24 01:29:32,671 Epoch 12: Train Loss 0.0617, Valid Loss 0.0345
2026-02-24 01:30:47,977 Epoch 13: Train Loss 0.0614, Valid Loss 0.0330
2026-02-24 01:32:03,264 Epoch 14: Train Loss 0.0614, Valid Loss 0.0332
2026-02-24 01:33:18,613 Epoch 15: Train Loss 0.0618, Valid Loss 0.0321
2026-02-24 01:34:34,425 Epoch 16: Train Loss 0.0621, Valid Loss 0.0325
2026-02-24 01:35:50,002 Epoch 17: Train Loss 0.0627, Valid Loss 0.0335
2026-02-24 01:37:05,297 Epoch 18: Train Loss 0.0628, Valid Loss 0.0327
2026-02-24 01:38:20,598 Epoch 19: Train Loss 0.0633, Valid Loss 0.0329
2026-02-24 01:39:35,814 Epoch 20: Train Loss 0.0637, Valid Loss 0.0323
2026-02-24 01:40:51,098 Epoch 21: Train Loss 0.0640, Valid Loss 0.0320
2026-02-24 01:42:06,393 Epoch 22: Train Loss 0.0642, Valid Loss 0.0325
2026-02-24 01:43:21,709 Epoch 23: Train Loss 0.0647, Valid Loss 0.0326
2026-02-24 01:44:37,127 Epoch 24: Train Loss 0.0647, Valid Loss 0.0323
2026-02-24 01:45:52,555 Epoch 25: Train Loss 0.0647, Valid Loss 0.0326
2026-02-24 01:45:52,571 last saved model is in epoch 2
2026-02-24 01:45:58,163 Test Loss 0.0229
2026-02-24 01:46:02,615 {
    "dataset": "c19",
    "data_dropout": 0.0,
    "epochs": 25,
    "freeze_epochs": 5,
    "lr": 0.001,
    "d_model": 32,
    "seed": 3407,
    "batch_size": 64,
    "dropout": 0.1,
    "save_model": true,
    "save_dir": "./export/c19/smart/seed_3407",
    "local_rank": 0,
    "e_layers": 2,
    "n_heads": 4,
    "time_dim": 16,
    "use_film": false
}
2026-02-24 01:46:17,110 Dataset Loaded.
2026-02-24 01:46:18,514 last saved model is in epoch 2
2026-02-24 01:46:46,829 [[3748   16]
 [ 226   43]]
2026-02-24 01:46:46,832 AUC of ROC = 0.8811
2026-02-24 01:46:46,832 AUC of PRC = 0.4834
2026-02-24 01:46:46,832 min(+P, Se) = 0.5056
2026-02-24 01:46:46,833 f1_score = 0.2622
2026-02-24 01:46:46,833 Epoch 1: Train Loss 0.2139, Valid Loss 0.1661
2026-02-24 01:46:46,834 ----- Save best model - auprc: 0.4834 -----
2026-02-24 01:47:15,647 [[3717   47]
 [ 159  110]]
2026-02-24 01:47:15,650 AUC of ROC = 0.8944
2026-02-24 01:47:15,650 AUC of PRC = 0.5097
2026-02-24 01:47:15,650 min(+P, Se) = 0.5390
2026-02-24 01:47:15,651 f1_score = 0.5164
2026-02-24 01:47:15,651 Epoch 2: Train Loss 0.1868, Valid Loss 0.1572
2026-02-24 01:47:15,652 ----- Save best model - auprc: 0.5097 -----
2026-02-24 01:47:44,255 [[3742   22]
 [ 196   73]]
2026-02-24 01:47:44,258 AUC of ROC = 0.9012
2026-02-24 01:47:44,259 AUC of PRC = 0.5310
2026-02-24 01:47:44,259 min(+P, Se) = 0.5407
2026-02-24 01:47:44,259 f1_score = 0.4011
2026-02-24 01:47:44,260 Epoch 3: Train Loss 0.1808, Valid Loss 0.1575
2026-02-24 01:47:44,261 ----- Save best model - auprc: 0.5310 -----
2026-02-24 01:48:13,205 [[3750   14]
 [ 211   58]]
2026-02-24 01:48:13,207 AUC of ROC = 0.9101
2026-02-24 01:48:13,208 AUC of PRC = 0.5617
2026-02-24 01:48:13,208 min(+P, Se) = 0.5688
2026-02-24 01:48:13,209 f1_score = 0.3402
2026-02-24 01:48:13,209 Epoch 4: Train Loss 0.1746, Valid Loss 0.1549
2026-02-24 01:48:13,210 ----- Save best model - auprc: 0.5617 -----
2026-02-24 01:48:43,441 [[3735   29]
 [ 179   90]]
2026-02-24 01:48:43,445 AUC of ROC = 0.9084
2026-02-24 01:48:43,446 AUC of PRC = 0.5513
2026-02-24 01:48:43,446 min(+P, Se) = 0.5576
2026-02-24 01:48:43,446 f1_score = 0.4639
2026-02-24 01:48:43,447 Epoch 5: Train Loss 0.1714, Valid Loss 0.1547
2026-02-24 01:49:33,738 [[3704   60]
 [ 107  162]]
2026-02-24 01:49:33,741 AUC of ROC = 0.9371
2026-02-24 01:49:33,742 AUC of PRC = 0.7004
2026-02-24 01:49:33,742 min(+P, Se) = 0.6394
2026-02-24 01:49:33,742 f1_score = 0.6599
2026-02-24 01:49:33,743 Epoch 6: Train Loss 0.2051, Valid Loss 0.1226
2026-02-24 01:49:33,743 ----- Save best model - auprc: 0.7004 -----
2026-02-24 01:50:23,986 [[3738   26]
 [ 119  150]]
2026-02-24 01:50:23,989 AUC of ROC = 0.9500
2026-02-24 01:50:23,989 AUC of PRC = 0.7548
2026-02-24 01:50:23,990 min(+P, Se) = 0.7026
2026-02-24 01:50:23,990 f1_score = 0.6742
2026-02-24 01:50:23,990 Epoch 7: Train Loss 0.1370, Valid Loss 0.1163
2026-02-24 01:50:23,990 ----- Save best model - auprc: 0.7548 -----
2026-02-24 01:51:14,088 [[3711   53]
 [  87  182]]
2026-02-24 01:51:14,091 AUC of ROC = 0.9493
2026-02-24 01:51:14,091 AUC of PRC = 0.7635
2026-02-24 01:51:14,092 min(+P, Se) = 0.7138
2026-02-24 01:51:14,092 f1_score = 0.7222
2026-02-24 01:51:14,093 Epoch 8: Train Loss 0.1305, Valid Loss 0.1103
2026-02-24 01:51:14,093 ----- Save best model - auprc: 0.7635 -----
2026-02-24 01:52:04,259 [[3734   30]
 [ 109  160]]
2026-02-24 01:52:04,262 AUC of ROC = 0.9550
2026-02-24 01:52:04,262 AUC of PRC = 0.7760
2026-02-24 01:52:04,262 min(+P, Se) = 0.7222
2026-02-24 01:52:04,263 f1_score = 0.6972
2026-02-24 01:52:04,263 Epoch 9: Train Loss 0.1255, Valid Loss 0.1033
2026-02-24 01:52:04,263 ----- Save best model - auprc: 0.7760 -----
2026-02-24 01:52:54,500 [[3726   38]
 [ 104  165]]
2026-02-24 01:52:54,504 AUC of ROC = 0.9563
2026-02-24 01:52:54,504 AUC of PRC = 0.7613
2026-02-24 01:52:54,505 min(+P, Se) = 0.7100
2026-02-24 01:52:54,505 f1_score = 0.6992
2026-02-24 01:52:54,505 Epoch 10: Train Loss 0.1211, Valid Loss 0.1055
2026-02-24 01:53:44,638 [[3738   26]
 [ 117  152]]
2026-02-24 01:53:44,642 AUC of ROC = 0.9597
2026-02-24 01:53:44,642 AUC of PRC = 0.7795
2026-02-24 01:53:44,643 min(+P, Se) = 0.7323
2026-02-24 01:53:44,643 f1_score = 0.6801
2026-02-24 01:53:44,644 Epoch 11: Train Loss 0.1174, Valid Loss 0.1049
2026-02-24 01:53:44,644 ----- Save best model - auprc: 0.7795 -----
2026-02-24 01:54:34,837 [[3732   32]
 [ 100  169]]
2026-02-24 01:54:34,840 AUC of ROC = 0.9521
2026-02-24 01:54:34,840 AUC of PRC = 0.7843
2026-02-24 01:54:34,841 min(+P, Se) = 0.7212
2026-02-24 01:54:34,841 f1_score = 0.7191
2026-02-24 01:54:34,841 Epoch 12: Train Loss 0.1182, Valid Loss 0.1015
2026-02-24 01:54:34,842 ----- Save best model - auprc: 0.7843 -----
2026-02-24 01:55:24,931 [[3702   62]
 [  80  189]]
2026-02-24 01:55:24,934 AUC of ROC = 0.9575
2026-02-24 01:55:24,934 AUC of PRC = 0.7803
2026-02-24 01:55:24,934 min(+P, Se) = 0.7333
2026-02-24 01:55:24,935 f1_score = 0.7269
2026-02-24 01:55:24,936 Epoch 13: Train Loss 0.1157, Valid Loss 0.1043
2026-02-24 01:56:14,927 [[3721   43]
 [  93  176]]
2026-02-24 01:56:14,930 AUC of ROC = 0.9599
2026-02-24 01:56:14,931 AUC of PRC = 0.7807
2026-02-24 01:56:14,931 min(+P, Se) = 0.7175
2026-02-24 01:56:14,932 f1_score = 0.7213
2026-02-24 01:56:14,932 Epoch 14: Train Loss 0.1126, Valid Loss 0.1026
2026-02-24 01:57:05,099 [[3698   66]
 [  85  184]]
2026-02-24 01:57:05,102 AUC of ROC = 0.9498
2026-02-24 01:57:05,103 AUC of PRC = 0.7539
2026-02-24 01:57:05,103 min(+P, Se) = 0.7000
2026-02-24 01:57:05,103 f1_score = 0.7091
2026-02-24 01:57:05,104 Epoch 15: Train Loss 0.1114, Valid Loss 0.1115
2026-02-24 01:57:55,157 [[3737   27]
 [ 105  164]]
2026-02-24 01:57:55,160 AUC of ROC = 0.9563
2026-02-24 01:57:55,160 AUC of PRC = 0.7811
2026-02-24 01:57:55,161 min(+P, Se) = 0.7100
2026-02-24 01:57:55,161 f1_score = 0.7130
2026-02-24 01:57:55,162 Epoch 16: Train Loss 0.1098, Valid Loss 0.1043
2026-02-24 01:58:45,066 [[3714   50]
 [ 105  164]]
2026-02-24 01:58:45,069 AUC of ROC = 0.9526
2026-02-24 01:58:45,070 AUC of PRC = 0.7667
2026-02-24 01:58:45,070 min(+P, Se) = 0.6989
2026-02-24 01:58:45,070 f1_score = 0.6791
2026-02-24 01:58:45,070 Epoch 17: Train Loss 0.1099, Valid Loss 0.1124
2026-02-24 01:59:35,113 [[3732   32]
 [  95  174]]
2026-02-24 01:59:35,115 AUC of ROC = 0.9596
2026-02-24 01:59:35,116 AUC of PRC = 0.8006
2026-02-24 01:59:35,116 min(+P, Se) = 0.7407
2026-02-24 01:59:35,116 f1_score = 0.7326
2026-02-24 01:59:35,117 Epoch 18: Train Loss 0.1089, Valid Loss 0.0979
2026-02-24 01:59:35,117 ----- Save best model - auprc: 0.8006 -----
2026-02-24 02:00:25,252 [[3712   52]
 [  88  181]]
2026-02-24 02:00:25,255 AUC of ROC = 0.9568
2026-02-24 02:00:25,255 AUC of PRC = 0.7843
2026-02-24 02:00:25,255 min(+P, Se) = 0.7361
2026-02-24 02:00:25,255 f1_score = 0.7211
2026-02-24 02:00:25,256 Epoch 19: Train Loss 0.1060, Valid Loss 0.1019
2026-02-24 02:01:15,315 [[3743   21]
 [ 113  156]]
2026-02-24 02:01:15,318 AUC of ROC = 0.9589
2026-02-24 02:01:15,318 AUC of PRC = 0.7957
2026-02-24 02:01:15,319 min(+P, Se) = 0.7435
2026-02-24 02:01:15,319 f1_score = 0.6996
2026-02-24 02:01:15,320 Epoch 20: Train Loss 0.1046, Valid Loss 0.1079
2026-02-24 02:02:05,424 [[3723   41]
 [  98  171]]
2026-02-24 02:02:05,427 AUC of ROC = 0.9566
2026-02-24 02:02:05,428 AUC of PRC = 0.7779
2026-02-24 02:02:05,428 min(+P, Se) = 0.7138
2026-02-24 02:02:05,429 f1_score = 0.7110
2026-02-24 02:02:05,429 Epoch 21: Train Loss 0.1031, Valid Loss 0.1018
2026-02-24 02:02:55,542 [[3724   40]
 [  87  182]]
2026-02-24 02:02:55,545 AUC of ROC = 0.9549
2026-02-24 02:02:55,546 AUC of PRC = 0.7881
2026-02-24 02:02:55,546 min(+P, Se) = 0.7621
2026-02-24 02:02:55,546 f1_score = 0.7413
2026-02-24 02:02:55,547 Epoch 22: Train Loss 0.1032, Valid Loss 0.1020
2026-02-24 02:03:46,216 [[3747   17]
 [ 120  149]]
2026-02-24 02:03:46,219 AUC of ROC = 0.9510
2026-02-24 02:03:46,220 AUC of PRC = 0.7814
2026-02-24 02:03:46,220 min(+P, Se) = 0.7138
2026-02-24 02:03:46,220 f1_score = 0.6851
2026-02-24 02:03:46,220 Epoch 23: Train Loss 0.1001, Valid Loss 0.1128
2026-02-24 02:04:36,438 [[3717   47]
 [  88  181]]
2026-02-24 02:04:36,441 AUC of ROC = 0.9508
2026-02-24 02:04:36,441 AUC of PRC = 0.7680
2026-02-24 02:04:36,442 min(+P, Se) = 0.7222
2026-02-24 02:04:36,442 f1_score = 0.7284
2026-02-24 02:04:36,442 Epoch 24: Train Loss 0.0990, Valid Loss 0.1071
2026-02-24 02:05:26,743 [[3730   34]
 [ 105  164]]
2026-02-24 02:05:26,747 AUC of ROC = 0.9560
2026-02-24 02:05:26,753 AUC of PRC = 0.7709
2026-02-24 02:05:26,756 min(+P, Se) = 0.7159
2026-02-24 02:05:26,757 f1_score = 0.7024
2026-02-24 02:05:26,757 Epoch 25: Train Loss 0.0997, Valid Loss 0.1050
2026-02-24 02:05:26,840 last saved model is in epoch 18
2026-02-24 02:05:29,903 [[3709   24]
 [  97  204]]
2026-02-24 02:05:29,906 AUC of ROC = 0.9617
2026-02-24 02:05:29,907 AUC of PRC = 0.8360
2026-02-24 02:05:29,907 min(+P, Se) = 0.7641
2026-02-24 02:05:29,907 f1_score = 0.7713
2026-02-24 02:05:29,907 Test Loss 0.0987
