2026-04-25 01:52:37,079 {
    "dataset": "c12",
    "data_dropout": 0.0,
    "epochs": 25,
    "lr": 0.001,
    "d_model": 32,
    "seed": 1,
    "batch_size": 64,
    "num_workers": null,
    "dropout": 0.1,
    "save_model": true,
    "save_dir": "./export/c12/smart-smile-lean-no-film/seed_1",
    "local_rank": 0,
    "min_mask_ratio": 0.15,
    "max_mask_ratio": 0.75,
    "e_layers": 2,
    "n_heads": 4,
    "time_dim": 16,
    "use_film": false,
    "use_smile": false,
    "use_smile_film": false,
    "use_smile_v2": false,
    "use_smile_v2_film": false,
    "use_smile_lean": true,
    "use_smile_lean_samepretrain": false,
    "use_smile_lean_v2": false,
    "use_mnar": false,
    "save_last": true,
    "smile_no_mnar": false,
    "smile_no_curriculum": false,
    "smile_mask_type": "all",
    "smile_mnar_dropout": 0.05,
    "obs_density_window": 5,
    "abl_no_density": false,
    "abl_no_mnar_bias": false,
    "abl_no_film": true,
    "abl_no_time_mnar": false,
    "abl_no_time_pe": false,
    "abl_no_cross_attn": false,
    "abl_no_mnar_cls": false,
    "abl_no_policy": false,
    "abl_no_dynamic_mnar": false,
    "abl_no_dual_head": false,
    "pretrain_mask_mode": "fixed",
    "ratio_temperature": 1.0,
    "smile_stratified": false,
    "smile_mask_weights": null,
    "rank": 0,
    "world_size": 2,
    "distributed": true,
    "gpu": 0,
    "dist_backend": "nccl"
}
2026-04-25 01:52:41,165 Dataset Loaded.
2026-04-25 01:52:41,169 system_groups: {'Vital_Invasive': 3, 'Blood_Gas': 4, 'Electrolyte': 5, 'Liver_Enzyme': 6, 'CBC': 3, 'Oxygenation': 3, 'Metabolic': 2}
2026-04-25 01:52:41,169 DataLoader kwargs: {'num_workers': 4, 'pin_memory': True, 'persistent_workers': True, 'prefetch_factor': 2}
2026-04-25 01:52:41,173 Runtime init: variable order resolved.
2026-04-25 01:52:41,174 Runtime init: variable order moved to CUDA.
2026-04-25 01:52:41,194 Runtime init: encoder moved to CUDA.
2026-04-25 01:52:41,196 Runtime init: predictor moved to CUDA.
2026-04-25 01:52:41,213 Runtime init: target encoder copied.
2026-04-25 01:52:43,159 Runtime init: DDP wrap complete.
2026-04-25 01:52:48,885 Epoch 1: Train Loss 5.9696, Valid Loss 2.2126, EMA Val 2.2126
2026-04-25 01:52:53,423 Epoch 2: Train Loss 2.3716, Valid Loss 1.5402, EMA Val 2.0109
2026-04-25 01:52:57,743 Epoch 3: Train Loss 1.7787, Valid Loss 1.2770, EMA Val 1.7907
2026-04-25 01:53:01,906 Epoch 4: Train Loss 1.4687, Valid Loss 1.1321, EMA Val 1.5931
2026-04-25 01:53:06,625 Epoch 5: Train Loss 1.2549, Valid Loss 0.9604, EMA Val 1.4033
2026-04-25 01:53:10,923 Epoch 6: Train Loss 1.1427, Valid Loss 0.8650, EMA Val 1.2418
2026-04-25 01:53:15,585 Epoch 7: Train Loss 1.0403, Valid Loss 0.8129, EMA Val 1.1131
2026-04-25 01:53:20,137 Epoch 8: Train Loss 0.9479, Valid Loss 0.7978, EMA Val 1.0185
2026-04-25 01:53:25,355 Epoch 9: Train Loss 0.8951, Valid Loss 0.7468, EMA Val 0.9370
2026-04-25 01:53:30,456 Epoch 10: Train Loss 0.8328, Valid Loss 0.7239, EMA Val 0.8731
2026-04-25 01:53:35,921 Epoch 11: Train Loss 0.8260, Valid Loss 0.6861, EMA Val 0.8170
2026-04-25 01:53:41,278 Epoch 12: Train Loss 0.7734, Valid Loss 0.6795, EMA Val 0.7757
2026-04-25 01:53:46,555 Epoch 13: Train Loss 0.8300, Valid Loss 0.6975, EMA Val 0.7523
2026-04-25 01:53:51,693 Epoch 14: Train Loss 0.7476, Valid Loss 0.6703, EMA Val 0.7277
2026-04-25 01:53:56,777 Epoch 15: Train Loss 0.7051, Valid Loss 0.6673, EMA Val 0.7096
2026-04-25 01:54:02,113 Epoch 16: Train Loss 0.7317, Valid Loss 0.6541, EMA Val 0.6929
2026-04-25 01:54:07,167 Epoch 17: Train Loss 0.7564, Valid Loss 0.6120, EMA Val 0.6687
2026-04-25 01:54:12,351 Epoch 18: Train Loss 0.7902, Valid Loss 0.6655, EMA Val 0.6677
2026-04-25 01:54:17,681 Epoch 19: Train Loss 0.6858, Valid Loss 0.6655, EMA Val 0.6671
2026-04-25 01:54:22,968 Epoch 20: Train Loss 0.6773, Valid Loss 0.6296, EMA Val 0.6558
2026-04-25 01:54:28,121 Epoch 21: Train Loss 0.6805, Valid Loss 0.6203, EMA Val 0.6451
2026-04-25 01:54:33,489 Epoch 22: Train Loss 0.6285, Valid Loss 0.6245, EMA Val 0.6390
2026-04-25 01:54:38,789 Epoch 23: Train Loss 0.6890, Valid Loss 0.6404, EMA Val 0.6394
2026-04-25 01:54:44,115 Epoch 24: Train Loss 0.6964, Valid Loss 0.6271, EMA Val 0.6357
2026-04-25 01:54:49,298 Epoch 25: Train Loss 0.6016, Valid Loss 0.6303, EMA Val 0.6341
2026-04-25 01:54:49,300 ----- Save last epoch model - L1: 0.6341 -----
2026-04-25 01:54:49,379 last saved model is in epoch 25
2026-04-25 01:54:50,537 Test Loss 0.6617
2026-04-25 01:56:00,901 {
    "dataset": "c12",
    "data_dropout": 0.0,
    "epochs": 25,
    "freeze_epochs": 5,
    "lr": 0.001,
    "d_model": 32,
    "seed": 1,
    "batch_size": 64,
    "num_workers": null,
    "dropout": 0.1,
    "save_model": true,
    "save_dir": "./export/c12/smart-smile-lean-no-film/seed_1",
    "pretrain_dir": null,
    "local_rank": 0,
    "e_layers": 2,
    "n_heads": 4,
    "time_dim": 16,
    "use_film": false,
    "use_smile": false,
    "use_smile_film": false,
    "use_mnar": false,
    "use_smile_v2": false,
    "use_smile_v2_film": false,
    "use_smile_lean": true,
    "use_smile_lean_samepretrain": false,
    "use_smile_lean_v2": false,
    "obs_density_window": 5,
    "abl_no_density": false,
    "abl_no_mnar_bias": false,
    "abl_no_film": true,
    "abl_no_time_mnar": false,
    "abl_no_time_pe": false,
    "abl_no_cross_attn": false,
    "abl_no_mnar_cls": false,
    "abl_no_policy": false,
    "abl_no_dynamic_mnar": false,
    "abl_no_dual_head": false,
    "smile_no_mnar": false,
    "smile_no_curriculum": false,
    "smile_mask_type": "all",
    "smile_mnar_dropout": 0.05,
    "smile_mnar_dropout_initial": 0.0,
    "smile_stratified": false,
    "los_task": "classification",
    "los_label_unit": "auto",
    "los_use_class_weights": false,
    "los_save_metric": "auc_micro",
    "rank": 0,
    "world_size": 2,
    "distributed": true,
    "gpu": 0,
    "dist_backend": "nccl"
}
2026-04-25 01:56:04,500 Dataset Loaded.
2026-04-25 01:56:04,501 DataLoader kwargs: {'num_workers': 4, 'pin_memory': True, 'persistent_workers': True, 'prefetch_factor': 2}
2026-04-25 01:56:04,502 Runtime init: variable order resolved.
2026-04-25 01:56:04,503 Runtime init: variable order moved to CUDA.
2026-04-25 01:56:04,511 Runtime init: encoder moved to CUDA.
2026-04-25 01:56:04,512 Runtime init: classifier moved to CUDA.
2026-04-25 01:56:06,698 Runtime init: DDP wrap complete.
2026-04-25 01:56:06,705 Class weights: [0.5820587277412415, 3.546597719192505]
2026-04-25 01:56:06,728 last saved model is in epoch 25
2026-04-25 01:56:10,207 [[658 376]
 [ 28 136]]
2026-04-25 01:56:10,213 AUC of ROC = 0.7659
2026-04-25 01:56:10,213 AUC of PRC = 0.3094
2026-04-25 01:56:10,213 min(+P, Se) = 0.3706
2026-04-25 01:56:10,213 f1_score = 0.4188 (threshold = 0.6838)
2026-04-25 01:56:10,214 Epoch 1: Train Loss 0.7686, Valid Loss 0.5657
2026-04-25 01:56:10,215 ----- Save best model - auprc: 0.3094 -----
2026-04-25 01:56:12,658 [[811 223]
 [ 54 110]]
2026-04-25 01:56:12,662 AUC of ROC = 0.7982
2026-04-25 01:56:12,663 AUC of PRC = 0.3521
2026-04-25 01:56:12,663 min(+P, Se) = 0.3911
2026-04-25 01:56:12,663 f1_score = 0.4493 (threshold = 0.5409)
2026-04-25 01:56:12,663 Epoch 2: Train Loss 0.5974, Valid Loss 0.5178
2026-04-25 01:56:12,664 ----- Save best model - auprc: 0.3521 -----
2026-04-25 01:56:14,901 [[653 381]
 [ 20 144]]
2026-04-25 01:56:14,906 AUC of ROC = 0.7886
2026-04-25 01:56:14,906 AUC of PRC = 0.3321
2026-04-25 01:56:14,906 min(+P, Se) = 0.3732
2026-04-25 01:56:14,906 f1_score = 0.4348 (threshold = 0.6979)
2026-04-25 01:56:14,907 Epoch 3: Train Loss 0.5975, Valid Loss 0.5336
2026-04-25 01:56:16,977 [[815 219]
 [ 52 112]]
2026-04-25 01:56:16,982 AUC of ROC = 0.8013
2026-04-25 01:56:16,982 AUC of PRC = 0.3526
2026-04-25 01:56:16,982 min(+P, Se) = 0.3866
2026-04-25 01:56:16,982 f1_score = 0.4370 (threshold = 0.2518)
2026-04-25 01:56:16,983 Epoch 4: Train Loss 0.5849, Valid Loss 0.5003
2026-04-25 01:56:16,983 ----- Save best model - auprc: 0.3526 -----
2026-04-25 01:56:19,180 [[909 125]
 [ 72  92]]
2026-04-25 01:56:19,184 AUC of ROC = 0.8046
2026-04-25 01:56:19,184 AUC of PRC = 0.3680
2026-04-25 01:56:19,185 min(+P, Se) = 0.4192
2026-04-25 01:56:19,185 f1_score = 0.4421 (threshold = 0.3999)
2026-04-25 01:56:19,185 Epoch 5: Train Loss 0.5591, Valid Loss 0.5231
2026-04-25 01:56:19,186 ----- Save best model - auprc: 0.3680 -----
2026-04-25 01:56:22,962 [[742 292]
 [ 31 133]]
2026-04-25 01:56:22,972 AUC of ROC = 0.8191
2026-04-25 01:56:22,972 AUC of PRC = 0.4517
2026-04-25 01:56:22,972 min(+P, Se) = 0.4451
2026-04-25 01:56:22,972 f1_score = 0.4766 (threshold = 0.6284)
2026-04-25 01:56:22,973 Epoch 6: Train Loss 0.5707, Valid Loss 0.4837
2026-04-25 01:56:22,974 ----- Save best model - auprc: 0.4517 -----
2026-04-25 01:56:26,128 [[537 497]
 [  8 156]]
2026-04-25 01:56:26,134 AUC of ROC = 0.8427
2026-04-25 01:56:26,135 AUC of PRC = 0.4937
2026-04-25 01:56:26,135 min(+P, Se) = 0.5061
2026-04-25 01:56:26,135 f1_score = 0.5248 (threshold = 1.4081)
2026-04-25 01:56:26,135 Epoch 7: Train Loss 0.5187, Valid Loss 0.5689
2026-04-25 01:56:26,136 ----- Save best model - auprc: 0.4937 -----
2026-04-25 01:56:30,017 [[886 148]
 [ 55 109]]
2026-04-25 01:56:30,021 AUC of ROC = 0.8480
2026-04-25 01:56:30,022 AUC of PRC = 0.5004
2026-04-25 01:56:30,022 min(+P, Se) = 0.5061
2026-04-25 01:56:30,022 f1_score = 0.5208 (threshold = 0.5724)
2026-04-25 01:56:30,022 Epoch 8: Train Loss 0.5243, Valid Loss 0.4670
2026-04-25 01:56:30,023 ----- Save best model - auprc: 0.5004 -----
2026-04-25 01:56:34,018 [[885 149]
 [ 53 111]]
2026-04-25 01:56:34,024 AUC of ROC = 0.8426
2026-04-25 01:56:34,024 AUC of PRC = 0.5052
2026-04-25 01:56:34,024 min(+P, Se) = 0.5305
2026-04-25 01:56:34,025 f1_score = 0.5354 (threshold = 0.6180)
2026-04-25 01:56:34,025 Epoch 9: Train Loss 0.4921, Valid Loss 0.4683
2026-04-25 01:56:34,026 ----- Save best model - auprc: 0.5052 -----
2026-04-25 01:56:38,156 [[770 264]
 [ 32 132]]
2026-04-25 01:56:38,161 AUC of ROC = 0.8437
2026-04-25 01:56:38,162 AUC of PRC = 0.5108
2026-04-25 01:56:38,162 min(+P, Se) = 0.5122
2026-04-25 01:56:38,162 f1_score = 0.5234 (threshold = 0.8687)
2026-04-25 01:56:38,162 Epoch 10: Train Loss 0.5123, Valid Loss 0.4641
2026-04-25 01:56:38,163 ----- Save best model - auprc: 0.5108 -----
2026-04-25 01:56:40,845 [[912 122]
 [ 67  97]]
2026-04-25 01:56:40,850 AUC of ROC = 0.8450
2026-04-25 01:56:40,850 AUC of PRC = 0.5071
2026-04-25 01:56:40,851 min(+P, Se) = 0.5244
2026-04-25 01:56:40,851 f1_score = 0.5244 (threshold = 0.4731)
2026-04-25 01:56:40,851 Epoch 11: Train Loss 0.5066, Valid Loss 0.4847
2026-04-25 01:56:44,283 [[758 276]
 [ 25 139]]
2026-04-25 01:56:44,288 AUC of ROC = 0.8606
2026-04-25 01:56:44,288 AUC of PRC = 0.5394
2026-04-25 01:56:44,289 min(+P, Se) = 0.5212
2026-04-25 01:56:44,289 f1_score = 0.5346 (threshold = 0.8151)
2026-04-25 01:56:44,289 Epoch 12: Train Loss 0.4933, Valid Loss 0.4554
2026-04-25 01:56:44,290 ----- Save best model - auprc: 0.5394 -----
2026-04-25 01:56:48,280 [[788 246]
 [ 32 132]]
2026-04-25 01:56:48,286 AUC of ROC = 0.8554
2026-04-25 01:56:48,286 AUC of PRC = 0.5376
2026-04-25 01:56:48,286 min(+P, Se) = 0.5244
2026-04-25 01:56:48,286 f1_score = 0.5351 (threshold = 0.8100)
2026-04-25 01:56:48,287 Epoch 13: Train Loss 0.4850, Valid Loss 0.4490
2026-04-25 01:56:52,104 [[900 134]
 [ 58 106]]
2026-04-25 01:56:52,109 AUC of ROC = 0.8546
2026-04-25 01:56:52,110 AUC of PRC = 0.5245
2026-04-25 01:56:52,110 min(+P, Se) = 0.5305
2026-04-25 01:56:52,110 f1_score = 0.5404 (threshold = 0.4350)
2026-04-25 01:56:52,110 Epoch 14: Train Loss 0.4990, Valid Loss 0.4671
2026-04-25 01:56:56,070 [[755 279]
 [ 28 136]]
2026-04-25 01:56:56,075 AUC of ROC = 0.8525
2026-04-25 01:56:56,076 AUC of PRC = 0.5224
2026-04-25 01:56:56,076 min(+P, Se) = 0.5266
2026-04-25 01:56:56,076 f1_score = 0.5363 (threshold = 0.7911)
2026-04-25 01:56:56,076 Epoch 15: Train Loss 0.4792, Valid Loss 0.4587
2026-04-25 01:56:59,766 [[818 216]
 [ 35 129]]
2026-04-25 01:56:59,771 AUC of ROC = 0.8568
2026-04-25 01:56:59,771 AUC of PRC = 0.5235
2026-04-25 01:56:59,771 min(+P, Se) = 0.5366
2026-04-25 01:56:59,771 f1_score = 0.5495 (threshold = 0.8216)
2026-04-25 01:56:59,772 Epoch 16: Train Loss 0.4817, Valid Loss 0.4441
2026-04-25 01:57:03,840 [[827 207]
 [ 37 127]]
2026-04-25 01:57:03,845 AUC of ROC = 0.8596
2026-04-25 01:57:03,845 AUC of PRC = 0.5272
2026-04-25 01:57:03,846 min(+P, Se) = 0.5273
2026-04-25 01:57:03,846 f1_score = 0.5353 (threshold = 0.6319)
2026-04-25 01:57:03,846 Epoch 17: Train Loss 0.4680, Valid Loss 0.4435
2026-04-25 01:57:07,713 [[834 200]
 [ 36 128]]
2026-04-25 01:57:07,718 AUC of ROC = 0.8579
2026-04-25 01:57:07,718 AUC of PRC = 0.5195
2026-04-25 01:57:07,718 min(+P, Se) = 0.5212
2026-04-25 01:57:07,718 f1_score = 0.5298 (threshold = 0.5660)
2026-04-25 01:57:07,719 Epoch 18: Train Loss 0.4583, Valid Loss 0.4437
2026-04-25 01:57:11,670 [[785 249]
 [ 31 133]]
2026-04-25 01:57:11,675 AUC of ROC = 0.8560
2026-04-25 01:57:11,675 AUC of PRC = 0.5192
2026-04-25 01:57:11,675 min(+P, Se) = 0.5090
2026-04-25 01:57:11,675 f1_score = 0.5251 (threshold = 0.6143)
2026-04-25 01:57:11,676 Epoch 19: Train Loss 0.4692, Valid Loss 0.4469
2026-04-25 01:57:15,591 [[813 221]
 [ 34 130]]
2026-04-25 01:57:15,595 AUC of ROC = 0.8575
2026-04-25 01:57:15,595 AUC of PRC = 0.5256
2026-04-25 01:57:15,596 min(+P, Se) = 0.5183
2026-04-25 01:57:15,596 f1_score = 0.5318 (threshold = 0.5889)
2026-04-25 01:57:15,596 Epoch 20: Train Loss 0.4623, Valid Loss 0.4424
2026-04-25 01:57:19,475 [[825 209]
 [ 36 128]]
2026-04-25 01:57:19,480 AUC of ROC = 0.8557
2026-04-25 01:57:19,480 AUC of PRC = 0.5167
2026-04-25 01:57:19,480 min(+P, Se) = 0.5061
2026-04-25 01:57:19,480 f1_score = 0.5303 (threshold = 0.5591)
2026-04-25 01:57:19,481 Epoch 21: Train Loss 0.4653, Valid Loss 0.4444
2026-04-25 01:57:23,429 [[815 219]
 [ 35 129]]
2026-04-25 01:57:23,433 AUC of ROC = 0.8549
2026-04-25 01:57:23,434 AUC of PRC = 0.5177
2026-04-25 01:57:23,434 min(+P, Se) = 0.5091
2026-04-25 01:57:23,434 f1_score = 0.5345 (threshold = 0.6131)
2026-04-25 01:57:23,434 Epoch 22: Train Loss 0.4508, Valid Loss 0.4444
2026-04-25 01:57:27,478 [[811 223]
 [ 34 130]]
2026-04-25 01:57:27,482 AUC of ROC = 0.8552
2026-04-25 01:57:27,483 AUC of PRC = 0.5182
2026-04-25 01:57:27,483 min(+P, Se) = 0.5089
2026-04-25 01:57:27,483 f1_score = 0.5283 (threshold = 0.5252)
2026-04-25 01:57:27,483 Epoch 23: Train Loss 0.4731, Valid Loss 0.4442
2026-04-25 01:57:31,329 [[816 218]
 [ 34 130]]
2026-04-25 01:57:31,334 AUC of ROC = 0.8549
2026-04-25 01:57:31,334 AUC of PRC = 0.5160
2026-04-25 01:57:31,334 min(+P, Se) = 0.5085
2026-04-25 01:57:31,334 f1_score = 0.5296 (threshold = 0.4818)
2026-04-25 01:57:31,335 Epoch 24: Train Loss 0.4575, Valid Loss 0.4444
2026-04-25 01:57:35,249 [[821 213]
 [ 34 130]]
2026-04-25 01:57:35,254 AUC of ROC = 0.8555
2026-04-25 01:57:35,254 AUC of PRC = 0.5167
2026-04-25 01:57:35,255 min(+P, Se) = 0.5082
2026-04-25 01:57:35,255 f1_score = 0.5360 (threshold = 0.5960)
2026-04-25 01:57:35,255 Epoch 25: Train Loss 0.4528, Valid Loss 0.4437
2026-04-25 01:57:35,283 last saved model is in epoch 12
2026-04-25 01:57:36,183 [[748 261]
 [ 34 157]]
2026-04-25 01:57:36,188 AUC of ROC = 0.8516
2026-04-25 01:57:36,188 AUC of PRC = 0.5437
2026-04-25 01:57:36,189 min(+P, Se) = 0.5183
2026-04-25 01:57:36,189 f1_score = 0.5549 (threshold = 0.3199)
2026-04-25 01:57:36,189 Test Loss 0.4721
