2026-03-05 10:20:43,375 {
    "dataset": "c12",
    "data_dropout": 0.0,
    "epochs": 25,
    "lr": 0.001,
    "d_model": 32,
    "seed": 42,
    "batch_size": 256,
    "dropout": 0.1,
    "save_model": true,
    "save_dir": "./export/c12/smart-smile/seed_42",
    "local_rank": 0,
    "min_mask_ratio": 0.0,
    "max_mask_ratio": 0.75,
    "e_layers": 2,
    "n_heads": 4,
    "time_dim": 16,
    "use_film": false,
    "use_smile": true,
    "smile_no_mnar": false,
    "smile_no_curriculum": false,
    "smile_mask_type": "all",
    "smile_mnar_dropout": 0.05
}
2026-03-05 10:20:47,876 Dataset Loaded.
2026-03-05 10:20:47,876 SMILE system_groups: {'cardiovascular': 4, 'respiratory': 6, 'lab': 27}
2026-03-05 10:21:10,126 Epoch 1: Train Loss 11.5446, Valid Loss 7.7791
2026-03-05 10:21:10,127 ----- Save best model - L1: 7.7791 -----
2026-03-05 10:21:31,506 Epoch 2: Train Loss 5.8032, Valid Loss 3.3062
2026-03-05 10:21:31,508 ----- Save best model - L1: 3.3062 -----
2026-03-05 10:21:52,609 Epoch 3: Train Loss 3.7445, Valid Loss 2.6379
2026-03-05 10:21:52,610 ----- Save best model - L1: 2.6379 -----
2026-03-05 10:22:13,571 Epoch 4: Train Loss 3.1168, Valid Loss 2.3285
2026-03-05 10:22:13,573 ----- Save best model - L1: 2.3285 -----
2026-03-05 10:22:34,568 Epoch 5: Train Loss 2.7925, Valid Loss 2.1464
2026-03-05 10:22:34,570 ----- Save best model - L1: 2.1464 -----
2026-03-05 10:22:55,278 Epoch 6: Train Loss 2.6533, Valid Loss 2.0659
2026-03-05 10:22:55,279 ----- Save best model - L1: 2.0659 -----
2026-03-05 10:23:16,140 Epoch 7: Train Loss 2.4578, Valid Loss 1.9163
2026-03-05 10:23:16,141 ----- Save best model - L1: 1.9163 -----
2026-03-05 10:23:37,082 Epoch 8: Train Loss 2.4076, Valid Loss 1.8219
2026-03-05 10:23:37,085 ----- Save best model - L1: 1.8219 -----
2026-03-05 10:23:57,907 Epoch 9: Train Loss 2.2872, Valid Loss 1.7426
2026-03-05 10:23:57,913 ----- Save best model - L1: 1.7426 -----
2026-03-05 10:24:18,891 Epoch 10: Train Loss 2.1737, Valid Loss 1.7370
2026-03-05 10:24:18,892 ----- Save best model - L1: 1.7370 -----
2026-03-05 10:24:40,191 Epoch 11: Train Loss 2.1889, Valid Loss 1.6490
2026-03-05 10:24:40,195 ----- Save best model - L1: 1.6490 -----
2026-03-05 10:25:01,269 Epoch 12: Train Loss 2.1521, Valid Loss 1.6286
2026-03-05 10:25:01,270 ----- Save best model - L1: 1.6286 -----
2026-03-05 10:25:22,360 Epoch 13: Train Loss 2.0719, Valid Loss 1.5862
2026-03-05 10:25:22,361 ----- Save best model - L1: 1.5862 -----
2026-03-05 10:25:43,238 Epoch 14: Train Loss 2.0631, Valid Loss 1.6048
2026-03-05 10:26:03,961 Epoch 15: Train Loss 2.0734, Valid Loss 1.5708
2026-03-05 10:26:03,965 ----- Save best model - L1: 1.5708 -----
2026-03-05 10:26:25,011 Epoch 16: Train Loss 2.0397, Valid Loss 1.5805
2026-03-05 10:26:45,876 Epoch 17: Train Loss 2.0297, Valid Loss 1.5898
2026-03-05 10:27:06,542 Epoch 18: Train Loss 2.0255, Valid Loss 1.5223
2026-03-05 10:27:06,543 ----- Save best model - L1: 1.5223 -----
2026-03-05 10:27:27,554 Epoch 19: Train Loss 2.0355, Valid Loss 1.5145
2026-03-05 10:27:27,555 ----- Save best model - L1: 1.5145 -----
2026-03-05 10:27:48,673 Epoch 20: Train Loss 1.9995, Valid Loss 1.5242
2026-03-05 10:28:09,693 Epoch 21: Train Loss 2.0035, Valid Loss 1.5584
2026-03-05 10:28:30,673 Epoch 22: Train Loss 2.0205, Valid Loss 1.4962
2026-03-05 10:28:30,673 ----- Save best model - L1: 1.4962 -----
2026-03-05 10:28:51,391 Epoch 23: Train Loss 2.0137, Valid Loss 1.5094
2026-03-05 10:29:12,125 Epoch 24: Train Loss 1.9952, Valid Loss 1.5427
2026-03-05 10:29:33,054 Epoch 25: Train Loss 1.9789, Valid Loss 1.5140
2026-03-05 10:29:33,089 last saved model is in epoch 22
2026-03-05 10:29:34,590 Test Loss 1.6238
2026-03-05 10:29:38,076 {
    "dataset": "c12",
    "data_dropout": 0.0,
    "epochs": 25,
    "freeze_epochs": 5,
    "lr": 0.001,
    "d_model": 32,
    "seed": 42,
    "batch_size": 256,
    "dropout": 0.1,
    "save_model": true,
    "save_dir": "./export/c12/smart-smile/seed_42",
    "local_rank": 0,
    "e_layers": 2,
    "n_heads": 4,
    "time_dim": 16,
    "use_film": false,
    "use_smile": true,
    "smile_no_mnar": false,
    "smile_no_curriculum": false,
    "smile_mask_type": "all"
}
2026-03-05 10:29:42,309 Dataset Loaded.
2026-03-05 10:29:42,931 last saved model is in epoch 22
2026-03-05 10:29:51,475 [[1022   12]
 [ 158    6]]
2026-03-05 10:29:51,482 AUC of ROC = 0.7218
2026-03-05 10:29:51,483 AUC of PRC = 0.3273
2026-03-05 10:29:51,483 min(+P, Se) = 0.3537
2026-03-05 10:29:51,483 f1_score = 0.0659
2026-03-05 10:29:51,484 Epoch 1: Train Loss 0.5400, Valid Loss 0.3551
2026-03-05 10:29:51,484 ----- Save best model - auprc: 0.3273 -----
2026-03-05 10:29:59,601 [[1003   31]
 [ 133   31]]
2026-03-05 10:29:59,604 AUC of ROC = 0.7490
2026-03-05 10:29:59,605 AUC of PRC = 0.3597
2026-03-05 10:29:59,607 min(+P, Se) = 0.3720
2026-03-05 10:29:59,607 f1_score = 0.2743
2026-03-05 10:29:59,608 Epoch 2: Train Loss 0.3911, Valid Loss 0.3325
2026-03-05 10:29:59,609 ----- Save best model - auprc: 0.3597 -----
2026-03-05 10:30:07,761 [[1003   31]
 [ 131   33]]
2026-03-05 10:30:07,763 AUC of ROC = 0.7501
2026-03-05 10:30:07,763 AUC of PRC = 0.3569
2026-03-05 10:30:07,763 min(+P, Se) = 0.3722
2026-03-05 10:30:07,764 f1_score = 0.2895
2026-03-05 10:30:07,764 Epoch 3: Train Loss 0.3703, Valid Loss 0.3236
2026-03-05 10:30:15,991 [[975  59]
 [104  60]]
2026-03-05 10:30:15,993 AUC of ROC = 0.7551
2026-03-05 10:30:15,993 AUC of PRC = 0.3624
2026-03-05 10:30:15,994 min(+P, Se) = 0.3721
2026-03-05 10:30:15,994 f1_score = 0.4240
2026-03-05 10:30:15,994 Epoch 4: Train Loss 0.3656, Valid Loss 0.3474
2026-03-05 10:30:15,994 ----- Save best model - auprc: 0.3624 -----
2026-03-05 10:30:24,217 [[899 135]
 [ 73  91]]
2026-03-05 10:30:24,219 AUC of ROC = 0.7709
2026-03-05 10:30:24,220 AUC of PRC = 0.3611
2026-03-05 10:30:24,220 min(+P, Se) = 0.3822
2026-03-05 10:30:24,220 f1_score = 0.4667
2026-03-05 10:30:24,221 Epoch 5: Train Loss 0.3694, Valid Loss 0.3925
2026-03-05 10:30:38,467 [[1000   34]
 [ 120   44]]
2026-03-05 10:30:38,470 AUC of ROC = 0.7607
2026-03-05 10:30:38,470 AUC of PRC = 0.4262
2026-03-05 10:30:38,470 min(+P, Se) = 0.4192
2026-03-05 10:30:38,471 f1_score = 0.3636
2026-03-05 10:30:38,471 Epoch 6: Train Loss 0.3581, Valid Loss 0.3126
2026-03-05 10:30:38,472 ----- Save best model - auprc: 0.4262 -----
2026-03-05 10:30:52,847 [[1022   12]
 [ 138   26]]
2026-03-05 10:30:52,850 AUC of ROC = 0.7875
2026-03-05 10:30:52,850 AUC of PRC = 0.4474
2026-03-05 10:30:52,850 min(+P, Se) = 0.4451
2026-03-05 10:30:52,850 f1_score = 0.2574
2026-03-05 10:30:52,851 Epoch 7: Train Loss 0.3371, Valid Loss 0.3048
2026-03-05 10:30:52,851 ----- Save best model - auprc: 0.4474 -----
2026-03-05 10:31:07,108 [[1022   12]
 [ 136   28]]
2026-03-05 10:31:07,111 AUC of ROC = 0.8047
2026-03-05 10:31:07,111 AUC of PRC = 0.4775
2026-03-05 10:31:07,114 min(+P, Se) = 0.4911
2026-03-05 10:31:07,114 f1_score = 0.2745
2026-03-05 10:31:07,117 Epoch 8: Train Loss 0.3287, Valid Loss 0.2925
2026-03-05 10:31:07,118 ----- Save best model - auprc: 0.4775 -----
2026-03-05 10:31:21,457 [[1024   10]
 [ 141   23]]
2026-03-05 10:31:21,460 AUC of ROC = 0.8057
2026-03-05 10:31:21,465 AUC of PRC = 0.4772
2026-03-05 10:31:21,472 min(+P, Se) = 0.5000
2026-03-05 10:31:21,475 f1_score = 0.2335
2026-03-05 10:31:21,479 Epoch 9: Train Loss 0.3220, Valid Loss 0.3066
2026-03-05 10:31:35,510 [[1015   19]
 [ 127   37]]
2026-03-05 10:31:35,512 AUC of ROC = 0.8081
2026-03-05 10:31:35,513 AUC of PRC = 0.4845
2026-03-05 10:31:35,513 min(+P, Se) = 0.5181
2026-03-05 10:31:35,514 f1_score = 0.3364
2026-03-05 10:31:35,514 Epoch 10: Train Loss 0.3209, Valid Loss 0.2900
2026-03-05 10:31:35,514 ----- Save best model - auprc: 0.4845 -----
2026-03-05 10:31:49,613 [[1024   10]
 [ 140   24]]
2026-03-05 10:31:49,615 AUC of ROC = 0.8231
2026-03-05 10:31:49,615 AUC of PRC = 0.4990
2026-03-05 10:31:49,616 min(+P, Se) = 0.5152
2026-03-05 10:31:49,616 f1_score = 0.2424
2026-03-05 10:31:49,616 Epoch 11: Train Loss 0.3142, Valid Loss 0.2888
2026-03-05 10:31:49,617 ----- Save best model - auprc: 0.4990 -----
2026-03-05 10:32:03,739 [[1007   27]
 [ 110   54]]
2026-03-05 10:32:03,741 AUC of ROC = 0.8375
2026-03-05 10:32:03,741 AUC of PRC = 0.5198
2026-03-05 10:32:03,741 min(+P, Se) = 0.5305
2026-03-05 10:32:03,742 f1_score = 0.4408
2026-03-05 10:32:03,742 Epoch 12: Train Loss 0.3111, Valid Loss 0.2809
2026-03-05 10:32:03,742 ----- Save best model - auprc: 0.5198 -----
2026-03-05 10:32:18,044 [[1015   19]
 [ 122   42]]
2026-03-05 10:32:18,047 AUC of ROC = 0.8411
2026-03-05 10:32:18,048 AUC of PRC = 0.5207
2026-03-05 10:32:18,048 min(+P, Se) = 0.5305
2026-03-05 10:32:18,048 f1_score = 0.3733
2026-03-05 10:32:18,048 Epoch 13: Train Loss 0.3154, Valid Loss 0.2812
2026-03-05 10:32:18,049 ----- Save best model - auprc: 0.5207 -----
2026-03-05 10:32:32,201 [[1007   27]
 [ 110   54]]
2026-03-05 10:32:32,204 AUC of ROC = 0.8397
2026-03-05 10:32:32,204 AUC of PRC = 0.5241
2026-03-05 10:32:32,205 min(+P, Se) = 0.5488
2026-03-05 10:32:32,205 f1_score = 0.4408
2026-03-05 10:32:32,205 Epoch 14: Train Loss 0.3092, Valid Loss 0.2819
2026-03-05 10:32:32,206 ----- Save best model - auprc: 0.5241 -----
2026-03-05 10:32:46,488 [[1012   22]
 [ 121   43]]
2026-03-05 10:32:46,491 AUC of ROC = 0.8270
2026-03-05 10:32:46,491 AUC of PRC = 0.5135
2026-03-05 10:32:46,492 min(+P, Se) = 0.5301
2026-03-05 10:32:46,492 f1_score = 0.3755
2026-03-05 10:32:46,492 Epoch 15: Train Loss 0.3074, Valid Loss 0.2791
2026-03-05 10:33:00,618 [[1003   31]
 [ 103   61]]
2026-03-05 10:33:00,620 AUC of ROC = 0.8359
2026-03-05 10:33:00,620 AUC of PRC = 0.5219
2026-03-05 10:33:00,620 min(+P, Se) = 0.5183
2026-03-05 10:33:00,621 f1_score = 0.4766
2026-03-05 10:33:00,621 Epoch 16: Train Loss 0.3051, Valid Loss 0.2851
2026-03-05 10:33:14,738 [[1019   15]
 [ 123   41]]
2026-03-05 10:33:14,740 AUC of ROC = 0.8417
2026-03-05 10:33:14,741 AUC of PRC = 0.5351
2026-03-05 10:33:14,741 min(+P, Se) = 0.5549
2026-03-05 10:33:14,741 f1_score = 0.3727
2026-03-05 10:33:14,742 Epoch 17: Train Loss 0.3052, Valid Loss 0.2736
2026-03-05 10:33:14,742 ----- Save best model - auprc: 0.5351 -----
2026-03-05 10:33:29,076 [[978  56]
 [ 83  81]]
2026-03-05 10:33:29,078 AUC of ROC = 0.8374
2026-03-05 10:33:29,079 AUC of PRC = 0.5235
2026-03-05 10:33:29,079 min(+P, Se) = 0.5394
2026-03-05 10:33:29,079 f1_score = 0.5382
2026-03-05 10:33:29,079 Epoch 18: Train Loss 0.3019, Valid Loss 0.2980
2026-03-05 10:33:43,230 [[1012   22]
 [ 120   44]]
2026-03-05 10:33:43,232 AUC of ROC = 0.8450
2026-03-05 10:33:43,233 AUC of PRC = 0.5246
2026-03-05 10:33:43,240 min(+P, Se) = 0.5241
2026-03-05 10:33:43,240 f1_score = 0.3826
2026-03-05 10:33:43,241 Epoch 19: Train Loss 0.3033, Valid Loss 0.2759
2026-03-05 10:33:57,467 [[1003   31]
 [ 103   61]]
2026-03-05 10:33:57,469 AUC of ROC = 0.8351
2026-03-05 10:33:57,469 AUC of PRC = 0.5349
2026-03-05 10:33:57,469 min(+P, Se) = 0.5427
2026-03-05 10:33:57,469 f1_score = 0.4766
2026-03-05 10:33:57,470 Epoch 20: Train Loss 0.2980, Valid Loss 0.2754
2026-03-05 10:34:11,712 [[1014   20]
 [ 119   45]]
2026-03-05 10:34:11,716 AUC of ROC = 0.8577
2026-03-05 10:34:11,718 AUC of PRC = 0.5518
2026-03-05 10:34:11,721 min(+P, Se) = 0.5536
2026-03-05 10:34:11,722 f1_score = 0.3930
2026-03-05 10:34:11,724 Epoch 21: Train Loss 0.2982, Valid Loss 0.2702
2026-03-05 10:34:11,725 ----- Save best model - auprc: 0.5518 -----
2026-03-05 10:34:26,108 [[1007   27]
 [ 110   54]]
2026-03-05 10:34:26,110 AUC of ROC = 0.8532
2026-03-05 10:34:26,110 AUC of PRC = 0.5424
2026-03-05 10:34:26,111 min(+P, Se) = 0.5610
2026-03-05 10:34:26,111 f1_score = 0.4408
2026-03-05 10:34:26,111 Epoch 22: Train Loss 0.2986, Valid Loss 0.2698
2026-03-05 10:34:40,408 [[1020   14]
 [ 131   33]]
2026-03-05 10:34:40,410 AUC of ROC = 0.8439
2026-03-05 10:34:40,411 AUC of PRC = 0.5303
2026-03-05 10:34:40,411 min(+P, Se) = 0.5361
2026-03-05 10:34:40,411 f1_score = 0.3128
2026-03-05 10:34:40,412 Epoch 23: Train Loss 0.2957, Valid Loss 0.2890
2026-03-05 10:34:54,703 [[1011   23]
 [ 119   45]]
2026-03-05 10:34:54,706 AUC of ROC = 0.8617
2026-03-05 10:34:54,707 AUC of PRC = 0.5518
2026-03-05 10:34:54,707 min(+P, Se) = 0.5542
2026-03-05 10:34:54,708 f1_score = 0.3879
2026-03-05 10:34:54,710 Epoch 24: Train Loss 0.3025, Valid Loss 0.2697
2026-03-05 10:34:54,711 ----- Save best model - auprc: 0.5518 -----
2026-03-05 10:35:09,382 [[1005   29]
 [ 105   59]]
2026-03-05 10:35:09,385 AUC of ROC = 0.8564
2026-03-05 10:35:09,385 AUC of PRC = 0.5487
2026-03-05 10:35:09,386 min(+P, Se) = 0.5549
2026-03-05 10:35:09,387 f1_score = 0.4683
2026-03-05 10:35:09,387 Epoch 25: Train Loss 0.3076, Valid Loss 0.2730
2026-03-05 10:35:09,424 last saved model is in epoch 24
2026-03-05 10:35:10,368 [[987  22]
 [137  54]]
2026-03-05 10:35:10,371 AUC of ROC = 0.8418
2026-03-05 10:35:10,372 AUC of PRC = 0.5452
2026-03-05 10:35:10,373 min(+P, Se) = 0.5288
2026-03-05 10:35:10,373 f1_score = 0.4045
2026-03-05 10:35:10,373 Test Loss 0.3221
2026-03-06 12:30:46,864 {
    "dataset": "c12",
    "data_dropout": 0.0,
    "epochs": 25,
    "lr": 0.001,
    "d_model": 32,
    "seed": 42,
    "batch_size": 64,
    "dropout": 0.1,
    "save_model": true,
    "save_dir": "./export/c12\\smart-smile\\seed_42",
    "local_rank": 0,
    "min_mask_ratio": 0.0,
    "max_mask_ratio": 0.75,
    "e_layers": 2,
    "n_heads": 4,
    "time_dim": 16,
    "use_film": false,
    "use_smile": true,
    "use_mnar": false,
    "save_last": false,
    "smile_no_mnar": false,
    "smile_no_curriculum": false,
    "smile_mask_type": "all",
    "smile_mnar_dropout": 0.05
}
2026-03-06 12:30:47,964 Dataset Loaded.
2026-03-06 12:30:47,964 SMILE system_groups: {'cardiovascular': 4, 'respiratory': 6, 'lab': 27}
2026-03-06 12:31:11,645 Epoch 1: Train Loss 5.8260, Valid Loss 2.3235
2026-03-06 12:31:11,646 ----- Save best model - L1: 2.3235 -----
2026-03-06 12:31:36,544 Epoch 2: Train Loss 2.6103, Valid Loss 1.7932
2026-03-06 12:31:36,546 ----- Save best model - L1: 1.7932 -----
2026-03-06 12:32:02,270 Epoch 3: Train Loss 2.2428, Valid Loss 1.7232
2026-03-06 12:32:02,271 ----- Save best model - L1: 1.7232 -----
2026-03-06 12:32:27,761 Epoch 4: Train Loss 2.1750, Valid Loss 1.6287
2026-03-06 12:32:27,763 ----- Save best model - L1: 1.6287 -----
2026-03-06 12:32:53,137 Epoch 5: Train Loss 2.1679, Valid Loss 1.6431
2026-03-06 12:33:18,708 Epoch 6: Train Loss 2.1256, Valid Loss 1.6008
2026-03-06 12:33:18,710 ----- Save best model - L1: 1.6008 -----
2026-03-06 12:33:43,955 Epoch 7: Train Loss 2.0950, Valid Loss 1.5760
2026-03-06 12:33:43,956 ----- Save best model - L1: 1.5760 -----
2026-03-06 12:34:09,263 Epoch 8: Train Loss 2.1240, Valid Loss 1.6022
2026-03-06 12:34:34,730 Epoch 9: Train Loss 2.0989, Valid Loss 1.5857
2026-03-06 12:35:00,130 Epoch 10: Train Loss 2.1159, Valid Loss 1.5428
2026-03-06 12:35:00,131 ----- Save best model - L1: 1.5428 -----
2026-03-06 12:35:25,562 Epoch 11: Train Loss 2.0930, Valid Loss 1.6198
2026-03-06 12:35:51,020 Epoch 12: Train Loss 2.1662, Valid Loss 1.5994
2026-03-06 12:36:16,297 Epoch 13: Train Loss 2.1716, Valid Loss 1.6412
2026-03-06 12:36:41,629 Epoch 14: Train Loss 2.1669, Valid Loss 1.5615
2026-03-06 12:37:06,839 Epoch 15: Train Loss 2.2286, Valid Loss 1.5146
2026-03-06 12:37:06,842 ----- Save best model - L1: 1.5146 -----
2026-03-06 12:37:32,358 Epoch 16: Train Loss 2.2626, Valid Loss 1.6091
2026-03-06 12:38:00,024 Epoch 17: Train Loss 2.2611, Valid Loss 1.5607
2026-03-06 12:38:25,466 Epoch 18: Train Loss 2.2843, Valid Loss 1.6090
2026-03-06 12:38:50,765 Epoch 19: Train Loss 2.3535, Valid Loss 1.6289
2026-03-06 12:39:16,146 Epoch 20: Train Loss 2.4068, Valid Loss 1.5803
2026-03-06 12:39:41,638 Epoch 21: Train Loss 2.3723, Valid Loss 1.6031
2026-03-06 12:40:06,898 Epoch 22: Train Loss 2.4139, Valid Loss 1.5909
2026-03-06 12:40:32,214 Epoch 23: Train Loss 2.4784, Valid Loss 1.6654
2026-03-06 12:40:57,488 Epoch 24: Train Loss 2.4529, Valid Loss 1.6258
2026-03-06 12:41:22,840 Epoch 25: Train Loss 2.4764, Valid Loss 1.5822
2026-03-06 12:41:22,868 last saved model is in epoch 15
2026-03-06 12:41:24,682 Test Loss 1.6261
2026-03-06 12:41:29,654 {
    "dataset": "c12",
    "data_dropout": 0.0,
    "epochs": 25,
    "freeze_epochs": 5,
    "lr": 0.001,
    "d_model": 32,
    "seed": 42,
    "batch_size": 64,
    "dropout": 0.1,
    "save_model": true,
    "save_dir": "./export/c12\\smart-smile\\seed_42",
    "local_rank": 0,
    "e_layers": 2,
    "n_heads": 4,
    "time_dim": 16,
    "use_film": false,
    "use_smile": true,
    "use_mnar": false,
    "smile_no_mnar": false,
    "smile_no_curriculum": false,
    "smile_mask_type": "all",
    "smile_mnar_dropout": 0.05
}
2026-03-06 12:41:31,345 Dataset Loaded.
2026-03-06 12:41:33,216 last saved model is in epoch 15
2026-03-06 12:41:44,609 [[946  88]
 [ 95  69]]
2026-03-06 12:41:44,612 AUC of ROC = 0.7424
2026-03-06 12:41:44,612 AUC of PRC = 0.3603
2026-03-06 12:41:44,612 min(+P, Se) = 0.3902
2026-03-06 12:41:44,612 f1_score = 0.4299
2026-03-06 12:41:44,613 Epoch 1: Train Loss 0.4602, Valid Loss 0.3814
2026-03-06 12:41:44,613 ----- Save best model - auprc: 0.3603 -----
2026-03-06 12:41:55,785 [[1031    3]
 [ 161    3]]
2026-03-06 12:41:55,790 AUC of ROC = 0.7299
2026-03-06 12:41:55,792 AUC of PRC = 0.3730
2026-03-06 12:41:55,792 min(+P, Se) = 0.4024
2026-03-06 12:41:55,792 f1_score = 0.0353
2026-03-06 12:41:55,793 Epoch 2: Train Loss 0.4185, Valid Loss 0.4350
2026-03-06 12:41:55,795 ----- Save best model - auprc: 0.3730 -----
2026-03-06 12:42:07,024 [[1007   27]
 [ 123   41]]
2026-03-06 12:42:07,027 AUC of ROC = 0.7896
2026-03-06 12:42:07,028 AUC of PRC = 0.4151
2026-03-06 12:42:07,028 min(+P, Se) = 0.4207
2026-03-06 12:42:07,028 f1_score = 0.3534
2026-03-06 12:42:07,029 Epoch 3: Train Loss 0.4083, Valid Loss 0.3189
2026-03-06 12:42:07,029 ----- Save best model - auprc: 0.4151 -----
2026-03-06 12:42:18,144 [[1025    9]
 [ 140   24]]
2026-03-06 12:42:18,148 AUC of ROC = 0.7570
2026-03-06 12:42:18,148 AUC of PRC = 0.4173
2026-03-06 12:42:18,148 min(+P, Se) = 0.4217
2026-03-06 12:42:18,148 f1_score = 0.2437
2026-03-06 12:42:18,149 Epoch 4: Train Loss 0.3920, Valid Loss 0.3273
2026-03-06 12:42:18,160 ----- Save best model - auprc: 0.4173 -----
2026-03-06 12:42:29,301 [[1032    2]
 [ 157    7]]
2026-03-06 12:42:29,304 AUC of ROC = 0.7504
2026-03-06 12:42:29,305 AUC of PRC = 0.4038
2026-03-06 12:42:29,305 min(+P, Se) = 0.3902
2026-03-06 12:42:29,305 f1_score = 0.0809
2026-03-06 12:42:29,306 Epoch 5: Train Loss 0.3702, Valid Loss 0.3805
2026-03-06 12:42:47,208 [[1020   14]
 [ 133   31]]
2026-03-06 12:42:47,211 AUC of ROC = 0.8314
2026-03-06 12:42:47,212 AUC of PRC = 0.4764
2026-03-06 12:42:47,212 min(+P, Se) = 0.4611
2026-03-06 12:42:47,212 f1_score = 0.2967
2026-03-06 12:42:47,213 Epoch 6: Train Loss 0.3536, Valid Loss 0.3073
2026-03-06 12:42:47,228 ----- Save best model - auprc: 0.4764 -----
2026-03-06 12:43:05,073 [[984  50]
 [ 95  69]]
2026-03-06 12:43:05,076 AUC of ROC = 0.8458
2026-03-06 12:43:05,076 AUC of PRC = 0.5045
2026-03-06 12:43:05,077 min(+P, Se) = 0.5000
2026-03-06 12:43:05,077 f1_score = 0.4876
2026-03-06 12:43:05,078 Epoch 7: Train Loss 0.3291, Valid Loss 0.3100
2026-03-06 12:43:05,078 ----- Save best model - auprc: 0.5045 -----
2026-03-06 12:43:22,947 [[1021   13]
 [ 138   26]]
2026-03-06 12:43:22,951 AUC of ROC = 0.8464
2026-03-06 12:43:22,951 AUC of PRC = 0.5134
2026-03-06 12:43:22,951 min(+P, Se) = 0.5183
2026-03-06 12:43:22,952 f1_score = 0.2562
2026-03-06 12:43:22,952 Epoch 8: Train Loss 0.3164, Valid Loss 0.3339
2026-03-06 12:43:22,953 ----- Save best model - auprc: 0.5134 -----
2026-03-06 12:43:40,992 [[975  59]
 [ 93  71]]
2026-03-06 12:43:40,996 AUC of ROC = 0.8579
2026-03-06 12:43:40,996 AUC of PRC = 0.4995
2026-03-06 12:43:40,996 min(+P, Se) = 0.4909
2026-03-06 12:43:40,996 f1_score = 0.4830
2026-03-06 12:43:40,997 Epoch 9: Train Loss 0.3156, Valid Loss 0.3154
2026-03-06 12:43:58,865 [[923 111]
 [ 69  95]]
2026-03-06 12:43:58,868 AUC of ROC = 0.8596
2026-03-06 12:43:58,869 AUC of PRC = 0.4851
2026-03-06 12:43:58,869 min(+P, Se) = 0.5000
2026-03-06 12:43:58,869 f1_score = 0.5135
2026-03-06 12:43:58,870 Epoch 10: Train Loss 0.3158, Valid Loss 0.3501
2026-03-06 12:44:16,671 [[1004   30]
 [ 103   61]]
2026-03-06 12:44:16,674 AUC of ROC = 0.8652
2026-03-06 12:44:16,675 AUC of PRC = 0.5374
2026-03-06 12:44:16,675 min(+P, Se) = 0.5444
2026-03-06 12:44:16,675 f1_score = 0.4784
2026-03-06 12:44:16,676 Epoch 11: Train Loss 0.3116, Valid Loss 0.2881
2026-03-06 12:44:16,676 ----- Save best model - auprc: 0.5374 -----
2026-03-06 12:44:34,703 [[1015   19]
 [ 120   44]]
2026-03-06 12:44:34,706 AUC of ROC = 0.8620
2026-03-06 12:44:34,707 AUC of PRC = 0.5135
2026-03-06 12:44:34,707 min(+P, Se) = 0.4939
2026-03-06 12:44:34,707 f1_score = 0.3877
2026-03-06 12:44:34,707 Epoch 12: Train Loss 0.3114, Valid Loss 0.2838
2026-03-06 12:44:52,546 [[1005   29]
 [ 112   52]]
2026-03-06 12:44:52,549 AUC of ROC = 0.8622
2026-03-06 12:44:52,549 AUC of PRC = 0.5427
2026-03-06 12:44:52,550 min(+P, Se) = 0.5427
2026-03-06 12:44:52,550 f1_score = 0.4245
2026-03-06 12:44:52,550 Epoch 13: Train Loss 0.3103, Valid Loss 0.2852
2026-03-06 12:44:52,551 ----- Save best model - auprc: 0.5427 -----
2026-03-06 12:45:10,429 [[1020   14]
 [ 129   35]]
2026-03-06 12:45:10,432 AUC of ROC = 0.8665
2026-03-06 12:45:10,432 AUC of PRC = 0.5353
2026-03-06 12:45:10,433 min(+P, Se) = 0.5333
2026-03-06 12:45:10,433 f1_score = 0.3286
2026-03-06 12:45:10,433 Epoch 14: Train Loss 0.3044, Valid Loss 0.2923
2026-03-06 12:45:28,452 [[1013   21]
 [ 123   41]]
2026-03-06 12:45:28,456 AUC of ROC = 0.8553
2026-03-06 12:45:28,456 AUC of PRC = 0.5282
2026-03-06 12:45:28,456 min(+P, Se) = 0.5183
2026-03-06 12:45:28,456 f1_score = 0.3628
2026-03-06 12:45:28,457 Epoch 15: Train Loss 0.3040, Valid Loss 0.2908
2026-03-06 12:45:46,396 [[1003   31]
 [  98   66]]
2026-03-06 12:45:46,399 AUC of ROC = 0.8608
2026-03-06 12:45:46,399 AUC of PRC = 0.5452
2026-03-06 12:45:46,400 min(+P, Se) = 0.5305
2026-03-06 12:45:46,400 f1_score = 0.5057
2026-03-06 12:45:46,400 Epoch 16: Train Loss 0.3026, Valid Loss 0.2883
2026-03-06 12:45:46,401 ----- Save best model - auprc: 0.5452 -----
2026-03-06 12:46:04,168 [[978  56]
 [ 87  77]]
2026-03-06 12:46:04,171 AUC of ROC = 0.8703
2026-03-06 12:46:04,171 AUC of PRC = 0.5459
2026-03-06 12:46:04,171 min(+P, Se) = 0.5366
2026-03-06 12:46:04,171 f1_score = 0.5185
2026-03-06 12:46:04,172 Epoch 17: Train Loss 0.3037, Valid Loss 0.2912
2026-03-06 12:46:04,173 ----- Save best model - auprc: 0.5459 -----
2026-03-06 12:46:22,507 [[1015   19]
 [ 128   36]]
2026-03-06 12:46:22,511 AUC of ROC = 0.8625
2026-03-06 12:46:22,511 AUC of PRC = 0.5048
2026-03-06 12:46:22,512 min(+P, Se) = 0.5244
2026-03-06 12:46:22,512 f1_score = 0.3288
2026-03-06 12:46:22,512 Epoch 18: Train Loss 0.3012, Valid Loss 0.2870
2026-03-06 12:46:40,720 [[995  39]
 [105  59]]
2026-03-06 12:46:40,724 AUC of ROC = 0.8659
2026-03-06 12:46:40,724 AUC of PRC = 0.5217
2026-03-06 12:46:40,724 min(+P, Se) = 0.5301
2026-03-06 12:46:40,725 f1_score = 0.4504
2026-03-06 12:46:40,725 Epoch 19: Train Loss 0.3018, Valid Loss 0.2843
2026-03-06 12:46:58,580 [[989  45]
 [ 95  69]]
2026-03-06 12:46:58,583 AUC of ROC = 0.8599
2026-03-06 12:46:58,584 AUC of PRC = 0.5325
2026-03-06 12:46:58,584 min(+P, Se) = 0.5305
2026-03-06 12:46:58,585 f1_score = 0.4964
2026-03-06 12:46:58,585 Epoch 20: Train Loss 0.2975, Valid Loss 0.2932
2026-03-06 12:47:16,520 [[1019   15]
 [ 123   41]]
2026-03-06 12:47:16,523 AUC of ROC = 0.8564
2026-03-06 12:47:16,524 AUC of PRC = 0.5288
2026-03-06 12:47:16,524 min(+P, Se) = 0.5210
2026-03-06 12:47:16,524 f1_score = 0.3727
2026-03-06 12:47:16,524 Epoch 21: Train Loss 0.2972, Valid Loss 0.2872
2026-03-06 12:47:34,560 [[991  43]
 [ 96  68]]
2026-03-06 12:47:34,564 AUC of ROC = 0.8652
2026-03-06 12:47:34,564 AUC of PRC = 0.5290
2026-03-06 12:47:34,565 min(+P, Se) = 0.5233
2026-03-06 12:47:34,565 f1_score = 0.4945
2026-03-06 12:47:34,566 Epoch 22: Train Loss 0.2975, Valid Loss 0.2873
2026-03-06 12:47:52,435 [[1012   22]
 [ 116   48]]
2026-03-06 12:47:52,438 AUC of ROC = 0.8628
2026-03-06 12:47:52,438 AUC of PRC = 0.5374
2026-03-06 12:47:52,438 min(+P, Se) = 0.5183
2026-03-06 12:47:52,438 f1_score = 0.4103
2026-03-06 12:47:52,439 Epoch 23: Train Loss 0.2965, Valid Loss 0.2893
2026-03-06 12:48:10,345 [[1014   20]
 [ 121   43]]
2026-03-06 12:48:10,349 AUC of ROC = 0.8592
2026-03-06 12:48:10,349 AUC of PRC = 0.5196
2026-03-06 12:48:10,350 min(+P, Se) = 0.5244
2026-03-06 12:48:10,350 f1_score = 0.3789
2026-03-06 12:48:10,350 Epoch 24: Train Loss 0.2916, Valid Loss 0.2875
2026-03-06 12:48:28,316 [[997  37]
 [ 99  65]]
2026-03-06 12:48:28,320 AUC of ROC = 0.8543
2026-03-06 12:48:28,320 AUC of PRC = 0.5179
2026-03-06 12:48:28,320 min(+P, Se) = 0.5183
2026-03-06 12:48:28,320 f1_score = 0.4887
2026-03-06 12:48:28,321 Epoch 25: Train Loss 0.2938, Valid Loss 0.2892
2026-03-06 12:48:28,354 last saved model is in epoch 17
2026-03-06 12:48:29,460 [[961  48]
 [111  80]]
2026-03-06 12:48:29,463 AUC of ROC = 0.8437
2026-03-06 12:48:29,463 AUC of PRC = 0.5437
2026-03-06 12:48:29,464 min(+P, Se) = 0.5208
2026-03-06 12:48:29,464 f1_score = 0.5016
2026-03-06 12:48:29,464 Test Loss 0.3248
