2026-03-05 13:50:11,179 {
    "dataset": "c12",
    "data_dropout": 0.0,
    "epochs": 25,
    "lr": 0.001,
    "d_model": 32,
    "seed": 1234,
    "batch_size": 256,
    "dropout": 0.1,
    "save_model": true,
    "save_dir": "./export/c12\\smart-mnar\\seed_1234",
    "local_rank": 0,
    "min_mask_ratio": 0.0,
    "max_mask_ratio": 0.75,
    "e_layers": 2,
    "n_heads": 4,
    "time_dim": 16,
    "use_film": false,
    "use_smile": false,
    "use_mnar": true,
    "save_last": true,
    "smile_no_mnar": false,
    "smile_no_curriculum": false,
    "smile_mask_type": "all",
    "smile_mnar_dropout": 0.05
}
2026-03-05 13:50:12,216 Dataset Loaded.
2026-03-05 13:50:37,253 Epoch 1: Train Loss 8.8890, Valid Loss 5.2219
2026-03-05 13:51:00,967 Epoch 2: Train Loss 4.0437, Valid Loss 2.5992
2026-03-05 13:51:24,572 Epoch 3: Train Loss 2.8466, Valid Loss 2.1264
2026-03-05 13:51:48,454 Epoch 4: Train Loss 2.3767, Valid Loss 1.8348
2026-03-05 13:52:12,344 Epoch 5: Train Loss 2.0793, Valid Loss 1.5662
2026-03-05 13:52:36,154 Epoch 6: Train Loss 1.8807, Valid Loss 1.4736
2026-03-05 13:52:59,905 Epoch 7: Train Loss 1.7224, Valid Loss 1.3573
2026-03-05 13:53:23,654 Epoch 8: Train Loss 1.6151, Valid Loss 1.2007
2026-03-05 13:53:47,486 Epoch 9: Train Loss 1.5569, Valid Loss 1.1694
2026-03-05 13:54:11,174 Epoch 10: Train Loss 1.4758, Valid Loss 1.1300
2026-03-05 13:54:35,086 Epoch 11: Train Loss 1.4348, Valid Loss 1.0251
2026-03-05 13:54:59,533 Epoch 12: Train Loss 1.4066, Valid Loss 1.0293
2026-03-05 13:55:23,299 Epoch 13: Train Loss 1.3881, Valid Loss 0.9962
2026-03-05 13:55:47,214 Epoch 14: Train Loss 1.3771, Valid Loss 0.9847
2026-03-05 13:56:10,867 Epoch 15: Train Loss 1.3514, Valid Loss 0.9615
2026-03-05 13:56:34,703 Epoch 16: Train Loss 1.3578, Valid Loss 0.9390
2026-03-05 13:56:58,505 Epoch 17: Train Loss 1.3709, Valid Loss 0.9436
2026-03-05 13:57:22,181 Epoch 18: Train Loss 1.3363, Valid Loss 0.8641
2026-03-05 13:57:45,992 Epoch 19: Train Loss 1.3266, Valid Loss 0.8404
2026-03-05 13:58:09,620 Epoch 20: Train Loss 1.3357, Valid Loss 0.9290
2026-03-05 13:58:33,955 Epoch 21: Train Loss 1.3345, Valid Loss 0.9605
2026-03-05 13:58:57,913 Epoch 22: Train Loss 1.3179, Valid Loss 0.8751
2026-03-05 13:59:21,601 Epoch 23: Train Loss 1.3252, Valid Loss 0.8641
2026-03-05 13:59:45,498 Epoch 24: Train Loss 1.3193, Valid Loss 0.8858
2026-03-05 14:00:09,098 Epoch 25: Train Loss 1.3318, Valid Loss 0.9023
2026-03-05 14:00:09,099 ----- Save last epoch model - L1: 0.9023 -----
2026-03-05 14:00:09,136 last saved model is in epoch 25
2026-03-05 14:00:10,894 Test Loss 0.8968
2026-03-05 14:00:15,433 {
    "dataset": "c12",
    "data_dropout": 0.0,
    "epochs": 25,
    "freeze_epochs": 5,
    "lr": 0.001,
    "d_model": 32,
    "seed": 1234,
    "batch_size": 256,
    "dropout": 0.1,
    "save_model": true,
    "save_dir": "./export/c12\\smart-mnar\\seed_1234",
    "local_rank": 0,
    "e_layers": 2,
    "n_heads": 4,
    "time_dim": 16,
    "use_film": false,
    "use_smile": false,
    "use_mnar": true,
    "smile_no_mnar": false,
    "smile_no_curriculum": false,
    "smile_mask_type": "all",
    "smile_mnar_dropout": 0.05
}
2026-03-05 14:00:16,734 Dataset Loaded.
2026-03-05 14:00:18,688 last saved model is in epoch 25
2026-03-05 14:00:29,943 [[1013    2]
 [ 182    1]]
2026-03-05 14:00:29,947 AUC of ROC = 0.7518
2026-03-05 14:00:29,947 AUC of PRC = 0.3299
2026-03-05 14:00:29,947 min(+P, Se) = 0.3716
2026-03-05 14:00:29,947 f1_score = 0.0108
2026-03-05 14:00:29,948 Epoch 1: Train Loss 0.7116, Valid Loss 0.4243
2026-03-05 14:00:29,949 ----- Save best model - auprc: 0.3299 -----
2026-03-05 14:00:40,679 [[999  16]
 [159  24]]
2026-03-05 14:00:40,683 AUC of ROC = 0.7658
2026-03-05 14:00:40,683 AUC of PRC = 0.3442
2026-03-05 14:00:40,683 min(+P, Se) = 0.3670
2026-03-05 14:00:40,683 f1_score = 0.2152
2026-03-05 14:00:40,684 Epoch 2: Train Loss 0.3656, Valid Loss 0.3590
2026-03-05 14:00:40,684 ----- Save best model - auprc: 0.3442 -----
2026-03-05 14:00:51,490 [[1000   15]
 [ 161   22]]
2026-03-05 14:00:51,494 AUC of ROC = 0.7724
2026-03-05 14:00:51,495 AUC of PRC = 0.3516
2026-03-05 14:00:51,495 min(+P, Se) = 0.3716
2026-03-05 14:00:51,495 f1_score = 0.2000
2026-03-05 14:00:51,496 Epoch 3: Train Loss 0.3596, Valid Loss 0.3543
2026-03-05 14:00:51,497 ----- Save best model - auprc: 0.3516 -----
2026-03-05 14:01:02,146 [[1005   10]
 [ 164   19]]
2026-03-05 14:01:02,150 AUC of ROC = 0.7785
2026-03-05 14:01:02,150 AUC of PRC = 0.3591
2026-03-05 14:01:02,150 min(+P, Se) = 0.3825
2026-03-05 14:01:02,150 f1_score = 0.1792
2026-03-05 14:01:02,151 Epoch 4: Train Loss 0.3553, Valid Loss 0.3519
2026-03-05 14:01:02,152 ----- Save best model - auprc: 0.3591 -----
2026-03-05 14:01:12,852 [[993  22]
 [158  25]]
2026-03-05 14:01:12,854 AUC of ROC = 0.7818
2026-03-05 14:01:12,855 AUC of PRC = 0.3586
2026-03-05 14:01:12,855 min(+P, Se) = 0.3825
2026-03-05 14:01:12,855 f1_score = 0.2174
2026-03-05 14:01:12,855 Epoch 5: Train Loss 0.3469, Valid Loss 0.3489
2026-03-05 14:01:30,057 [[969  46]
 [134  49]]
2026-03-05 14:01:30,060 AUC of ROC = 0.8092
2026-03-05 14:01:30,061 AUC of PRC = 0.4248
2026-03-05 14:01:30,061 min(+P, Se) = 0.4426
2026-03-05 14:01:30,064 f1_score = 0.3525
2026-03-05 14:01:30,065 Epoch 6: Train Loss 0.3436, Valid Loss 0.3373
2026-03-05 14:01:30,066 ----- Save best model - auprc: 0.4248 -----
2026-03-05 14:01:47,099 [[1003   12]
 [ 164   19]]
2026-03-05 14:01:47,102 AUC of ROC = 0.8226
2026-03-05 14:01:47,103 AUC of PRC = 0.4506
2026-03-05 14:01:47,103 min(+P, Se) = 0.4465
2026-03-05 14:01:47,103 f1_score = 0.1776
2026-03-05 14:01:47,104 Epoch 7: Train Loss 0.3287, Valid Loss 0.3394
2026-03-05 14:01:47,105 ----- Save best model - auprc: 0.4506 -----
2026-03-05 14:02:04,056 [[1006    9]
 [ 158   25]]
2026-03-05 14:02:04,059 AUC of ROC = 0.8297
2026-03-05 14:02:04,060 AUC of PRC = 0.4755
2026-03-05 14:02:04,060 min(+P, Se) = 0.4973
2026-03-05 14:02:04,061 f1_score = 0.2304
2026-03-05 14:02:04,061 Epoch 8: Train Loss 0.3190, Valid Loss 0.3440
2026-03-05 14:02:04,062 ----- Save best model - auprc: 0.4755 -----
2026-03-05 14:02:21,093 [[1001   14]
 [ 154   29]]
2026-03-05 14:02:21,097 AUC of ROC = 0.8395
2026-03-05 14:02:21,097 AUC of PRC = 0.4923
2026-03-05 14:02:21,097 min(+P, Se) = 0.4973
2026-03-05 14:02:21,097 f1_score = 0.2566
2026-03-05 14:02:21,098 Epoch 9: Train Loss 0.3132, Valid Loss 0.3299
2026-03-05 14:02:21,099 ----- Save best model - auprc: 0.4923 -----
2026-03-05 14:02:38,151 [[1002   13]
 [ 149   34]]
2026-03-05 14:02:38,155 AUC of ROC = 0.8391
2026-03-05 14:02:38,155 AUC of PRC = 0.5137
2026-03-05 14:02:38,155 min(+P, Se) = 0.5187
2026-03-05 14:02:38,156 f1_score = 0.2957
2026-03-05 14:02:38,156 Epoch 10: Train Loss 0.3050, Valid Loss 0.3203
2026-03-05 14:02:38,157 ----- Save best model - auprc: 0.5137 -----
2026-03-05 14:02:55,181 [[990  25]
 [144  39]]
2026-03-05 14:02:55,184 AUC of ROC = 0.8454
2026-03-05 14:02:55,185 AUC of PRC = 0.5202
2026-03-05 14:02:55,185 min(+P, Se) = 0.5191
2026-03-05 14:02:55,185 f1_score = 0.3158
2026-03-05 14:02:55,186 Epoch 11: Train Loss 0.3058, Valid Loss 0.3124
2026-03-05 14:02:55,187 ----- Save best model - auprc: 0.5202 -----
2026-03-05 14:03:12,075 [[992  23]
 [144  39]]
2026-03-05 14:03:12,078 AUC of ROC = 0.8380
2026-03-05 14:03:12,079 AUC of PRC = 0.5114
2026-03-05 14:03:12,079 min(+P, Se) = 0.5355
2026-03-05 14:03:12,079 f1_score = 0.3184
2026-03-05 14:03:12,079 Epoch 12: Train Loss 0.3076, Valid Loss 0.3166
2026-03-05 14:03:29,079 [[1003   12]
 [ 154   29]]
2026-03-05 14:03:29,083 AUC of ROC = 0.8479
2026-03-05 14:03:29,084 AUC of PRC = 0.5372
2026-03-05 14:03:29,084 min(+P, Se) = 0.5323
2026-03-05 14:03:29,084 f1_score = 0.2589
2026-03-05 14:03:29,084 Epoch 13: Train Loss 0.3028, Valid Loss 0.3279
2026-03-05 14:03:29,086 ----- Save best model - auprc: 0.5372 -----
2026-03-05 14:03:46,034 [[980  35]
 [133  50]]
2026-03-05 14:03:46,037 AUC of ROC = 0.8480
2026-03-05 14:03:46,038 AUC of PRC = 0.5117
2026-03-05 14:03:46,038 min(+P, Se) = 0.5246
2026-03-05 14:03:46,038 f1_score = 0.3731
2026-03-05 14:03:46,039 Epoch 14: Train Loss 0.3066, Valid Loss 0.3117
2026-03-05 14:04:02,975 [[992  23]
 [145  38]]
2026-03-05 14:04:02,979 AUC of ROC = 0.8381
2026-03-05 14:04:02,979 AUC of PRC = 0.5119
2026-03-05 14:04:02,979 min(+P, Se) = 0.5137
2026-03-05 14:04:02,980 f1_score = 0.3115
2026-03-05 14:04:02,980 Epoch 15: Train Loss 0.2973, Valid Loss 0.3192
2026-03-05 14:04:19,916 [[978  37]
 [133  50]]
2026-03-05 14:04:19,919 AUC of ROC = 0.8435
2026-03-05 14:04:19,919 AUC of PRC = 0.4996
2026-03-05 14:04:19,919 min(+P, Se) = 0.5135
2026-03-05 14:04:19,920 f1_score = 0.3704
2026-03-05 14:04:19,920 Epoch 16: Train Loss 0.3014, Valid Loss 0.3181
2026-03-05 14:04:37,182 [[947  68]
 [102  81]]
2026-03-05 14:04:37,185 AUC of ROC = 0.8471
2026-03-05 14:04:37,186 AUC of PRC = 0.5276
2026-03-05 14:04:37,186 min(+P, Se) = 0.5301
2026-03-05 14:04:37,186 f1_score = 0.4880
2026-03-05 14:04:37,187 Epoch 17: Train Loss 0.2964, Valid Loss 0.3250
2026-03-05 14:04:54,340 [[1004   11]
 [ 152   31]]
2026-03-05 14:04:54,343 AUC of ROC = 0.8499
2026-03-05 14:04:54,344 AUC of PRC = 0.5371
2026-03-05 14:04:54,344 min(+P, Se) = 0.5355
2026-03-05 14:04:54,344 f1_score = 0.2756
2026-03-05 14:04:54,345 Epoch 18: Train Loss 0.2957, Valid Loss 0.3203
2026-03-05 14:05:11,451 [[972  43]
 [117  66]]
2026-03-05 14:05:11,454 AUC of ROC = 0.8521
2026-03-05 14:05:11,455 AUC of PRC = 0.5494
2026-03-05 14:05:11,455 min(+P, Se) = 0.5519
2026-03-05 14:05:11,455 f1_score = 0.4521
2026-03-05 14:05:11,456 Epoch 19: Train Loss 0.2972, Valid Loss 0.3038
2026-03-05 14:05:11,456 ----- Save best model - auprc: 0.5494 -----
2026-03-05 14:05:28,677 [[974  41]
 [121  62]]
2026-03-05 14:05:28,680 AUC of ROC = 0.8503
2026-03-05 14:05:28,680 AUC of PRC = 0.5352
2026-03-05 14:05:28,680 min(+P, Se) = 0.5266
2026-03-05 14:05:28,681 f1_score = 0.4336
2026-03-05 14:05:28,681 Epoch 20: Train Loss 0.2944, Valid Loss 0.3071
2026-03-05 14:05:45,775 [[998  17]
 [154  29]]
2026-03-05 14:05:45,779 AUC of ROC = 0.8504
2026-03-05 14:05:45,780 AUC of PRC = 0.5233
2026-03-05 14:05:45,780 min(+P, Se) = 0.5355
2026-03-05 14:05:45,780 f1_score = 0.2533
2026-03-05 14:05:45,781 Epoch 21: Train Loss 0.2952, Valid Loss 0.3267
2026-03-05 14:06:02,715 [[991  24]
 [141  42]]
2026-03-05 14:06:02,718 AUC of ROC = 0.8483
2026-03-05 14:06:02,719 AUC of PRC = 0.5137
2026-03-05 14:06:02,719 min(+P, Se) = 0.5155
2026-03-05 14:06:02,719 f1_score = 0.3373
2026-03-05 14:06:02,720 Epoch 22: Train Loss 0.2929, Valid Loss 0.3182
2026-03-05 14:06:19,712 [[994  21]
 [146  37]]
2026-03-05 14:06:19,715 AUC of ROC = 0.8457
2026-03-05 14:06:19,716 AUC of PRC = 0.5277
2026-03-05 14:06:19,717 min(+P, Se) = 0.5243
2026-03-05 14:06:19,717 f1_score = 0.3071
2026-03-05 14:06:19,717 Epoch 23: Train Loss 0.2926, Valid Loss 0.3164
2026-03-05 14:06:36,865 [[984  31]
 [129  54]]
2026-03-05 14:06:36,868 AUC of ROC = 0.8526
2026-03-05 14:06:36,868 AUC of PRC = 0.5425
2026-03-05 14:06:36,868 min(+P, Se) = 0.5326
2026-03-05 14:06:36,869 f1_score = 0.4030
2026-03-05 14:06:36,869 Epoch 24: Train Loss 0.2911, Valid Loss 0.3038
2026-03-05 14:06:53,941 [[996  19]
 [143  40]]
2026-03-05 14:06:53,944 AUC of ROC = 0.8522
2026-03-05 14:06:53,944 AUC of PRC = 0.5411
2026-03-05 14:06:53,944 min(+P, Se) = 0.5246
2026-03-05 14:06:53,944 f1_score = 0.3306
2026-03-05 14:06:53,945 Epoch 25: Train Loss 0.2883, Valid Loss 0.3237
2026-03-05 14:06:53,967 last saved model is in epoch 19
2026-03-05 14:06:55,124 [[970  50]
 [111  69]]
2026-03-05 14:06:55,128 AUC of ROC = 0.8458
2026-03-05 14:06:55,128 AUC of PRC = 0.4852
2026-03-05 14:06:55,128 min(+P, Se) = 0.4950
2026-03-05 14:06:55,128 f1_score = 0.4615
2026-03-05 14:06:55,129 Test Loss 0.3179
