2026-04-25 14:18:43,415 {
    "dataset": "c19",
    "data_dropout": 0.0,
    "epochs": 25,
    "lr": 0.001,
    "d_model": 32,
    "seed": 3407,
    "batch_size": 64,
    "num_workers": null,
    "dropout": 0.1,
    "save_model": true,
    "save_dir": "./export/c19/smart-smile-lean-no-time-pe/seed_3407",
    "local_rank": 0,
    "min_mask_ratio": 0.15,
    "max_mask_ratio": 0.75,
    "e_layers": 2,
    "n_heads": 4,
    "time_dim": 16,
    "use_film": false,
    "use_smile": false,
    "use_smile_film": false,
    "use_smile_v2": false,
    "use_smile_v2_film": false,
    "use_smile_lean": true,
    "use_smile_lean_samepretrain": false,
    "use_smile_lean_v2": false,
    "use_mnar": false,
    "save_last": true,
    "smile_no_mnar": false,
    "smile_no_curriculum": false,
    "smile_mask_type": "all",
    "smile_mnar_dropout": 0.05,
    "obs_density_window": 5,
    "abl_no_density": false,
    "abl_no_mnar_bias": false,
    "abl_no_film": false,
    "abl_no_time_mnar": false,
    "abl_no_time_pe": true,
    "abl_no_cross_attn": false,
    "abl_no_mnar_cls": false,
    "abl_no_policy": false,
    "abl_no_dynamic_mnar": false,
    "abl_no_dual_head": false,
    "pretrain_mask_mode": "fixed",
    "ratio_temperature": 1.0,
    "smile_stratified": false,
    "smile_mask_weights": null,
    "rank": 0,
    "world_size": 2,
    "distributed": true,
    "gpu": 0,
    "dist_backend": "nccl"
}
2026-04-25 14:18:53,126 Dataset Loaded.
2026-04-25 14:18:53,126 system_groups: {'Vital_Basic': 7, 'Resp_Gas': 7, 'Liver_Enzyme': 2, 'Renal': 3, 'Coagulation': 3, 'CBC': 3, 'Bilirubin': 2}
2026-04-25 14:18:53,127 DataLoader kwargs: {'num_workers': 4, 'pin_memory': True, 'persistent_workers': True, 'prefetch_factor': 2}
2026-04-25 14:18:53,129 Runtime init: variable order resolved.
2026-04-25 14:18:53,130 Runtime init: variable order moved to CUDA.
2026-04-25 14:18:53,142 Runtime init: encoder moved to CUDA.
2026-04-25 14:18:53,143 Runtime init: predictor moved to CUDA.
2026-04-25 14:18:53,150 Runtime init: target encoder copied.
2026-04-25 14:18:54,807 Runtime init: DDP wrap complete.
2026-04-25 14:19:14,153 Epoch 1: Train Loss 0.0971, Valid Loss 0.0273, EMA Val 0.0273
2026-04-25 14:19:31,928 Epoch 2: Train Loss 0.0643, Valid Loss 0.0252, EMA Val 0.0267
2026-04-25 14:19:49,656 Epoch 3: Train Loss 0.0609, Valid Loss 0.0245, EMA Val 0.0260
2026-04-25 14:20:06,296 Epoch 4: Train Loss 0.0569, Valid Loss 0.0239, EMA Val 0.0254
2026-04-25 14:20:23,553 Epoch 5: Train Loss 0.0524, Valid Loss 0.0232, EMA Val 0.0247
2026-04-25 14:20:40,945 Epoch 6: Train Loss 0.0484, Valid Loss 0.0227, EMA Val 0.0241
2026-04-25 14:20:58,286 Epoch 7: Train Loss 0.0474, Valid Loss 0.0238, EMA Val 0.0240
2026-04-25 14:21:15,618 Epoch 8: Train Loss 0.0472, Valid Loss 0.0243, EMA Val 0.0241
2026-04-25 14:21:31,577 Epoch 9: Train Loss 0.0488, Valid Loss 0.0280, EMA Val 0.0253
2026-04-25 14:21:49,023 Epoch 10: Train Loss 0.0501, Valid Loss 0.0277, EMA Val 0.0260
2026-04-25 14:22:06,504 Epoch 11: Train Loss 0.0543, Valid Loss 0.0304, EMA Val 0.0273
2026-04-25 14:22:24,290 Epoch 12: Train Loss 0.0573, Valid Loss 0.0307, EMA Val 0.0283
2026-04-25 14:22:41,714 Epoch 13: Train Loss 0.0606, Valid Loss 0.0332, EMA Val 0.0298
2026-04-25 14:22:57,381 Epoch 14: Train Loss 0.0652, Valid Loss 0.0354, EMA Val 0.0315
2026-04-25 14:23:15,200 Epoch 15: Train Loss 0.0684, Valid Loss 0.0363, EMA Val 0.0329
2026-04-25 14:23:32,898 Epoch 16: Train Loss 0.0717, Valid Loss 0.0381, EMA Val 0.0345
2026-04-25 14:23:50,694 Epoch 17: Train Loss 0.0745, Valid Loss 0.0384, EMA Val 0.0356
2026-04-25 14:24:08,539 Epoch 18: Train Loss 0.0750, Valid Loss 0.0393, EMA Val 0.0367
2026-04-25 14:24:25,181 Epoch 19: Train Loss 0.0800, Valid Loss 0.0416, EMA Val 0.0382
2026-04-25 14:24:39,279 Epoch 20: Train Loss 0.0807, Valid Loss 0.0427, EMA Val 0.0395
2026-04-25 14:24:53,324 Epoch 21: Train Loss 0.0831, Valid Loss 0.0450, EMA Val 0.0412
2026-04-25 14:25:07,091 Epoch 22: Train Loss 0.0839, Valid Loss 0.0437, EMA Val 0.0419
2026-04-25 14:25:20,159 Epoch 23: Train Loss 0.0863, Valid Loss 0.0427, EMA Val 0.0421
2026-04-25 14:25:33,462 Epoch 24: Train Loss 0.0867, Valid Loss 0.0432, EMA Val 0.0425
2026-04-25 14:25:46,779 Epoch 25: Train Loss 0.0892, Valid Loss 0.0457, EMA Val 0.0434
2026-04-25 14:25:46,780 ----- Save last epoch model - L1: 0.0434 -----
2026-04-25 14:25:46,827 last saved model is in epoch 25
2026-04-25 14:25:49,012 Test Loss 0.0456
2026-04-25 14:27:05,086 {
    "dataset": "c19",
    "data_dropout": 0.0,
    "epochs": 25,
    "freeze_epochs": 5,
    "lr": 0.001,
    "d_model": 32,
    "seed": 3407,
    "batch_size": 64,
    "num_workers": null,
    "dropout": 0.1,
    "save_model": true,
    "save_dir": "./export/c19/smart-smile-lean-no-time-pe/seed_3407",
    "pretrain_dir": null,
    "local_rank": 0,
    "e_layers": 2,
    "n_heads": 4,
    "time_dim": 16,
    "use_film": false,
    "use_smile": false,
    "use_smile_film": false,
    "use_mnar": false,
    "use_smile_v2": false,
    "use_smile_v2_film": false,
    "use_smile_lean": true,
    "use_smile_lean_samepretrain": false,
    "use_smile_lean_v2": false,
    "obs_density_window": 5,
    "abl_no_density": false,
    "abl_no_mnar_bias": false,
    "abl_no_film": false,
    "abl_no_time_mnar": false,
    "abl_no_time_pe": true,
    "abl_no_cross_attn": false,
    "abl_no_mnar_cls": false,
    "abl_no_policy": false,
    "abl_no_dynamic_mnar": false,
    "abl_no_dual_head": false,
    "smile_no_mnar": false,
    "smile_no_curriculum": false,
    "smile_mask_type": "all",
    "smile_mnar_dropout": 0.05,
    "smile_mnar_dropout_initial": 0.0,
    "smile_stratified": false,
    "los_task": "classification",
    "los_label_unit": "auto",
    "los_use_class_weights": false,
    "los_save_metric": "auc_micro",
    "rank": 0,
    "world_size": 2,
    "distributed": true,
    "gpu": 0,
    "dist_backend": "nccl"
}
2026-04-25 14:27:14,193 Dataset Loaded.
2026-04-25 14:27:14,194 DataLoader kwargs: {'num_workers': 4, 'pin_memory': True, 'persistent_workers': True, 'prefetch_factor': 2}
2026-04-25 14:27:14,196 Runtime init: variable order resolved.
2026-04-25 14:27:14,197 Runtime init: variable order moved to CUDA.
2026-04-25 14:27:14,208 Runtime init: encoder moved to CUDA.
2026-04-25 14:27:14,209 Runtime init: classifier moved to CUDA.
2026-04-25 14:27:16,277 Runtime init: DDP wrap complete.
2026-04-25 14:27:16,292 Class weights: [0.5393641591072083, 6.850955486297607]
2026-04-25 14:27:16,318 last saved model is in epoch 25
2026-04-25 14:27:24,264 [[3592  146]
 [ 177  118]]
2026-04-25 14:27:24,272 AUC of ROC = 0.8500
2026-04-25 14:27:24,272 AUC of PRC = 0.3666
2026-04-25 14:27:24,272 min(+P, Se) = 0.4392
2026-04-25 14:27:24,272 f1_score = 0.4452 (threshold = 0.0050)
2026-04-25 14:27:24,273 Epoch 1: Train Loss 0.5900, Valid Loss 0.6213
2026-04-25 14:27:24,273 ----- Save best model - auprc: 0.3666 -----
2026-04-25 14:27:30,509 [[1978 1760]
 [  12  283]]
2026-04-25 14:27:30,516 AUC of ROC = 0.8878
2026-04-25 14:27:30,516 AUC of PRC = 0.4206
2026-04-25 14:27:30,516 min(+P, Se) = 0.4899
2026-04-25 14:27:30,516 f1_score = 0.4916 (threshold = 1.3095)
2026-04-25 14:27:30,516 Epoch 2: Train Loss 0.4873, Valid Loss 0.5507
2026-04-25 14:27:30,517 ----- Save best model - auprc: 0.4206 -----
2026-04-25 14:27:36,865 [[3625  113]
 [ 162  133]]
2026-04-25 14:27:36,871 AUC of ROC = 0.8931
2026-04-25 14:27:36,872 AUC of PRC = 0.4652
2026-04-25 14:27:36,872 min(+P, Se) = 0.4966
2026-04-25 14:27:36,872 f1_score = 0.5016 (threshold = -0.2036)
2026-04-25 14:27:36,873 Epoch 3: Train Loss 0.4589, Valid Loss 0.5739
2026-04-25 14:27:36,873 ----- Save best model - auprc: 0.4652 -----
2026-04-25 14:27:43,219 [[3014  724]
 [  42  253]]
2026-04-25 14:27:43,226 AUC of ROC = 0.9039
2026-04-25 14:27:43,227 AUC of PRC = 0.4733
2026-04-25 14:27:43,227 min(+P, Se) = 0.5017
2026-04-25 14:27:43,227 f1_score = 0.5173 (threshold = 0.5471)
2026-04-25 14:27:43,227 Epoch 4: Train Loss 0.4488, Valid Loss 0.4022
2026-04-25 14:27:43,228 ----- Save best model - auprc: 0.4733 -----
2026-04-25 14:27:49,636 [[3289  449]
 [  69  226]]
2026-04-25 14:27:49,643 AUC of ROC = 0.9039
2026-04-25 14:27:49,643 AUC of PRC = 0.5054
2026-04-25 14:27:49,643 min(+P, Se) = 0.5288
2026-04-25 14:27:49,643 f1_score = 0.5425 (threshold = 0.7254)
2026-04-25 14:27:49,644 Epoch 5: Train Loss 0.4475, Valid Loss 0.3948
2026-04-25 14:27:49,644 ----- Save best model - auprc: 0.5054 -----
2026-04-25 14:28:03,642 [[3406  332]
 [  52  243]]
2026-04-25 14:28:03,649 AUC of ROC = 0.9503
2026-04-25 14:28:03,649 AUC of PRC = 0.6987
2026-04-25 14:28:03,649 min(+P, Se) = 0.6858
2026-04-25 14:28:03,649 f1_score = 0.6906 (threshold = 1.0156)
2026-04-25 14:28:03,650 Epoch 6: Train Loss 0.3925, Valid Loss 0.2869
2026-04-25 14:28:03,650 ----- Save best model - auprc: 0.6987 -----
2026-04-25 14:28:17,227 [[3483  255]
 [  45  250]]
2026-04-25 14:28:17,235 AUC of ROC = 0.9602
2026-04-25 14:28:17,235 AUC of PRC = 0.7428
2026-04-25 14:28:17,235 min(+P, Se) = 0.7095
2026-04-25 14:28:17,235 f1_score = 0.7160 (threshold = 0.9783)
2026-04-25 14:28:17,236 Epoch 7: Train Loss 0.3240, Valid Loss 0.2588
2026-04-25 14:28:17,236 ----- Save best model - auprc: 0.7428 -----
2026-04-25 14:28:30,902 [[3143  595]
 [  17  278]]
2026-04-25 14:28:30,910 AUC of ROC = 0.9626
2026-04-25 14:28:30,910 AUC of PRC = 0.7584
2026-04-25 14:28:30,910 min(+P, Se) = 0.7153
2026-04-25 14:28:30,911 f1_score = 0.7206 (threshold = 1.5454)
2026-04-25 14:28:30,911 Epoch 8: Train Loss 0.2963, Valid Loss 0.2783
2026-04-25 14:28:30,912 ----- Save best model - auprc: 0.7584 -----
2026-04-25 14:28:44,995 [[3233  505]
 [  23  272]]
2026-04-25 14:28:45,004 AUC of ROC = 0.9622
2026-04-25 14:28:45,005 AUC of PRC = 0.7709
2026-04-25 14:28:45,005 min(+P, Se) = 0.7186
2026-04-25 14:28:45,005 f1_score = 0.7211 (threshold = 1.4861)
2026-04-25 14:28:45,005 Epoch 9: Train Loss 0.2980, Valid Loss 0.2649
2026-04-25 14:28:45,006 ----- Save best model - auprc: 0.7709 -----
2026-04-25 14:28:58,583 [[3440  298]
 [  37  258]]
2026-04-25 14:28:58,589 AUC of ROC = 0.9652
2026-04-25 14:28:58,589 AUC of PRC = 0.7778
2026-04-25 14:28:58,589 min(+P, Se) = 0.7356
2026-04-25 14:28:58,590 f1_score = 0.7368 (threshold = 1.1004)
2026-04-25 14:28:58,590 Epoch 10: Train Loss 0.2810, Valid Loss 0.2433
2026-04-25 14:28:58,591 ----- Save best model - auprc: 0.7778 -----
2026-04-25 14:29:12,324 [[3414  324]
 [  39  256]]
2026-04-25 14:29:12,330 AUC of ROC = 0.9569
2026-04-25 14:29:12,331 AUC of PRC = 0.7608
2026-04-25 14:29:12,331 min(+P, Se) = 0.7085
2026-04-25 14:29:12,331 f1_score = 0.7205 (threshold = 0.7411)
2026-04-25 14:29:12,332 Epoch 11: Train Loss 0.2757, Valid Loss 0.2558
2026-04-25 14:29:25,812 [[3408  330]
 [  32  263]]
2026-04-25 14:29:25,819 AUC of ROC = 0.9634
2026-04-25 14:29:25,820 AUC of PRC = 0.7831
2026-04-25 14:29:25,820 min(+P, Se) = 0.7273
2026-04-25 14:29:25,820 f1_score = 0.7303 (threshold = 1.1526)
2026-04-25 14:29:25,820 Epoch 12: Train Loss 0.2630, Valid Loss 0.2455
2026-04-25 14:29:25,821 ----- Save best model - auprc: 0.7831 -----
2026-04-25 14:29:39,375 [[3252  486]
 [  20  275]]
2026-04-25 14:29:39,382 AUC of ROC = 0.9636
2026-04-25 14:29:39,383 AUC of PRC = 0.7790
2026-04-25 14:29:39,383 min(+P, Se) = 0.7273
2026-04-25 14:29:39,383 f1_score = 0.7310 (threshold = 1.3986)
2026-04-25 14:29:39,383 Epoch 13: Train Loss 0.2644, Valid Loss 0.2604
2026-04-25 14:29:52,736 [[3484  254]
 [  43  252]]
2026-04-25 14:29:52,743 AUC of ROC = 0.9631
2026-04-25 14:29:52,744 AUC of PRC = 0.7817
2026-04-25 14:29:52,744 min(+P, Se) = 0.7297
2026-04-25 14:29:52,744 f1_score = 0.7378 (threshold = 1.2596)
2026-04-25 14:29:52,744 Epoch 14: Train Loss 0.2536, Valid Loss 0.2505
2026-04-25 14:30:06,500 [[3289  449]
 [  24  271]]
2026-04-25 14:30:06,507 AUC of ROC = 0.9620
2026-04-25 14:30:06,508 AUC of PRC = 0.7864
2026-04-25 14:30:06,508 min(+P, Se) = 0.7356
2026-04-25 14:30:06,508 f1_score = 0.7391 (threshold = 1.7118)
2026-04-25 14:30:06,508 Epoch 15: Train Loss 0.2326, Valid Loss 0.2650
2026-04-25 14:30:06,509 ----- Save best model - auprc: 0.7864 -----
2026-04-25 14:30:20,110 [[3479  259]
 [  40  255]]
2026-04-25 14:30:20,117 AUC of ROC = 0.9644
2026-04-25 14:30:20,117 AUC of PRC = 0.7816
2026-04-25 14:30:20,117 min(+P, Se) = 0.7264
2026-04-25 14:30:20,117 f1_score = 0.7419 (threshold = 1.1479)
2026-04-25 14:30:20,118 Epoch 16: Train Loss 0.2412, Valid Loss 0.2468
2026-04-25 14:30:33,391 [[3533  205]
 [  50  245]]
2026-04-25 14:30:33,398 AUC of ROC = 0.9632
2026-04-25 14:30:33,398 AUC of PRC = 0.7879
2026-04-25 14:30:33,398 min(+P, Se) = 0.7291
2026-04-25 14:30:33,398 f1_score = 0.7374 (threshold = 1.1647)
2026-04-25 14:30:33,399 Epoch 17: Train Loss 0.2261, Valid Loss 0.2595
2026-04-25 14:30:33,399 ----- Save best model - auprc: 0.7879 -----
2026-04-25 14:30:46,839 [[3472  266]
 [  42  253]]
2026-04-25 14:30:46,846 AUC of ROC = 0.9626
2026-04-25 14:30:46,846 AUC of PRC = 0.7889
2026-04-25 14:30:46,847 min(+P, Se) = 0.7390
2026-04-25 14:30:46,847 f1_score = 0.7450 (threshold = 1.4707)
2026-04-25 14:30:46,847 Epoch 18: Train Loss 0.2198, Valid Loss 0.2527
2026-04-25 14:30:46,848 ----- Save best model - auprc: 0.7889 -----
2026-04-25 14:31:00,314 [[3326  412]
 [  30  265]]
2026-04-25 14:31:00,320 AUC of ROC = 0.9639
2026-04-25 14:31:00,321 AUC of PRC = 0.7848
2026-04-25 14:31:00,321 min(+P, Se) = 0.7205
2026-04-25 14:31:00,321 f1_score = 0.7311 (threshold = 1.9292)
2026-04-25 14:31:00,321 Epoch 19: Train Loss 0.2127, Valid Loss 0.2549
2026-04-25 14:31:13,951 [[3484  254]
 [  42  253]]
2026-04-25 14:31:13,958 AUC of ROC = 0.9633
2026-04-25 14:31:13,958 AUC of PRC = 0.7898
2026-04-25 14:31:13,958 min(+P, Se) = 0.7220
2026-04-25 14:31:13,959 f1_score = 0.7473 (threshold = 1.3378)
2026-04-25 14:31:13,959 Epoch 20: Train Loss 0.2056, Valid Loss 0.2567
2026-04-25 14:31:13,960 ----- Save best model - auprc: 0.7898 -----
2026-04-25 14:31:27,721 [[3459  279]
 [  36  259]]
2026-04-25 14:31:27,727 AUC of ROC = 0.9643
2026-04-25 14:31:27,728 AUC of PRC = 0.7896
2026-04-25 14:31:27,728 min(+P, Se) = 0.7191
2026-04-25 14:31:27,728 f1_score = 0.7338 (threshold = 1.4270)
2026-04-25 14:31:27,728 Epoch 21: Train Loss 0.1928, Valid Loss 0.2535
2026-04-25 14:31:41,347 [[3451  287]
 [  35  260]]
2026-04-25 14:31:41,353 AUC of ROC = 0.9637
2026-04-25 14:31:41,353 AUC of PRC = 0.7862
2026-04-25 14:31:41,354 min(+P, Se) = 0.7230
2026-04-25 14:31:41,354 f1_score = 0.7338 (threshold = 1.4289)
2026-04-25 14:31:41,354 Epoch 22: Train Loss 0.1924, Valid Loss 0.2538
2026-04-25 14:31:54,843 [[3437  301]
 [  35  260]]
2026-04-25 14:31:54,849 AUC of ROC = 0.9633
2026-04-25 14:31:54,850 AUC of PRC = 0.7864
2026-04-25 14:31:54,850 min(+P, Se) = 0.7288
2026-04-25 14:31:54,850 f1_score = 0.7350 (threshold = 1.2221)
2026-04-25 14:31:54,850 Epoch 23: Train Loss 0.1796, Valid Loss 0.2557
2026-04-25 14:32:08,565 [[3478  260]
 [  38  257]]
2026-04-25 14:32:08,572 AUC of ROC = 0.9639
2026-04-25 14:32:08,572 AUC of PRC = 0.7910
2026-04-25 14:32:08,572 min(+P, Se) = 0.7254
2026-04-25 14:32:08,573 f1_score = 0.7410 (threshold = 1.3690)
2026-04-25 14:32:08,573 Epoch 24: Train Loss 0.1797, Valid Loss 0.2567
2026-04-25 14:32:08,574 ----- Save best model - auprc: 0.7910 -----
2026-04-25 14:32:22,685 [[3421  317]
 [  34  261]]
2026-04-25 14:32:22,691 AUC of ROC = 0.9639
2026-04-25 14:32:22,692 AUC of PRC = 0.7906
2026-04-25 14:32:22,692 min(+P, Se) = 0.7254
2026-04-25 14:32:22,692 f1_score = 0.7348 (threshold = 1.4978)
2026-04-25 14:32:22,692 Epoch 25: Train Loss 0.1840, Valid Loss 0.2536
2026-04-25 14:32:22,710 last saved model is in epoch 24
2026-04-25 14:32:24,128 [[3511  241]
 [  30  252]]
2026-04-25 14:32:24,135 AUC of ROC = 0.9661
2026-04-25 14:32:24,135 AUC of PRC = 0.8395
2026-04-25 14:32:24,136 min(+P, Se) = 0.7845
2026-04-25 14:32:24,136 f1_score = 0.7900 (threshold = 1.5766)
2026-04-25 14:32:24,136 Test Loss 0.2295
