2026-04-24 21:52:03,310 {
    "dataset": "c19",
    "data_dropout": 0.0,
    "epochs": 25,
    "lr": 0.001,
    "d_model": 32,
    "seed": 1,
    "batch_size": 64,
    "num_workers": null,
    "dropout": 0.1,
    "save_model": true,
    "save_dir": "./export/c19/smart-smile-lean-no-density/seed_1",
    "local_rank": 0,
    "min_mask_ratio": 0.15,
    "max_mask_ratio": 0.75,
    "e_layers": 2,
    "n_heads": 4,
    "time_dim": 16,
    "use_film": false,
    "use_smile": false,
    "use_smile_film": false,
    "use_smile_v2": false,
    "use_smile_v2_film": false,
    "use_smile_lean": true,
    "use_smile_lean_samepretrain": false,
    "use_smile_lean_v2": false,
    "use_mnar": false,
    "save_last": true,
    "smile_no_mnar": false,
    "smile_no_curriculum": false,
    "smile_mask_type": "all",
    "smile_mnar_dropout": 0.05,
    "obs_density_window": 5,
    "abl_no_density": true,
    "abl_no_mnar_bias": false,
    "abl_no_film": false,
    "abl_no_time_mnar": false,
    "abl_no_time_pe": false,
    "abl_no_cross_attn": false,
    "abl_no_mnar_cls": false,
    "abl_no_policy": false,
    "abl_no_dynamic_mnar": false,
    "abl_no_dual_head": false,
    "pretrain_mask_mode": "fixed",
    "ratio_temperature": 1.0,
    "smile_stratified": false,
    "smile_mask_weights": null,
    "rank": 0,
    "world_size": 2,
    "distributed": true,
    "gpu": 0,
    "dist_backend": "nccl"
}
2026-04-24 21:52:11,351 Dataset Loaded.
2026-04-24 21:52:11,352 system_groups: {'Vital_Basic': 7, 'Resp_Gas': 7, 'Liver_Enzyme': 2, 'Renal': 3, 'Coagulation': 3, 'CBC': 3, 'Bilirubin': 2}
2026-04-24 21:52:11,352 DataLoader kwargs: {'num_workers': 4, 'pin_memory': True, 'persistent_workers': True, 'prefetch_factor': 2}
2026-04-24 21:52:11,354 Runtime init: variable order resolved.
2026-04-24 21:52:11,355 Runtime init: variable order moved to CUDA.
2026-04-24 21:52:11,367 Runtime init: encoder moved to CUDA.
2026-04-24 21:52:11,368 Runtime init: predictor moved to CUDA.
2026-04-24 21:52:11,375 Runtime init: target encoder copied.
2026-04-24 21:52:13,476 Runtime init: DDP wrap complete.
2026-04-24 21:52:32,630 Epoch 1: Train Loss 0.0879, Valid Loss 0.0300, EMA Val 0.0300
2026-04-24 21:52:50,417 Epoch 2: Train Loss 0.0635, Valid Loss 0.0306, EMA Val 0.0302
2026-04-24 21:53:08,225 Epoch 3: Train Loss 0.0614, Valid Loss 0.0295, EMA Val 0.0300
2026-04-24 21:53:25,967 Epoch 4: Train Loss 0.0588, Valid Loss 0.0299, EMA Val 0.0299
2026-04-24 21:53:43,864 Epoch 5: Train Loss 0.0561, Valid Loss 0.0283, EMA Val 0.0294
2026-04-24 21:54:01,557 Epoch 6: Train Loss 0.0544, Valid Loss 0.0269, EMA Val 0.0287
2026-04-24 21:54:19,646 Epoch 7: Train Loss 0.0540, Valid Loss 0.0275, EMA Val 0.0283
2026-04-24 21:54:37,207 Epoch 8: Train Loss 0.0530, Valid Loss 0.0304, EMA Val 0.0290
2026-04-24 21:54:55,063 Epoch 9: Train Loss 0.0533, Valid Loss 0.0275, EMA Val 0.0285
2026-04-24 21:55:12,697 Epoch 10: Train Loss 0.0569, Valid Loss 0.0275, EMA Val 0.0282
2026-04-24 21:55:30,460 Epoch 11: Train Loss 0.0574, Valid Loss 0.0281, EMA Val 0.0282
2026-04-24 21:55:48,052 Epoch 12: Train Loss 0.0600, Valid Loss 0.0287, EMA Val 0.0283
2026-04-24 21:56:05,678 Epoch 13: Train Loss 0.0607, Valid Loss 0.0287, EMA Val 0.0284
2026-04-24 21:56:23,374 Epoch 14: Train Loss 0.0632, Valid Loss 0.0295, EMA Val 0.0288
2026-04-24 21:56:41,043 Epoch 15: Train Loss 0.0632, Valid Loss 0.0314, EMA Val 0.0296
2026-04-24 21:56:59,361 Epoch 16: Train Loss 0.0699, Valid Loss 0.0339, EMA Val 0.0309
2026-04-24 21:57:17,768 Epoch 17: Train Loss 0.0704, Valid Loss 0.0351, EMA Val 0.0321
2026-04-24 21:57:36,110 Epoch 18: Train Loss 0.0723, Valid Loss 0.0356, EMA Val 0.0332
2026-04-24 21:57:53,575 Epoch 19: Train Loss 0.0783, Valid Loss 0.0367, EMA Val 0.0342
2026-04-24 21:58:11,519 Epoch 20: Train Loss 0.0770, Valid Loss 0.0381, EMA Val 0.0354
2026-04-24 21:58:29,026 Epoch 21: Train Loss 0.0808, Valid Loss 0.0395, EMA Val 0.0366
2026-04-24 21:58:46,361 Epoch 22: Train Loss 0.0844, Valid Loss 0.0412, EMA Val 0.0380
2026-04-24 21:59:03,718 Epoch 23: Train Loss 0.0855, Valid Loss 0.0411, EMA Val 0.0389
2026-04-24 21:59:21,288 Epoch 24: Train Loss 0.0884, Valid Loss 0.0401, EMA Val 0.0393
2026-04-24 21:59:38,737 Epoch 25: Train Loss 0.0918, Valid Loss 0.0407, EMA Val 0.0397
2026-04-24 21:59:38,737 ----- Save last epoch model - L1: 0.0397 -----
2026-04-24 21:59:38,782 last saved model is in epoch 25
2026-04-24 21:59:40,809 Test Loss 0.0419
2026-04-24 22:00:52,871 {
    "dataset": "c19",
    "data_dropout": 0.0,
    "epochs": 25,
    "freeze_epochs": 5,
    "lr": 0.001,
    "d_model": 32,
    "seed": 1,
    "batch_size": 64,
    "num_workers": null,
    "dropout": 0.1,
    "save_model": true,
    "save_dir": "./export/c19/smart-smile-lean-no-density/seed_1",
    "pretrain_dir": null,
    "local_rank": 0,
    "e_layers": 2,
    "n_heads": 4,
    "time_dim": 16,
    "use_film": false,
    "use_smile": false,
    "use_smile_film": false,
    "use_mnar": false,
    "use_smile_v2": false,
    "use_smile_v2_film": false,
    "use_smile_lean": true,
    "use_smile_lean_samepretrain": false,
    "use_smile_lean_v2": false,
    "obs_density_window": 5,
    "abl_no_density": true,
    "abl_no_mnar_bias": false,
    "abl_no_film": false,
    "abl_no_time_mnar": false,
    "abl_no_time_pe": false,
    "abl_no_cross_attn": false,
    "abl_no_mnar_cls": false,
    "abl_no_policy": false,
    "abl_no_dynamic_mnar": false,
    "abl_no_dual_head": false,
    "smile_no_mnar": false,
    "smile_no_curriculum": false,
    "smile_mask_type": "all",
    "smile_mnar_dropout": 0.05,
    "smile_mnar_dropout_initial": 0.0,
    "smile_stratified": false,
    "los_task": "classification",
    "los_label_unit": "auto",
    "los_use_class_weights": false,
    "los_save_metric": "auc_micro",
    "rank": 0,
    "world_size": 2,
    "distributed": true,
    "gpu": 0,
    "dist_backend": "nccl"
}
2026-04-24 22:01:01,231 Dataset Loaded.
2026-04-24 22:01:01,231 DataLoader kwargs: {'num_workers': 4, 'pin_memory': True, 'persistent_workers': True, 'prefetch_factor': 2}
2026-04-24 22:01:01,234 Runtime init: variable order resolved.
2026-04-24 22:01:01,235 Runtime init: variable order moved to CUDA.
2026-04-24 22:01:01,244 Runtime init: encoder moved to CUDA.
2026-04-24 22:01:01,244 Runtime init: classifier moved to CUDA.
2026-04-24 22:01:03,266 Runtime init: DDP wrap complete.
2026-04-24 22:01:03,283 Class weights: [0.5393641591072083, 6.850955486297607]
2026-04-24 22:01:03,312 last saved model is in epoch 25
2026-04-24 22:01:10,690 [[3333  405]
 [  99  196]]
2026-04-24 22:01:10,698 AUC of ROC = 0.8671
2026-04-24 22:01:10,698 AUC of PRC = 0.4356
2026-04-24 22:01:10,698 min(+P, Se) = 0.4814
2026-04-24 22:01:10,698 f1_score = 0.4852 (threshold = 0.2483)
2026-04-24 22:01:10,699 Epoch 1: Train Loss 0.5426, Valid Loss 0.4644
2026-04-24 22:01:10,700 ----- Save best model - auprc: 0.4356 -----
2026-04-24 22:01:17,008 [[2521 1217]
 [  29  266]]
2026-04-24 22:01:17,013 AUC of ROC = 0.8874
2026-04-24 22:01:17,013 AUC of PRC = 0.4710
2026-04-24 22:01:17,013 min(+P, Se) = 0.4866
2026-04-24 22:01:17,013 f1_score = 0.4959 (threshold = 0.7839)
2026-04-24 22:01:17,014 Epoch 2: Train Loss 0.4615, Valid Loss 0.4640
2026-04-24 22:01:17,014 ----- Save best model - auprc: 0.4710 -----
2026-04-24 22:01:23,435 [[3636  102]
 [ 179  116]]
2026-04-24 22:01:23,441 AUC of ROC = 0.8864
2026-04-24 22:01:23,441 AUC of PRC = 0.4584
2026-04-24 22:01:23,441 min(+P, Se) = 0.4847
2026-04-24 22:01:23,441 f1_score = 0.5000 (threshold = -0.3544)
2026-04-24 22:01:23,442 Epoch 3: Train Loss 0.4628, Valid Loss 0.5748
2026-04-24 22:01:29,855 [[3098  640]
 [  47  248]]
2026-04-24 22:01:29,862 AUC of ROC = 0.9034
2026-04-24 22:01:29,862 AUC of PRC = 0.4972
2026-04-24 22:01:29,863 min(+P, Se) = 0.5304
2026-04-24 22:01:29,863 f1_score = 0.5352 (threshold = 0.4827)
2026-04-24 22:01:29,863 Epoch 4: Train Loss 0.4397, Valid Loss 0.3933
2026-04-24 22:01:29,864 ----- Save best model - auprc: 0.4972 -----
2026-04-24 22:01:36,159 [[3306  432]
 [  63  232]]
2026-04-24 22:01:36,166 AUC of ROC = 0.9072
2026-04-24 22:01:36,166 AUC of PRC = 0.5203
2026-04-24 22:01:36,166 min(+P, Se) = 0.5424
2026-04-24 22:01:36,166 f1_score = 0.5536 (threshold = 0.4577)
2026-04-24 22:01:36,167 Epoch 5: Train Loss 0.4507, Valid Loss 0.3891
2026-04-24 22:01:36,168 ----- Save best model - auprc: 0.5203 -----
2026-04-24 22:01:50,412 [[3444  294]
 [  53  242]]
2026-04-24 22:01:50,419 AUC of ROC = 0.9463
2026-04-24 22:01:50,419 AUC of PRC = 0.6973
2026-04-24 22:01:50,420 min(+P, Se) = 0.6712
2026-04-24 22:01:50,420 f1_score = 0.6798 (threshold = 0.9121)
2026-04-24 22:01:50,420 Epoch 6: Train Loss 0.3938, Valid Loss 0.2918
2026-04-24 22:01:50,421 ----- Save best model - auprc: 0.6973 -----
2026-04-24 22:02:04,754 [[3477  261]
 [  48  247]]
2026-04-24 22:02:04,760 AUC of ROC = 0.9568
2026-04-24 22:02:04,760 AUC of PRC = 0.7391
2026-04-24 22:02:04,760 min(+P, Se) = 0.7027
2026-04-24 22:02:04,760 f1_score = 0.7053 (threshold = 0.6654)
2026-04-24 22:02:04,761 Epoch 7: Train Loss 0.3398, Valid Loss 0.2704
2026-04-24 22:02:04,761 ----- Save best model - auprc: 0.7391 -----
2026-04-24 22:02:18,813 [[3057  681]
 [  17  278]]
2026-04-24 22:02:18,820 AUC of ROC = 0.9598
2026-04-24 22:02:18,821 AUC of PRC = 0.7521
2026-04-24 22:02:18,821 min(+P, Se) = 0.6915
2026-04-24 22:02:18,821 f1_score = 0.7026 (threshold = 1.4104)
2026-04-24 22:02:18,821 Epoch 8: Train Loss 0.3060, Valid Loss 0.2980
2026-04-24 22:02:18,822 ----- Save best model - auprc: 0.7521 -----
2026-04-24 22:02:32,066 [[3275  463]
 [  28  267]]
2026-04-24 22:02:32,075 AUC of ROC = 0.9626
2026-04-24 22:02:32,075 AUC of PRC = 0.7690
2026-04-24 22:02:32,076 min(+P, Se) = 0.7297
2026-04-24 22:02:32,076 f1_score = 0.7310 (threshold = 1.2803)
2026-04-24 22:02:32,076 Epoch 9: Train Loss 0.3025, Valid Loss 0.2609
2026-04-24 22:02:32,077 ----- Save best model - auprc: 0.7690 -----
2026-04-24 22:02:46,577 [[3441  297]
 [  37  258]]
2026-04-24 22:02:46,583 AUC of ROC = 0.9656
2026-04-24 22:02:46,583 AUC of PRC = 0.7651
2026-04-24 22:02:46,583 min(+P, Se) = 0.7027
2026-04-24 22:02:46,583 f1_score = 0.7170 (threshold = 0.7656)
2026-04-24 22:02:46,584 Epoch 10: Train Loss 0.2900, Valid Loss 0.2385
2026-04-24 22:03:00,583 [[3470  268]
 [  44  251]]
2026-04-24 22:03:00,588 AUC of ROC = 0.9617
2026-04-24 22:03:00,589 AUC of PRC = 0.7674
2026-04-24 22:03:00,589 min(+P, Se) = 0.7071
2026-04-24 22:03:00,589 f1_score = 0.7104 (threshold = 0.7500)
2026-04-24 22:03:00,589 Epoch 11: Train Loss 0.2897, Valid Loss 0.2573
2026-04-24 22:03:14,935 [[3333  405]
 [  23  272]]
2026-04-24 22:03:14,942 AUC of ROC = 0.9632
2026-04-24 22:03:14,942 AUC of PRC = 0.7652
2026-04-24 22:03:14,942 min(+P, Se) = 0.7051
2026-04-24 22:03:14,943 f1_score = 0.7093 (threshold = 1.0897)
2026-04-24 22:03:14,943 Epoch 12: Train Loss 0.2665, Valid Loss 0.2395
2026-04-24 22:03:29,297 [[3206  532]
 [  18  277]]
2026-04-24 22:03:29,304 AUC of ROC = 0.9680
2026-04-24 22:03:29,304 AUC of PRC = 0.7927
2026-04-24 22:03:29,304 min(+P, Se) = 0.7254
2026-04-24 22:03:29,304 f1_score = 0.7352 (threshold = 1.3285)
2026-04-24 22:03:29,304 Epoch 13: Train Loss 0.2742, Valid Loss 0.2556
2026-04-24 22:03:29,305 ----- Save best model - auprc: 0.7927 -----
2026-04-24 22:03:43,505 [[3492  246]
 [  35  260]]
2026-04-24 22:03:43,512 AUC of ROC = 0.9649
2026-04-24 22:03:43,512 AUC of PRC = 0.7885
2026-04-24 22:03:43,512 min(+P, Se) = 0.7128
2026-04-24 22:03:43,512 f1_score = 0.7233 (threshold = 1.1903)
2026-04-24 22:03:43,513 Epoch 14: Train Loss 0.2641, Valid Loss 0.2444
2026-04-24 22:03:58,328 [[3356  382]
 [  26  269]]
2026-04-24 22:03:58,334 AUC of ROC = 0.9657
2026-04-24 22:03:58,335 AUC of PRC = 0.7972
2026-04-24 22:03:58,335 min(+P, Se) = 0.7390
2026-04-24 22:03:58,335 f1_score = 0.7414 (threshold = 1.2190)
2026-04-24 22:03:58,335 Epoch 15: Train Loss 0.2462, Valid Loss 0.2447
2026-04-24 22:03:58,336 ----- Save best model - auprc: 0.7972 -----
2026-04-24 22:04:12,629 [[3466  272]
 [  34  261]]
2026-04-24 22:04:12,636 AUC of ROC = 0.9662
2026-04-24 22:04:12,636 AUC of PRC = 0.7949
2026-04-24 22:04:12,636 min(+P, Se) = 0.7288
2026-04-24 22:04:12,636 f1_score = 0.7430 (threshold = 0.8950)
2026-04-24 22:04:12,637 Epoch 16: Train Loss 0.2489, Valid Loss 0.2351
2026-04-24 22:04:27,223 [[3491  247]
 [  39  256]]
2026-04-24 22:04:27,230 AUC of ROC = 0.9673
2026-04-24 22:04:27,230 AUC of PRC = 0.8003
2026-04-24 22:04:27,231 min(+P, Se) = 0.7390
2026-04-24 22:04:27,231 f1_score = 0.7433 (threshold = 0.8302)
2026-04-24 22:04:27,231 Epoch 17: Train Loss 0.2385, Valid Loss 0.2395
2026-04-24 22:04:27,232 ----- Save best model - auprc: 0.8003 -----
2026-04-24 22:04:40,980 [[3435  303]
 [  33  262]]
2026-04-24 22:04:40,987 AUC of ROC = 0.9680
2026-04-24 22:04:40,988 AUC of PRC = 0.8017
2026-04-24 22:04:40,988 min(+P, Se) = 0.7331
2026-04-24 22:04:40,988 f1_score = 0.7379 (threshold = 0.8810)
2026-04-24 22:04:40,988 Epoch 18: Train Loss 0.2312, Valid Loss 0.2325
2026-04-24 22:04:40,989 ----- Save best model - auprc: 0.8017 -----
2026-04-24 22:04:55,439 [[3307  431]
 [  28  267]]
2026-04-24 22:04:55,446 AUC of ROC = 0.9655
2026-04-24 22:04:55,446 AUC of PRC = 0.7732
2026-04-24 22:04:55,446 min(+P, Se) = 0.7047
2026-04-24 22:04:55,446 f1_score = 0.7092 (threshold = 1.2077)
2026-04-24 22:04:55,447 Epoch 19: Train Loss 0.2237, Valid Loss 0.2406
2026-04-24 22:05:09,798 [[3454  284]
 [  33  262]]
2026-04-24 22:05:09,805 AUC of ROC = 0.9674
2026-04-24 22:05:09,806 AUC of PRC = 0.7940
2026-04-24 22:05:09,806 min(+P, Se) = 0.7181
2026-04-24 22:05:09,806 f1_score = 0.7227 (threshold = 1.1952)
2026-04-24 22:05:09,806 Epoch 20: Train Loss 0.2172, Valid Loss 0.2304
2026-04-24 22:05:24,489 [[3457  281]
 [  36  259]]
2026-04-24 22:05:24,494 AUC of ROC = 0.9675
2026-04-24 22:05:24,495 AUC of PRC = 0.7919
2026-04-24 22:05:24,495 min(+P, Se) = 0.7153
2026-04-24 22:05:24,495 f1_score = 0.7263 (threshold = 1.2015)
2026-04-24 22:05:24,495 Epoch 21: Train Loss 0.2100, Valid Loss 0.2322
2026-04-24 22:05:38,754 [[3445  293]
 [  33  262]]
2026-04-24 22:05:38,761 AUC of ROC = 0.9672
2026-04-24 22:05:38,761 AUC of PRC = 0.7948
2026-04-24 22:05:38,761 min(+P, Se) = 0.7254
2026-04-24 22:05:38,761 f1_score = 0.7276 (threshold = 1.0306)
2026-04-24 22:05:38,762 Epoch 22: Train Loss 0.2010, Valid Loss 0.2354
2026-04-24 22:05:52,747 [[3371  367]
 [  29  266]]
2026-04-24 22:05:52,754 AUC of ROC = 0.9668
2026-04-24 22:05:52,754 AUC of PRC = 0.7940
2026-04-24 22:05:52,755 min(+P, Se) = 0.7186
2026-04-24 22:05:52,755 f1_score = 0.7244 (threshold = 1.3353)
2026-04-24 22:05:52,755 Epoch 23: Train Loss 0.2006, Valid Loss 0.2377
2026-04-24 22:06:07,047 [[3454  284]
 [  34  261]]
2026-04-24 22:06:07,052 AUC of ROC = 0.9677
2026-04-24 22:06:07,053 AUC of PRC = 0.7997
2026-04-24 22:06:07,053 min(+P, Se) = 0.7254
2026-04-24 22:06:07,053 f1_score = 0.7299 (threshold = 1.3526)
2026-04-24 22:06:07,053 Epoch 24: Train Loss 0.2025, Valid Loss 0.2345
2026-04-24 22:06:21,359 [[3404  334]
 [  29  266]]
2026-04-24 22:06:21,367 AUC of ROC = 0.9672
2026-04-24 22:06:21,367 AUC of PRC = 0.7988
2026-04-24 22:06:21,367 min(+P, Se) = 0.7230
2026-04-24 22:06:21,367 f1_score = 0.7266 (threshold = 1.2657)
2026-04-24 22:06:21,368 Epoch 25: Train Loss 0.2002, Valid Loss 0.2367
2026-04-24 22:06:21,383 last saved model is in epoch 18
2026-04-24 22:06:22,795 [[3465  287]
 [  27  255]]
2026-04-24 22:06:22,803 AUC of ROC = 0.9673
2026-04-24 22:06:22,803 AUC of PRC = 0.8306
2026-04-24 22:06:22,803 min(+P, Se) = 0.7624
2026-04-24 22:06:22,803 f1_score = 0.7733 (threshold = 1.3716)
2026-04-24 22:06:22,803 Test Loss 0.2215
