2026-03-05 11:04:22,545 {
    "dataset": "c19",
    "data_dropout": 0.0,
    "epochs": 25,
    "lr": 0.001,
    "d_model": 32,
    "seed": 42,
    "batch_size": 256,
    "dropout": 0.1,
    "save_model": true,
    "save_dir": "./export/c19/smart-smile/seed_42",
    "local_rank": 0,
    "min_mask_ratio": 0.0,
    "max_mask_ratio": 0.75,
    "e_layers": 2,
    "n_heads": 4,
    "time_dim": 16,
    "use_film": false,
    "use_smile": true,
    "smile_no_mnar": false,
    "smile_no_curriculum": false,
    "smile_mask_type": "all",
    "smile_mnar_dropout": 0.05
}
2026-03-05 11:04:36,905 Dataset Loaded.
2026-03-05 11:04:36,905 SMILE system_groups: {'cardiovascular': 2, 'respiratory': 7, 'lab': 25}
2026-03-05 11:11:37,753 Epoch 1: Train Loss 0.1794, Valid Loss 0.0395
2026-03-05 11:11:37,755 ----- Save best model - L1: 0.0395 -----
2026-03-05 11:18:32,140 Epoch 2: Train Loss 0.1052, Valid Loss 0.0306
2026-03-05 11:18:32,141 ----- Save best model - L1: 0.0306 -----
2026-03-05 11:25:41,124 Epoch 3: Train Loss 0.0956, Valid Loss 0.0297
2026-03-05 11:25:41,126 ----- Save best model - L1: 0.0297 -----
2026-03-05 11:33:17,286 Epoch 4: Train Loss 0.0885, Valid Loss 0.0294
2026-03-05 11:33:17,287 ----- Save best model - L1: 0.0294 -----
2026-03-05 11:40:53,043 Epoch 5: Train Loss 0.0802, Valid Loss 0.0278
2026-03-05 11:40:53,045 ----- Save best model - L1: 0.0278 -----
2026-03-05 11:48:47,756 Epoch 6: Train Loss 0.0732, Valid Loss 0.0268
2026-03-05 11:48:47,757 ----- Save best model - L1: 0.0268 -----
2026-03-05 20:00:36,157 {
    "dataset": "c19",
    "data_dropout": 0.0,
    "epochs": 25,
    "freeze_epochs": 5,
    "lr": 0.001,
    "d_model": 32,
    "seed": 42,
    "batch_size": 256,
    "dropout": 0.1,
    "save_model": true,
    "save_dir": "./export/c19\\smart-smile\\seed_42",
    "local_rank": 0,
    "e_layers": 2,
    "n_heads": 4,
    "time_dim": 16,
    "use_film": false,
    "use_smile": true,
    "use_mnar": false,
    "smile_no_mnar": false,
    "smile_no_curriculum": false,
    "smile_mask_type": "all",
    "smile_mnar_dropout": 0.05
}
2026-03-05 20:00:41,245 Dataset Loaded.
2026-03-05 20:00:43,735 last saved model is in epoch 6
2026-03-06 12:00:27,046 {
    "dataset": "c19",
    "data_dropout": 0.0,
    "epochs": 25,
    "freeze_epochs": 5,
    "lr": 0.001,
    "d_model": 32,
    "seed": 42,
    "batch_size": 256,
    "dropout": 0.1,
    "save_model": true,
    "save_dir": "./export/c19\\smart-smile\\seed_42",
    "local_rank": 0,
    "e_layers": 2,
    "n_heads": 4,
    "time_dim": 16,
    "use_film": false,
    "use_smile": true,
    "use_mnar": false,
    "smile_no_mnar": false,
    "smile_no_curriculum": false,
    "smile_mask_type": "all",
    "smile_mnar_dropout": 0.05
}
2026-03-06 12:00:29,805 Dataset Loaded.
2026-03-06 12:00:31,399 last saved model is in epoch 6
2026-03-06 12:48:33,335 {
    "dataset": "c19",
    "data_dropout": 0.0,
    "epochs": 25,
    "lr": 0.001,
    "d_model": 32,
    "seed": 42,
    "batch_size": 64,
    "dropout": 0.1,
    "save_model": true,
    "save_dir": "./export/c19\\smart-smile\\seed_42",
    "local_rank": 0,
    "min_mask_ratio": 0.0,
    "max_mask_ratio": 0.75,
    "e_layers": 2,
    "n_heads": 4,
    "time_dim": 16,
    "use_film": false,
    "use_smile": true,
    "use_mnar": false,
    "save_last": false,
    "smile_no_mnar": false,
    "smile_no_curriculum": false,
    "smile_mask_type": "all",
    "smile_mnar_dropout": 0.05
}
2026-03-06 12:48:37,147 Dataset Loaded.
2026-03-06 12:48:37,148 SMILE system_groups: {'cardiovascular': 2, 'respiratory': 7, 'lab': 25}
2026-03-06 12:50:11,834 Epoch 1: Train Loss 0.1244, Valid Loss 0.0337
2026-03-06 12:50:11,835 ----- Save best model - L1: 0.0337 -----
2026-03-06 12:51:45,410 Epoch 2: Train Loss 0.0818, Valid Loss 0.0310
2026-03-06 12:51:45,411 ----- Save best model - L1: 0.0310 -----
2026-03-06 12:53:18,806 Epoch 3: Train Loss 0.0625, Valid Loss 0.0295
2026-03-06 12:53:18,807 ----- Save best model - L1: 0.0295 -----
2026-03-06 12:54:52,279 Epoch 4: Train Loss 0.0565, Valid Loss 0.0303
2026-03-06 12:56:25,709 Epoch 5: Train Loss 0.0562, Valid Loss 0.0311
2026-03-06 12:57:59,005 Epoch 6: Train Loss 0.0587, Valid Loss 0.0336
2026-03-06 12:59:32,555 Epoch 7: Train Loss 0.0612, Valid Loss 0.0351
2026-03-06 13:01:05,890 Epoch 8: Train Loss 0.0653, Valid Loss 0.0357
2026-03-06 13:02:40,127 Epoch 9: Train Loss 0.0687, Valid Loss 0.0376
2026-03-06 13:04:13,517 Epoch 10: Train Loss 0.0681, Valid Loss 0.0350
2026-03-06 13:05:47,688 Epoch 11: Train Loss 0.0685, Valid Loss 0.0348
2026-03-06 13:07:21,251 Epoch 12: Train Loss 0.0690, Valid Loss 0.0333
2026-03-06 13:08:54,995 Epoch 13: Train Loss 0.0665, Valid Loss 0.0318
2026-03-06 13:10:28,488 Epoch 14: Train Loss 0.0659, Valid Loss 0.0309
2026-03-06 13:12:02,151 Epoch 15: Train Loss 0.0653, Valid Loss 0.0311
2026-03-06 13:13:35,660 Epoch 16: Train Loss 0.0655, Valid Loss 0.0300
2026-03-06 13:15:09,059 Epoch 17: Train Loss 0.0648, Valid Loss 0.0300
2026-03-06 13:16:43,157 Epoch 18: Train Loss 0.0668, Valid Loss 0.0307
2026-03-06 13:18:16,747 Epoch 19: Train Loss 0.0679, Valid Loss 0.0318
2026-03-06 13:19:50,487 Epoch 20: Train Loss 0.0691, Valid Loss 0.0319
2026-03-06 13:21:24,327 Epoch 21: Train Loss 0.0694, Valid Loss 0.0321
2026-03-06 13:22:57,961 Epoch 22: Train Loss 0.0712, Valid Loss 0.0337
2026-03-06 13:24:31,600 Epoch 23: Train Loss 0.0722, Valid Loss 0.0324
2026-03-06 13:26:06,340 Epoch 24: Train Loss 0.0726, Valid Loss 0.0337
2026-03-06 13:27:40,123 Epoch 25: Train Loss 0.0733, Valid Loss 0.0341
2026-03-06 13:27:40,165 last saved model is in epoch 3
2026-03-06 13:27:46,742 Test Loss 0.0302
2026-03-06 13:27:54,000 {
    "dataset": "c19",
    "data_dropout": 0.0,
    "epochs": 25,
    "freeze_epochs": 5,
    "lr": 0.001,
    "d_model": 32,
    "seed": 42,
    "batch_size": 64,
    "dropout": 0.1,
    "save_model": true,
    "save_dir": "./export/c19\\smart-smile\\seed_42",
    "local_rank": 0,
    "e_layers": 2,
    "n_heads": 4,
    "time_dim": 16,
    "use_film": false,
    "use_smile": true,
    "use_mnar": false,
    "smile_no_mnar": false,
    "smile_no_curriculum": false,
    "smile_mask_type": "all",
    "smile_mnar_dropout": 0.05
}
2026-03-06 13:27:59,503 Dataset Loaded.
2026-03-06 13:28:02,181 last saved model is in epoch 3
2026-03-06 13:28:40,390 [[3726   12]
 [ 250   45]]
2026-03-06 13:28:40,394 AUC of ROC = 0.8902
2026-03-06 13:28:40,394 AUC of PRC = 0.5041
2026-03-06 13:28:40,395 min(+P, Se) = 0.5201
2026-03-06 13:28:40,395 f1_score = 0.2557
2026-03-06 13:28:40,395 Epoch 1: Train Loss 0.2076, Valid Loss 0.1773
2026-03-06 13:28:40,395 ----- Save best model - auprc: 0.5041 -----
2026-03-06 13:29:17,959 [[3720   18]
 [ 239   56]]
2026-03-06 13:29:17,963 AUC of ROC = 0.9061
2026-03-06 13:29:17,963 AUC of PRC = 0.4990
2026-03-06 13:29:17,964 min(+P, Se) = 0.5354
2026-03-06 13:29:17,964 f1_score = 0.3035
2026-03-06 13:29:17,964 Epoch 2: Train Loss 0.1806, Valid Loss 0.1715
2026-03-06 13:29:55,567 [[3710   28]
 [ 224   71]]
2026-03-06 13:29:55,572 AUC of ROC = 0.9075
2026-03-06 13:29:55,572 AUC of PRC = 0.5374
2026-03-06 13:29:55,573 min(+P, Se) = 0.5676
2026-03-06 13:29:55,573 f1_score = 0.3604
2026-03-06 13:29:55,574 Epoch 3: Train Loss 0.1785, Valid Loss 0.1650
2026-03-06 13:29:55,575 ----- Save best model - auprc: 0.5374 -----
2026-03-06 13:30:33,290 [[3677   61]
 [ 183  112]]
2026-03-06 13:30:33,294 AUC of ROC = 0.9125
2026-03-06 13:30:33,295 AUC of PRC = 0.5496
2026-03-06 13:30:33,295 min(+P, Se) = 0.5763
2026-03-06 13:30:33,295 f1_score = 0.4786
2026-03-06 13:30:33,300 Epoch 4: Train Loss 0.1773, Valid Loss 0.1582
2026-03-06 13:30:33,306 ----- Save best model - auprc: 0.5496 -----
2026-03-06 13:31:10,812 [[3710   28]
 [ 222   73]]
2026-03-06 13:31:10,816 AUC of ROC = 0.9151
2026-03-06 13:31:10,816 AUC of PRC = 0.5561
2026-03-06 13:31:10,816 min(+P, Se) = 0.5762
2026-03-06 13:31:10,816 f1_score = 0.3687
2026-03-06 13:31:10,817 Epoch 5: Train Loss 0.1727, Valid Loss 0.1588
2026-03-06 13:31:10,819 ----- Save best model - auprc: 0.5561 -----
2026-03-06 13:32:14,128 [[3696   42]
 [ 123  172]]
2026-03-06 13:32:14,132 AUC of ROC = 0.9432
2026-03-06 13:32:14,132 AUC of PRC = 0.7372
2026-03-06 13:32:14,133 min(+P, Se) = 0.6824
2026-03-06 13:32:14,133 f1_score = 0.6758
2026-03-06 13:32:14,134 Epoch 6: Train Loss 0.1669, Valid Loss 0.1305
2026-03-06 13:32:14,135 ----- Save best model - auprc: 0.7372 -----
2026-03-06 13:33:16,849 [[3706   32]
 [ 142  153]]
2026-03-06 13:33:16,853 AUC of ROC = 0.9622
2026-03-06 13:33:16,854 AUC of PRC = 0.7707
2026-03-06 13:33:16,855 min(+P, Se) = 0.7186
2026-03-06 13:33:16,856 f1_score = 0.6375
2026-03-06 13:33:16,856 Epoch 7: Train Loss 0.1336, Valid Loss 0.1186
2026-03-06 13:33:16,857 ----- Save best model - auprc: 0.7707 -----
2026-03-06 13:34:19,368 [[3706   32]
 [ 137  158]]
2026-03-06 13:34:19,373 AUC of ROC = 0.9646
2026-03-06 13:34:19,387 AUC of PRC = 0.7814
2026-03-06 13:34:19,387 min(+P, Se) = 0.7186
2026-03-06 13:34:19,388 f1_score = 0.6515
2026-03-06 13:34:19,389 Epoch 8: Train Loss 0.1248, Valid Loss 0.1179
2026-03-06 13:34:19,389 ----- Save best model - auprc: 0.7814 -----
2026-03-06 13:35:22,351 [[3709   29]
 [ 128  167]]
2026-03-06 13:35:22,355 AUC of ROC = 0.9660
2026-03-06 13:35:22,356 AUC of PRC = 0.7921
2026-03-06 13:35:22,356 min(+P, Se) = 0.7258
2026-03-06 13:35:22,356 f1_score = 0.6802
2026-03-06 13:35:22,357 Epoch 9: Train Loss 0.1187, Valid Loss 0.1096
2026-03-06 13:35:22,358 ----- Save best model - auprc: 0.7921 -----
2026-03-06 13:36:25,506 [[3686   52]
 [  96  199]]
2026-03-06 13:36:25,510 AUC of ROC = 0.9652
2026-03-06 13:36:25,510 AUC of PRC = 0.7866
2026-03-06 13:36:25,511 min(+P, Se) = 0.7220
2026-03-06 13:36:25,512 f1_score = 0.7289
2026-03-06 13:36:25,512 Epoch 10: Train Loss 0.1172, Valid Loss 0.1084
2026-03-06 13:37:28,209 [[3713   25]
 [ 142  153]]
2026-03-06 13:37:28,213 AUC of ROC = 0.9610
2026-03-06 13:37:28,214 AUC of PRC = 0.7851
2026-03-06 13:37:28,215 min(+P, Se) = 0.7297
2026-03-06 13:37:28,215 f1_score = 0.6469
2026-03-06 13:37:28,216 Epoch 11: Train Loss 0.1145, Valid Loss 0.1122
2026-03-06 13:38:30,891 [[3697   41]
 [ 102  193]]
2026-03-06 13:38:30,896 AUC of ROC = 0.9659
2026-03-06 13:38:30,897 AUC of PRC = 0.8016
2026-03-06 13:38:30,898 min(+P, Se) = 0.7390
2026-03-06 13:38:30,898 f1_score = 0.7297
2026-03-06 13:38:30,898 Epoch 12: Train Loss 0.1129, Valid Loss 0.1025
2026-03-06 13:38:30,899 ----- Save best model - auprc: 0.8016 -----
2026-03-06 13:39:33,607 [[3637  101]
 [  78  217]]
2026-03-06 13:39:33,611 AUC of ROC = 0.9619
2026-03-06 13:39:33,612 AUC of PRC = 0.7830
2026-03-06 13:39:33,612 min(+P, Se) = 0.7085
2026-03-06 13:39:33,613 f1_score = 0.7080
2026-03-06 13:39:33,614 Epoch 13: Train Loss 0.1090, Valid Loss 0.1247
2026-03-06 13:40:36,209 [[3683   55]
 [ 106  189]]
2026-03-06 13:40:36,216 AUC of ROC = 0.9648
2026-03-06 13:40:36,216 AUC of PRC = 0.7885
2026-03-06 13:40:36,217 min(+P, Se) = 0.7186
2026-03-06 13:40:36,217 f1_score = 0.7013
2026-03-06 13:40:36,218 Epoch 14: Train Loss 0.1074, Valid Loss 0.1085
2026-03-06 13:41:39,007 [[3679   59]
 [  86  209]]
2026-03-06 13:41:39,012 AUC of ROC = 0.9653
2026-03-06 13:41:39,013 AUC of PRC = 0.7955
2026-03-06 13:41:39,013 min(+P, Se) = 0.7322
2026-03-06 13:41:39,013 f1_score = 0.7425
2026-03-06 13:41:39,014 Epoch 15: Train Loss 0.1081, Valid Loss 0.1072
2026-03-06 13:42:41,563 [[3662   76]
 [  73  222]]
2026-03-06 13:42:41,568 AUC of ROC = 0.9644
2026-03-06 13:42:41,568 AUC of PRC = 0.7969
2026-03-06 13:42:41,568 min(+P, Se) = 0.7322
2026-03-06 13:42:41,568 f1_score = 0.7487
2026-03-06 13:42:41,569 Epoch 16: Train Loss 0.1062, Valid Loss 0.1165
2026-03-06 13:43:44,168 [[3691   47]
 [  95  200]]
2026-03-06 13:43:44,172 AUC of ROC = 0.9649
2026-03-06 13:43:44,173 AUC of PRC = 0.7964
2026-03-06 13:43:44,173 min(+P, Se) = 0.7322
2026-03-06 13:43:44,174 f1_score = 0.7380
2026-03-06 13:43:44,174 Epoch 17: Train Loss 0.1046, Valid Loss 0.1016
2026-03-06 13:44:46,771 [[3661   77]
 [  74  221]]
2026-03-06 13:44:46,775 AUC of ROC = 0.9662
2026-03-06 13:44:46,775 AUC of PRC = 0.8091
2026-03-06 13:44:46,775 min(+P, Se) = 0.7458
2026-03-06 13:44:46,776 f1_score = 0.7454
2026-03-06 13:44:46,776 Epoch 18: Train Loss 0.1023, Valid Loss 0.1078
2026-03-06 13:44:46,781 ----- Save best model - auprc: 0.8091 -----
2026-03-06 13:45:49,465 [[3712   26]
 [ 127  168]]
2026-03-06 13:45:49,469 AUC of ROC = 0.9598
2026-03-06 13:45:49,469 AUC of PRC = 0.7902
2026-03-06 13:45:49,469 min(+P, Se) = 0.7458
2026-03-06 13:45:49,470 f1_score = 0.6871
2026-03-06 13:45:49,470 Epoch 19: Train Loss 0.1011, Valid Loss 0.1076
2026-03-06 13:46:52,763 [[3668   70]
 [  82  213]]
2026-03-06 13:46:52,767 AUC of ROC = 0.9629
2026-03-06 13:46:52,767 AUC of PRC = 0.7971
2026-03-06 13:46:52,768 min(+P, Se) = 0.7450
2026-03-06 13:46:52,768 f1_score = 0.7370
2026-03-06 13:46:52,768 Epoch 20: Train Loss 0.1015, Valid Loss 0.1091
2026-03-06 13:47:55,522 [[3659   79]
 [  62  233]]
2026-03-06 13:47:55,527 AUC of ROC = 0.9660
2026-03-06 13:47:55,527 AUC of PRC = 0.8012
2026-03-06 13:47:55,527 min(+P, Se) = 0.7559
2026-03-06 13:47:55,527 f1_score = 0.7677
2026-03-06 13:47:55,528 Epoch 21: Train Loss 0.0974, Valid Loss 0.1111
2026-03-06 13:48:58,284 [[3650   88]
 [  75  220]]
2026-03-06 13:48:58,288 AUC of ROC = 0.9675
2026-03-06 13:48:58,289 AUC of PRC = 0.7994
2026-03-06 13:48:58,289 min(+P, Se) = 0.7306
2026-03-06 13:48:58,289 f1_score = 0.7297
2026-03-06 13:48:58,290 Epoch 22: Train Loss 0.0974, Valid Loss 0.1078
2026-03-06 13:50:01,095 [[3695   43]
 [  98  197]]
2026-03-06 13:50:01,099 AUC of ROC = 0.9665
2026-03-06 13:50:01,099 AUC of PRC = 0.8010
2026-03-06 13:50:01,100 min(+P, Se) = 0.7356
2026-03-06 13:50:01,100 f1_score = 0.7364
2026-03-06 13:50:01,101 Epoch 23: Train Loss 0.0952, Valid Loss 0.1021
2026-03-06 13:51:00,241 [[3676   62]
 [  92  203]]
2026-03-06 13:51:00,243 AUC of ROC = 0.9649
2026-03-06 13:51:00,244 AUC of PRC = 0.7828
2026-03-06 13:51:00,244 min(+P, Se) = 0.7273
2026-03-06 13:51:00,244 f1_score = 0.7250
2026-03-06 13:51:00,244 Epoch 24: Train Loss 0.0935, Valid Loss 0.1073
2026-03-06 13:51:57,213 [[3682   56]
 [  89  206]]
2026-03-06 13:51:57,215 AUC of ROC = 0.9631
2026-03-06 13:51:57,215 AUC of PRC = 0.7909
2026-03-06 13:51:57,215 min(+P, Se) = 0.7466
2026-03-06 13:51:57,216 f1_score = 0.7397
2026-03-06 13:51:57,216 Epoch 25: Train Loss 0.0904, Valid Loss 0.1088
2026-03-06 13:51:57,232 last saved model is in epoch 18
2026-03-06 13:52:00,469 [[3674   78]
 [  62  220]]
2026-03-06 13:52:00,472 AUC of ROC = 0.9664
2026-03-06 13:52:00,472 AUC of PRC = 0.8403
2026-03-06 13:52:00,472 min(+P, Se) = 0.7695
2026-03-06 13:52:00,472 f1_score = 0.7586
2026-03-06 13:52:00,472 Test Loss 0.0974
