2026-04-15 10:18:47,850 {
    "dataset": "c12",
    "data_dropout": 0.0,
    "epochs": 25,
    "lr": 0.001,
    "d_model": 32,
    "seed": 3407,
    "batch_size": 64,
    "dropout": 0.1,
    "save_model": true,
    "save_dir": "./export/c12/smart-smile-lean-no-time-mnar/seed_3407",
    "local_rank": 0,
    "min_mask_ratio": 0.15,
    "max_mask_ratio": 0.75,
    "e_layers": 2,
    "n_heads": 4,
    "time_dim": 16,
    "use_film": false,
    "use_smile": false,
    "use_smile_film": false,
    "use_smile_v2": false,
    "use_smile_v2_film": false,
    "use_smile_lean": true,
    "use_smile_lean_samepretrain": false,
    "use_mnar": false,
    "save_last": true,
    "smile_no_mnar": false,
    "smile_no_curriculum": false,
    "smile_mask_type": "all",
    "smile_mnar_dropout": 0.05,
    "obs_density_window": 5,
    "abl_no_density": false,
    "abl_no_mnar_bias": false,
    "abl_no_film": false,
    "abl_no_time_mnar": true,
    "abl_no_time_pe": false,
    "pretrain_mask_mode": "fixed",
    "ratio_temperature": 1.0,
    "smile_stratified": false,
    "smile_mask_weights": null
}
2026-04-15 10:18:49,389 Dataset Loaded.
2026-04-15 10:18:49,390 system_groups: {'Vital_Invasive': 3, 'Blood_Gas': 4, 'Electrolyte': 5, 'Liver_Enzyme': 6, 'CBC': 3, 'Oxygenation': 3, 'Metabolic': 2}
2026-04-15 10:19:04,347 Epoch 1: Train Loss 4.9630, Valid Loss 1.8440, EMA Val 1.8440
2026-04-15 10:19:16,862 Epoch 2: Train Loss 1.7713, Valid Loss 1.1421, EMA Val 1.6335
2026-04-15 10:19:29,988 Epoch 3: Train Loss 1.1895, Valid Loss 0.7886, EMA Val 1.3800
2026-04-15 10:19:42,769 Epoch 4: Train Loss 0.9563, Valid Loss 0.6595, EMA Val 1.1638
2026-04-15 10:19:55,270 Epoch 5: Train Loss 0.8608, Valid Loss 0.6105, EMA Val 0.9978
2026-04-15 10:20:08,016 Epoch 6: Train Loss 0.7922, Valid Loss 0.6104, EMA Val 0.8816
2026-04-15 10:20:20,368 Epoch 7: Train Loss 0.7652, Valid Loss 0.5846, EMA Val 0.7925
2026-04-15 10:20:32,483 Epoch 8: Train Loss 0.7343, Valid Loss 0.5500, EMA Val 0.7198
2026-04-15 10:20:44,143 Epoch 9: Train Loss 0.7184, Valid Loss 0.5357, EMA Val 0.6645
2026-04-15 10:20:56,347 Epoch 10: Train Loss 0.6920, Valid Loss 0.5179, EMA Val 0.6205
2026-04-15 10:21:08,570 Epoch 11: Train Loss 0.6641, Valid Loss 0.5092, EMA Val 0.5871
2026-04-15 10:21:21,449 Epoch 12: Train Loss 0.6458, Valid Loss 0.5020, EMA Val 0.5616
2026-04-15 10:21:34,249 Epoch 13: Train Loss 0.6437, Valid Loss 0.4795, EMA Val 0.5370
2026-04-15 10:21:46,361 Epoch 14: Train Loss 0.5962, Valid Loss 0.4711, EMA Val 0.5172
2026-04-15 10:21:58,131 Epoch 15: Train Loss 0.5813, Valid Loss 0.4681, EMA Val 0.5025
2026-04-15 10:22:10,543 Epoch 16: Train Loss 0.5782, Valid Loss 0.4949, EMA Val 0.5002
2026-04-15 10:22:23,345 Epoch 17: Train Loss 0.5670, Valid Loss 0.4608, EMA Val 0.4884
2026-04-15 10:22:36,031 Epoch 18: Train Loss 0.5536, Valid Loss 0.4426, EMA Val 0.4747
2026-04-15 10:22:48,500 Epoch 19: Train Loss 0.5268, Valid Loss 0.4339, EMA Val 0.4624
2026-04-15 10:23:00,820 Epoch 20: Train Loss 0.5443, Valid Loss 0.4517, EMA Val 0.4592
2026-04-15 10:23:14,108 Epoch 21: Train Loss 0.5250, Valid Loss 0.4401, EMA Val 0.4535
2026-04-15 10:23:27,130 Epoch 22: Train Loss 0.4971, Valid Loss 0.4601, EMA Val 0.4555
2026-04-15 10:23:39,839 Epoch 23: Train Loss 0.5217, Valid Loss 0.4379, EMA Val 0.4502
2026-04-15 10:23:52,854 Epoch 24: Train Loss 0.5120, Valid Loss 0.4569, EMA Val 0.4522
2026-04-15 10:24:05,453 Epoch 25: Train Loss 0.4772, Valid Loss 0.4316, EMA Val 0.4460
2026-04-15 10:24:05,454 ----- Save last epoch model - L1: 0.4460 -----
2026-04-15 10:24:05,492 last saved model is in epoch 25
2026-04-15 10:24:06,596 Test Loss 0.4403
2026-04-15 10:24:12,045 {
    "dataset": "c12",
    "data_dropout": 0.0,
    "epochs": 25,
    "freeze_epochs": 5,
    "lr": 0.001,
    "d_model": 32,
    "seed": 3407,
    "batch_size": 64,
    "dropout": 0.1,
    "save_model": true,
    "save_dir": "./export/c12/smart-smile-lean-no-time-mnar/seed_3407",
    "pretrain_dir": null,
    "local_rank": 0,
    "e_layers": 2,
    "n_heads": 4,
    "time_dim": 16,
    "use_film": false,
    "use_smile": false,
    "use_smile_film": false,
    "use_mnar": false,
    "use_smile_v2": false,
    "use_smile_v2_film": false,
    "use_smile_lean": true,
    "use_smile_lean_samepretrain": false,
    "obs_density_window": 5,
    "abl_no_density": false,
    "abl_no_mnar_bias": false,
    "abl_no_film": false,
    "abl_no_time_mnar": true,
    "abl_no_time_pe": false,
    "smile_no_mnar": false,
    "smile_no_curriculum": false,
    "smile_mask_type": "all",
    "smile_mnar_dropout": 0.05,
    "smile_mnar_dropout_initial": 0.0,
    "smile_stratified": false
}
2026-04-15 10:24:13,812 Dataset Loaded.
2026-04-15 10:24:15,865 Class weights: [0.5820587277412415, 3.546597719192505]
2026-04-15 10:24:15,878 last saved model is in epoch 25
2026-04-15 10:24:25,379 [[587 447]
 [ 18 146]]
2026-04-15 10:24:25,384 AUC of ROC = 0.8021
2026-04-15 10:24:25,384 AUC of PRC = 0.3431
2026-04-15 10:24:25,384 min(+P, Se) = 0.4121
2026-04-15 10:24:25,384 f1_score = 0.4458 (threshold = 0.6942)
2026-04-15 10:24:25,385 Epoch 1: Train Loss 0.6473, Valid Loss 0.5891
2026-04-15 10:24:25,385 ----- Save best model - auprc: 0.3431 -----
2026-04-15 10:24:34,845 [[736 298]
 [ 32 132]]
2026-04-15 10:24:34,849 AUC of ROC = 0.8094
2026-04-15 10:24:34,849 AUC of PRC = 0.3564
2026-04-15 10:24:34,849 min(+P, Se) = 0.4132
2026-04-15 10:24:34,850 f1_score = 0.4577 (threshold = 0.4528)
2026-04-15 10:24:34,850 Epoch 2: Train Loss 0.6000, Valid Loss 0.5275
2026-04-15 10:24:34,854 ----- Save best model - auprc: 0.3564 -----
2026-04-15 10:24:44,840 [[765 269]
 [ 34 130]]
2026-04-15 10:24:44,845 AUC of ROC = 0.8200
2026-04-15 10:24:44,845 AUC of PRC = 0.3707
2026-04-15 10:24:44,846 min(+P, Se) = 0.4162
2026-04-15 10:24:44,846 f1_score = 0.4686 (threshold = 0.0470)
2026-04-15 10:24:44,846 Epoch 3: Train Loss 0.6104, Valid Loss 0.5134
2026-04-15 10:24:44,847 ----- Save best model - auprc: 0.3707 -----
2026-04-15 10:24:54,821 [[710 324]
 [ 27 137]]
2026-04-15 10:24:54,826 AUC of ROC = 0.8251
2026-04-15 10:24:54,826 AUC of PRC = 0.3822
2026-04-15 10:24:54,826 min(+P, Se) = 0.4096
2026-04-15 10:24:54,826 f1_score = 0.4798 (threshold = 0.2216)
2026-04-15 10:24:54,827 Epoch 4: Train Loss 0.5784, Valid Loss 0.5186
2026-04-15 10:24:54,827 ----- Save best model - auprc: 0.3822 -----
2026-04-15 10:25:05,209 [[845 189]
 [ 63 101]]
2026-04-15 10:25:05,214 AUC of ROC = 0.8247
2026-04-15 10:25:05,214 AUC of PRC = 0.3925
2026-04-15 10:25:05,215 min(+P, Se) = 0.4268
2026-04-15 10:25:05,215 f1_score = 0.4679 (threshold = 0.0267)
2026-04-15 10:25:05,215 Epoch 5: Train Loss 0.5998, Valid Loss 0.5149
2026-04-15 10:25:05,216 ----- Save best model - auprc: 0.3925 -----
2026-04-15 10:25:16,576 [[912 122]
 [ 72  92]]
2026-04-15 10:25:16,581 AUC of ROC = 0.8417
2026-04-15 10:25:16,582 AUC of PRC = 0.4937
2026-04-15 10:25:16,582 min(+P, Se) = 0.4804
2026-04-15 10:25:16,582 f1_score = 0.5015 (threshold = -0.0277)
2026-04-15 10:25:16,582 Epoch 6: Train Loss 0.5505, Valid Loss 0.5261
2026-04-15 10:25:16,583 ----- Save best model - auprc: 0.4937 -----
2026-04-15 10:25:28,157 [[598 436]
 [  8 156]]
2026-04-15 10:25:28,163 AUC of ROC = 0.8613
2026-04-15 10:25:28,163 AUC of PRC = 0.5207
2026-04-15 10:25:28,163 min(+P, Se) = 0.4939
2026-04-15 10:25:28,163 f1_score = 0.5254 (threshold = 0.6572)
2026-04-15 10:25:28,164 Epoch 7: Train Loss 0.5129, Valid Loss 0.5335
2026-04-15 10:25:28,165 ----- Save best model - auprc: 0.5207 -----
2026-04-15 10:25:38,902 [[853 181]
 [ 43 121]]
2026-04-15 10:25:38,906 AUC of ROC = 0.8660
2026-04-15 10:25:38,906 AUC of PRC = 0.5302
2026-04-15 10:25:38,906 min(+P, Se) = 0.5305
2026-04-15 10:25:38,907 f1_score = 0.5342 (threshold = 0.3059)
2026-04-15 10:25:38,907 Epoch 8: Train Loss 0.5059, Valid Loss 0.4477
2026-04-15 10:25:38,908 ----- Save best model - auprc: 0.5302 -----
2026-04-15 10:25:50,538 [[757 277]
 [ 23 141]]
2026-04-15 10:25:50,542 AUC of ROC = 0.8694
2026-04-15 10:25:50,542 AUC of PRC = 0.5370
2026-04-15 10:25:50,543 min(+P, Se) = 0.5366
2026-04-15 10:25:50,543 f1_score = 0.5511 (threshold = 0.6274)
2026-04-15 10:25:50,543 Epoch 9: Train Loss 0.4960, Valid Loss 0.4536
2026-04-15 10:25:50,544 ----- Save best model - auprc: 0.5370 -----
2026-04-15 10:26:01,508 [[798 236]
 [ 29 135]]
2026-04-15 10:26:01,512 AUC of ROC = 0.8761
2026-04-15 10:26:01,513 AUC of PRC = 0.5481
2026-04-15 10:26:01,513 min(+P, Se) = 0.5366
2026-04-15 10:26:01,513 f1_score = 0.5497 (threshold = 0.6874)
2026-04-15 10:26:01,514 Epoch 10: Train Loss 0.4916, Valid Loss 0.4316
2026-04-15 10:26:01,514 ----- Save best model - auprc: 0.5481 -----
2026-04-15 10:26:13,367 [[885 149]
 [ 47 117]]
2026-04-15 10:26:13,373 AUC of ROC = 0.8747
2026-04-15 10:26:13,373 AUC of PRC = 0.5456
2026-04-15 10:26:13,373 min(+P, Se) = 0.5385
2026-04-15 10:26:13,374 f1_score = 0.5493 (threshold = 0.2791)
2026-04-15 10:26:13,374 Epoch 11: Train Loss 0.4797, Valid Loss 0.4425
2026-04-15 10:26:24,706 [[809 225]
 [ 34 130]]
2026-04-15 10:26:24,710 AUC of ROC = 0.8719
2026-04-15 10:26:24,711 AUC of PRC = 0.5476
2026-04-15 10:26:24,711 min(+P, Se) = 0.5298
2026-04-15 10:26:24,711 f1_score = 0.5429 (threshold = 0.3992)
2026-04-15 10:26:24,712 Epoch 12: Train Loss 0.4808, Valid Loss 0.4373
2026-04-15 10:26:36,177 [[651 383]
 [ 12 152]]
2026-04-15 10:26:36,182 AUC of ROC = 0.8766
2026-04-15 10:26:36,183 AUC of PRC = 0.5517
2026-04-15 10:26:36,183 min(+P, Se) = 0.5412
2026-04-15 10:26:36,183 f1_score = 0.5543 (threshold = 0.9116)
2026-04-15 10:26:36,183 Epoch 13: Train Loss 0.4716, Valid Loss 0.4872
2026-04-15 10:26:36,184 ----- Save best model - auprc: 0.5517 -----
2026-04-15 10:26:47,819 [[789 245]
 [ 28 136]]
2026-04-15 10:26:47,823 AUC of ROC = 0.8736
2026-04-15 10:26:47,823 AUC of PRC = 0.5466
2026-04-15 10:26:47,824 min(+P, Se) = 0.5366
2026-04-15 10:26:47,824 f1_score = 0.5508 (threshold = 0.6421)
2026-04-15 10:26:47,824 Epoch 14: Train Loss 0.4699, Valid Loss 0.4363
2026-04-15 10:26:59,302 [[927 107]
 [ 63 101]]
2026-04-15 10:26:59,306 AUC of ROC = 0.8763
2026-04-15 10:26:59,306 AUC of PRC = 0.5606
2026-04-15 10:26:59,306 min(+P, Se) = 0.5394
2026-04-15 10:26:59,307 f1_score = 0.5510 (threshold = -0.0128)
2026-04-15 10:26:59,307 Epoch 15: Train Loss 0.4676, Valid Loss 0.4680
2026-04-15 10:26:59,307 ----- Save best model - auprc: 0.5606 -----
2026-04-15 10:27:11,080 [[812 222]
 [ 28 136]]
2026-04-15 10:27:11,084 AUC of ROC = 0.8785
2026-04-15 10:27:11,084 AUC of PRC = 0.5607
2026-04-15 10:27:11,084 min(+P, Se) = 0.5385
2026-04-15 10:27:11,085 f1_score = 0.5503 (threshold = 0.5413)
2026-04-15 10:27:11,085 Epoch 16: Train Loss 0.4692, Valid Loss 0.4263
2026-04-15 10:27:11,085 ----- Save best model - auprc: 0.5607 -----
2026-04-15 10:27:22,768 [[852 182]
 [ 33 131]]
2026-04-15 10:27:22,773 AUC of ROC = 0.8773
2026-04-15 10:27:22,773 AUC of PRC = 0.5536
2026-04-15 10:27:22,773 min(+P, Se) = 0.5366
2026-04-15 10:27:22,773 f1_score = 0.5496 (threshold = 0.3656)
2026-04-15 10:27:22,774 Epoch 17: Train Loss 0.4581, Valid Loss 0.4266
2026-04-15 10:27:34,846 [[747 287]
 [ 25 139]]
2026-04-15 10:27:34,851 AUC of ROC = 0.8718
2026-04-15 10:27:34,851 AUC of PRC = 0.5532
2026-04-15 10:27:34,851 min(+P, Se) = 0.5476
2026-04-15 10:27:34,851 f1_score = 0.5595 (threshold = 0.7687)
2026-04-15 10:27:34,852 Epoch 18: Train Loss 0.4618, Valid Loss 0.4522
2026-04-15 10:27:46,358 [[843 191]
 [ 32 132]]
2026-04-15 10:27:46,362 AUC of ROC = 0.8791
2026-04-15 10:27:46,362 AUC of PRC = 0.5587
2026-04-15 10:27:46,362 min(+P, Se) = 0.5380
2026-04-15 10:27:46,362 f1_score = 0.5591 (threshold = 0.3126)
2026-04-15 10:27:46,363 Epoch 19: Train Loss 0.4563, Valid Loss 0.4235
2026-04-15 10:27:58,138 [[822 212]
 [ 28 136]]
2026-04-15 10:27:58,143 AUC of ROC = 0.8790
2026-04-15 10:27:58,143 AUC of PRC = 0.5635
2026-04-15 10:27:58,143 min(+P, Se) = 0.5427
2026-04-15 10:27:58,143 f1_score = 0.5572 (threshold = 0.4096)
2026-04-15 10:27:58,144 Epoch 20: Train Loss 0.4492, Valid Loss 0.4226
2026-04-15 10:27:58,145 ----- Save best model - auprc: 0.5635 -----
2026-04-15 10:28:09,708 [[780 254]
 [ 28 136]]
2026-04-15 10:28:09,712 AUC of ROC = 0.8766
2026-04-15 10:28:09,712 AUC of PRC = 0.5575
2026-04-15 10:28:09,713 min(+P, Se) = 0.5307
2026-04-15 10:28:09,713 f1_score = 0.5641 (threshold = 0.5315)
2026-04-15 10:28:09,713 Epoch 21: Train Loss 0.4501, Valid Loss 0.4311
2026-04-15 10:28:21,177 [[815 219]
 [ 28 136]]
2026-04-15 10:28:21,181 AUC of ROC = 0.8769
2026-04-15 10:28:21,181 AUC of PRC = 0.5593
2026-04-15 10:28:21,181 min(+P, Se) = 0.5385
2026-04-15 10:28:21,182 f1_score = 0.5591 (threshold = 0.4813)
2026-04-15 10:28:21,182 Epoch 22: Train Loss 0.4433, Valid Loss 0.4258
2026-04-15 10:28:32,373 [[801 233]
 [ 28 136]]
2026-04-15 10:28:32,377 AUC of ROC = 0.8768
2026-04-15 10:28:32,377 AUC of PRC = 0.5600
2026-04-15 10:28:32,378 min(+P, Se) = 0.5439
2026-04-15 10:28:32,378 f1_score = 0.5656 (threshold = 0.5128)
2026-04-15 10:28:32,378 Epoch 23: Train Loss 0.4434, Valid Loss 0.4262
2026-04-15 10:28:43,389 [[783 251]
 [ 28 136]]
2026-04-15 10:28:43,393 AUC of ROC = 0.8766
2026-04-15 10:28:43,393 AUC of PRC = 0.5585
2026-04-15 10:28:43,393 min(+P, Se) = 0.5439
2026-04-15 10:28:43,394 f1_score = 0.5632 (threshold = 0.5435)
2026-04-15 10:28:43,394 Epoch 24: Train Loss 0.4445, Valid Loss 0.4297
2026-04-15 10:28:54,849 [[809 225]
 [ 28 136]]
2026-04-15 10:28:54,853 AUC of ROC = 0.8761
2026-04-15 10:28:54,853 AUC of PRC = 0.5574
2026-04-15 10:28:54,853 min(+P, Se) = 0.5412
2026-04-15 10:28:54,853 f1_score = 0.5571 (threshold = 0.4391)
2026-04-15 10:28:54,854 Epoch 25: Train Loss 0.4379, Valid Loss 0.4256
2026-04-15 10:28:54,861 last saved model is in epoch 20
2026-04-15 10:28:55,935 [[811 198]
 [ 47 144]]
2026-04-15 10:28:55,942 AUC of ROC = 0.8543
2026-04-15 10:28:55,942 AUC of PRC = 0.5747
2026-04-15 10:28:55,942 min(+P, Se) = 0.5417
2026-04-15 10:28:55,943 f1_score = 0.5728 (threshold = 0.2021)
2026-04-15 10:28:55,943 Test Loss 0.4802
