2026-03-09 23:44:00,420 {
    "dataset": "c19",
    "data_dropout": 0.0,
    "epochs": 25,
    "lr": 0.001,
    "d_model": 32,
    "seed": 1,
    "batch_size": 64,
    "dropout": 0.1,
    "save_model": true,
    "save_dir": "./export/c19\\smart-smile-v2-film\\seed_1",
    "local_rank": 0,
    "min_mask_ratio": 0.0,
    "max_mask_ratio": 0.75,
    "e_layers": 2,
    "n_heads": 4,
    "time_dim": 16,
    "use_film": false,
    "use_smile": false,
    "use_smile_film": false,
    "use_smile_v2": false,
    "use_smile_v2_film": true,
    "use_mnar": false,
    "save_last": true,
    "smile_no_mnar": false,
    "smile_no_curriculum": false,
    "smile_mask_type": "all",
    "smile_mnar_dropout": 0.05
}
2026-03-09 23:44:04,217 Dataset Loaded.
2026-03-09 23:46:16,814 Epoch 1: Train Loss 0.1095, Valid Loss 0.0324
2026-03-09 23:48:27,892 Epoch 2: Train Loss 0.0696, Valid Loss 0.0288
2026-03-09 23:50:38,478 Epoch 3: Train Loss 0.0578, Valid Loss 0.0253
2026-03-09 23:52:50,477 Epoch 4: Train Loss 0.0538, Valid Loss 0.0246
2026-03-09 23:55:03,395 Epoch 5: Train Loss 0.0532, Valid Loss 0.0242
2026-03-09 23:57:15,619 Epoch 6: Train Loss 0.0524, Valid Loss 0.0228
2026-03-09 23:59:29,588 Epoch 7: Train Loss 0.0501, Valid Loss 0.0211
2026-03-10 00:01:43,817 Epoch 8: Train Loss 0.0474, Valid Loss 0.0198
2026-03-10 00:03:57,061 Epoch 9: Train Loss 0.0457, Valid Loss 0.0194
2026-03-10 00:06:11,971 Epoch 10: Train Loss 0.0461, Valid Loss 0.0188
2026-03-10 00:08:25,756 Epoch 11: Train Loss 0.0460, Valid Loss 0.0178
2026-03-10 00:10:39,169 Epoch 12: Train Loss 0.0469, Valid Loss 0.0191
2026-03-10 00:12:51,302 Epoch 13: Train Loss 0.0475, Valid Loss 0.0186
2026-03-10 00:15:03,440 Epoch 14: Train Loss 0.0482, Valid Loss 0.0189
2026-03-10 00:17:15,936 Epoch 15: Train Loss 0.0494, Valid Loss 0.0195
2026-03-10 00:19:27,726 Epoch 16: Train Loss 0.0502, Valid Loss 0.0203
2026-03-10 00:21:42,081 Epoch 17: Train Loss 0.0514, Valid Loss 0.0210
2026-03-10 00:23:55,222 Epoch 18: Train Loss 0.0532, Valid Loss 0.0209
2026-03-10 00:26:10,164 Epoch 19: Train Loss 0.0541, Valid Loss 0.0209
2026-03-10 00:28:23,041 Epoch 20: Train Loss 0.0551, Valid Loss 0.0215
2026-03-10 00:30:37,417 Epoch 21: Train Loss 0.0562, Valid Loss 0.0226
2026-03-10 00:32:50,851 Epoch 22: Train Loss 0.0570, Valid Loss 0.0235
2026-03-10 00:35:04,029 Epoch 23: Train Loss 0.0577, Valid Loss 0.0228
2026-03-10 00:37:17,202 Epoch 24: Train Loss 0.0584, Valid Loss 0.0238
2026-03-10 00:39:29,178 Epoch 25: Train Loss 0.0593, Valid Loss 0.0239
2026-03-10 00:39:29,180 ----- Save last epoch model - L1: 0.0239 -----
2026-03-10 00:39:29,236 last saved model is in epoch 25
2026-03-10 00:39:38,578 Test Loss 0.0243
2026-03-10 00:39:48,568 {
    "dataset": "c19",
    "data_dropout": 0.0,
    "epochs": 25,
    "freeze_epochs": 5,
    "lr": 0.001,
    "d_model": 32,
    "seed": 1,
    "batch_size": 64,
    "dropout": 0.1,
    "save_model": true,
    "save_dir": "./export/c19\\smart-smile-v2-film\\seed_1",
    "local_rank": 0,
    "e_layers": 2,
    "n_heads": 4,
    "time_dim": 16,
    "use_film": false,
    "use_smile": false,
    "use_smile_film": false,
    "use_mnar": false,
    "use_smile_v2": false,
    "use_smile_v2_film": true,
    "obs_density_window": 5,
    "smile_no_mnar": false,
    "smile_no_curriculum": false,
    "smile_mask_type": "all",
    "smile_mnar_dropout": 0.05,
    "smile_mnar_dropout_initial": 0.0
}
2026-03-10 00:39:53,666 Dataset Loaded.
2026-03-10 00:39:55,020 Class weights: [0.5392019152641296, 6.877237796783447]
2026-03-10 00:39:55,038 last saved model is in epoch 25
2026-03-10 00:40:42,436 [[3006  717]
 [  69  241]]
2026-03-10 00:40:42,445 AUC of ROC = 0.8697
2026-03-10 00:40:42,445 AUC of PRC = 0.4160
2026-03-10 00:40:42,445 min(+P, Se) = 0.4497
2026-03-10 00:40:42,446 f1_score = 0.4585 (threshold = 0.5862)
2026-03-10 00:40:42,446 Epoch 1: Train Loss 0.5501, Valid Loss 0.4612
2026-03-10 00:40:42,447 ----- Save best model - auprc: 0.4160 -----
2026-03-10 00:41:29,036 [[3121  602]
 [  66  244]]
2026-03-10 00:41:29,041 AUC of ROC = 0.8851
2026-03-10 00:41:29,041 AUC of PRC = 0.4880
2026-03-10 00:41:29,041 min(+P, Se) = 0.5016
2026-03-10 00:41:29,042 f1_score = 0.5101 (threshold = 0.7427)
2026-03-10 00:41:29,042 Epoch 2: Train Loss 0.4620, Valid Loss 0.4289
2026-03-10 00:41:29,043 ----- Save best model - auprc: 0.4880 -----
2026-03-10 00:42:16,198 [[3229  494]
 [  77  233]]
2026-03-10 00:42:16,203 AUC of ROC = 0.8873
2026-03-10 00:42:16,203 AUC of PRC = 0.5248
2026-03-10 00:42:16,203 min(+P, Se) = 0.5209
2026-03-10 00:42:16,204 f1_score = 0.5254 (threshold = 0.5157)
2026-03-10 00:42:16,204 Epoch 3: Train Loss 0.4400, Valid Loss 0.4189
2026-03-10 00:42:16,205 ----- Save best model - auprc: 0.5248 -----
2026-03-10 00:43:03,212 [[3130  593]
 [  68  242]]
2026-03-10 00:43:03,217 AUC of ROC = 0.8899
2026-03-10 00:43:03,217 AUC of PRC = 0.5136
2026-03-10 00:43:03,217 min(+P, Se) = 0.5000
2026-03-10 00:43:03,217 f1_score = 0.5103 (threshold = 0.5169)
2026-03-10 00:43:03,218 Epoch 4: Train Loss 0.4230, Valid Loss 0.4183
2026-03-10 00:43:50,349 [[2571 1152]
 [  30  280]]
2026-03-10 00:43:50,353 AUC of ROC = 0.8817
2026-03-10 00:43:50,354 AUC of PRC = 0.4854
2026-03-10 00:43:50,354 min(+P, Se) = 0.4476
2026-03-10 00:43:50,354 f1_score = 0.4668 (threshold = 1.0795)
2026-03-10 00:43:50,355 Epoch 5: Train Loss 0.4216, Valid Loss 0.4979
2026-03-10 00:45:21,454 [[3065  658]
 [  46  264]]
2026-03-10 00:45:21,459 AUC of ROC = 0.9208
2026-03-10 00:45:21,459 AUC of PRC = 0.6404
2026-03-10 00:45:21,460 min(+P, Se) = 0.6355
2026-03-10 00:45:21,460 f1_score = 0.6375 (threshold = 1.2876)
2026-03-10 00:45:21,460 Epoch 6: Train Loss 0.3923, Valid Loss 0.3597
2026-03-10 00:45:21,461 ----- Save best model - auprc: 0.6404 -----
2026-03-10 00:46:52,796 [[3565  158]
 [  97  213]]
2026-03-10 00:46:52,800 AUC of ROC = 0.9287
2026-03-10 00:46:52,800 AUC of PRC = 0.6551
2026-03-10 00:46:52,801 min(+P, Se) = 0.6463
2026-03-10 00:46:52,801 f1_score = 0.6533 (threshold = 0.4884)
2026-03-10 00:46:52,802 Epoch 7: Train Loss 0.3260, Valid Loss 0.4199
2026-03-10 00:46:52,803 ----- Save best model - auprc: 0.6551 -----
2026-03-10 00:48:23,975 [[3415  308]
 [  59  251]]
2026-03-10 00:48:23,979 AUC of ROC = 0.9379
2026-03-10 00:48:23,979 AUC of PRC = 0.6609
2026-03-10 00:48:23,979 min(+P, Se) = 0.6387
2026-03-10 00:48:23,980 f1_score = 0.6439 (threshold = 0.4758)
2026-03-10 00:48:23,980 Epoch 8: Train Loss 0.2999, Valid Loss 0.3239
2026-03-10 00:48:23,981 ----- Save best model - auprc: 0.6609 -----
2026-03-10 00:49:55,438 [[3437  286]
 [  54  256]]
2026-03-10 00:49:55,442 AUC of ROC = 0.9487
2026-03-10 00:49:55,443 AUC of PRC = 0.7013
2026-03-10 00:49:55,443 min(+P, Se) = 0.6677
2026-03-10 00:49:55,443 f1_score = 0.6709 (threshold = 0.7298)
2026-03-10 00:49:55,444 Epoch 9: Train Loss 0.2809, Valid Loss 0.2878
2026-03-10 00:49:55,444 ----- Save best model - auprc: 0.7013 -----
2026-03-10 00:51:27,899 [[3433  290]
 [  52  258]]
2026-03-10 00:51:27,903 AUC of ROC = 0.9472
2026-03-10 00:51:27,904 AUC of PRC = 0.7272
2026-03-10 00:51:27,904 min(+P, Se) = 0.6774
2026-03-10 00:51:27,904 f1_score = 0.6853 (threshold = 0.9763)
2026-03-10 00:51:27,905 Epoch 10: Train Loss 0.2671, Valid Loss 0.2921
2026-03-10 00:51:27,906 ----- Save best model - auprc: 0.7272 -----
2026-03-10 00:53:00,412 [[3491  232]
 [  72  238]]
2026-03-10 00:53:00,416 AUC of ROC = 0.9460
2026-03-10 00:53:00,417 AUC of PRC = 0.7238
2026-03-10 00:53:00,417 min(+P, Se) = 0.6710
2026-03-10 00:53:00,418 f1_score = 0.6857 (threshold = 0.7350)
2026-03-10 00:53:00,418 Epoch 11: Train Loss 0.2554, Valid Loss 0.3650
2026-03-10 00:54:33,297 [[3273  450]
 [  41  269]]
2026-03-10 00:54:33,303 AUC of ROC = 0.9440
2026-03-10 00:54:33,303 AUC of PRC = 0.7293
2026-03-10 00:54:33,304 min(+P, Se) = 0.6871
2026-03-10 00:54:33,304 f1_score = 0.6949 (threshold = 1.2320)
2026-03-10 00:54:33,304 Epoch 12: Train Loss 0.2429, Valid Loss 0.2981
2026-03-10 00:54:33,308 ----- Save best model - auprc: 0.7293 -----
2026-03-10 00:56:05,709 [[3516  207]
 [  71  239]]
2026-03-10 00:56:05,713 AUC of ROC = 0.9487
2026-03-10 00:56:05,714 AUC of PRC = 0.7204
2026-03-10 00:56:05,714 min(+P, Se) = 0.6881
2026-03-10 00:56:05,714 f1_score = 0.7012 (threshold = 0.7931)
2026-03-10 00:56:05,715 Epoch 13: Train Loss 0.2332, Valid Loss 0.3281
2026-03-10 00:57:37,438 [[3251  472]
 [  30  280]]
2026-03-10 00:57:37,443 AUC of ROC = 0.9525
2026-03-10 00:57:37,443 AUC of PRC = 0.7445
2026-03-10 00:57:37,444 min(+P, Se) = 0.7010
2026-03-10 00:57:37,444 f1_score = 0.7048 (threshold = 1.4910)
2026-03-10 00:57:37,445 Epoch 14: Train Loss 0.2217, Valid Loss 0.2802
2026-03-10 00:57:37,446 ----- Save best model - auprc: 0.7445 -----
2026-03-10 00:59:10,058 [[3498  225]
 [  60  250]]
2026-03-10 00:59:10,062 AUC of ROC = 0.9513
2026-03-10 00:59:10,063 AUC of PRC = 0.7509
2026-03-10 00:59:10,063 min(+P, Se) = 0.6977
2026-03-10 00:59:10,063 f1_score = 0.7039 (threshold = 0.9571)
2026-03-10 00:59:10,064 Epoch 15: Train Loss 0.2046, Valid Loss 0.3042
2026-03-10 00:59:10,065 ----- Save best model - auprc: 0.7509 -----
2026-03-10 01:00:42,755 [[3474  249]
 [  56  254]]
2026-03-10 01:00:42,759 AUC of ROC = 0.9500
2026-03-10 01:00:42,759 AUC of PRC = 0.7381
2026-03-10 01:00:42,760 min(+P, Se) = 0.6871
2026-03-10 01:00:42,760 f1_score = 0.6979 (threshold = 1.1896)
2026-03-10 01:00:42,761 Epoch 16: Train Loss 0.1928, Valid Loss 0.3035
2026-03-10 01:02:14,419 [[3395  328]
 [  50  260]]
2026-03-10 01:02:14,423 AUC of ROC = 0.9510
2026-03-10 01:02:14,423 AUC of PRC = 0.7403
2026-03-10 01:02:14,424 min(+P, Se) = 0.6903
2026-03-10 01:02:14,424 f1_score = 0.6997 (threshold = 1.0158)
2026-03-10 01:02:14,424 Epoch 17: Train Loss 0.1812, Valid Loss 0.2837
2026-03-10 01:03:45,537 [[3441  282]
 [  54  256]]
2026-03-10 01:03:45,541 AUC of ROC = 0.9544
2026-03-10 01:03:45,542 AUC of PRC = 0.7651
2026-03-10 01:03:45,542 min(+P, Se) = 0.7129
2026-03-10 01:03:45,543 f1_score = 0.7249 (threshold = 1.2991)
2026-03-10 01:03:45,543 Epoch 18: Train Loss 0.1653, Valid Loss 0.2949
2026-03-10 01:03:45,544 ----- Save best model - auprc: 0.7651 -----
2026-03-10 01:05:16,897 [[3524  199]
 [  64  246]]
2026-03-10 01:05:16,901 AUC of ROC = 0.9523
2026-03-10 01:05:16,901 AUC of PRC = 0.7588
2026-03-10 01:05:16,902 min(+P, Se) = 0.7083
2026-03-10 01:05:16,902 f1_score = 0.7134 (threshold = 0.8874)
2026-03-10 01:05:16,903 Epoch 19: Train Loss 0.1569, Valid Loss 0.3389
2026-03-10 01:06:49,861 [[3453  270]
 [  59  251]]
2026-03-10 01:06:49,865 AUC of ROC = 0.9485
2026-03-10 01:06:49,865 AUC of PRC = 0.7478
2026-03-10 01:06:49,865 min(+P, Se) = 0.6903
2026-03-10 01:06:49,866 f1_score = 0.7045 (threshold = 1.3183)
2026-03-10 01:06:49,866 Epoch 20: Train Loss 0.1507, Valid Loss 0.3365
2026-03-10 01:08:20,282 [[3473  250]
 [  63  247]]
2026-03-10 01:08:20,286 AUC of ROC = 0.9491
2026-03-10 01:08:20,287 AUC of PRC = 0.7520
2026-03-10 01:08:20,287 min(+P, Se) = 0.6955
2026-03-10 01:08:20,288 f1_score = 0.7130 (threshold = 1.3111)
2026-03-10 01:08:20,288 Epoch 21: Train Loss 0.1384, Valid Loss 0.3466
2026-03-10 01:09:52,343 [[3450  273]
 [  60  250]]
2026-03-10 01:09:52,348 AUC of ROC = 0.9473
2026-03-10 01:09:52,348 AUC of PRC = 0.7504
2026-03-10 01:09:52,348 min(+P, Se) = 0.7042
2026-03-10 01:09:52,348 f1_score = 0.7071 (threshold = 1.3056)
2026-03-10 01:09:52,349 Epoch 22: Train Loss 0.1286, Valid Loss 0.3525
2026-03-10 01:11:24,984 [[3478  245]
 [  63  247]]
2026-03-10 01:11:24,989 AUC of ROC = 0.9485
2026-03-10 01:11:24,990 AUC of PRC = 0.7529
2026-03-10 01:11:24,990 min(+P, Se) = 0.7000
2026-03-10 01:11:24,990 f1_score = 0.7074 (threshold = 1.1218)
2026-03-10 01:11:24,991 Epoch 23: Train Loss 0.1256, Valid Loss 0.3537
2026-03-10 01:12:58,657 [[3523  200]
 [  69  241]]
2026-03-10 01:12:58,662 AUC of ROC = 0.9488
2026-03-10 01:12:58,662 AUC of PRC = 0.7576
2026-03-10 01:12:58,662 min(+P, Se) = 0.7032
2026-03-10 01:12:58,663 f1_score = 0.7199 (threshold = 1.0832)
2026-03-10 01:12:58,663 Epoch 24: Train Loss 0.1232, Valid Loss 0.3824
2026-03-10 01:14:30,245 [[3524  199]
 [  70  240]]
2026-03-10 01:14:30,250 AUC of ROC = 0.9484
2026-03-10 01:14:30,250 AUC of PRC = 0.7573
2026-03-10 01:14:30,250 min(+P, Se) = 0.7042
2026-03-10 01:14:30,251 f1_score = 0.7220 (threshold = 1.0913)
2026-03-10 01:14:30,251 Epoch 25: Train Loss 0.1208, Valid Loss 0.3867
2026-03-10 01:14:30,268 last saved model is in epoch 18
2026-03-10 01:14:35,291 [[3452  306]
 [  49  227]]
2026-03-10 01:14:35,295 AUC of ROC = 0.9439
2026-03-10 01:14:35,295 AUC of PRC = 0.7378
2026-03-10 01:14:35,295 min(+P, Se) = 0.6931
2026-03-10 01:14:35,296 f1_score = 0.7045 (threshold = 1.5402)
2026-03-10 01:14:35,296 Test Loss 0.3177
