2026-02-24 04:44:41,131 {
    "dataset": "c19",
    "data_dropout": 0.0,
    "epochs": 25,
    "lr": 0.001,
    "d_model": 32,
    "seed": 3407,
    "batch_size": 64,
    "dropout": 0.1,
    "save_model": true,
    "save_dir": "./export/c19/smart-film/seed_3407",
    "local_rank": 0,
    "min_mask_ratio": 0.0,
    "max_mask_ratio": 0.75,
    "e_layers": 2,
    "n_heads": 4,
    "time_dim": 16,
    "use_film": true
}
2026-02-24 04:44:58,232 Dataset Loaded.
2026-02-24 04:46:20,253 Epoch 1: Train Loss 0.1096, Valid Loss 0.0265
2026-02-24 04:46:20,254 ----- Save best model - L1: 0.0265 -----
2026-02-24 04:47:41,450 Epoch 2: Train Loss 0.0643, Valid Loss 0.0236
2026-02-24 04:47:41,451 ----- Save best model - L1: 0.0236 -----
2026-02-24 04:49:03,719 Epoch 3: Train Loss 0.0546, Valid Loss 0.0235
2026-02-24 04:49:03,721 ----- Save best model - L1: 0.0235 -----
2026-02-24 04:50:25,357 Epoch 4: Train Loss 0.0521, Valid Loss 0.0256
2026-02-24 04:51:46,730 Epoch 5: Train Loss 0.0529, Valid Loss 0.0270
2026-02-24 04:53:08,193 Epoch 6: Train Loss 0.0531, Valid Loss 0.0268
2026-02-24 04:54:29,580 Epoch 7: Train Loss 0.0519, Valid Loss 0.0260
2026-02-24 04:55:50,971 Epoch 8: Train Loss 0.0508, Valid Loss 0.0253
2026-02-24 04:57:12,598 Epoch 9: Train Loss 0.0499, Valid Loss 0.0239
2026-02-24 04:58:34,026 Epoch 10: Train Loss 0.0484, Valid Loss 0.0233
2026-02-24 04:58:34,027 ----- Save best model - L1: 0.0233 -----
2026-02-24 04:59:55,656 Epoch 11: Train Loss 0.0475, Valid Loss 0.0215
2026-02-24 04:59:55,657 ----- Save best model - L1: 0.0215 -----
2026-02-24 05:01:17,098 Epoch 12: Train Loss 0.0471, Valid Loss 0.0219
2026-02-24 05:02:38,615 Epoch 13: Train Loss 0.0475, Valid Loss 0.0215
2026-02-24 05:04:00,662 Epoch 14: Train Loss 0.0480, Valid Loss 0.0220
2026-02-24 05:05:22,294 Epoch 15: Train Loss 0.0492, Valid Loss 0.0230
2026-02-24 05:06:43,906 Epoch 16: Train Loss 0.0508, Valid Loss 0.0242
2026-02-24 05:08:05,416 Epoch 17: Train Loss 0.0525, Valid Loss 0.0246
2026-02-24 05:09:26,924 Epoch 18: Train Loss 0.0541, Valid Loss 0.0258
2026-02-24 05:10:48,154 Epoch 19: Train Loss 0.0554, Valid Loss 0.0261
2026-02-24 05:12:09,533 Epoch 20: Train Loss 0.0564, Valid Loss 0.0269
2026-02-24 05:13:31,002 Epoch 21: Train Loss 0.0573, Valid Loss 0.0264
2026-02-24 05:14:52,477 Epoch 22: Train Loss 0.0579, Valid Loss 0.0274
2026-02-24 05:16:13,823 Epoch 23: Train Loss 0.0582, Valid Loss 0.0269
2026-02-24 05:17:35,061 Epoch 24: Train Loss 0.0583, Valid Loss 0.0267
2026-02-24 05:18:56,945 Epoch 25: Train Loss 0.0585, Valid Loss 0.0265
2026-02-24 05:18:57,023 last saved model is in epoch 11
2026-02-24 05:19:02,981 Test Loss 0.0218
2026-02-24 05:19:07,120 {
    "dataset": "c19",
    "data_dropout": 0.0,
    "epochs": 25,
    "freeze_epochs": 5,
    "lr": 0.001,
    "d_model": 32,
    "seed": 3407,
    "batch_size": 64,
    "dropout": 0.1,
    "save_model": true,
    "save_dir": "./export/c19/smart-film/seed_3407",
    "local_rank": 0,
    "e_layers": 2,
    "n_heads": 4,
    "time_dim": 16,
    "use_film": true
}
2026-02-24 05:19:29,684 Dataset Loaded.
2026-02-24 05:19:31,114 last saved model is in epoch 11
2026-02-24 05:20:02,205 [[3757    7]
 [ 242   27]]
2026-02-24 05:20:02,208 AUC of ROC = 0.8860
2026-02-24 05:20:02,208 AUC of PRC = 0.4640
2026-02-24 05:20:02,208 min(+P, Se) = 0.4870
2026-02-24 05:20:02,208 f1_score = 0.1782
2026-02-24 05:20:02,209 Epoch 1: Train Loss 0.2247, Valid Loss 0.1775
2026-02-24 05:20:02,209 ----- Save best model - auprc: 0.4640 -----
2026-02-24 05:20:33,180 [[3738   26]
 [ 203   66]]
2026-02-24 05:20:33,183 AUC of ROC = 0.8924
2026-02-24 05:20:33,184 AUC of PRC = 0.4863
2026-02-24 05:20:33,184 min(+P, Se) = 0.5037
2026-02-24 05:20:33,184 f1_score = 0.3657
2026-02-24 05:20:33,185 Epoch 2: Train Loss 0.1953, Valid Loss 0.1614
2026-02-24 05:20:33,186 ----- Save best model - auprc: 0.4863 -----
2026-02-24 05:21:04,327 [[3745   19]
 [ 206   63]]
2026-02-24 05:21:04,333 AUC of ROC = 0.8996
2026-02-24 05:21:04,336 AUC of PRC = 0.5097
2026-02-24 05:21:04,340 min(+P, Se) = 0.5037
2026-02-24 05:21:04,340 f1_score = 0.3590
2026-02-24 05:21:04,341 Epoch 3: Train Loss 0.1869, Valid Loss 0.1583
2026-02-24 05:21:04,347 ----- Save best model - auprc: 0.5097 -----
2026-02-24 05:21:35,210 [[3753   11]
 [ 228   41]]
2026-02-24 05:21:35,212 AUC of ROC = 0.8994
2026-02-24 05:21:35,213 AUC of PRC = 0.5160
2026-02-24 05:21:35,213 min(+P, Se) = 0.5201
2026-02-24 05:21:35,213 f1_score = 0.2555
2026-02-24 05:21:35,214 Epoch 4: Train Loss 0.1860, Valid Loss 0.1633
2026-02-24 05:21:35,215 ----- Save best model - auprc: 0.5160 -----
2026-02-24 05:22:06,260 [[3739   25]
 [ 192   77]]
2026-02-24 05:22:06,263 AUC of ROC = 0.9001
2026-02-24 05:22:06,263 AUC of PRC = 0.5234
2026-02-24 05:22:06,263 min(+P, Se) = 0.5279
2026-02-24 05:22:06,264 f1_score = 0.4151
2026-02-24 05:22:06,264 Epoch 5: Train Loss 0.1859, Valid Loss 0.1563
2026-02-24 05:22:06,265 ----- Save best model - auprc: 0.5234 -----
2026-02-24 05:23:00,729 [[3724   40]
 [ 101  168]]
2026-02-24 05:23:00,732 AUC of ROC = 0.9521
2026-02-24 05:23:00,732 AUC of PRC = 0.7652
2026-02-24 05:23:00,732 min(+P, Se) = 0.7037
2026-02-24 05:23:00,733 f1_score = 0.7044
2026-02-24 05:23:00,733 Epoch 6: Train Loss 0.1572, Valid Loss 0.1072
2026-02-24 05:23:00,733 ----- Save best model - auprc: 0.7652 -----
2026-02-24 05:23:55,338 [[3709   55]
 [  84  185]]
2026-02-24 05:23:55,341 AUC of ROC = 0.9598
2026-02-24 05:23:55,342 AUC of PRC = 0.7604
2026-02-24 05:23:55,342 min(+P, Se) = 0.7026
2026-02-24 05:23:55,343 f1_score = 0.7269
2026-02-24 05:23:55,343 Epoch 7: Train Loss 0.1267, Valid Loss 0.1077
2026-02-24 05:24:49,819 [[3679   85]
 [  71  198]]
2026-02-24 05:24:49,823 AUC of ROC = 0.9614
2026-02-24 05:24:49,823 AUC of PRC = 0.7870
2026-02-24 05:24:49,824 min(+P, Se) = 0.7249
2026-02-24 05:24:49,824 f1_score = 0.7174
2026-02-24 05:24:49,824 Epoch 8: Train Loss 0.1223, Valid Loss 0.1089
2026-02-24 05:24:49,825 ----- Save best model - auprc: 0.7870 -----
2026-02-24 05:25:44,382 [[3705   59]
 [  75  194]]
2026-02-24 05:25:44,385 AUC of ROC = 0.9627
2026-02-24 05:25:44,385 AUC of PRC = 0.8036
2026-02-24 05:25:44,386 min(+P, Se) = 0.7472
2026-02-24 05:25:44,386 f1_score = 0.7433
2026-02-24 05:25:44,386 Epoch 9: Train Loss 0.1185, Valid Loss 0.0992
2026-02-24 05:25:44,387 ----- Save best model - auprc: 0.8036 -----
2026-02-24 05:26:38,766 [[3728   36]
 [  95  174]]
2026-02-24 05:26:38,768 AUC of ROC = 0.9605
2026-02-24 05:26:38,769 AUC of PRC = 0.7869
2026-02-24 05:26:38,769 min(+P, Se) = 0.7175
2026-02-24 05:26:38,769 f1_score = 0.7265
2026-02-24 05:26:38,770 Epoch 10: Train Loss 0.1170, Valid Loss 0.0972
2026-02-24 05:27:33,168 [[3751   13]
 [ 131  138]]
2026-02-24 05:27:33,171 AUC of ROC = 0.9606
2026-02-24 05:27:33,171 AUC of PRC = 0.7961
2026-02-24 05:27:33,172 min(+P, Se) = 0.7212
2026-02-24 05:27:33,173 f1_score = 0.6571
2026-02-24 05:27:33,173 Epoch 11: Train Loss 0.1133, Valid Loss 0.1020
2026-02-24 05:28:27,558 [[3681   83]
 [  72  197]]
2026-02-24 05:28:27,561 AUC of ROC = 0.9601
2026-02-24 05:28:27,561 AUC of PRC = 0.7863
2026-02-24 05:28:27,562 min(+P, Se) = 0.7296
2026-02-24 05:28:27,562 f1_score = 0.7177
2026-02-24 05:28:27,562 Epoch 12: Train Loss 0.1103, Valid Loss 0.1186
2026-02-24 05:29:22,055 [[3708   56]
 [  81  188]]
2026-02-24 05:29:22,058 AUC of ROC = 0.9632
2026-02-24 05:29:22,059 AUC of PRC = 0.7946
2026-02-24 05:29:22,059 min(+P, Se) = 0.7436
2026-02-24 05:29:22,062 f1_score = 0.7329
2026-02-24 05:29:22,063 Epoch 13: Train Loss 0.1087, Valid Loss 0.1031
2026-02-24 05:30:16,877 [[3733   31]
 [ 107  162]]
2026-02-24 05:30:16,880 AUC of ROC = 0.9635
2026-02-24 05:30:16,880 AUC of PRC = 0.7981
2026-02-24 05:30:16,880 min(+P, Se) = 0.7407
2026-02-24 05:30:16,880 f1_score = 0.7013
2026-02-24 05:30:16,880 Epoch 14: Train Loss 0.1087, Valid Loss 0.0988
2026-02-24 05:31:11,571 [[3732   32]
 [ 100  169]]
2026-02-24 05:31:11,574 AUC of ROC = 0.9619
2026-02-24 05:31:11,574 AUC of PRC = 0.7935
2026-02-24 05:31:11,574 min(+P, Se) = 0.7306
2026-02-24 05:31:11,574 f1_score = 0.7191
2026-02-24 05:31:11,575 Epoch 15: Train Loss 0.1063, Valid Loss 0.0956
2026-02-24 05:32:06,144 [[3735   29]
 [ 103  166]]
2026-02-24 05:32:06,147 AUC of ROC = 0.9554
2026-02-24 05:32:06,148 AUC of PRC = 0.7930
2026-02-24 05:32:06,148 min(+P, Se) = 0.7509
2026-02-24 05:32:06,148 f1_score = 0.7155
2026-02-24 05:32:06,149 Epoch 16: Train Loss 0.1048, Valid Loss 0.1061
2026-02-24 05:33:00,688 [[3724   40]
 [  92  177]]
2026-02-24 05:33:00,691 AUC of ROC = 0.9619
2026-02-24 05:33:00,691 AUC of PRC = 0.8029
2026-02-24 05:33:00,692 min(+P, Se) = 0.7361
2026-02-24 05:33:00,692 f1_score = 0.7284
2026-02-24 05:33:00,692 Epoch 17: Train Loss 0.1022, Valid Loss 0.0965
2026-02-24 05:33:55,885 [[3729   35]
 [  93  176]]
2026-02-24 05:33:55,888 AUC of ROC = 0.9565
2026-02-24 05:33:55,889 AUC of PRC = 0.7843
2026-02-24 05:33:55,889 min(+P, Se) = 0.7286
2026-02-24 05:33:55,890 f1_score = 0.7333
2026-02-24 05:33:55,890 Epoch 18: Train Loss 0.1019, Valid Loss 0.0997
2026-02-24 05:34:50,425 [[3717   47]
 [  97  172]]
2026-02-24 05:34:50,428 AUC of ROC = 0.9541
2026-02-24 05:34:50,430 AUC of PRC = 0.7762
2026-02-24 05:34:50,431 min(+P, Se) = 0.7249
2026-02-24 05:34:50,431 f1_score = 0.7049
2026-02-24 05:34:50,431 Epoch 19: Train Loss 0.1005, Valid Loss 0.1023
2026-02-24 05:35:45,115 [[3736   28]
 [  98  171]]
2026-02-24 05:35:45,118 AUC of ROC = 0.9607
2026-02-24 05:35:45,119 AUC of PRC = 0.7974
2026-02-24 05:35:45,119 min(+P, Se) = 0.7472
2026-02-24 05:35:45,120 f1_score = 0.7308
2026-02-24 05:35:45,120 Epoch 20: Train Loss 0.0992, Valid Loss 0.1012
2026-02-24 05:36:39,705 [[3732   32]
 [ 100  169]]
2026-02-24 05:36:39,708 AUC of ROC = 0.9514
2026-02-24 05:36:39,708 AUC of PRC = 0.7868
2026-02-24 05:36:39,708 min(+P, Se) = 0.7249
2026-02-24 05:36:39,709 f1_score = 0.7191
2026-02-24 05:36:39,709 Epoch 21: Train Loss 0.0982, Valid Loss 0.1020
2026-02-24 05:37:34,216 [[3695   69]
 [  68  201]]
2026-02-24 05:37:34,218 AUC of ROC = 0.9576
2026-02-24 05:37:34,219 AUC of PRC = 0.7729
2026-02-24 05:37:34,219 min(+P, Se) = 0.7398
2026-02-24 05:37:34,220 f1_score = 0.7458
2026-02-24 05:37:34,220 Epoch 22: Train Loss 0.0961, Valid Loss 0.1050
2026-02-24 05:38:28,838 [[3746   18]
 [ 142  127]]
2026-02-24 05:38:28,840 AUC of ROC = 0.9375
2026-02-24 05:38:28,841 AUC of PRC = 0.7307
2026-02-24 05:38:28,841 min(+P, Se) = 0.6729
2026-02-24 05:38:28,841 f1_score = 0.6135
2026-02-24 05:38:28,842 Epoch 23: Train Loss 0.0963, Valid Loss 0.1205
2026-02-24 05:39:23,269 [[3702   62]
 [  76  193]]
2026-02-24 05:39:23,272 AUC of ROC = 0.9561
2026-02-24 05:39:23,273 AUC of PRC = 0.7911
2026-02-24 05:39:23,273 min(+P, Se) = 0.7500
2026-02-24 05:39:23,274 f1_score = 0.7366
2026-02-24 05:39:23,274 Epoch 24: Train Loss 0.0918, Valid Loss 0.1057
2026-02-24 05:40:17,671 [[3735   29]
 [ 110  159]]
2026-02-24 05:40:17,674 AUC of ROC = 0.9533
2026-02-24 05:40:17,674 AUC of PRC = 0.7805
2026-02-24 05:40:17,675 min(+P, Se) = 0.7185
2026-02-24 05:40:17,675 f1_score = 0.6958
2026-02-24 05:40:17,676 Epoch 25: Train Loss 0.0918, Valid Loss 0.1097
2026-02-24 05:40:17,690 last saved model is in epoch 9
2026-02-24 05:40:20,972 [[3686   47]
 [  76  225]]
2026-02-24 05:40:20,975 AUC of ROC = 0.9530
2026-02-24 05:40:20,976 AUC of PRC = 0.8285
2026-02-24 05:40:20,976 min(+P, Se) = 0.7674
2026-02-24 05:40:20,976 f1_score = 0.7853
2026-02-24 05:40:20,976 Test Loss 0.1018
