2026-03-06 06:34:47,462 {
    "dataset": "c19",
    "data_dropout": 0.0,
    "epochs": 25,
    "lr": 0.001,
    "d_model": 32,
    "seed": 9999,
    "batch_size": 256,
    "dropout": 0.1,
    "save_model": true,
    "save_dir": "./export/c19\\smart-smile\\seed_9999",
    "local_rank": 0,
    "min_mask_ratio": 0.0,
    "max_mask_ratio": 0.75,
    "e_layers": 2,
    "n_heads": 4,
    "time_dim": 16,
    "use_film": false,
    "use_smile": true,
    "use_mnar": false,
    "save_last": false,
    "smile_no_mnar": false,
    "smile_no_curriculum": false,
    "smile_mask_type": "all",
    "smile_mnar_dropout": 0.05
}
2026-03-06 06:34:51,698 Dataset Loaded.
2026-03-06 06:34:51,698 SMILE system_groups: {'cardiovascular': 2, 'respiratory': 7, 'lab': 25}
2026-03-06 06:41:34,559 Epoch 1: Train Loss 0.1610, Valid Loss 0.0334
2026-03-06 06:41:34,560 ----- Save best model - L1: 0.0334 -----
2026-03-06 06:48:24,489 Epoch 2: Train Loss 0.0923, Valid Loss 0.0253
2026-03-06 06:48:24,491 ----- Save best model - L1: 0.0253 -----
2026-03-06 06:55:07,430 Epoch 3: Train Loss 0.0835, Valid Loss 0.0229
2026-03-06 06:55:07,431 ----- Save best model - L1: 0.0229 -----
2026-03-06 07:01:57,855 Epoch 4: Train Loss 0.0777, Valid Loss 0.0222
2026-03-06 07:01:57,856 ----- Save best model - L1: 0.0222 -----
2026-03-06 07:08:41,492 Epoch 5: Train Loss 0.0700, Valid Loss 0.0212
2026-03-06 07:08:41,493 ----- Save best model - L1: 0.0212 -----
2026-03-06 07:15:31,749 Epoch 6: Train Loss 0.0647, Valid Loss 0.0200
2026-03-06 07:15:31,750 ----- Save best model - L1: 0.0200 -----
2026-03-06 07:22:14,199 Epoch 7: Train Loss 0.0589, Valid Loss 0.0190
2026-03-06 07:22:14,200 ----- Save best model - L1: 0.0190 -----
2026-03-06 07:29:04,808 Epoch 8: Train Loss 0.0546, Valid Loss 0.0182
2026-03-06 07:29:04,809 ----- Save best model - L1: 0.0182 -----
2026-03-06 07:35:48,086 Epoch 9: Train Loss 0.0491, Valid Loss 0.0174
2026-03-06 07:35:48,087 ----- Save best model - L1: 0.0174 -----
2026-03-06 07:42:30,254 Epoch 10: Train Loss 0.0465, Valid Loss 0.0164
2026-03-06 07:42:30,255 ----- Save best model - L1: 0.0164 -----
2026-03-06 07:49:20,653 Epoch 11: Train Loss 0.0437, Valid Loss 0.0167
2026-03-06 07:56:03,375 Epoch 12: Train Loss 0.0412, Valid Loss 0.0155
2026-03-06 07:56:03,376 ----- Save best model - L1: 0.0155 -----
2026-03-06 08:02:53,692 Epoch 13: Train Loss 0.0403, Valid Loss 0.0157
2026-03-06 08:09:37,122 Epoch 14: Train Loss 0.0388, Valid Loss 0.0156
2026-03-06 08:16:28,581 Epoch 15: Train Loss 0.0384, Valid Loss 0.0160
2026-03-06 08:23:11,780 Epoch 16: Train Loss 0.0371, Valid Loss 0.0166
2026-03-06 08:30:02,503 Epoch 17: Train Loss 0.0377, Valid Loss 0.0175
2026-03-06 08:36:46,049 Epoch 18: Train Loss 0.0369, Valid Loss 0.0157
2026-03-06 08:43:35,740 Epoch 19: Train Loss 0.0359, Valid Loss 0.0166
2026-03-06 08:50:19,944 Epoch 20: Train Loss 0.0359, Valid Loss 0.0164
2026-03-06 08:57:02,567 Epoch 21: Train Loss 0.0354, Valid Loss 0.0163
2026-03-06 09:03:52,920 Epoch 22: Train Loss 0.0353, Valid Loss 0.0163
2026-03-06 09:10:36,464 Epoch 23: Train Loss 0.0353, Valid Loss 0.0159
2026-03-06 09:17:26,935 Epoch 24: Train Loss 0.0353, Valid Loss 0.0160
2026-03-06 09:24:10,338 Epoch 25: Train Loss 0.0349, Valid Loss 0.0159
2026-03-06 09:24:10,360 last saved model is in epoch 12
2026-03-06 09:24:51,245 Test Loss 0.0157
2026-03-06 09:24:58,657 {
    "dataset": "c19",
    "data_dropout": 0.0,
    "epochs": 25,
    "freeze_epochs": 5,
    "lr": 0.001,
    "d_model": 32,
    "seed": 9999,
    "batch_size": 256,
    "dropout": 0.1,
    "save_model": true,
    "save_dir": "./export/c19\\smart-smile\\seed_9999",
    "local_rank": 0,
    "e_layers": 2,
    "n_heads": 4,
    "time_dim": 16,
    "use_film": false,
    "use_smile": true,
    "use_mnar": false,
    "smile_no_mnar": false,
    "smile_no_curriculum": false,
    "smile_mask_type": "all",
    "smile_mnar_dropout": 0.05
}
2026-03-06 09:25:03,757 Dataset Loaded.
2026-03-06 09:25:06,123 last saved model is in epoch 12
2026-03-06 09:25:44,414 [[3751    3]
 [ 267   12]]
2026-03-06 09:25:44,418 AUC of ROC = 0.8160
2026-03-06 09:25:44,418 AUC of PRC = 0.4404
2026-03-06 09:25:44,418 min(+P, Se) = 0.4839
2026-03-06 09:25:44,418 f1_score = 0.0816
2026-03-06 09:25:44,419 Epoch 1: Train Loss 0.2366, Valid Loss 0.2012
2026-03-06 09:25:44,419 ----- Save best model - auprc: 0.4404 -----
2026-03-06 09:26:22,136 [[3743   11]
 [ 255   24]]
2026-03-06 09:26:22,140 AUC of ROC = 0.8453
2026-03-06 09:26:22,141 AUC of PRC = 0.4831
2026-03-06 09:26:22,141 min(+P, Se) = 0.5208
2026-03-06 09:26:22,141 f1_score = 0.1529
2026-03-06 09:26:22,141 Epoch 2: Train Loss 0.1883, Valid Loss 0.1958
2026-03-06 09:26:22,143 ----- Save best model - auprc: 0.4831 -----
2026-03-06 09:26:59,931 [[3724   30]
 [ 193   86]]
2026-03-06 09:26:59,935 AUC of ROC = 0.8569
2026-03-06 09:26:59,935 AUC of PRC = 0.5088
2026-03-06 09:26:59,936 min(+P, Se) = 0.5484
2026-03-06 09:26:59,936 f1_score = 0.4354
2026-03-06 09:26:59,936 Epoch 3: Train Loss 0.1790, Valid Loss 0.1702
2026-03-06 09:26:59,938 ----- Save best model - auprc: 0.5088 -----
2026-03-06 09:27:37,565 [[3726   28]
 [ 195   84]]
2026-03-06 09:27:37,569 AUC of ROC = 0.8720
2026-03-06 09:27:37,569 AUC of PRC = 0.5279
2026-03-06 09:27:37,569 min(+P, Se) = 0.5536
2026-03-06 09:27:37,569 f1_score = 0.4297
2026-03-06 09:27:37,571 Epoch 4: Train Loss 0.1772, Valid Loss 0.1652
2026-03-06 09:27:37,572 ----- Save best model - auprc: 0.5279 -----
2026-03-06 09:28:15,861 [[3738   16]
 [ 223   56]]
2026-03-06 09:28:15,866 AUC of ROC = 0.8808
2026-03-06 09:28:15,866 AUC of PRC = 0.5414
2026-03-06 09:28:15,866 min(+P, Se) = 0.5663
2026-03-06 09:28:15,866 f1_score = 0.3191
2026-03-06 09:28:15,867 Epoch 5: Train Loss 0.1698, Valid Loss 0.1701
2026-03-06 09:28:15,868 ----- Save best model - auprc: 0.5414 -----
2026-03-06 09:29:23,120 [[3734   20]
 [ 207   72]]
2026-03-06 09:29:23,124 AUC of ROC = 0.8897
2026-03-06 09:29:23,124 AUC of PRC = 0.5463
2026-03-06 09:29:23,125 min(+P, Se) = 0.5448
2026-03-06 09:29:23,125 f1_score = 0.3881
2026-03-06 09:29:23,126 Epoch 6: Train Loss 0.2250, Valid Loss 0.1701
2026-03-06 09:29:23,126 ----- Save best model - auprc: 0.5463 -----
2026-03-06 09:30:29,041 [[3730   24]
 [ 174  105]]
2026-03-06 09:30:29,046 AUC of ROC = 0.9156
2026-03-06 09:30:29,046 AUC of PRC = 0.6173
2026-03-06 09:30:29,046 min(+P, Se) = 0.6022
2026-03-06 09:30:29,046 f1_score = 0.5147
2026-03-06 09:30:29,047 Epoch 7: Train Loss 0.1606, Valid Loss 0.1481
2026-03-06 09:30:29,048 ----- Save best model - auprc: 0.6173 -----
2026-03-06 09:31:34,912 [[3726   28]
 [ 153  126]]
2026-03-06 09:31:34,916 AUC of ROC = 0.9309
2026-03-06 09:31:34,916 AUC of PRC = 0.7007
2026-03-06 09:31:34,917 min(+P, Se) = 0.6380
2026-03-06 09:31:34,917 f1_score = 0.5820
2026-03-06 09:31:34,918 Epoch 8: Train Loss 0.1449, Valid Loss 0.1299
2026-03-06 09:31:34,919 ----- Save best model - auprc: 0.7007 -----
2026-03-06 09:32:40,977 [[3731   23]
 [ 138  141]]
2026-03-06 09:32:40,983 AUC of ROC = 0.9399
2026-03-06 09:32:40,984 AUC of PRC = 0.7269
2026-03-06 09:32:40,985 min(+P, Se) = 0.6655
2026-03-06 09:32:40,985 f1_score = 0.6366
2026-03-06 09:32:40,986 Epoch 9: Train Loss 0.1337, Valid Loss 0.1204
2026-03-06 09:32:40,986 ----- Save best model - auprc: 0.7269 -----
2026-03-06 09:33:44,150 [[3713   41]
 [ 116  163]]
2026-03-06 09:33:44,153 AUC of ROC = 0.9394
2026-03-06 09:33:44,153 AUC of PRC = 0.7435
2026-03-06 09:33:44,153 min(+P, Se) = 0.6738
2026-03-06 09:33:44,153 f1_score = 0.6749
2026-03-06 09:33:44,153 Epoch 10: Train Loss 0.1239, Valid Loss 0.1158
2026-03-06 09:33:44,154 ----- Save best model - auprc: 0.7435 -----
2026-03-06 09:34:45,775 [[3689   65]
 [ 102  177]]
2026-03-06 09:34:45,778 AUC of ROC = 0.9435
2026-03-06 09:34:45,778 AUC of PRC = 0.7452
2026-03-06 09:34:45,778 min(+P, Se) = 0.6786
2026-03-06 09:34:45,778 f1_score = 0.6795
2026-03-06 09:34:45,779 Epoch 11: Train Loss 0.1193, Valid Loss 0.1261
2026-03-06 09:34:45,779 ----- Save best model - auprc: 0.7452 -----
2026-03-06 09:35:48,083 [[3702   52]
 [ 103  176]]
2026-03-06 09:35:48,086 AUC of ROC = 0.9466
2026-03-06 09:35:48,086 AUC of PRC = 0.7551
2026-03-06 09:35:48,086 min(+P, Se) = 0.6882
2026-03-06 09:35:48,086 f1_score = 0.6943
2026-03-06 09:35:48,086 Epoch 12: Train Loss 0.1161, Valid Loss 0.1177
2026-03-06 09:35:48,087 ----- Save best model - auprc: 0.7551 -----
2026-03-06 09:36:51,532 [[3702   52]
 [ 105  174]]
2026-03-06 09:36:51,535 AUC of ROC = 0.9475
2026-03-06 09:36:51,536 AUC of PRC = 0.7584
2026-03-06 09:36:51,536 min(+P, Se) = 0.6953
2026-03-06 09:36:51,536 f1_score = 0.6891
2026-03-06 09:36:51,537 Epoch 13: Train Loss 0.1096, Valid Loss 0.1136
2026-03-06 09:36:51,537 ----- Save best model - auprc: 0.7584 -----
2026-03-06 09:37:58,622 [[3584  170]
 [  68  211]]
2026-03-06 09:37:58,627 AUC of ROC = 0.9454
2026-03-06 09:37:58,627 AUC of PRC = 0.7427
2026-03-06 09:37:58,627 min(+P, Se) = 0.6868
2026-03-06 09:37:58,627 f1_score = 0.6394
2026-03-06 09:37:58,628 Epoch 14: Train Loss 0.1100, Valid Loss 0.1608
2026-03-06 09:39:04,068 [[3705   49]
 [ 104  175]]
2026-03-06 09:39:04,074 AUC of ROC = 0.9491
2026-03-06 09:39:04,075 AUC of PRC = 0.7691
2026-03-06 09:39:04,075 min(+P, Se) = 0.7071
2026-03-06 09:39:04,075 f1_score = 0.6958
2026-03-06 09:39:04,075 Epoch 15: Train Loss 0.1135, Valid Loss 0.1109
2026-03-06 09:39:04,077 ----- Save best model - auprc: 0.7691 -----
2026-03-06 09:40:07,411 [[3720   34]
 [ 131  148]]
2026-03-06 09:40:07,414 AUC of ROC = 0.9513
2026-03-06 09:40:07,414 AUC of PRC = 0.7686
2026-03-06 09:40:07,414 min(+P, Se) = 0.6918
2026-03-06 09:40:07,414 f1_score = 0.6421
2026-03-06 09:40:07,415 Epoch 16: Train Loss 0.1059, Valid Loss 0.1200
2026-03-06 09:41:09,614 [[3709   45]
 [ 108  171]]
2026-03-06 09:41:09,623 AUC of ROC = 0.9511
2026-03-06 09:41:09,623 AUC of PRC = 0.7664
2026-03-06 09:41:09,623 min(+P, Se) = 0.6846
2026-03-06 09:41:09,623 f1_score = 0.6909
2026-03-06 09:41:09,623 Epoch 17: Train Loss 0.1034, Valid Loss 0.1118
2026-03-06 09:42:11,098 [[3716   38]
 [ 112  167]]
2026-03-06 09:42:11,101 AUC of ROC = 0.9520
2026-03-06 09:42:11,101 AUC of PRC = 0.7745
2026-03-06 09:42:11,102 min(+P, Se) = 0.6953
2026-03-06 09:42:11,102 f1_score = 0.6901
2026-03-06 09:42:11,102 Epoch 18: Train Loss 0.1026, Valid Loss 0.1073
2026-03-06 09:42:11,102 ----- Save best model - auprc: 0.7745 -----
2026-03-06 09:43:13,106 [[3708   46]
 [ 108  171]]
2026-03-06 09:43:13,110 AUC of ROC = 0.9516
2026-03-06 09:43:13,110 AUC of PRC = 0.7715
2026-03-06 09:43:13,111 min(+P, Se) = 0.6810
2026-03-06 09:43:13,111 f1_score = 0.6895
2026-03-06 09:43:13,111 Epoch 19: Train Loss 0.1016, Valid Loss 0.1084
2026-03-06 09:44:16,203 [[3697   57]
 [ 105  174]]
2026-03-06 09:44:16,207 AUC of ROC = 0.9452
2026-03-06 09:44:16,207 AUC of PRC = 0.7582
2026-03-06 09:44:16,207 min(+P, Se) = 0.6807
2026-03-06 09:44:16,207 f1_score = 0.6824
2026-03-06 09:44:16,208 Epoch 20: Train Loss 0.0996, Valid Loss 0.1145
2026-03-06 09:45:19,052 [[3691   63]
 [  94  185]]
2026-03-06 09:45:19,056 AUC of ROC = 0.9463
2026-03-06 09:45:19,056 AUC of PRC = 0.7700
2026-03-06 09:45:19,056 min(+P, Se) = 0.7025
2026-03-06 09:45:19,057 f1_score = 0.7021
2026-03-06 09:45:19,057 Epoch 21: Train Loss 0.1001, Valid Loss 0.1148
2026-03-06 09:46:20,741 [[3719   35]
 [ 116  163]]
2026-03-06 09:46:20,744 AUC of ROC = 0.9491
2026-03-06 09:46:20,744 AUC of PRC = 0.7624
2026-03-06 09:46:20,744 min(+P, Se) = 0.6918
2026-03-06 09:46:20,744 f1_score = 0.6834
2026-03-06 09:46:20,745 Epoch 22: Train Loss 0.1014, Valid Loss 0.1137
2026-03-06 09:47:22,538 [[3697   57]
 [  96  183]]
2026-03-06 09:47:22,540 AUC of ROC = 0.9502
2026-03-06 09:47:22,541 AUC of PRC = 0.7657
2026-03-06 09:47:22,541 min(+P, Se) = 0.6918
2026-03-06 09:47:22,541 f1_score = 0.7052
2026-03-06 09:47:22,541 Epoch 23: Train Loss 0.0967, Valid Loss 0.1138
2026-03-06 09:48:24,339 [[3727   27]
 [ 124  155]]
2026-03-06 09:48:24,342 AUC of ROC = 0.9489
2026-03-06 09:48:24,343 AUC of PRC = 0.7635
2026-03-06 09:48:24,343 min(+P, Se) = 0.6929
2026-03-06 09:48:24,343 f1_score = 0.6725
2026-03-06 09:48:24,344 Epoch 24: Train Loss 0.0982, Valid Loss 0.1175
2026-03-06 09:49:26,514 [[3706   48]
 [  99  180]]
2026-03-06 09:49:26,518 AUC of ROC = 0.9506
2026-03-06 09:49:26,518 AUC of PRC = 0.7720
2026-03-06 09:49:26,519 min(+P, Se) = 0.6904
2026-03-06 09:49:26,519 f1_score = 0.7101
2026-03-06 09:49:26,519 Epoch 25: Train Loss 0.1037, Valid Loss 0.1098
2026-03-06 09:49:26,563 last saved model is in epoch 18
2026-03-06 09:49:31,260 [[3718   46]
 [  95  175]]
2026-03-06 09:49:31,264 AUC of ROC = 0.9574
2026-03-06 09:49:31,264 AUC of PRC = 0.7699
2026-03-06 09:49:31,264 min(+P, Se) = 0.7011
2026-03-06 09:49:31,265 f1_score = 0.7128
2026-03-06 09:49:31,265 Test Loss 0.1021
