2026-02-24 02:52:29,153 {
    "dataset": "c19",
    "data_dropout": 0.0,
    "epochs": 25,
    "lr": 0.001,
    "d_model": 32,
    "seed": 42,
    "batch_size": 64,
    "dropout": 0.1,
    "save_model": true,
    "save_dir": "./export/c19/smart-film/seed_42",
    "local_rank": 0,
    "min_mask_ratio": 0.0,
    "max_mask_ratio": 0.75,
    "e_layers": 2,
    "n_heads": 4,
    "time_dim": 16,
    "use_film": true
}
2026-02-24 02:52:43,446 Dataset Loaded.
2026-02-24 02:54:06,386 Epoch 1: Train Loss 0.1063, Valid Loss 0.0261
2026-02-24 02:54:06,388 ----- Save best model - L1: 0.0261 -----
2026-02-24 02:55:28,000 Epoch 2: Train Loss 0.0673, Valid Loss 0.0256
2026-02-24 02:55:28,001 ----- Save best model - L1: 0.0256 -----
2026-02-24 02:56:49,526 Epoch 3: Train Loss 0.0568, Valid Loss 0.0253
2026-02-24 02:56:49,527 ----- Save best model - L1: 0.0253 -----
2026-02-24 02:58:10,999 Epoch 4: Train Loss 0.0545, Valid Loss 0.0259
2026-02-24 02:59:32,458 Epoch 5: Train Loss 0.0547, Valid Loss 0.0273
2026-02-24 03:00:54,153 Epoch 6: Train Loss 0.0567, Valid Loss 0.0297
2026-02-24 03:02:15,766 Epoch 7: Train Loss 0.0591, Valid Loss 0.0312
2026-02-24 03:03:37,830 Epoch 8: Train Loss 0.0603, Valid Loss 0.0303
2026-02-24 03:04:59,772 Epoch 9: Train Loss 0.0601, Valid Loss 0.0301
2026-02-24 03:06:21,549 Epoch 10: Train Loss 0.0597, Valid Loss 0.0286
2026-02-24 03:07:43,174 Epoch 11: Train Loss 0.0589, Valid Loss 0.0279
2026-02-24 03:09:04,757 Epoch 12: Train Loss 0.0573, Valid Loss 0.0267
2026-02-24 03:10:26,049 Epoch 13: Train Loss 0.0566, Valid Loss 0.0261
2026-02-24 03:11:47,437 Epoch 14: Train Loss 0.0563, Valid Loss 0.0256
2026-02-24 03:13:09,093 Epoch 15: Train Loss 0.0562, Valid Loss 0.0252
2026-02-24 03:13:09,094 ----- Save best model - L1: 0.0252 -----
2026-02-24 03:14:30,727 Epoch 16: Train Loss 0.0560, Valid Loss 0.0250
2026-02-24 03:14:30,727 ----- Save best model - L1: 0.0250 -----
2026-02-24 03:15:52,140 Epoch 17: Train Loss 0.0563, Valid Loss 0.0244
2026-02-24 03:15:52,141 ----- Save best model - L1: 0.0244 -----
2026-02-24 03:17:13,567 Epoch 18: Train Loss 0.0564, Valid Loss 0.0251
2026-02-24 03:18:35,608 Epoch 19: Train Loss 0.0567, Valid Loss 0.0249
2026-02-24 03:19:57,438 Epoch 20: Train Loss 0.0567, Valid Loss 0.0239
2026-02-24 03:19:57,440 ----- Save best model - L1: 0.0239 -----
2026-02-24 03:21:19,170 Epoch 21: Train Loss 0.0567, Valid Loss 0.0246
2026-02-24 03:22:40,561 Epoch 22: Train Loss 0.0566, Valid Loss 0.0241
2026-02-24 03:24:02,136 Epoch 23: Train Loss 0.0565, Valid Loss 0.0245
2026-02-24 03:25:23,661 Epoch 24: Train Loss 0.0563, Valid Loss 0.0239
2026-02-24 03:25:23,662 ----- Save best model - L1: 0.0239 -----
2026-02-24 03:26:45,303 Epoch 25: Train Loss 0.0562, Valid Loss 0.0235
2026-02-24 03:26:45,304 ----- Save best model - L1: 0.0235 -----
2026-02-24 03:26:45,393 last saved model is in epoch 25
2026-02-24 03:26:51,365 Test Loss 0.0243
2026-02-24 03:26:56,017 {
    "dataset": "c19",
    "data_dropout": 0.0,
    "epochs": 25,
    "freeze_epochs": 5,
    "lr": 0.001,
    "d_model": 32,
    "seed": 42,
    "batch_size": 64,
    "dropout": 0.1,
    "save_model": true,
    "save_dir": "./export/c19/smart-film/seed_42",
    "local_rank": 0,
    "e_layers": 2,
    "n_heads": 4,
    "time_dim": 16,
    "use_film": true
}
2026-02-24 03:27:11,852 Dataset Loaded.
2026-02-24 03:27:13,255 last saved model is in epoch 25
2026-02-24 03:27:43,794 [[3662   76]
 [ 193  102]]
2026-02-24 03:27:43,796 AUC of ROC = 0.8923
2026-02-24 03:27:43,797 AUC of PRC = 0.4697
2026-02-24 03:27:43,797 min(+P, Se) = 0.4949
2026-02-24 03:27:43,798 f1_score = 0.4313
2026-02-24 03:27:43,798 Epoch 1: Train Loss 0.2133, Valid Loss 0.1891
2026-02-24 03:27:43,799 ----- Save best model - auprc: 0.4697 -----
2026-02-24 03:28:14,709 [[3712   26]
 [ 237   58]]
2026-02-24 03:28:14,712 AUC of ROC = 0.9103
2026-02-24 03:28:14,713 AUC of PRC = 0.5132
2026-02-24 03:28:14,713 min(+P, Se) = 0.5119
2026-02-24 03:28:14,713 f1_score = 0.3061
2026-02-24 03:28:14,713 Epoch 2: Train Loss 0.1879, Valid Loss 0.1702
2026-02-24 03:28:14,714 ----- Save best model - auprc: 0.5132 -----
2026-02-24 03:28:45,380 [[3637  101]
 [ 160  135]]
2026-02-24 03:28:45,383 AUC of ROC = 0.9121
2026-02-24 03:28:45,383 AUC of PRC = 0.5182
2026-02-24 03:28:45,384 min(+P, Se) = 0.5220
2026-02-24 03:28:45,384 f1_score = 0.5085
2026-02-24 03:28:45,385 Epoch 3: Train Loss 0.1848, Valid Loss 0.1851
2026-02-24 03:28:45,385 ----- Save best model - auprc: 0.5182 -----
2026-02-24 03:29:16,351 [[3667   71]
 [ 191  104]]
2026-02-24 03:29:16,354 AUC of ROC = 0.9144
2026-02-24 03:29:16,354 AUC of PRC = 0.5143
2026-02-24 03:29:16,355 min(+P, Se) = 0.5304
2026-02-24 03:29:16,355 f1_score = 0.4426
2026-02-24 03:29:16,356 Epoch 4: Train Loss 0.1822, Valid Loss 0.1664
2026-02-24 03:29:47,122 [[3652   86]
 [ 169  126]]
2026-02-24 03:29:47,125 AUC of ROC = 0.9174
2026-02-24 03:29:47,126 AUC of PRC = 0.5322
2026-02-24 03:29:47,126 min(+P, Se) = 0.5286
2026-02-24 03:29:47,126 f1_score = 0.4970
2026-02-24 03:29:47,127 Epoch 5: Train Loss 0.1815, Valid Loss 0.1708
2026-02-24 03:29:47,127 ----- Save best model - auprc: 0.5322 -----
2026-02-24 03:30:41,843 [[3688   50]
 [ 123  172]]
2026-02-24 03:30:41,845 AUC of ROC = 0.9503
2026-02-24 03:30:41,846 AUC of PRC = 0.7523
2026-02-24 03:30:41,846 min(+P, Se) = 0.6847
2026-02-24 03:30:41,846 f1_score = 0.6654
2026-02-24 03:30:41,847 Epoch 6: Train Loss 0.1612, Valid Loss 0.1176
2026-02-24 03:30:41,847 ----- Save best model - auprc: 0.7523 -----
2026-02-24 03:31:36,510 [[3692   46]
 [ 105  190]]
2026-02-24 03:31:36,513 AUC of ROC = 0.9572
2026-02-24 03:31:36,514 AUC of PRC = 0.7709
2026-02-24 03:31:36,514 min(+P, Se) = 0.7324
2026-02-24 03:31:36,515 f1_score = 0.7156
2026-02-24 03:31:36,515 Epoch 7: Train Loss 0.1347, Valid Loss 0.1118
2026-02-24 03:31:36,516 ----- Save best model - auprc: 0.7709 -----
2026-02-24 03:32:31,327 [[3716   22]
 [ 134  161]]
2026-02-24 03:32:31,330 AUC of ROC = 0.9616
2026-02-24 03:32:31,330 AUC of PRC = 0.7950
2026-02-24 03:32:31,331 min(+P, Se) = 0.7300
2026-02-24 03:32:31,331 f1_score = 0.6736
2026-02-24 03:32:31,332 Epoch 8: Train Loss 0.1234, Valid Loss 0.1117
2026-02-24 03:32:31,332 ----- Save best model - auprc: 0.7950 -----
2026-02-24 03:33:26,086 [[3706   32]
 [ 122  173]]
2026-02-24 03:33:26,089 AUC of ROC = 0.9641
2026-02-24 03:33:26,090 AUC of PRC = 0.7863
2026-02-24 03:33:26,090 min(+P, Se) = 0.7220
2026-02-24 03:33:26,090 f1_score = 0.6920
2026-02-24 03:33:26,091 Epoch 9: Train Loss 0.1190, Valid Loss 0.1086
2026-02-24 03:34:21,538 [[3658   80]
 [  78  217]]
2026-02-24 03:34:21,541 AUC of ROC = 0.9635
2026-02-24 03:34:21,541 AUC of PRC = 0.7910
2026-02-24 03:34:21,541 min(+P, Se) = 0.7356
2026-02-24 03:34:21,542 f1_score = 0.7331
2026-02-24 03:34:21,542 Epoch 10: Train Loss 0.1136, Valid Loss 0.1151
2026-02-24 03:35:16,353 [[3618  120]
 [  70  225]]
2026-02-24 03:35:16,355 AUC of ROC = 0.9578
2026-02-24 03:35:16,356 AUC of PRC = 0.7318
2026-02-24 03:35:16,356 min(+P, Se) = 0.6938
2026-02-24 03:35:16,356 f1_score = 0.7031
2026-02-24 03:35:16,357 Epoch 11: Train Loss 0.1134, Valid Loss 0.1392
2026-02-24 03:36:11,103 [[3683   55]
 [  92  203]]
2026-02-24 03:36:11,106 AUC of ROC = 0.9668
2026-02-24 03:36:11,106 AUC of PRC = 0.8021
2026-02-24 03:36:11,106 min(+P, Se) = 0.7458
2026-02-24 03:36:11,107 f1_score = 0.7342
2026-02-24 03:36:11,107 Epoch 12: Train Loss 0.1106, Valid Loss 0.1048
2026-02-24 03:36:11,108 ----- Save best model - auprc: 0.8021 -----
2026-02-24 03:37:05,851 [[3683   55]
 [  96  199]]
2026-02-24 03:37:05,854 AUC of ROC = 0.9622
2026-02-24 03:37:05,854 AUC of PRC = 0.8013
2026-02-24 03:37:05,855 min(+P, Se) = 0.7322
2026-02-24 03:37:05,855 f1_score = 0.7250
2026-02-24 03:37:05,855 Epoch 13: Train Loss 0.1088, Valid Loss 0.1081
2026-02-24 03:38:00,682 [[3669   69]
 [  84  211]]
2026-02-24 03:38:00,685 AUC of ROC = 0.9614
2026-02-24 03:38:00,686 AUC of PRC = 0.8132
2026-02-24 03:38:00,686 min(+P, Se) = 0.7288
2026-02-24 03:38:00,686 f1_score = 0.7339
2026-02-24 03:38:00,686 Epoch 14: Train Loss 0.1056, Valid Loss 0.1088
2026-02-24 03:38:00,687 ----- Save best model - auprc: 0.8132 -----
2026-02-24 03:38:55,485 [[3679   59]
 [  88  207]]
2026-02-24 03:38:55,488 AUC of ROC = 0.9618
2026-02-24 03:38:55,488 AUC of PRC = 0.8022
2026-02-24 03:38:55,488 min(+P, Se) = 0.7500
2026-02-24 03:38:55,489 f1_score = 0.7380
2026-02-24 03:38:55,489 Epoch 15: Train Loss 0.1046, Valid Loss 0.1067
2026-02-24 03:39:50,107 [[3698   40]
 [ 114  181]]
2026-02-24 03:39:50,110 AUC of ROC = 0.9639
2026-02-24 03:39:50,110 AUC of PRC = 0.7952
2026-02-24 03:39:50,111 min(+P, Se) = 0.7399
2026-02-24 03:39:50,111 f1_score = 0.7016
2026-02-24 03:39:50,112 Epoch 16: Train Loss 0.1020, Valid Loss 0.1071
2026-02-24 03:40:44,690 [[3696   42]
 [ 110  185]]
2026-02-24 03:40:44,695 AUC of ROC = 0.9573
2026-02-24 03:40:44,697 AUC of PRC = 0.7921
2026-02-24 03:40:44,697 min(+P, Se) = 0.7186
2026-02-24 03:40:44,698 f1_score = 0.7088
2026-02-24 03:40:44,699 Epoch 17: Train Loss 0.1020, Valid Loss 0.1081
2026-02-24 03:41:39,335 [[3707   31]
 [ 122  173]]
2026-02-24 03:41:39,337 AUC of ROC = 0.9617
2026-02-24 03:41:39,338 AUC of PRC = 0.7920
2026-02-24 03:41:39,339 min(+P, Se) = 0.7331
2026-02-24 03:41:39,339 f1_score = 0.6934
2026-02-24 03:41:39,340 Epoch 18: Train Loss 0.1006, Valid Loss 0.1130
2026-02-24 03:42:33,983 [[3678   60]
 [  84  211]]
2026-02-24 03:42:33,986 AUC of ROC = 0.9654
2026-02-24 03:42:33,986 AUC of PRC = 0.8140
2026-02-24 03:42:33,987 min(+P, Se) = 0.7458
2026-02-24 03:42:33,987 f1_score = 0.7456
2026-02-24 03:42:33,987 Epoch 19: Train Loss 0.0979, Valid Loss 0.1069
2026-02-24 03:42:33,988 ----- Save best model - auprc: 0.8140 -----
2026-02-24 03:43:28,641 [[3650   88]
 [  72  223]]
2026-02-24 03:43:28,644 AUC of ROC = 0.9583
2026-02-24 03:43:28,644 AUC of PRC = 0.7951
2026-02-24 03:43:28,645 min(+P, Se) = 0.7322
2026-02-24 03:43:28,645 f1_score = 0.7360
2026-02-24 03:43:28,645 Epoch 20: Train Loss 0.0958, Valid Loss 0.1177
2026-02-24 03:44:23,265 [[3683   55]
 [  94  201]]
2026-02-24 03:44:23,267 AUC of ROC = 0.9625
2026-02-24 03:44:23,268 AUC of PRC = 0.8027
2026-02-24 03:44:23,268 min(+P, Se) = 0.7322
2026-02-24 03:44:23,268 f1_score = 0.7296
2026-02-24 03:44:23,269 Epoch 21: Train Loss 0.0942, Valid Loss 0.1098
2026-02-24 03:45:17,903 [[3685   53]
 [  93  202]]
2026-02-24 03:45:17,906 AUC of ROC = 0.9537
2026-02-24 03:45:17,907 AUC of PRC = 0.7841
2026-02-24 03:45:17,907 min(+P, Se) = 0.7288
2026-02-24 03:45:17,908 f1_score = 0.7345
2026-02-24 03:45:17,909 Epoch 22: Train Loss 0.0925, Valid Loss 0.1206
2026-02-24 03:46:12,324 [[3659   79]
 [  84  211]]
2026-02-24 03:46:12,328 AUC of ROC = 0.9607
2026-02-24 03:46:12,330 AUC of PRC = 0.7933
2026-02-24 03:46:12,331 min(+P, Se) = 0.7288
2026-02-24 03:46:12,332 f1_score = 0.7214
2026-02-24 03:46:12,332 Epoch 23: Train Loss 0.0925, Valid Loss 0.1143
2026-02-24 03:47:06,725 [[3655   83]
 [  83  212]]
2026-02-24 03:47:06,728 AUC of ROC = 0.9594
2026-02-24 03:47:06,728 AUC of PRC = 0.7879
2026-02-24 03:47:06,728 min(+P, Se) = 0.7254
2026-02-24 03:47:06,729 f1_score = 0.7186
2026-02-24 03:47:06,729 Epoch 24: Train Loss 0.0893, Valid Loss 0.1180
2026-02-24 03:48:01,515 [[3676   62]
 [  86  209]]
2026-02-24 03:48:01,518 AUC of ROC = 0.9605
2026-02-24 03:48:01,518 AUC of PRC = 0.7909
2026-02-24 03:48:01,519 min(+P, Se) = 0.7220
2026-02-24 03:48:01,519 f1_score = 0.7385
2026-02-24 03:48:01,520 Epoch 25: Train Loss 0.0869, Valid Loss 0.1231
2026-02-24 03:48:01,639 last saved model is in epoch 19
2026-02-24 03:48:04,958 [[3701   51]
 [  67  215]]
2026-02-24 03:48:04,961 AUC of ROC = 0.9625
2026-02-24 03:48:04,962 AUC of PRC = 0.8312
2026-02-24 03:48:04,962 min(+P, Se) = 0.7695
2026-02-24 03:48:04,963 f1_score = 0.7847
2026-02-24 03:48:04,963 Test Loss 0.0964
