2026-03-07 07:16:09,689 {
    "dataset": "c19",
    "data_dropout": 0.0,
    "epochs": 25,
    "lr": 0.001,
    "d_model": 32,
    "seed": 1,
    "batch_size": 64,
    "dropout": 0.1,
    "save_model": true,
    "save_dir": "./export/c19/smart/seed_1",
    "local_rank": 0,
    "min_mask_ratio": 0.0,
    "max_mask_ratio": 0.75,
    "e_layers": 2,
    "n_heads": 4,
    "time_dim": 16,
    "use_film": false,
    "use_smile": false,
    "use_mnar": false,
    "save_last": false,
    "smile_no_mnar": false,
    "smile_no_curriculum": false,
    "smile_mask_type": "all",
    "smile_mnar_dropout": 0.05
}
2026-03-07 07:16:18,192 Dataset Loaded.
2026-03-07 07:17:45,784 Epoch 1: Train Loss 0.1222, Valid Loss 0.0395
2026-03-07 07:17:45,785 ----- Save best model - L1: 0.0395 -----
2026-03-07 07:19:12,862 Epoch 2: Train Loss 0.0822, Valid Loss 0.0365
2026-03-07 07:19:12,863 ----- Save best model - L1: 0.0365 -----
2026-03-07 07:20:39,358 Epoch 3: Train Loss 0.0697, Valid Loss 0.0373
2026-03-07 07:22:06,107 Epoch 4: Train Loss 0.0691, Valid Loss 0.0423
2026-03-07 07:23:33,470 Epoch 5: Train Loss 0.0736, Valid Loss 0.0442
2026-03-07 07:25:00,309 Epoch 6: Train Loss 0.0742, Valid Loss 0.0403
2026-03-07 07:26:27,272 Epoch 7: Train Loss 0.0698, Valid Loss 0.0374
2026-03-07 07:27:54,278 Epoch 8: Train Loss 0.0656, Valid Loss 0.0353
2026-03-07 07:27:54,279 ----- Save best model - L1: 0.0353 -----
2026-03-07 07:29:21,148 Epoch 9: Train Loss 0.0629, Valid Loss 0.0353
2026-03-07 07:29:21,149 ----- Save best model - L1: 0.0353 -----
2026-03-07 07:30:48,259 Epoch 10: Train Loss 0.0631, Valid Loss 0.0331
2026-03-07 07:30:48,260 ----- Save best model - L1: 0.0331 -----
2026-03-07 07:32:15,130 Epoch 11: Train Loss 0.0626, Valid Loss 0.0336
2026-03-07 07:33:42,103 Epoch 12: Train Loss 0.0643, Valid Loss 0.0344
2026-03-07 07:35:08,781 Epoch 13: Train Loss 0.0649, Valid Loss 0.0340
2026-03-07 07:36:35,952 Epoch 14: Train Loss 0.0651, Valid Loss 0.0351
2026-03-07 07:38:02,974 Epoch 15: Train Loss 0.0669, Valid Loss 0.0346
2026-03-07 07:39:30,467 Epoch 16: Train Loss 0.0677, Valid Loss 0.0363
2026-03-07 07:40:57,520 Epoch 17: Train Loss 0.0688, Valid Loss 0.0359
2026-03-07 07:42:24,455 Epoch 18: Train Loss 0.0712, Valid Loss 0.0362
2026-03-07 07:43:51,547 Epoch 19: Train Loss 0.0720, Valid Loss 0.0361
2026-03-07 07:45:18,688 Epoch 20: Train Loss 0.0728, Valid Loss 0.0363
2026-03-07 07:46:45,687 Epoch 21: Train Loss 0.0742, Valid Loss 0.0381
2026-03-07 07:48:12,611 Epoch 22: Train Loss 0.0744, Valid Loss 0.0384
2026-03-07 07:49:39,560 Epoch 23: Train Loss 0.0753, Valid Loss 0.0383
2026-03-07 07:51:06,382 Epoch 24: Train Loss 0.0765, Valid Loss 0.0394
2026-03-07 07:52:33,360 Epoch 25: Train Loss 0.0764, Valid Loss 0.0381
2026-03-07 07:52:33,377 last saved model is in epoch 10
2026-03-07 07:52:39,522 Test Loss 0.0324
2026-03-07 07:52:43,202 {
    "dataset": "c19",
    "data_dropout": 0.0,
    "epochs": 25,
    "freeze_epochs": 5,
    "lr": 0.001,
    "d_model": 32,
    "seed": 1,
    "batch_size": 64,
    "dropout": 0.1,
    "save_model": true,
    "save_dir": "./export/c19/smart/seed_1",
    "local_rank": 0,
    "e_layers": 2,
    "n_heads": 4,
    "time_dim": 16,
    "use_film": false,
    "use_smile": false,
    "use_mnar": false,
    "smile_no_mnar": false,
    "smile_no_curriculum": false,
    "smile_mask_type": "all",
    "smile_mnar_dropout": 0.05
}
2026-03-07 07:52:50,098 Dataset Loaded.
2026-03-07 07:52:50,682 last saved model is in epoch 10
2026-03-07 07:53:23,012 [[3716    7]
 [ 295   15]]
2026-03-07 07:53:23,019 AUC of ROC = 0.8534
2026-03-07 07:53:23,020 AUC of PRC = 0.4278
2026-03-07 07:53:23,020 min(+P, Se) = 0.4574
2026-03-07 07:53:23,021 f1_score = 0.0904
2026-03-07 07:53:23,022 Epoch 1: Train Loss 0.2092, Valid Loss 0.2166
2026-03-07 07:53:23,023 ----- Save best model - auprc: 0.4278 -----
2026-03-07 07:53:54,773 [[3694   29]
 [ 243   67]]
2026-03-07 07:53:54,776 AUC of ROC = 0.8819
2026-03-07 07:53:54,776 AUC of PRC = 0.5040
2026-03-07 07:53:54,777 min(+P, Se) = 0.5129
2026-03-07 07:53:54,777 f1_score = 0.3300
2026-03-07 07:53:54,777 Epoch 2: Train Loss 0.1823, Valid Loss 0.1840
2026-03-07 07:53:54,778 ----- Save best model - auprc: 0.5040 -----
2026-03-07 07:54:26,020 [[3625   98]
 [ 165  145]]
2026-03-07 07:54:26,023 AUC of ROC = 0.8806
2026-03-07 07:54:26,024 AUC of PRC = 0.4957
2026-03-07 07:54:26,024 min(+P, Se) = 0.5016
2026-03-07 07:54:26,024 f1_score = 0.5244
2026-03-07 07:54:26,025 Epoch 3: Train Loss 0.1753, Valid Loss 0.1872
2026-03-07 07:54:57,114 [[3691   32]
 [ 208  102]]
2026-03-07 07:54:57,117 AUC of ROC = 0.8898
2026-03-07 07:54:57,118 AUC of PRC = 0.5323
2026-03-07 07:54:57,118 min(+P, Se) = 0.5399
2026-03-07 07:54:57,118 f1_score = 0.4595
2026-03-07 07:54:57,119 Epoch 4: Train Loss 0.1734, Valid Loss 0.1737
2026-03-07 07:54:57,119 ----- Save best model - auprc: 0.5323 -----
2026-03-07 07:55:28,363 [[3701   22]
 [ 245   65]]
2026-03-07 07:55:28,365 AUC of ROC = 0.8947
2026-03-07 07:55:28,366 AUC of PRC = 0.5453
2026-03-07 07:55:28,366 min(+P, Se) = 0.5516
2026-03-07 07:55:28,366 f1_score = 0.3275
2026-03-07 07:55:28,366 Epoch 5: Train Loss 0.1714, Valid Loss 0.1796
2026-03-07 07:55:28,367 ----- Save best model - auprc: 0.5453 -----
2026-03-07 07:56:25,297 [[3685   38]
 [ 165  145]]
2026-03-07 07:56:25,300 AUC of ROC = 0.9326
2026-03-07 07:56:25,301 AUC of PRC = 0.6948
2026-03-07 07:56:25,301 min(+P, Se) = 0.6613
2026-03-07 07:56:25,301 f1_score = 0.5882
2026-03-07 07:56:25,302 Epoch 6: Train Loss 0.1592, Valid Loss 0.1586
2026-03-07 07:56:25,302 ----- Save best model - auprc: 0.6948 -----
2026-03-07 07:57:22,166 [[3669   54]
 [ 122  188]]
2026-03-07 07:57:22,170 AUC of ROC = 0.9372
2026-03-07 07:57:22,170 AUC of PRC = 0.7225
2026-03-07 07:57:22,170 min(+P, Se) = 0.6806
2026-03-07 07:57:22,171 f1_score = 0.6812
2026-03-07 07:57:22,171 Epoch 7: Train Loss 0.1250, Valid Loss 0.1329
2026-03-07 07:57:22,172 ----- Save best model - auprc: 0.7225 -----
2026-03-07 07:58:19,006 [[3680   43]
 [ 131  179]]
2026-03-07 07:58:19,009 AUC of ROC = 0.9443
2026-03-07 07:58:19,009 AUC of PRC = 0.7365
2026-03-07 07:58:19,010 min(+P, Se) = 0.6806
2026-03-07 07:58:19,010 f1_score = 0.6729
2026-03-07 07:58:19,010 Epoch 8: Train Loss 0.1179, Valid Loss 0.1305
2026-03-07 07:58:19,011 ----- Save best model - auprc: 0.7365 -----
2026-03-07 07:59:15,732 [[3681   42]
 [ 135  175]]
2026-03-07 07:59:15,735 AUC of ROC = 0.9475
2026-03-07 07:59:15,735 AUC of PRC = 0.7492
2026-03-07 07:59:15,736 min(+P, Se) = 0.6881
2026-03-07 07:59:15,736 f1_score = 0.6641
2026-03-07 07:59:15,736 Epoch 9: Train Loss 0.1143, Valid Loss 0.1259
2026-03-07 07:59:15,737 ----- Save best model - auprc: 0.7492 -----
2026-03-07 08:00:12,526 [[3690   33]
 [ 125  185]]
2026-03-07 08:00:12,529 AUC of ROC = 0.9493
2026-03-07 08:00:12,530 AUC of PRC = 0.7561
2026-03-07 08:00:12,530 min(+P, Se) = 0.7032
2026-03-07 08:00:12,531 f1_score = 0.7008
2026-03-07 08:00:12,531 Epoch 10: Train Loss 0.1112, Valid Loss 0.1239
2026-03-07 08:00:12,532 ----- Save best model - auprc: 0.7561 -----
2026-03-07 08:01:09,357 [[3702   21]
 [ 142  168]]
2026-03-07 08:01:09,360 AUC of ROC = 0.9420
2026-03-07 08:01:09,361 AUC of PRC = 0.7387
2026-03-07 08:01:09,361 min(+P, Se) = 0.6839
2026-03-07 08:01:09,362 f1_score = 0.6733
2026-03-07 08:01:09,362 Epoch 11: Train Loss 0.1084, Valid Loss 0.1294
2026-03-07 08:02:06,152 [[3652   71]
 [ 103  207]]
2026-03-07 08:02:06,156 AUC of ROC = 0.9486
2026-03-07 08:02:06,156 AUC of PRC = 0.7556
2026-03-07 08:02:06,157 min(+P, Se) = 0.6977
2026-03-07 08:02:06,157 f1_score = 0.7041
2026-03-07 08:02:06,158 Epoch 12: Train Loss 0.1060, Valid Loss 0.1307
2026-03-07 08:03:02,827 [[3693   30]
 [ 150  160]]
2026-03-07 08:03:02,830 AUC of ROC = 0.9482
2026-03-07 08:03:02,830 AUC of PRC = 0.7565
2026-03-07 08:03:02,831 min(+P, Se) = 0.6968
2026-03-07 08:03:02,831 f1_score = 0.6400
2026-03-07 08:03:02,832 Epoch 13: Train Loss 0.1063, Valid Loss 0.1290
2026-03-07 08:03:02,833 ----- Save best model - auprc: 0.7565 -----
2026-03-07 08:03:59,583 [[3574  149]
 [ 100  210]]
2026-03-07 08:03:59,586 AUC of ROC = 0.9261
2026-03-07 08:03:59,586 AUC of PRC = 0.6909
2026-03-07 08:03:59,586 min(+P, Se) = 0.6323
2026-03-07 08:03:59,587 f1_score = 0.6278
2026-03-07 08:03:59,587 Epoch 14: Train Loss 0.1053, Valid Loss 0.1749
2026-03-07 08:04:56,072 [[3664   59]
 [ 113  197]]
2026-03-07 08:04:56,075 AUC of ROC = 0.9468
2026-03-07 08:04:56,075 AUC of PRC = 0.7642
2026-03-07 08:04:56,076 min(+P, Se) = 0.6968
2026-03-07 08:04:56,076 f1_score = 0.6961
2026-03-07 08:04:56,076 Epoch 15: Train Loss 0.1038, Valid Loss 0.1304
2026-03-07 08:04:56,077 ----- Save best model - auprc: 0.7642 -----
2026-03-07 08:05:52,833 [[3654   69]
 [  99  211]]
2026-03-07 08:05:52,837 AUC of ROC = 0.9426
2026-03-07 08:05:52,837 AUC of PRC = 0.7564
2026-03-07 08:05:52,838 min(+P, Se) = 0.7000
2026-03-07 08:05:52,838 f1_score = 0.7153
2026-03-07 08:05:52,839 Epoch 16: Train Loss 0.1012, Valid Loss 0.1288
2026-03-07 08:06:49,645 [[3680   43]
 [ 121  189]]
2026-03-07 08:06:49,648 AUC of ROC = 0.9443
2026-03-07 08:06:49,649 AUC of PRC = 0.7594
2026-03-07 08:06:49,649 min(+P, Se) = 0.7097
2026-03-07 08:06:49,650 f1_score = 0.6974
2026-03-07 08:06:49,650 Epoch 17: Train Loss 0.1008, Valid Loss 0.1303
2026-03-07 08:07:46,453 [[3698   25]
 [ 133  177]]
2026-03-07 08:07:46,456 AUC of ROC = 0.9445
2026-03-07 08:07:46,456 AUC of PRC = 0.7720
2026-03-07 08:07:46,456 min(+P, Se) = 0.7106
2026-03-07 08:07:46,456 f1_score = 0.6914
2026-03-07 08:07:46,457 Epoch 18: Train Loss 0.0976, Valid Loss 0.1307
2026-03-07 08:07:46,457 ----- Save best model - auprc: 0.7720 -----
2026-03-07 08:08:43,835 [[3662   61]
 [ 103  207]]
2026-03-07 08:08:43,838 AUC of ROC = 0.9410
2026-03-07 08:08:43,838 AUC of PRC = 0.7593
2026-03-07 08:08:43,839 min(+P, Se) = 0.7065
2026-03-07 08:08:43,839 f1_score = 0.7163
2026-03-07 08:08:43,840 Epoch 19: Train Loss 0.0970, Valid Loss 0.1310
2026-03-07 08:09:40,527 [[3658   65]
 [ 103  207]]
2026-03-07 08:09:40,530 AUC of ROC = 0.9452
2026-03-07 08:09:40,531 AUC of PRC = 0.7608
2026-03-07 08:09:40,531 min(+P, Se) = 0.7106
2026-03-07 08:09:40,531 f1_score = 0.7113
2026-03-07 08:09:40,532 Epoch 20: Train Loss 0.0954, Valid Loss 0.1302
2026-03-07 08:10:37,193 [[3676   47]
 [ 121  189]]
2026-03-07 08:10:37,196 AUC of ROC = 0.9412
2026-03-07 08:10:37,197 AUC of PRC = 0.7512
2026-03-07 08:10:37,197 min(+P, Se) = 0.7106
2026-03-07 08:10:37,197 f1_score = 0.6923
2026-03-07 08:10:37,198 Epoch 21: Train Loss 0.0951, Valid Loss 0.1349
2026-03-07 08:11:33,686 [[3659   64]
 [ 102  208]]
2026-03-07 08:11:33,689 AUC of ROC = 0.9431
2026-03-07 08:11:33,690 AUC of PRC = 0.7731
2026-03-07 08:11:33,690 min(+P, Se) = 0.7000
2026-03-07 08:11:33,691 f1_score = 0.7148
2026-03-07 08:11:33,691 Epoch 22: Train Loss 0.0944, Valid Loss 0.1358
2026-03-07 08:11:33,692 ----- Save best model - auprc: 0.7731 -----
2026-03-07 08:12:30,651 [[3668   55]
 [ 110  200]]
2026-03-07 08:12:30,654 AUC of ROC = 0.9462
2026-03-07 08:12:30,654 AUC of PRC = 0.7626
2026-03-07 08:12:30,655 min(+P, Se) = 0.7032
2026-03-07 08:12:30,655 f1_score = 0.7080
2026-03-07 08:12:30,655 Epoch 23: Train Loss 0.0901, Valid Loss 0.1351
2026-03-07 08:13:27,427 [[3659   64]
 [ 104  206]]
2026-03-07 08:13:27,430 AUC of ROC = 0.9451
2026-03-07 08:13:27,431 AUC of PRC = 0.7689
2026-03-07 08:13:27,431 min(+P, Se) = 0.7032
2026-03-07 08:13:27,431 f1_score = 0.7103
2026-03-07 08:13:27,432 Epoch 24: Train Loss 0.0901, Valid Loss 0.1283
2026-03-07 08:14:24,276 [[3614  109]
 [  84  226]]
2026-03-07 08:14:24,279 AUC of ROC = 0.9384
2026-03-07 08:14:24,280 AUC of PRC = 0.7657
2026-03-07 08:14:24,280 min(+P, Se) = 0.7097
2026-03-07 08:14:24,281 f1_score = 0.7008
2026-03-07 08:14:24,281 Epoch 25: Train Loss 0.0888, Valid Loss 0.1478
2026-03-07 08:14:24,301 last saved model is in epoch 22
2026-03-07 08:14:27,565 [[3704   54]
 [  99  177]]
2026-03-07 08:14:27,568 AUC of ROC = 0.9440
2026-03-07 08:14:27,569 AUC of PRC = 0.7640
2026-03-07 08:14:27,569 min(+P, Se) = 0.7101
2026-03-07 08:14:27,570 f1_score = 0.6982
2026-03-07 08:14:27,570 Test Loss 0.1246
2026-03-07 20:13:20,348 {
    "dataset": "c19",
    "data_dropout": 0.0,
    "epochs": 25,
    "lr": 0.001,
    "d_model": 32,
    "seed": 1,
    "batch_size": 64,
    "dropout": 0.1,
    "save_model": true,
    "save_dir": "./export/c19/smart/seed_1",
    "local_rank": 0,
    "min_mask_ratio": 0.0,
    "max_mask_ratio": 0.75,
    "e_layers": 2,
    "n_heads": 4,
    "time_dim": 16,
    "use_film": false,
    "use_smile": false,
    "use_mnar": false,
    "save_last": false,
    "smile_no_mnar": false,
    "smile_no_curriculum": false,
    "smile_mask_type": "all",
    "smile_mnar_dropout": 0.05
}
2026-03-07 20:13:33,117 Dataset Loaded.
2026-03-07 20:15:00,733 Epoch 1: Train Loss 0.1222, Valid Loss 0.0395
2026-03-07 20:15:00,734 ----- Save best model - L1: 0.0395 -----
2026-03-07 20:16:26,894 Epoch 2: Train Loss 0.0822, Valid Loss 0.0365
2026-03-07 20:16:26,895 ----- Save best model - L1: 0.0365 -----
2026-03-07 20:17:52,735 Epoch 3: Train Loss 0.0697, Valid Loss 0.0373
2026-03-07 20:19:18,062 Epoch 4: Train Loss 0.0691, Valid Loss 0.0423
2026-03-07 20:20:43,516 Epoch 5: Train Loss 0.0736, Valid Loss 0.0442
2026-03-07 20:22:10,135 Epoch 6: Train Loss 0.0742, Valid Loss 0.0403
2026-03-07 20:23:36,307 Epoch 7: Train Loss 0.0698, Valid Loss 0.0374
2026-03-07 20:25:06,390 Epoch 8: Train Loss 0.0656, Valid Loss 0.0353
2026-03-07 20:25:06,398 ----- Save best model - L1: 0.0353 -----
2026-03-07 20:26:36,952 Epoch 9: Train Loss 0.0629, Valid Loss 0.0353
2026-03-07 20:26:36,953 ----- Save best model - L1: 0.0353 -----
2026-03-07 20:28:04,310 Epoch 10: Train Loss 0.0631, Valid Loss 0.0331
2026-03-07 20:28:04,312 ----- Save best model - L1: 0.0331 -----
2026-03-07 20:29:30,838 Epoch 11: Train Loss 0.0626, Valid Loss 0.0336
2026-03-07 20:30:57,542 Epoch 12: Train Loss 0.0643, Valid Loss 0.0344
2026-03-07 20:32:23,739 Epoch 13: Train Loss 0.0649, Valid Loss 0.0340
2026-03-07 20:33:50,604 Epoch 14: Train Loss 0.0651, Valid Loss 0.0351
2026-03-07 20:35:17,043 Epoch 15: Train Loss 0.0669, Valid Loss 0.0346
2026-03-07 20:36:43,466 Epoch 16: Train Loss 0.0677, Valid Loss 0.0363
2026-03-07 20:38:09,422 Epoch 17: Train Loss 0.0688, Valid Loss 0.0359
2026-03-07 20:39:36,446 Epoch 18: Train Loss 0.0712, Valid Loss 0.0362
2026-03-07 20:41:03,277 Epoch 19: Train Loss 0.0720, Valid Loss 0.0361
2026-03-07 20:42:30,019 Epoch 20: Train Loss 0.0728, Valid Loss 0.0363
2026-03-07 20:43:56,225 Epoch 21: Train Loss 0.0742, Valid Loss 0.0381
2026-03-07 20:45:22,521 Epoch 22: Train Loss 0.0744, Valid Loss 0.0384
2026-03-07 20:46:48,547 Epoch 23: Train Loss 0.0753, Valid Loss 0.0383
2026-03-07 20:48:14,457 Epoch 24: Train Loss 0.0765, Valid Loss 0.0394
2026-03-07 20:49:41,972 Epoch 25: Train Loss 0.0764, Valid Loss 0.0381
2026-03-07 20:49:42,168 last saved model is in epoch 10
2026-03-07 20:49:49,052 Test Loss 0.0324
2026-03-07 20:49:58,479 {
    "dataset": "c19",
    "data_dropout": 0.0,
    "epochs": 25,
    "freeze_epochs": 5,
    "lr": 0.001,
    "d_model": 32,
    "seed": 1,
    "batch_size": 64,
    "dropout": 0.1,
    "save_model": true,
    "save_dir": "./export/c19/smart/seed_1",
    "local_rank": 0,
    "e_layers": 2,
    "n_heads": 4,
    "time_dim": 16,
    "use_film": false,
    "use_smile": false,
    "use_mnar": false,
    "smile_no_mnar": false,
    "smile_no_curriculum": false,
    "smile_mask_type": "all",
    "smile_mnar_dropout": 0.05
}
2026-03-07 20:50:14,810 Dataset Loaded.
2026-03-07 20:50:15,824 last saved model is in epoch 10
2026-03-07 20:50:47,403 [[3716    7]
 [ 295   15]]
2026-03-07 20:50:47,410 AUC of ROC = 0.8534
2026-03-07 20:50:47,410 AUC of PRC = 0.4278
2026-03-07 20:50:47,410 min(+P, Se) = 0.4574
2026-03-07 20:50:47,411 f1_score = 0.0904
2026-03-07 20:50:47,411 Epoch 1: Train Loss 0.2092, Valid Loss 0.2166
2026-03-07 20:50:47,411 ----- Save best model - auprc: 0.4278 -----
2026-03-07 20:51:18,913 [[3694   29]
 [ 243   67]]
2026-03-07 20:51:18,916 AUC of ROC = 0.8819
2026-03-07 20:51:18,917 AUC of PRC = 0.5040
2026-03-07 20:51:18,917 min(+P, Se) = 0.5129
2026-03-07 20:51:18,917 f1_score = 0.3300
2026-03-07 20:51:18,918 Epoch 2: Train Loss 0.1823, Valid Loss 0.1840
2026-03-07 20:51:18,919 ----- Save best model - auprc: 0.5040 -----
2026-03-07 20:51:50,730 [[3625   98]
 [ 165  145]]
2026-03-07 20:51:50,733 AUC of ROC = 0.8806
2026-03-07 20:51:50,734 AUC of PRC = 0.4957
2026-03-07 20:51:50,734 min(+P, Se) = 0.5016
2026-03-07 20:51:50,734 f1_score = 0.5244
2026-03-07 20:51:50,735 Epoch 3: Train Loss 0.1753, Valid Loss 0.1872
2026-03-07 20:52:23,421 [[3691   32]
 [ 208  102]]
2026-03-07 20:52:23,425 AUC of ROC = 0.8898
2026-03-07 20:52:23,426 AUC of PRC = 0.5323
2026-03-07 20:52:23,426 min(+P, Se) = 0.5399
2026-03-07 20:52:23,427 f1_score = 0.4595
2026-03-07 20:52:23,427 Epoch 4: Train Loss 0.1734, Valid Loss 0.1737
2026-03-07 20:52:23,428 ----- Save best model - auprc: 0.5323 -----
2026-03-07 20:52:55,946 [[3701   22]
 [ 245   65]]
2026-03-07 20:52:55,950 AUC of ROC = 0.8947
2026-03-07 20:52:55,950 AUC of PRC = 0.5453
2026-03-07 20:52:55,950 min(+P, Se) = 0.5516
2026-03-07 20:52:55,951 f1_score = 0.3275
2026-03-07 20:52:55,951 Epoch 5: Train Loss 0.1714, Valid Loss 0.1796
2026-03-07 20:52:55,951 ----- Save best model - auprc: 0.5453 -----
2026-03-07 20:53:54,472 [[3685   38]
 [ 165  145]]
2026-03-07 20:53:54,475 AUC of ROC = 0.9326
2026-03-07 20:53:54,476 AUC of PRC = 0.6948
2026-03-07 20:53:54,477 min(+P, Se) = 0.6613
2026-03-07 20:53:54,477 f1_score = 0.5882
2026-03-07 20:53:54,478 Epoch 6: Train Loss 0.1592, Valid Loss 0.1586
2026-03-07 20:53:54,478 ----- Save best model - auprc: 0.6948 -----
2026-03-07 20:54:52,881 [[3669   54]
 [ 122  188]]
2026-03-07 20:54:52,885 AUC of ROC = 0.9372
2026-03-07 20:54:52,886 AUC of PRC = 0.7225
2026-03-07 20:54:52,887 min(+P, Se) = 0.6806
2026-03-07 20:54:52,887 f1_score = 0.6812
2026-03-07 20:54:52,888 Epoch 7: Train Loss 0.1250, Valid Loss 0.1329
2026-03-07 20:54:52,889 ----- Save best model - auprc: 0.7225 -----
2026-03-07 20:55:50,559 [[3680   43]
 [ 131  179]]
2026-03-07 20:55:50,562 AUC of ROC = 0.9443
2026-03-07 20:55:50,563 AUC of PRC = 0.7365
2026-03-07 20:55:50,564 min(+P, Se) = 0.6806
2026-03-07 20:55:50,564 f1_score = 0.6729
2026-03-07 20:55:50,565 Epoch 8: Train Loss 0.1179, Valid Loss 0.1305
2026-03-07 20:55:50,565 ----- Save best model - auprc: 0.7365 -----
2026-03-07 20:56:48,226 [[3681   42]
 [ 135  175]]
2026-03-07 20:56:48,231 AUC of ROC = 0.9475
2026-03-07 20:56:48,231 AUC of PRC = 0.7492
2026-03-07 20:56:48,232 min(+P, Se) = 0.6881
2026-03-07 20:56:48,233 f1_score = 0.6641
2026-03-07 20:56:48,234 Epoch 9: Train Loss 0.1143, Valid Loss 0.1259
2026-03-07 20:56:48,234 ----- Save best model - auprc: 0.7492 -----
2026-03-07 20:57:45,602 [[3690   33]
 [ 125  185]]
2026-03-07 20:57:45,606 AUC of ROC = 0.9493
2026-03-07 20:57:45,607 AUC of PRC = 0.7561
2026-03-07 20:57:45,608 min(+P, Se) = 0.7032
2026-03-07 20:57:45,609 f1_score = 0.7008
2026-03-07 20:57:45,610 Epoch 10: Train Loss 0.1112, Valid Loss 0.1239
2026-03-07 20:57:45,610 ----- Save best model - auprc: 0.7561 -----
2026-03-07 20:58:42,804 [[3702   21]
 [ 142  168]]
2026-03-07 20:58:42,807 AUC of ROC = 0.9420
2026-03-07 20:58:42,808 AUC of PRC = 0.7387
2026-03-07 20:58:42,808 min(+P, Se) = 0.6839
2026-03-07 20:58:42,809 f1_score = 0.6733
2026-03-07 20:58:42,809 Epoch 11: Train Loss 0.1084, Valid Loss 0.1294
2026-03-07 20:59:39,568 [[3652   71]
 [ 103  207]]
2026-03-07 20:59:39,572 AUC of ROC = 0.9486
2026-03-07 20:59:39,572 AUC of PRC = 0.7556
2026-03-07 20:59:39,573 min(+P, Se) = 0.6977
2026-03-07 20:59:39,573 f1_score = 0.7041
2026-03-07 20:59:39,574 Epoch 12: Train Loss 0.1060, Valid Loss 0.1307
2026-03-07 21:00:36,384 [[3693   30]
 [ 150  160]]
2026-03-07 21:00:36,387 AUC of ROC = 0.9482
2026-03-07 21:00:36,388 AUC of PRC = 0.7565
2026-03-07 21:00:36,388 min(+P, Se) = 0.6968
2026-03-07 21:00:36,388 f1_score = 0.6400
2026-03-07 21:00:36,389 Epoch 13: Train Loss 0.1063, Valid Loss 0.1290
2026-03-07 21:00:36,389 ----- Save best model - auprc: 0.7565 -----
2026-03-07 21:01:32,697 [[3574  149]
 [ 100  210]]
2026-03-07 21:01:32,701 AUC of ROC = 0.9261
2026-03-07 21:01:32,701 AUC of PRC = 0.6909
2026-03-07 21:01:32,702 min(+P, Se) = 0.6323
2026-03-07 21:01:32,702 f1_score = 0.6278
2026-03-07 21:01:32,702 Epoch 14: Train Loss 0.1053, Valid Loss 0.1749
2026-03-07 21:02:28,331 [[3664   59]
 [ 113  197]]
2026-03-07 21:02:28,334 AUC of ROC = 0.9468
2026-03-07 21:02:28,335 AUC of PRC = 0.7642
2026-03-07 21:02:28,335 min(+P, Se) = 0.6968
2026-03-07 21:02:28,335 f1_score = 0.6961
2026-03-07 21:02:28,336 Epoch 15: Train Loss 0.1038, Valid Loss 0.1304
2026-03-07 21:02:28,336 ----- Save best model - auprc: 0.7642 -----
2026-03-07 21:03:24,068 [[3654   69]
 [  99  211]]
2026-03-07 21:03:24,071 AUC of ROC = 0.9426
2026-03-07 21:03:24,072 AUC of PRC = 0.7564
2026-03-07 21:03:24,072 min(+P, Se) = 0.7000
2026-03-07 21:03:24,073 f1_score = 0.7153
2026-03-07 21:03:24,073 Epoch 16: Train Loss 0.1012, Valid Loss 0.1288
2026-03-07 21:04:20,084 [[3680   43]
 [ 121  189]]
2026-03-07 21:04:20,088 AUC of ROC = 0.9443
2026-03-07 21:04:20,088 AUC of PRC = 0.7594
2026-03-07 21:04:20,089 min(+P, Se) = 0.7097
2026-03-07 21:04:20,089 f1_score = 0.6974
2026-03-07 21:04:20,090 Epoch 17: Train Loss 0.1008, Valid Loss 0.1303
2026-03-07 21:05:16,122 [[3698   25]
 [ 133  177]]
2026-03-07 21:05:16,126 AUC of ROC = 0.9445
2026-03-07 21:05:16,126 AUC of PRC = 0.7720
2026-03-07 21:05:16,127 min(+P, Se) = 0.7106
2026-03-07 21:05:16,127 f1_score = 0.6914
2026-03-07 21:05:16,127 Epoch 18: Train Loss 0.0976, Valid Loss 0.1307
2026-03-07 21:05:16,130 ----- Save best model - auprc: 0.7720 -----
2026-03-07 21:06:12,112 [[3662   61]
 [ 103  207]]
2026-03-07 21:06:12,115 AUC of ROC = 0.9410
2026-03-07 21:06:12,116 AUC of PRC = 0.7593
2026-03-07 21:06:12,117 min(+P, Se) = 0.7065
2026-03-07 21:06:12,117 f1_score = 0.7163
2026-03-07 21:06:12,118 Epoch 19: Train Loss 0.0970, Valid Loss 0.1310
2026-03-07 21:07:07,807 [[3658   65]
 [ 103  207]]
2026-03-07 21:07:07,810 AUC of ROC = 0.9452
2026-03-07 21:07:07,811 AUC of PRC = 0.7608
2026-03-07 21:07:07,811 min(+P, Se) = 0.7106
2026-03-07 21:07:07,811 f1_score = 0.7113
2026-03-07 21:07:07,812 Epoch 20: Train Loss 0.0954, Valid Loss 0.1302
2026-03-07 21:08:03,667 [[3676   47]
 [ 121  189]]
2026-03-07 21:08:03,670 AUC of ROC = 0.9412
2026-03-07 21:08:03,670 AUC of PRC = 0.7512
2026-03-07 21:08:03,671 min(+P, Se) = 0.7106
2026-03-07 21:08:03,671 f1_score = 0.6923
2026-03-07 21:08:03,672 Epoch 21: Train Loss 0.0951, Valid Loss 0.1349
2026-03-07 21:09:00,499 [[3659   64]
 [ 102  208]]
2026-03-07 21:09:00,503 AUC of ROC = 0.9431
2026-03-07 21:09:00,503 AUC of PRC = 0.7731
2026-03-07 21:09:00,504 min(+P, Se) = 0.7000
2026-03-07 21:09:00,504 f1_score = 0.7148
2026-03-07 21:09:00,505 Epoch 22: Train Loss 0.0944, Valid Loss 0.1358
2026-03-07 21:09:00,505 ----- Save best model - auprc: 0.7731 -----
2026-03-07 21:09:56,580 [[3668   55]
 [ 110  200]]
2026-03-07 21:09:56,584 AUC of ROC = 0.9462
2026-03-07 21:09:56,584 AUC of PRC = 0.7626
2026-03-07 21:09:56,585 min(+P, Se) = 0.7032
2026-03-07 21:09:56,585 f1_score = 0.7080
2026-03-07 21:09:56,585 Epoch 23: Train Loss 0.0901, Valid Loss 0.1351
2026-03-07 21:10:52,749 [[3659   64]
 [ 104  206]]
2026-03-07 21:10:52,752 AUC of ROC = 0.9451
2026-03-07 21:10:52,753 AUC of PRC = 0.7689
2026-03-07 21:10:52,754 min(+P, Se) = 0.7032
2026-03-07 21:10:52,754 f1_score = 0.7103
2026-03-07 21:10:52,755 Epoch 24: Train Loss 0.0901, Valid Loss 0.1283
2026-03-07 21:11:48,970 [[3614  109]
 [  84  226]]
2026-03-07 21:11:48,973 AUC of ROC = 0.9384
2026-03-07 21:11:48,973 AUC of PRC = 0.7657
2026-03-07 21:11:48,973 min(+P, Se) = 0.7097
2026-03-07 21:11:48,974 f1_score = 0.7008
2026-03-07 21:11:48,974 Epoch 25: Train Loss 0.0888, Valid Loss 0.1478
2026-03-07 21:11:49,067 last saved model is in epoch 22
2026-03-07 21:11:53,016 [[3704   54]
 [  99  177]]
2026-03-07 21:11:53,021 AUC of ROC = 0.9440
2026-03-07 21:11:53,021 AUC of PRC = 0.7640
2026-03-07 21:11:53,022 min(+P, Se) = 0.7101
2026-03-07 21:11:53,022 f1_score = 0.6982
2026-03-07 21:11:53,022 Test Loss 0.1246
