2026-02-24 00:22:24,547 {
    "dataset": "c19",
    "data_dropout": 0.0,
    "epochs": 25,
    "lr": 0.001,
    "d_model": 32,
    "seed": 1234,
    "batch_size": 64,
    "dropout": 0.1,
    "save_model": true,
    "save_dir": "./export/c19/smart/seed_1234",
    "local_rank": 0,
    "min_mask_ratio": 0.0,
    "max_mask_ratio": 0.75,
    "e_layers": 2,
    "n_heads": 4,
    "time_dim": 16,
    "use_film": false
}
2026-02-24 00:22:38,752 Dataset Loaded.
2026-02-24 00:23:55,213 Epoch 1: Train Loss 0.1182, Valid Loss 0.0275
2026-02-24 00:23:55,215 ----- Save best model - L1: 0.0275 -----
2026-02-24 00:25:10,519 Epoch 2: Train Loss 0.0706, Valid Loss 0.0267
2026-02-24 00:25:10,520 ----- Save best model - L1: 0.0267 -----
2026-02-24 00:26:25,896 Epoch 3: Train Loss 0.0575, Valid Loss 0.0298
2026-02-24 00:27:41,111 Epoch 4: Train Loss 0.0536, Valid Loss 0.0303
2026-02-24 00:28:56,452 Epoch 5: Train Loss 0.0521, Valid Loss 0.0307
2026-02-24 00:30:11,732 Epoch 6: Train Loss 0.0514, Valid Loss 0.0301
2026-02-24 00:31:27,093 Epoch 7: Train Loss 0.0517, Valid Loss 0.0287
2026-02-24 00:32:42,519 Epoch 8: Train Loss 0.0516, Valid Loss 0.0280
2026-02-24 00:33:58,554 Epoch 9: Train Loss 0.0504, Valid Loss 0.0272
2026-02-24 00:35:14,166 Epoch 10: Train Loss 0.0489, Valid Loss 0.0264
2026-02-24 00:35:14,167 ----- Save best model - L1: 0.0264 -----
2026-02-24 00:36:29,777 Epoch 11: Train Loss 0.0483, Valid Loss 0.0255
2026-02-24 00:36:29,777 ----- Save best model - L1: 0.0255 -----
2026-02-24 00:37:45,271 Epoch 12: Train Loss 0.0487, Valid Loss 0.0253
2026-02-24 00:37:45,272 ----- Save best model - L1: 0.0253 -----
2026-02-24 00:39:00,833 Epoch 13: Train Loss 0.0497, Valid Loss 0.0257
2026-02-24 00:40:16,133 Epoch 14: Train Loss 0.0507, Valid Loss 0.0264
2026-02-24 00:41:31,481 Epoch 15: Train Loss 0.0516, Valid Loss 0.0262
2026-02-24 00:42:46,894 Epoch 16: Train Loss 0.0523, Valid Loss 0.0266
2026-02-24 00:44:02,484 Epoch 17: Train Loss 0.0526, Valid Loss 0.0265
2026-02-24 00:45:17,886 Epoch 18: Train Loss 0.0526, Valid Loss 0.0263
2026-02-24 00:46:33,236 Epoch 19: Train Loss 0.0532, Valid Loss 0.0267
2026-02-24 00:47:48,628 Epoch 20: Train Loss 0.0537, Valid Loss 0.0275
2026-02-24 00:49:04,680 Epoch 21: Train Loss 0.0542, Valid Loss 0.0273
2026-02-24 00:50:20,451 Epoch 22: Train Loss 0.0548, Valid Loss 0.0276
2026-02-24 00:51:35,864 Epoch 23: Train Loss 0.0551, Valid Loss 0.0282
2026-02-24 00:52:51,128 Epoch 24: Train Loss 0.0552, Valid Loss 0.0280
2026-02-24 00:54:06,547 Epoch 25: Train Loss 0.0553, Valid Loss 0.0276
2026-02-24 00:54:06,586 last saved model is in epoch 12
2026-02-24 00:54:12,177 Test Loss 0.0251
2026-02-24 00:54:16,435 {
    "dataset": "c19",
    "data_dropout": 0.0,
    "epochs": 25,
    "freeze_epochs": 5,
    "lr": 0.001,
    "d_model": 32,
    "seed": 1234,
    "batch_size": 64,
    "dropout": 0.1,
    "save_model": true,
    "save_dir": "./export/c19/smart/seed_1234",
    "local_rank": 0,
    "e_layers": 2,
    "n_heads": 4,
    "time_dim": 16,
    "use_film": false
}
2026-02-24 00:54:30,129 Dataset Loaded.
2026-02-24 00:54:31,111 last saved model is in epoch 12
2026-02-24 00:55:00,046 [[3747   12]
 [ 226   48]]
2026-02-24 00:55:00,050 AUC of ROC = 0.8636
2026-02-24 00:55:00,051 AUC of PRC = 0.4447
2026-02-24 00:55:00,051 min(+P, Se) = 0.4599
2026-02-24 00:55:00,051 f1_score = 0.2874
2026-02-24 00:55:00,052 Epoch 1: Train Loss 0.2148, Valid Loss 0.1738
2026-02-24 00:55:00,052 ----- Save best model - auprc: 0.4447 -----
2026-02-24 00:55:28,669 [[3691   68]
 [ 163  111]]
2026-02-24 00:55:28,672 AUC of ROC = 0.8846
2026-02-24 00:55:28,672 AUC of PRC = 0.4785
2026-02-24 00:55:28,672 min(+P, Se) = 0.4818
2026-02-24 00:55:28,672 f1_score = 0.4901
2026-02-24 00:55:28,672 Epoch 2: Train Loss 0.1909, Valid Loss 0.1782
2026-02-24 00:55:28,673 ----- Save best model - auprc: 0.4785 -----
2026-02-24 00:55:57,497 [[3736   23]
 [ 219   55]]
2026-02-24 00:55:57,500 AUC of ROC = 0.8898
2026-02-24 00:55:57,500 AUC of PRC = 0.4978
2026-02-24 00:55:57,501 min(+P, Se) = 0.5200
2026-02-24 00:55:57,501 f1_score = 0.3125
2026-02-24 00:55:57,501 Epoch 3: Train Loss 0.1862, Valid Loss 0.1715
2026-02-24 00:55:57,502 ----- Save best model - auprc: 0.4978 -----
2026-02-24 00:56:26,226 [[3702   57]
 [ 169  105]]
2026-02-24 00:56:26,231 AUC of ROC = 0.8928
2026-02-24 00:56:26,231 AUC of PRC = 0.4977
2026-02-24 00:56:26,231 min(+P, Se) = 0.4929
2026-02-24 00:56:26,232 f1_score = 0.4817
2026-02-24 00:56:26,232 Epoch 4: Train Loss 0.1821, Valid Loss 0.1650
2026-02-24 00:56:55,193 [[3704   55]
 [ 163  111]]
2026-02-24 00:56:55,196 AUC of ROC = 0.8999
2026-02-24 00:56:55,197 AUC of PRC = 0.5318
2026-02-24 00:56:55,197 min(+P, Se) = 0.5255
2026-02-24 00:56:55,197 f1_score = 0.5045
2026-02-24 00:56:55,198 Epoch 5: Train Loss 0.1816, Valid Loss 0.1625
2026-02-24 00:56:55,199 ----- Save best model - auprc: 0.5318 -----
2026-02-24 00:57:45,194 [[3728   31]
 [ 121  153]]
2026-02-24 00:57:45,197 AUC of ROC = 0.9397
2026-02-24 00:57:45,197 AUC of PRC = 0.7334
2026-02-24 00:57:45,198 min(+P, Se) = 0.6861
2026-02-24 00:57:45,198 f1_score = 0.6681
2026-02-24 00:57:45,199 Epoch 6: Train Loss 0.1564, Valid Loss 0.1228
2026-02-24 00:57:45,199 ----- Save best model - auprc: 0.7334 -----
2026-02-24 00:58:35,403 [[3726   33]
 [ 118  156]]
2026-02-24 00:58:35,406 AUC of ROC = 0.9529
2026-02-24 00:58:35,406 AUC of PRC = 0.7550
2026-02-24 00:58:35,406 min(+P, Se) = 0.6825
2026-02-24 00:58:35,407 f1_score = 0.6739
2026-02-24 00:58:35,407 Epoch 7: Train Loss 0.1292, Valid Loss 0.1146
2026-02-24 00:58:35,408 ----- Save best model - auprc: 0.7550 -----
2026-02-24 00:59:25,501 [[3727   32]
 [ 109  165]]
2026-02-24 00:59:25,503 AUC of ROC = 0.9475
2026-02-24 00:59:25,504 AUC of PRC = 0.7522
2026-02-24 00:59:25,504 min(+P, Se) = 0.7007
2026-02-24 00:59:25,504 f1_score = 0.7006
2026-02-24 00:59:25,505 Epoch 8: Train Loss 0.1186, Valid Loss 0.1106
2026-02-24 01:00:15,754 [[3702   57]
 [  90  184]]
2026-02-24 01:00:15,757 AUC of ROC = 0.9494
2026-02-24 01:00:15,757 AUC of PRC = 0.7658
2026-02-24 01:00:15,757 min(+P, Se) = 0.7190
2026-02-24 01:00:15,758 f1_score = 0.7146
2026-02-24 01:00:15,758 Epoch 9: Train Loss 0.1156, Valid Loss 0.1103
2026-02-24 01:00:15,758 ----- Save best model - auprc: 0.7658 -----
2026-02-24 01:01:05,894 [[3719   40]
 [ 111  163]]
2026-02-24 01:01:05,896 AUC of ROC = 0.9484
2026-02-24 01:01:05,897 AUC of PRC = 0.7578
2026-02-24 01:01:05,897 min(+P, Se) = 0.7044
2026-02-24 01:01:05,898 f1_score = 0.6834
2026-02-24 01:01:05,898 Epoch 10: Train Loss 0.1097, Valid Loss 0.1080
2026-02-24 01:01:56,104 [[3732   27]
 [ 109  165]]
2026-02-24 01:01:56,107 AUC of ROC = 0.9540
2026-02-24 01:01:56,107 AUC of PRC = 0.7718
2026-02-24 01:01:56,107 min(+P, Se) = 0.6971
2026-02-24 01:01:56,108 f1_score = 0.7082
2026-02-24 01:01:56,108 Epoch 11: Train Loss 0.1091, Valid Loss 0.1102
2026-02-24 01:01:56,109 ----- Save best model - auprc: 0.7718 -----
2026-02-24 01:02:46,222 [[3716   43]
 [  96  178]]
2026-02-24 01:02:46,225 AUC of ROC = 0.9505
2026-02-24 01:02:46,226 AUC of PRC = 0.7641
2026-02-24 01:02:46,226 min(+P, Se) = 0.6909
2026-02-24 01:02:46,227 f1_score = 0.7192
2026-02-24 01:02:46,228 Epoch 12: Train Loss 0.1081, Valid Loss 0.1090
2026-02-24 01:03:37,072 [[3700   59]
 [  90  184]]
2026-02-24 01:03:37,078 AUC of ROC = 0.9515
2026-02-24 01:03:37,079 AUC of PRC = 0.7661
2026-02-24 01:03:37,079 min(+P, Se) = 0.6971
2026-02-24 01:03:37,080 f1_score = 0.7118
2026-02-24 01:03:37,081 Epoch 13: Train Loss 0.1053, Valid Loss 0.1119
2026-02-24 01:04:27,643 [[3731   28]
 [ 119  155]]
2026-02-24 01:04:27,646 AUC of ROC = 0.9502
2026-02-24 01:04:27,646 AUC of PRC = 0.7648
2026-02-24 01:04:27,647 min(+P, Se) = 0.7044
2026-02-24 01:04:27,647 f1_score = 0.6783
2026-02-24 01:04:27,648 Epoch 14: Train Loss 0.1036, Valid Loss 0.1283
2026-02-24 01:05:17,838 [[3650  109]
 [  69  205]]
2026-02-24 01:05:17,841 AUC of ROC = 0.9395
2026-02-24 01:05:17,841 AUC of PRC = 0.7506
2026-02-24 01:05:17,842 min(+P, Se) = 0.7080
2026-02-24 01:05:17,842 f1_score = 0.6973
2026-02-24 01:05:17,843 Epoch 15: Train Loss 0.1035, Valid Loss 0.1379
2026-02-24 01:06:08,323 [[3737   22]
 [ 120  154]]
2026-02-24 01:06:08,326 AUC of ROC = 0.9489
2026-02-24 01:06:08,326 AUC of PRC = 0.7611
2026-02-24 01:06:08,326 min(+P, Se) = 0.7117
2026-02-24 01:06:08,327 f1_score = 0.6844
2026-02-24 01:06:08,327 Epoch 16: Train Loss 0.1011, Valid Loss 0.1159
2026-02-24 01:06:58,580 [[3696   63]
 [  91  183]]
2026-02-24 01:06:58,583 AUC of ROC = 0.9509
2026-02-24 01:06:58,583 AUC of PRC = 0.7699
2026-02-24 01:06:58,584 min(+P, Se) = 0.7091
2026-02-24 01:06:58,584 f1_score = 0.7038
2026-02-24 01:06:58,584 Epoch 17: Train Loss 0.0995, Valid Loss 0.1203
2026-02-24 01:07:48,750 [[3713   46]
 [  97  177]]
2026-02-24 01:07:48,753 AUC of ROC = 0.9517
2026-02-24 01:07:48,753 AUC of PRC = 0.7677
2026-02-24 01:07:48,753 min(+P, Se) = 0.6934
2026-02-24 01:07:48,754 f1_score = 0.7123
2026-02-24 01:07:48,755 Epoch 18: Train Loss 0.0967, Valid Loss 0.1235
2026-02-24 01:08:39,046 [[3727   32]
 [ 111  163]]
2026-02-24 01:08:39,049 AUC of ROC = 0.9564
2026-02-24 01:08:39,049 AUC of PRC = 0.7749
2026-02-24 01:08:39,049 min(+P, Se) = 0.7117
2026-02-24 01:08:39,049 f1_score = 0.6951
2026-02-24 01:08:39,050 Epoch 19: Train Loss 0.0965, Valid Loss 0.1142
2026-02-24 01:08:39,050 ----- Save best model - auprc: 0.7749 -----
2026-02-24 01:09:29,217 [[3700   59]
 [ 105  169]]
2026-02-24 01:09:29,220 AUC of ROC = 0.9511
2026-02-24 01:09:29,220 AUC of PRC = 0.7550
2026-02-24 01:09:29,221 min(+P, Se) = 0.6788
2026-02-24 01:09:29,221 f1_score = 0.6733
2026-02-24 01:09:29,222 Epoch 20: Train Loss 0.0939, Valid Loss 0.1201
2026-02-24 01:10:19,351 [[3724   35]
 [ 105  169]]
2026-02-24 01:10:19,354 AUC of ROC = 0.9551
2026-02-24 01:10:19,355 AUC of PRC = 0.7670
2026-02-24 01:10:19,355 min(+P, Se) = 0.7226
2026-02-24 01:10:19,355 f1_score = 0.7071
2026-02-24 01:10:19,356 Epoch 21: Train Loss 0.0935, Valid Loss 0.1132
2026-02-24 01:11:09,599 [[3715   44]
 [  99  175]]
2026-02-24 01:11:09,602 AUC of ROC = 0.9479
2026-02-24 01:11:09,602 AUC of PRC = 0.7520
2026-02-24 01:11:09,603 min(+P, Se) = 0.7007
2026-02-24 01:11:09,603 f1_score = 0.7099
2026-02-24 01:11:09,603 Epoch 22: Train Loss 0.0906, Valid Loss 0.1288
2026-02-24 01:11:59,889 [[3695   64]
 [  82  192]]
2026-02-24 01:11:59,892 AUC of ROC = 0.9576
2026-02-24 01:11:59,893 AUC of PRC = 0.7729
2026-02-24 01:11:59,893 min(+P, Se) = 0.7148
2026-02-24 01:11:59,893 f1_score = 0.7245
2026-02-24 01:11:59,893 Epoch 23: Train Loss 0.0910, Valid Loss 0.1106
2026-02-24 01:12:50,197 [[3709   50]
 [ 100  174]]
2026-02-24 01:12:50,200 AUC of ROC = 0.9521
2026-02-24 01:12:50,201 AUC of PRC = 0.7573
2026-02-24 01:12:50,201 min(+P, Se) = 0.6898
2026-02-24 01:12:50,201 f1_score = 0.6988
2026-02-24 01:12:50,202 Epoch 24: Train Loss 0.0869, Valid Loss 0.1205
2026-02-24 01:13:40,335 [[3725   34]
 [ 112  162]]
2026-02-24 01:13:40,338 AUC of ROC = 0.9468
2026-02-24 01:13:40,338 AUC of PRC = 0.7582
2026-02-24 01:13:40,339 min(+P, Se) = 0.6934
2026-02-24 01:13:40,339 f1_score = 0.6894
2026-02-24 01:13:40,340 Epoch 25: Train Loss 0.0870, Valid Loss 0.1143
2026-02-24 01:13:40,354 last saved model is in epoch 19
2026-02-24 01:13:43,413 [[3715   30]
 [ 129  160]]
2026-02-24 01:13:43,416 AUC of ROC = 0.9479
2026-02-24 01:13:43,417 AUC of PRC = 0.7597
2026-02-24 01:13:43,417 min(+P, Se) = 0.6851
2026-02-24 01:13:43,417 f1_score = 0.6681
2026-02-24 01:13:43,418 Test Loss 0.1279
