2026-03-09 03:27:42,136 {
    "dataset": "c12",
    "data_dropout": 0.0,
    "epochs": 25,
    "lr": 0.001,
    "d_model": 32,
    "seed": 1,
    "batch_size": 64,
    "dropout": 0.1,
    "save_model": true,
    "save_dir": "./export/c12\\smart-smile-film\\seed_1",
    "local_rank": 0,
    "min_mask_ratio": 0.0,
    "max_mask_ratio": 0.75,
    "e_layers": 2,
    "n_heads": 4,
    "time_dim": 16,
    "use_film": false,
    "use_smile": false,
    "use_smile_film": true,
    "use_mnar": false,
    "save_last": false,
    "smile_no_mnar": false,
    "smile_no_curriculum": false,
    "smile_mask_type": "all",
    "smile_mnar_dropout": 0.05
}
2026-03-09 03:27:44,533 Dataset Loaded.
2026-03-09 03:27:44,533 SMILE system_groups: {'cardiovascular': 4, 'respiratory': 6, 'lab': 27}
2026-03-09 03:28:13,905 Epoch 1: Train Loss 6.9602, Valid Loss 2.5815
2026-03-09 03:28:13,907 ----- Save best model - L1: 2.5815 -----
2026-03-09 03:28:40,779 Epoch 2: Train Loss 2.7224, Valid Loss 1.7720
2026-03-09 03:28:40,781 ----- Save best model - L1: 1.7720 -----
2026-03-09 03:29:07,779 Epoch 3: Train Loss 2.0922, Valid Loss 1.3349
2026-03-09 03:29:07,780 ----- Save best model - L1: 1.3349 -----
2026-03-09 03:29:34,791 Epoch 4: Train Loss 1.8638, Valid Loss 1.0813
2026-03-09 03:29:34,792 ----- Save best model - L1: 1.0813 -----
2026-03-09 03:30:02,248 Epoch 5: Train Loss 1.7680, Valid Loss 1.0325
2026-03-09 03:30:02,250 ----- Save best model - L1: 1.0325 -----
2026-03-09 03:30:30,389 Epoch 6: Train Loss 1.6567, Valid Loss 0.8744
2026-03-09 03:30:30,390 ----- Save best model - L1: 0.8744 -----
2026-03-09 03:30:58,059 Epoch 7: Train Loss 1.5621, Valid Loss 0.8972
2026-03-09 03:31:25,248 Epoch 8: Train Loss 1.5126, Valid Loss 0.8570
2026-03-09 03:31:25,250 ----- Save best model - L1: 0.8570 -----
2026-03-09 03:31:52,470 Epoch 9: Train Loss 1.5042, Valid Loss 0.8436
2026-03-09 03:31:52,472 ----- Save best model - L1: 0.8436 -----
2026-03-09 03:32:19,345 Epoch 10: Train Loss 1.5196, Valid Loss 0.8350
2026-03-09 03:32:19,346 ----- Save best model - L1: 0.8350 -----
2026-03-09 03:32:46,367 Epoch 11: Train Loss 1.5376, Valid Loss 0.8595
2026-03-09 03:33:13,393 Epoch 12: Train Loss 1.5535, Valid Loss 0.8998
2026-03-09 03:33:40,503 Epoch 13: Train Loss 1.6504, Valid Loss 1.0534
2026-03-09 03:34:07,507 Epoch 14: Train Loss 1.7260, Valid Loss 1.0224
2026-03-09 03:34:34,504 Epoch 15: Train Loss 1.7761, Valid Loss 0.9810
2026-03-09 03:35:01,628 Epoch 16: Train Loss 1.8155, Valid Loss 0.9991
2026-03-09 03:35:29,454 Epoch 17: Train Loss 1.8845, Valid Loss 1.0410
2026-03-09 03:35:57,495 Epoch 18: Train Loss 1.9459, Valid Loss 1.0168
2026-03-09 03:36:25,227 Epoch 19: Train Loss 1.9837, Valid Loss 1.2639
2026-03-09 03:36:52,920 Epoch 20: Train Loss 2.0669, Valid Loss 1.1196
2026-03-09 03:37:20,584 Epoch 21: Train Loss 2.0765, Valid Loss 1.1358
2026-03-09 03:37:48,215 Epoch 22: Train Loss 2.0937, Valid Loss 1.1724
2026-03-09 03:38:15,722 Epoch 23: Train Loss 2.1488, Valid Loss 1.2063
2026-03-09 03:38:43,505 Epoch 24: Train Loss 2.2089, Valid Loss 1.2536
2026-03-09 03:39:11,161 Epoch 25: Train Loss 2.1925, Valid Loss 1.1757
2026-03-09 03:39:11,179 last saved model is in epoch 10
2026-03-09 03:39:13,116 Test Loss 0.8619
2026-03-09 03:39:17,734 {
    "dataset": "c12",
    "data_dropout": 0.0,
    "epochs": 25,
    "freeze_epochs": 5,
    "lr": 0.001,
    "d_model": 32,
    "seed": 1,
    "batch_size": 64,
    "dropout": 0.1,
    "save_model": true,
    "save_dir": "./export/c12\\smart-smile-film\\seed_1",
    "local_rank": 0,
    "e_layers": 2,
    "n_heads": 4,
    "time_dim": 16,
    "use_film": false,
    "use_smile": false,
    "use_smile_film": true,
    "use_mnar": false,
    "smile_no_mnar": false,
    "smile_no_curriculum": false,
    "smile_mask_type": "all",
    "smile_mnar_dropout": 0.05,
    "smile_mnar_dropout_initial": 0.0
}
2026-03-09 03:39:19,192 Dataset Loaded.
2026-03-09 03:39:20,143 Class weights: [0.5834043025970459, 3.4974470138549805]
2026-03-09 03:39:20,167 last saved model is in epoch 10
2026-03-09 03:39:31,898 [[644 389]
 [ 33 132]]
2026-03-09 03:39:31,902 AUC of ROC = 0.7051
2026-03-09 03:39:31,902 AUC of PRC = 0.2833
2026-03-09 03:39:31,902 min(+P, Se) = 0.3394
2026-03-09 03:39:31,903 f1_score = 0.3706 (threshold = 0.2756)
2026-03-09 03:39:31,903 Epoch 1: Train Loss 0.8191, Valid Loss 0.6284
2026-03-09 03:39:31,904 ----- Save best model - auprc: 0.2833 -----
2026-03-09 03:39:43,447 [[536 497]
 [ 19 146]]
2026-03-09 03:39:43,451 AUC of ROC = 0.7011
2026-03-09 03:39:43,451 AUC of PRC = 0.2867
2026-03-09 03:39:43,452 min(+P, Se) = 0.3550
2026-03-09 03:39:43,452 f1_score = 0.3722 (threshold = 0.2609)
2026-03-09 03:39:43,452 Epoch 2: Train Loss 0.6765, Valid Loss 0.6386
2026-03-09 03:39:43,454 ----- Save best model - auprc: 0.2867 -----
2026-03-09 03:39:54,922 [[740 293]
 [ 43 122]]
2026-03-09 03:39:54,926 AUC of ROC = 0.7520
2026-03-09 03:39:54,926 AUC of PRC = 0.3182
2026-03-09 03:39:54,926 min(+P, Se) = 0.3690
2026-03-09 03:39:54,928 f1_score = 0.3901 (threshold = 0.5245)
2026-03-09 03:39:54,929 Epoch 3: Train Loss 0.6553, Valid Loss 0.5847
2026-03-09 03:39:54,930 ----- Save best model - auprc: 0.3182 -----
2026-03-09 03:40:06,281 [[716 317]
 [ 28 137]]
2026-03-09 03:40:06,285 AUC of ROC = 0.7756
2026-03-09 03:40:06,285 AUC of PRC = 0.3603
2026-03-09 03:40:06,285 min(+P, Se) = 0.4000
2026-03-09 03:40:06,285 f1_score = 0.4328 (threshold = 0.6917)
2026-03-09 03:40:06,286 Epoch 4: Train Loss 0.6393, Valid Loss 0.5918
2026-03-09 03:40:06,287 ----- Save best model - auprc: 0.3603 -----
2026-03-09 03:40:17,827 [[847 186]
 [ 67  98]]
2026-03-09 03:40:17,830 AUC of ROC = 0.7694
2026-03-09 03:40:17,830 AUC of PRC = 0.3480
2026-03-09 03:40:17,830 min(+P, Se) = 0.3778
2026-03-09 03:40:17,831 f1_score = 0.4296 (threshold = 0.5438)
2026-03-09 03:40:17,831 Epoch 5: Train Loss 0.6382, Valid Loss 0.5766
2026-03-09 03:40:37,224 [[813 220]
 [ 51 114]]
2026-03-09 03:40:37,227 AUC of ROC = 0.8271
2026-03-09 03:40:37,227 AUC of PRC = 0.4408
2026-03-09 03:40:37,227 min(+P, Se) = 0.4578
2026-03-09 03:40:37,228 f1_score = 0.4758 (threshold = 0.6482)
2026-03-09 03:40:37,228 Epoch 6: Train Loss 0.5716, Valid Loss 0.4970
2026-03-09 03:40:37,229 ----- Save best model - auprc: 0.4408 -----
2026-03-09 03:40:56,903 [[810 223]
 [ 41 124]]
2026-03-09 03:40:56,907 AUC of ROC = 0.8382
2026-03-09 03:40:56,907 AUC of PRC = 0.4581
2026-03-09 03:40:56,907 min(+P, Se) = 0.4615
2026-03-09 03:40:56,907 f1_score = 0.4759 (threshold = 0.4472)
2026-03-09 03:40:56,909 Epoch 7: Train Loss 0.5283, Valid Loss 0.4812
2026-03-09 03:40:56,910 ----- Save best model - auprc: 0.4581 -----
2026-03-09 03:41:16,749 [[769 264]
 [ 35 130]]
2026-03-09 03:41:16,752 AUC of ROC = 0.8401
2026-03-09 03:41:16,753 AUC of PRC = 0.4576
2026-03-09 03:41:16,753 min(+P, Se) = 0.4647
2026-03-09 03:41:16,753 f1_score = 0.4794 (threshold = 0.5729)
2026-03-09 03:41:16,753 Epoch 8: Train Loss 0.5068, Valid Loss 0.4874
2026-03-09 03:41:36,440 [[863 170]
 [ 54 111]]
2026-03-09 03:41:36,443 AUC of ROC = 0.8503
2026-03-09 03:41:36,443 AUC of PRC = 0.4842
2026-03-09 03:41:36,443 min(+P, Se) = 0.4641
2026-03-09 03:41:36,444 f1_score = 0.5055 (threshold = 0.2276)
2026-03-09 03:41:36,444 Epoch 9: Train Loss 0.5018, Valid Loss 0.4827
2026-03-09 03:41:36,445 ----- Save best model - auprc: 0.4842 -----
2026-03-09 03:41:56,106 [[789 244]
 [ 38 127]]
2026-03-09 03:41:56,109 AUC of ROC = 0.8528
2026-03-09 03:41:56,110 AUC of PRC = 0.4783
2026-03-09 03:41:56,110 min(+P, Se) = 0.4743
2026-03-09 03:41:56,110 f1_score = 0.4896 (threshold = 0.4251)
2026-03-09 03:41:56,110 Epoch 10: Train Loss 0.4932, Valid Loss 0.4739
2026-03-09 03:42:15,792 [[802 231]
 [ 42 123]]
2026-03-09 03:42:15,795 AUC of ROC = 0.8503
2026-03-09 03:42:15,797 AUC of PRC = 0.4781
2026-03-09 03:42:15,797 min(+P, Se) = 0.5000
2026-03-09 03:42:15,797 f1_score = 0.5075 (threshold = 0.6782)
2026-03-09 03:42:15,798 Epoch 11: Train Loss 0.4905, Valid Loss 0.4673
2026-03-09 03:42:35,262 [[706 327]
 [ 23 142]]
2026-03-09 03:42:35,265 AUC of ROC = 0.8583
2026-03-09 03:42:35,265 AUC of PRC = 0.4908
2026-03-09 03:42:35,265 min(+P, Se) = 0.4835
2026-03-09 03:42:35,265 f1_score = 0.5249 (threshold = 0.8237)
2026-03-09 03:42:35,266 Epoch 12: Train Loss 0.4810, Valid Loss 0.4819
2026-03-09 03:42:35,267 ----- Save best model - auprc: 0.4908 -----
2026-03-09 03:42:54,823 [[841 192]
 [ 47 118]]
2026-03-09 03:42:54,827 AUC of ROC = 0.8495
2026-03-09 03:42:54,827 AUC of PRC = 0.4704
2026-03-09 03:42:54,827 min(+P, Se) = 0.4578
2026-03-09 03:42:54,827 f1_score = 0.4979 (threshold = 0.0691)
2026-03-09 03:42:54,828 Epoch 13: Train Loss 0.4832, Valid Loss 0.4810
2026-03-09 03:43:14,423 [[782 251]
 [ 36 129]]
2026-03-09 03:43:14,426 AUC of ROC = 0.8531
2026-03-09 03:43:14,427 AUC of PRC = 0.4810
2026-03-09 03:43:14,427 min(+P, Se) = 0.4855
2026-03-09 03:43:14,427 f1_score = 0.5055 (threshold = 0.4637)
2026-03-09 03:43:14,428 Epoch 14: Train Loss 0.4774, Valid Loss 0.4687
2026-03-09 03:43:33,834 [[765 268]
 [ 28 137]]
2026-03-09 03:43:33,838 AUC of ROC = 0.8552
2026-03-09 03:43:33,839 AUC of PRC = 0.4836
2026-03-09 03:43:33,839 min(+P, Se) = 0.4731
2026-03-09 03:43:33,840 f1_score = 0.5095 (threshold = 0.4770)
2026-03-09 03:43:33,840 Epoch 15: Train Loss 0.4725, Valid Loss 0.4695
2026-03-09 03:43:53,270 [[676 357]
 [ 18 147]]
2026-03-09 03:43:53,273 AUC of ROC = 0.8555
2026-03-09 03:43:53,274 AUC of PRC = 0.4859
2026-03-09 03:43:53,274 min(+P, Se) = 0.4788
2026-03-09 03:43:53,274 f1_score = 0.5174 (threshold = 0.5785)
2026-03-09 03:43:53,275 Epoch 16: Train Loss 0.4632, Valid Loss 0.4952
2026-03-09 03:44:12,799 [[779 254]
 [ 37 128]]
2026-03-09 03:44:12,803 AUC of ROC = 0.8585
2026-03-09 03:44:12,803 AUC of PRC = 0.5015
2026-03-09 03:44:12,803 min(+P, Se) = 0.5000
2026-03-09 03:44:12,804 f1_score = 0.5404 (threshold = 0.5748)
2026-03-09 03:44:12,804 Epoch 17: Train Loss 0.4635, Valid Loss 0.4623
2026-03-09 03:44:12,806 ----- Save best model - auprc: 0.5015 -----
2026-03-09 03:44:32,210 [[811 222]
 [ 39 126]]
2026-03-09 03:44:32,213 AUC of ROC = 0.8484
2026-03-09 03:44:32,213 AUC of PRC = 0.4715
2026-03-09 03:44:32,214 min(+P, Se) = 0.4439
2026-03-09 03:44:32,214 f1_score = 0.5180 (threshold = 0.1787)
2026-03-09 03:44:32,214 Epoch 18: Train Loss 0.4622, Valid Loss 0.4756
2026-03-09 03:44:51,649 [[816 217]
 [ 38 127]]
2026-03-09 03:44:51,652 AUC of ROC = 0.8562
2026-03-09 03:44:51,652 AUC of PRC = 0.4806
2026-03-09 03:44:51,653 min(+P, Se) = 0.4426
2026-03-09 03:44:51,653 f1_score = 0.5122 (threshold = 0.2502)
2026-03-09 03:44:51,653 Epoch 19: Train Loss 0.4579, Valid Loss 0.4622
2026-03-09 03:45:11,644 [[858 175]
 [ 49 116]]
2026-03-09 03:45:11,647 AUC of ROC = 0.8555
2026-03-09 03:45:11,647 AUC of PRC = 0.4864
2026-03-09 03:45:11,647 min(+P, Se) = 0.4524
2026-03-09 03:45:11,648 f1_score = 0.5178 (threshold = 0.2033)
2026-03-09 03:45:11,648 Epoch 20: Train Loss 0.4558, Valid Loss 0.4686
2026-03-09 03:45:31,503 [[816 217]
 [ 43 122]]
2026-03-09 03:45:31,506 AUC of ROC = 0.8568
2026-03-09 03:45:31,507 AUC of PRC = 0.4962
2026-03-09 03:45:31,507 min(+P, Se) = 0.4804
2026-03-09 03:45:31,507 f1_score = 0.5150 (threshold = 0.3207)
2026-03-09 03:45:31,508 Epoch 21: Train Loss 0.4535, Valid Loss 0.4625
2026-03-09 03:45:50,992 [[801 232]
 [ 34 131]]
2026-03-09 03:45:50,995 AUC of ROC = 0.8567
2026-03-09 03:45:50,996 AUC of PRC = 0.4881
2026-03-09 03:45:50,996 min(+P, Se) = 0.4699
2026-03-09 03:45:50,996 f1_score = 0.5117 (threshold = 0.3602)
2026-03-09 03:45:50,997 Epoch 22: Train Loss 0.4509, Valid Loss 0.4613
2026-03-09 03:46:10,213 [[836 197]
 [ 44 121]]
2026-03-09 03:46:10,216 AUC of ROC = 0.8570
2026-03-09 03:46:10,216 AUC of PRC = 0.4907
2026-03-09 03:46:10,216 min(+P, Se) = 0.4749
2026-03-09 03:46:10,216 f1_score = 0.5158 (threshold = 0.1098)
2026-03-09 03:46:10,217 Epoch 23: Train Loss 0.4465, Valid Loss 0.4621
2026-03-09 03:46:29,254 [[794 239]
 [ 35 130]]
2026-03-09 03:46:29,257 AUC of ROC = 0.8563
2026-03-09 03:46:29,257 AUC of PRC = 0.4880
2026-03-09 03:46:29,257 min(+P, Se) = 0.4706
2026-03-09 03:46:29,258 f1_score = 0.5136 (threshold = 0.3806)
2026-03-09 03:46:29,258 Epoch 24: Train Loss 0.4479, Valid Loss 0.4624
2026-03-09 03:46:48,413 [[824 209]
 [ 43 122]]
2026-03-09 03:46:48,416 AUC of ROC = 0.8570
2026-03-09 03:46:48,416 AUC of PRC = 0.4903
2026-03-09 03:46:48,417 min(+P, Se) = 0.4757
2026-03-09 03:46:48,417 f1_score = 0.5136 (threshold = 0.2950)
2026-03-09 03:46:48,417 Epoch 25: Train Loss 0.4452, Valid Loss 0.4616
2026-03-09 03:46:48,438 last saved model is in epoch 17
2026-03-09 03:46:49,621 [[772 257]
 [ 42 129]]
2026-03-09 03:46:49,624 AUC of ROC = 0.8388
2026-03-09 03:46:49,625 AUC of PRC = 0.4520
2026-03-09 03:46:49,625 min(+P, Se) = 0.4778
2026-03-09 03:46:49,625 f1_score = 0.5040 (threshold = 0.6076)
2026-03-09 03:46:49,625 Test Loss 0.5172
