2026-03-26 08:36:49,826 {
    "dataset": "c19",
    "data_dropout": 0.0,
    "epochs": 25,
    "lr": 0.001,
    "d_model": 32,
    "seed": 42,
    "batch_size": 64,
    "dropout": 0.1,
    "save_model": true,
    "save_dir": "./export/c19\\smart-smile-lean-no-time-mnar\\seed_42",
    "local_rank": 0,
    "min_mask_ratio": 0.15,
    "max_mask_ratio": 0.75,
    "e_layers": 2,
    "n_heads": 4,
    "time_dim": 16,
    "use_film": false,
    "use_smile": false,
    "use_smile_film": false,
    "use_smile_v2": false,
    "use_smile_v2_film": false,
    "use_smile_lean": true,
    "use_smile_lean_samepretrain": false,
    "use_mnar": false,
    "save_last": true,
    "smile_no_mnar": false,
    "smile_no_curriculum": false,
    "smile_mask_type": "all",
    "smile_mnar_dropout": 0.05,
    "obs_density_window": 5,
    "abl_no_density": false,
    "abl_no_mnar_bias": false,
    "abl_no_film": false,
    "abl_no_time_mnar": true,
    "abl_no_time_pe": false,
    "pretrain_mask_mode": "fixed",
    "ratio_temperature": 1.0,
    "smile_stratified": false,
    "smile_mask_weights": null
}
2026-03-26 08:36:54,679 Dataset Loaded.
2026-03-26 08:36:54,680 system_groups: {'Vital_Basic': 7, 'Resp_Gas': 7, 'Liver_Enzyme': 2, 'Renal': 3, 'Coagulation': 3, 'CBC': 3, 'Bilirubin': 2}
2026-03-26 08:38:24,206 Epoch 1: Train Loss 0.0822, Valid Loss 0.0239, EMA Val 0.0239
2026-03-26 08:39:50,956 Epoch 2: Train Loss 0.0603, Valid Loss 0.0233, EMA Val 0.0237
2026-03-26 08:41:17,524 Epoch 3: Train Loss 0.0500, Valid Loss 0.0207, EMA Val 0.0228
2026-03-26 08:42:43,556 Epoch 4: Train Loss 0.0439, Valid Loss 0.0203, EMA Val 0.0221
2026-03-26 08:44:09,846 Epoch 5: Train Loss 0.0419, Valid Loss 0.0201, EMA Val 0.0215
2026-03-26 08:45:36,314 Epoch 6: Train Loss 0.0420, Valid Loss 0.0214, EMA Val 0.0215
2026-03-26 08:47:03,519 Epoch 7: Train Loss 0.0438, Valid Loss 0.0235, EMA Val 0.0221
2026-03-26 08:48:29,873 Epoch 8: Train Loss 0.0460, Valid Loss 0.0235, EMA Val 0.0225
2026-03-26 08:49:56,215 Epoch 9: Train Loss 0.0481, Valid Loss 0.0241, EMA Val 0.0230
2026-03-26 08:51:23,237 Epoch 10: Train Loss 0.0512, Valid Loss 0.0271, EMA Val 0.0242
2026-03-26 08:52:49,691 Epoch 11: Train Loss 0.0536, Valid Loss 0.0273, EMA Val 0.0251
2026-03-26 08:54:16,445 Epoch 12: Train Loss 0.0585, Valid Loss 0.0292, EMA Val 0.0264
2026-03-26 08:55:42,999 Epoch 13: Train Loss 0.0603, Valid Loss 0.0297, EMA Val 0.0274
2026-03-26 08:57:09,201 Epoch 14: Train Loss 0.0652, Valid Loss 0.0338, EMA Val 0.0293
2026-03-26 08:58:36,086 Epoch 15: Train Loss 0.0677, Valid Loss 0.0332, EMA Val 0.0305
2026-03-26 09:00:02,979 Epoch 16: Train Loss 0.0724, Valid Loss 0.0406, EMA Val 0.0335
2026-03-26 09:01:30,091 Epoch 17: Train Loss 0.0758, Valid Loss 0.0377, EMA Val 0.0348
2026-03-26 09:02:57,926 Epoch 18: Train Loss 0.0801, Valid Loss 0.0406, EMA Val 0.0365
2026-03-26 09:04:25,801 Epoch 19: Train Loss 0.0845, Valid Loss 0.0416, EMA Val 0.0380
2026-03-26 09:05:53,724 Epoch 20: Train Loss 0.0890, Valid Loss 0.0424, EMA Val 0.0393
2026-03-26 09:07:21,787 Epoch 21: Train Loss 0.0924, Valid Loss 0.0428, EMA Val 0.0404
2026-03-26 09:08:49,611 Epoch 22: Train Loss 0.0955, Valid Loss 0.0448, EMA Val 0.0417
2026-03-26 09:10:17,388 Epoch 23: Train Loss 0.0981, Valid Loss 0.0452, EMA Val 0.0428
2026-03-26 09:11:45,653 Epoch 24: Train Loss 0.1009, Valid Loss 0.0472, EMA Val 0.0441
2026-03-26 09:13:13,737 Epoch 25: Train Loss 0.1048, Valid Loss 0.0501, EMA Val 0.0459
2026-03-26 09:13:13,738 ----- Save last epoch model - L1: 0.0459 -----
2026-03-26 09:13:13,773 last saved model is in epoch 25
2026-03-26 09:13:20,118 Test Loss 0.0504
2026-03-26 09:13:27,395 {
    "dataset": "c19",
    "data_dropout": 0.0,
    "epochs": 25,
    "freeze_epochs": 5,
    "lr": 0.001,
    "d_model": 32,
    "seed": 42,
    "batch_size": 64,
    "dropout": 0.1,
    "save_model": true,
    "save_dir": "./export/c19\\smart-smile-lean-no-time-mnar\\seed_42",
    "pretrain_dir": null,
    "local_rank": 0,
    "e_layers": 2,
    "n_heads": 4,
    "time_dim": 16,
    "use_film": false,
    "use_smile": false,
    "use_smile_film": false,
    "use_mnar": false,
    "use_smile_v2": false,
    "use_smile_v2_film": false,
    "use_smile_lean": true,
    "use_smile_lean_samepretrain": false,
    "obs_density_window": 5,
    "abl_no_density": false,
    "abl_no_mnar_bias": false,
    "abl_no_film": false,
    "abl_no_time_mnar": true,
    "abl_no_time_pe": false,
    "smile_no_mnar": false,
    "smile_no_curriculum": false,
    "smile_mask_type": "all",
    "smile_mnar_dropout": 0.05,
    "smile_mnar_dropout_initial": 0.0,
    "smile_stratified": false
}
2026-03-26 09:13:32,787 Dataset Loaded.
2026-03-26 09:13:33,845 Class weights: [0.5393641591072083, 6.850955486297607]
2026-03-26 09:13:33,858 last saved model is in epoch 25
2026-03-26 09:14:10,016 [[2659 1079]
 [  49  246]]
2026-03-26 09:14:10,021 AUC of ROC = 0.8457
2026-03-26 09:14:10,021 AUC of PRC = 0.3192
2026-03-26 09:14:10,021 min(+P, Se) = 0.4000
2026-03-26 09:14:10,022 f1_score = 0.4007 (threshold = 1.1246)
2026-03-26 09:14:10,022 Epoch 1: Train Loss 0.5549, Valid Loss 0.4908
2026-03-26 09:14:10,023 ----- Save best model - auprc: 0.3192 -----
2026-03-26 09:14:45,863 [[3000  738]
 [  73  222]]
2026-03-26 09:14:45,867 AUC of ROC = 0.8543
2026-03-26 09:14:45,868 AUC of PRC = 0.3284
2026-03-26 09:14:45,869 min(+P, Se) = 0.3898
2026-03-26 09:14:45,869 f1_score = 0.4077 (threshold = 0.7856)
2026-03-26 09:14:45,870 Epoch 2: Train Loss 0.5122, Valid Loss 0.4666
2026-03-26 09:14:45,871 ----- Save best model - auprc: 0.3284 -----
2026-03-26 09:15:21,774 [[3304  434]
 [ 109  186]]
2026-03-26 09:15:21,779 AUC of ROC = 0.8652
2026-03-26 09:15:21,780 AUC of PRC = 0.3731
2026-03-26 09:15:21,780 min(+P, Se) = 0.4333
2026-03-26 09:15:21,781 f1_score = 0.4431 (threshold = 0.5120)
2026-03-26 09:15:21,781 Epoch 3: Train Loss 0.5041, Valid Loss 0.4786
2026-03-26 09:15:21,782 ----- Save best model - auprc: 0.3731 -----
2026-03-26 09:15:57,628 [[2880  858]
 [  57  238]]
2026-03-26 09:15:57,633 AUC of ROC = 0.8614
2026-03-26 09:15:57,633 AUC of PRC = 0.3519
2026-03-26 09:15:57,634 min(+P, Se) = 0.4203
2026-03-26 09:15:57,634 f1_score = 0.4259 (threshold = 0.8310)
2026-03-26 09:15:57,635 Epoch 4: Train Loss 0.4971, Valid Loss 0.4550
2026-03-26 09:16:33,638 [[3200  538]
 [  83  212]]
2026-03-26 09:16:33,642 AUC of ROC = 0.8760
2026-03-26 09:16:33,643 AUC of PRC = 0.3483
2026-03-26 09:16:33,643 min(+P, Se) = 0.3934
2026-03-26 09:16:33,643 f1_score = 0.4218 (threshold = 0.4854)
2026-03-26 09:16:33,644 Epoch 5: Train Loss 0.4835, Valid Loss 0.4450
2026-03-26 09:17:33,907 [[3203  535]
 [  24  271]]
2026-03-26 09:17:33,917 AUC of ROC = 0.9512
2026-03-26 09:17:33,922 AUC of PRC = 0.7015
2026-03-26 09:17:33,922 min(+P, Se) = 0.6554
2026-03-26 09:17:33,923 f1_score = 0.6565 (threshold = 0.9449)
2026-03-26 09:17:33,923 Epoch 6: Train Loss 0.3967, Valid Loss 0.2960
2026-03-26 09:17:33,924 ----- Save best model - auprc: 0.7015 -----
2026-03-26 09:18:33,020 [[3427  311]
 [  46  249]]
2026-03-26 09:18:33,027 AUC of ROC = 0.9543
2026-03-26 09:18:33,027 AUC of PRC = 0.7540
2026-03-26 09:18:33,028 min(+P, Se) = 0.7264
2026-03-26 09:18:33,028 f1_score = 0.7276 (threshold = 0.9855)
2026-03-26 09:18:33,029 Epoch 7: Train Loss 0.3251, Valid Loss 0.2685
2026-03-26 09:18:33,029 ----- Save best model - auprc: 0.7540 -----
2026-03-26 09:19:32,269 [[3403  335]
 [  37  258]]
2026-03-26 09:19:32,273 AUC of ROC = 0.9616
2026-03-26 09:19:32,275 AUC of PRC = 0.7472
2026-03-26 09:19:32,275 min(+P, Se) = 0.7186
2026-03-26 09:19:32,275 f1_score = 0.7214 (threshold = 1.2541)
2026-03-26 09:19:32,276 Epoch 8: Train Loss 0.3017, Valid Loss 0.2498
2026-03-26 09:20:31,299 [[3460  278]
 [  34  261]]
2026-03-26 09:20:31,303 AUC of ROC = 0.9648
2026-03-26 09:20:31,304 AUC of PRC = 0.7817
2026-03-26 09:20:31,304 min(+P, Se) = 0.7390
2026-03-26 09:20:31,304 f1_score = 0.7466 (threshold = 1.1065)
2026-03-26 09:20:31,305 Epoch 9: Train Loss 0.2854, Valid Loss 0.2378
2026-03-26 09:20:31,306 ----- Save best model - auprc: 0.7817 -----
2026-03-26 09:21:30,310 [[3509  229]
 [  44  251]]
2026-03-26 09:21:30,315 AUC of ROC = 0.9618
2026-03-26 09:21:30,315 AUC of PRC = 0.7583
2026-03-26 09:21:30,316 min(+P, Se) = 0.7119
2026-03-26 09:21:30,316 f1_score = 0.7155 (threshold = 0.5309)
2026-03-26 09:21:30,317 Epoch 10: Train Loss 0.2729, Valid Loss 0.2540
2026-03-26 09:22:29,646 [[3477  261]
 [  42  253]]
2026-03-26 09:22:29,651 AUC of ROC = 0.9601
2026-03-26 09:22:29,651 AUC of PRC = 0.7717
2026-03-26 09:22:29,652 min(+P, Se) = 0.7254
2026-03-26 09:22:29,653 f1_score = 0.7273 (threshold = 1.0461)
2026-03-26 09:22:29,653 Epoch 11: Train Loss 0.2637, Valid Loss 0.2579
2026-03-26 09:23:28,693 [[3292  446]
 [  26  269]]
2026-03-26 09:23:28,699 AUC of ROC = 0.9619
2026-03-26 09:23:28,700 AUC of PRC = 0.7821
2026-03-26 09:23:28,700 min(+P, Se) = 0.7288
2026-03-26 09:23:28,700 f1_score = 0.7354 (threshold = 1.7367)
2026-03-26 09:23:28,701 Epoch 12: Train Loss 0.2519, Valid Loss 0.2600
2026-03-26 09:23:28,702 ----- Save best model - auprc: 0.7821 -----
2026-03-26 09:24:27,830 [[3225  513]
 [  23  272]]
2026-03-26 09:24:27,834 AUC of ROC = 0.9604
2026-03-26 09:24:27,835 AUC of PRC = 0.7711
2026-03-26 09:24:27,835 min(+P, Se) = 0.7356
2026-03-26 09:24:27,835 f1_score = 0.7385 (threshold = 1.6979)
2026-03-26 09:24:27,835 Epoch 13: Train Loss 0.2490, Valid Loss 0.2767
2026-03-26 09:25:26,858 [[3573  165]
 [  54  241]]
2026-03-26 09:25:26,862 AUC of ROC = 0.9575
2026-03-26 09:25:26,863 AUC of PRC = 0.7683
2026-03-26 09:25:26,863 min(+P, Se) = 0.7390
2026-03-26 09:25:26,863 f1_score = 0.7390 (threshold = 0.5990)
2026-03-26 09:25:26,864 Epoch 14: Train Loss 0.2346, Valid Loss 0.2778
2026-03-26 09:26:26,079 [[3498  240]
 [  43  252]]
2026-03-26 09:26:26,084 AUC of ROC = 0.9577
2026-03-26 09:26:26,085 AUC of PRC = 0.7741
2026-03-26 09:26:26,085 min(+P, Se) = 0.7186
2026-03-26 09:26:26,085 f1_score = 0.7303 (threshold = 1.0145)
2026-03-26 09:26:26,085 Epoch 15: Train Loss 0.2207, Valid Loss 0.2674
2026-03-26 09:27:25,182 [[3488  250]
 [  39  256]]
2026-03-26 09:27:25,187 AUC of ROC = 0.9599
2026-03-26 09:27:25,187 AUC of PRC = 0.7874
2026-03-26 09:27:25,188 min(+P, Se) = 0.7331
2026-03-26 09:27:25,188 f1_score = 0.7367 (threshold = 1.2871)
2026-03-26 09:27:25,189 Epoch 16: Train Loss 0.2100, Valid Loss 0.2754
2026-03-26 09:27:25,189 ----- Save best model - auprc: 0.7874 -----
2026-03-26 09:28:24,389 [[3392  346]
 [  33  262]]
2026-03-26 09:28:24,393 AUC of ROC = 0.9566
2026-03-26 09:28:24,393 AUC of PRC = 0.7812
2026-03-26 09:28:24,393 min(+P, Se) = 0.7356
2026-03-26 09:28:24,394 f1_score = 0.7496 (threshold = 1.5990)
2026-03-26 09:28:24,394 Epoch 17: Train Loss 0.2051, Valid Loss 0.2746
2026-03-26 09:29:23,516 [[3435  303]
 [  39  256]]
2026-03-26 09:29:23,520 AUC of ROC = 0.9564
2026-03-26 09:29:23,520 AUC of PRC = 0.7780
2026-03-26 09:29:23,520 min(+P, Se) = 0.7390
2026-03-26 09:29:23,521 f1_score = 0.7420 (threshold = 1.6158)
2026-03-26 09:29:23,522 Epoch 18: Train Loss 0.1957, Valid Loss 0.2701
2026-03-26 09:30:22,613 [[3424  314]
 [  39  256]]
2026-03-26 09:30:22,618 AUC of ROC = 0.9557
2026-03-26 09:30:22,618 AUC of PRC = 0.7844
2026-03-26 09:30:22,618 min(+P, Se) = 0.7264
2026-03-26 09:30:22,619 f1_score = 0.7406 (threshold = 1.6732)
2026-03-26 09:30:22,620 Epoch 19: Train Loss 0.1836, Valid Loss 0.2817
2026-03-26 09:31:21,873 [[3528  210]
 [  46  249]]
2026-03-26 09:31:21,877 AUC of ROC = 0.9558
2026-03-26 09:31:21,878 AUC of PRC = 0.7852
2026-03-26 09:31:21,878 min(+P, Se) = 0.7288
2026-03-26 09:31:21,878 f1_score = 0.7417 (threshold = 1.3102)
2026-03-26 09:31:21,878 Epoch 20: Train Loss 0.1762, Valid Loss 0.3087
2026-03-26 09:32:21,398 [[3448  290]
 [  42  253]]
2026-03-26 09:32:21,402 AUC of ROC = 0.9549
2026-03-26 09:32:21,402 AUC of PRC = 0.7834
2026-03-26 09:32:21,403 min(+P, Se) = 0.7356
2026-03-26 09:32:21,404 f1_score = 0.7443 (threshold = 1.1151)
2026-03-26 09:32:21,404 Epoch 21: Train Loss 0.1704, Valid Loss 0.2911
2026-03-26 09:33:21,124 [[3410  328]
 [  40  255]]
2026-03-26 09:33:21,131 AUC of ROC = 0.9551
2026-03-26 09:33:21,132 AUC of PRC = 0.7843
2026-03-26 09:33:21,133 min(+P, Se) = 0.7399
2026-03-26 09:33:21,133 f1_score = 0.7418 (threshold = 1.6445)
2026-03-26 09:33:21,134 Epoch 22: Train Loss 0.1634, Valid Loss 0.2923
2026-03-26 09:34:20,607 [[3484  254]
 [  44  251]]
2026-03-26 09:34:20,611 AUC of ROC = 0.9552
2026-03-26 09:34:20,612 AUC of PRC = 0.7834
2026-03-26 09:34:20,613 min(+P, Se) = 0.7390
2026-03-26 09:34:20,613 f1_score = 0.7410 (threshold = 1.6652)
2026-03-26 09:34:20,613 Epoch 23: Train Loss 0.1603, Valid Loss 0.3037
2026-03-26 09:35:19,006 [[3468  270]
 [  44  251]]
2026-03-26 09:35:19,010 AUC of ROC = 0.9541
2026-03-26 09:35:19,010 AUC of PRC = 0.7804
2026-03-26 09:35:19,011 min(+P, Se) = 0.7365
2026-03-26 09:35:19,011 f1_score = 0.7407 (threshold = 1.3739)
2026-03-26 09:35:19,012 Epoch 24: Train Loss 0.1550, Valid Loss 0.2999
2026-03-26 09:36:17,301 [[3479  259]
 [  44  251]]
2026-03-26 09:36:17,306 AUC of ROC = 0.9538
2026-03-26 09:36:17,306 AUC of PRC = 0.7805
2026-03-26 09:36:17,307 min(+P, Se) = 0.7322
2026-03-26 09:36:17,307 f1_score = 0.7380 (threshold = 1.6062)
2026-03-26 09:36:17,307 Epoch 25: Train Loss 0.1511, Valid Loss 0.3053
2026-03-26 09:36:17,330 last saved model is in epoch 16
2026-03-26 09:36:21,032 [[3519  233]
 [  30  252]]
2026-03-26 09:36:21,036 AUC of ROC = 0.9662
2026-03-26 09:36:21,037 AUC of PRC = 0.8225
2026-03-26 09:36:21,037 min(+P, Se) = 0.7660
2026-03-26 09:36:21,037 f1_score = 0.7695 (threshold = 1.3429)
2026-03-26 09:36:21,037 Test Loss 0.2342
