2026-03-05 20:00:49,828 {
    "dataset": "c19",
    "data_dropout": 0.0,
    "epochs": 25,
    "lr": 0.001,
    "d_model": 32,
    "seed": 3407,
    "batch_size": 256,
    "dropout": 0.1,
    "save_model": true,
    "save_dir": "./export/c19\\smart-smile\\seed_3407",
    "local_rank": 0,
    "min_mask_ratio": 0.0,
    "max_mask_ratio": 0.75,
    "e_layers": 2,
    "n_heads": 4,
    "time_dim": 16,
    "use_film": false,
    "use_smile": true,
    "use_mnar": false,
    "save_last": false,
    "smile_no_mnar": false,
    "smile_no_curriculum": false,
    "smile_mask_type": "all",
    "smile_mnar_dropout": 0.05
}
2026-03-05 20:00:53,818 Dataset Loaded.
2026-03-05 20:00:53,819 SMILE system_groups: {'cardiovascular': 2, 'respiratory': 7, 'lab': 25}
2026-03-05 20:07:07,551 Epoch 1: Train Loss 0.1670, Valid Loss 0.0401
2026-03-05 20:07:07,552 ----- Save best model - L1: 0.0401 -----
2026-03-05 20:13:42,735 Epoch 2: Train Loss 0.0962, Valid Loss 0.0283
2026-03-05 20:13:42,736 ----- Save best model - L1: 0.0283 -----
2026-03-05 20:20:28,070 Epoch 3: Train Loss 0.0870, Valid Loss 0.0258
2026-03-05 20:20:28,072 ----- Save best model - L1: 0.0258 -----
2026-03-05 20:27:17,546 Epoch 4: Train Loss 0.0800, Valid Loss 0.0253
2026-03-05 20:27:17,547 ----- Save best model - L1: 0.0253 -----
2026-03-05 20:34:06,624 Epoch 5: Train Loss 0.0730, Valid Loss 0.0250
2026-03-05 20:34:06,625 ----- Save best model - L1: 0.0250 -----
2026-03-05 20:40:53,214 Epoch 6: Train Loss 0.0686, Valid Loss 0.0247
2026-03-05 20:40:53,216 ----- Save best model - L1: 0.0247 -----
2026-03-05 20:47:44,687 Epoch 7: Train Loss 0.0630, Valid Loss 0.0243
2026-03-05 20:47:44,688 ----- Save best model - L1: 0.0243 -----
2026-03-05 20:54:29,216 Epoch 8: Train Loss 0.0612, Valid Loss 0.0244
2026-03-05 21:01:21,980 Epoch 9: Train Loss 0.0581, Valid Loss 0.0238
2026-03-05 21:01:21,981 ----- Save best model - L1: 0.0238 -----
2026-03-05 21:08:08,697 Epoch 10: Train Loss 0.0573, Valid Loss 0.0253
2026-03-05 21:15:02,216 Epoch 11: Train Loss 0.0545, Valid Loss 0.0263
2026-03-05 21:21:48,161 Epoch 12: Train Loss 0.0531, Valid Loss 0.0243
2026-03-05 21:28:42,089 Epoch 13: Train Loss 0.0522, Valid Loss 0.0241
2026-03-05 21:35:29,565 Epoch 14: Train Loss 0.0523, Valid Loss 0.0249
2026-03-05 21:42:19,454 Epoch 15: Train Loss 0.0506, Valid Loss 0.0238
2026-03-05 21:42:19,455 ----- Save best model - L1: 0.0238 -----
2026-03-05 21:49:08,905 Epoch 16: Train Loss 0.0515, Valid Loss 0.0236
2026-03-05 21:49:08,906 ----- Save best model - L1: 0.0236 -----
2026-03-05 21:55:56,999 Epoch 17: Train Loss 0.0507, Valid Loss 0.0244
2026-03-05 22:02:50,442 Epoch 18: Train Loss 0.0494, Valid Loss 0.0236
2026-03-05 22:09:47,567 Epoch 19: Train Loss 0.0502, Valid Loss 0.0236
2026-03-05 22:17:46,978 Epoch 20: Train Loss 0.0503, Valid Loss 0.0240
2026-03-05 22:27:51,418 Epoch 21: Train Loss 0.0499, Valid Loss 0.0234
2026-03-05 22:27:51,426 ----- Save best model - L1: 0.0234 -----
2026-03-05 22:38:39,016 Epoch 22: Train Loss 0.0490, Valid Loss 0.0231
2026-03-05 22:38:39,017 ----- Save best model - L1: 0.0231 -----
2026-03-05 22:49:12,995 Epoch 23: Train Loss 0.0492, Valid Loss 0.0236
2026-03-05 22:59:32,305 Epoch 24: Train Loss 0.0500, Valid Loss 0.0235
2026-03-05 23:09:53,722 Epoch 25: Train Loss 0.0489, Valid Loss 0.0232
2026-03-05 23:09:53,825 last saved model is in epoch 22
2026-03-05 23:11:09,696 Test Loss 0.0234
2026-03-05 23:11:22,879 {
    "dataset": "c19",
    "data_dropout": 0.0,
    "epochs": 25,
    "freeze_epochs": 5,
    "lr": 0.001,
    "d_model": 32,
    "seed": 3407,
    "batch_size": 256,
    "dropout": 0.1,
    "save_model": true,
    "save_dir": "./export/c19\\smart-smile\\seed_3407",
    "local_rank": 0,
    "e_layers": 2,
    "n_heads": 4,
    "time_dim": 16,
    "use_film": false,
    "use_smile": true,
    "use_mnar": false,
    "smile_no_mnar": false,
    "smile_no_curriculum": false,
    "smile_mask_type": "all",
    "smile_mnar_dropout": 0.05
}
2026-03-05 23:11:28,400 Dataset Loaded.
2026-03-05 23:11:32,003 last saved model is in epoch 22
2026-03-05 23:12:09,983 [[3754   10]
 [ 234   35]]
2026-03-05 23:12:10,002 AUC of ROC = 0.8633
2026-03-05 23:12:10,002 AUC of PRC = 0.4808
2026-03-05 23:12:10,003 min(+P, Se) = 0.4945
2026-03-05 23:12:10,003 f1_score = 0.2229
2026-03-05 23:12:10,003 Epoch 1: Train Loss 0.2254, Valid Loss 0.1765
2026-03-05 23:12:10,003 ----- Save best model - auprc: 0.4808 -----
2026-03-05 23:12:46,843 [[3749   15]
 [ 219   50]]
2026-03-05 23:12:46,848 AUC of ROC = 0.8863
2026-03-05 23:12:46,848 AUC of PRC = 0.5148
2026-03-05 23:12:46,848 min(+P, Se) = 0.5167
2026-03-05 23:12:46,848 f1_score = 0.2994
2026-03-05 23:12:46,849 Epoch 2: Train Loss 0.1872, Valid Loss 0.1682
2026-03-05 23:12:46,850 ----- Save best model - auprc: 0.5148 -----
2026-03-05 23:13:23,578 [[3741   23]
 [ 202   67]]
2026-03-05 23:13:23,583 AUC of ROC = 0.8973
2026-03-05 23:13:23,583 AUC of PRC = 0.5287
2026-03-05 23:13:23,583 min(+P, Se) = 0.5502
2026-03-05 23:13:23,584 f1_score = 0.3733
2026-03-05 23:13:23,585 Epoch 3: Train Loss 0.1797, Valid Loss 0.1550
2026-03-05 23:13:23,585 ----- Save best model - auprc: 0.5287 -----
2026-03-05 23:14:01,322 [[3725   39]
 [ 179   90]]
2026-03-05 23:14:01,332 AUC of ROC = 0.8988
2026-03-05 23:14:01,332 AUC of PRC = 0.5333
2026-03-05 23:14:01,333 min(+P, Se) = 0.5390
2026-03-05 23:14:01,333 f1_score = 0.4523
2026-03-05 23:14:01,334 Epoch 4: Train Loss 0.1753, Valid Loss 0.1528
2026-03-05 23:14:01,335 ----- Save best model - auprc: 0.5333 -----
2026-03-05 23:14:38,089 [[3697   67]
 [ 149  120]]
2026-03-05 23:14:38,094 AUC of ROC = 0.8991
2026-03-05 23:14:38,094 AUC of PRC = 0.5362
2026-03-05 23:14:38,094 min(+P, Se) = 0.5465
2026-03-05 23:14:38,095 f1_score = 0.5263
2026-03-05 23:14:38,095 Epoch 5: Train Loss 0.1746, Valid Loss 0.1559
2026-03-05 23:14:38,096 ----- Save best model - auprc: 0.5362 -----
2026-03-05 23:15:39,355 [[3698   66]
 [ 115  154]]
2026-03-05 23:15:39,360 AUC of ROC = 0.9260
2026-03-05 23:15:39,360 AUC of PRC = 0.6654
2026-03-05 23:15:39,360 min(+P, Se) = 0.6580
2026-03-05 23:15:39,360 f1_score = 0.6299
2026-03-05 23:15:39,361 Epoch 6: Train Loss 0.1952, Valid Loss 0.1349
2026-03-05 23:15:39,362 ----- Save best model - auprc: 0.6654 -----
2026-03-05 23:16:41,162 [[3685   79]
 [  92  177]]
2026-03-05 23:16:41,166 AUC of ROC = 0.9395
2026-03-05 23:16:41,166 AUC of PRC = 0.7296
2026-03-05 23:16:41,166 min(+P, Se) = 0.6803
2026-03-05 23:16:41,167 f1_score = 0.6743
2026-03-05 23:16:41,167 Epoch 7: Train Loss 0.1423, Valid Loss 0.1346
2026-03-05 23:16:41,168 ----- Save best model - auprc: 0.7296 -----
2026-03-05 23:17:42,548 [[3713   51]
 [ 101  168]]
2026-03-05 23:17:42,552 AUC of ROC = 0.9472
2026-03-05 23:17:42,552 AUC of PRC = 0.7548
2026-03-05 23:17:42,553 min(+P, Se) = 0.6840
2026-03-05 23:17:42,553 f1_score = 0.6885
2026-03-05 23:17:42,554 Epoch 8: Train Loss 0.1342, Valid Loss 0.1126
2026-03-05 23:17:42,555 ----- Save best model - auprc: 0.7548 -----
2026-03-05 23:18:43,876 [[3720   44]
 [  98  171]]
2026-03-05 23:18:43,881 AUC of ROC = 0.9586
2026-03-05 23:18:43,881 AUC of PRC = 0.7817
2026-03-05 23:18:43,882 min(+P, Se) = 0.7361
2026-03-05 23:18:43,882 f1_score = 0.7066
2026-03-05 23:18:43,882 Epoch 9: Train Loss 0.1275, Valid Loss 0.1046
2026-03-05 23:18:43,883 ----- Save best model - auprc: 0.7817 -----
2026-03-05 23:19:44,353 [[3732   32]
 [ 103  166]]
2026-03-05 23:19:44,357 AUC of ROC = 0.9557
2026-03-05 23:19:44,358 AUC of PRC = 0.7734
2026-03-05 23:19:44,358 min(+P, Se) = 0.7249
2026-03-05 23:19:44,358 f1_score = 0.7109
2026-03-05 23:19:44,359 Epoch 10: Train Loss 0.1173, Valid Loss 0.1001
2026-03-05 23:20:45,033 [[3724   40]
 [  90  179]]
2026-03-05 23:20:45,040 AUC of ROC = 0.9575
2026-03-05 23:20:45,040 AUC of PRC = 0.7967
2026-03-05 23:20:45,040 min(+P, Se) = 0.7296
2026-03-05 23:20:45,041 f1_score = 0.7336
2026-03-05 23:20:45,041 Epoch 11: Train Loss 0.1153, Valid Loss 0.0972
2026-03-05 23:20:45,042 ----- Save best model - auprc: 0.7967 -----
2026-03-05 23:21:45,654 [[3728   36]
 [  92  177]]
2026-03-05 23:21:45,659 AUC of ROC = 0.9618
2026-03-05 23:21:45,659 AUC of PRC = 0.7949
2026-03-05 23:21:45,660 min(+P, Se) = 0.7323
2026-03-05 23:21:45,660 f1_score = 0.7344
2026-03-05 23:21:45,662 Epoch 12: Train Loss 0.1125, Valid Loss 0.0951
2026-03-05 23:22:45,665 [[3747   17]
 [ 119  150]]
2026-03-05 23:22:45,670 AUC of ROC = 0.9602
2026-03-05 23:22:45,670 AUC of PRC = 0.7964
2026-03-05 23:22:45,670 min(+P, Se) = 0.7286
2026-03-05 23:22:45,670 f1_score = 0.6881
2026-03-05 23:22:45,670 Epoch 13: Train Loss 0.1107, Valid Loss 0.0999
2026-03-05 23:23:44,732 [[3746   18]
 [ 121  148]]
2026-03-05 23:23:44,736 AUC of ROC = 0.9641
2026-03-05 23:23:44,737 AUC of PRC = 0.7966
2026-03-05 23:23:44,737 min(+P, Se) = 0.7323
2026-03-05 23:23:44,737 f1_score = 0.6805
2026-03-05 23:23:44,738 Epoch 14: Train Loss 0.1065, Valid Loss 0.0990
2026-03-05 23:24:43,788 [[3723   41]
 [  91  178]]
2026-03-05 23:24:43,792 AUC of ROC = 0.9611
2026-03-05 23:24:43,793 AUC of PRC = 0.7843
2026-03-05 23:24:43,793 min(+P, Se) = 0.7212
2026-03-05 23:24:43,793 f1_score = 0.7295
2026-03-05 23:24:43,794 Epoch 15: Train Loss 0.1044, Valid Loss 0.1009
2026-03-05 23:25:42,891 [[3724   40]
 [ 100  169]]
2026-03-05 23:25:42,897 AUC of ROC = 0.9547
2026-03-05 23:25:42,897 AUC of PRC = 0.7686
2026-03-05 23:25:42,898 min(+P, Se) = 0.7175
2026-03-05 23:25:42,898 f1_score = 0.7071
2026-03-05 23:25:42,899 Epoch 16: Train Loss 0.1030, Valid Loss 0.0995
2026-03-05 23:26:42,941 [[3721   43]
 [  82  187]]
2026-03-05 23:26:42,945 AUC of ROC = 0.9615
2026-03-05 23:26:42,946 AUC of PRC = 0.7910
2026-03-05 23:26:42,946 min(+P, Se) = 0.7296
2026-03-05 23:26:42,946 f1_score = 0.7495
2026-03-05 23:26:42,947 Epoch 17: Train Loss 0.1033, Valid Loss 0.0980
2026-03-05 23:27:41,733 [[3747   17]
 [ 115  154]]
2026-03-05 23:27:41,737 AUC of ROC = 0.9607
2026-03-05 23:27:41,737 AUC of PRC = 0.7968
2026-03-05 23:27:41,737 min(+P, Se) = 0.7361
2026-03-05 23:27:41,737 f1_score = 0.7000
2026-03-05 23:27:41,738 Epoch 18: Train Loss 0.1007, Valid Loss 0.1004
2026-03-05 23:27:41,739 ----- Save best model - auprc: 0.7968 -----
2026-03-05 23:28:41,536 [[3733   31]
 [ 100  169]]
2026-03-05 23:28:41,541 AUC of ROC = 0.9526
2026-03-05 23:28:41,542 AUC of PRC = 0.7680
2026-03-05 23:28:41,542 min(+P, Se) = 0.7100
2026-03-05 23:28:41,542 f1_score = 0.7207
2026-03-05 23:28:41,542 Epoch 19: Train Loss 0.1001, Valid Loss 0.1035
2026-03-05 23:29:40,679 [[3737   27]
 [ 112  157]]
2026-03-05 23:29:40,685 AUC of ROC = 0.9581
2026-03-05 23:29:40,685 AUC of PRC = 0.7830
2026-03-05 23:29:40,686 min(+P, Se) = 0.7175
2026-03-05 23:29:40,686 f1_score = 0.6932
2026-03-05 23:29:40,686 Epoch 20: Train Loss 0.0979, Valid Loss 0.1027
2026-03-05 23:30:39,774 [[3745   19]
 [ 126  143]]
2026-03-05 23:30:39,778 AUC of ROC = 0.9616
2026-03-05 23:30:39,778 AUC of PRC = 0.7887
2026-03-05 23:30:39,778 min(+P, Se) = 0.7138
2026-03-05 23:30:39,778 f1_score = 0.6636
2026-03-05 23:30:39,779 Epoch 21: Train Loss 0.0982, Valid Loss 0.1187
2026-03-05 23:31:38,916 [[3708   56]
 [  78  191]]
2026-03-05 23:31:38,920 AUC of ROC = 0.9613
2026-03-05 23:31:38,921 AUC of PRC = 0.7951
2026-03-05 23:31:38,921 min(+P, Se) = 0.7249
2026-03-05 23:31:38,921 f1_score = 0.7403
2026-03-05 23:31:38,922 Epoch 22: Train Loss 0.0977, Valid Loss 0.0988
2026-03-05 23:32:39,277 [[3721   43]
 [  96  173]]
2026-03-05 23:32:39,282 AUC of ROC = 0.9570
2026-03-05 23:32:39,283 AUC of PRC = 0.7712
2026-03-05 23:32:39,283 min(+P, Se) = 0.7074
2026-03-05 23:32:39,283 f1_score = 0.7134
2026-03-05 23:32:39,283 Epoch 23: Train Loss 0.0960, Valid Loss 0.1016
2026-03-05 23:33:39,374 [[3707   57]
 [  89  180]]
2026-03-05 23:33:39,379 AUC of ROC = 0.9534
2026-03-05 23:33:39,380 AUC of PRC = 0.7627
2026-03-05 23:33:39,380 min(+P, Se) = 0.6914
2026-03-05 23:33:39,380 f1_score = 0.7115
2026-03-05 23:33:39,381 Epoch 24: Train Loss 0.0944, Valid Loss 0.1059
2026-03-05 23:34:39,183 [[3712   52]
 [  82  187]]
2026-03-05 23:34:39,186 AUC of ROC = 0.9557
2026-03-05 23:34:39,186 AUC of PRC = 0.7882
2026-03-05 23:34:39,186 min(+P, Se) = 0.7306
2026-03-05 23:34:39,187 f1_score = 0.7362
2026-03-05 23:34:39,187 Epoch 25: Train Loss 0.0901, Valid Loss 0.1002
2026-03-05 23:34:39,209 last saved model is in epoch 18
2026-03-05 23:34:42,566 [[3719   14]
 [ 120  181]]
2026-03-05 23:34:42,569 AUC of ROC = 0.9578
2026-03-05 23:34:42,569 AUC of PRC = 0.8218
2026-03-05 23:34:42,569 min(+P, Se) = 0.7409
2026-03-05 23:34:42,569 f1_score = 0.7298
2026-03-05 23:34:42,569 Test Loss 0.1086
2026-03-07 00:30:26,714 {
    "dataset": "c19",
    "data_dropout": 0.0,
    "epochs": 25,
    "lr": 0.001,
    "d_model": 32,
    "seed": 3407,
    "batch_size": 64,
    "dropout": 0.1,
    "save_model": true,
    "save_dir": "./export/c19/smart-smile/seed_3407",
    "local_rank": 0,
    "min_mask_ratio": 0.0,
    "max_mask_ratio": 0.75,
    "e_layers": 2,
    "n_heads": 4,
    "time_dim": 16,
    "use_film": false,
    "use_smile": true,
    "use_mnar": false,
    "save_last": false,
    "smile_no_mnar": false,
    "smile_no_curriculum": false,
    "smile_mask_type": "all",
    "smile_mnar_dropout": 0.05
}
2026-03-07 00:30:37,454 Dataset Loaded.
2026-03-07 00:30:37,455 SMILE system_groups: {'cardiovascular': 2, 'respiratory': 7, 'lab': 25}
2026-03-07 00:33:23,381 Epoch 1: Train Loss 0.1091, Valid Loss 0.0268
2026-03-07 00:33:23,393 ----- Save best model - L1: 0.0268 -----
2026-03-07 00:36:27,990 Epoch 2: Train Loss 0.0680, Valid Loss 0.0272
2026-03-07 00:39:30,488 Epoch 3: Train Loss 0.0565, Valid Loss 0.0278
2026-03-07 00:42:28,547 Epoch 4: Train Loss 0.0540, Valid Loss 0.0300
2026-03-07 00:45:30,002 Epoch 5: Train Loss 0.0545, Valid Loss 0.0299
2026-03-07 00:48:31,876 Epoch 6: Train Loss 0.0567, Valid Loss 0.0314
2026-03-07 00:51:33,384 Epoch 7: Train Loss 0.0561, Valid Loss 0.0296
2026-03-07 00:54:32,774 Epoch 8: Train Loss 0.0540, Valid Loss 0.0282
2026-03-07 00:57:32,992 Epoch 9: Train Loss 0.0533, Valid Loss 0.0278
2026-03-07 01:00:30,364 Epoch 10: Train Loss 0.0525, Valid Loss 0.0260
2026-03-07 01:00:30,372 ----- Save best model - L1: 0.0260 -----
2026-03-07 01:03:30,829 Epoch 11: Train Loss 0.0508, Valid Loss 0.0246
2026-03-07 01:03:30,831 ----- Save best model - L1: 0.0246 -----
2026-03-07 01:06:26,887 Epoch 12: Train Loss 0.0505, Valid Loss 0.0248
2026-03-07 01:09:25,209 Epoch 13: Train Loss 0.0513, Valid Loss 0.0255
2026-03-07 01:12:24,850 Epoch 14: Train Loss 0.0521, Valid Loss 0.0264
2026-03-07 01:15:22,815 Epoch 15: Train Loss 0.0537, Valid Loss 0.0266
2026-03-07 01:18:18,204 Epoch 16: Train Loss 0.0540, Valid Loss 0.0255
2026-03-07 01:21:12,882 Epoch 17: Train Loss 0.0545, Valid Loss 0.0251
2026-03-07 01:24:10,115 Epoch 18: Train Loss 0.0545, Valid Loss 0.0251
2026-03-07 01:27:05,601 Epoch 19: Train Loss 0.0548, Valid Loss 0.0254
2026-03-07 01:30:00,983 Epoch 20: Train Loss 0.0552, Valid Loss 0.0245
2026-03-07 01:30:00,989 ----- Save best model - L1: 0.0245 -----
2026-03-07 01:32:55,714 Epoch 21: Train Loss 0.0548, Valid Loss 0.0243
2026-03-07 01:32:55,717 ----- Save best model - L1: 0.0243 -----
2026-03-07 01:35:49,148 Epoch 22: Train Loss 0.0560, Valid Loss 0.0248
2026-03-07 01:38:44,741 Epoch 23: Train Loss 0.0566, Valid Loss 0.0251
2026-03-07 01:41:42,273 Epoch 24: Train Loss 0.0576, Valid Loss 0.0261
2026-03-07 01:44:38,234 Epoch 25: Train Loss 0.0569, Valid Loss 0.0247
2026-03-07 01:44:38,394 last saved model is in epoch 21
2026-03-07 01:44:52,790 Test Loss 0.0246
2026-03-07 01:45:03,453 {
    "dataset": "c19",
    "data_dropout": 0.0,
    "epochs": 25,
    "freeze_epochs": 5,
    "lr": 0.001,
    "d_model": 32,
    "seed": 3407,
    "batch_size": 64,
    "dropout": 0.1,
    "save_model": true,
    "save_dir": "./export/c19/smart-smile/seed_3407",
    "local_rank": 0,
    "e_layers": 2,
    "n_heads": 4,
    "time_dim": 16,
    "use_film": false,
    "use_smile": true,
    "use_mnar": false,
    "smile_no_mnar": false,
    "smile_no_curriculum": false,
    "smile_mask_type": "all",
    "smile_mnar_dropout": 0.05
}
2026-03-07 01:45:16,014 Dataset Loaded.
2026-03-07 01:45:17,069 last saved model is in epoch 21
2026-03-07 01:46:20,238 [[3758    6]
 [ 247   22]]
2026-03-07 01:46:20,246 AUC of ROC = 0.8922
2026-03-07 01:46:20,246 AUC of PRC = 0.4825
2026-03-07 01:46:20,246 min(+P, Se) = 0.4758
2026-03-07 01:46:20,246 f1_score = 0.1481
2026-03-07 01:46:20,247 Epoch 1: Train Loss 0.2186, Valid Loss 0.1778
2026-03-07 01:46:20,248 ----- Save best model - auprc: 0.4825 -----
2026-03-07 01:47:21,029 [[3733   31]
 [ 179   90]]
2026-03-07 01:47:21,035 AUC of ROC = 0.9012
2026-03-07 01:47:21,035 AUC of PRC = 0.5286
2026-03-07 01:47:21,036 min(+P, Se) = 0.5204
2026-03-07 01:47:21,037 f1_score = 0.4615
2026-03-07 01:47:21,038 Epoch 2: Train Loss 0.1941, Valid Loss 0.1592
2026-03-07 01:47:21,039 ----- Save best model - auprc: 0.5286 -----
2026-03-07 01:48:23,471 [[3749   15]
 [ 203   66]]
2026-03-07 01:48:23,475 AUC of ROC = 0.9100
2026-03-07 01:48:23,475 AUC of PRC = 0.5515
2026-03-07 01:48:23,476 min(+P, Se) = 0.5111
2026-03-07 01:48:23,476 f1_score = 0.3771
2026-03-07 01:48:23,476 Epoch 3: Train Loss 0.1838, Valid Loss 0.1557
2026-03-07 01:48:23,477 ----- Save best model - auprc: 0.5515 -----
2026-03-07 01:49:26,511 [[3745   19]
 [ 189   80]]
2026-03-07 01:49:26,516 AUC of ROC = 0.9127
2026-03-07 01:49:26,517 AUC of PRC = 0.5743
2026-03-07 01:49:26,518 min(+P, Se) = 0.5333
2026-03-07 01:49:26,520 f1_score = 0.4348
2026-03-07 01:49:26,521 Epoch 4: Train Loss 0.1839, Valid Loss 0.1501
2026-03-07 01:49:26,521 ----- Save best model - auprc: 0.5743 -----
2026-03-07 01:50:28,852 [[3632  132]
 [ 115  154]]
2026-03-07 01:50:28,855 AUC of ROC = 0.9127
2026-03-07 01:50:28,855 AUC of PRC = 0.5619
2026-03-07 01:50:28,855 min(+P, Se) = 0.5576
2026-03-07 01:50:28,855 f1_score = 0.5550
2026-03-07 01:50:28,856 Epoch 5: Train Loss 0.1785, Valid Loss 0.1835
2026-03-07 01:52:24,238 [[3730   34]
 [ 113  156]]
2026-03-07 01:52:24,246 AUC of ROC = 0.9364
2026-03-07 01:52:24,251 AUC of PRC = 0.7346
2026-03-07 01:52:24,251 min(+P, Se) = 0.6840
2026-03-07 01:52:24,252 f1_score = 0.6797
2026-03-07 01:52:24,252 Epoch 6: Train Loss 0.1600, Valid Loss 0.1169
2026-03-07 01:52:24,253 ----- Save best model - auprc: 0.7346 -----
2026-03-07 01:54:22,365 [[3715   49]
 [  99  170]]
2026-03-07 01:54:22,370 AUC of ROC = 0.9550
2026-03-07 01:54:22,370 AUC of PRC = 0.7619
2026-03-07 01:54:22,370 min(+P, Se) = 0.6960
2026-03-07 01:54:22,370 f1_score = 0.6967
2026-03-07 01:54:22,371 Epoch 7: Train Loss 0.1294, Valid Loss 0.1078
2026-03-07 01:54:22,371 ----- Save best model - auprc: 0.7619 -----
2026-03-07 01:56:19,817 [[3701   63]
 [  84  185]]
2026-03-07 01:56:19,822 AUC of ROC = 0.9591
2026-03-07 01:56:19,822 AUC of PRC = 0.7687
2026-03-07 01:56:19,822 min(+P, Se) = 0.7100
2026-03-07 01:56:19,823 f1_score = 0.7157
2026-03-07 01:56:19,823 Epoch 8: Train Loss 0.1205, Valid Loss 0.1187
2026-03-07 01:56:19,823 ----- Save best model - auprc: 0.7687 -----
2026-03-07 01:58:18,177 [[3736   28]
 [ 114  155]]
2026-03-07 01:58:18,181 AUC of ROC = 0.9604
2026-03-07 01:58:18,181 AUC of PRC = 0.7888
2026-03-07 01:58:18,183 min(+P, Se) = 0.7175
2026-03-07 01:58:18,183 f1_score = 0.6858
2026-03-07 01:58:18,184 Epoch 9: Train Loss 0.1159, Valid Loss 0.1010
2026-03-07 01:58:18,184 ----- Save best model - auprc: 0.7888 -----
2026-03-07 02:00:16,244 [[3738   26]
 [ 120  149]]
2026-03-07 02:00:16,249 AUC of ROC = 0.9579
2026-03-07 02:00:16,249 AUC of PRC = 0.7718
2026-03-07 02:00:16,249 min(+P, Se) = 0.7063
2026-03-07 02:00:16,249 f1_score = 0.6712
2026-03-07 02:00:16,250 Epoch 10: Train Loss 0.1115, Valid Loss 0.1026
2026-03-07 02:02:14,414 [[3743   21]
 [ 117  152]]
2026-03-07 02:02:14,419 AUC of ROC = 0.9625
2026-03-07 02:02:14,419 AUC of PRC = 0.7981
2026-03-07 02:02:14,419 min(+P, Se) = 0.7435
2026-03-07 02:02:14,419 f1_score = 0.6878
2026-03-07 02:02:14,420 Epoch 11: Train Loss 0.1105, Valid Loss 0.0998
2026-03-07 02:02:14,420 ----- Save best model - auprc: 0.7981 -----
2026-03-07 02:04:12,244 [[3713   51]
 [  85  184]]
2026-03-07 02:04:12,248 AUC of ROC = 0.9611
2026-03-07 02:04:12,248 AUC of PRC = 0.7876
2026-03-07 02:04:12,248 min(+P, Se) = 0.7323
2026-03-07 02:04:12,248 f1_score = 0.7302
2026-03-07 02:04:12,249 Epoch 12: Train Loss 0.1073, Valid Loss 0.0990
2026-03-07 02:06:09,825 [[3740   24]
 [ 126  143]]
2026-03-07 02:06:09,831 AUC of ROC = 0.9555
2026-03-07 02:06:09,832 AUC of PRC = 0.7636
2026-03-07 02:06:09,833 min(+P, Se) = 0.6875
2026-03-07 02:06:09,834 f1_score = 0.6560
2026-03-07 02:06:09,834 Epoch 13: Train Loss 0.1053, Valid Loss 0.1082
2026-03-07 02:08:07,809 [[3750   14]
 [ 147  122]]
2026-03-07 02:08:07,813 AUC of ROC = 0.9605
2026-03-07 02:08:07,813 AUC of PRC = 0.7571
2026-03-07 02:08:07,813 min(+P, Se) = 0.6926
2026-03-07 02:08:07,814 f1_score = 0.6025
2026-03-07 02:08:07,814 Epoch 14: Train Loss 0.1025, Valid Loss 0.1228
2026-03-07 02:10:06,412 [[3721   43]
 [  96  173]]
2026-03-07 02:10:06,417 AUC of ROC = 0.9645
2026-03-07 02:10:06,417 AUC of PRC = 0.8003
2026-03-07 02:10:06,418 min(+P, Se) = 0.7472
2026-03-07 02:10:06,418 f1_score = 0.7134
2026-03-07 02:10:06,418 Epoch 15: Train Loss 0.1016, Valid Loss 0.1016
2026-03-07 02:10:06,419 ----- Save best model - auprc: 0.8003 -----
2026-03-07 02:12:04,383 [[3715   49]
 [  80  189]]
2026-03-07 02:12:04,386 AUC of ROC = 0.9621
2026-03-07 02:12:04,387 AUC of PRC = 0.7913
2026-03-07 02:12:04,387 min(+P, Se) = 0.7370
2026-03-07 02:12:04,387 f1_score = 0.7456
2026-03-07 02:12:04,387 Epoch 16: Train Loss 0.0977, Valid Loss 0.1015
2026-03-07 02:14:02,697 [[3727   37]
 [ 101  168]]
2026-03-07 02:14:02,706 AUC of ROC = 0.9603
2026-03-07 02:14:02,707 AUC of PRC = 0.7780
2026-03-07 02:14:02,717 min(+P, Se) = 0.7138
2026-03-07 02:14:02,722 f1_score = 0.7089
2026-03-07 02:14:02,723 Epoch 17: Train Loss 0.0980, Valid Loss 0.1011
2026-03-07 02:16:01,157 [[3730   34]
 [ 114  155]]
2026-03-07 02:16:01,161 AUC of ROC = 0.9515
2026-03-07 02:16:01,161 AUC of PRC = 0.7656
2026-03-07 02:16:01,161 min(+P, Se) = 0.6989
2026-03-07 02:16:01,161 f1_score = 0.6769
2026-03-07 02:16:01,162 Epoch 18: Train Loss 0.0951, Valid Loss 0.1081
2026-03-07 02:17:58,691 [[3741   23]
 [ 113  156]]
2026-03-07 02:17:58,696 AUC of ROC = 0.9624
2026-03-07 02:17:58,696 AUC of PRC = 0.8056
2026-03-07 02:17:58,697 min(+P, Se) = 0.7399
2026-03-07 02:17:58,697 f1_score = 0.6964
2026-03-07 02:17:58,698 Epoch 19: Train Loss 0.0944, Valid Loss 0.1050
2026-03-07 02:17:58,699 ----- Save best model - auprc: 0.8056 -----
2026-03-07 02:19:56,553 [[3682   82]
 [  71  198]]
2026-03-07 02:19:56,558 AUC of ROC = 0.9542
2026-03-07 02:19:56,559 AUC of PRC = 0.7731
2026-03-07 02:19:56,559 min(+P, Se) = 0.7323
2026-03-07 02:19:56,559 f1_score = 0.7213
2026-03-07 02:19:56,560 Epoch 20: Train Loss 0.0928, Valid Loss 0.1152
2026-03-07 02:21:54,212 [[3739   25]
 [ 111  158]]
2026-03-07 02:21:54,216 AUC of ROC = 0.9554
2026-03-07 02:21:54,216 AUC of PRC = 0.7773
2026-03-07 02:21:54,216 min(+P, Se) = 0.7222
2026-03-07 02:21:54,216 f1_score = 0.6991
2026-03-07 02:21:54,216 Epoch 21: Train Loss 0.0888, Valid Loss 0.1173
2026-03-07 02:23:40,849 [[3663  101]
 [  64  205]]
2026-03-07 02:23:40,853 AUC of ROC = 0.9611
2026-03-07 02:23:40,854 AUC of PRC = 0.7901
2026-03-07 02:23:40,855 min(+P, Se) = 0.7323
2026-03-07 02:23:40,855 f1_score = 0.7130
2026-03-07 02:23:40,856 Epoch 22: Train Loss 0.0882, Valid Loss 0.1184
2026-03-07 02:25:15,965 [[3726   38]
 [ 105  164]]
2026-03-07 02:25:15,974 AUC of ROC = 0.9519
2026-03-07 02:25:15,975 AUC of PRC = 0.7759
2026-03-07 02:25:15,976 min(+P, Se) = 0.6989
2026-03-07 02:25:15,976 f1_score = 0.6964
2026-03-07 02:25:15,976 Epoch 23: Train Loss 0.0852, Valid Loss 0.1152
2026-03-07 02:27:02,341 [[3706   58]
 [  84  185]]
2026-03-07 02:27:02,348 AUC of ROC = 0.9579
2026-03-07 02:27:02,349 AUC of PRC = 0.7814
2026-03-07 02:27:02,349 min(+P, Se) = 0.7100
2026-03-07 02:27:02,349 f1_score = 0.7227
2026-03-07 02:27:02,349 Epoch 24: Train Loss 0.0841, Valid Loss 0.1141
2026-03-07 02:28:46,622 [[3657  107]
 [  64  205]]
2026-03-07 02:28:46,625 AUC of ROC = 0.9564
2026-03-07 02:28:46,625 AUC of PRC = 0.7796
2026-03-07 02:28:46,625 min(+P, Se) = 0.7138
2026-03-07 02:28:46,625 f1_score = 0.7057
2026-03-07 02:28:46,626 Epoch 25: Train Loss 0.0830, Valid Loss 0.1205
2026-03-07 02:28:46,736 last saved model is in epoch 19
2026-03-07 02:28:54,112 [[3714   19]
 [ 115  186]]
2026-03-07 02:28:54,116 AUC of ROC = 0.9624
2026-03-07 02:28:54,116 AUC of PRC = 0.8361
2026-03-07 02:28:54,116 min(+P, Se) = 0.7508
2026-03-07 02:28:54,117 f1_score = 0.7352
2026-03-07 02:28:54,117 Test Loss 0.1099
2026-03-07 15:52:27,497 {
    "dataset": "c19",
    "data_dropout": 0.0,
    "epochs": 25,
    "lr": 0.001,
    "d_model": 32,
    "seed": 3407,
    "batch_size": 64,
    "dropout": 0.1,
    "save_model": true,
    "save_dir": "./export/c19/smart-smile/seed_3407",
    "local_rank": 0,
    "min_mask_ratio": 0.0,
    "max_mask_ratio": 0.75,
    "e_layers": 2,
    "n_heads": 4,
    "time_dim": 16,
    "use_film": false,
    "use_smile": true,
    "use_mnar": false,
    "save_last": false,
    "smile_no_mnar": false,
    "smile_no_curriculum": false,
    "smile_mask_type": "all",
    "smile_mnar_dropout": 0.05
}
2026-03-07 15:52:39,197 Dataset Loaded.
2026-03-07 15:52:39,198 SMILE system_groups: {'cardiovascular': 2, 'respiratory': 7, 'lab': 25}
2026-03-07 15:54:12,353 Epoch 1: Train Loss 0.1091, Valid Loss 0.0268
2026-03-07 15:54:12,354 ----- Save best model - L1: 0.0268 -----
2026-03-07 15:55:44,055 Epoch 2: Train Loss 0.0680, Valid Loss 0.0272
2026-03-07 15:57:15,569 Epoch 3: Train Loss 0.0565, Valid Loss 0.0278
2026-03-07 15:58:46,932 Epoch 4: Train Loss 0.0540, Valid Loss 0.0300
2026-03-07 16:00:18,391 Epoch 5: Train Loss 0.0545, Valid Loss 0.0299
2026-03-07 16:01:50,038 Epoch 6: Train Loss 0.0567, Valid Loss 0.0314
2026-03-07 16:03:21,388 Epoch 7: Train Loss 0.0561, Valid Loss 0.0296
2026-03-07 16:04:53,111 Epoch 8: Train Loss 0.0540, Valid Loss 0.0282
2026-03-07 16:06:23,885 Epoch 9: Train Loss 0.0533, Valid Loss 0.0278
2026-03-07 16:07:54,754 Epoch 10: Train Loss 0.0525, Valid Loss 0.0260
2026-03-07 16:07:54,755 ----- Save best model - L1: 0.0260 -----
2026-03-07 16:09:26,241 Epoch 11: Train Loss 0.0508, Valid Loss 0.0246
2026-03-07 16:09:26,243 ----- Save best model - L1: 0.0246 -----
2026-03-07 16:10:57,758 Epoch 12: Train Loss 0.0505, Valid Loss 0.0248
2026-03-07 16:12:29,656 Epoch 13: Train Loss 0.0513, Valid Loss 0.0255
2026-03-07 16:14:02,652 Epoch 14: Train Loss 0.0521, Valid Loss 0.0264
2026-03-07 16:15:34,461 Epoch 15: Train Loss 0.0537, Valid Loss 0.0266
2026-03-07 16:17:07,815 Epoch 16: Train Loss 0.0540, Valid Loss 0.0255
2026-03-07 16:18:39,574 Epoch 17: Train Loss 0.0545, Valid Loss 0.0251
2026-03-07 16:20:11,411 Epoch 18: Train Loss 0.0545, Valid Loss 0.0251
2026-03-07 16:21:43,081 Epoch 19: Train Loss 0.0548, Valid Loss 0.0254
2026-03-07 16:23:14,714 Epoch 20: Train Loss 0.0552, Valid Loss 0.0245
2026-03-07 16:23:14,715 ----- Save best model - L1: 0.0245 -----
2026-03-07 16:24:47,235 Epoch 21: Train Loss 0.0548, Valid Loss 0.0243
2026-03-07 16:24:47,236 ----- Save best model - L1: 0.0243 -----
2026-03-07 16:26:19,434 Epoch 22: Train Loss 0.0560, Valid Loss 0.0248
2026-03-07 16:27:50,206 Epoch 23: Train Loss 0.0566, Valid Loss 0.0251
2026-03-07 16:29:20,759 Epoch 24: Train Loss 0.0576, Valid Loss 0.0261
2026-03-07 16:30:51,883 Epoch 25: Train Loss 0.0569, Valid Loss 0.0247
2026-03-07 16:30:51,956 last saved model is in epoch 21
2026-03-07 16:30:58,554 Test Loss 0.0246
2026-03-07 16:31:05,833 {
    "dataset": "c19",
    "data_dropout": 0.0,
    "epochs": 25,
    "freeze_epochs": 5,
    "lr": 0.001,
    "d_model": 32,
    "seed": 3407,
    "batch_size": 64,
    "dropout": 0.1,
    "save_model": true,
    "save_dir": "./export/c19/smart-smile/seed_3407",
    "local_rank": 0,
    "e_layers": 2,
    "n_heads": 4,
    "time_dim": 16,
    "use_film": false,
    "use_smile": true,
    "use_mnar": false,
    "smile_no_mnar": false,
    "smile_no_curriculum": false,
    "smile_mask_type": "all",
    "smile_mnar_dropout": 0.05
}
2026-03-07 16:31:18,654 Dataset Loaded.
2026-03-07 16:31:19,870 last saved model is in epoch 21
2026-03-07 16:31:53,609 [[3758    6]
 [ 247   22]]
2026-03-07 16:31:53,623 AUC of ROC = 0.8922
2026-03-07 16:31:53,624 AUC of PRC = 0.4824
2026-03-07 16:31:53,624 min(+P, Se) = 0.4758
2026-03-07 16:31:53,625 f1_score = 0.1481
2026-03-07 16:31:53,627 Epoch 1: Train Loss 0.2186, Valid Loss 0.1778
2026-03-07 16:31:53,628 ----- Save best model - auprc: 0.4824 -----
2026-03-07 16:32:25,981 [[3733   31]
 [ 179   90]]
2026-03-07 16:32:25,984 AUC of ROC = 0.9012
2026-03-07 16:32:25,984 AUC of PRC = 0.5286
2026-03-07 16:32:25,985 min(+P, Se) = 0.5204
2026-03-07 16:32:25,985 f1_score = 0.4615
2026-03-07 16:32:25,986 Epoch 2: Train Loss 0.1941, Valid Loss 0.1592
2026-03-07 16:32:25,986 ----- Save best model - auprc: 0.5286 -----
2026-03-07 16:32:58,370 [[3749   15]
 [ 203   66]]
2026-03-07 16:32:58,373 AUC of ROC = 0.9100
2026-03-07 16:32:58,374 AUC of PRC = 0.5515
2026-03-07 16:32:58,374 min(+P, Se) = 0.5111
2026-03-07 16:32:58,375 f1_score = 0.3771
2026-03-07 16:32:58,375 Epoch 3: Train Loss 0.1838, Valid Loss 0.1557
2026-03-07 16:32:58,376 ----- Save best model - auprc: 0.5515 -----
2026-03-07 16:33:30,576 [[3745   19]
 [ 189   80]]
2026-03-07 16:33:30,579 AUC of ROC = 0.9127
2026-03-07 16:33:30,580 AUC of PRC = 0.5743
2026-03-07 16:33:30,580 min(+P, Se) = 0.5333
2026-03-07 16:33:30,581 f1_score = 0.4348
2026-03-07 16:33:30,581 Epoch 4: Train Loss 0.1839, Valid Loss 0.1501
2026-03-07 16:33:30,582 ----- Save best model - auprc: 0.5743 -----
2026-03-07 16:34:02,570 [[3632  132]
 [ 115  154]]
2026-03-07 16:34:02,575 AUC of ROC = 0.9127
2026-03-07 16:34:02,575 AUC of PRC = 0.5619
2026-03-07 16:34:02,576 min(+P, Se) = 0.5576
2026-03-07 16:34:02,576 f1_score = 0.5550
2026-03-07 16:34:02,577 Epoch 5: Train Loss 0.1785, Valid Loss 0.1835
2026-03-07 16:35:02,059 [[3730   34]
 [ 113  156]]
2026-03-07 16:35:02,063 AUC of ROC = 0.9364
2026-03-07 16:35:02,063 AUC of PRC = 0.7346
2026-03-07 16:35:02,064 min(+P, Se) = 0.6840
2026-03-07 16:35:02,064 f1_score = 0.6797
2026-03-07 16:35:02,064 Epoch 6: Train Loss 0.1600, Valid Loss 0.1169
2026-03-07 16:35:02,065 ----- Save best model - auprc: 0.7346 -----
2026-03-07 16:36:01,650 [[3715   49]
 [  99  170]]
2026-03-07 16:36:01,653 AUC of ROC = 0.9550
2026-03-07 16:36:01,654 AUC of PRC = 0.7619
2026-03-07 16:36:01,654 min(+P, Se) = 0.6960
2026-03-07 16:36:01,654 f1_score = 0.6967
2026-03-07 16:36:01,655 Epoch 7: Train Loss 0.1294, Valid Loss 0.1078
2026-03-07 16:36:01,655 ----- Save best model - auprc: 0.7619 -----
2026-03-07 16:37:01,389 [[3701   63]
 [  84  185]]
2026-03-07 16:37:01,393 AUC of ROC = 0.9591
2026-03-07 16:37:01,394 AUC of PRC = 0.7687
2026-03-07 16:37:01,394 min(+P, Se) = 0.7100
2026-03-07 16:37:01,394 f1_score = 0.7157
2026-03-07 16:37:01,394 Epoch 8: Train Loss 0.1205, Valid Loss 0.1187
2026-03-07 16:37:01,395 ----- Save best model - auprc: 0.7687 -----
2026-03-07 16:38:01,660 [[3736   28]
 [ 114  155]]
2026-03-07 16:38:01,664 AUC of ROC = 0.9604
2026-03-07 16:38:01,664 AUC of PRC = 0.7888
2026-03-07 16:38:01,665 min(+P, Se) = 0.7175
2026-03-07 16:38:01,665 f1_score = 0.6858
2026-03-07 16:38:01,666 Epoch 9: Train Loss 0.1159, Valid Loss 0.1010
2026-03-07 16:38:01,666 ----- Save best model - auprc: 0.7888 -----
2026-03-07 16:39:03,223 [[3738   26]
 [ 120  149]]
2026-03-07 16:39:03,226 AUC of ROC = 0.9579
2026-03-07 16:39:03,227 AUC of PRC = 0.7718
2026-03-07 16:39:03,227 min(+P, Se) = 0.7063
2026-03-07 16:39:03,227 f1_score = 0.6712
2026-03-07 16:39:03,228 Epoch 10: Train Loss 0.1115, Valid Loss 0.1026
2026-03-07 16:40:03,153 [[3743   21]
 [ 117  152]]
2026-03-07 16:40:03,156 AUC of ROC = 0.9625
2026-03-07 16:40:03,156 AUC of PRC = 0.7981
2026-03-07 16:40:03,157 min(+P, Se) = 0.7435
2026-03-07 16:40:03,157 f1_score = 0.6878
2026-03-07 16:40:03,157 Epoch 11: Train Loss 0.1105, Valid Loss 0.0998
2026-03-07 16:40:03,158 ----- Save best model - auprc: 0.7981 -----
2026-03-07 16:41:03,103 [[3713   51]
 [  85  184]]
2026-03-07 16:41:03,106 AUC of ROC = 0.9611
2026-03-07 16:41:03,107 AUC of PRC = 0.7877
2026-03-07 16:41:03,107 min(+P, Se) = 0.7323
2026-03-07 16:41:03,107 f1_score = 0.7302
2026-03-07 16:41:03,107 Epoch 12: Train Loss 0.1073, Valid Loss 0.0990
2026-03-07 16:42:03,044 [[3740   24]
 [ 126  143]]
2026-03-07 16:42:03,048 AUC of ROC = 0.9555
2026-03-07 16:42:03,048 AUC of PRC = 0.7635
2026-03-07 16:42:03,048 min(+P, Se) = 0.6875
2026-03-07 16:42:03,049 f1_score = 0.6560
2026-03-07 16:42:03,049 Epoch 13: Train Loss 0.1053, Valid Loss 0.1082
2026-03-07 16:43:02,850 [[3750   14]
 [ 146  123]]
2026-03-07 16:43:02,853 AUC of ROC = 0.9605
2026-03-07 16:43:02,854 AUC of PRC = 0.7572
2026-03-07 16:43:02,854 min(+P, Se) = 0.6937
2026-03-07 16:43:02,855 f1_score = 0.6059
2026-03-07 16:43:02,855 Epoch 14: Train Loss 0.1025, Valid Loss 0.1228
2026-03-07 16:44:02,824 [[3721   43]
 [  97  172]]
2026-03-07 16:44:02,828 AUC of ROC = 0.9644
2026-03-07 16:44:02,828 AUC of PRC = 0.8002
2026-03-07 16:44:02,829 min(+P, Se) = 0.7473
2026-03-07 16:44:02,829 f1_score = 0.7107
2026-03-07 16:44:02,829 Epoch 15: Train Loss 0.1016, Valid Loss 0.1017
2026-03-07 16:44:02,830 ----- Save best model - auprc: 0.8002 -----
2026-03-07 16:45:03,309 [[3715   49]
 [  80  189]]
2026-03-07 16:45:03,313 AUC of ROC = 0.9620
2026-03-07 16:45:03,313 AUC of PRC = 0.7911
2026-03-07 16:45:03,314 min(+P, Se) = 0.7361
2026-03-07 16:45:03,314 f1_score = 0.7456
2026-03-07 16:45:03,315 Epoch 16: Train Loss 0.0977, Valid Loss 0.1015
2026-03-07 16:46:03,578 [[3728   36]
 [ 101  168]]
2026-03-07 16:46:03,581 AUC of ROC = 0.9605
2026-03-07 16:46:03,581 AUC of PRC = 0.7780
2026-03-07 16:46:03,582 min(+P, Se) = 0.7111
2026-03-07 16:46:03,582 f1_score = 0.7104
2026-03-07 16:46:03,583 Epoch 17: Train Loss 0.0980, Valid Loss 0.1010
2026-03-07 16:47:03,965 [[3730   34]
 [ 113  156]]
2026-03-07 16:47:03,968 AUC of ROC = 0.9517
2026-03-07 16:47:03,969 AUC of PRC = 0.7665
2026-03-07 16:47:03,969 min(+P, Se) = 0.6989
2026-03-07 16:47:03,969 f1_score = 0.6797
2026-03-07 16:47:03,969 Epoch 18: Train Loss 0.0951, Valid Loss 0.1081
2026-03-07 16:48:04,412 [[3742   22]
 [ 113  156]]
2026-03-07 16:48:04,416 AUC of ROC = 0.9622
2026-03-07 16:48:04,416 AUC of PRC = 0.8053
2026-03-07 16:48:04,416 min(+P, Se) = 0.7361
2026-03-07 16:48:04,417 f1_score = 0.6980
2026-03-07 16:48:04,417 Epoch 19: Train Loss 0.0945, Valid Loss 0.1053
2026-03-07 16:48:04,418 ----- Save best model - auprc: 0.8053 -----
2026-03-07 16:49:06,686 [[3677   87]
 [  64  205]]
2026-03-07 16:49:06,689 AUC of ROC = 0.9547
2026-03-07 16:49:06,690 AUC of PRC = 0.7747
2026-03-07 16:49:06,690 min(+P, Se) = 0.7286
2026-03-07 16:49:06,691 f1_score = 0.7308
2026-03-07 16:49:06,691 Epoch 20: Train Loss 0.0930, Valid Loss 0.1178
2026-03-07 16:50:06,861 [[3737   27]
 [ 110  159]]
2026-03-07 16:50:06,864 AUC of ROC = 0.9545
2026-03-07 16:50:06,864 AUC of PRC = 0.7765
2026-03-07 16:50:06,865 min(+P, Se) = 0.7249
2026-03-07 16:50:06,865 f1_score = 0.6989
2026-03-07 16:50:06,866 Epoch 21: Train Loss 0.0886, Valid Loss 0.1168
2026-03-07 16:51:07,889 [[3670   94]
 [  64  205]]
2026-03-07 16:51:07,892 AUC of ROC = 0.9587
2026-03-07 16:51:07,892 AUC of PRC = 0.7915
2026-03-07 16:51:07,892 min(+P, Se) = 0.7361
2026-03-07 16:51:07,893 f1_score = 0.7218
2026-03-07 16:51:07,893 Epoch 22: Train Loss 0.0883, Valid Loss 0.1156
2026-03-07 16:52:09,522 [[3722   42]
 [ 110  159]]
2026-03-07 16:52:09,526 AUC of ROC = 0.9515
2026-03-07 16:52:09,527 AUC of PRC = 0.7766
2026-03-07 16:52:09,527 min(+P, Se) = 0.6963
2026-03-07 16:52:09,527 f1_score = 0.6766
2026-03-07 16:52:09,528 Epoch 23: Train Loss 0.0859, Valid Loss 0.1151
2026-03-07 16:53:13,565 [[3712   52]
 [  89  180]]
2026-03-07 16:53:13,568 AUC of ROC = 0.9555
2026-03-07 16:53:13,568 AUC of PRC = 0.7789
2026-03-07 16:53:13,568 min(+P, Se) = 0.7259
2026-03-07 16:53:13,568 f1_score = 0.7186
2026-03-07 16:53:13,569 Epoch 24: Train Loss 0.0838, Valid Loss 0.1148
2026-03-07 16:54:15,933 [[3657  107]
 [  66  203]]
2026-03-07 16:54:15,937 AUC of ROC = 0.9545
2026-03-07 16:54:15,938 AUC of PRC = 0.7689
2026-03-07 16:54:15,938 min(+P, Se) = 0.7175
2026-03-07 16:54:15,938 f1_score = 0.7012
2026-03-07 16:54:15,939 Epoch 25: Train Loss 0.0826, Valid Loss 0.1240
2026-03-07 16:54:15,961 last saved model is in epoch 19
2026-03-07 16:54:19,588 [[3714   19]
 [ 115  186]]
2026-03-07 16:54:19,590 AUC of ROC = 0.9626
2026-03-07 16:54:19,591 AUC of PRC = 0.8373
2026-03-07 16:54:19,591 min(+P, Se) = 0.7475
2026-03-07 16:54:19,591 f1_score = 0.7352
2026-03-07 16:54:19,592 Test Loss 0.1095
