2026-04-15 10:29:01,377 {
    "dataset": "c19",
    "data_dropout": 0.0,
    "epochs": 25,
    "lr": 0.001,
    "d_model": 32,
    "seed": 3407,
    "batch_size": 64,
    "dropout": 0.1,
    "save_model": true,
    "save_dir": "./export/c19/smart-smile-lean-no-time-mnar/seed_3407",
    "local_rank": 0,
    "min_mask_ratio": 0.15,
    "max_mask_ratio": 0.75,
    "e_layers": 2,
    "n_heads": 4,
    "time_dim": 16,
    "use_film": false,
    "use_smile": false,
    "use_smile_film": false,
    "use_smile_v2": false,
    "use_smile_v2_film": false,
    "use_smile_lean": true,
    "use_smile_lean_samepretrain": false,
    "use_mnar": false,
    "save_last": true,
    "smile_no_mnar": false,
    "smile_no_curriculum": false,
    "smile_mask_type": "all",
    "smile_mnar_dropout": 0.05,
    "obs_density_window": 5,
    "abl_no_density": false,
    "abl_no_mnar_bias": false,
    "abl_no_film": false,
    "abl_no_time_mnar": true,
    "abl_no_time_pe": false,
    "pretrain_mask_mode": "fixed",
    "ratio_temperature": 1.0,
    "smile_stratified": false,
    "smile_mask_weights": null
}
2026-04-15 10:29:06,342 Dataset Loaded.
2026-04-15 10:29:06,343 system_groups: {'Vital_Basic': 7, 'Resp_Gas': 7, 'Liver_Enzyme': 2, 'Renal': 3, 'Coagulation': 3, 'CBC': 3, 'Bilirubin': 2}
2026-04-15 10:29:46,182 Epoch 1: Train Loss 0.0813, Valid Loss 0.0260, EMA Val 0.0260
2026-04-15 10:30:24,575 Epoch 2: Train Loss 0.0584, Valid Loss 0.0235, EMA Val 0.0252
2026-04-15 10:31:02,900 Epoch 3: Train Loss 0.0495, Valid Loss 0.0217, EMA Val 0.0242
2026-04-15 10:31:42,046 Epoch 4: Train Loss 0.0442, Valid Loss 0.0203, EMA Val 0.0230
2026-04-15 10:32:21,759 Epoch 5: Train Loss 0.0419, Valid Loss 0.0210, EMA Val 0.0224
2026-04-15 10:33:00,287 Epoch 6: Train Loss 0.0425, Valid Loss 0.0231, EMA Val 0.0226
2026-04-15 10:33:38,803 Epoch 7: Train Loss 0.0452, Valid Loss 0.0249, EMA Val 0.0233
2026-04-15 10:34:18,155 Epoch 8: Train Loss 0.0480, Valid Loss 0.0253, EMA Val 0.0239
2026-04-15 10:34:56,815 Epoch 9: Train Loss 0.0508, Valid Loss 0.0278, EMA Val 0.0251
2026-04-15 10:35:35,923 Epoch 10: Train Loss 0.0531, Valid Loss 0.0282, EMA Val 0.0260
2026-04-15 10:36:15,010 Epoch 11: Train Loss 0.0560, Valid Loss 0.0305, EMA Val 0.0273
2026-04-15 10:36:54,241 Epoch 12: Train Loss 0.0587, Valid Loss 0.0321, EMA Val 0.0288
2026-04-15 10:37:33,133 Epoch 13: Train Loss 0.0621, Valid Loss 0.0337, EMA Val 0.0303
2026-04-15 10:38:12,231 Epoch 14: Train Loss 0.0660, Valid Loss 0.0357, EMA Val 0.0319
2026-04-15 10:38:50,791 Epoch 15: Train Loss 0.0698, Valid Loss 0.0371, EMA Val 0.0334
2026-04-15 10:39:29,022 Epoch 16: Train Loss 0.0719, Valid Loss 0.0393, EMA Val 0.0352
2026-04-15 10:40:08,043 Epoch 17: Train Loss 0.0741, Valid Loss 0.0403, EMA Val 0.0367
2026-04-15 10:40:46,120 Epoch 18: Train Loss 0.0777, Valid Loss 0.0396, EMA Val 0.0376
2026-04-15 10:41:23,679 Epoch 19: Train Loss 0.0804, Valid Loss 0.0426, EMA Val 0.0391
2026-04-15 10:42:02,159 Epoch 20: Train Loss 0.0844, Valid Loss 0.0462, EMA Val 0.0412
2026-04-15 10:42:40,639 Epoch 21: Train Loss 0.0880, Valid Loss 0.0462, EMA Val 0.0427
2026-04-15 10:43:18,493 Epoch 22: Train Loss 0.0917, Valid Loss 0.0463, EMA Val 0.0438
2026-04-15 10:43:57,272 Epoch 23: Train Loss 0.0952, Valid Loss 0.0498, EMA Val 0.0456
2026-04-15 10:44:35,310 Epoch 24: Train Loss 0.0979, Valid Loss 0.0505, EMA Val 0.0471
2026-04-15 10:45:13,857 Epoch 25: Train Loss 0.0996, Valid Loss 0.0512, EMA Val 0.0483
2026-04-15 10:45:13,858 ----- Save last epoch model - L1: 0.0483 -----
2026-04-15 10:45:13,897 last saved model is in epoch 25
2026-04-15 10:45:17,264 Test Loss 0.0522
2026-04-15 10:45:25,906 {
    "dataset": "c19",
    "data_dropout": 0.0,
    "epochs": 25,
    "freeze_epochs": 5,
    "lr": 0.001,
    "d_model": 32,
    "seed": 3407,
    "batch_size": 64,
    "dropout": 0.1,
    "save_model": true,
    "save_dir": "./export/c19/smart-smile-lean-no-time-mnar/seed_3407",
    "pretrain_dir": null,
    "local_rank": 0,
    "e_layers": 2,
    "n_heads": 4,
    "time_dim": 16,
    "use_film": false,
    "use_smile": false,
    "use_smile_film": false,
    "use_mnar": false,
    "use_smile_v2": false,
    "use_smile_v2_film": false,
    "use_smile_lean": true,
    "use_smile_lean_samepretrain": false,
    "obs_density_window": 5,
    "abl_no_density": false,
    "abl_no_mnar_bias": false,
    "abl_no_film": false,
    "abl_no_time_mnar": true,
    "abl_no_time_pe": false,
    "smile_no_mnar": false,
    "smile_no_curriculum": false,
    "smile_mask_type": "all",
    "smile_mnar_dropout": 0.05,
    "smile_mnar_dropout_initial": 0.0,
    "smile_stratified": false
}
2026-04-15 10:45:30,913 Dataset Loaded.
2026-04-15 10:45:33,278 Class weights: [0.5393641591072083, 6.850955486297607]
2026-04-15 10:45:33,292 last saved model is in epoch 25
2026-04-15 10:46:02,515 [[2792  946]
 [  50  245]]
2026-04-15 10:46:02,522 AUC of ROC = 0.8591
2026-04-15 10:46:02,522 AUC of PRC = 0.3668
2026-04-15 10:46:02,523 min(+P, Se) = 0.3932
2026-04-15 10:46:02,523 f1_score = 0.4026 (threshold = 0.5482)
2026-04-15 10:46:02,523 Epoch 1: Train Loss 0.5544, Valid Loss 0.4721
2026-04-15 10:46:02,524 ----- Save best model - auprc: 0.3668 -----
2026-04-15 10:46:28,000 [[3524  214]
 [ 130  165]]
2026-04-15 10:46:28,006 AUC of ROC = 0.8921
2026-04-15 10:46:28,006 AUC of PRC = 0.4237
2026-04-15 10:46:28,007 min(+P, Se) = 0.4831
2026-04-15 10:46:28,007 f1_score = 0.4949 (threshold = 0.1377)
2026-04-15 10:46:28,007 Epoch 2: Train Loss 0.4917, Valid Loss 0.4906
2026-04-15 10:46:28,008 ----- Save best model - auprc: 0.4237 -----
2026-04-15 10:46:56,782 [[3297  441]
 [  63  232]]
2026-04-15 10:46:56,788 AUC of ROC = 0.9082
2026-04-15 10:46:56,789 AUC of PRC = 0.4931
2026-04-15 10:46:56,789 min(+P, Se) = 0.5270
2026-04-15 10:46:56,789 f1_score = 0.5377 (threshold = 0.6223)
2026-04-15 10:46:56,790 Epoch 3: Train Loss 0.4645, Valid Loss 0.3895
2026-04-15 10:46:56,790 ----- Save best model - auprc: 0.4931 -----
2026-04-15 10:47:24,136 [[3214  524]
 [  54  241]]
2026-04-15 10:47:24,142 AUC of ROC = 0.9127
2026-04-15 10:47:24,142 AUC of PRC = 0.4904
2026-04-15 10:47:24,143 min(+P, Se) = 0.5186
2026-04-15 10:47:24,143 f1_score = 0.5475 (threshold = 0.5085)
2026-04-15 10:47:24,143 Epoch 4: Train Loss 0.4433, Valid Loss 0.3758
2026-04-15 10:47:52,976 [[3422  316]
 [  74  221]]
2026-04-15 10:47:52,983 AUC of ROC = 0.9178
2026-04-15 10:47:52,983 AUC of PRC = 0.5253
2026-04-15 10:47:52,983 min(+P, Se) = 0.5690
2026-04-15 10:47:52,983 f1_score = 0.5738 (threshold = 0.5604)
2026-04-15 10:47:52,984 Epoch 5: Train Loss 0.4308, Valid Loss 0.3850
2026-04-15 10:47:52,985 ----- Save best model - auprc: 0.5253 -----
2026-04-15 10:48:25,964 [[3359  379]
 [  43  252]]
2026-04-15 10:48:25,970 AUC of ROC = 0.9505
2026-04-15 10:48:25,971 AUC of PRC = 0.7110
2026-04-15 10:48:25,971 min(+P, Se) = 0.6847
2026-04-15 10:48:25,971 f1_score = 0.6923 (threshold = 0.8050)
2026-04-15 10:48:25,972 Epoch 6: Train Loss 0.4025, Valid Loss 0.2834
2026-04-15 10:48:25,972 ----- Save best model - auprc: 0.7110 -----
2026-04-15 10:48:59,680 [[3494  244]
 [  52  243]]
2026-04-15 10:48:59,686 AUC of ROC = 0.9612
2026-04-15 10:48:59,687 AUC of PRC = 0.7447
2026-04-15 10:48:59,687 min(+P, Se) = 0.7085
2026-04-15 10:48:59,687 f1_score = 0.7194 (threshold = 0.8199)
2026-04-15 10:48:59,687 Epoch 7: Train Loss 0.3208, Valid Loss 0.2637
2026-04-15 10:48:59,688 ----- Save best model - auprc: 0.7447 -----
2026-04-15 10:49:33,269 [[3474  264]
 [  46  249]]
2026-04-15 10:49:33,275 AUC of ROC = 0.9636
2026-04-15 10:49:33,275 AUC of PRC = 0.7440
2026-04-15 10:49:33,275 min(+P, Se) = 0.7186
2026-04-15 10:49:33,275 f1_score = 0.7214 (threshold = 0.9072)
2026-04-15 10:49:33,276 Epoch 8: Train Loss 0.3035, Valid Loss 0.2488
2026-04-15 10:50:06,387 [[3463  275]
 [  38  257]]
2026-04-15 10:50:06,392 AUC of ROC = 0.9669
2026-04-15 10:50:06,392 AUC of PRC = 0.7833
2026-04-15 10:50:06,393 min(+P, Se) = 0.7220
2026-04-15 10:50:06,393 f1_score = 0.7238 (threshold = 1.0729)
2026-04-15 10:50:06,393 Epoch 9: Train Loss 0.2799, Valid Loss 0.2366
2026-04-15 10:50:06,394 ----- Save best model - auprc: 0.7833 -----
2026-04-15 10:50:39,265 [[3319  419]
 [  27  268]]
2026-04-15 10:50:39,271 AUC of ROC = 0.9639
2026-04-15 10:50:39,271 AUC of PRC = 0.7653
2026-04-15 10:50:39,271 min(+P, Se) = 0.7104
2026-04-15 10:50:39,271 f1_score = 0.7208 (threshold = 1.3513)
2026-04-15 10:50:39,272 Epoch 10: Train Loss 0.2808, Valid Loss 0.2515
2026-04-15 10:51:11,426 [[3353  385]
 [  31  264]]
2026-04-15 10:51:11,431 AUC of ROC = 0.9626
2026-04-15 10:51:11,432 AUC of PRC = 0.7751
2026-04-15 10:51:11,432 min(+P, Se) = 0.7037
2026-04-15 10:51:11,432 f1_score = 0.7121 (threshold = 1.0848)
2026-04-15 10:51:11,432 Epoch 11: Train Loss 0.2597, Valid Loss 0.2468
2026-04-15 10:51:43,270 [[3260  478]
 [  27  268]]
2026-04-15 10:51:43,276 AUC of ROC = 0.9610
2026-04-15 10:51:43,276 AUC of PRC = 0.7647
2026-04-15 10:51:43,276 min(+P, Se) = 0.7186
2026-04-15 10:51:43,276 f1_score = 0.7273 (threshold = 1.3217)
2026-04-15 10:51:43,277 Epoch 12: Train Loss 0.2544, Valid Loss 0.2594
2026-04-15 10:52:16,442 [[3526  212]
 [  52  243]]
2026-04-15 10:52:16,448 AUC of ROC = 0.9626
2026-04-15 10:52:16,448 AUC of PRC = 0.7729
2026-04-15 10:52:16,449 min(+P, Se) = 0.7128
2026-04-15 10:52:16,449 f1_score = 0.7163 (threshold = 0.8956)
2026-04-15 10:52:16,449 Epoch 13: Train Loss 0.2461, Valid Loss 0.2633
2026-04-15 10:52:48,884 [[3189  549]
 [  21  274]]
2026-04-15 10:52:48,890 AUC of ROC = 0.9634
2026-04-15 10:52:48,890 AUC of PRC = 0.7709
2026-04-15 10:52:48,890 min(+P, Se) = 0.7085
2026-04-15 10:52:48,890 f1_score = 0.7232 (threshold = 1.7594)
2026-04-15 10:52:48,891 Epoch 14: Train Loss 0.2386, Valid Loss 0.2711
2026-04-15 10:53:21,573 [[3238  500]
 [  24  271]]
2026-04-15 10:53:21,580 AUC of ROC = 0.9596
2026-04-15 10:53:21,580 AUC of PRC = 0.7628
2026-04-15 10:53:21,580 min(+P, Se) = 0.7085
2026-04-15 10:53:21,580 f1_score = 0.7103 (threshold = 1.3889)
2026-04-15 10:53:21,581 Epoch 15: Train Loss 0.2231, Valid Loss 0.2714
2026-04-15 10:53:53,212 [[3521  217]
 [  52  243]]
2026-04-15 10:53:53,217 AUC of ROC = 0.9634
2026-04-15 10:53:53,218 AUC of PRC = 0.7818
2026-04-15 10:53:53,218 min(+P, Se) = 0.7220
2026-04-15 10:53:53,218 f1_score = 0.7321 (threshold = 0.9079)
2026-04-15 10:53:53,219 Epoch 16: Train Loss 0.2125, Valid Loss 0.2642
2026-04-15 10:54:26,085 [[3558  180]
 [  53  242]]
2026-04-15 10:54:26,091 AUC of ROC = 0.9671
2026-04-15 10:54:26,091 AUC of PRC = 0.7835
2026-04-15 10:54:26,092 min(+P, Se) = 0.7356
2026-04-15 10:54:26,092 f1_score = 0.7419 (threshold = 0.8526)
2026-04-15 10:54:26,092 Epoch 17: Train Loss 0.2047, Valid Loss 0.2647
2026-04-15 10:54:26,093 ----- Save best model - auprc: 0.7835 -----
2026-04-15 10:54:57,432 [[3475  263]
 [  44  251]]
2026-04-15 10:54:57,438 AUC of ROC = 0.9643
2026-04-15 10:54:57,438 AUC of PRC = 0.7786
2026-04-15 10:54:57,438 min(+P, Se) = 0.7186
2026-04-15 10:54:57,438 f1_score = 0.7219 (threshold = 0.9268)
2026-04-15 10:54:57,439 Epoch 18: Train Loss 0.1964, Valid Loss 0.2573
2026-04-15 10:55:29,491 [[3475  263]
 [  41  254]]
2026-04-15 10:55:29,497 AUC of ROC = 0.9644
2026-04-15 10:55:29,497 AUC of PRC = 0.7841
2026-04-15 10:55:29,498 min(+P, Se) = 0.7186
2026-04-15 10:55:29,498 f1_score = 0.7254 (threshold = 1.1454)
2026-04-15 10:55:29,498 Epoch 19: Train Loss 0.1818, Valid Loss 0.2544
2026-04-15 10:55:29,499 ----- Save best model - auprc: 0.7841 -----
2026-04-15 10:56:00,597 [[3459  279]
 [  40  255]]
2026-04-15 10:56:00,603 AUC of ROC = 0.9631
2026-04-15 10:56:00,603 AUC of PRC = 0.7823
2026-04-15 10:56:00,603 min(+P, Se) = 0.7085
2026-04-15 10:56:00,603 f1_score = 0.7185 (threshold = 1.0687)
2026-04-15 10:56:00,604 Epoch 20: Train Loss 0.1723, Valid Loss 0.2616
2026-04-15 10:56:32,386 [[3464  274]
 [  43  252]]
2026-04-15 10:56:32,392 AUC of ROC = 0.9612
2026-04-15 10:56:32,393 AUC of PRC = 0.7770
2026-04-15 10:56:32,393 min(+P, Se) = 0.7085
2026-04-15 10:56:32,393 f1_score = 0.7140 (threshold = 1.1907)
2026-04-15 10:56:32,393 Epoch 21: Train Loss 0.1649, Valid Loss 0.2746
2026-04-15 10:57:05,316 [[3481  257]
 [  46  249]]
2026-04-15 10:57:05,322 AUC of ROC = 0.9631
2026-04-15 10:57:05,322 AUC of PRC = 0.7794
2026-04-15 10:57:05,323 min(+P, Se) = 0.7119
2026-04-15 10:57:05,323 f1_score = 0.7172 (threshold = 1.1667)
2026-04-15 10:57:05,323 Epoch 22: Train Loss 0.1602, Valid Loss 0.2657
2026-04-15 10:57:38,486 [[3484  254]
 [  44  251]]
2026-04-15 10:57:38,492 AUC of ROC = 0.9627
2026-04-15 10:57:38,493 AUC of PRC = 0.7821
2026-04-15 10:57:38,493 min(+P, Se) = 0.7100
2026-04-15 10:57:38,493 f1_score = 0.7171 (threshold = 0.9884)
2026-04-15 10:57:38,493 Epoch 23: Train Loss 0.1553, Valid Loss 0.2730
2026-04-15 10:58:10,675 [[3458  280]
 [  42  253]]
2026-04-15 10:58:10,681 AUC of ROC = 0.9639
2026-04-15 10:58:10,681 AUC of PRC = 0.7818
2026-04-15 10:58:10,681 min(+P, Se) = 0.7186
2026-04-15 10:58:10,682 f1_score = 0.7235 (threshold = 1.2403)
2026-04-15 10:58:10,682 Epoch 24: Train Loss 0.1530, Valid Loss 0.2642
2026-04-15 10:58:42,550 [[3507  231]
 [  46  249]]
2026-04-15 10:58:42,555 AUC of ROC = 0.9636
2026-04-15 10:58:42,556 AUC of PRC = 0.7831
2026-04-15 10:58:42,556 min(+P, Se) = 0.7220
2026-04-15 10:58:42,556 f1_score = 0.7245 (threshold = 1.0918)
2026-04-15 10:58:42,556 Epoch 25: Train Loss 0.1475, Valid Loss 0.2750
2026-04-15 10:58:42,568 last saved model is in epoch 19
2026-04-15 10:58:45,392 [[3495  257]
 [  31  251]]
2026-04-15 10:58:45,398 AUC of ROC = 0.9642
2026-04-15 10:58:45,398 AUC of PRC = 0.8151
2026-04-15 10:58:45,398 min(+P, Se) = 0.7447
2026-04-15 10:58:45,398 f1_score = 0.7617 (threshold = 1.3842)
2026-04-15 10:58:45,399 Test Loss 0.2418
