2026-03-05 12:08:51,971 {
    "dataset": "c12",
    "data_dropout": 0.0,
    "epochs": 25,
    "lr": 0.001,
    "d_model": 32,
    "seed": 1,
    "batch_size": 256,
    "dropout": 0.1,
    "save_model": true,
    "save_dir": "./export/c12\\smart\\seed_1",
    "local_rank": 0,
    "min_mask_ratio": 0.0,
    "max_mask_ratio": 0.75,
    "e_layers": 2,
    "n_heads": 4,
    "time_dim": 16,
    "use_film": false,
    "use_smile": false,
    "smile_no_mnar": false,
    "smile_no_curriculum": false,
    "smile_mask_type": "all",
    "smile_mnar_dropout": 0.05
}
2026-03-05 12:08:53,088 Dataset Loaded.
2026-03-05 12:09:13,742 Epoch 1: Train Loss 13.3475, Valid Loss 8.6247
2026-03-05 12:09:13,743 ----- Save best model - L1: 8.6247 -----
2026-03-05 12:10:49,095 {
    "dataset": "c12",
    "data_dropout": 0.0,
    "epochs": 25,
    "freeze_epochs": 5,
    "lr": 0.001,
    "d_model": 32,
    "seed": 1,
    "batch_size": 256,
    "dropout": 0.1,
    "save_model": true,
    "save_dir": "./export/c12\\smart\\seed_1",
    "local_rank": 0,
    "e_layers": 2,
    "n_heads": 4,
    "time_dim": 16,
    "use_film": false,
    "use_smile": false,
    "smile_no_mnar": false,
    "smile_no_curriculum": false,
    "smile_mask_type": "all",
    "smile_mnar_dropout": 0.05
}
2026-03-05 12:10:49,986 Dataset Loaded.
2026-03-05 12:10:51,191 last saved model is in epoch 1
2026-03-05 12:10:59,143 [[1033    0]
 [ 165    0]]
2026-03-05 12:10:59,149 AUC of ROC = 0.4887
2026-03-05 12:10:59,150 AUC of PRC = 0.1432
2026-03-05 12:10:59,150 min(+P, Se) = 0.1443
2026-03-05 12:10:59,150 f1_score = nan
2026-03-05 12:10:59,150 Epoch 1: Train Loss 0.9981, Valid Loss 0.4911
2026-03-05 12:10:59,151 ----- Save best model - auprc: 0.1432 -----
2026-03-05 12:11:06,956 [[1033    0]
 [ 165    0]]
2026-03-05 12:11:06,958 AUC of ROC = 0.5376
2026-03-05 12:11:06,958 AUC of PRC = 0.1704
2026-03-05 12:11:06,958 min(+P, Se) = 0.1697
2026-03-05 12:11:06,958 f1_score = nan
2026-03-05 12:11:06,959 Epoch 2: Train Loss 0.4570, Valid Loss 0.4544
2026-03-05 12:11:06,959 ----- Save best model - auprc: 0.1704 -----
2026-03-05 12:11:14,877 [[1033    0]
 [ 165    0]]
2026-03-05 12:11:14,879 AUC of ROC = 0.5957
2026-03-05 12:11:14,880 AUC of PRC = 0.2045
2026-03-05 12:11:14,880 min(+P, Se) = 0.2333
2026-03-05 12:11:14,880 f1_score = nan
2026-03-05 12:11:14,880 Epoch 3: Train Loss 0.4481, Valid Loss 0.4105
2026-03-05 12:11:14,881 ----- Save best model - auprc: 0.2045 -----
2026-03-05 12:11:22,768 [[1033    0]
 [ 165    0]]
2026-03-05 12:11:22,770 AUC of ROC = 0.6349
2026-03-05 12:11:22,770 AUC of PRC = 0.2359
2026-03-05 12:11:22,771 min(+P, Se) = 0.2615
2026-03-05 12:11:22,771 f1_score = nan
2026-03-05 12:11:22,771 Epoch 4: Train Loss 0.4548, Valid Loss 0.4237
2026-03-05 12:11:22,772 ----- Save best model - auprc: 0.2359 -----
2026-03-05 12:11:30,568 [[1033    0]
 [ 165    0]]
2026-03-05 12:11:30,570 AUC of ROC = 0.6508
2026-03-05 12:11:30,570 AUC of PRC = 0.2498
2026-03-05 12:11:30,570 min(+P, Se) = 0.2680
2026-03-05 12:11:30,570 f1_score = nan
2026-03-05 12:11:30,570 Epoch 5: Train Loss 0.4485, Valid Loss 0.4339
2026-03-05 12:11:30,571 ----- Save best model - auprc: 0.2498 -----
2026-03-05 12:11:44,006 [[1033    0]
 [ 164    1]]
2026-03-05 12:11:44,008 AUC of ROC = 0.6568
2026-03-05 12:11:44,008 AUC of PRC = 0.2545
2026-03-05 12:11:44,008 min(+P, Se) = 0.2842
2026-03-05 12:11:44,008 f1_score = 0.0120
2026-03-05 12:11:44,009 Epoch 6: Train Loss 0.4082, Valid Loss 0.3773
2026-03-05 12:11:44,009 ----- Save best model - auprc: 0.2545 -----
2026-03-05 12:11:57,368 [[1025    8]
 [ 151   14]]
2026-03-05 12:11:57,370 AUC of ROC = 0.6514
2026-03-05 12:11:57,370 AUC of PRC = 0.2506
2026-03-05 12:11:57,370 min(+P, Se) = 0.2848
2026-03-05 12:11:57,370 f1_score = 0.1497
2026-03-05 12:11:57,371 Epoch 7: Train Loss 0.3808, Valid Loss 0.3615
2026-03-05 12:12:10,673 [[1025    8]
 [ 150   15]]
2026-03-05 12:12:10,675 AUC of ROC = 0.6814
2026-03-05 12:12:10,675 AUC of PRC = 0.2558
2026-03-05 12:12:10,676 min(+P, Se) = 0.3133
2026-03-05 12:12:10,676 f1_score = 0.1596
2026-03-05 12:12:10,676 Epoch 8: Train Loss 0.3666, Valid Loss 0.3415
2026-03-05 12:12:10,676 ----- Save best model - auprc: 0.2558 -----
2026-03-05 12:12:24,220 [[1015   18]
 [ 141   24]]
2026-03-05 12:12:24,222 AUC of ROC = 0.6625
2026-03-05 12:12:24,222 AUC of PRC = 0.2571
2026-03-05 12:12:24,222 min(+P, Se) = 0.3068
2026-03-05 12:12:24,223 f1_score = 0.2319
2026-03-05 12:12:24,223 Epoch 9: Train Loss 0.3514, Valid Loss 0.3365
2026-03-05 12:12:24,223 ----- Save best model - auprc: 0.2571 -----
2026-03-05 12:12:37,595 [[1027    6]
 [ 152   13]]
2026-03-05 12:12:37,596 AUC of ROC = 0.7026
2026-03-05 12:12:37,597 AUC of PRC = 0.2838
2026-03-05 12:12:37,597 min(+P, Se) = 0.3466
2026-03-05 12:12:37,597 f1_score = 0.1413
2026-03-05 12:12:37,597 Epoch 10: Train Loss 0.3531, Valid Loss 0.3238
2026-03-05 12:12:37,597 ----- Save best model - auprc: 0.2838 -----
2026-03-05 12:12:51,140 [[999  34]
 [128  37]]
2026-03-05 12:12:51,142 AUC of ROC = 0.7315
2026-03-05 12:12:51,142 AUC of PRC = 0.3016
2026-03-05 12:12:51,143 min(+P, Se) = 0.3916
2026-03-05 12:12:51,143 f1_score = 0.3136
2026-03-05 12:12:51,143 Epoch 11: Train Loss 0.3373, Valid Loss 0.3225
2026-03-05 12:12:51,144 ----- Save best model - auprc: 0.3016 -----
2026-03-05 12:13:04,638 [[1026    7]
 [ 144   21]]
2026-03-05 12:13:04,640 AUC of ROC = 0.7465
2026-03-05 12:13:04,640 AUC of PRC = 0.3246
2026-03-05 12:13:04,640 min(+P, Se) = 0.3976
2026-03-05 12:13:04,640 f1_score = 0.2176
2026-03-05 12:13:04,641 Epoch 12: Train Loss 0.3399, Valid Loss 0.3121
2026-03-05 12:13:04,641 ----- Save best model - auprc: 0.3246 -----
2026-03-05 12:13:18,301 [[975  58]
 [107  58]]
2026-03-05 12:13:18,303 AUC of ROC = 0.7681
2026-03-05 12:13:18,303 AUC of PRC = 0.3648
2026-03-05 12:13:18,303 min(+P, Se) = 0.4190
2026-03-05 12:13:18,303 f1_score = 0.4128
2026-03-05 12:13:18,304 Epoch 13: Train Loss 0.3274, Valid Loss 0.3229
2026-03-05 12:13:18,304 ----- Save best model - auprc: 0.3648 -----
2026-03-05 12:13:31,912 [[1014   19]
 [ 128   37]]
2026-03-05 12:13:31,914 AUC of ROC = 0.7753
2026-03-05 12:13:31,914 AUC of PRC = 0.3765
2026-03-05 12:13:31,914 min(+P, Se) = 0.4211
2026-03-05 12:13:31,915 f1_score = 0.3348
2026-03-05 12:13:31,915 Epoch 14: Train Loss 0.3240, Valid Loss 0.3025
2026-03-05 12:13:31,915 ----- Save best model - auprc: 0.3765 -----
2026-03-05 12:13:45,284 [[1024    9]
 [ 144   21]]
2026-03-05 12:13:45,285 AUC of ROC = 0.7124
2026-03-05 12:13:45,286 AUC of PRC = 0.2986
2026-03-05 12:13:45,286 min(+P, Se) = 0.3373
2026-03-05 12:13:45,286 f1_score = 0.2154
2026-03-05 12:13:45,286 Epoch 15: Train Loss 0.3220, Valid Loss 0.3150
2026-03-05 12:13:58,531 [[999  34]
 [117  48]]
2026-03-05 12:13:58,532 AUC of ROC = 0.7561
2026-03-05 12:13:58,533 AUC of PRC = 0.3541
2026-03-05 12:13:58,533 min(+P, Se) = 0.4152
2026-03-05 12:13:58,533 f1_score = 0.3887
2026-03-05 12:13:58,533 Epoch 16: Train Loss 0.3182, Valid Loss 0.3115
2026-03-05 12:14:11,780 [[970  63]
 [ 99  66]]
2026-03-05 12:14:11,782 AUC of ROC = 0.7737
2026-03-05 12:14:11,782 AUC of PRC = 0.3916
2026-03-05 12:14:11,782 min(+P, Se) = 0.4242
2026-03-05 12:14:11,782 f1_score = 0.4490
2026-03-05 12:14:11,782 Epoch 17: Train Loss 0.3212, Valid Loss 0.3190
2026-03-05 12:14:11,783 ----- Save best model - auprc: 0.3916 -----
2026-03-05 12:14:25,414 [[1010   23]
 [ 119   46]]
2026-03-05 12:14:25,415 AUC of ROC = 0.7867
2026-03-05 12:14:25,416 AUC of PRC = 0.4037
2026-03-05 12:14:25,416 min(+P, Se) = 0.4379
2026-03-05 12:14:25,416 f1_score = 0.3932
2026-03-05 12:14:25,416 Epoch 18: Train Loss 0.3160, Valid Loss 0.2960
2026-03-05 12:14:25,416 ----- Save best model - auprc: 0.4037 -----
2026-03-05 12:14:38,842 [[998  35]
 [112  53]]
2026-03-05 12:14:38,844 AUC of ROC = 0.7636
2026-03-05 12:14:38,844 AUC of PRC = 0.3769
2026-03-05 12:14:38,844 min(+P, Se) = 0.4251
2026-03-05 12:14:38,844 f1_score = 0.4190
2026-03-05 12:14:38,845 Epoch 19: Train Loss 0.3143, Valid Loss 0.2993
2026-03-05 12:14:52,104 [[1021   12]
 [ 139   26]]
2026-03-05 12:14:52,106 AUC of ROC = 0.8128
2026-03-05 12:14:52,106 AUC of PRC = 0.4383
2026-03-05 12:14:52,106 min(+P, Se) = 0.4606
2026-03-05 12:14:52,106 f1_score = 0.2562
2026-03-05 12:14:52,106 Epoch 20: Train Loss 0.3108, Valid Loss 0.3000
2026-03-05 12:14:52,107 ----- Save best model - auprc: 0.4383 -----
2026-03-05 12:15:05,458 [[1021   12]
 [ 136   29]]
2026-03-05 12:15:05,460 AUC of ROC = 0.7691
2026-03-05 12:15:05,460 AUC of PRC = 0.3864
2026-03-05 12:15:05,460 min(+P, Se) = 0.4157
2026-03-05 12:15:05,460 f1_score = 0.2816
2026-03-05 12:15:05,461 Epoch 21: Train Loss 0.3155, Valid Loss 0.2970
2026-03-05 12:15:18,955 [[991  42]
 [108  57]]
2026-03-05 12:15:18,957 AUC of ROC = 0.8152
2026-03-05 12:15:18,957 AUC of PRC = 0.4575
2026-03-05 12:15:18,957 min(+P, Se) = 0.4699
2026-03-05 12:15:18,957 f1_score = 0.4318
2026-03-05 12:15:18,958 Epoch 22: Train Loss 0.3127, Valid Loss 0.2984
2026-03-05 12:15:18,958 ----- Save best model - auprc: 0.4575 -----
2026-03-05 12:15:32,351 [[1009   24]
 [ 122   43]]
2026-03-05 12:15:32,353 AUC of ROC = 0.7915
2026-03-05 12:15:32,353 AUC of PRC = 0.4277
2026-03-05 12:15:32,353 min(+P, Se) = 0.4402
2026-03-05 12:15:32,353 f1_score = 0.3707
2026-03-05 12:15:32,353 Epoch 23: Train Loss 0.3049, Valid Loss 0.2896
2026-03-05 12:15:45,966 [[1010   23]
 [ 122   43]]
2026-03-05 12:15:45,968 AUC of ROC = 0.8260
2026-03-05 12:15:45,968 AUC of PRC = 0.4584
2026-03-05 12:15:45,968 min(+P, Se) = 0.4727
2026-03-05 12:15:45,968 f1_score = 0.3723
2026-03-05 12:15:45,968 Epoch 24: Train Loss 0.3042, Valid Loss 0.2914
2026-03-05 12:15:45,969 ----- Save best model - auprc: 0.4584 -----
2026-03-05 12:15:59,808 [[1015   18]
 [ 126   39]]
2026-03-05 12:15:59,810 AUC of ROC = 0.8076
2026-03-05 12:15:59,810 AUC of PRC = 0.4371
2026-03-05 12:15:59,811 min(+P, Se) = 0.4615
2026-03-05 12:15:59,811 f1_score = 0.3514
2026-03-05 12:15:59,811 Epoch 25: Train Loss 0.3031, Valid Loss 0.2892
2026-03-05 12:15:59,826 last saved model is in epoch 24
2026-03-05 12:16:00,683 [[997  32]
 [131  40]]
2026-03-05 12:16:00,685 AUC of ROC = 0.8183
2026-03-05 12:16:00,685 AUC of PRC = 0.4195
2026-03-05 12:16:00,685 min(+P, Se) = 0.4503
2026-03-05 12:16:00,685 f1_score = 0.3292
2026-03-05 12:16:00,686 Test Loss 0.3303
2026-03-07 07:00:31,687 {
    "dataset": "c12",
    "data_dropout": 0.0,
    "epochs": 25,
    "lr": 0.001,
    "d_model": 32,
    "seed": 1,
    "batch_size": 64,
    "dropout": 0.1,
    "save_model": true,
    "save_dir": "./export/c12/smart/seed_1",
    "local_rank": 0,
    "min_mask_ratio": 0.0,
    "max_mask_ratio": 0.75,
    "e_layers": 2,
    "n_heads": 4,
    "time_dim": 16,
    "use_film": false,
    "use_smile": false,
    "use_mnar": false,
    "save_last": false,
    "smile_no_mnar": false,
    "smile_no_curriculum": false,
    "smile_mask_type": "all",
    "smile_mnar_dropout": 0.05
}
2026-03-07 07:00:35,164 Dataset Loaded.
2026-03-07 07:00:58,602 Epoch 1: Train Loss 7.1104, Valid Loss 2.6470
2026-03-07 07:00:58,603 ----- Save best model - L1: 2.6470 -----
2026-03-07 07:01:21,296 Epoch 2: Train Loss 2.5679, Valid Loss 1.6080
2026-03-07 07:01:21,297 ----- Save best model - L1: 1.6080 -----
2026-03-07 07:01:44,164 Epoch 3: Train Loss 1.7628, Valid Loss 1.0546
2026-03-07 07:01:44,165 ----- Save best model - L1: 1.0546 -----
2026-03-07 07:02:07,013 Epoch 4: Train Loss 1.3915, Valid Loss 0.8231
2026-03-07 07:02:07,014 ----- Save best model - L1: 0.8231 -----
2026-03-07 07:02:29,785 Epoch 5: Train Loss 1.1881, Valid Loss 0.7297
2026-03-07 07:02:29,786 ----- Save best model - L1: 0.7297 -----
2026-03-07 07:02:52,607 Epoch 6: Train Loss 1.0831, Valid Loss 0.7093
2026-03-07 07:02:52,607 ----- Save best model - L1: 0.7093 -----
2026-03-07 07:03:15,480 Epoch 7: Train Loss 1.0071, Valid Loss 0.6366
2026-03-07 07:03:15,481 ----- Save best model - L1: 0.6366 -----
2026-03-07 07:03:38,294 Epoch 8: Train Loss 0.9870, Valid Loss 0.6756
2026-03-07 07:04:01,161 Epoch 9: Train Loss 0.9851, Valid Loss 0.6816
2026-03-07 07:04:24,008 Epoch 10: Train Loss 0.9643, Valid Loss 0.6533
2026-03-07 07:04:46,718 Epoch 11: Train Loss 0.9589, Valid Loss 0.6541
2026-03-07 07:05:09,476 Epoch 12: Train Loss 0.9521, Valid Loss 0.6239
2026-03-07 07:05:09,476 ----- Save best model - L1: 0.6239 -----
2026-03-07 07:05:32,301 Epoch 13: Train Loss 0.9415, Valid Loss 0.6534
2026-03-07 07:05:55,142 Epoch 14: Train Loss 0.9254, Valid Loss 0.5771
2026-03-07 07:05:55,143 ----- Save best model - L1: 0.5771 -----
2026-03-07 07:06:18,027 Epoch 15: Train Loss 0.9050, Valid Loss 0.6335
2026-03-07 07:06:40,902 Epoch 16: Train Loss 0.8987, Valid Loss 0.5949
2026-03-07 07:07:03,751 Epoch 17: Train Loss 0.9215, Valid Loss 0.6230
2026-03-07 07:07:26,634 Epoch 18: Train Loss 0.8852, Valid Loss 0.6064
2026-03-07 07:07:49,518 Epoch 19: Train Loss 0.9249, Valid Loss 0.6459
2026-03-07 07:08:12,439 Epoch 20: Train Loss 0.9234, Valid Loss 0.5881
2026-03-07 07:08:35,966 Epoch 21: Train Loss 0.9152, Valid Loss 0.5995
2026-03-07 07:08:58,906 Epoch 22: Train Loss 0.9217, Valid Loss 0.6165
2026-03-07 07:09:21,682 Epoch 23: Train Loss 0.8971, Valid Loss 0.5950
2026-03-07 07:09:44,617 Epoch 24: Train Loss 0.9294, Valid Loss 0.6224
2026-03-07 07:10:07,565 Epoch 25: Train Loss 0.9215, Valid Loss 0.6429
2026-03-07 07:10:07,593 last saved model is in epoch 14
2026-03-07 07:10:09,215 Test Loss 0.6483
2026-03-07 07:10:11,758 {
    "dataset": "c12",
    "data_dropout": 0.0,
    "epochs": 25,
    "freeze_epochs": 5,
    "lr": 0.001,
    "d_model": 32,
    "seed": 1,
    "batch_size": 64,
    "dropout": 0.1,
    "save_model": true,
    "save_dir": "./export/c12/smart/seed_1",
    "local_rank": 0,
    "e_layers": 2,
    "n_heads": 4,
    "time_dim": 16,
    "use_film": false,
    "use_smile": false,
    "use_mnar": false,
    "smile_no_mnar": false,
    "smile_no_curriculum": false,
    "smile_mask_type": "all",
    "smile_mnar_dropout": 0.05
}
2026-03-07 07:10:14,539 Dataset Loaded.
2026-03-07 07:10:15,062 last saved model is in epoch 14
2026-03-07 07:10:23,816 [[942  91]
 [ 99  66]]
2026-03-07 07:10:23,823 AUC of ROC = 0.6897
2026-03-07 07:10:23,823 AUC of PRC = 0.2830
2026-03-07 07:10:23,823 min(+P, Se) = 0.3543
2026-03-07 07:10:23,826 f1_score = 0.4099
2026-03-07 07:10:23,826 Epoch 1: Train Loss 0.4415, Valid Loss 0.3859
2026-03-07 07:10:23,827 ----- Save best model - auprc: 0.2830 -----
2026-03-07 07:10:32,401 [[1028    5]
 [ 159    6]]
2026-03-07 07:10:32,403 AUC of ROC = 0.7613
2026-03-07 07:10:32,404 AUC of PRC = 0.3590
2026-03-07 07:10:32,404 min(+P, Se) = 0.4012
2026-03-07 07:10:32,405 f1_score = 0.0682
2026-03-07 07:10:32,405 Epoch 2: Train Loss 0.3681, Valid Loss 0.3387
2026-03-07 07:10:32,406 ----- Save best model - auprc: 0.3590 -----
2026-03-07 07:10:40,880 [[1026    7]
 [ 147   18]]
2026-03-07 07:10:40,882 AUC of ROC = 0.7700
2026-03-07 07:10:40,882 AUC of PRC = 0.3646
2026-03-07 07:10:40,883 min(+P, Se) = 0.3916
2026-03-07 07:10:40,883 f1_score = 0.1895
2026-03-07 07:10:40,884 Epoch 3: Train Loss 0.3566, Valid Loss 0.3122
2026-03-07 07:10:40,884 ----- Save best model - auprc: 0.3646 -----
2026-03-07 07:10:49,307 [[972  61]
 [112  53]]
2026-03-07 07:10:49,309 AUC of ROC = 0.7543
2026-03-07 07:10:49,310 AUC of PRC = 0.3598
2026-03-07 07:10:49,310 min(+P, Se) = 0.3939
2026-03-07 07:10:49,310 f1_score = 0.3799
2026-03-07 07:10:49,311 Epoch 4: Train Loss 0.3534, Valid Loss 0.3440
2026-03-07 07:10:57,768 [[1024    9]
 [ 139   26]]
2026-03-07 07:10:57,770 AUC of ROC = 0.8145
2026-03-07 07:10:57,771 AUC of PRC = 0.4290
2026-03-07 07:10:57,772 min(+P, Se) = 0.4431
2026-03-07 07:10:57,772 f1_score = 0.2600
2026-03-07 07:10:57,773 Epoch 5: Train Loss 0.3452, Valid Loss 0.3068
2026-03-07 07:10:57,773 ----- Save best model - auprc: 0.4290 -----
2026-03-07 07:11:13,213 [[1007   26]
 [ 120   45]]
2026-03-07 07:11:13,215 AUC of ROC = 0.8489
2026-03-07 07:11:13,216 AUC of PRC = 0.4734
2026-03-07 07:11:13,217 min(+P, Se) = 0.4731
2026-03-07 07:11:13,217 f1_score = 0.3814
2026-03-07 07:11:13,218 Epoch 6: Train Loss 0.3380, Valid Loss 0.2992
2026-03-07 07:11:13,218 ----- Save best model - auprc: 0.4734 -----
2026-03-07 07:11:28,774 [[1017   16]
 [ 127   38]]
2026-03-07 07:11:28,777 AUC of ROC = 0.8407
2026-03-07 07:11:28,777 AUC of PRC = 0.4859
2026-03-07 07:11:28,778 min(+P, Se) = 0.4583
2026-03-07 07:11:28,778 f1_score = 0.3470
2026-03-07 07:11:28,778 Epoch 7: Train Loss 0.3231, Valid Loss 0.2995
2026-03-07 07:11:28,779 ----- Save best model - auprc: 0.4859 -----
2026-03-07 07:11:44,249 [[996  37]
 [107  58]]
2026-03-07 07:11:44,253 AUC of ROC = 0.8552
2026-03-07 07:11:44,254 AUC of PRC = 0.4972
2026-03-07 07:11:44,254 min(+P, Se) = 0.4702
2026-03-07 07:11:44,255 f1_score = 0.4462
2026-03-07 07:11:44,255 Epoch 8: Train Loss 0.3203, Valid Loss 0.2944
2026-03-07 07:11:44,256 ----- Save best model - auprc: 0.4972 -----
2026-03-07 07:11:59,680 [[988  45]
 [104  61]]
2026-03-07 07:11:59,683 AUC of ROC = 0.8400
2026-03-07 07:11:59,683 AUC of PRC = 0.4821
2026-03-07 07:11:59,684 min(+P, Se) = 0.4671
2026-03-07 07:11:59,684 f1_score = 0.4502
2026-03-07 07:11:59,685 Epoch 9: Train Loss 0.3105, Valid Loss 0.3027
2026-03-07 07:12:15,150 [[1003   30]
 [ 108   57]]
2026-03-07 07:12:15,153 AUC of ROC = 0.8530
2026-03-07 07:12:15,153 AUC of PRC = 0.4959
2026-03-07 07:12:15,153 min(+P, Se) = 0.4759
2026-03-07 07:12:15,154 f1_score = 0.4524
2026-03-07 07:12:15,154 Epoch 10: Train Loss 0.3097, Valid Loss 0.2906
2026-03-07 07:12:30,573 [[1006   27]
 [ 118   47]]
2026-03-07 07:12:30,575 AUC of ROC = 0.8554
2026-03-07 07:12:30,576 AUC of PRC = 0.5009
2026-03-07 07:12:30,577 min(+P, Se) = 0.4727
2026-03-07 07:12:30,577 f1_score = 0.3933
2026-03-07 07:12:30,578 Epoch 11: Train Loss 0.3091, Valid Loss 0.2930
2026-03-07 07:12:30,578 ----- Save best model - auprc: 0.5009 -----
2026-03-07 07:12:45,936 [[1022   11]
 [ 145   20]]
2026-03-07 07:12:45,938 AUC of ROC = 0.8445
2026-03-07 07:12:45,939 AUC of PRC = 0.4961
2026-03-07 07:12:45,939 min(+P, Se) = 0.4578
2026-03-07 07:12:45,940 f1_score = 0.2041
2026-03-07 07:12:45,940 Epoch 12: Train Loss 0.3104, Valid Loss 0.3047
2026-03-07 07:13:01,380 [[1005   28]
 [ 119   46]]
2026-03-07 07:13:01,382 AUC of ROC = 0.8555
2026-03-07 07:13:01,383 AUC of PRC = 0.4974
2026-03-07 07:13:01,383 min(+P, Se) = 0.4743
2026-03-07 07:13:01,384 f1_score = 0.3849
2026-03-07 07:13:01,384 Epoch 13: Train Loss 0.3040, Valid Loss 0.2933
2026-03-07 07:13:16,814 [[1018   15]
 [ 129   36]]
2026-03-07 07:13:16,817 AUC of ROC = 0.8555
2026-03-07 07:13:16,817 AUC of PRC = 0.5082
2026-03-07 07:13:16,818 min(+P, Se) = 0.4788
2026-03-07 07:13:16,818 f1_score = 0.3333
2026-03-07 07:13:16,819 Epoch 14: Train Loss 0.3058, Valid Loss 0.2925
2026-03-07 07:13:16,820 ----- Save best model - auprc: 0.5082 -----
2026-03-07 07:13:32,202 [[1012   21]
 [ 123   42]]
2026-03-07 07:13:32,204 AUC of ROC = 0.8453
2026-03-07 07:13:32,205 AUC of PRC = 0.4975
2026-03-07 07:13:32,205 min(+P, Se) = 0.4970
2026-03-07 07:13:32,206 f1_score = 0.3684
2026-03-07 07:13:32,206 Epoch 15: Train Loss 0.3035, Valid Loss 0.2973
2026-03-07 07:13:47,592 [[976  57]
 [ 93  72]]
2026-03-07 07:13:47,595 AUC of ROC = 0.8588
2026-03-07 07:13:47,595 AUC of PRC = 0.5159
2026-03-07 07:13:47,596 min(+P, Se) = 0.4667
2026-03-07 07:13:47,596 f1_score = 0.4898
2026-03-07 07:13:47,597 Epoch 16: Train Loss 0.3034, Valid Loss 0.3011
2026-03-07 07:13:47,597 ----- Save best model - auprc: 0.5159 -----
2026-03-07 07:14:02,970 [[1011   22]
 [ 122   43]]
2026-03-07 07:14:02,972 AUC of ROC = 0.8468
2026-03-07 07:14:02,973 AUC of PRC = 0.4940
2026-03-07 07:14:02,973 min(+P, Se) = 0.4670
2026-03-07 07:14:02,974 f1_score = 0.3739
2026-03-07 07:14:02,974 Epoch 17: Train Loss 0.3033, Valid Loss 0.2982
2026-03-07 07:14:18,444 [[1008   25]
 [ 124   41]]
2026-03-07 07:14:18,447 AUC of ROC = 0.8556
2026-03-07 07:14:18,447 AUC of PRC = 0.5022
2026-03-07 07:14:18,448 min(+P, Se) = 0.4702
2026-03-07 07:14:18,448 f1_score = 0.3550
2026-03-07 07:14:18,449 Epoch 18: Train Loss 0.3019, Valid Loss 0.2890
2026-03-07 07:14:33,884 [[1010   23]
 [ 124   41]]
2026-03-07 07:14:33,887 AUC of ROC = 0.8520
2026-03-07 07:14:33,887 AUC of PRC = 0.5023
2026-03-07 07:14:33,888 min(+P, Se) = 0.4667
2026-03-07 07:14:33,888 f1_score = 0.3581
2026-03-07 07:14:33,889 Epoch 19: Train Loss 0.3011, Valid Loss 0.2906
2026-03-07 07:14:49,342 [[998  35]
 [118  47]]
2026-03-07 07:14:49,345 AUC of ROC = 0.8487
2026-03-07 07:14:49,345 AUC of PRC = 0.5045
2026-03-07 07:14:49,346 min(+P, Se) = 0.4699
2026-03-07 07:14:49,346 f1_score = 0.3806
2026-03-07 07:14:49,346 Epoch 20: Train Loss 0.3027, Valid Loss 0.2921
2026-03-07 07:15:04,873 [[989  44]
 [107  58]]
2026-03-07 07:15:04,875 AUC of ROC = 0.8537
2026-03-07 07:15:04,876 AUC of PRC = 0.5019
2026-03-07 07:15:04,876 min(+P, Se) = 0.4970
2026-03-07 07:15:04,877 f1_score = 0.4345
2026-03-07 07:15:04,877 Epoch 21: Train Loss 0.2973, Valid Loss 0.2941
2026-03-07 07:15:20,237 [[974  59]
 [ 98  67]]
2026-03-07 07:15:20,240 AUC of ROC = 0.8640
2026-03-07 07:15:20,240 AUC of PRC = 0.5233
2026-03-07 07:15:20,241 min(+P, Se) = 0.5030
2026-03-07 07:15:20,241 f1_score = 0.4605
2026-03-07 07:15:20,242 Epoch 22: Train Loss 0.2964, Valid Loss 0.2982
2026-03-07 07:15:20,243 ----- Save best model - auprc: 0.5233 -----
2026-03-07 07:15:35,722 [[1000   33]
 [ 105   60]]
2026-03-07 07:15:35,724 AUC of ROC = 0.8665
2026-03-07 07:15:35,724 AUC of PRC = 0.5312
2026-03-07 07:15:35,724 min(+P, Se) = 0.5000
2026-03-07 07:15:35,725 f1_score = 0.4651
2026-03-07 07:15:35,725 Epoch 23: Train Loss 0.2970, Valid Loss 0.2873
2026-03-07 07:15:35,726 ----- Save best model - auprc: 0.5312 -----
2026-03-07 07:15:51,165 [[975  58]
 [ 97  68]]
2026-03-07 07:15:51,168 AUC of ROC = 0.8623
2026-03-07 07:15:51,168 AUC of PRC = 0.5113
2026-03-07 07:15:51,168 min(+P, Se) = 0.4848
2026-03-07 07:15:51,169 f1_score = 0.4674
2026-03-07 07:15:51,169 Epoch 24: Train Loss 0.2997, Valid Loss 0.2987
2026-03-07 07:16:06,606 [[985  48]
 [105  60]]
2026-03-07 07:16:06,608 AUC of ROC = 0.8430
2026-03-07 07:16:06,609 AUC of PRC = 0.4888
2026-03-07 07:16:06,609 min(+P, Se) = 0.4848
2026-03-07 07:16:06,609 f1_score = 0.4396
2026-03-07 07:16:06,610 Epoch 25: Train Loss 0.2941, Valid Loss 0.3070
2026-03-07 07:16:06,630 last saved model is in epoch 23
2026-03-07 07:16:07,535 [[981  48]
 [115  56]]
2026-03-07 07:16:07,537 AUC of ROC = 0.8365
2026-03-07 07:16:07,538 AUC of PRC = 0.4668
2026-03-07 07:16:07,538 min(+P, Se) = 0.4689
2026-03-07 07:16:07,539 f1_score = 0.4073
2026-03-07 07:16:07,539 Test Loss 0.3174
2026-03-07 19:57:20,117 {
    "dataset": "c12",
    "data_dropout": 0.0,
    "epochs": 25,
    "lr": 0.001,
    "d_model": 32,
    "seed": 1,
    "batch_size": 64,
    "dropout": 0.1,
    "save_model": true,
    "save_dir": "./export/c12/smart/seed_1",
    "local_rank": 0,
    "min_mask_ratio": 0.0,
    "max_mask_ratio": 0.75,
    "e_layers": 2,
    "n_heads": 4,
    "time_dim": 16,
    "use_film": false,
    "use_smile": false,
    "use_mnar": false,
    "save_last": false,
    "smile_no_mnar": false,
    "smile_no_curriculum": false,
    "smile_mask_type": "all",
    "smile_mnar_dropout": 0.05
}
2026-03-07 19:57:24,782 Dataset Loaded.
2026-03-07 19:57:48,207 Epoch 1: Train Loss 7.1104, Valid Loss 2.6470
2026-03-07 19:57:48,209 ----- Save best model - L1: 2.6470 -----
2026-03-07 19:58:10,426 Epoch 2: Train Loss 2.5679, Valid Loss 1.6080
2026-03-07 19:58:10,427 ----- Save best model - L1: 1.6080 -----
2026-03-07 19:58:33,011 Epoch 3: Train Loss 1.7628, Valid Loss 1.0546
2026-03-07 19:58:33,012 ----- Save best model - L1: 1.0546 -----
2026-03-07 19:58:55,561 Epoch 4: Train Loss 1.3915, Valid Loss 0.8231
2026-03-07 19:58:55,562 ----- Save best model - L1: 0.8231 -----
2026-03-07 19:59:18,667 Epoch 5: Train Loss 1.1881, Valid Loss 0.7297
2026-03-07 19:59:18,669 ----- Save best model - L1: 0.7297 -----
2026-03-07 19:59:42,690 Epoch 6: Train Loss 1.0831, Valid Loss 0.7093
2026-03-07 19:59:42,700 ----- Save best model - L1: 0.7093 -----
2026-03-07 20:00:06,340 Epoch 7: Train Loss 1.0071, Valid Loss 0.6366
2026-03-07 20:00:06,342 ----- Save best model - L1: 0.6366 -----
2026-03-07 20:00:29,320 Epoch 8: Train Loss 0.9870, Valid Loss 0.6756
2026-03-07 20:00:52,198 Epoch 9: Train Loss 0.9851, Valid Loss 0.6816
2026-03-07 20:01:14,938 Epoch 10: Train Loss 0.9643, Valid Loss 0.6533
2026-03-07 20:01:37,671 Epoch 11: Train Loss 0.9589, Valid Loss 0.6541
2026-03-07 20:02:00,332 Epoch 12: Train Loss 0.9521, Valid Loss 0.6239
2026-03-07 20:02:00,333 ----- Save best model - L1: 0.6239 -----
2026-03-07 20:02:23,146 Epoch 13: Train Loss 0.9415, Valid Loss 0.6534
2026-03-07 20:02:45,971 Epoch 14: Train Loss 0.9254, Valid Loss 0.5771
2026-03-07 20:02:45,972 ----- Save best model - L1: 0.5771 -----
2026-03-07 20:03:08,693 Epoch 15: Train Loss 0.9050, Valid Loss 0.6335
2026-03-07 20:03:31,450 Epoch 16: Train Loss 0.8987, Valid Loss 0.5949
2026-03-07 20:03:54,215 Epoch 17: Train Loss 0.9215, Valid Loss 0.6230
2026-03-07 20:04:16,795 Epoch 18: Train Loss 0.8852, Valid Loss 0.6064
2026-03-07 20:04:39,496 Epoch 19: Train Loss 0.9249, Valid Loss 0.6459
2026-03-07 20:05:02,104 Epoch 20: Train Loss 0.9234, Valid Loss 0.5881
2026-03-07 20:05:24,686 Epoch 21: Train Loss 0.9152, Valid Loss 0.5995
2026-03-07 20:05:47,278 Epoch 22: Train Loss 0.9217, Valid Loss 0.6165
2026-03-07 20:06:10,021 Epoch 23: Train Loss 0.8971, Valid Loss 0.5950
2026-03-07 20:06:32,805 Epoch 24: Train Loss 0.9294, Valid Loss 0.6224
2026-03-07 20:06:55,608 Epoch 25: Train Loss 0.9215, Valid Loss 0.6429
2026-03-07 20:06:55,667 last saved model is in epoch 14
2026-03-07 20:06:57,538 Test Loss 0.6483
2026-03-07 20:07:02,229 {
    "dataset": "c12",
    "data_dropout": 0.0,
    "epochs": 25,
    "freeze_epochs": 5,
    "lr": 0.001,
    "d_model": 32,
    "seed": 1,
    "batch_size": 64,
    "dropout": 0.1,
    "save_model": true,
    "save_dir": "./export/c12/smart/seed_1",
    "local_rank": 0,
    "e_layers": 2,
    "n_heads": 4,
    "time_dim": 16,
    "use_film": false,
    "use_smile": false,
    "use_mnar": false,
    "smile_no_mnar": false,
    "smile_no_curriculum": false,
    "smile_mask_type": "all",
    "smile_mnar_dropout": 0.05
}
2026-03-07 20:07:06,828 Dataset Loaded.
2026-03-07 20:07:07,687 last saved model is in epoch 14
2026-03-07 20:07:16,447 [[942  91]
 [ 99  66]]
2026-03-07 20:07:16,456 AUC of ROC = 0.6897
2026-03-07 20:07:16,457 AUC of PRC = 0.2830
2026-03-07 20:07:16,457 min(+P, Se) = 0.3543
2026-03-07 20:07:16,458 f1_score = 0.4099
2026-03-07 20:07:16,459 Epoch 1: Train Loss 0.4415, Valid Loss 0.3859
2026-03-07 20:07:16,460 ----- Save best model - auprc: 0.2830 -----
2026-03-07 20:07:26,130 [[1028    5]
 [ 159    6]]
2026-03-07 20:07:26,133 AUC of ROC = 0.7613
2026-03-07 20:07:26,134 AUC of PRC = 0.3590
2026-03-07 20:07:26,134 min(+P, Se) = 0.4012
2026-03-07 20:07:26,135 f1_score = 0.0682
2026-03-07 20:07:26,135 Epoch 2: Train Loss 0.3681, Valid Loss 0.3387
2026-03-07 20:07:26,136 ----- Save best model - auprc: 0.3590 -----
2026-03-07 20:07:35,811 [[1026    7]
 [ 147   18]]
2026-03-07 20:07:35,815 AUC of ROC = 0.7700
2026-03-07 20:07:35,816 AUC of PRC = 0.3646
2026-03-07 20:07:35,816 min(+P, Se) = 0.3916
2026-03-07 20:07:35,816 f1_score = 0.1895
2026-03-07 20:07:35,817 Epoch 3: Train Loss 0.3566, Valid Loss 0.3122
2026-03-07 20:07:35,818 ----- Save best model - auprc: 0.3646 -----
2026-03-07 20:07:44,806 [[972  61]
 [112  53]]
2026-03-07 20:07:44,809 AUC of ROC = 0.7543
2026-03-07 20:07:44,809 AUC of PRC = 0.3598
2026-03-07 20:07:44,810 min(+P, Se) = 0.3939
2026-03-07 20:07:44,810 f1_score = 0.3799
2026-03-07 20:07:44,811 Epoch 4: Train Loss 0.3534, Valid Loss 0.3440
2026-03-07 20:07:54,936 [[1024    9]
 [ 139   26]]
2026-03-07 20:07:54,940 AUC of ROC = 0.8145
2026-03-07 20:07:54,941 AUC of PRC = 0.4290
2026-03-07 20:07:54,941 min(+P, Se) = 0.4431
2026-03-07 20:07:54,942 f1_score = 0.2600
2026-03-07 20:07:54,942 Epoch 5: Train Loss 0.3452, Valid Loss 0.3068
2026-03-07 20:07:54,943 ----- Save best model - auprc: 0.4290 -----
2026-03-07 20:08:10,671 [[1007   26]
 [ 120   45]]
2026-03-07 20:08:10,674 AUC of ROC = 0.8489
2026-03-07 20:08:10,674 AUC of PRC = 0.4734
2026-03-07 20:08:10,675 min(+P, Se) = 0.4731
2026-03-07 20:08:10,675 f1_score = 0.3814
2026-03-07 20:08:10,676 Epoch 6: Train Loss 0.3380, Valid Loss 0.2992
2026-03-07 20:08:10,676 ----- Save best model - auprc: 0.4734 -----
2026-03-07 20:08:27,077 [[1017   16]
 [ 127   38]]
2026-03-07 20:08:27,081 AUC of ROC = 0.8407
2026-03-07 20:08:27,082 AUC of PRC = 0.4859
2026-03-07 20:08:27,082 min(+P, Se) = 0.4583
2026-03-07 20:08:27,083 f1_score = 0.3470
2026-03-07 20:08:27,083 Epoch 7: Train Loss 0.3231, Valid Loss 0.2995
2026-03-07 20:08:27,084 ----- Save best model - auprc: 0.4859 -----
2026-03-07 20:08:43,867 [[996  37]
 [107  58]]
2026-03-07 20:08:43,871 AUC of ROC = 0.8552
2026-03-07 20:08:43,872 AUC of PRC = 0.4972
2026-03-07 20:08:43,872 min(+P, Se) = 0.4702
2026-03-07 20:08:43,873 f1_score = 0.4462
2026-03-07 20:08:43,874 Epoch 8: Train Loss 0.3203, Valid Loss 0.2944
2026-03-07 20:08:43,874 ----- Save best model - auprc: 0.4972 -----
2026-03-07 20:09:00,814 [[988  45]
 [104  61]]
2026-03-07 20:09:00,818 AUC of ROC = 0.8400
2026-03-07 20:09:00,819 AUC of PRC = 0.4821
2026-03-07 20:09:00,819 min(+P, Se) = 0.4671
2026-03-07 20:09:00,819 f1_score = 0.4502
2026-03-07 20:09:00,820 Epoch 9: Train Loss 0.3105, Valid Loss 0.3027
2026-03-07 20:09:17,444 [[1003   30]
 [ 108   57]]
2026-03-07 20:09:17,447 AUC of ROC = 0.8530
2026-03-07 20:09:17,448 AUC of PRC = 0.4959
2026-03-07 20:09:17,449 min(+P, Se) = 0.4759
2026-03-07 20:09:17,449 f1_score = 0.4524
2026-03-07 20:09:17,450 Epoch 10: Train Loss 0.3097, Valid Loss 0.2906
2026-03-07 20:09:34,571 [[1006   27]
 [ 118   47]]
2026-03-07 20:09:34,575 AUC of ROC = 0.8554
2026-03-07 20:09:34,576 AUC of PRC = 0.5009
2026-03-07 20:09:34,576 min(+P, Se) = 0.4727
2026-03-07 20:09:34,577 f1_score = 0.3933
2026-03-07 20:09:34,577 Epoch 11: Train Loss 0.3091, Valid Loss 0.2930
2026-03-07 20:09:34,578 ----- Save best model - auprc: 0.5009 -----
2026-03-07 20:09:50,209 [[1022   11]
 [ 145   20]]
2026-03-07 20:09:50,212 AUC of ROC = 0.8445
2026-03-07 20:09:50,213 AUC of PRC = 0.4961
2026-03-07 20:09:50,213 min(+P, Se) = 0.4578
2026-03-07 20:09:50,214 f1_score = 0.2041
2026-03-07 20:09:50,214 Epoch 12: Train Loss 0.3104, Valid Loss 0.3047
2026-03-07 20:10:05,446 [[1005   28]
 [ 119   46]]
2026-03-07 20:10:05,449 AUC of ROC = 0.8555
2026-03-07 20:10:05,450 AUC of PRC = 0.4974
2026-03-07 20:10:05,450 min(+P, Se) = 0.4743
2026-03-07 20:10:05,451 f1_score = 0.3849
2026-03-07 20:10:05,451 Epoch 13: Train Loss 0.3040, Valid Loss 0.2933
2026-03-07 20:10:20,921 [[1018   15]
 [ 129   36]]
2026-03-07 20:10:20,928 AUC of ROC = 0.8555
2026-03-07 20:10:20,931 AUC of PRC = 0.5082
2026-03-07 20:10:20,933 min(+P, Se) = 0.4788
2026-03-07 20:10:20,935 f1_score = 0.3333
2026-03-07 20:10:20,937 Epoch 14: Train Loss 0.3058, Valid Loss 0.2925
2026-03-07 20:10:20,939 ----- Save best model - auprc: 0.5082 -----
2026-03-07 20:10:36,715 [[1012   21]
 [ 123   42]]
2026-03-07 20:10:36,718 AUC of ROC = 0.8453
2026-03-07 20:10:36,719 AUC of PRC = 0.4975
2026-03-07 20:10:36,719 min(+P, Se) = 0.4970
2026-03-07 20:10:36,720 f1_score = 0.3684
2026-03-07 20:10:36,720 Epoch 15: Train Loss 0.3035, Valid Loss 0.2973
2026-03-07 20:10:52,300 [[976  57]
 [ 93  72]]
2026-03-07 20:10:52,304 AUC of ROC = 0.8588
2026-03-07 20:10:52,304 AUC of PRC = 0.5159
2026-03-07 20:10:52,305 min(+P, Se) = 0.4667
2026-03-07 20:10:52,305 f1_score = 0.4898
2026-03-07 20:10:52,305 Epoch 16: Train Loss 0.3034, Valid Loss 0.3011
2026-03-07 20:10:52,306 ----- Save best model - auprc: 0.5159 -----
2026-03-07 20:11:07,950 [[1011   22]
 [ 122   43]]
2026-03-07 20:11:07,953 AUC of ROC = 0.8468
2026-03-07 20:11:07,954 AUC of PRC = 0.4940
2026-03-07 20:11:07,955 min(+P, Se) = 0.4670
2026-03-07 20:11:07,955 f1_score = 0.3739
2026-03-07 20:11:07,956 Epoch 17: Train Loss 0.3033, Valid Loss 0.2982
2026-03-07 20:11:23,347 [[1008   25]
 [ 124   41]]
2026-03-07 20:11:23,364 AUC of ROC = 0.8556
2026-03-07 20:11:23,382 AUC of PRC = 0.5022
2026-03-07 20:11:23,383 min(+P, Se) = 0.4702
2026-03-07 20:11:23,412 f1_score = 0.3550
2026-03-07 20:11:23,420 Epoch 18: Train Loss 0.3019, Valid Loss 0.2890
2026-03-07 20:11:39,518 [[1010   23]
 [ 124   41]]
2026-03-07 20:11:39,522 AUC of ROC = 0.8520
2026-03-07 20:11:39,523 AUC of PRC = 0.5023
2026-03-07 20:11:39,523 min(+P, Se) = 0.4667
2026-03-07 20:11:39,523 f1_score = 0.3581
2026-03-07 20:11:39,524 Epoch 19: Train Loss 0.3011, Valid Loss 0.2906
2026-03-07 20:11:55,214 [[998  35]
 [118  47]]
2026-03-07 20:11:55,217 AUC of ROC = 0.8487
2026-03-07 20:11:55,217 AUC of PRC = 0.5045
2026-03-07 20:11:55,218 min(+P, Se) = 0.4699
2026-03-07 20:11:55,218 f1_score = 0.3806
2026-03-07 20:11:55,219 Epoch 20: Train Loss 0.3027, Valid Loss 0.2921
2026-03-07 20:12:10,751 [[989  44]
 [107  58]]
2026-03-07 20:12:10,755 AUC of ROC = 0.8537
2026-03-07 20:12:10,756 AUC of PRC = 0.5019
2026-03-07 20:12:10,757 min(+P, Se) = 0.4970
2026-03-07 20:12:10,757 f1_score = 0.4345
2026-03-07 20:12:10,758 Epoch 21: Train Loss 0.2973, Valid Loss 0.2941
2026-03-07 20:12:26,147 [[974  59]
 [ 98  67]]
2026-03-07 20:12:26,150 AUC of ROC = 0.8640
2026-03-07 20:12:26,150 AUC of PRC = 0.5233
2026-03-07 20:12:26,151 min(+P, Se) = 0.5030
2026-03-07 20:12:26,151 f1_score = 0.4605
2026-03-07 20:12:26,152 Epoch 22: Train Loss 0.2964, Valid Loss 0.2982
2026-03-07 20:12:26,152 ----- Save best model - auprc: 0.5233 -----
2026-03-07 20:12:41,736 [[1000   33]
 [ 105   60]]
2026-03-07 20:12:41,741 AUC of ROC = 0.8665
2026-03-07 20:12:41,742 AUC of PRC = 0.5312
2026-03-07 20:12:41,742 min(+P, Se) = 0.5000
2026-03-07 20:12:41,742 f1_score = 0.4651
2026-03-07 20:12:41,743 Epoch 23: Train Loss 0.2970, Valid Loss 0.2873
2026-03-07 20:12:41,743 ----- Save best model - auprc: 0.5312 -----
2026-03-07 20:12:57,172 [[975  58]
 [ 97  68]]
2026-03-07 20:12:57,175 AUC of ROC = 0.8623
2026-03-07 20:12:57,176 AUC of PRC = 0.5113
2026-03-07 20:12:57,176 min(+P, Se) = 0.4848
2026-03-07 20:12:57,177 f1_score = 0.4674
2026-03-07 20:12:57,178 Epoch 24: Train Loss 0.2997, Valid Loss 0.2987
2026-03-07 20:13:12,550 [[985  48]
 [105  60]]
2026-03-07 20:13:12,553 AUC of ROC = 0.8430
2026-03-07 20:13:12,554 AUC of PRC = 0.4888
2026-03-07 20:13:12,554 min(+P, Se) = 0.4848
2026-03-07 20:13:12,555 f1_score = 0.4396
2026-03-07 20:13:12,555 Epoch 25: Train Loss 0.2941, Valid Loss 0.3070
2026-03-07 20:13:12,637 last saved model is in epoch 23
2026-03-07 20:13:14,236 [[981  48]
 [115  56]]
2026-03-07 20:13:14,239 AUC of ROC = 0.8365
2026-03-07 20:13:14,239 AUC of PRC = 0.4668
2026-03-07 20:13:14,240 min(+P, Se) = 0.4689
2026-03-07 20:13:14,240 f1_score = 0.4073
2026-03-07 20:13:14,240 Test Loss 0.3174
