2026-03-08 21:55:57,174 {
    "dataset": "c19",
    "data_dropout": 0.0,
    "epochs": 25,
    "lr": 0.001,
    "d_model": 32,
    "seed": 42,
    "batch_size": 64,
    "dropout": 0.1,
    "save_model": true,
    "save_dir": "./export/c19\\smart-smile-film\\seed_42",
    "local_rank": 0,
    "min_mask_ratio": 0.0,
    "max_mask_ratio": 0.75,
    "e_layers": 2,
    "n_heads": 4,
    "time_dim": 16,
    "use_film": false,
    "use_smile": false,
    "use_smile_film": true,
    "use_mnar": false,
    "save_last": false,
    "smile_no_mnar": false,
    "smile_no_curriculum": false,
    "smile_mask_type": "all",
    "smile_mnar_dropout": 0.05
}
2026-03-08 21:56:01,090 Dataset Loaded.
2026-03-08 21:56:01,090 SMILE system_groups: {'cardiovascular': 2, 'respiratory': 7, 'lab': 25}
2026-03-08 21:57:45,558 Epoch 1: Train Loss 0.1109, Valid Loss 0.0272
2026-03-08 21:57:45,558 ----- Save best model - L1: 0.0272 -----
2026-03-08 21:59:29,512 Epoch 2: Train Loss 0.0736, Valid Loss 0.0263
2026-03-08 21:59:29,512 ----- Save best model - L1: 0.0263 -----
2026-03-08 22:01:15,100 Epoch 3: Train Loss 0.0615, Valid Loss 0.0236
2026-03-08 22:01:15,101 ----- Save best model - L1: 0.0236 -----
2026-03-08 22:02:58,788 Epoch 4: Train Loss 0.0523, Valid Loss 0.0210
2026-03-08 22:02:58,789 ----- Save best model - L1: 0.0210 -----
2026-03-08 22:04:42,916 Epoch 5: Train Loss 0.0479, Valid Loss 0.0186
2026-03-08 22:04:42,917 ----- Save best model - L1: 0.0186 -----
2026-03-08 22:06:26,636 Epoch 6: Train Loss 0.0469, Valid Loss 0.0186
2026-03-08 22:08:10,226 Epoch 7: Train Loss 0.0458, Valid Loss 0.0176
2026-03-08 22:08:10,227 ----- Save best model - L1: 0.0176 -----
2026-03-08 22:09:54,534 Epoch 8: Train Loss 0.0442, Valid Loss 0.0162
2026-03-08 22:09:54,535 ----- Save best model - L1: 0.0162 -----
2026-03-08 22:11:38,457 Epoch 9: Train Loss 0.0428, Valid Loss 0.0148
2026-03-08 22:11:38,457 ----- Save best model - L1: 0.0148 -----
2026-03-08 22:13:21,700 Epoch 10: Train Loss 0.0409, Valid Loss 0.0144
2026-03-08 22:13:21,701 ----- Save best model - L1: 0.0144 -----
2026-03-08 22:15:05,592 Epoch 11: Train Loss 0.0407, Valid Loss 0.0141
2026-03-08 22:15:05,592 ----- Save best model - L1: 0.0141 -----
2026-03-08 22:16:49,481 Epoch 12: Train Loss 0.0408, Valid Loss 0.0141
2026-03-08 22:18:33,594 Epoch 13: Train Loss 0.0401, Valid Loss 0.0141
2026-03-08 22:18:33,594 ----- Save best model - L1: 0.0141 -----
2026-03-08 22:20:17,874 Epoch 14: Train Loss 0.0408, Valid Loss 0.0144
2026-03-08 22:22:01,473 Epoch 15: Train Loss 0.0416, Valid Loss 0.0149
2026-03-08 22:23:45,534 Epoch 16: Train Loss 0.0427, Valid Loss 0.0155
2026-03-08 22:25:29,044 Epoch 17: Train Loss 0.0431, Valid Loss 0.0156
2026-03-08 22:27:12,413 Epoch 18: Train Loss 0.0441, Valid Loss 0.0161
2026-03-08 22:28:55,647 Epoch 19: Train Loss 0.0445, Valid Loss 0.0163
2026-03-08 22:30:43,114 Epoch 20: Train Loss 0.0450, Valid Loss 0.0157
2026-03-08 22:32:41,270 Epoch 21: Train Loss 0.0452, Valid Loss 0.0162
2026-03-08 22:34:35,520 Epoch 22: Train Loss 0.0457, Valid Loss 0.0169
2026-03-08 22:36:26,749 Epoch 23: Train Loss 0.0459, Valid Loss 0.0167
2026-03-08 22:38:16,385 Epoch 24: Train Loss 0.0464, Valid Loss 0.0173
2026-03-08 22:40:05,817 Epoch 25: Train Loss 0.0465, Valid Loss 0.0169
2026-03-08 22:40:05,860 last saved model is in epoch 13
2026-03-08 22:40:13,339 Test Loss 0.0141
2026-03-08 22:40:21,389 {
    "dataset": "c19",
    "data_dropout": 0.0,
    "epochs": 25,
    "freeze_epochs": 5,
    "lr": 0.001,
    "d_model": 32,
    "seed": 42,
    "batch_size": 64,
    "dropout": 0.1,
    "save_model": true,
    "save_dir": "./export/c19\\smart-smile-film\\seed_42",
    "local_rank": 0,
    "e_layers": 2,
    "n_heads": 4,
    "time_dim": 16,
    "use_film": false,
    "use_smile": false,
    "use_smile_film": true,
    "use_mnar": false,
    "smile_no_mnar": false,
    "smile_no_curriculum": false,
    "smile_mask_type": "all",
    "smile_mnar_dropout": 0.05,
    "smile_mnar_dropout_initial": 0.0
}
2026-03-08 22:40:26,552 Dataset Loaded.
2026-03-08 22:40:27,754 Class weights: [0.5393641591072083, 6.850955486297607]
2026-03-08 22:40:27,774 last saved model is in epoch 13
2026-03-08 22:41:10,227 [[2761  977]
 [  41  254]]
2026-03-08 22:41:10,236 AUC of ROC = 0.8750
2026-03-08 22:41:10,237 AUC of PRC = 0.3915
2026-03-08 22:41:10,238 min(+P, Se) = 0.4373
2026-03-08 22:41:10,239 f1_score = 0.4534 (threshold = 0.9368)
2026-03-08 22:41:10,239 Epoch 1: Train Loss 0.5467, Valid Loss 0.4595
2026-03-08 22:41:10,240 ----- Save best model - auprc: 0.3915 -----
2026-03-08 22:41:51,731 [[3543  195]
 [ 137  158]]
2026-03-08 22:41:51,735 AUC of ROC = 0.8862
2026-03-08 22:41:51,735 AUC of PRC = 0.4107
2026-03-08 22:41:51,736 min(+P, Se) = 0.4751
2026-03-08 22:41:51,737 f1_score = 0.4877 (threshold = 0.1321)
2026-03-08 22:41:51,737 Epoch 2: Train Loss 0.4922, Valid Loss 0.4963
2026-03-08 22:41:51,738 ----- Save best model - auprc: 0.4107 -----
2026-03-08 22:42:33,620 [[3428  310]
 [  95  200]]
2026-03-08 22:42:33,624 AUC of ROC = 0.8920
2026-03-08 22:42:33,625 AUC of PRC = 0.4302
2026-03-08 22:42:33,625 min(+P, Se) = 0.4836
2026-03-08 22:42:33,625 f1_score = 0.5109 (threshold = 0.2434)
2026-03-08 22:42:33,626 Epoch 3: Train Loss 0.4798, Valid Loss 0.4461
2026-03-08 22:42:33,629 ----- Save best model - auprc: 0.4302 -----
2026-03-08 22:43:15,707 [[2762  976]
 [  34  261]]
2026-03-08 22:43:15,711 AUC of ROC = 0.8973
2026-03-08 22:43:15,712 AUC of PRC = 0.4431
2026-03-08 22:43:15,712 min(+P, Se) = 0.4951
2026-03-08 22:43:15,712 f1_score = 0.5136 (threshold = 0.9205)
2026-03-08 22:43:15,714 Epoch 4: Train Loss 0.4681, Valid Loss 0.4240
2026-03-08 22:43:15,715 ----- Save best model - auprc: 0.4431 -----
2026-03-08 22:43:58,053 [[2870  868]
 [  36  259]]
2026-03-08 22:43:58,057 AUC of ROC = 0.9026
2026-03-08 22:43:58,058 AUC of PRC = 0.4459
2026-03-08 22:43:58,058 min(+P, Se) = 0.5034
2026-03-08 22:43:58,058 f1_score = 0.5193 (threshold = 0.9109)
2026-03-08 22:43:58,059 Epoch 5: Train Loss 0.4635, Valid Loss 0.4108
2026-03-08 22:43:58,071 ----- Save best model - auprc: 0.4459 -----
2026-03-08 22:45:12,690 [[3268  470]
 [  32  263]]
2026-03-08 22:45:12,694 AUC of ROC = 0.9547
2026-03-08 22:45:12,695 AUC of PRC = 0.6951
2026-03-08 22:45:12,695 min(+P, Se) = 0.6881
2026-03-08 22:45:12,695 f1_score = 0.6951 (threshold = 1.1828)
2026-03-08 22:45:12,696 Epoch 6: Train Loss 0.4169, Valid Loss 0.2730
2026-03-08 22:45:12,697 ----- Save best model - auprc: 0.6951 -----
2026-03-08 22:46:26,120 [[3213  525]
 [  19  276]]
2026-03-08 22:46:26,125 AUC of ROC = 0.9560
2026-03-08 22:46:26,125 AUC of PRC = 0.7274
2026-03-08 22:46:26,125 min(+P, Se) = 0.6915
2026-03-08 22:46:26,126 f1_score = 0.7018 (threshold = 1.6271)
2026-03-08 22:46:26,127 Epoch 7: Train Loss 0.3190, Valid Loss 0.2875
2026-03-08 22:46:26,128 ----- Save best model - auprc: 0.7274 -----
2026-03-08 22:47:39,310 [[3360  378]
 [  37  258]]
2026-03-08 22:47:39,315 AUC of ROC = 0.9591
2026-03-08 22:47:39,315 AUC of PRC = 0.7480
2026-03-08 22:47:39,316 min(+P, Se) = 0.6949
2026-03-08 22:47:39,316 f1_score = 0.6997 (threshold = 1.1066)
2026-03-08 22:47:39,317 Epoch 8: Train Loss 0.3008, Valid Loss 0.2580
2026-03-08 22:47:39,318 ----- Save best model - auprc: 0.7480 -----
2026-03-08 22:48:54,076 [[3370  368]
 [  27  268]]
2026-03-08 22:48:54,080 AUC of ROC = 0.9642
2026-03-08 22:48:54,083 AUC of PRC = 0.7571
2026-03-08 22:48:54,084 min(+P, Se) = 0.7153
2026-03-08 22:48:54,084 f1_score = 0.7204 (threshold = 1.2245)
2026-03-08 22:48:54,085 Epoch 9: Train Loss 0.2847, Valid Loss 0.2418
2026-03-08 22:48:54,086 ----- Save best model - auprc: 0.7571 -----
2026-03-08 22:50:06,992 [[3187  551]
 [  17  278]]
2026-03-08 22:50:06,997 AUC of ROC = 0.9643
2026-03-08 22:50:06,997 AUC of PRC = 0.7680
2026-03-08 22:50:06,997 min(+P, Se) = 0.7186
2026-03-08 22:50:06,997 f1_score = 0.7229 (threshold = 1.6723)
2026-03-08 22:50:06,999 Epoch 10: Train Loss 0.2708, Valid Loss 0.2707
2026-03-08 22:50:07,000 ----- Save best model - auprc: 0.7680 -----
2026-03-08 22:51:23,766 [[3296  442]
 [  25  270]]
2026-03-08 22:51:23,771 AUC of ROC = 0.9606
2026-03-08 22:51:23,771 AUC of PRC = 0.7577
2026-03-08 22:51:23,771 min(+P, Se) = 0.7013
2026-03-08 22:51:23,784 f1_score = 0.7053 (threshold = 1.1733)
2026-03-08 22:51:23,784 Epoch 11: Train Loss 0.2599, Valid Loss 0.2566
2026-03-08 22:52:35,328 [[3151  587]
 [  17  278]]
2026-03-08 22:52:35,330 AUC of ROC = 0.9654
2026-03-08 22:52:35,330 AUC of PRC = 0.7848
2026-03-08 22:52:35,330 min(+P, Se) = 0.7424
2026-03-08 22:52:35,331 f1_score = 0.7453 (threshold = 1.4864)
2026-03-08 22:52:35,331 Epoch 12: Train Loss 0.2563, Valid Loss 0.2740
2026-03-08 22:52:35,331 ----- Save best model - auprc: 0.7848 -----
2026-03-08 22:53:48,591 [[3528  210]
 [  55  240]]
2026-03-08 22:53:48,595 AUC of ROC = 0.9575
2026-03-08 22:53:48,596 AUC of PRC = 0.7444
2026-03-08 22:53:48,596 min(+P, Se) = 0.6814
2026-03-08 22:53:48,596 f1_score = 0.6940 (threshold = 0.7028)
2026-03-08 22:53:48,597 Epoch 13: Train Loss 0.2478, Valid Loss 0.2681
2026-03-08 22:54:56,435 [[3524  214]
 [  51  244]]
2026-03-08 22:54:56,438 AUC of ROC = 0.9643
2026-03-08 22:54:56,438 AUC of PRC = 0.7667
2026-03-08 22:54:56,438 min(+P, Se) = 0.7128
2026-03-08 22:54:56,439 f1_score = 0.7179 (threshold = 0.7413)
2026-03-08 22:54:56,439 Epoch 14: Train Loss 0.2292, Valid Loss 0.2573
2026-03-08 22:56:03,821 [[3053  685]
 [  17  278]]
2026-03-08 22:56:03,823 AUC of ROC = 0.9569
2026-03-08 22:56:03,823 AUC of PRC = 0.7486
2026-03-08 22:56:03,823 min(+P, Se) = 0.7085
2026-03-08 22:56:03,823 f1_score = 0.7161 (threshold = 1.5267)
2026-03-08 22:56:03,824 Epoch 15: Train Loss 0.2259, Valid Loss 0.2984
2026-03-08 22:57:10,962 [[3469  269]
 [  44  251]]
2026-03-08 22:57:10,964 AUC of ROC = 0.9594
2026-03-08 22:57:10,965 AUC of PRC = 0.7521
2026-03-08 22:57:10,965 min(+P, Se) = 0.6915
2026-03-08 22:57:10,965 f1_score = 0.6964 (threshold = 0.9383)
2026-03-08 22:57:10,965 Epoch 16: Train Loss 0.2071, Valid Loss 0.2598
2026-03-08 22:58:18,375 [[3287  451]
 [  27  268]]
2026-03-08 22:58:18,377 AUC of ROC = 0.9613
2026-03-08 22:58:18,377 AUC of PRC = 0.7643
2026-03-08 22:58:18,378 min(+P, Se) = 0.6949
2026-03-08 22:58:18,378 f1_score = 0.7033 (threshold = 1.3597)
2026-03-08 22:58:18,378 Epoch 17: Train Loss 0.1997, Valid Loss 0.2655
2026-03-08 22:59:25,979 [[3402  336]
 [  34  261]]
2026-03-08 22:59:25,981 AUC of ROC = 0.9611
2026-03-08 22:59:25,981 AUC of PRC = 0.7711
2026-03-08 22:59:25,982 min(+P, Se) = 0.7119
2026-03-08 22:59:25,982 f1_score = 0.7211 (threshold = 1.3569)
2026-03-08 22:59:25,982 Epoch 18: Train Loss 0.1876, Valid Loss 0.2606
2026-03-08 23:00:33,537 [[3422  316]
 [  37  258]]
2026-03-08 23:00:33,539 AUC of ROC = 0.9621
2026-03-08 23:00:33,540 AUC of PRC = 0.7726
2026-03-08 23:00:33,540 min(+P, Se) = 0.6983
2026-03-08 23:00:33,540 f1_score = 0.7110 (threshold = 0.8655)
2026-03-08 23:00:33,540 Epoch 19: Train Loss 0.1809, Valid Loss 0.2582
2026-03-08 23:01:41,007 [[3518  220]
 [  52  243]]
2026-03-08 23:01:41,010 AUC of ROC = 0.9600
2026-03-08 23:01:41,010 AUC of PRC = 0.7567
2026-03-08 23:01:41,010 min(+P, Se) = 0.6915
2026-03-08 23:01:41,010 f1_score = 0.7012 (threshold = 1.0262)
2026-03-08 23:01:41,010 Epoch 20: Train Loss 0.1627, Valid Loss 0.2916
2026-03-08 23:02:50,261 [[3472  266]
 [  46  249]]
2026-03-08 23:02:50,264 AUC of ROC = 0.9595
2026-03-08 23:02:50,264 AUC of PRC = 0.7649
2026-03-08 23:02:50,264 min(+P, Se) = 0.6959
2026-03-08 23:02:50,264 f1_score = 0.7031 (threshold = 0.8499)
2026-03-08 23:02:50,264 Epoch 21: Train Loss 0.1614, Valid Loss 0.2804
2026-03-08 23:03:58,622 [[3450  288]
 [  48  247]]
2026-03-08 23:03:58,624 AUC of ROC = 0.9575
2026-03-08 23:03:58,624 AUC of PRC = 0.7570
2026-03-08 23:03:58,625 min(+P, Se) = 0.6915
2026-03-08 23:03:58,625 f1_score = 0.6998 (threshold = 1.0596)
2026-03-08 23:03:58,625 Epoch 22: Train Loss 0.1532, Valid Loss 0.2927
2026-03-08 23:05:06,962 [[3451  287]
 [  46  249]]
2026-03-08 23:05:06,964 AUC of ROC = 0.9590
2026-03-08 23:05:06,965 AUC of PRC = 0.7593
2026-03-08 23:05:06,965 min(+P, Se) = 0.6983
2026-03-08 23:05:06,965 f1_score = 0.7015 (threshold = 1.1660)
2026-03-08 23:05:06,966 Epoch 23: Train Loss 0.1465, Valid Loss 0.2934
2026-03-08 23:06:14,780 [[3485  253]
 [  51  244]]
2026-03-08 23:06:14,782 AUC of ROC = 0.9579
2026-03-08 23:06:14,783 AUC of PRC = 0.7581
2026-03-08 23:06:14,783 min(+P, Se) = 0.6915
2026-03-08 23:06:14,783 f1_score = 0.6971 (threshold = 0.9121)
2026-03-08 23:06:14,783 Epoch 24: Train Loss 0.1439, Valid Loss 0.3066
2026-03-08 23:07:22,367 [[3478  260]
 [  49  246]]
2026-03-08 23:07:22,370 AUC of ROC = 0.9582
2026-03-08 23:07:22,370 AUC of PRC = 0.7597
2026-03-08 23:07:22,370 min(+P, Se) = 0.6936
2026-03-08 23:07:22,370 f1_score = 0.7023 (threshold = 0.9440)
2026-03-08 23:07:22,370 Epoch 25: Train Loss 0.1431, Valid Loss 0.3038
2026-03-08 23:07:22,389 last saved model is in epoch 12
2026-03-08 23:07:26,080 [[3186  566]
 [  19  263]]
2026-03-08 23:07:26,083 AUC of ROC = 0.9662
2026-03-08 23:07:26,083 AUC of PRC = 0.8193
2026-03-08 23:07:26,083 min(+P, Se) = 0.7660
2026-03-08 23:07:26,083 f1_score = 0.7723 (threshold = 1.4826)
2026-03-08 23:07:26,083 Test Loss 0.2678
