2026-02-24 02:21:39,888 {
    "dataset": "c12",
    "data_dropout": 0.0,
    "epochs": 25,
    "lr": 0.001,
    "d_model": 32,
    "seed": 1234,
    "batch_size": 64,
    "dropout": 0.1,
    "save_model": true,
    "save_dir": "./export/c12/smart-film/seed_1234",
    "local_rank": 0,
    "min_mask_ratio": 0.0,
    "max_mask_ratio": 0.75,
    "e_layers": 2,
    "n_heads": 4,
    "time_dim": 16,
    "use_film": true
}
2026-02-24 02:21:46,128 Dataset Loaded.
2026-02-24 02:22:09,556 Epoch 1: Train Loss 4.5116, Valid Loss 1.8609
2026-02-24 02:22:09,556 ----- Save best model - L1: 1.8609 -----
2026-02-24 02:22:31,118 Epoch 2: Train Loss 1.6901, Valid Loss 1.1676
2026-02-24 02:22:31,119 ----- Save best model - L1: 1.1676 -----
2026-02-24 02:22:52,721 Epoch 3: Train Loss 1.1772, Valid Loss 0.7261
2026-02-24 02:22:52,721 ----- Save best model - L1: 0.7261 -----
2026-02-24 02:23:14,460 Epoch 4: Train Loss 0.9335, Valid Loss 0.5721
2026-02-24 02:23:14,461 ----- Save best model - L1: 0.5721 -----
2026-02-24 02:23:36,200 Epoch 5: Train Loss 0.8115, Valid Loss 0.5047
2026-02-24 02:23:36,201 ----- Save best model - L1: 0.5047 -----
2026-02-24 02:23:58,029 Epoch 6: Train Loss 0.7424, Valid Loss 0.4546
2026-02-24 02:23:58,030 ----- Save best model - L1: 0.4546 -----
2026-02-24 02:24:19,668 Epoch 7: Train Loss 0.7061, Valid Loss 0.4401
2026-02-24 02:24:19,669 ----- Save best model - L1: 0.4401 -----
2026-02-24 02:24:41,289 Epoch 8: Train Loss 0.6868, Valid Loss 0.4276
2026-02-24 02:24:41,290 ----- Save best model - L1: 0.4276 -----
2026-02-24 02:25:03,208 Epoch 9: Train Loss 0.6578, Valid Loss 0.4212
2026-02-24 02:25:03,209 ----- Save best model - L1: 0.4212 -----
2026-02-24 02:25:24,970 Epoch 10: Train Loss 0.6453, Valid Loss 0.4061
2026-02-24 02:25:24,970 ----- Save best model - L1: 0.4061 -----
2026-02-24 02:25:46,749 Epoch 11: Train Loss 0.6320, Valid Loss 0.4038
2026-02-24 02:25:46,750 ----- Save best model - L1: 0.4038 -----
2026-02-24 02:26:08,592 Epoch 12: Train Loss 0.6138, Valid Loss 0.3955
2026-02-24 02:26:08,592 ----- Save best model - L1: 0.3955 -----
2026-02-24 02:26:30,355 Epoch 13: Train Loss 0.6060, Valid Loss 0.3900
2026-02-24 02:26:30,356 ----- Save best model - L1: 0.3900 -----
2026-02-24 02:26:52,082 Epoch 14: Train Loss 0.5881, Valid Loss 0.3574
2026-02-24 02:26:52,083 ----- Save best model - L1: 0.3574 -----
2026-02-24 02:27:13,790 Epoch 15: Train Loss 0.5873, Valid Loss 0.3770
2026-02-24 02:27:35,475 Epoch 16: Train Loss 0.5760, Valid Loss 0.3703
2026-02-24 02:27:57,242 Epoch 17: Train Loss 0.5676, Valid Loss 0.3649
2026-02-24 02:28:18,998 Epoch 18: Train Loss 0.5541, Valid Loss 0.3407
2026-02-24 02:28:19,000 ----- Save best model - L1: 0.3407 -----
2026-02-24 02:28:40,666 Epoch 19: Train Loss 0.5528, Valid Loss 0.3506
2026-02-24 02:29:02,485 Epoch 20: Train Loss 0.5533, Valid Loss 0.3416
2026-02-24 02:29:24,234 Epoch 21: Train Loss 0.5436, Valid Loss 0.3479
2026-02-24 02:29:45,928 Epoch 22: Train Loss 0.5365, Valid Loss 0.3399
2026-02-24 02:29:45,929 ----- Save best model - L1: 0.3399 -----
2026-02-24 02:30:07,733 Epoch 23: Train Loss 0.5314, Valid Loss 0.3395
2026-02-24 02:30:07,734 ----- Save best model - L1: 0.3395 -----
2026-02-24 02:30:29,566 Epoch 24: Train Loss 0.5316, Valid Loss 0.3483
2026-02-24 02:30:51,247 Epoch 25: Train Loss 0.5309, Valid Loss 0.3422
2026-02-24 02:30:51,303 last saved model is in epoch 23
2026-02-24 02:30:52,905 Test Loss 0.3205
2026-02-24 02:30:55,950 {
    "dataset": "c12",
    "data_dropout": 0.0,
    "epochs": 25,
    "freeze_epochs": 5,
    "lr": 0.001,
    "d_model": 32,
    "seed": 1234,
    "batch_size": 64,
    "dropout": 0.1,
    "save_model": true,
    "save_dir": "./export/c12/smart-film/seed_1234",
    "local_rank": 0,
    "e_layers": 2,
    "n_heads": 4,
    "time_dim": 16,
    "use_film": true
}
2026-02-24 02:31:01,921 Dataset Loaded.
2026-02-24 02:31:02,811 last saved model is in epoch 23
2026-02-24 02:31:11,542 [[1008    7]
 [ 171   12]]
2026-02-24 02:31:11,545 AUC of ROC = 0.7519
2026-02-24 02:31:11,545 AUC of PRC = 0.3848
2026-02-24 02:31:11,546 min(+P, Se) = 0.3880
2026-02-24 02:31:11,546 f1_score = 0.1188
2026-02-24 02:31:11,547 Epoch 1: Train Loss 0.4213, Valid Loss 0.3794
2026-02-24 02:31:11,548 ----- Save best model - auprc: 0.3848 -----
2026-02-24 02:31:20,070 [[1004   11]
 [ 161   22]]
2026-02-24 02:31:20,073 AUC of ROC = 0.7591
2026-02-24 02:31:20,074 AUC of PRC = 0.3986
2026-02-24 02:31:20,074 min(+P, Se) = 0.4098
2026-02-24 02:31:20,074 f1_score = 0.2037
2026-02-24 02:31:20,074 Epoch 2: Train Loss 0.3768, Valid Loss 0.3715
2026-02-24 02:31:20,075 ----- Save best model - auprc: 0.3986 -----
2026-02-24 02:31:28,584 [[1007    8]
 [ 168   15]]
2026-02-24 02:31:28,586 AUC of ROC = 0.7783
2026-02-24 02:31:28,586 AUC of PRC = 0.4120
2026-02-24 02:31:28,587 min(+P, Se) = 0.4118
2026-02-24 02:31:28,587 f1_score = 0.1456
2026-02-24 02:31:28,588 Epoch 3: Train Loss 0.3690, Valid Loss 0.3903
2026-02-24 02:31:28,588 ----- Save best model - auprc: 0.4120 -----
2026-02-24 02:31:37,101 [[969  46]
 [139  44]]
2026-02-24 02:31:37,103 AUC of ROC = 0.7890
2026-02-24 02:31:37,103 AUC of PRC = 0.4175
2026-02-24 02:31:37,104 min(+P, Se) = 0.4317
2026-02-24 02:31:37,104 f1_score = 0.3223
2026-02-24 02:31:37,104 Epoch 4: Train Loss 0.3651, Valid Loss 0.3653
2026-02-24 02:31:37,105 ----- Save best model - auprc: 0.4175 -----
2026-02-24 02:31:45,595 [[1003   12]
 [ 160   23]]
2026-02-24 02:31:45,597 AUC of ROC = 0.7747
2026-02-24 02:31:45,598 AUC of PRC = 0.3985
2026-02-24 02:31:45,598 min(+P, Se) = 0.4155
2026-02-24 02:31:45,599 f1_score = 0.2110
2026-02-24 02:31:45,599 Epoch 5: Train Loss 0.3652, Valid Loss 0.3526
2026-02-24 02:32:00,764 [[980  35]
 [137  46]]
2026-02-24 02:32:00,766 AUC of ROC = 0.8345
2026-02-24 02:32:00,767 AUC of PRC = 0.4881
2026-02-24 02:32:00,767 min(+P, Se) = 0.4895
2026-02-24 02:32:00,767 f1_score = 0.3485
2026-02-24 02:32:00,767 Epoch 6: Train Loss 0.3465, Valid Loss 0.3314
2026-02-24 02:32:00,768 ----- Save best model - auprc: 0.4881 -----
2026-02-24 02:32:15,928 [[988  27]
 [140  43]]
2026-02-24 02:32:15,930 AUC of ROC = 0.8347
2026-02-24 02:32:15,931 AUC of PRC = 0.4997
2026-02-24 02:32:15,932 min(+P, Se) = 0.4918
2026-02-24 02:32:15,932 f1_score = 0.3399
2026-02-24 02:32:15,933 Epoch 7: Train Loss 0.3248, Valid Loss 0.3224
2026-02-24 02:32:15,933 ----- Save best model - auprc: 0.4997 -----
2026-02-24 02:32:31,014 [[1000   15]
 [ 152   31]]
2026-02-24 02:32:31,017 AUC of ROC = 0.8408
2026-02-24 02:32:31,017 AUC of PRC = 0.5165
2026-02-24 02:32:31,018 min(+P, Se) = 0.5106
2026-02-24 02:32:31,018 f1_score = 0.2707
2026-02-24 02:32:31,019 Epoch 8: Train Loss 0.3167, Valid Loss 0.3203
2026-02-24 02:32:31,019 ----- Save best model - auprc: 0.5165 -----
2026-02-24 02:32:46,086 [[1006    9]
 [ 150   33]]
2026-02-24 02:32:46,088 AUC of ROC = 0.8543
2026-02-24 02:32:46,088 AUC of PRC = 0.5351
2026-02-24 02:32:46,089 min(+P, Se) = 0.5355
2026-02-24 02:32:46,089 f1_score = 0.2933
2026-02-24 02:32:46,089 Epoch 9: Train Loss 0.3121, Valid Loss 0.3235
2026-02-24 02:32:46,090 ----- Save best model - auprc: 0.5351 -----
2026-02-24 02:33:01,183 [[996  19]
 [140  43]]
2026-02-24 02:33:01,186 AUC of ROC = 0.8576
2026-02-24 02:33:01,186 AUC of PRC = 0.5444
2026-02-24 02:33:01,187 min(+P, Se) = 0.5301
2026-02-24 02:33:01,187 f1_score = 0.3510
2026-02-24 02:33:01,188 Epoch 10: Train Loss 0.3038, Valid Loss 0.3086
2026-02-24 02:33:01,188 ----- Save best model - auprc: 0.5444 -----
2026-02-24 02:33:16,331 [[997  18]
 [151  32]]
2026-02-24 02:33:16,334 AUC of ROC = 0.8512
2026-02-24 02:33:16,334 AUC of PRC = 0.5177
2026-02-24 02:33:16,335 min(+P, Se) = 0.4946
2026-02-24 02:33:16,335 f1_score = 0.2747
2026-02-24 02:33:16,336 Epoch 11: Train Loss 0.3041, Valid Loss 0.3140
2026-02-24 02:33:31,397 [[978  37]
 [123  60]]
2026-02-24 02:33:31,399 AUC of ROC = 0.8517
2026-02-24 02:33:31,399 AUC of PRC = 0.5312
2026-02-24 02:33:31,400 min(+P, Se) = 0.5027
2026-02-24 02:33:31,400 f1_score = 0.4286
2026-02-24 02:33:31,400 Epoch 12: Train Loss 0.3054, Valid Loss 0.3062
2026-02-24 02:33:47,470 [[1006    9]
 [ 148   35]]
2026-02-24 02:33:47,472 AUC of ROC = 0.8485
2026-02-24 02:33:47,473 AUC of PRC = 0.5464
2026-02-24 02:33:47,473 min(+P, Se) = 0.5137
2026-02-24 02:33:47,474 f1_score = 0.3084
2026-02-24 02:33:47,475 Epoch 13: Train Loss 0.2993, Valid Loss 0.3300
2026-02-24 02:33:47,475 ----- Save best model - auprc: 0.5464 -----
2026-02-24 02:34:02,798 [[1005   10]
 [ 155   28]]
2026-02-24 02:34:02,800 AUC of ROC = 0.8574
2026-02-24 02:34:02,801 AUC of PRC = 0.5518
2026-02-24 02:34:02,801 min(+P, Se) = 0.5147
2026-02-24 02:34:02,802 f1_score = 0.2534
2026-02-24 02:34:02,803 Epoch 14: Train Loss 0.2999, Valid Loss 0.3522
2026-02-24 02:34:02,803 ----- Save best model - auprc: 0.5518 -----
2026-02-24 02:34:17,968 [[993  22]
 [135  48]]
2026-02-24 02:34:17,970 AUC of ROC = 0.8605
2026-02-24 02:34:17,970 AUC of PRC = 0.5513
2026-02-24 02:34:17,970 min(+P, Se) = 0.5326
2026-02-24 02:34:17,971 f1_score = 0.3794
2026-02-24 02:34:17,971 Epoch 15: Train Loss 0.3025, Valid Loss 0.3023
2026-02-24 02:34:33,121 [[993  22]
 [139  44]]
2026-02-24 02:34:33,123 AUC of ROC = 0.8465
2026-02-24 02:34:33,124 AUC of PRC = 0.5242
2026-02-24 02:34:33,124 min(+P, Se) = 0.5301
2026-02-24 02:34:33,125 f1_score = 0.3534
2026-02-24 02:34:33,125 Epoch 16: Train Loss 0.2993, Valid Loss 0.3072
2026-02-24 02:34:48,241 [[980  35]
 [130  53]]
2026-02-24 02:34:48,243 AUC of ROC = 0.8416
2026-02-24 02:34:48,244 AUC of PRC = 0.5073
2026-02-24 02:34:48,245 min(+P, Se) = 0.5052
2026-02-24 02:34:48,245 f1_score = 0.3911
2026-02-24 02:34:48,245 Epoch 17: Train Loss 0.2938, Valid Loss 0.3231
2026-02-24 02:35:03,544 [[996  19]
 [138  45]]
2026-02-24 02:35:03,546 AUC of ROC = 0.8565
2026-02-24 02:35:03,546 AUC of PRC = 0.5455
2026-02-24 02:35:03,547 min(+P, Se) = 0.5156
2026-02-24 02:35:03,547 f1_score = 0.3644
2026-02-24 02:35:03,548 Epoch 18: Train Loss 0.2944, Valid Loss 0.3142
2026-02-24 02:35:18,759 [[997  18]
 [142  41]]
2026-02-24 02:35:18,762 AUC of ROC = 0.8539
2026-02-24 02:35:18,762 AUC of PRC = 0.5427
2026-02-24 02:35:18,763 min(+P, Se) = 0.5079
2026-02-24 02:35:18,763 f1_score = 0.3388
2026-02-24 02:35:18,763 Epoch 19: Train Loss 0.2929, Valid Loss 0.3185
2026-02-24 02:35:33,926 [[995  20]
 [132  51]]
2026-02-24 02:35:33,928 AUC of ROC = 0.8581
2026-02-24 02:35:33,928 AUC of PRC = 0.5557
2026-02-24 02:35:33,929 min(+P, Se) = 0.5435
2026-02-24 02:35:33,929 f1_score = 0.4016
2026-02-24 02:35:33,929 Epoch 20: Train Loss 0.2927, Valid Loss 0.3109
2026-02-24 02:35:33,930 ----- Save best model - auprc: 0.5557 -----
2026-02-24 02:35:49,163 [[998  17]
 [139  44]]
2026-02-24 02:35:49,166 AUC of ROC = 0.8439
2026-02-24 02:35:49,166 AUC of PRC = 0.5332
2026-02-24 02:35:49,167 min(+P, Se) = 0.5054
2026-02-24 02:35:49,167 f1_score = 0.3607
2026-02-24 02:35:49,168 Epoch 21: Train Loss 0.2896, Valid Loss 0.3176
2026-02-24 02:36:04,388 [[964  51]
 [106  77]]
2026-02-24 02:36:04,390 AUC of ROC = 0.8552
2026-02-24 02:36:04,391 AUC of PRC = 0.5519
2026-02-24 02:36:04,391 min(+P, Se) = 0.5246
2026-02-24 02:36:04,391 f1_score = 0.4952
2026-02-24 02:36:04,391 Epoch 22: Train Loss 0.2941, Valid Loss 0.3095
2026-02-24 02:36:19,489 [[999  16]
 [147  36]]
2026-02-24 02:36:19,491 AUC of ROC = 0.8501
2026-02-24 02:36:19,492 AUC of PRC = 0.5231
2026-02-24 02:36:19,492 min(+P, Se) = 0.5027
2026-02-24 02:36:19,492 f1_score = 0.3064
2026-02-24 02:36:19,493 Epoch 23: Train Loss 0.2890, Valid Loss 0.3296
2026-02-24 02:36:34,651 [[992  23]
 [144  39]]
2026-02-24 02:36:34,654 AUC of ROC = 0.8490
2026-02-24 02:36:34,654 AUC of PRC = 0.5013
2026-02-24 02:36:34,655 min(+P, Se) = 0.5079
2026-02-24 02:36:34,655 f1_score = 0.3184
2026-02-24 02:36:34,656 Epoch 24: Train Loss 0.2878, Valid Loss 0.3139
2026-02-24 02:36:49,774 [[1004   11]
 [ 151   32]]
2026-02-24 02:36:49,776 AUC of ROC = 0.8430
2026-02-24 02:36:49,777 AUC of PRC = 0.5125
2026-02-24 02:36:49,777 min(+P, Se) = 0.4739
2026-02-24 02:36:49,777 f1_score = 0.2832
2026-02-24 02:36:49,778 Epoch 25: Train Loss 0.2866, Valid Loss 0.3466
2026-02-24 02:36:49,796 last saved model is in epoch 20
2026-02-24 02:36:50,710 [[987  33]
 [121  59]]
2026-02-24 02:36:50,713 AUC of ROC = 0.8566
2026-02-24 02:36:50,713 AUC of PRC = 0.5196
2026-02-24 02:36:50,713 min(+P, Se) = 0.5183
2026-02-24 02:36:50,714 f1_score = 0.4338
2026-02-24 02:36:50,714 Test Loss 0.3190
