2026-03-22 12:13:03,107 {
    "dataset": "c12",
    "data_dropout": 0.0,
    "epochs": 25,
    "lr": 0.001,
    "d_model": 32,
    "seed": 42,
    "batch_size": 256,
    "dropout": 0.1,
    "save_model": true,
    "save_dir": "./export/c12\\smart-smile-stratified\\seed_42",
    "local_rank": 0,
    "min_mask_ratio": 0.0,
    "max_mask_ratio": 0.75,
    "e_layers": 2,
    "n_heads": 4,
    "time_dim": 16,
    "use_film": false,
    "use_smile": true,
    "use_smile_film": false,
    "use_smile_v2": false,
    "use_smile_v2_film": false,
    "use_smile_lean": false,
    "use_smile_lean_samepretrain": false,
    "use_mnar": false,
    "save_last": true,
    "smile_no_mnar": false,
    "smile_no_curriculum": false,
    "smile_mask_type": "all",
    "smile_mnar_dropout": 0.05,
    "obs_density_window": 5,
    "pretrain_mask_mode": "fixed",
    "ratio_temperature": 1.0,
    "smile_stratified": true,
    "smile_mask_weights": null
}
2026-03-22 12:13:04,426 Dataset Loaded.
2026-03-22 12:13:04,426 system_groups: {'Vital_Invasive': 3, 'Blood_Gas': 4, 'Electrolyte': 5, 'Liver_Enzyme': 6, 'CBC': 3, 'Oxygenation': 3, 'Metabolic': 2}
2026-03-22 12:13:05,989 [Stratified] P(sys)=0.30 P(temp)=0.25 P(rand)=0.45  batches/epoch=38 adaptive_temp_max=0.75
2026-03-22 12:23:40,840 {
    "dataset": "c12",
    "data_dropout": 0.0,
    "epochs": 25,
    "lr": 0.001,
    "d_model": 32,
    "seed": 42,
    "batch_size": 256,
    "dropout": 0.1,
    "save_model": true,
    "save_dir": "./export/c12\\smart-smile-stratified\\seed_42",
    "local_rank": 0,
    "min_mask_ratio": 0.0,
    "max_mask_ratio": 0.75,
    "e_layers": 2,
    "n_heads": 4,
    "time_dim": 16,
    "use_film": false,
    "use_smile": true,
    "use_smile_film": false,
    "use_smile_v2": false,
    "use_smile_v2_film": false,
    "use_smile_lean": false,
    "use_smile_lean_samepretrain": false,
    "use_mnar": false,
    "save_last": true,
    "smile_no_mnar": false,
    "smile_no_curriculum": false,
    "smile_mask_type": "all",
    "smile_mnar_dropout": 0.05,
    "obs_density_window": 5,
    "pretrain_mask_mode": "fixed",
    "ratio_temperature": 1.0,
    "smile_stratified": true,
    "smile_mask_weights": null
}
2026-03-22 12:23:42,215 Dataset Loaded.
2026-03-22 12:23:42,215 system_groups: {'Vital_Invasive': 3, 'Blood_Gas': 4, 'Electrolyte': 5, 'Liver_Enzyme': 6, 'CBC': 3, 'Oxygenation': 3, 'Metabolic': 2}
2026-03-22 12:23:43,969 [Stratified] P(sys)=0.30 P(temp)=0.25 P(rand)=0.45  batches/epoch=38 adaptive_temp_max=0.75
2026-03-22 12:26:15,244 Epoch 1: Train Loss 11.1229, Valid Loss 6.9251, EMA Val 6.9251
2026-03-22 12:28:23,908 Epoch 2: Train Loss 5.2030, Valid Loss 3.2934, EMA Val 5.8356
2026-03-22 12:28:48,847 Epoch 3: Train Loss 3.6229, Valid Loss 2.4964, EMA Val 4.8338
2026-03-22 12:29:13,623 Epoch 4: Train Loss 2.8818, Valid Loss 2.2021, EMA Val 4.0443
2026-03-22 12:29:38,864 Epoch 5: Train Loss 2.5297, Valid Loss 1.9265, EMA Val 3.4090
2026-03-22 12:30:04,513 Epoch 6: Train Loss 2.2687, Valid Loss 1.8978, EMA Val 2.9556
2026-03-22 12:30:29,611 Epoch 7: Train Loss 2.1577, Valid Loss 1.7478, EMA Val 2.5933
2026-03-22 12:30:56,174 Epoch 8: Train Loss 2.0393, Valid Loss 1.7050, EMA Val 2.3268
2026-03-22 12:31:23,075 Epoch 9: Train Loss 1.9843, Valid Loss 1.6148, EMA Val 2.1132
2026-03-22 12:31:49,178 Epoch 10: Train Loss 1.9035, Valid Loss 1.5372, EMA Val 1.9404
2026-03-22 12:32:59,572 Epoch 11: Train Loss 1.8073, Valid Loss 1.5011, EMA Val 1.8086
2026-03-22 12:35:18,249 Epoch 12: Train Loss 1.7587, Valid Loss 1.4666, EMA Val 1.7060
2026-03-22 12:37:43,640 Epoch 13: Train Loss 1.7053, Valid Loss 1.4310, EMA Val 1.6235
2026-03-22 12:39:48,006 Epoch 14: Train Loss 1.6623, Valid Loss 1.3942, EMA Val 1.5547
2026-03-22 12:41:50,414 Epoch 15: Train Loss 1.6229, Valid Loss 1.3788, EMA Val 1.5020
2026-03-22 12:43:54,016 Epoch 16: Train Loss 1.6329, Valid Loss 1.3180, EMA Val 1.4468
2026-03-22 12:45:56,842 Epoch 17: Train Loss 1.5427, Valid Loss 1.3470, EMA Val 1.4168
2026-03-22 12:47:59,307 Epoch 18: Train Loss 1.5256, Valid Loss 1.2763, EMA Val 1.3747
2026-03-22 12:50:01,757 Epoch 19: Train Loss 1.5206, Valid Loss 1.2604, EMA Val 1.3404
2026-03-22 12:52:04,109 Epoch 20: Train Loss 1.5148, Valid Loss 1.2705, EMA Val 1.3194
2026-03-22 12:54:06,491 Epoch 21: Train Loss 1.5094, Valid Loss 1.2378, EMA Val 1.2950
2026-03-22 12:56:08,982 Epoch 22: Train Loss 1.4756, Valid Loss 1.2176, EMA Val 1.2717
2026-03-22 12:58:11,568 Epoch 23: Train Loss 1.4625, Valid Loss 1.2476, EMA Val 1.2645
2026-03-22 13:00:13,863 Epoch 24: Train Loss 1.4499, Valid Loss 1.2583, EMA Val 1.2627
2026-03-22 13:02:32,189 Epoch 25: Train Loss 1.4180, Valid Loss 1.2605, EMA Val 1.2620
2026-03-22 13:02:32,194 ----- Save last epoch model - L1: 1.2620 -----
2026-03-22 13:02:32,358 last saved model is in epoch 25
2026-03-22 13:02:47,211 Test Loss 1.2738
2026-03-22 13:27:14,123 {
    "dataset": "c12",
    "data_dropout": 0.0,
    "epochs": 35,
    "freeze_epochs": 5,
    "lr": 0.001,
    "d_model": 32,
    "seed": 42,
    "batch_size": 256,
    "dropout": 0.1,
    "save_model": true,
    "save_dir": "./export/c12\\smart-smile-stratified\\seed_42",
    "pretrain_dir": null,
    "local_rank": 0,
    "e_layers": 2,
    "n_heads": 4,
    "time_dim": 16,
    "use_film": false,
    "use_smile": true,
    "use_smile_film": false,
    "use_mnar": false,
    "use_smile_v2": false,
    "use_smile_v2_film": false,
    "use_smile_lean": false,
    "use_smile_lean_samepretrain": false,
    "obs_density_window": 5,
    "smile_no_mnar": false,
    "smile_no_curriculum": false,
    "smile_mask_type": "all",
    "smile_mnar_dropout": 0.05,
    "smile_mnar_dropout_initial": 0.0,
    "smile_stratified": true
}
2026-03-22 13:27:15,652 Dataset Loaded.
2026-03-22 13:27:16,530 Class weights: [0.5820587277412415, 3.546597719192505]
2026-03-22 13:27:16,555 last saved model is in epoch 25
2026-03-22 13:27:26,182 [[979  55]
 [121  43]]
2026-03-22 13:27:26,187 AUC of ROC = 0.7196
2026-03-22 13:27:26,187 AUC of PRC = 0.2899
2026-03-22 13:27:26,187 min(+P, Se) = 0.3252
2026-03-22 13:27:26,187 f1_score = 0.3805 (threshold = 1.7377)
2026-03-22 13:27:26,187 Epoch 1: Train Loss 0.8181, Valid Loss 0.6901
2026-03-22 13:27:26,188 ----- Save best model - auprc: 0.2899 -----
2026-03-22 13:27:35,320 [[605 429]
 [ 25 139]]
2026-03-22 13:27:35,322 AUC of ROC = 0.7483
2026-03-22 13:27:35,322 AUC of PRC = 0.3243
2026-03-22 13:27:35,322 min(+P, Se) = 0.3657
2026-03-22 13:27:35,323 f1_score = 0.4136 (threshold = 2.4191)
2026-03-22 13:27:35,323 Epoch 2: Train Loss 0.6450, Valid Loss 0.5518
2026-03-22 13:27:35,324 ----- Save best model - auprc: 0.3243 -----
2026-03-22 13:28:41,797 {
    "dataset": "c12",
    "data_dropout": 0.0,
    "epochs": 25,
    "lr": 0.001,
    "d_model": 32,
    "seed": 42,
    "batch_size": 256,
    "dropout": 0.1,
    "save_model": true,
    "save_dir": "./export/c12\\smart-smile-stratified\\seed_42",
    "local_rank": 0,
    "min_mask_ratio": 0.0,
    "max_mask_ratio": 0.75,
    "e_layers": 2,
    "n_heads": 4,
    "time_dim": 16,
    "use_film": false,
    "use_smile": true,
    "use_smile_film": false,
    "use_smile_v2": false,
    "use_smile_v2_film": false,
    "use_smile_lean": false,
    "use_smile_lean_samepretrain": false,
    "use_mnar": false,
    "save_last": true,
    "smile_no_mnar": false,
    "smile_no_curriculum": false,
    "smile_mask_type": "all",
    "smile_mnar_dropout": 0.05,
    "obs_density_window": 5,
    "pretrain_mask_mode": "fixed",
    "ratio_temperature": 1.0,
    "smile_stratified": true,
    "smile_mask_weights": null
}
2026-03-22 13:28:42,929 Dataset Loaded.
2026-03-22 13:28:42,929 system_groups: {'Vital_Invasive': 3, 'Blood_Gas': 4, 'Electrolyte': 5, 'Liver_Enzyme': 6, 'CBC': 3, 'Oxygenation': 3, 'Metabolic': 2}
2026-03-22 13:28:43,568 [Stratified] P(sys)=0.30 P(temp)=0.25 P(rand)=0.45  batches/epoch=38 adaptive_temp_max=0.75
2026-03-22 13:29:07,082 Epoch 1: Train Loss 11.1229, Valid Loss 6.9251, EMA Val 6.9251
2026-03-22 13:29:29,650 Epoch 2: Train Loss 5.2030, Valid Loss 3.2934, EMA Val 5.8356
2026-03-22 13:29:51,436 Epoch 3: Train Loss 3.6229, Valid Loss 2.4964, EMA Val 4.8338
2026-03-22 13:30:13,297 Epoch 4: Train Loss 2.8818, Valid Loss 2.2021, EMA Val 4.0443
2026-03-22 13:30:35,240 Epoch 5: Train Loss 2.5297, Valid Loss 1.9265, EMA Val 3.4090
2026-03-22 13:30:57,060 Epoch 6: Train Loss 2.2687, Valid Loss 1.8978, EMA Val 2.9556
2026-03-22 13:31:19,002 Epoch 7: Train Loss 2.1577, Valid Loss 1.7478, EMA Val 2.5933
2026-03-22 13:31:41,083 Epoch 8: Train Loss 2.0393, Valid Loss 1.7050, EMA Val 2.3268
2026-03-22 13:32:02,856 Epoch 9: Train Loss 1.9843, Valid Loss 1.6148, EMA Val 2.1132
2026-03-22 13:32:24,774 Epoch 10: Train Loss 1.9035, Valid Loss 1.5372, EMA Val 1.9404
2026-03-22 13:32:46,612 Epoch 11: Train Loss 1.8073, Valid Loss 1.5011, EMA Val 1.8086
2026-03-22 13:33:08,446 Epoch 12: Train Loss 1.7587, Valid Loss 1.4666, EMA Val 1.7060
2026-03-22 13:33:30,484 Epoch 13: Train Loss 1.7053, Valid Loss 1.4310, EMA Val 1.6235
2026-03-22 13:33:52,308 Epoch 14: Train Loss 1.6623, Valid Loss 1.3943, EMA Val 1.5547
2026-03-22 13:34:14,520 Epoch 15: Train Loss 1.6229, Valid Loss 1.3788, EMA Val 1.5020
2026-03-22 13:34:37,107 Epoch 16: Train Loss 1.6329, Valid Loss 1.3180, EMA Val 1.4468
2026-03-22 13:34:59,243 Epoch 17: Train Loss 1.5427, Valid Loss 1.3470, EMA Val 1.4168
2026-03-22 13:35:21,180 Epoch 18: Train Loss 1.5256, Valid Loss 1.2763, EMA Val 1.3747
2026-03-22 13:35:43,025 Epoch 19: Train Loss 1.5206, Valid Loss 1.2604, EMA Val 1.3404
2026-03-22 13:36:04,858 Epoch 20: Train Loss 1.5148, Valid Loss 1.2705, EMA Val 1.3194
2026-03-22 13:36:26,882 Epoch 21: Train Loss 1.5094, Valid Loss 1.2378, EMA Val 1.2950
2026-03-22 13:36:48,708 Epoch 22: Train Loss 1.4756, Valid Loss 1.2176, EMA Val 1.2718
2026-03-22 13:37:10,738 Epoch 23: Train Loss 1.4625, Valid Loss 1.2476, EMA Val 1.2645
2026-03-22 13:37:32,765 Epoch 24: Train Loss 1.4499, Valid Loss 1.2583, EMA Val 1.2627
2026-03-22 13:37:54,910 Epoch 25: Train Loss 1.4180, Valid Loss 1.2605, EMA Val 1.2620
2026-03-22 13:37:54,911 ----- Save last epoch model - L1: 1.2620 -----
2026-03-22 13:37:54,950 last saved model is in epoch 25
2026-03-22 13:37:56,476 Test Loss 1.2737
2026-03-22 13:38:00,646 {
    "dataset": "c12",
    "data_dropout": 0.0,
    "epochs": 35,
    "freeze_epochs": 5,
    "lr": 0.001,
    "d_model": 32,
    "seed": 42,
    "batch_size": 256,
    "dropout": 0.1,
    "save_model": true,
    "save_dir": "./export/c12\\smart-smile-stratified\\seed_42",
    "pretrain_dir": null,
    "local_rank": 0,
    "e_layers": 2,
    "n_heads": 4,
    "time_dim": 16,
    "use_film": false,
    "use_smile": true,
    "use_smile_film": false,
    "use_mnar": false,
    "use_smile_v2": false,
    "use_smile_v2_film": false,
    "use_smile_lean": false,
    "use_smile_lean_samepretrain": false,
    "obs_density_window": 5,
    "smile_no_mnar": false,
    "smile_no_curriculum": false,
    "smile_mask_type": "all",
    "smile_mnar_dropout": 0.05,
    "smile_mnar_dropout_initial": 0.0,
    "smile_stratified": true
}
2026-03-22 13:38:01,737 Dataset Loaded.
2026-03-22 13:38:02,324 Class weights: [0.5820587277412415, 3.546597719192505]
2026-03-22 13:38:02,334 last saved model is in epoch 25
2026-03-22 13:38:10,968 [[979  55]
 [121  43]]
2026-03-22 13:38:10,978 AUC of ROC = 0.7196
2026-03-22 13:38:10,978 AUC of PRC = 0.2899
2026-03-22 13:38:10,978 min(+P, Se) = 0.3252
2026-03-22 13:38:10,978 f1_score = 0.3805 (threshold = 1.7377)
2026-03-22 13:38:10,979 Epoch 1: Train Loss 0.8181, Valid Loss 0.6901
2026-03-22 13:38:10,979 ----- Save best model - auprc: 0.2899 -----
2026-03-22 13:38:19,304 [[605 429]
 [ 25 139]]
2026-03-22 13:38:19,305 AUC of ROC = 0.7483
2026-03-22 13:38:19,306 AUC of PRC = 0.3242
2026-03-22 13:38:19,306 min(+P, Se) = 0.3657
2026-03-22 13:38:19,306 f1_score = 0.4136 (threshold = 2.4191)
2026-03-22 13:38:19,306 Epoch 2: Train Loss 0.6450, Valid Loss 0.5518
2026-03-22 13:38:19,307 ----- Save best model - auprc: 0.3242 -----
2026-03-22 13:38:27,618 [[559 475]
 [ 16 148]]
2026-03-22 13:38:27,620 AUC of ROC = 0.7353
2026-03-22 13:38:27,620 AUC of PRC = 0.3002
2026-03-22 13:38:27,620 min(+P, Se) = 0.3256
2026-03-22 13:38:27,621 f1_score = 0.3886 (threshold = 2.5753)
2026-03-22 13:38:27,621 Epoch 3: Train Loss 0.6256, Valid Loss 0.5697
2026-03-22 13:38:35,930 [[661 373]
 [ 25 139]]
2026-03-22 13:38:35,932 AUC of ROC = 0.7578
2026-03-22 13:38:35,932 AUC of PRC = 0.3306
2026-03-22 13:38:35,933 min(+P, Se) = 0.3771
2026-03-22 13:38:35,933 f1_score = 0.4230 (threshold = 2.3392)
2026-03-22 13:38:35,933 Epoch 4: Train Loss 0.6619, Valid Loss 0.5259
2026-03-22 13:38:35,933 ----- Save best model - auprc: 0.3306 -----
2026-03-22 13:38:44,271 [[933 101]
 [ 82  82]]
2026-03-22 13:38:44,273 AUC of ROC = 0.7687
2026-03-22 13:38:44,273 AUC of PRC = 0.3572
2026-03-22 13:38:44,273 min(+P, Se) = 0.4024
2026-03-22 13:38:44,273 f1_score = 0.4369 (threshold = 1.7085)
2026-03-22 13:38:44,273 Epoch 5: Train Loss 0.6230, Valid Loss 0.5622
2026-03-22 13:38:44,274 ----- Save best model - auprc: 0.3572 -----
2026-03-22 13:38:59,534 [[725 309]
 [ 33 131]]
2026-03-22 13:38:59,535 AUC of ROC = 0.7954
2026-03-22 13:38:59,536 AUC of PRC = 0.3711
2026-03-22 13:38:59,536 min(+P, Se) = 0.4078
2026-03-22 13:38:59,536 f1_score = 0.4478 (threshold = 1.1918)
2026-03-22 13:38:59,537 Epoch 6: Train Loss 0.6339, Valid Loss 0.5131
2026-03-22 13:38:59,537 ----- Save best model - auprc: 0.3711 -----
2026-03-22 13:39:14,853 [[758 276]
 [ 37 127]]
2026-03-22 13:39:14,855 AUC of ROC = 0.8081
2026-03-22 13:39:14,855 AUC of PRC = 0.3727
2026-03-22 13:39:14,855 min(+P, Se) = 0.4091
2026-03-22 13:39:14,855 f1_score = 0.4683 (threshold = 0.7832)
2026-03-22 13:39:14,856 Epoch 7: Train Loss 0.5548, Valid Loss 0.5009
2026-03-22 13:39:14,856 ----- Save best model - auprc: 0.3727 -----
2026-03-22 13:39:30,312 [[767 267]
 [ 32 132]]
2026-03-22 13:39:30,313 AUC of ROC = 0.8235
2026-03-22 13:39:30,314 AUC of PRC = 0.4169
2026-03-22 13:39:30,314 min(+P, Se) = 0.4329
2026-03-22 13:39:30,314 f1_score = 0.5011 (threshold = 0.7818)
2026-03-22 13:39:30,314 Epoch 8: Train Loss 0.5312, Valid Loss 0.4815
2026-03-22 13:39:30,314 ----- Save best model - auprc: 0.4169 -----
2026-03-22 13:39:45,589 [[765 269]
 [ 30 134]]
2026-03-22 13:39:45,591 AUC of ROC = 0.8170
2026-03-22 13:39:45,591 AUC of PRC = 0.4005
2026-03-22 13:39:45,591 min(+P, Se) = 0.4302
2026-03-22 13:39:45,591 f1_score = 0.4847 (threshold = 0.8823)
2026-03-22 13:39:45,592 Epoch 9: Train Loss 0.5250, Valid Loss 0.4795
2026-03-22 13:40:01,120 [[836 198]
 [ 45 119]]
2026-03-22 13:40:01,122 AUC of ROC = 0.8275
2026-03-22 13:40:01,122 AUC of PRC = 0.3988
2026-03-22 13:40:01,122 min(+P, Se) = 0.4451
2026-03-22 13:40:01,122 f1_score = 0.4784 (threshold = 0.5616)
2026-03-22 13:40:01,123 Epoch 10: Train Loss 0.5243, Valid Loss 0.4720
2026-03-22 13:40:16,521 [[901 133]
 [ 60 104]]
2026-03-22 13:40:16,523 AUC of ROC = 0.8371
2026-03-22 13:40:16,523 AUC of PRC = 0.4264
2026-03-22 13:40:16,523 min(+P, Se) = 0.4451
2026-03-22 13:40:16,523 f1_score = 0.5043 (threshold = 0.1555)
2026-03-22 13:40:16,524 Epoch 11: Train Loss 0.5018, Valid Loss 0.4820
2026-03-22 13:40:16,524 ----- Save best model - auprc: 0.4264 -----
2026-03-22 13:40:31,803 [[837 197]
 [ 43 121]]
2026-03-22 13:40:31,805 AUC of ROC = 0.8424
2026-03-22 13:40:31,806 AUC of PRC = 0.4575
2026-03-22 13:40:31,806 min(+P, Se) = 0.4878
2026-03-22 13:40:31,806 f1_score = 0.5098 (threshold = 0.5897)
2026-03-22 13:40:31,806 Epoch 12: Train Loss 0.5093, Valid Loss 0.4602
2026-03-22 13:40:31,807 ----- Save best model - auprc: 0.4575 -----
2026-03-22 13:40:47,057 [[757 277]
 [ 25 139]]
2026-03-22 13:40:47,059 AUC of ROC = 0.8398
2026-03-22 13:40:47,059 AUC of PRC = 0.4748
2026-03-22 13:40:47,059 min(+P, Se) = 0.5030
2026-03-22 13:40:47,059 f1_score = 0.5209 (threshold = 0.9316)
2026-03-22 13:40:47,059 Epoch 13: Train Loss 0.5014, Valid Loss 0.4685
2026-03-22 13:40:47,060 ----- Save best model - auprc: 0.4748 -----
2026-03-22 13:41:02,332 [[764 270]
 [ 28 136]]
2026-03-22 13:41:02,333 AUC of ROC = 0.8470
2026-03-22 13:41:02,333 AUC of PRC = 0.4623
2026-03-22 13:41:02,333 min(+P, Se) = 0.5089
2026-03-22 13:41:02,334 f1_score = 0.5213 (threshold = 0.5865)
2026-03-22 13:41:02,334 Epoch 14: Train Loss 0.4945, Valid Loss 0.4693
2026-03-22 13:41:17,403 [[827 207]
 [ 39 125]]
2026-03-22 13:41:17,404 AUC of ROC = 0.8426
2026-03-22 13:41:17,405 AUC of PRC = 0.4610
2026-03-22 13:41:17,405 min(+P, Se) = 0.4878
2026-03-22 13:41:17,405 f1_score = 0.5180 (threshold = 0.4840)
2026-03-22 13:41:17,405 Epoch 15: Train Loss 0.4908, Valid Loss 0.4498
2026-03-22 13:41:32,479 [[739 295]
 [ 24 140]]
2026-03-22 13:41:32,480 AUC of ROC = 0.8486
2026-03-22 13:41:32,481 AUC of PRC = 0.4804
2026-03-22 13:41:32,481 min(+P, Se) = 0.4910
2026-03-22 13:41:32,481 f1_score = 0.5204 (threshold = 0.5403)
2026-03-22 13:41:32,481 Epoch 16: Train Loss 0.4852, Valid Loss 0.4694
2026-03-22 13:41:32,482 ----- Save best model - auprc: 0.4804 -----
2026-03-22 13:41:47,593 [[754 280]
 [ 25 139]]
2026-03-22 13:41:47,595 AUC of ROC = 0.8453
2026-03-22 13:41:47,595 AUC of PRC = 0.4760
2026-03-22 13:41:47,595 min(+P, Se) = 0.4970
2026-03-22 13:41:47,595 f1_score = 0.5112 (threshold = 0.6401)
2026-03-22 13:41:47,596 Epoch 17: Train Loss 0.4898, Valid Loss 0.4613
2026-03-22 13:42:02,658 [[835 199]
 [ 39 125]]
2026-03-22 13:42:02,660 AUC of ROC = 0.8473
2026-03-22 13:42:02,660 AUC of PRC = 0.4702
2026-03-22 13:42:02,661 min(+P, Se) = 0.4939
2026-03-22 13:42:02,661 f1_score = 0.5261 (threshold = 0.3286)
2026-03-22 13:42:02,661 Epoch 18: Train Loss 0.4827, Valid Loss 0.4512
2026-03-22 13:42:17,739 [[795 239]
 [ 33 131]]
2026-03-22 13:42:17,741 AUC of ROC = 0.8474
2026-03-22 13:42:17,741 AUC of PRC = 0.4759
2026-03-22 13:42:17,741 min(+P, Se) = 0.4740
2026-03-22 13:42:17,741 f1_score = 0.5189 (threshold = 0.5130)
2026-03-22 13:42:17,741 Epoch 19: Train Loss 0.4786, Valid Loss 0.4481
2026-03-22 13:42:32,802 [[879 155]
 [ 50 114]]
2026-03-22 13:42:32,804 AUC of ROC = 0.8457
2026-03-22 13:42:32,804 AUC of PRC = 0.4765
2026-03-22 13:42:32,804 min(+P, Se) = 0.5090
2026-03-22 13:42:32,804 f1_score = 0.5182 (threshold = 0.1263)
2026-03-22 13:42:32,805 Epoch 20: Train Loss 0.4766, Valid Loss 0.4604
2026-03-22 13:42:47,857 [[815 219]
 [ 35 129]]
2026-03-22 13:42:47,858 AUC of ROC = 0.8444
2026-03-22 13:42:47,859 AUC of PRC = 0.4734
2026-03-22 13:42:47,859 min(+P, Se) = 0.4702
2026-03-22 13:42:47,859 f1_score = 0.5216 (threshold = 0.4582)
2026-03-22 13:42:47,859 Epoch 21: Train Loss 0.4790, Valid Loss 0.4472
2026-03-22 13:43:02,888 [[787 247]
 [ 29 135]]
2026-03-22 13:43:02,890 AUC of ROC = 0.8467
2026-03-22 13:43:02,890 AUC of PRC = 0.4744
2026-03-22 13:43:02,890 min(+P, Se) = 0.4817
2026-03-22 13:43:02,890 f1_score = 0.5258 (threshold = 0.7693)
2026-03-22 13:43:02,890 Epoch 22: Train Loss 0.4710, Valid Loss 0.4510
2026-03-22 13:43:17,956 [[796 238]
 [ 34 130]]
2026-03-22 13:43:17,957 AUC of ROC = 0.8430
2026-03-22 13:43:17,957 AUC of PRC = 0.4622
2026-03-22 13:43:17,957 min(+P, Se) = 0.4695
2026-03-22 13:43:17,958 f1_score = 0.5228 (threshold = 0.5797)
2026-03-22 13:43:17,958 Epoch 23: Train Loss 0.4732, Valid Loss 0.4508
2026-03-22 13:43:33,056 [[784 250]
 [ 30 134]]
2026-03-22 13:43:33,058 AUC of ROC = 0.8470
2026-03-22 13:43:33,058 AUC of PRC = 0.4788
2026-03-22 13:43:33,058 min(+P, Se) = 0.4913
2026-03-22 13:43:33,058 f1_score = 0.5231 (threshold = 0.6641)
2026-03-22 13:43:33,059 Epoch 24: Train Loss 0.4704, Valid Loss 0.4541
2026-03-22 13:43:48,129 [[780 254]
 [ 27 137]]
2026-03-22 13:43:48,130 AUC of ROC = 0.8476
2026-03-22 13:43:48,131 AUC of PRC = 0.4761
2026-03-22 13:43:48,131 min(+P, Se) = 0.4912
2026-03-22 13:43:48,131 f1_score = 0.5290 (threshold = 0.5762)
2026-03-22 13:43:48,131 Epoch 25: Train Loss 0.4765, Valid Loss 0.4505
2026-03-22 13:44:03,388 [[782 252]
 [ 30 134]]
2026-03-22 13:44:03,390 AUC of ROC = 0.8480
2026-03-22 13:44:03,390 AUC of PRC = 0.4747
2026-03-22 13:44:03,391 min(+P, Se) = 0.4885
2026-03-22 13:44:03,391 f1_score = 0.5279 (threshold = 0.5842)
2026-03-22 13:44:03,391 Epoch 26: Train Loss 0.4637, Valid Loss 0.4512
2026-03-22 13:44:18,522 [[823 211]
 [ 35 129]]
2026-03-22 13:44:18,524 AUC of ROC = 0.8466
2026-03-22 13:44:18,524 AUC of PRC = 0.4695
2026-03-22 13:44:18,524 min(+P, Se) = 0.4878
2026-03-22 13:44:18,524 f1_score = 0.5203 (threshold = 0.3920)
2026-03-22 13:44:18,524 Epoch 27: Train Loss 0.4686, Valid Loss 0.4445
2026-03-22 13:44:33,809 [[780 254]
 [ 29 135]]
2026-03-22 13:44:33,810 AUC of ROC = 0.8470
2026-03-22 13:44:33,810 AUC of PRC = 0.4707
2026-03-22 13:44:33,811 min(+P, Se) = 0.4913
2026-03-22 13:44:33,811 f1_score = 0.5217 (threshold = 0.7371)
2026-03-22 13:44:33,811 Epoch 28: Train Loss 0.4642, Valid Loss 0.4483
2026-03-22 13:44:48,888 [[829 205]
 [ 37 127]]
2026-03-22 13:44:48,889 AUC of ROC = 0.8470
2026-03-22 13:44:48,890 AUC of PRC = 0.4734
2026-03-22 13:44:48,890 min(+P, Se) = 0.4881
2026-03-22 13:44:48,890 f1_score = 0.5282 (threshold = 0.4896)
2026-03-22 13:44:48,890 Epoch 29: Train Loss 0.4669, Valid Loss 0.4457
2026-03-22 13:45:03,944 [[800 234]
 [ 34 130]]
2026-03-22 13:45:03,946 AUC of ROC = 0.8465
2026-03-22 13:45:03,946 AUC of PRC = 0.4712
2026-03-22 13:45:03,946 min(+P, Se) = 0.4880
2026-03-22 13:45:03,947 f1_score = 0.5200 (threshold = 0.5328)
2026-03-22 13:45:03,947 Epoch 30: Train Loss 0.4605, Valid Loss 0.4463
2026-03-22 13:45:19,027 [[810 224]
 [ 34 130]]
2026-03-22 13:45:19,029 AUC of ROC = 0.8470
2026-03-22 13:45:19,029 AUC of PRC = 0.4746
2026-03-22 13:45:19,029 min(+P, Se) = 0.4909
2026-03-22 13:45:19,029 f1_score = 0.5217 (threshold = 0.4403)
2026-03-22 13:45:19,030 Epoch 31: Train Loss 0.4602, Valid Loss 0.4460
2026-03-22 13:45:34,053 [[801 233]
 [ 32 132]]
2026-03-22 13:45:34,055 AUC of ROC = 0.8464
2026-03-22 13:45:34,055 AUC of PRC = 0.4720
2026-03-22 13:45:34,055 min(+P, Se) = 0.4821
2026-03-22 13:45:34,055 f1_score = 0.5188 (threshold = 0.4286)
2026-03-22 13:45:34,056 Epoch 32: Train Loss 0.4586, Valid Loss 0.4460
2026-03-22 13:45:49,123 [[772 262]
 [ 27 137]]
2026-03-22 13:45:49,125 AUC of ROC = 0.8470
2026-03-22 13:45:49,125 AUC of PRC = 0.4734
2026-03-22 13:45:49,125 min(+P, Se) = 0.4862
2026-03-22 13:45:49,126 f1_score = 0.5191 (threshold = 0.6781)
2026-03-22 13:45:49,126 Epoch 33: Train Loss 0.4606, Valid Loss 0.4505
2026-03-22 13:46:04,167 [[799 235]
 [ 31 133]]
2026-03-22 13:46:04,168 AUC of ROC = 0.8465
2026-03-22 13:46:04,169 AUC of PRC = 0.4711
2026-03-22 13:46:04,169 min(+P, Se) = 0.4878
2026-03-22 13:46:04,169 f1_score = 0.5204 (threshold = 0.5821)
2026-03-22 13:46:04,169 Epoch 34: Train Loss 0.4620, Valid Loss 0.4457
2026-03-22 13:46:19,222 [[797 237]
 [ 31 133]]
2026-03-22 13:46:19,224 AUC of ROC = 0.8463
2026-03-22 13:46:19,224 AUC of PRC = 0.4712
2026-03-22 13:46:19,224 min(+P, Se) = 0.4848
2026-03-22 13:46:19,224 f1_score = 0.5220 (threshold = 0.5958)
2026-03-22 13:46:19,225 Epoch 35: Train Loss 0.4582, Valid Loss 0.4462
2026-03-22 13:46:19,244 last saved model is in epoch 16
2026-03-22 13:46:20,131 [[736 273]
 [ 38 153]]
2026-03-22 13:46:20,133 AUC of ROC = 0.8210
2026-03-22 13:46:20,133 AUC of PRC = 0.4807
2026-03-22 13:46:20,133 min(+P, Se) = 0.5000
2026-03-22 13:46:20,133 f1_score = 0.5208 (threshold = 0.5755)
2026-03-22 13:46:20,134 Test Loss 0.4854
