2026-04-15 23:36:04,065 {
    "dataset": "c12",
    "data_dropout": 0.0,
    "epochs": 25,
    "lr": 0.001,
    "d_model": 32,
    "seed": 1,
    "batch_size": 64,
    "dropout": 0.1,
    "save_model": true,
    "save_dir": "./export/c12/smart-smile-v2-no-cross-attn/seed_1",
    "local_rank": 0,
    "min_mask_ratio": 0.15,
    "max_mask_ratio": 0.75,
    "e_layers": 2,
    "n_heads": 4,
    "time_dim": 16,
    "use_film": false,
    "use_smile": false,
    "use_smile_film": false,
    "use_smile_v2": true,
    "use_smile_v2_film": false,
    "use_smile_lean": false,
    "use_smile_lean_samepretrain": false,
    "use_smile_lean_v2": false,
    "use_mnar": false,
    "save_last": true,
    "smile_no_mnar": false,
    "smile_no_curriculum": false,
    "smile_mask_type": "all",
    "smile_mnar_dropout": 0.05,
    "obs_density_window": 5,
    "abl_no_density": false,
    "abl_no_mnar_bias": false,
    "abl_no_film": false,
    "abl_no_time_mnar": false,
    "abl_no_time_pe": false,
    "abl_no_cross_attn": true,
    "abl_no_mnar_cls": false,
    "pretrain_mask_mode": "fixed",
    "ratio_temperature": 1.0,
    "smile_stratified": false,
    "smile_mask_weights": null
}
2026-04-15 23:36:05,945 Dataset Loaded.
2026-04-15 23:36:05,945 system_groups: {'Vital_Invasive': 3, 'Blood_Gas': 4, 'Electrolyte': 5, 'Liver_Enzyme': 6, 'CBC': 3, 'Oxygenation': 3, 'Metabolic': 2}
2026-04-15 23:36:28,057 Epoch 1: Train Loss 7.1843, Valid Loss 2.7138, EMA Val 2.7138
2026-04-15 23:36:47,049 Epoch 2: Train Loss 2.5875, Valid Loss 1.6293, EMA Val 2.3884
2026-04-15 23:37:06,295 Epoch 3: Train Loss 1.6745, Valid Loss 1.0988, EMA Val 2.0015
2026-04-15 23:37:25,526 Epoch 4: Train Loss 1.2257, Valid Loss 0.8770, EMA Val 1.6642
2026-04-15 23:37:44,320 Epoch 5: Train Loss 1.0059, Valid Loss 0.7524, EMA Val 1.3907
2026-04-15 23:38:03,258 Epoch 6: Train Loss 0.8841, Valid Loss 0.6896, EMA Val 1.1803
2026-04-15 23:38:22,296 Epoch 7: Train Loss 0.8002, Valid Loss 0.6606, EMA Val 1.0244
2026-04-15 23:38:41,008 Epoch 8: Train Loss 0.7836, Valid Loss 0.6434, EMA Val 0.9101
2026-04-15 23:39:00,187 Epoch 9: Train Loss 0.7511, Valid Loss 0.6154, EMA Val 0.8217
2026-04-15 23:39:19,409 Epoch 10: Train Loss 0.7508, Valid Loss 0.6110, EMA Val 0.7585
2026-04-15 23:39:38,671 Epoch 11: Train Loss 0.7278, Valid Loss 0.6188, EMA Val 0.7166
2026-04-15 23:39:57,898 Epoch 12: Train Loss 0.7005, Valid Loss 0.6244, EMA Val 0.6889
2026-04-15 23:40:17,440 Epoch 13: Train Loss 0.7502, Valid Loss 0.6730, EMA Val 0.6841
2026-04-15 23:40:36,935 Epoch 14: Train Loss 0.7175, Valid Loss 0.6310, EMA Val 0.6682
2026-04-15 23:40:55,648 Epoch 15: Train Loss 0.7094, Valid Loss 0.6316, EMA Val 0.6572
2026-04-15 23:41:15,171 Epoch 16: Train Loss 0.6845, Valid Loss 0.6531, EMA Val 0.6560
2026-04-15 23:41:34,169 Epoch 17: Train Loss 0.7052, Valid Loss 0.6368, EMA Val 0.6502
2026-04-15 23:41:49,981 Epoch 18: Train Loss 0.7168, Valid Loss 0.6348, EMA Val 0.6456
2026-04-15 23:42:05,207 Epoch 19: Train Loss 0.6785, Valid Loss 0.6723, EMA Val 0.6536
2026-04-15 23:42:20,728 Epoch 20: Train Loss 0.6935, Valid Loss 0.7017, EMA Val 0.6680
2026-04-15 23:42:34,430 Epoch 21: Train Loss 0.6719, Valid Loss 0.6653, EMA Val 0.6672
2026-04-15 23:42:47,371 Epoch 22: Train Loss 0.6641, Valid Loss 0.6711, EMA Val 0.6684
2026-04-15 23:43:00,622 Epoch 23: Train Loss 0.6750, Valid Loss 0.6564, EMA Val 0.6648
2026-04-15 23:43:13,605 Epoch 24: Train Loss 0.6466, Valid Loss 0.6395, EMA Val 0.6572
2026-04-15 23:43:26,533 Epoch 25: Train Loss 0.6638, Valid Loss 0.6637, EMA Val 0.6591
2026-04-15 23:43:26,535 ----- Save last epoch model - L1: 0.6591 -----
2026-04-15 23:43:26,576 last saved model is in epoch 25
2026-04-15 23:43:27,691 Test Loss 0.6977
2026-04-15 23:43:32,891 {
    "dataset": "c12",
    "data_dropout": 0.0,
    "epochs": 35,
    "freeze_epochs": 5,
    "lr": 0.001,
    "d_model": 32,
    "seed": 1,
    "batch_size": 64,
    "dropout": 0.1,
    "save_model": true,
    "save_dir": "./export/c12/smart-smile-v2-no-cross-attn/seed_1",
    "pretrain_dir": null,
    "local_rank": 0,
    "e_layers": 2,
    "n_heads": 4,
    "time_dim": 16,
    "use_film": false,
    "use_smile": false,
    "use_smile_film": false,
    "use_mnar": false,
    "use_smile_v2": true,
    "use_smile_v2_film": false,
    "use_smile_lean": false,
    "use_smile_lean_samepretrain": false,
    "use_smile_lean_v2": false,
    "obs_density_window": 5,
    "abl_no_density": false,
    "abl_no_mnar_bias": false,
    "abl_no_film": false,
    "abl_no_time_mnar": false,
    "abl_no_time_pe": false,
    "abl_no_cross_attn": true,
    "abl_no_mnar_cls": false,
    "smile_no_mnar": false,
    "smile_no_curriculum": false,
    "smile_mask_type": "all",
    "smile_mnar_dropout": 0.05,
    "smile_mnar_dropout_initial": 0.0,
    "smile_stratified": false
}
2026-04-15 23:43:34,535 Dataset Loaded.
2026-04-15 23:43:36,499 Class weights: [0.5820587277412415, 3.546597719192505]
2026-04-15 23:43:36,517 last saved model is in epoch 25
2026-04-15 23:43:45,394 [[885 149]
 [ 68  96]]
2026-04-15 23:43:45,398 AUC of ROC = 0.8204
2026-04-15 23:43:45,399 AUC of PRC = 0.4254
2026-04-15 23:43:45,399 min(+P, Se) = 0.4425
2026-04-15 23:43:45,399 f1_score = 0.4856 (threshold = -2.1976)
2026-04-15 23:43:45,399 Epoch 1: Train Loss 0.8159, Valid Loss 0.5384
2026-04-15 23:43:45,406 ----- Save best model - auprc: 0.4254 -----
2026-04-15 23:43:54,469 [[642 392]
 [ 20 144]]
2026-04-15 23:43:54,474 AUC of ROC = 0.8177
2026-04-15 23:43:54,474 AUC of PRC = 0.4242
2026-04-15 23:43:54,474 min(+P, Se) = 0.4512
2026-04-15 23:43:54,474 f1_score = 0.4798 (threshold = -1.3805)
2026-04-15 23:43:54,475 Epoch 2: Train Loss 0.6720, Valid Loss 0.5610
2026-04-15 23:44:02,985 [[821 213]
 [ 49 115]]
2026-04-15 23:44:02,990 AUC of ROC = 0.8229
2026-04-15 23:44:02,990 AUC of PRC = 0.4043
2026-04-15 23:44:02,990 min(+P, Se) = 0.4217
2026-04-15 23:44:02,990 f1_score = 0.4684 (threshold = -1.7954)
2026-04-15 23:44:02,991 Epoch 3: Train Loss 0.6627, Valid Loss 0.5372
2026-04-15 23:44:11,697 [[712 322]
 [ 25 139]]
2026-04-15 23:44:11,702 AUC of ROC = 0.8120
2026-04-15 23:44:11,702 AUC of PRC = 0.3953
2026-04-15 23:44:11,702 min(+P, Se) = 0.4329
2026-04-15 23:44:11,702 f1_score = 0.4418 (threshold = -1.5133)
2026-04-15 23:44:11,703 Epoch 4: Train Loss 0.6172, Valid Loss 0.5063
2026-04-15 23:44:20,377 [[938  96]
 [ 83  81]]
2026-04-15 23:44:20,382 AUC of ROC = 0.8307
2026-04-15 23:44:20,382 AUC of PRC = 0.4258
2026-04-15 23:44:20,382 min(+P, Se) = 0.4699
2026-04-15 23:44:20,382 f1_score = 0.4868 (threshold = -1.5947)
2026-04-15 23:44:20,383 Epoch 5: Train Loss 0.5996, Valid Loss 0.5491
2026-04-15 23:44:20,383 ----- Save best model - auprc: 0.4258 -----
2026-04-15 23:44:30,790 [[666 368]
 [ 23 141]]
2026-04-15 23:44:30,795 AUC of ROC = 0.8323
2026-04-15 23:44:30,795 AUC of PRC = 0.4570
2026-04-15 23:44:30,795 min(+P, Se) = 0.4535
2026-04-15 23:44:30,795 f1_score = 0.4879 (threshold = 0.9156)
2026-04-15 23:44:30,796 Epoch 6: Train Loss 0.5834, Valid Loss 0.5242
2026-04-15 23:44:30,796 ----- Save best model - auprc: 0.4570 -----
2026-04-15 23:44:40,754 [[818 216]
 [ 42 122]]
2026-04-15 23:44:40,758 AUC of ROC = 0.8452
2026-04-15 23:44:40,759 AUC of PRC = 0.4869
2026-04-15 23:44:40,759 min(+P, Se) = 0.4939
2026-04-15 23:44:40,759 f1_score = 0.5015 (threshold = 0.9009)
2026-04-15 23:44:40,760 Epoch 7: Train Loss 0.5365, Valid Loss 0.4809
2026-04-15 23:44:40,761 ----- Save best model - auprc: 0.4869 -----
2026-04-15 23:44:51,561 [[749 285]
 [ 26 138]]
2026-04-15 23:44:51,566 AUC of ROC = 0.8520
2026-04-15 23:44:51,566 AUC of PRC = 0.5048
2026-04-15 23:44:51,566 min(+P, Se) = 0.4817
2026-04-15 23:44:51,566 f1_score = 0.5202 (threshold = 0.6693)
2026-04-15 23:44:51,567 Epoch 8: Train Loss 0.5224, Valid Loss 0.4743
2026-04-15 23:44:51,567 ----- Save best model - auprc: 0.5048 -----
2026-04-15 23:45:02,423 [[767 267]
 [ 27 137]]
2026-04-15 23:45:02,428 AUC of ROC = 0.8596
2026-04-15 23:45:02,428 AUC of PRC = 0.5204
2026-04-15 23:45:02,429 min(+P, Se) = 0.4852
2026-04-15 23:45:02,429 f1_score = 0.5252 (threshold = 0.8820)
2026-04-15 23:45:02,429 Epoch 9: Train Loss 0.5112, Valid Loss 0.4600
2026-04-15 23:45:02,430 ----- Save best model - auprc: 0.5204 -----
2026-04-15 23:45:13,306 [[800 234]
 [ 32 132]]
2026-04-15 23:45:13,311 AUC of ROC = 0.8610
2026-04-15 23:45:13,311 AUC of PRC = 0.5176
2026-04-15 23:45:13,311 min(+P, Se) = 0.4940
2026-04-15 23:45:13,311 f1_score = 0.5217 (threshold = 0.4964)
2026-04-15 23:45:13,312 Epoch 10: Train Loss 0.5059, Valid Loss 0.4497
2026-04-15 23:45:23,821 [[751 283]
 [ 23 141]]
2026-04-15 23:45:23,825 AUC of ROC = 0.8632
2026-04-15 23:45:23,825 AUC of PRC = 0.5213
2026-04-15 23:45:23,826 min(+P, Se) = 0.4817
2026-04-15 23:45:23,826 f1_score = 0.5226 (threshold = 0.8445)
2026-04-15 23:45:23,826 Epoch 11: Train Loss 0.5035, Valid Loss 0.4567
2026-04-15 23:45:23,827 ----- Save best model - auprc: 0.5213 -----
2026-04-15 23:45:34,233 [[911 123]
 [ 64 100]]
2026-04-15 23:45:34,238 AUC of ROC = 0.8616
2026-04-15 23:45:34,238 AUC of PRC = 0.5107
2026-04-15 23:45:34,238 min(+P, Se) = 0.5000
2026-04-15 23:45:34,239 f1_score = 0.5109 (threshold = 0.4318)
2026-04-15 23:45:34,239 Epoch 12: Train Loss 0.4937, Valid Loss 0.4743
2026-04-15 23:45:45,417 [[785 249]
 [ 29 135]]
2026-04-15 23:45:45,422 AUC of ROC = 0.8669
2026-04-15 23:45:45,422 AUC of PRC = 0.5375
2026-04-15 23:45:45,423 min(+P, Se) = 0.5060
2026-04-15 23:45:45,423 f1_score = 0.5299 (threshold = 0.5586)
2026-04-15 23:45:45,423 Epoch 13: Train Loss 0.4983, Valid Loss 0.4443
2026-04-15 23:45:45,424 ----- Save best model - auprc: 0.5375 -----
2026-04-15 23:45:55,728 [[806 228]
 [ 30 134]]
2026-04-15 23:45:55,733 AUC of ROC = 0.8681
2026-04-15 23:45:55,733 AUC of PRC = 0.5320
2026-04-15 23:45:55,733 min(+P, Se) = 0.5000
2026-04-15 23:45:55,733 f1_score = 0.5401 (threshold = 0.8152)
2026-04-15 23:45:55,734 Epoch 14: Train Loss 0.4869, Valid Loss 0.4383
2026-04-15 23:46:05,951 [[784 250]
 [ 28 136]]
2026-04-15 23:46:05,955 AUC of ROC = 0.8629
2026-04-15 23:46:05,955 AUC of PRC = 0.5214
2026-04-15 23:46:05,955 min(+P, Se) = 0.5060
2026-04-15 23:46:05,956 f1_score = 0.5275 (threshold = 0.6934)
2026-04-15 23:46:05,956 Epoch 15: Train Loss 0.4798, Valid Loss 0.4478
2026-04-15 23:46:17,270 [[725 309]
 [ 21 143]]
2026-04-15 23:46:17,274 AUC of ROC = 0.8730
2026-04-15 23:46:17,275 AUC of PRC = 0.5357
2026-04-15 23:46:17,275 min(+P, Se) = 0.5305
2026-04-15 23:46:17,275 f1_score = 0.5651 (threshold = 0.9075)
2026-04-15 23:46:17,276 Epoch 16: Train Loss 0.4848, Valid Loss 0.4609
2026-04-15 23:46:28,611 [[904 130]
 [ 62 102]]
2026-04-15 23:46:28,616 AUC of ROC = 0.8706
2026-04-15 23:46:28,616 AUC of PRC = 0.5381
2026-04-15 23:46:28,616 min(+P, Se) = 0.5183
2026-04-15 23:46:28,617 f1_score = 0.5309 (threshold = 0.6124)
2026-04-15 23:46:28,617 Epoch 17: Train Loss 0.4656, Valid Loss 0.4592
2026-04-15 23:46:28,618 ----- Save best model - auprc: 0.5381 -----
2026-04-15 23:46:40,642 [[799 235]
 [ 28 136]]
2026-04-15 23:46:40,647 AUC of ROC = 0.8774
2026-04-15 23:46:40,647 AUC of PRC = 0.5577
2026-04-15 23:46:40,647 min(+P, Se) = 0.5488
2026-04-15 23:46:40,648 f1_score = 0.5577 (threshold = 0.7206)
2026-04-15 23:46:40,648 Epoch 18: Train Loss 0.4682, Valid Loss 0.4292
2026-04-15 23:46:40,649 ----- Save best model - auprc: 0.5577 -----
2026-04-15 23:46:51,993 [[761 273]
 [ 23 141]]
2026-04-15 23:46:51,997 AUC of ROC = 0.8702
2026-04-15 23:46:51,998 AUC of PRC = 0.5184
2026-04-15 23:46:51,998 min(+P, Se) = 0.5150
2026-04-15 23:46:51,998 f1_score = 0.5381 (threshold = 0.6985)
2026-04-15 23:46:51,999 Epoch 19: Train Loss 0.4715, Valid Loss 0.4534
2026-04-15 23:47:01,999 [[782 252]
 [ 23 141]]
2026-04-15 23:47:02,003 AUC of ROC = 0.8784
2026-04-15 23:47:02,003 AUC of PRC = 0.5567
2026-04-15 23:47:02,004 min(+P, Se) = 0.5482
2026-04-15 23:47:02,004 f1_score = 0.5736 (threshold = 0.8007)
2026-04-15 23:47:02,004 Epoch 20: Train Loss 0.4652, Valid Loss 0.4301
2026-04-15 23:47:12,335 [[790 244]
 [ 24 140]]
2026-04-15 23:47:12,339 AUC of ROC = 0.8758
2026-04-15 23:47:12,340 AUC of PRC = 0.5356
2026-04-15 23:47:12,340 min(+P, Se) = 0.5394
2026-04-15 23:47:12,340 f1_score = 0.5654 (threshold = 0.6308)
2026-04-15 23:47:12,340 Epoch 21: Train Loss 0.4630, Valid Loss 0.4343
2026-04-15 23:47:22,036 [[801 233]
 [ 29 135]]
2026-04-15 23:47:22,041 AUC of ROC = 0.8739
2026-04-15 23:47:22,041 AUC of PRC = 0.5442
2026-04-15 23:47:22,041 min(+P, Se) = 0.5314
2026-04-15 23:47:22,041 f1_score = 0.5756 (threshold = 0.6451)
2026-04-15 23:47:22,042 Epoch 22: Train Loss 0.4520, Valid Loss 0.4468
2026-04-15 23:47:32,940 [[794 240]
 [ 23 141]]
2026-04-15 23:47:32,945 AUC of ROC = 0.8778
2026-04-15 23:47:32,945 AUC of PRC = 0.5395
2026-04-15 23:47:32,945 min(+P, Se) = 0.5235
2026-04-15 23:47:32,945 f1_score = 0.5808 (threshold = 0.6930)
2026-04-15 23:47:32,946 Epoch 23: Train Loss 0.4515, Valid Loss 0.4345
2026-04-15 23:47:43,445 [[846 188]
 [ 30 134]]
2026-04-15 23:47:43,449 AUC of ROC = 0.8790
2026-04-15 23:47:43,449 AUC of PRC = 0.5418
2026-04-15 23:47:43,450 min(+P, Se) = 0.5333
2026-04-15 23:47:43,450 f1_score = 0.5590 (threshold = 0.6569)
2026-04-15 23:47:43,450 Epoch 24: Train Loss 0.4426, Valid Loss 0.4269
2026-04-15 23:47:54,967 [[865 169]
 [ 36 128]]
2026-04-15 23:47:54,971 AUC of ROC = 0.8775
2026-04-15 23:47:54,972 AUC of PRC = 0.5525
2026-04-15 23:47:54,972 min(+P, Se) = 0.5111
2026-04-15 23:47:54,972 f1_score = 0.5637 (threshold = 0.6233)
2026-04-15 23:47:54,972 Epoch 25: Train Loss 0.4471, Valid Loss 0.4302
2026-04-15 23:48:05,245 [[783 251]
 [ 26 138]]
2026-04-15 23:48:05,249 AUC of ROC = 0.8768
2026-04-15 23:48:05,249 AUC of PRC = 0.5456
2026-04-15 23:48:05,249 min(+P, Se) = 0.5255
2026-04-15 23:48:05,249 f1_score = 0.5730 (threshold = 0.8725)
2026-04-15 23:48:05,250 Epoch 26: Train Loss 0.4411, Valid Loss 0.4343
2026-04-15 23:48:16,536 [[870 164]
 [ 42 122]]
2026-04-15 23:48:16,541 AUC of ROC = 0.8793
2026-04-15 23:48:16,541 AUC of PRC = 0.5520
2026-04-15 23:48:16,542 min(+P, Se) = 0.5305
2026-04-15 23:48:16,542 f1_score = 0.5590 (threshold = 0.6052)
2026-04-15 23:48:16,542 Epoch 27: Train Loss 0.4391, Valid Loss 0.4288
2026-04-15 23:48:27,189 [[840 194]
 [ 29 135]]
2026-04-15 23:48:27,193 AUC of ROC = 0.8822
2026-04-15 23:48:27,193 AUC of PRC = 0.5589
2026-04-15 23:48:27,194 min(+P, Se) = 0.5543
2026-04-15 23:48:27,194 f1_score = 0.5870 (threshold = 0.6941)
2026-04-15 23:48:27,194 Epoch 28: Train Loss 0.4347, Valid Loss 0.4252
2026-04-15 23:48:27,195 ----- Save best model - auprc: 0.5589 -----
2026-04-15 23:48:38,057 [[762 272]
 [ 24 140]]
2026-04-15 23:48:38,062 AUC of ROC = 0.8816
2026-04-15 23:48:38,062 AUC of PRC = 0.5431
2026-04-15 23:48:38,062 min(+P, Se) = 0.5449
2026-04-15 23:48:38,062 f1_score = 0.5824 (threshold = 0.9648)
2026-04-15 23:48:38,063 Epoch 29: Train Loss 0.4287, Valid Loss 0.4349
2026-04-15 23:48:49,757 [[818 216]
 [ 27 137]]
2026-04-15 23:48:49,761 AUC of ROC = 0.8785
2026-04-15 23:48:49,761 AUC of PRC = 0.5432
2026-04-15 23:48:49,762 min(+P, Se) = 0.5444
2026-04-15 23:48:49,762 f1_score = 0.5796 (threshold = 0.7237)
2026-04-15 23:48:49,762 Epoch 30: Train Loss 0.4292, Valid Loss 0.4254
2026-04-15 23:49:01,014 [[844 190]
 [ 31 133]]
2026-04-15 23:49:01,019 AUC of ROC = 0.8793
2026-04-15 23:49:01,019 AUC of PRC = 0.5457
2026-04-15 23:49:01,020 min(+P, Se) = 0.5305
2026-04-15 23:49:01,020 f1_score = 0.5685 (threshold = 0.6734)
2026-04-15 23:49:01,020 Epoch 31: Train Loss 0.4282, Valid Loss 0.4239
2026-04-15 23:49:12,993 [[829 205]
 [ 28 136]]
2026-04-15 23:49:12,997 AUC of ROC = 0.8812
2026-04-15 23:49:12,998 AUC of PRC = 0.5472
2026-04-15 23:49:12,998 min(+P, Se) = 0.5402
2026-04-15 23:49:12,998 f1_score = 0.5812 (threshold = 0.6961)
2026-04-15 23:49:12,998 Epoch 32: Train Loss 0.4223, Valid Loss 0.4242
2026-04-15 23:49:23,852 [[838 196]
 [ 29 135]]
2026-04-15 23:49:23,857 AUC of ROC = 0.8821
2026-04-15 23:49:23,857 AUC of PRC = 0.5469
2026-04-15 23:49:23,858 min(+P, Se) = 0.5333
2026-04-15 23:49:23,858 f1_score = 0.5758 (threshold = 0.6589)
2026-04-15 23:49:23,858 Epoch 33: Train Loss 0.4244, Valid Loss 0.4221
2026-04-15 23:49:34,486 [[806 228]
 [ 25 139]]
2026-04-15 23:49:34,490 AUC of ROC = 0.8809
2026-04-15 23:49:34,490 AUC of PRC = 0.5450
2026-04-15 23:49:34,490 min(+P, Se) = 0.5341
2026-04-15 23:49:34,490 f1_score = 0.5747 (threshold = 0.5836)
2026-04-15 23:49:34,490 Epoch 34: Train Loss 0.4186, Valid Loss 0.4256
2026-04-15 23:49:45,285 [[822 212]
 [ 27 137]]
2026-04-15 23:49:45,289 AUC of ROC = 0.8808
2026-04-15 23:49:45,290 AUC of PRC = 0.5451
2026-04-15 23:49:45,290 min(+P, Se) = 0.5367
2026-04-15 23:49:45,290 f1_score = 0.5751 (threshold = 0.6921)
2026-04-15 23:49:45,290 Epoch 35: Train Loss 0.4193, Valid Loss 0.4248
2026-04-15 23:49:45,301 last saved model is in epoch 28
2026-04-15 23:49:46,238 [[833 176]
 [ 52 139]]
2026-04-15 23:49:46,242 AUC of ROC = 0.8532
2026-04-15 23:49:46,242 AUC of PRC = 0.5613
2026-04-15 23:49:46,243 min(+P, Se) = 0.5340
2026-04-15 23:49:46,243 f1_score = 0.5637 (threshold = 0.4210)
2026-04-15 23:49:46,243 Test Loss 0.4859
