2026-04-16 09:28:17,734 {
    "dataset": "c12",
    "data_dropout": 0.0,
    "epochs": 25,
    "lr": 0.001,
    "d_model": 32,
    "seed": 1,
    "batch_size": 64,
    "dropout": 0.1,
    "save_model": true,
    "save_dir": "./export/c12/smart-smile-v2-no-mnar-bias/seed_1",
    "local_rank": 0,
    "min_mask_ratio": 0.15,
    "max_mask_ratio": 0.75,
    "e_layers": 2,
    "n_heads": 4,
    "time_dim": 16,
    "use_film": false,
    "use_smile": false,
    "use_smile_film": false,
    "use_smile_v2": true,
    "use_smile_v2_film": false,
    "use_smile_lean": false,
    "use_smile_lean_samepretrain": false,
    "use_smile_lean_v2": false,
    "use_mnar": false,
    "save_last": true,
    "smile_no_mnar": false,
    "smile_no_curriculum": false,
    "smile_mask_type": "all",
    "smile_mnar_dropout": 0.05,
    "obs_density_window": 5,
    "abl_no_density": false,
    "abl_no_mnar_bias": true,
    "abl_no_film": false,
    "abl_no_time_mnar": false,
    "abl_no_time_pe": false,
    "abl_no_cross_attn": false,
    "abl_no_mnar_cls": false,
    "pretrain_mask_mode": "fixed",
    "ratio_temperature": 1.0,
    "smile_stratified": false,
    "smile_mask_weights": null
}
2026-04-16 09:28:19,366 Dataset Loaded.
2026-04-16 09:28:19,366 system_groups: {'Vital_Invasive': 3, 'Blood_Gas': 4, 'Electrolyte': 5, 'Liver_Enzyme': 6, 'CBC': 3, 'Oxygenation': 3, 'Metabolic': 2}
2026-04-16 09:28:36,218 Epoch 1: Train Loss 6.9249, Valid Loss 2.5661, EMA Val 2.5661
2026-04-16 09:28:51,020 Epoch 2: Train Loss 2.4223, Valid Loss 1.5250, EMA Val 2.2538
2026-04-16 09:29:05,089 Epoch 3: Train Loss 1.5609, Valid Loss 1.0306, EMA Val 1.8868
2026-04-16 09:29:19,625 Epoch 4: Train Loss 1.1219, Valid Loss 0.8192, EMA Val 1.5665
2026-04-16 09:29:33,628 Epoch 5: Train Loss 0.9219, Valid Loss 0.6576, EMA Val 1.2938
2026-04-16 09:29:47,986 Epoch 6: Train Loss 0.7891, Valid Loss 0.5889, EMA Val 1.0823
2026-04-16 09:30:02,434 Epoch 7: Train Loss 0.7267, Valid Loss 0.5627, EMA Val 0.9265
2026-04-16 09:30:16,317 Epoch 8: Train Loss 0.6642, Valid Loss 0.5336, EMA Val 0.8086
2026-04-16 09:30:30,540 Epoch 9: Train Loss 0.6407, Valid Loss 0.5087, EMA Val 0.7186
2026-04-16 09:30:44,638 Epoch 10: Train Loss 0.6314, Valid Loss 0.5008, EMA Val 0.6533
2026-04-16 09:30:58,573 Epoch 11: Train Loss 0.5956, Valid Loss 0.4864, EMA Val 0.6032
2026-04-16 09:31:12,268 Epoch 12: Train Loss 0.6020, Valid Loss 0.4845, EMA Val 0.5676
2026-04-16 09:31:25,953 Epoch 13: Train Loss 0.5949, Valid Loss 0.4989, EMA Val 0.5470
2026-04-16 09:31:41,304 Epoch 14: Train Loss 0.5648, Valid Loss 0.5035, EMA Val 0.5339
2026-04-16 09:31:56,035 Epoch 15: Train Loss 0.5829, Valid Loss 0.4862, EMA Val 0.5196
2026-04-16 09:32:10,640 Epoch 16: Train Loss 0.5561, Valid Loss 0.4813, EMA Val 0.5081
2026-04-16 09:32:24,988 Epoch 17: Train Loss 0.5439, Valid Loss 0.4908, EMA Val 0.5029
2026-04-16 09:32:39,815 Epoch 18: Train Loss 0.5433, Valid Loss 0.5104, EMA Val 0.5052
2026-04-16 09:32:54,383 Epoch 19: Train Loss 0.5649, Valid Loss 0.4741, EMA Val 0.4958
2026-04-16 09:33:09,104 Epoch 20: Train Loss 0.5349, Valid Loss 0.4755, EMA Val 0.4897
2026-04-16 09:33:23,200 Epoch 21: Train Loss 0.5539, Valid Loss 0.5500, EMA Val 0.5078
2026-04-16 09:33:37,019 Epoch 22: Train Loss 0.5445, Valid Loss 0.5140, EMA Val 0.5097
2026-04-16 09:33:50,833 Epoch 23: Train Loss 0.5332, Valid Loss 0.4997, EMA Val 0.5067
2026-04-16 09:34:04,680 Epoch 24: Train Loss 0.5460, Valid Loss 0.6135, EMA Val 0.5387
2026-04-16 09:34:18,635 Epoch 25: Train Loss 0.5517, Valid Loss 0.4912, EMA Val 0.5244
2026-04-16 09:34:18,636 ----- Save last epoch model - L1: 0.5244 -----
2026-04-16 09:34:18,681 last saved model is in epoch 25
2026-04-16 09:34:19,778 Test Loss 0.5287
2026-04-16 09:34:24,721 {
    "dataset": "c12",
    "data_dropout": 0.0,
    "epochs": 35,
    "freeze_epochs": 5,
    "lr": 0.001,
    "d_model": 32,
    "seed": 1,
    "batch_size": 64,
    "dropout": 0.1,
    "save_model": true,
    "save_dir": "./export/c12/smart-smile-v2-no-mnar-bias/seed_1",
    "pretrain_dir": null,
    "local_rank": 0,
    "e_layers": 2,
    "n_heads": 4,
    "time_dim": 16,
    "use_film": false,
    "use_smile": false,
    "use_smile_film": false,
    "use_mnar": false,
    "use_smile_v2": true,
    "use_smile_v2_film": false,
    "use_smile_lean": false,
    "use_smile_lean_samepretrain": false,
    "use_smile_lean_v2": false,
    "obs_density_window": 5,
    "abl_no_density": false,
    "abl_no_mnar_bias": true,
    "abl_no_film": false,
    "abl_no_time_mnar": false,
    "abl_no_time_pe": false,
    "abl_no_cross_attn": false,
    "abl_no_mnar_cls": false,
    "smile_no_mnar": false,
    "smile_no_curriculum": false,
    "smile_mask_type": "all",
    "smile_mnar_dropout": 0.05,
    "smile_mnar_dropout_initial": 0.0,
    "smile_stratified": false
}
2026-04-16 09:34:26,433 Dataset Loaded.
2026-04-16 09:34:28,445 Class weights: [0.5820587277412415, 3.546597719192505]
2026-04-16 09:34:28,468 last saved model is in epoch 25
2026-04-16 09:34:38,071 [[700 334]
 [ 31 133]]
2026-04-16 09:34:38,075 AUC of ROC = 0.7476
2026-04-16 09:34:38,076 AUC of PRC = 0.3405
2026-04-16 09:34:38,076 min(+P, Se) = 0.3609
2026-04-16 09:34:38,076 f1_score = 0.3899 (threshold = 0.1361)
2026-04-16 09:34:38,077 Epoch 1: Train Loss 0.6970, Valid Loss 0.5447
2026-04-16 09:34:38,077 ----- Save best model - auprc: 0.3405 -----
2026-04-16 09:34:46,533 [[1009   25]
 [ 133   31]]
2026-04-16 09:34:46,538 AUC of ROC = 0.7440
2026-04-16 09:34:46,538 AUC of PRC = 0.3209
2026-04-16 09:34:46,538 min(+P, Se) = 0.3780
2026-04-16 09:34:46,538 f1_score = 0.3883 (threshold = -0.8540)
2026-04-16 09:34:46,539 Epoch 2: Train Loss 0.6217, Valid Loss 0.8091
2026-04-16 09:34:55,179 [[781 253]
 [ 43 121]]
2026-04-16 09:34:55,183 AUC of ROC = 0.7662
2026-04-16 09:34:55,183 AUC of PRC = 0.3735
2026-04-16 09:34:55,183 min(+P, Se) = 0.3963
2026-04-16 09:34:55,184 f1_score = 0.4176 (threshold = -0.0418)
2026-04-16 09:34:55,184 Epoch 3: Train Loss 0.6068, Valid Loss 0.5063
2026-04-16 09:34:55,185 ----- Save best model - auprc: 0.3735 -----
2026-04-16 09:35:04,470 [[552 482]
 [ 12 152]]
2026-04-16 09:35:04,475 AUC of ROC = 0.7852
2026-04-16 09:35:04,475 AUC of PRC = 0.4002
2026-04-16 09:35:04,475 min(+P, Se) = 0.4107
2026-04-16 09:35:04,475 f1_score = 0.4308 (threshold = 0.2269)
2026-04-16 09:35:04,475 Epoch 4: Train Loss 0.5955, Valid Loss 0.5774
2026-04-16 09:35:04,476 ----- Save best model - auprc: 0.4002 -----
2026-04-16 09:35:12,770 [[770 264]
 [ 34 130]]
2026-04-16 09:35:12,775 AUC of ROC = 0.8030
2026-04-16 09:35:12,775 AUC of PRC = 0.4253
2026-04-16 09:35:12,775 min(+P, Se) = 0.4329
2026-04-16 09:35:12,775 f1_score = 0.4444 (threshold = 0.4100)
2026-04-16 09:35:12,776 Epoch 5: Train Loss 0.5952, Valid Loss 0.5042
2026-04-16 09:35:12,777 ----- Save best model - auprc: 0.4253 -----
2026-04-16 09:35:25,087 [[694 340]
 [ 27 137]]
2026-04-16 09:35:25,091 AUC of ROC = 0.8483
2026-04-16 09:35:25,091 AUC of PRC = 0.4761
2026-04-16 09:35:25,092 min(+P, Se) = 0.5000
2026-04-16 09:35:25,092 f1_score = 0.5183 (threshold = 0.1249)
2026-04-16 09:35:25,092 Epoch 6: Train Loss 0.5736, Valid Loss 0.4996
2026-04-16 09:35:25,093 ----- Save best model - auprc: 0.4761 -----
2026-04-16 09:35:37,784 [[785 249]
 [ 34 130]]
2026-04-16 09:35:37,788 AUC of ROC = 0.8616
2026-04-16 09:35:37,789 AUC of PRC = 0.4929
2026-04-16 09:35:37,789 min(+P, Se) = 0.5120
2026-04-16 09:35:37,789 f1_score = 0.5226 (threshold = 0.3055)
2026-04-16 09:35:37,789 Epoch 7: Train Loss 0.5405, Valid Loss 0.4729
2026-04-16 09:35:37,790 ----- Save best model - auprc: 0.4929 -----
2026-04-16 09:35:50,762 [[747 287]
 [ 31 133]]
2026-04-16 09:35:50,767 AUC of ROC = 0.8626
2026-04-16 09:35:50,767 AUC of PRC = 0.5054
2026-04-16 09:35:50,767 min(+P, Se) = 0.5210
2026-04-16 09:35:50,767 f1_score = 0.5460 (threshold = 0.4284)
2026-04-16 09:35:50,768 Epoch 8: Train Loss 0.5272, Valid Loss 0.4789
2026-04-16 09:35:50,768 ----- Save best model - auprc: 0.5054 -----
2026-04-16 09:36:03,619 [[753 281]
 [ 28 136]]
2026-04-16 09:36:03,624 AUC of ROC = 0.8636
2026-04-16 09:36:03,624 AUC of PRC = 0.5138
2026-04-16 09:36:03,625 min(+P, Se) = 0.5301
2026-04-16 09:36:03,625 f1_score = 0.5389 (threshold = 0.6141)
2026-04-16 09:36:03,625 Epoch 9: Train Loss 0.5040, Valid Loss 0.4630
2026-04-16 09:36:03,626 ----- Save best model - auprc: 0.5138 -----
2026-04-16 09:36:16,804 [[633 401]
 [ 12 152]]
2026-04-16 09:36:16,809 AUC of ROC = 0.8713
2026-04-16 09:36:16,809 AUC of PRC = 0.5411
2026-04-16 09:36:16,809 min(+P, Se) = 0.5212
2026-04-16 09:36:16,809 f1_score = 0.5476 (threshold = 0.5488)
2026-04-16 09:36:16,810 Epoch 10: Train Loss 0.4970, Valid Loss 0.5019
2026-04-16 09:36:16,810 ----- Save best model - auprc: 0.5411 -----
2026-04-16 09:36:29,454 [[861 173]
 [ 40 124]]
2026-04-16 09:36:29,459 AUC of ROC = 0.8668
2026-04-16 09:36:29,459 AUC of PRC = 0.4998
2026-04-16 09:36:29,459 min(+P, Se) = 0.5030
2026-04-16 09:36:29,459 f1_score = 0.5327 (threshold = -0.5052)
2026-04-16 09:36:29,460 Epoch 11: Train Loss 0.5086, Valid Loss 0.4481
2026-04-16 09:36:42,424 [[774 260]
 [ 23 141]]
2026-04-16 09:36:42,429 AUC of ROC = 0.8800
2026-04-16 09:36:42,429 AUC of PRC = 0.5268
2026-04-16 09:36:42,429 min(+P, Se) = 0.5556
2026-04-16 09:36:42,429 f1_score = 0.5672 (threshold = 0.2472)
2026-04-16 09:36:42,430 Epoch 12: Train Loss 0.4930, Valid Loss 0.4463
2026-04-16 09:36:55,120 [[879 155]
 [ 50 114]]
2026-04-16 09:36:55,124 AUC of ROC = 0.8802
2026-04-16 09:36:55,124 AUC of PRC = 0.5296
2026-04-16 09:36:55,125 min(+P, Se) = 0.5595
2026-04-16 09:36:55,125 f1_score = 0.5895 (threshold = 0.0164)
2026-04-16 09:36:55,125 Epoch 13: Train Loss 0.4887, Valid Loss 0.4451
2026-04-16 09:37:07,268 [[863 171]
 [ 44 120]]
2026-04-16 09:37:07,273 AUC of ROC = 0.8770
2026-04-16 09:37:07,273 AUC of PRC = 0.5195
2026-04-16 09:37:07,273 min(+P, Se) = 0.5427
2026-04-16 09:37:07,273 f1_score = 0.5594 (threshold = 0.2690)
2026-04-16 09:37:07,274 Epoch 14: Train Loss 0.4857, Valid Loss 0.4498
2026-04-16 09:37:20,443 [[821 213]
 [ 32 132]]
2026-04-16 09:37:20,448 AUC of ROC = 0.8762
2026-04-16 09:37:20,448 AUC of PRC = 0.5149
2026-04-16 09:37:20,448 min(+P, Se) = 0.5233
2026-04-16 09:37:20,448 f1_score = 0.5534 (threshold = -0.0016)
2026-04-16 09:37:20,449 Epoch 15: Train Loss 0.4894, Valid Loss 0.4419
2026-04-16 09:37:33,122 [[869 165]
 [ 48 116]]
2026-04-16 09:37:33,126 AUC of ROC = 0.8779
2026-04-16 09:37:33,126 AUC of PRC = 0.5280
2026-04-16 09:37:33,127 min(+P, Se) = 0.5212
2026-04-16 09:37:33,127 f1_score = 0.5580 (threshold = 0.0262)
2026-04-16 09:37:33,127 Epoch 16: Train Loss 0.4722, Valid Loss 0.4415
2026-04-16 09:37:44,906 [[752 282]
 [ 20 144]]
2026-04-16 09:37:44,910 AUC of ROC = 0.8817
2026-04-16 09:37:44,910 AUC of PRC = 0.5461
2026-04-16 09:37:44,911 min(+P, Se) = 0.5488
2026-04-16 09:37:44,911 f1_score = 0.5615 (threshold = 0.7674)
2026-04-16 09:37:44,911 Epoch 17: Train Loss 0.4737, Valid Loss 0.4466
2026-04-16 09:37:44,912 ----- Save best model - auprc: 0.5461 -----
2026-04-16 09:37:56,968 [[809 225]
 [ 34 130]]
2026-04-16 09:37:56,972 AUC of ROC = 0.8817
2026-04-16 09:37:56,972 AUC of PRC = 0.5496
2026-04-16 09:37:56,972 min(+P, Se) = 0.5602
2026-04-16 09:37:56,972 f1_score = 0.5689 (threshold = 0.4187)
2026-04-16 09:37:56,973 Epoch 18: Train Loss 0.4744, Valid Loss 0.4329
2026-04-16 09:37:56,974 ----- Save best model - auprc: 0.5496 -----
2026-04-16 09:38:10,343 [[728 306]
 [ 18 146]]
2026-04-16 09:38:10,347 AUC of ROC = 0.8828
2026-04-16 09:38:10,348 AUC of PRC = 0.5406
2026-04-16 09:38:10,348 min(+P, Se) = 0.5549
2026-04-16 09:38:10,348 f1_score = 0.5669 (threshold = 0.3665)
2026-04-16 09:38:10,349 Epoch 19: Train Loss 0.4732, Valid Loss 0.4607
2026-04-16 09:38:23,416 [[713 321]
 [ 17 147]]
2026-04-16 09:38:23,422 AUC of ROC = 0.8864
2026-04-16 09:38:23,422 AUC of PRC = 0.5519
2026-04-16 09:38:23,422 min(+P, Se) = 0.5427
2026-04-16 09:38:23,422 f1_score = 0.5833 (threshold = 0.5505)
2026-04-16 09:38:23,423 Epoch 20: Train Loss 0.4672, Valid Loss 0.4570
2026-04-16 09:38:23,423 ----- Save best model - auprc: 0.5519 -----
2026-04-16 09:38:35,179 [[773 261]
 [ 27 137]]
2026-04-16 09:38:35,184 AUC of ROC = 0.8806
2026-04-16 09:38:35,184 AUC of PRC = 0.5380
2026-04-16 09:38:35,184 min(+P, Se) = 0.5449
2026-04-16 09:38:35,185 f1_score = 0.5849 (threshold = 0.3592)
2026-04-16 09:38:35,185 Epoch 21: Train Loss 0.4616, Valid Loss 0.4422
2026-04-16 09:38:45,868 [[784 250]
 [ 24 140]]
2026-04-16 09:38:45,872 AUC of ROC = 0.8841
2026-04-16 09:38:45,873 AUC of PRC = 0.5344
2026-04-16 09:38:45,873 min(+P, Se) = 0.5449
2026-04-16 09:38:45,873 f1_score = 0.5734 (threshold = 0.1528)
2026-04-16 09:38:45,874 Epoch 22: Train Loss 0.4556, Valid Loss 0.4328
2026-04-16 09:38:58,425 [[798 236]
 [ 26 138]]
2026-04-16 09:38:58,430 AUC of ROC = 0.8824
2026-04-16 09:38:58,430 AUC of PRC = 0.5427
2026-04-16 09:38:58,430 min(+P, Se) = 0.5471
2026-04-16 09:38:58,430 f1_score = 0.5569 (threshold = 0.3540)
2026-04-16 09:38:58,431 Epoch 23: Train Loss 0.4545, Valid Loss 0.4308
2026-04-16 09:39:10,407 [[797 237]
 [ 22 142]]
2026-04-16 09:39:10,411 AUC of ROC = 0.8837
2026-04-16 09:39:10,411 AUC of PRC = 0.5492
2026-04-16 09:39:10,412 min(+P, Se) = 0.5349
2026-04-16 09:39:10,412 f1_score = 0.5729 (threshold = 0.2315)
2026-04-16 09:39:10,412 Epoch 24: Train Loss 0.4503, Valid Loss 0.4314
2026-04-16 09:39:22,020 [[782 252]
 [ 24 140]]
2026-04-16 09:39:22,024 AUC of ROC = 0.8833
2026-04-16 09:39:22,025 AUC of PRC = 0.5461
2026-04-16 09:39:22,025 min(+P, Se) = 0.5212
2026-04-16 09:39:22,025 f1_score = 0.5787 (threshold = 0.2397)
2026-04-16 09:39:22,025 Epoch 25: Train Loss 0.4445, Valid Loss 0.4305
2026-04-16 09:39:35,009 [[852 182]
 [ 38 126]]
2026-04-16 09:39:35,013 AUC of ROC = 0.8840
2026-04-16 09:39:35,014 AUC of PRC = 0.5472
2026-04-16 09:39:35,014 min(+P, Se) = 0.5549
2026-04-16 09:39:35,014 f1_score = 0.5745 (threshold = 0.1180)
2026-04-16 09:39:35,014 Epoch 26: Train Loss 0.4442, Valid Loss 0.4288
2026-04-16 09:39:47,460 [[802 232]
 [ 27 137]]
2026-04-16 09:39:47,464 AUC of ROC = 0.8834
2026-04-16 09:39:47,464 AUC of PRC = 0.5413
2026-04-16 09:39:47,464 min(+P, Se) = 0.5488
2026-04-16 09:39:47,465 f1_score = 0.5831 (threshold = 0.2516)
2026-04-16 09:39:47,465 Epoch 27: Train Loss 0.4465, Valid Loss 0.4295
2026-04-16 09:39:58,727 [[730 304]
 [ 18 146]]
2026-04-16 09:39:58,732 AUC of ROC = 0.8856
2026-04-16 09:39:58,732 AUC of PRC = 0.5420
2026-04-16 09:39:58,732 min(+P, Se) = 0.5333
2026-04-16 09:39:58,732 f1_score = 0.5681 (threshold = 0.3345)
2026-04-16 09:39:58,733 Epoch 28: Train Loss 0.4363, Valid Loss 0.4445
2026-04-16 09:40:10,793 [[831 203]
 [ 36 128]]
2026-04-16 09:40:10,797 AUC of ROC = 0.8805
2026-04-16 09:40:10,798 AUC of PRC = 0.5460
2026-04-16 09:40:10,798 min(+P, Se) = 0.5449
2026-04-16 09:40:10,798 f1_score = 0.5714 (threshold = 0.2852)
2026-04-16 09:40:10,799 Epoch 29: Train Loss 0.4371, Valid Loss 0.4289
2026-04-16 09:40:23,725 [[831 203]
 [ 33 131]]
2026-04-16 09:40:23,730 AUC of ROC = 0.8826
2026-04-16 09:40:23,730 AUC of PRC = 0.5476
2026-04-16 09:40:23,730 min(+P, Se) = 0.5549
2026-04-16 09:40:23,730 f1_score = 0.5647 (threshold = 0.2717)
2026-04-16 09:40:23,731 Epoch 30: Train Loss 0.4327, Valid Loss 0.4274
2026-04-16 09:40:36,759 [[820 214]
 [ 31 133]]
2026-04-16 09:40:36,763 AUC of ROC = 0.8819
2026-04-16 09:40:36,763 AUC of PRC = 0.5493
2026-04-16 09:40:36,763 min(+P, Se) = 0.5576
2026-04-16 09:40:36,763 f1_score = 0.5651 (threshold = 0.2905)
2026-04-16 09:40:36,764 Epoch 31: Train Loss 0.4274, Valid Loss 0.4284
2026-04-16 09:40:49,877 [[823 211]
 [ 30 134]]
2026-04-16 09:40:49,881 AUC of ROC = 0.8820
2026-04-16 09:40:49,882 AUC of PRC = 0.5492
2026-04-16 09:40:49,882 min(+P, Se) = 0.5455
2026-04-16 09:40:49,882 f1_score = 0.5693 (threshold = 0.1402)
2026-04-16 09:40:49,882 Epoch 32: Train Loss 0.4279, Valid Loss 0.4281
2026-04-16 09:41:02,680 [[800 234]
 [ 29 135]]
2026-04-16 09:41:02,684 AUC of ROC = 0.8812
2026-04-16 09:41:02,684 AUC of PRC = 0.5469
2026-04-16 09:41:02,684 min(+P, Se) = 0.5427
2026-04-16 09:41:02,685 f1_score = 0.5644 (threshold = 0.2318)
2026-04-16 09:41:02,685 Epoch 33: Train Loss 0.4238, Valid Loss 0.4310
2026-04-16 09:41:14,728 [[805 229]
 [ 29 135]]
2026-04-16 09:41:14,732 AUC of ROC = 0.8806
2026-04-16 09:41:14,733 AUC of PRC = 0.5453
2026-04-16 09:41:14,733 min(+P, Se) = 0.5427
2026-04-16 09:41:14,733 f1_score = 0.5633 (threshold = 0.2612)
2026-04-16 09:41:14,734 Epoch 34: Train Loss 0.4262, Valid Loss 0.4311
2026-04-16 09:41:25,736 [[813 221]
 [ 30 134]]
2026-04-16 09:41:25,740 AUC of ROC = 0.8806
2026-04-16 09:41:25,741 AUC of PRC = 0.5456
2026-04-16 09:41:25,741 min(+P, Se) = 0.5427
2026-04-16 09:41:25,741 f1_score = 0.5661 (threshold = 0.2264)
2026-04-16 09:41:25,741 Epoch 35: Train Loss 0.4267, Valid Loss 0.4299
2026-04-16 09:41:25,753 last saved model is in epoch 20
2026-04-16 09:41:26,627 [[702 307]
 [ 29 162]]
2026-04-16 09:41:26,630 AUC of ROC = 0.8607
2026-04-16 09:41:26,631 AUC of PRC = 0.5747
2026-04-16 09:41:26,631 min(+P, Se) = 0.5573
2026-04-16 09:41:26,631 f1_score = 0.5587 (threshold = 0.5099)
2026-04-16 09:41:26,632 Test Loss 0.4693
