2026-03-18 17:34:38,071 {
    "dataset": "c12",
    "data_dropout": 0.0,
    "epochs": 25,
    "lr": 0.001,
    "d_model": 32,
    "seed": 3407,
    "batch_size": 64,
    "dropout": 0.1,
    "save_model": true,
    "save_dir": "./export/c12\\smart-smile-lean\\seed_3407",
    "local_rank": 0,
    "min_mask_ratio": 0.0,
    "max_mask_ratio": 0.75,
    "e_layers": 2,
    "n_heads": 4,
    "time_dim": 16,
    "use_film": false,
    "use_smile": false,
    "use_smile_film": false,
    "use_smile_v2": false,
    "use_smile_v2_film": false,
    "use_smile_lean": true,
    "use_smile_lean_samepretrain": false,
    "use_mnar": false,
    "save_last": false,
    "smile_no_mnar": false,
    "smile_no_curriculum": false,
    "smile_mask_type": "all",
    "smile_mnar_dropout": 0.05,
    "obs_density_window": 5,
    "pretrain_mask_mode": "fixed",
    "ratio_temperature": 1.0
}
2026-03-18 17:34:39,584 Dataset Loaded.
2026-03-18 17:34:39,584 system_groups: {'Vital_Invasive': 3, 'Blood_Gas': 4, 'Electrolyte': 5, 'Liver_Enzyme': 6, 'CBC': 3, 'Vital_Basic': 3, 'Renal': 2, 'Coagulation': 3, 'Oxygenation': 3, 'Metabolic': 2}
2026-03-18 17:35:12,828 Epoch 1: Train Loss 4.9766, Valid Loss 1.8707, EMA Val 1.8707
2026-03-18 17:35:12,829 ----- Save best model - L1: 1.8707 -----
2026-03-18 17:35:44,400 Epoch 2: Train Loss 1.8514, Valid Loss 1.1862, EMA Val 1.6654
2026-03-18 17:35:44,401 ----- Save best model - L1: 1.6654 -----
2026-03-18 17:36:16,913 Epoch 3: Train Loss 1.3189, Valid Loss 0.9099, EMA Val 1.4387
2026-03-18 17:36:16,914 ----- Save best model - L1: 1.4387 -----
2026-03-18 17:36:51,384 Epoch 4: Train Loss 1.0938, Valid Loss 0.7682, EMA Val 1.2375
2026-03-18 17:36:51,385 ----- Save best model - L1: 1.2375 -----
2026-03-18 17:37:29,282 Epoch 5: Train Loss 0.9720, Valid Loss 0.7212, EMA Val 1.0826
2026-03-18 17:37:29,282 ----- Save best model - L1: 1.0826 -----
2026-03-18 17:38:02,809 Epoch 6: Train Loss 0.9158, Valid Loss 0.6896, EMA Val 0.9647
2026-03-18 17:38:02,810 ----- Save best model - L1: 0.9647 -----
2026-03-18 17:38:37,263 Epoch 7: Train Loss 0.8452, Valid Loss 0.6353, EMA Val 0.8659
2026-03-18 17:38:37,263 ----- Save best model - L1: 0.8659 -----
2026-03-18 17:42:41,453 {
    "dataset": "c12",
    "data_dropout": 0.0,
    "epochs": 25,
    "lr": 0.001,
    "d_model": 32,
    "seed": 3407,
    "batch_size": 64,
    "dropout": 0.1,
    "save_model": true,
    "save_dir": "./export/c12\\smart-smile-lean\\seed_3407",
    "local_rank": 0,
    "min_mask_ratio": 0.0,
    "max_mask_ratio": 0.75,
    "e_layers": 2,
    "n_heads": 4,
    "time_dim": 16,
    "use_film": false,
    "use_smile": false,
    "use_smile_film": false,
    "use_smile_v2": false,
    "use_smile_v2_film": false,
    "use_smile_lean": true,
    "use_smile_lean_samepretrain": false,
    "use_mnar": false,
    "save_last": false,
    "smile_no_mnar": false,
    "smile_no_curriculum": false,
    "smile_mask_type": "all",
    "smile_mnar_dropout": 0.05,
    "obs_density_window": 5,
    "pretrain_mask_mode": "fixed",
    "ratio_temperature": 1.0
}
2026-03-18 17:42:43,402 Dataset Loaded.
2026-03-18 17:42:43,403 system_groups: {'Vital_Invasive': 3, 'Blood_Gas': 4, 'Electrolyte': 5, 'Liver_Enzyme': 6, 'CBC': 3, 'Vital_Basic': 3, 'Renal': 2, 'Coagulation': 3, 'Oxygenation': 3, 'Metabolic': 2}
2026-03-18 17:43:07,997 Epoch 1: Train Loss 4.9766, Valid Loss 1.8707, EMA Val 1.8707
2026-03-18 17:43:07,998 ----- Save best model - L1: 1.8707 -----
2026-03-18 17:43:30,008 Epoch 2: Train Loss 1.8514, Valid Loss 1.1862, EMA Val 1.6654
2026-03-18 17:43:30,009 ----- Save best model - L1: 1.6654 -----
2026-03-18 17:43:52,008 Epoch 3: Train Loss 1.3189, Valid Loss 0.9099, EMA Val 1.4387
2026-03-18 17:43:52,009 ----- Save best model - L1: 1.4387 -----
2026-03-18 17:44:14,069 Epoch 4: Train Loss 1.0938, Valid Loss 0.7682, EMA Val 1.2375
2026-03-18 17:44:14,070 ----- Save best model - L1: 1.2375 -----
2026-03-18 17:44:35,988 Epoch 5: Train Loss 0.9720, Valid Loss 0.7212, EMA Val 1.0826
2026-03-18 17:44:35,989 ----- Save best model - L1: 1.0826 -----
2026-03-18 17:44:58,139 Epoch 6: Train Loss 0.9158, Valid Loss 0.6896, EMA Val 0.9647
2026-03-18 17:44:58,140 ----- Save best model - L1: 0.9647 -----
2026-03-18 17:45:19,995 Epoch 7: Train Loss 0.8452, Valid Loss 0.6353, EMA Val 0.8659
2026-03-18 17:45:19,995 ----- Save best model - L1: 0.8659 -----
2026-03-18 17:45:42,190 Epoch 8: Train Loss 0.8550, Valid Loss 0.6484, EMA Val 0.8006
2026-03-18 17:45:42,191 ----- Save best model - L1: 0.8006 -----
2026-03-18 17:46:04,288 Epoch 9: Train Loss 0.8057, Valid Loss 0.6119, EMA Val 0.7440
2026-03-18 17:46:04,288 ----- Save best model - L1: 0.7440 -----
2026-03-18 17:46:26,449 Epoch 10: Train Loss 0.8239, Valid Loss 0.5700, EMA Val 0.6918
2026-03-18 17:46:26,450 ----- Save best model - L1: 0.6918 -----
2026-03-18 17:46:48,456 Epoch 11: Train Loss 0.7438, Valid Loss 0.5686, EMA Val 0.6549
2026-03-18 17:46:48,457 ----- Save best model - L1: 0.6549 -----
2026-03-18 17:47:10,581 Epoch 12: Train Loss 0.7347, Valid Loss 0.6143, EMA Val 0.6427
2026-03-18 17:47:10,581 ----- Save best model - L1: 0.6427 -----
2026-03-18 17:47:32,690 Epoch 13: Train Loss 0.7453, Valid Loss 0.5564, EMA Val 0.6168
2026-03-18 17:47:32,690 ----- Save best model - L1: 0.6168 -----
2026-03-18 17:47:54,709 Epoch 14: Train Loss 0.7086, Valid Loss 0.5405, EMA Val 0.5939
2026-03-18 17:47:54,710 ----- Save best model - L1: 0.5939 -----
2026-03-18 17:48:16,955 Epoch 15: Train Loss 0.7243, Valid Loss 0.5463, EMA Val 0.5796
2026-03-18 17:48:16,956 ----- Save best model - L1: 0.5796 -----
2026-03-18 17:48:39,235 Epoch 16: Train Loss 0.7206, Valid Loss 0.5479, EMA Val 0.5701
2026-03-18 17:48:39,236 ----- Save best model - L1: 0.5701 -----
2026-03-18 17:49:01,306 Epoch 17: Train Loss 0.7078, Valid Loss 0.5697, EMA Val 0.5700
2026-03-18 17:49:01,307 ----- Save best model - L1: 0.5700 -----
2026-03-18 17:49:23,517 Epoch 18: Train Loss 0.7139, Valid Loss 0.6154, EMA Val 0.5836
2026-03-18 17:49:45,826 Epoch 19: Train Loss 0.7225, Valid Loss 0.5292, EMA Val 0.5673
2026-03-18 17:49:45,827 ----- Save best model - L1: 0.5673 -----
2026-03-18 17:50:08,138 Epoch 20: Train Loss 0.7358, Valid Loss 0.5496, EMA Val 0.5620
2026-03-18 17:50:08,139 ----- Save best model - L1: 0.5620 -----
2026-03-18 17:50:30,496 Epoch 21: Train Loss 0.7524, Valid Loss 0.5703, EMA Val 0.5645
2026-03-18 17:50:52,870 Epoch 22: Train Loss 0.7296, Valid Loss 0.5983, EMA Val 0.5746
2026-03-18 17:51:15,170 Epoch 23: Train Loss 0.7741, Valid Loss 0.5800, EMA Val 0.5762
2026-03-18 17:51:37,471 Epoch 24: Train Loss 0.7543, Valid Loss 0.5692, EMA Val 0.5741
2026-03-18 17:52:00,172 Epoch 25: Train Loss 0.7268, Valid Loss 0.5657, EMA Val 0.5716
2026-03-18 17:52:00,196 last saved model is in epoch 20
2026-03-18 17:52:01,747 Test Loss 0.6136
2026-03-18 17:52:06,560 {
    "dataset": "c12",
    "data_dropout": 0.0,
    "epochs": 25,
    "lr": 0.001,
    "d_model": 32,
    "seed": 3407,
    "batch_size": 64,
    "dropout": 0.1,
    "save_model": true,
    "save_dir": "./export/c12\\smart-smile-lean\\seed_3407",
    "local_rank": 0,
    "min_mask_ratio": 0.0,
    "max_mask_ratio": 0.75,
    "e_layers": 2,
    "n_heads": 4,
    "time_dim": 16,
    "use_film": false,
    "use_smile": false,
    "use_smile_film": false,
    "use_smile_v2": false,
    "use_smile_v2_film": false,
    "use_smile_lean": true,
    "use_smile_lean_samepretrain": false,
    "use_mnar": false,
    "save_last": false,
    "smile_no_mnar": false,
    "smile_no_curriculum": false,
    "smile_mask_type": "all",
    "smile_mnar_dropout": 0.05,
    "obs_density_window": 5,
    "pretrain_mask_mode": "proportional_var",
    "ratio_temperature": 1.0
}
2026-03-18 17:52:07,733 Dataset Loaded.
2026-03-18 17:52:07,733 system_groups: {'Vital_Invasive': 3, 'Blood_Gas': 4, 'Electrolyte': 5, 'Liver_Enzyme': 6, 'CBC': 3, 'Vital_Basic': 3, 'Renal': 2, 'Coagulation': 3, 'Oxygenation': 3, 'Metabolic': 2}
2026-03-18 17:52:08,425 [PMAE] Computing variable-level observation density...
2026-03-18 17:52:11,049 [PMAE] p_obs  range: [0.002, 0.888]  mean=0.200
2026-03-18 17:52:11,082 [PMAE] var_max_ratios: [0.001, 0.666]
2026-03-18 17:52:33,874 Epoch 1: Train Loss 5.1575, Valid Loss 2.0853, EMA Val 2.0853
2026-03-18 17:52:33,874 ----- Save best model - L1: 2.0853 -----
2026-03-18 17:52:56,358 Epoch 2: Train Loss 1.8343, Valid Loss 1.2779, EMA Val 1.8431
2026-03-18 17:52:56,358 ----- Save best model - L1: 1.8431 -----
2026-03-18 17:53:18,786 Epoch 3: Train Loss 1.2335, Valid Loss 1.0082, EMA Val 1.5926
2026-03-18 17:53:18,786 ----- Save best model - L1: 1.5926 -----
2026-03-18 17:53:41,431 Epoch 4: Train Loss 0.9745, Valid Loss 0.7897, EMA Val 1.3517
2026-03-18 17:53:41,431 ----- Save best model - L1: 1.3517 -----
2026-03-18 17:54:03,997 Epoch 5: Train Loss 0.8031, Valid Loss 0.6455, EMA Val 1.1399
2026-03-18 17:54:03,997 ----- Save best model - L1: 1.1399 -----
2026-03-18 17:54:26,828 Epoch 6: Train Loss 0.6813, Valid Loss 0.5499, EMA Val 0.9629
2026-03-18 17:54:26,828 ----- Save best model - L1: 0.9629 -----
2026-03-18 17:54:49,587 Epoch 7: Train Loss 0.6149, Valid Loss 0.5071, EMA Val 0.8261
2026-03-18 17:54:49,588 ----- Save best model - L1: 0.8261 -----
2026-03-18 17:55:12,330 Epoch 8: Train Loss 0.5523, Valid Loss 0.4407, EMA Val 0.7105
2026-03-18 17:55:12,331 ----- Save best model - L1: 0.7105 -----
2026-03-18 17:55:35,108 Epoch 9: Train Loss 0.4951, Valid Loss 0.3987, EMA Val 0.6170
2026-03-18 17:55:35,109 ----- Save best model - L1: 0.6170 -----
2026-03-18 17:55:57,709 Epoch 10: Train Loss 0.4630, Valid Loss 0.3680, EMA Val 0.5423
2026-03-18 17:55:57,710 ----- Save best model - L1: 0.5423 -----
2026-03-18 17:56:20,326 Epoch 11: Train Loss 0.4251, Valid Loss 0.3378, EMA Val 0.4809
2026-03-18 17:56:20,327 ----- Save best model - L1: 0.4809 -----
2026-03-18 17:56:42,905 Epoch 12: Train Loss 0.4272, Valid Loss 0.3259, EMA Val 0.4344
2026-03-18 17:56:42,905 ----- Save best model - L1: 0.4344 -----
2026-03-18 17:57:05,672 Epoch 13: Train Loss 0.4296, Valid Loss 0.3067, EMA Val 0.3961
2026-03-18 17:57:05,673 ----- Save best model - L1: 0.3961 -----
2026-03-18 17:57:28,533 Epoch 14: Train Loss 0.3921, Valid Loss 0.2939, EMA Val 0.3654
2026-03-18 17:57:28,534 ----- Save best model - L1: 0.3654 -----
2026-03-18 17:57:51,413 Epoch 15: Train Loss 0.3855, Valid Loss 0.2958, EMA Val 0.3446
2026-03-18 17:57:51,413 ----- Save best model - L1: 0.3446 -----
2026-03-18 17:58:14,377 Epoch 16: Train Loss 0.4136, Valid Loss 0.3154, EMA Val 0.3358
2026-03-18 17:58:14,378 ----- Save best model - L1: 0.3358 -----
2026-03-18 17:58:37,232 Epoch 17: Train Loss 0.3945, Valid Loss 0.2879, EMA Val 0.3215
2026-03-18 17:58:37,233 ----- Save best model - L1: 0.3215 -----
2026-03-18 17:59:00,011 Epoch 18: Train Loss 0.3937, Valid Loss 0.2868, EMA Val 0.3111
2026-03-18 17:59:00,012 ----- Save best model - L1: 0.3111 -----
2026-03-18 17:59:22,938 Epoch 19: Train Loss 0.3854, Valid Loss 0.2815, EMA Val 0.3022
2026-03-18 17:59:22,938 ----- Save best model - L1: 0.3022 -----
2026-03-18 17:59:45,918 Epoch 20: Train Loss 0.3933, Valid Loss 0.3034, EMA Val 0.3026
2026-03-18 18:00:08,985 Epoch 21: Train Loss 0.3757, Valid Loss 0.2937, EMA Val 0.2999
2026-03-18 18:00:08,986 ----- Save best model - L1: 0.2999 -----
2026-03-18 18:00:31,979 Epoch 22: Train Loss 0.4021, Valid Loss 0.2909, EMA Val 0.2972
2026-03-18 18:00:31,980 ----- Save best model - L1: 0.2972 -----
2026-03-18 18:00:54,926 Epoch 23: Train Loss 0.3812, Valid Loss 0.2947, EMA Val 0.2964
2026-03-18 18:00:54,926 ----- Save best model - L1: 0.2964 -----
2026-03-18 18:01:17,915 Epoch 24: Train Loss 0.3820, Valid Loss 0.2831, EMA Val 0.2925
2026-03-18 18:01:17,916 ----- Save best model - L1: 0.2925 -----
2026-03-18 18:01:41,110 Epoch 25: Train Loss 0.3988, Valid Loss 0.2813, EMA Val 0.2891
2026-03-18 18:01:41,111 ----- Save best model - L1: 0.2891 -----
2026-03-18 18:01:41,141 last saved model is in epoch 25
2026-03-18 18:01:42,732 Test Loss 0.3022
2026-03-18 18:39:41,319 {
    "dataset": "c12",
    "data_dropout": 0.0,
    "epochs": 25,
    "lr": 0.001,
    "d_model": 32,
    "seed": 3407,
    "batch_size": 64,
    "dropout": 0.1,
    "save_model": true,
    "save_dir": "./export/c12\\smart-smile-lean\\seed_3407",
    "local_rank": 0,
    "min_mask_ratio": 0.0,
    "max_mask_ratio": 0.75,
    "e_layers": 2,
    "n_heads": 4,
    "time_dim": 16,
    "use_film": false,
    "use_smile": false,
    "use_smile_film": false,
    "use_smile_v2": false,
    "use_smile_v2_film": false,
    "use_smile_lean": true,
    "use_smile_lean_samepretrain": false,
    "use_mnar": false,
    "save_last": false,
    "smile_no_mnar": false,
    "smile_no_curriculum": false,
    "smile_mask_type": "all",
    "smile_mnar_dropout": 0.05,
    "obs_density_window": 5,
    "pretrain_mask_mode": "fixed",
    "ratio_temperature": 1.0
}
2026-03-18 18:39:42,376 Dataset Loaded.
2026-03-18 18:39:42,376 system_groups: {'Vital_Invasive': 3, 'Blood_Gas': 4, 'Electrolyte': 5, 'Liver_Enzyme': 6, 'CBC': 3, 'Vital_Basic': 3, 'Renal': 2, 'Coagulation': 3, 'Oxygenation': 3, 'Metabolic': 2}
2026-03-24 19:09:59,638 {
    "dataset": "c12",
    "data_dropout": 0.0,
    "epochs": 25,
    "freeze_epochs": 5,
    "lr": 0.001,
    "d_model": 32,
    "seed": 3407,
    "batch_size": 64,
    "dropout": 0.1,
    "save_model": true,
    "save_dir": "./export/c12\\smart-smile-lean\\seed_3407",
    "pretrain_dir": null,
    "local_rank": 0,
    "e_layers": 2,
    "n_heads": 4,
    "time_dim": 16,
    "use_film": false,
    "use_smile": false,
    "use_smile_film": false,
    "use_mnar": false,
    "use_smile_v2": false,
    "use_smile_v2_film": false,
    "use_smile_lean": true,
    "use_smile_lean_samepretrain": false,
    "obs_density_window": 5,
    "smile_no_mnar": false,
    "smile_no_curriculum": false,
    "smile_mask_type": "all",
    "smile_mnar_dropout": 0.05,
    "smile_mnar_dropout_initial": 0.0,
    "smile_stratified": false
}
2026-03-24 19:10:02,193 Dataset Loaded.
2026-03-24 19:10:03,653 Class weights: [0.5820587277412415, 3.546597719192505]
2026-03-24 19:10:03,685 last saved model is in epoch 25
2026-03-24 19:10:15,004 [[810 224]
 [ 60 104]]
2026-03-24 19:10:15,008 AUC of ROC = 0.7793
2026-03-24 19:10:15,008 AUC of PRC = 0.3427
2026-03-24 19:10:15,008 min(+P, Se) = 0.3902
2026-03-24 19:10:15,008 f1_score = 0.4244 (threshold = 0.0390)
2026-03-24 19:10:15,010 Epoch 1: Train Loss 0.7035, Valid Loss 0.5529
2026-03-24 19:10:15,011 ----- Save best model - auprc: 0.3427 -----
2026-03-24 19:10:25,945 [[877 157]
 [ 77  87]]
2026-03-24 19:10:25,948 AUC of ROC = 0.7807
2026-03-24 19:10:25,948 AUC of PRC = 0.3392
2026-03-24 19:10:25,948 min(+P, Se) = 0.3735
2026-03-24 19:10:25,948 f1_score = 0.4239 (threshold = -0.3390)
2026-03-24 19:10:25,949 Epoch 2: Train Loss 0.6371, Valid Loss 0.5555
2026-03-24 19:10:36,959 [[788 246]
 [ 44 120]]
2026-03-24 19:10:36,962 AUC of ROC = 0.7929
2026-03-24 19:10:36,963 AUC of PRC = 0.3562
2026-03-24 19:10:36,963 min(+P, Se) = 0.3841
2026-03-24 19:10:36,963 f1_score = 0.4239 (threshold = 0.0025)
2026-03-24 19:10:36,964 Epoch 3: Train Loss 0.6058, Valid Loss 0.5323
2026-03-24 19:10:36,964 ----- Save best model - auprc: 0.3562 -----
2026-03-24 19:10:48,011 [[800 234]
 [ 47 117]]
2026-03-24 19:10:48,015 AUC of ROC = 0.8029
2026-03-24 19:10:48,016 AUC of PRC = 0.3728
2026-03-24 19:10:48,016 min(+P, Se) = 0.3963
2026-03-24 19:10:48,019 f1_score = 0.4390 (threshold = 0.0398)
2026-03-24 19:10:48,019 Epoch 4: Train Loss 0.6000, Valid Loss 0.5196
2026-03-24 19:10:48,021 ----- Save best model - auprc: 0.3728 -----
2026-03-24 19:10:59,068 [[846 188]
 [ 60 104]]
2026-03-24 19:10:59,071 AUC of ROC = 0.8011
2026-03-24 19:10:59,071 AUC of PRC = 0.3796
2026-03-24 19:10:59,072 min(+P, Se) = 0.3963
2026-03-24 19:10:59,072 f1_score = 0.4465 (threshold = -0.3706)
2026-03-24 19:10:59,073 Epoch 5: Train Loss 0.6011, Valid Loss 0.5251
2026-03-24 19:10:59,073 ----- Save best model - auprc: 0.3796 -----
2026-03-24 19:11:16,160 [[725 309]
 [ 26 138]]
2026-03-24 19:11:16,164 AUC of ROC = 0.8563
2026-03-24 19:11:16,164 AUC of PRC = 0.5055
2026-03-24 19:11:16,165 min(+P, Se) = 0.5028
2026-03-24 19:11:16,165 f1_score = 0.5248 (threshold = 0.0702)
2026-03-24 19:11:16,165 Epoch 6: Train Loss 0.5584, Valid Loss 0.4796
2026-03-24 19:11:16,165 ----- Save best model - auprc: 0.5055 -----
2026-03-24 19:11:33,437 [[603 431]
 [  9 155]]
2026-03-24 19:11:33,440 AUC of ROC = 0.8557
2026-03-24 19:11:33,440 AUC of PRC = 0.5273
2026-03-24 19:11:33,441 min(+P, Se) = 0.5122
2026-03-24 19:11:33,441 f1_score = 0.5376 (threshold = 0.3311)
2026-03-24 19:11:33,441 Epoch 7: Train Loss 0.5198, Valid Loss 0.5422
2026-03-24 19:11:33,442 ----- Save best model - auprc: 0.5273 -----
2026-03-24 19:11:50,377 [[723 311]
 [ 21 143]]
2026-03-24 19:11:50,381 AUC of ROC = 0.8649
2026-03-24 19:11:50,381 AUC of PRC = 0.5227
2026-03-24 19:11:50,381 min(+P, Se) = 0.5122
2026-03-24 19:11:50,381 f1_score = 0.5288 (threshold = 0.0184)
2026-03-24 19:11:50,382 Epoch 8: Train Loss 0.5127, Valid Loss 0.4666
2026-03-24 19:12:07,002 [[768 266]
 [ 22 142]]
2026-03-24 19:12:07,005 AUC of ROC = 0.8703
2026-03-24 19:12:07,005 AUC of PRC = 0.5395
2026-03-24 19:12:07,005 min(+P, Se) = 0.5212
2026-03-24 19:12:07,006 f1_score = 0.5522 (threshold = -0.1764)
2026-03-24 19:12:07,006 Epoch 9: Train Loss 0.4909, Valid Loss 0.4485
2026-03-24 19:12:07,007 ----- Save best model - auprc: 0.5395 -----
2026-03-24 19:12:23,612 [[715 319]
 [ 17 147]]
2026-03-24 19:12:23,615 AUC of ROC = 0.8683
2026-03-24 19:12:23,616 AUC of PRC = 0.5314
2026-03-24 19:12:23,616 min(+P, Se) = 0.5061
2026-03-24 19:12:23,616 f1_score = 0.5321 (threshold = -0.1613)
2026-03-24 19:12:23,617 Epoch 10: Train Loss 0.4887, Valid Loss 0.4576
2026-03-24 19:12:40,859 [[835 199]
 [ 37 127]]
2026-03-24 19:12:40,862 AUC of ROC = 0.8695
2026-03-24 19:12:40,863 AUC of PRC = 0.5363
2026-03-24 19:12:40,863 min(+P, Se) = 0.5244
2026-03-24 19:12:40,863 f1_score = 0.5387 (threshold = -0.3179)
2026-03-24 19:12:40,866 Epoch 11: Train Loss 0.4815, Valid Loss 0.4354
2026-03-24 19:12:58,032 [[916 118]
 [ 62 102]]
2026-03-24 19:12:58,035 AUC of ROC = 0.8622
2026-03-24 19:12:58,036 AUC of PRC = 0.5101
2026-03-24 19:12:58,036 min(+P, Se) = 0.5122
2026-03-24 19:12:58,036 f1_score = 0.5176 (threshold = -0.7045)
2026-03-24 19:12:58,037 Epoch 12: Train Loss 0.4766, Valid Loss 0.4675
2026-03-24 19:13:16,628 [[807 227]
 [ 31 133]]
2026-03-24 19:13:16,630 AUC of ROC = 0.8711
2026-03-24 19:13:16,630 AUC of PRC = 0.5449
2026-03-24 19:13:16,630 min(+P, Se) = 0.5254
2026-03-24 19:13:16,630 f1_score = 0.5515 (threshold = -0.1233)
2026-03-24 19:13:16,631 Epoch 13: Train Loss 0.4763, Valid Loss 0.4352
2026-03-24 19:13:16,631 ----- Save best model - auprc: 0.5449 -----
2026-03-24 19:13:37,921 [[716 318]
 [ 22 142]]
2026-03-24 19:13:37,925 AUC of ROC = 0.8713
2026-03-24 19:13:37,929 AUC of PRC = 0.5431
2026-03-24 19:13:37,930 min(+P, Se) = 0.5549
2026-03-24 19:13:37,930 f1_score = 0.5561 (threshold = 0.0778)
2026-03-24 19:13:37,931 Epoch 14: Train Loss 0.4709, Valid Loss 0.4645
2026-03-24 19:13:56,177 [[795 239]
 [ 30 134]]
2026-03-24 19:13:56,182 AUC of ROC = 0.8704
2026-03-24 19:13:56,182 AUC of PRC = 0.5388
2026-03-24 19:13:56,182 min(+P, Se) = 0.5305
2026-03-24 19:13:56,183 f1_score = 0.5412 (threshold = 0.1346)
2026-03-24 19:13:56,184 Epoch 15: Train Loss 0.4698, Valid Loss 0.4423
2026-03-24 19:14:13,371 [[792 242]
 [ 28 136]]
2026-03-24 19:14:13,374 AUC of ROC = 0.8727
2026-03-24 19:14:13,374 AUC of PRC = 0.5479
2026-03-24 19:14:13,374 min(+P, Se) = 0.5233
2026-03-24 19:14:13,374 f1_score = 0.5416 (threshold = 0.0269)
2026-03-24 19:14:13,375 Epoch 16: Train Loss 0.4630, Valid Loss 0.4390
2026-03-24 19:14:13,376 ----- Save best model - auprc: 0.5479 -----
2026-03-24 19:14:30,415 [[812 222]
 [ 32 132]]
2026-03-24 19:14:30,419 AUC of ROC = 0.8755
2026-03-24 19:14:30,419 AUC of PRC = 0.5513
2026-03-24 19:14:30,419 min(+P, Se) = 0.5427
2026-03-24 19:14:30,419 f1_score = 0.5612 (threshold = -0.0643)
2026-03-24 19:14:30,420 Epoch 17: Train Loss 0.4597, Valid Loss 0.4330
2026-03-24 19:14:30,421 ----- Save best model - auprc: 0.5513 -----
2026-03-24 19:14:47,420 [[793 241]
 [ 26 138]]
2026-03-24 19:14:47,423 AUC of ROC = 0.8799
2026-03-24 19:14:47,423 AUC of PRC = 0.5591
2026-03-24 19:14:47,423 min(+P, Se) = 0.5427
2026-03-24 19:14:47,423 f1_score = 0.5625 (threshold = -0.0690)
2026-03-24 19:14:47,424 Epoch 18: Train Loss 0.4627, Valid Loss 0.4264
2026-03-24 19:14:47,425 ----- Save best model - auprc: 0.5591 -----
2026-03-24 19:15:04,263 [[800 234]
 [ 29 135]]
2026-03-24 19:15:04,266 AUC of ROC = 0.8791
2026-03-24 19:15:04,267 AUC of PRC = 0.5501
2026-03-24 19:15:04,267 min(+P, Se) = 0.5305
2026-03-24 19:15:04,267 f1_score = 0.5536 (threshold = -0.1357)
2026-03-24 19:15:04,268 Epoch 19: Train Loss 0.4537, Valid Loss 0.4278
2026-03-24 19:15:21,293 [[776 258]
 [ 26 138]]
2026-03-24 19:15:21,296 AUC of ROC = 0.8808
2026-03-24 19:15:21,296 AUC of PRC = 0.5529
2026-03-24 19:15:21,296 min(+P, Se) = 0.5427
2026-03-24 19:15:21,297 f1_score = 0.5707 (threshold = 0.0220)
2026-03-24 19:15:21,297 Epoch 20: Train Loss 0.4471, Valid Loss 0.4323
2026-03-24 19:15:38,280 [[862 172]
 [ 41 123]]
2026-03-24 19:15:38,283 AUC of ROC = 0.8784
2026-03-24 19:15:38,284 AUC of PRC = 0.5466
2026-03-24 19:15:38,284 min(+P, Se) = 0.5366
2026-03-24 19:15:38,284 f1_score = 0.5476 (threshold = -0.1553)
2026-03-24 19:15:38,285 Epoch 21: Train Loss 0.4455, Valid Loss 0.4294
2026-03-24 19:15:55,118 [[796 238]
 [ 27 137]]
2026-03-24 19:15:55,121 AUC of ROC = 0.8807
2026-03-24 19:15:55,121 AUC of PRC = 0.5574
2026-03-24 19:15:55,121 min(+P, Se) = 0.5366
2026-03-24 19:15:55,121 f1_score = 0.5686 (threshold = -0.0699)
2026-03-24 19:15:55,121 Epoch 22: Train Loss 0.4472, Valid Loss 0.4267
2026-03-24 19:16:11,961 [[802 232]
 [ 27 137]]
2026-03-24 19:16:11,964 AUC of ROC = 0.8808
2026-03-24 19:16:11,964 AUC of PRC = 0.5580
2026-03-24 19:16:11,965 min(+P, Se) = 0.5366
2026-03-24 19:16:11,965 f1_score = 0.5666 (threshold = -0.1540)
2026-03-24 19:16:11,965 Epoch 23: Train Loss 0.4386, Valid Loss 0.4263
2026-03-24 19:16:28,736 [[802 232]
 [ 29 135]]
2026-03-24 19:16:28,739 AUC of ROC = 0.8801
2026-03-24 19:16:28,739 AUC of PRC = 0.5560
2026-03-24 19:16:28,740 min(+P, Se) = 0.5305
2026-03-24 19:16:28,740 f1_score = 0.5652 (threshold = -0.0455)
2026-03-24 19:16:28,740 Epoch 24: Train Loss 0.4375, Valid Loss 0.4267
2026-03-24 19:16:45,554 [[809 225]
 [ 30 134]]
2026-03-24 19:16:45,557 AUC of ROC = 0.8801
2026-03-24 19:16:45,558 AUC of PRC = 0.5563
2026-03-24 19:16:45,558 min(+P, Se) = 0.5366
2026-03-24 19:16:45,558 f1_score = 0.5691 (threshold = -0.0693)
2026-03-24 19:16:45,559 Epoch 25: Train Loss 0.4389, Valid Loss 0.4262
2026-03-24 19:16:45,592 last saved model is in epoch 18
2026-03-24 19:16:46,700 [[800 209]
 [ 40 151]]
2026-03-24 19:16:46,703 AUC of ROC = 0.8514
2026-03-24 19:16:46,703 AUC of PRC = 0.5462
2026-03-24 19:16:46,704 min(+P, Se) = 0.5131
2026-03-24 19:16:46,704 f1_score = 0.5521 (threshold = -0.4204)
2026-03-24 19:16:46,704 Test Loss 0.4747
2026-03-29 20:18:15,757 {
    "dataset": "c12",
    "data_dropout": 0.0,
    "epochs": 25,
    "lr": 0.001,
    "d_model": 32,
    "seed": 3407,
    "batch_size": 64,
    "dropout": 0.1,
    "save_model": true,
    "save_dir": "./export/c12\\smart-smile-lean\\seed_3407",
    "local_rank": 0,
    "min_mask_ratio": 0.15,
    "max_mask_ratio": 0.75,
    "e_layers": 2,
    "n_heads": 4,
    "time_dim": 16,
    "use_film": false,
    "use_smile": false,
    "use_smile_film": false,
    "use_smile_v2": false,
    "use_smile_v2_film": false,
    "use_smile_lean": true,
    "use_smile_lean_samepretrain": false,
    "use_mnar": false,
    "save_last": true,
    "smile_no_mnar": false,
    "smile_no_curriculum": false,
    "smile_mask_type": "all",
    "smile_mnar_dropout": 0.05,
    "obs_density_window": 5,
    "abl_no_density": false,
    "abl_no_mnar_bias": false,
    "abl_no_film": false,
    "abl_no_time_mnar": false,
    "abl_no_time_pe": false,
    "pretrain_mask_mode": "fixed",
    "ratio_temperature": 1.0,
    "smile_stratified": false,
    "smile_mask_weights": null
}
2026-03-29 20:18:17,842 Dataset Loaded.
2026-03-29 20:18:17,842 system_groups: {'Vital_Invasive': 3, 'Blood_Gas': 4, 'Electrolyte': 5, 'Liver_Enzyme': 6, 'CBC': 3, 'Oxygenation': 3, 'Metabolic': 2}
2026-03-29 20:18:52,178 Epoch 1: Train Loss 4.9943, Valid Loss 1.8506, EMA Val 1.8506
2026-03-29 20:19:23,937 Epoch 2: Train Loss 1.8459, Valid Loss 1.1863, EMA Val 1.6513
2026-03-29 20:19:55,964 Epoch 3: Train Loss 1.3267, Valid Loss 0.9343, EMA Val 1.4362
2026-03-29 20:20:27,378 Epoch 4: Train Loss 1.1050, Valid Loss 0.7713, EMA Val 1.2367
2026-03-29 20:20:58,948 Epoch 5: Train Loss 0.9817, Valid Loss 0.7405, EMA Val 1.0879
2026-03-29 20:21:30,296 Epoch 6: Train Loss 0.9127, Valid Loss 0.7125, EMA Val 0.9753
2026-03-29 20:22:01,880 Epoch 7: Train Loss 0.8513, Valid Loss 0.6661, EMA Val 0.8825
2026-03-29 20:22:33,330 Epoch 8: Train Loss 0.8216, Valid Loss 0.6451, EMA Val 0.8113
2026-03-29 20:23:05,673 Epoch 9: Train Loss 0.7721, Valid Loss 0.6216, EMA Val 0.7544
2026-03-29 20:23:37,181 Epoch 10: Train Loss 0.7583, Valid Loss 0.5984, EMA Val 0.7076
2026-03-29 20:24:08,914 Epoch 11: Train Loss 0.7419, Valid Loss 0.5841, EMA Val 0.6705
2026-03-29 20:24:40,457 Epoch 12: Train Loss 0.7161, Valid Loss 0.5663, EMA Val 0.6393
2026-03-29 20:25:12,575 Epoch 13: Train Loss 0.6799, Valid Loss 0.5504, EMA Val 0.6126
2026-03-29 20:25:44,501 Epoch 14: Train Loss 0.6789, Valid Loss 0.5481, EMA Val 0.5932
2026-03-29 20:26:16,683 Epoch 15: Train Loss 0.6580, Valid Loss 0.5879, EMA Val 0.5916
2026-03-29 20:26:48,988 Epoch 16: Train Loss 0.6569, Valid Loss 0.5410, EMA Val 0.5764
2026-03-29 20:27:20,514 Epoch 17: Train Loss 0.6323, Valid Loss 0.5368, EMA Val 0.5645
2026-03-29 20:27:52,113 Epoch 18: Train Loss 0.6081, Valid Loss 0.5426, EMA Val 0.5580
2026-03-29 20:28:24,094 Epoch 19: Train Loss 0.6234, Valid Loss 0.5349, EMA Val 0.5510
2026-03-29 20:28:56,095 Epoch 20: Train Loss 0.6075, Valid Loss 0.5331, EMA Val 0.5457
2026-03-29 20:29:28,057 Epoch 21: Train Loss 0.5763, Valid Loss 0.5618, EMA Val 0.5505
2026-03-29 20:29:59,763 Epoch 22: Train Loss 0.6297, Valid Loss 0.5237, EMA Val 0.5425
2026-03-29 20:30:31,326 Epoch 23: Train Loss 0.5880, Valid Loss 0.5902, EMA Val 0.5568
2026-03-29 20:31:03,150 Epoch 24: Train Loss 0.5521, Valid Loss 0.5265, EMA Val 0.5477
2026-03-29 20:31:35,055 Epoch 25: Train Loss 0.5555, Valid Loss 0.5345, EMA Val 0.5438
2026-03-29 20:31:35,056 ----- Save last epoch model - L1: 0.5438 -----
2026-03-29 20:31:35,104 last saved model is in epoch 25
2026-03-29 20:31:37,326 Test Loss 0.5831
2026-03-29 20:31:42,517 {
    "dataset": "c12",
    "data_dropout": 0.0,
    "epochs": 25,
    "freeze_epochs": 5,
    "lr": 0.001,
    "d_model": 32,
    "seed": 3407,
    "batch_size": 64,
    "dropout": 0.1,
    "save_model": true,
    "save_dir": "./export/c12\\smart-smile-lean\\seed_3407",
    "pretrain_dir": null,
    "local_rank": 0,
    "e_layers": 2,
    "n_heads": 4,
    "time_dim": 16,
    "use_film": false,
    "use_smile": false,
    "use_smile_film": false,
    "use_mnar": false,
    "use_smile_v2": false,
    "use_smile_v2_film": false,
    "use_smile_lean": true,
    "use_smile_lean_samepretrain": false,
    "obs_density_window": 5,
    "abl_no_density": false,
    "abl_no_mnar_bias": false,
    "abl_no_film": false,
    "abl_no_time_mnar": false,
    "abl_no_time_pe": false,
    "smile_no_mnar": false,
    "smile_no_curriculum": false,
    "smile_mask_type": "all",
    "smile_mnar_dropout": 0.05,
    "smile_mnar_dropout_initial": 0.0,
    "smile_stratified": false
}
2026-03-29 20:31:44,657 Dataset Loaded.
2026-03-29 20:31:46,904 Class weights: [0.5820587277412415, 3.546597719192505]
2026-03-29 20:31:46,921 last saved model is in epoch 25
2026-03-29 20:32:01,185 [[813 221]
 [ 46 118]]
2026-03-29 20:32:01,188 AUC of ROC = 0.8083
2026-03-29 20:32:01,188 AUC of PRC = 0.3929
2026-03-29 20:32:01,188 min(+P, Se) = 0.4337
2026-03-29 20:32:01,189 f1_score = 0.4785 (threshold = -2.1734)
2026-03-29 20:32:01,189 Epoch 1: Train Loss 0.6654, Valid Loss 0.5036
2026-03-29 20:32:01,192 ----- Save best model - auprc: 0.3929 -----
2026-03-29 20:32:14,682 [[688 346]
 [ 28 136]]
2026-03-29 20:32:14,686 AUC of ROC = 0.8265
2026-03-29 20:32:14,686 AUC of PRC = 0.4059
2026-03-29 20:32:14,686 min(+P, Se) = 0.4424
2026-03-29 20:32:14,687 f1_score = 0.4917 (threshold = -1.7213)
2026-03-29 20:32:14,687 Epoch 2: Train Loss 0.5889, Valid Loss 0.5151
2026-03-29 20:32:14,688 ----- Save best model - auprc: 0.4059 -----
2026-03-29 20:32:28,752 [[875 159]
 [ 58 106]]
2026-03-29 20:32:28,756 AUC of ROC = 0.8138
2026-03-29 20:32:28,756 AUC of PRC = 0.4118
2026-03-29 20:32:28,756 min(+P, Se) = 0.4695
2026-03-29 20:32:28,757 f1_score = 0.4841 (threshold = -2.0097)
2026-03-29 20:32:28,757 Epoch 3: Train Loss 0.5588, Valid Loss 0.5144
2026-03-29 20:32:28,758 ----- Save best model - auprc: 0.4118 -----
2026-03-29 20:32:42,049 [[757 277]
 [ 34 130]]
2026-03-29 20:32:42,052 AUC of ROC = 0.8252
2026-03-29 20:32:42,053 AUC of PRC = 0.4135
2026-03-29 20:32:42,053 min(+P, Se) = 0.4485
2026-03-29 20:32:42,053 f1_score = 0.4962 (threshold = -1.5343)
2026-03-29 20:32:42,054 Epoch 4: Train Loss 0.5595, Valid Loss 0.4915
2026-03-29 20:32:42,054 ----- Save best model - auprc: 0.4135 -----
2026-03-29 20:32:56,117 [[961  73]
 [ 99  65]]
2026-03-29 20:32:56,120 AUC of ROC = 0.8368
2026-03-29 20:32:56,120 AUC of PRC = 0.4295
2026-03-29 20:32:56,121 min(+P, Se) = 0.4671
2026-03-29 20:32:56,121 f1_score = 0.4927 (threshold = -2.0693)
2026-03-29 20:32:56,121 Epoch 5: Train Loss 0.5689, Valid Loss 0.5929
2026-03-29 20:32:56,122 ----- Save best model - auprc: 0.4295 -----
2026-03-29 20:33:18,487 [[733 301]
 [ 23 141]]
2026-03-29 20:33:18,490 AUC of ROC = 0.8561
2026-03-29 20:33:18,490 AUC of PRC = 0.5071
2026-03-29 20:33:18,490 min(+P, Se) = 0.4940
2026-03-29 20:33:18,491 f1_score = 0.5252 (threshold = -0.7727)
2026-03-29 20:33:18,491 Epoch 6: Train Loss 0.5543, Valid Loss 0.4687
2026-03-29 20:33:18,492 ----- Save best model - auprc: 0.5071 -----
2026-03-29 20:33:40,724 [[715 319]
 [ 23 141]]
2026-03-29 20:33:40,727 AUC of ROC = 0.8506
2026-03-29 20:33:40,727 AUC of PRC = 0.5201
2026-03-29 20:33:40,727 min(+P, Se) = 0.5030
2026-03-29 20:33:40,727 f1_score = 0.5224 (threshold = -0.4176)
2026-03-29 20:33:40,727 Epoch 7: Train Loss 0.5167, Valid Loss 0.4800
2026-03-29 20:33:40,728 ----- Save best model - auprc: 0.5201 -----
2026-03-29 20:34:02,808 [[754 280]
 [ 26 138]]
2026-03-29 20:34:02,811 AUC of ROC = 0.8631
2026-03-29 20:34:02,811 AUC of PRC = 0.5134
2026-03-29 20:34:02,811 min(+P, Se) = 0.4909
2026-03-29 20:34:02,811 f1_score = 0.5183 (threshold = -0.4289)
2026-03-29 20:34:02,811 Epoch 8: Train Loss 0.5077, Valid Loss 0.4614
2026-03-29 20:34:23,827 [[771 263]
 [ 22 142]]
2026-03-29 20:34:23,828 AUC of ROC = 0.8702
2026-03-29 20:34:23,829 AUC of PRC = 0.5312
2026-03-29 20:34:23,829 min(+P, Se) = 0.4880
2026-03-29 20:34:23,829 f1_score = 0.5263 (threshold = -0.8230)
2026-03-29 20:34:23,829 Epoch 9: Train Loss 0.4940, Valid Loss 0.4473
2026-03-29 20:34:23,830 ----- Save best model - auprc: 0.5312 -----
2026-03-29 20:34:45,047 [[761 273]
 [ 28 136]]
2026-03-29 20:34:45,052 AUC of ROC = 0.8704
2026-03-29 20:34:45,052 AUC of PRC = 0.5492
2026-03-29 20:34:45,052 min(+P, Se) = 0.5207
2026-03-29 20:34:45,053 f1_score = 0.5472 (threshold = -0.6212)
2026-03-29 20:34:45,053 Epoch 10: Train Loss 0.4863, Valid Loss 0.4439
2026-03-29 20:34:45,057 ----- Save best model - auprc: 0.5492 -----
2026-03-29 20:35:07,670 [[848 186]
 [ 35 129]]
2026-03-29 20:35:07,673 AUC of ROC = 0.8762
2026-03-29 20:35:07,673 AUC of PRC = 0.5471
2026-03-29 20:35:07,674 min(+P, Se) = 0.5030
2026-03-29 20:35:07,674 f1_score = 0.5608 (threshold = -0.6451)
2026-03-29 20:35:07,675 Epoch 11: Train Loss 0.4841, Valid Loss 0.4308
2026-03-29 20:35:29,742 [[912 122]
 [ 67  97]]
2026-03-29 20:35:29,746 AUC of ROC = 0.8692
2026-03-29 20:35:29,746 AUC of PRC = 0.5257
2026-03-29 20:35:29,746 min(+P, Se) = 0.4702
2026-03-29 20:35:29,746 f1_score = 0.5301 (threshold = -1.0221)
2026-03-29 20:35:29,753 Epoch 12: Train Loss 0.4765, Valid Loss 0.4678
2026-03-29 20:35:51,879 [[804 230]
 [ 28 136]]
2026-03-29 20:35:51,882 AUC of ROC = 0.8730
2026-03-29 20:35:51,882 AUC of PRC = 0.5355
2026-03-29 20:35:51,882 min(+P, Se) = 0.5000
2026-03-29 20:35:51,883 f1_score = 0.5293 (threshold = -0.6704)
2026-03-29 20:35:51,883 Epoch 13: Train Loss 0.4789, Valid Loss 0.4343
2026-03-29 20:36:14,082 [[722 312]
 [ 21 143]]
2026-03-29 20:36:14,085 AUC of ROC = 0.8737
2026-03-29 20:36:14,085 AUC of PRC = 0.5365
2026-03-29 20:36:14,086 min(+P, Se) = 0.5366
2026-03-29 20:36:14,086 f1_score = 0.5568 (threshold = -0.1936)
2026-03-29 20:36:14,086 Epoch 14: Train Loss 0.4751, Valid Loss 0.4607
2026-03-29 20:36:36,636 [[800 234]
 [ 31 133]]
2026-03-29 20:36:36,639 AUC of ROC = 0.8762
2026-03-29 20:36:36,639 AUC of PRC = 0.5507
2026-03-29 20:36:36,639 min(+P, Se) = 0.5091
2026-03-29 20:36:36,640 f1_score = 0.5526 (threshold = -0.4281)
2026-03-29 20:36:36,640 Epoch 15: Train Loss 0.4692, Valid Loss 0.4314
2026-03-29 20:36:36,641 ----- Save best model - auprc: 0.5507 -----
2026-03-29 20:36:59,470 [[807 227]
 [ 29 135]]
2026-03-29 20:36:59,474 AUC of ROC = 0.8784
2026-03-29 20:36:59,474 AUC of PRC = 0.5586
2026-03-29 20:36:59,474 min(+P, Se) = 0.5152
2026-03-29 20:36:59,474 f1_score = 0.5493 (threshold = -0.5565)
2026-03-29 20:36:59,475 Epoch 16: Train Loss 0.4641, Valid Loss 0.4265
2026-03-29 20:36:59,476 ----- Save best model - auprc: 0.5586 -----
2026-03-29 20:37:22,240 [[827 207]
 [ 35 129]]
2026-03-29 20:37:22,243 AUC of ROC = 0.8785
2026-03-29 20:37:22,243 AUC of PRC = 0.5542
2026-03-29 20:37:22,243 min(+P, Se) = 0.5244
2026-03-29 20:37:22,243 f1_score = 0.5514 (threshold = -0.3729)
2026-03-29 20:37:22,244 Epoch 17: Train Loss 0.4608, Valid Loss 0.4251
2026-03-29 20:37:45,126 [[808 226]
 [ 31 133]]
2026-03-29 20:37:45,129 AUC of ROC = 0.8814
2026-03-29 20:37:45,129 AUC of PRC = 0.5560
2026-03-29 20:37:45,130 min(+P, Se) = 0.5330
2026-03-29 20:37:45,130 f1_score = 0.5632 (threshold = -0.1623)
2026-03-29 20:37:45,131 Epoch 18: Train Loss 0.4577, Valid Loss 0.4213
2026-03-29 20:38:07,974 [[815 219]
 [ 29 135]]
2026-03-29 20:38:07,977 AUC of ROC = 0.8768
2026-03-29 20:38:07,978 AUC of PRC = 0.5443
2026-03-29 20:38:07,978 min(+P, Se) = 0.5061
2026-03-29 20:38:07,978 f1_score = 0.5408 (threshold = -0.4006)
2026-03-29 20:38:07,979 Epoch 19: Train Loss 0.4535, Valid Loss 0.4224
2026-03-29 20:38:30,806 [[766 268]
 [ 23 141]]
2026-03-29 20:38:30,809 AUC of ROC = 0.8796
2026-03-29 20:38:30,810 AUC of PRC = 0.5531
2026-03-29 20:38:30,810 min(+P, Se) = 0.5333
2026-03-29 20:38:30,810 f1_score = 0.5515 (threshold = -0.2165)
2026-03-29 20:38:30,811 Epoch 20: Train Loss 0.4511, Valid Loss 0.4319
2026-03-29 20:38:53,713 [[875 159]
 [ 42 122]]
2026-03-29 20:38:53,716 AUC of ROC = 0.8781
2026-03-29 20:38:53,716 AUC of PRC = 0.5462
2026-03-29 20:38:53,716 min(+P, Se) = 0.5122
2026-03-29 20:38:53,716 f1_score = 0.5496 (threshold = -0.6755)
2026-03-29 20:38:53,717 Epoch 21: Train Loss 0.4436, Valid Loss 0.4263
2026-03-29 20:39:16,527 [[799 235]
 [ 29 135]]
2026-03-29 20:39:16,530 AUC of ROC = 0.8807
2026-03-29 20:39:16,530 AUC of PRC = 0.5516
2026-03-29 20:39:16,530 min(+P, Se) = 0.5122
2026-03-29 20:39:16,531 f1_score = 0.5693 (threshold = -0.4387)
2026-03-29 20:39:16,533 Epoch 22: Train Loss 0.4488, Valid Loss 0.4216
2026-03-29 20:39:39,385 [[808 226]
 [ 30 134]]
2026-03-29 20:39:39,388 AUC of ROC = 0.8804
2026-03-29 20:39:39,388 AUC of PRC = 0.5523
2026-03-29 20:39:39,389 min(+P, Se) = 0.5152
2026-03-29 20:39:39,389 f1_score = 0.5604 (threshold = -0.3984)
2026-03-29 20:39:39,389 Epoch 23: Train Loss 0.4411, Valid Loss 0.4204
2026-03-29 20:40:02,095 [[807 227]
 [ 29 135]]
2026-03-29 20:40:02,097 AUC of ROC = 0.8800
2026-03-29 20:40:02,098 AUC of PRC = 0.5514
2026-03-29 20:40:02,098 min(+P, Se) = 0.5122
2026-03-29 20:40:02,098 f1_score = 0.5598 (threshold = -0.4078)
2026-03-29 20:40:02,098 Epoch 24: Train Loss 0.4371, Valid Loss 0.4207
2026-03-29 20:40:25,027 [[814 220]
 [ 30 134]]
2026-03-29 20:40:25,030 AUC of ROC = 0.8797
2026-03-29 20:40:25,031 AUC of PRC = 0.5499
2026-03-29 20:40:25,031 min(+P, Se) = 0.5061
2026-03-29 20:40:25,031 f1_score = 0.5606 (threshold = -0.4287)
2026-03-29 20:40:25,032 Epoch 25: Train Loss 0.4365, Valid Loss 0.4201
2026-03-29 20:40:25,056 last saved model is in epoch 16
2026-03-29 20:40:26,390 [[805 204]
 [ 46 145]]
2026-03-29 20:40:26,395 AUC of ROC = 0.8579
2026-03-29 20:40:26,395 AUC of PRC = 0.5523
2026-03-29 20:40:26,396 min(+P, Se) = 0.5550
2026-03-29 20:40:26,396 f1_score = 0.5618 (threshold = -0.6832)
2026-03-29 20:40:26,396 Test Loss 0.4740
