2026-03-05 16:50:22,835 {
    "dataset": "c19",
    "data_dropout": 0.0,
    "epochs": 25,
    "lr": 0.001,
    "d_model": 32,
    "seed": 1,
    "batch_size": 256,
    "dropout": 0.1,
    "save_model": true,
    "save_dir": "./export/c19\\smart-smile\\seed_1",
    "local_rank": 0,
    "min_mask_ratio": 0.0,
    "max_mask_ratio": 0.75,
    "e_layers": 2,
    "n_heads": 4,
    "time_dim": 16,
    "use_film": false,
    "use_smile": true,
    "use_mnar": false,
    "save_last": false,
    "smile_no_mnar": false,
    "smile_no_curriculum": false,
    "smile_mask_type": "all",
    "smile_mnar_dropout": 0.05
}
2026-03-05 16:50:26,670 Dataset Loaded.
2026-03-05 16:50:26,671 SMILE system_groups: {'cardiovascular': 2, 'respiratory': 7, 'lab': 25}
2026-03-05 16:57:08,949 Epoch 1: Train Loss 0.1958, Valid Loss 0.0521
2026-03-05 16:57:08,950 ----- Save best model - L1: 0.0521 -----
2026-03-05 17:03:51,403 Epoch 2: Train Loss 0.1061, Valid Loss 0.0378
2026-03-05 17:03:51,405 ----- Save best model - L1: 0.0378 -----
2026-03-05 17:10:30,303 Epoch 3: Train Loss 0.0952, Valid Loss 0.0355
2026-03-05 17:10:30,304 ----- Save best model - L1: 0.0355 -----
2026-03-05 17:17:25,327 Epoch 4: Train Loss 0.0902, Valid Loss 0.0335
2026-03-05 17:17:25,328 ----- Save best model - L1: 0.0335 -----
2026-03-05 17:24:15,713 Epoch 5: Train Loss 0.0868, Valid Loss 0.0330
2026-03-05 17:24:15,714 ----- Save best model - L1: 0.0330 -----
2026-03-05 17:31:08,429 Epoch 6: Train Loss 0.0847, Valid Loss 0.0333
2026-03-05 17:37:51,645 Epoch 7: Train Loss 0.0790, Valid Loss 0.0316
2026-03-05 17:37:51,646 ----- Save best model - L1: 0.0316 -----
2026-03-05 17:44:36,937 Epoch 8: Train Loss 0.0744, Valid Loss 0.0314
2026-03-05 17:44:36,938 ----- Save best model - L1: 0.0314 -----
2026-03-05 17:51:16,362 Epoch 9: Train Loss 0.0705, Valid Loss 0.0310
2026-03-05 17:51:16,363 ----- Save best model - L1: 0.0310 -----
2026-03-05 17:57:58,145 Epoch 10: Train Loss 0.0693, Valid Loss 0.0305
2026-03-05 17:57:58,146 ----- Save best model - L1: 0.0305 -----
2026-03-05 18:04:40,448 Epoch 11: Train Loss 0.0679, Valid Loss 0.0301
2026-03-05 18:04:40,449 ----- Save best model - L1: 0.0301 -----
2026-03-05 18:11:19,775 Epoch 12: Train Loss 0.0685, Valid Loss 0.0309
2026-03-05 18:18:06,882 Epoch 13: Train Loss 0.0671, Valid Loss 0.0325
2026-03-05 18:24:45,502 Epoch 14: Train Loss 0.0650, Valid Loss 0.0315
2026-03-05 18:31:31,559 Epoch 15: Train Loss 0.0647, Valid Loss 0.0309
2026-03-05 18:38:10,659 Epoch 16: Train Loss 0.0645, Valid Loss 0.0316
2026-03-05 18:44:56,214 Epoch 17: Train Loss 0.0653, Valid Loss 0.0328
2026-03-05 18:51:42,854 Epoch 18: Train Loss 0.0639, Valid Loss 0.0315
2026-03-05 18:58:37,905 Epoch 19: Train Loss 0.0630, Valid Loss 0.0308
2026-03-05 19:04:59,649 Epoch 20: Train Loss 0.0650, Valid Loss 0.0317
2026-03-05 19:11:27,719 Epoch 21: Train Loss 0.0632, Valid Loss 0.0307
2026-03-05 19:17:54,684 Epoch 22: Train Loss 0.0625, Valid Loss 0.0308
2026-03-05 19:24:18,706 Epoch 23: Train Loss 0.0615, Valid Loss 0.0307
2026-03-05 19:30:49,879 Epoch 24: Train Loss 0.0634, Valid Loss 0.0302
2026-03-05 19:37:13,913 Epoch 25: Train Loss 0.0626, Valid Loss 0.0316
2026-03-05 19:37:13,995 last saved model is in epoch 11
2026-03-05 19:37:54,906 Test Loss 0.0303
2026-03-05 19:38:05,413 {
    "dataset": "c19",
    "data_dropout": 0.0,
    "epochs": 25,
    "freeze_epochs": 5,
    "lr": 0.001,
    "d_model": 32,
    "seed": 1,
    "batch_size": 256,
    "dropout": 0.1,
    "save_model": true,
    "save_dir": "./export/c19\\smart-smile\\seed_1",
    "local_rank": 0,
    "e_layers": 2,
    "n_heads": 4,
    "time_dim": 16,
    "use_film": false,
    "use_smile": true,
    "use_mnar": false,
    "smile_no_mnar": false,
    "smile_no_curriculum": false,
    "smile_mask_type": "all",
    "smile_mnar_dropout": 0.05
}
2026-03-05 19:38:10,636 Dataset Loaded.
2026-03-05 19:38:13,340 last saved model is in epoch 11
2026-03-05 19:38:49,283 [[3719    4]
 [ 295   15]]
2026-03-05 19:38:49,287 AUC of ROC = 0.8053
2026-03-05 19:38:49,288 AUC of PRC = 0.3362
2026-03-05 19:38:49,288 min(+P, Se) = 0.4000
2026-03-05 19:38:49,288 f1_score = 0.0912
2026-03-05 19:38:49,288 Epoch 1: Train Loss 0.2558, Valid Loss 0.2189
2026-03-05 19:38:49,288 ----- Save best model - auprc: 0.3362 -----
2026-03-05 19:39:24,236 [[3641   82]
 [ 190  120]]
2026-03-05 19:39:24,241 AUC of ROC = 0.8466
2026-03-05 19:39:24,241 AUC of PRC = 0.4340
2026-03-05 19:39:24,243 min(+P, Se) = 0.4806
2026-03-05 19:39:24,243 f1_score = 0.4688
2026-03-05 19:39:24,243 Epoch 2: Train Loss 0.1943, Valid Loss 0.2034
2026-03-05 19:39:24,244 ----- Save best model - auprc: 0.4340 -----
2026-03-05 19:39:59,429 [[3711   12]
 [ 265   45]]
2026-03-05 19:39:59,433 AUC of ROC = 0.8564
2026-03-05 19:39:59,434 AUC of PRC = 0.4360
2026-03-05 19:39:59,434 min(+P, Se) = 0.4677
2026-03-05 19:39:59,434 f1_score = 0.2452
2026-03-05 19:39:59,434 Epoch 3: Train Loss 0.1863, Valid Loss 0.2048
2026-03-05 19:39:59,435 ----- Save best model - auprc: 0.4360 -----
2026-03-05 19:40:34,548 [[3691   32]
 [ 227   83]]
2026-03-05 19:40:34,553 AUC of ROC = 0.8740
2026-03-05 19:40:34,553 AUC of PRC = 0.4991
2026-03-05 19:40:34,553 min(+P, Se) = 0.5290
2026-03-05 19:40:34,554 f1_score = 0.3906
2026-03-05 19:40:34,555 Epoch 4: Train Loss 0.1775, Valid Loss 0.1847
2026-03-05 19:40:34,555 ----- Save best model - auprc: 0.4991 -----
2026-03-05 19:41:10,222 [[3697   26]
 [ 231   79]]
2026-03-05 19:41:10,227 AUC of ROC = 0.8764
2026-03-05 19:41:10,227 AUC of PRC = 0.4914
2026-03-05 19:41:10,228 min(+P, Se) = 0.5129
2026-03-05 19:41:10,228 f1_score = 0.3807
2026-03-05 19:41:10,229 Epoch 5: Train Loss 0.1756, Valid Loss 0.1840
2026-03-05 19:42:07,903 [[3712   11]
 [ 276   34]]
2026-03-05 19:42:07,907 AUC of ROC = 0.8791
2026-03-05 19:42:07,908 AUC of PRC = 0.4848
2026-03-05 19:42:07,909 min(+P, Se) = 0.5000
2026-03-05 19:42:07,909 f1_score = 0.1915
2026-03-05 19:42:07,909 Epoch 6: Train Loss 0.2678, Valid Loss 0.2063
2026-03-05 19:43:05,489 [[3705   18]
 [ 245   65]]
2026-03-05 19:43:05,494 AUC of ROC = 0.9091
2026-03-05 19:43:05,494 AUC of PRC = 0.6063
2026-03-05 19:43:05,494 min(+P, Se) = 0.6065
2026-03-05 19:43:05,495 f1_score = 0.3308
2026-03-05 19:43:05,495 Epoch 7: Train Loss 0.1687, Valid Loss 0.1815
2026-03-05 19:43:05,497 ----- Save best model - auprc: 0.6063 -----
2026-03-05 19:44:03,640 [[3670   53]
 [ 144  166]]
2026-03-05 19:44:03,644 AUC of ROC = 0.9225
2026-03-05 19:44:03,644 AUC of PRC = 0.6670
2026-03-05 19:44:03,645 min(+P, Se) = 0.6452
2026-03-05 19:44:03,645 f1_score = 0.6276
2026-03-05 19:44:03,646 Epoch 8: Train Loss 0.1449, Valid Loss 0.1517
2026-03-05 19:44:03,646 ----- Save best model - auprc: 0.6670 -----
2026-03-05 19:45:01,240 [[3682   41]
 [ 148  162]]
2026-03-05 19:45:01,245 AUC of ROC = 0.9344
2026-03-05 19:45:01,245 AUC of PRC = 0.7120
2026-03-05 19:45:01,246 min(+P, Se) = 0.6839
2026-03-05 19:45:01,246 f1_score = 0.6316
2026-03-05 19:45:01,247 Epoch 9: Train Loss 0.1270, Valid Loss 0.1407
2026-03-05 19:45:01,247 ----- Save best model - auprc: 0.7120 -----
2026-03-05 19:45:58,870 [[3698   25]
 [ 153  157]]
2026-03-05 19:45:58,874 AUC of ROC = 0.9365
2026-03-05 19:45:58,874 AUC of PRC = 0.7205
2026-03-05 19:45:58,874 min(+P, Se) = 0.6817
2026-03-05 19:45:58,875 f1_score = 0.6382
2026-03-05 19:45:58,876 Epoch 10: Train Loss 0.1199, Valid Loss 0.1350
2026-03-05 19:45:58,876 ----- Save best model - auprc: 0.7205 -----
2026-03-05 19:46:56,539 [[3700   23]
 [ 160  150]]
2026-03-05 19:46:56,544 AUC of ROC = 0.9435
2026-03-05 19:46:56,544 AUC of PRC = 0.7390
2026-03-05 19:46:56,544 min(+P, Se) = 0.6881
2026-03-05 19:46:56,544 f1_score = 0.6211
2026-03-05 19:46:56,545 Epoch 11: Train Loss 0.1157, Valid Loss 0.1437
2026-03-05 19:46:56,546 ----- Save best model - auprc: 0.7390 -----
2026-03-05 19:47:54,188 [[3634   89]
 [ 107  203]]
2026-03-05 19:47:54,192 AUC of ROC = 0.9405
2026-03-05 19:47:54,193 AUC of PRC = 0.7365
2026-03-05 19:47:54,193 min(+P, Se) = 0.6806
2026-03-05 19:47:54,193 f1_score = 0.6744
2026-03-05 19:47:54,194 Epoch 12: Train Loss 0.1122, Valid Loss 0.1423
2026-03-05 19:48:51,827 [[3624   99]
 [  98  212]]
2026-03-05 19:48:51,832 AUC of ROC = 0.9427
2026-03-05 19:48:51,833 AUC of PRC = 0.7245
2026-03-05 19:48:51,833 min(+P, Se) = 0.6806
2026-03-05 19:48:51,833 f1_score = 0.6828
2026-03-05 19:48:51,834 Epoch 13: Train Loss 0.1105, Valid Loss 0.1375
2026-03-05 19:49:49,535 [[3619  104]
 [  90  220]]
2026-03-05 19:49:49,539 AUC of ROC = 0.9401
2026-03-05 19:49:49,539 AUC of PRC = 0.7555
2026-03-05 19:49:49,539 min(+P, Se) = 0.6968
2026-03-05 19:49:49,541 f1_score = 0.6940
2026-03-05 19:49:49,541 Epoch 14: Train Loss 0.1087, Valid Loss 0.1429
2026-03-05 19:49:49,542 ----- Save best model - auprc: 0.7555 -----
2026-03-05 19:50:47,205 [[3682   41]
 [ 125  185]]
2026-03-05 19:50:47,209 AUC of ROC = 0.9470
2026-03-05 19:50:47,209 AUC of PRC = 0.7575
2026-03-05 19:50:47,209 min(+P, Se) = 0.6903
2026-03-05 19:50:47,210 f1_score = 0.6903
2026-03-05 19:50:47,211 Epoch 15: Train Loss 0.1074, Valid Loss 0.1263
2026-03-05 19:50:47,211 ----- Save best model - auprc: 0.7575 -----
2026-03-05 19:51:44,888 [[3688   35]
 [ 140  170]]
2026-03-05 19:51:44,892 AUC of ROC = 0.9479
2026-03-05 19:51:44,892 AUC of PRC = 0.7588
2026-03-05 19:51:44,893 min(+P, Se) = 0.6935
2026-03-05 19:51:44,893 f1_score = 0.6602
2026-03-05 19:51:44,893 Epoch 16: Train Loss 0.1053, Valid Loss 0.1341
2026-03-05 19:51:44,894 ----- Save best model - auprc: 0.7588 -----
2026-03-05 19:52:42,543 [[3665   58]
 [ 109  201]]
2026-03-05 19:52:42,548 AUC of ROC = 0.9485
2026-03-05 19:52:42,549 AUC of PRC = 0.7597
2026-03-05 19:52:42,549 min(+P, Se) = 0.6935
2026-03-05 19:52:42,549 f1_score = 0.7065
2026-03-05 19:52:42,549 Epoch 17: Train Loss 0.1021, Valid Loss 0.1224
2026-03-05 19:52:42,551 ----- Save best model - auprc: 0.7597 -----
2026-03-05 19:53:40,167 [[3665   58]
 [ 114  196]]
2026-03-05 19:53:40,172 AUC of ROC = 0.9486
2026-03-05 19:53:40,172 AUC of PRC = 0.7586
2026-03-05 19:53:40,173 min(+P, Se) = 0.6903
2026-03-05 19:53:40,173 f1_score = 0.6950
2026-03-05 19:53:40,174 Epoch 18: Train Loss 0.1027, Valid Loss 0.1268
2026-03-05 19:54:37,776 [[3665   58]
 [ 111  199]]
2026-03-05 19:54:37,780 AUC of ROC = 0.9478
2026-03-05 19:54:37,780 AUC of PRC = 0.7584
2026-03-05 19:54:37,780 min(+P, Se) = 0.6977
2026-03-05 19:54:37,781 f1_score = 0.7019
2026-03-05 19:54:37,781 Epoch 19: Train Loss 0.1022, Valid Loss 0.1271
2026-03-05 19:55:35,472 [[3653   70]
 [ 104  206]]
2026-03-05 19:55:35,477 AUC of ROC = 0.9542
2026-03-05 19:55:35,477 AUC of PRC = 0.7562
2026-03-05 19:55:35,477 min(+P, Se) = 0.6903
2026-03-05 19:55:35,478 f1_score = 0.7031
2026-03-05 19:55:35,478 Epoch 20: Train Loss 0.1006, Valid Loss 0.1220
2026-03-05 19:56:33,871 [[3698   25]
 [ 143  167]]
2026-03-05 19:56:33,875 AUC of ROC = 0.9523
2026-03-05 19:56:33,876 AUC of PRC = 0.7647
2026-03-05 19:56:33,876 min(+P, Se) = 0.6871
2026-03-05 19:56:33,876 f1_score = 0.6653
2026-03-05 19:56:33,876 Epoch 21: Train Loss 0.0996, Valid Loss 0.1312
2026-03-05 19:56:33,878 ----- Save best model - auprc: 0.7647 -----
2026-03-05 19:57:31,586 [[3663   60]
 [ 106  204]]
2026-03-05 19:57:31,591 AUC of ROC = 0.9514
2026-03-05 19:57:31,591 AUC of PRC = 0.7641
2026-03-05 19:57:31,591 min(+P, Se) = 0.6968
2026-03-05 19:57:31,592 f1_score = 0.7108
2026-03-05 19:57:31,592 Epoch 22: Train Loss 0.1032, Valid Loss 0.1273
2026-03-05 19:58:29,483 [[3689   34]
 [ 125  185]]
2026-03-05 19:58:29,488 AUC of ROC = 0.9512
2026-03-05 19:58:29,488 AUC of PRC = 0.7641
2026-03-05 19:58:29,488 min(+P, Se) = 0.6945
2026-03-05 19:58:29,489 f1_score = 0.6994
2026-03-05 19:58:29,489 Epoch 23: Train Loss 0.0980, Valid Loss 0.1209
2026-03-05 19:59:27,395 [[3670   53]
 [ 113  197]]
2026-03-05 19:59:27,400 AUC of ROC = 0.9522
2026-03-05 19:59:27,400 AUC of PRC = 0.7593
2026-03-05 19:59:27,400 min(+P, Se) = 0.6839
2026-03-05 19:59:27,400 f1_score = 0.7036
2026-03-05 19:59:27,401 Epoch 24: Train Loss 0.0957, Valid Loss 0.1252
2026-03-05 20:00:25,014 [[3669   54]
 [ 117  193]]
2026-03-05 20:00:25,019 AUC of ROC = 0.9535
2026-03-05 20:00:25,019 AUC of PRC = 0.7561
2026-03-05 20:00:25,019 min(+P, Se) = 0.6806
2026-03-05 20:00:25,019 f1_score = 0.6930
2026-03-05 20:00:25,020 Epoch 25: Train Loss 0.0945, Valid Loss 0.1286
2026-03-05 20:00:25,036 last saved model is in epoch 21
2026-03-05 20:00:28,791 [[3735   23]
 [ 132  144]]
2026-03-05 20:00:28,796 AUC of ROC = 0.9477
2026-03-05 20:00:28,797 AUC of PRC = 0.7831
2026-03-05 20:00:28,797 min(+P, Se) = 0.7143
2026-03-05 20:00:28,797 f1_score = 0.6501
2026-03-05 20:00:28,798 Test Loss 0.1162
2026-03-07 11:26:51,343 {
    "dataset": "c19",
    "data_dropout": 0.0,
    "epochs": 25,
    "lr": 0.001,
    "d_model": 32,
    "seed": 1,
    "batch_size": 64,
    "dropout": 0.1,
    "save_model": true,
    "save_dir": "./export/c19/smart-smile/seed_1",
    "local_rank": 0,
    "min_mask_ratio": 0.0,
    "max_mask_ratio": 0.75,
    "e_layers": 2,
    "n_heads": 4,
    "time_dim": 16,
    "use_film": false,
    "use_smile": true,
    "use_mnar": false,
    "save_last": false,
    "smile_no_mnar": false,
    "smile_no_curriculum": false,
    "smile_mask_type": "all",
    "smile_mnar_dropout": 0.05
}
2026-03-07 11:27:01,688 Dataset Loaded.
2026-03-07 11:27:01,688 SMILE system_groups: {'cardiovascular': 2, 'respiratory': 7, 'lab': 25}
2026-03-07 11:28:36,290 Epoch 1: Train Loss 0.1242, Valid Loss 0.0365
2026-03-07 11:28:36,293 ----- Save best model - L1: 0.0365 -----
2026-03-07 11:30:08,202 Epoch 2: Train Loss 0.0820, Valid Loss 0.0333
2026-03-07 11:30:08,202 ----- Save best model - L1: 0.0333 -----
2026-03-07 11:31:41,725 Epoch 3: Train Loss 0.0671, Valid Loss 0.0341
2026-03-07 11:33:14,680 Epoch 4: Train Loss 0.0677, Valid Loss 0.0372
2026-03-07 11:34:46,687 Epoch 5: Train Loss 0.0727, Valid Loss 0.0412
2026-03-07 11:36:18,457 Epoch 6: Train Loss 0.0751, Valid Loss 0.0406
2026-03-07 11:37:52,944 Epoch 7: Train Loss 0.0729, Valid Loss 0.0396
2026-03-07 11:39:27,853 Epoch 8: Train Loss 0.0705, Valid Loss 0.0365
2026-03-07 11:40:59,574 Epoch 9: Train Loss 0.0677, Valid Loss 0.0357
2026-03-07 11:42:30,982 Epoch 10: Train Loss 0.0671, Valid Loss 0.0348
2026-03-07 11:44:02,362 Epoch 11: Train Loss 0.0655, Valid Loss 0.0333
2026-03-07 11:44:02,363 ----- Save best model - L1: 0.0333 -----
2026-03-07 11:45:33,846 Epoch 12: Train Loss 0.0659, Valid Loss 0.0337
2026-03-07 11:47:05,389 Epoch 13: Train Loss 0.0665, Valid Loss 0.0336
2026-03-07 11:48:36,910 Epoch 14: Train Loss 0.0664, Valid Loss 0.0335
2026-03-07 11:50:08,311 Epoch 15: Train Loss 0.0673, Valid Loss 0.0329
2026-03-07 11:50:08,312 ----- Save best model - L1: 0.0329 -----
2026-03-07 11:51:40,062 Epoch 16: Train Loss 0.0677, Valid Loss 0.0352
2026-03-07 11:53:11,709 Epoch 17: Train Loss 0.0690, Valid Loss 0.0356
2026-03-07 11:54:44,325 Epoch 18: Train Loss 0.0718, Valid Loss 0.0363
2026-03-07 11:56:15,914 Epoch 19: Train Loss 0.0727, Valid Loss 0.0374
2026-03-07 11:57:47,336 Epoch 20: Train Loss 0.0731, Valid Loss 0.0366
2026-03-07 11:59:19,131 Epoch 21: Train Loss 0.0741, Valid Loss 0.0383
2026-03-07 12:00:50,608 Epoch 22: Train Loss 0.0743, Valid Loss 0.0386
2026-03-07 12:02:21,980 Epoch 23: Train Loss 0.0753, Valid Loss 0.0387
2026-03-07 12:03:53,393 Epoch 24: Train Loss 0.0755, Valid Loss 0.0383
2026-03-07 12:05:24,906 Epoch 25: Train Loss 0.0749, Valid Loss 0.0389
2026-03-07 12:05:25,104 last saved model is in epoch 15
2026-03-07 12:05:31,648 Test Loss 0.0326
2026-03-07 12:05:40,784 {
    "dataset": "c19",
    "data_dropout": 0.0,
    "epochs": 25,
    "freeze_epochs": 5,
    "lr": 0.001,
    "d_model": 32,
    "seed": 1,
    "batch_size": 64,
    "dropout": 0.1,
    "save_model": true,
    "save_dir": "./export/c19/smart-smile/seed_1",
    "local_rank": 0,
    "e_layers": 2,
    "n_heads": 4,
    "time_dim": 16,
    "use_film": false,
    "use_smile": true,
    "use_mnar": false,
    "smile_no_mnar": false,
    "smile_no_curriculum": false,
    "smile_mask_type": "all",
    "smile_mnar_dropout": 0.05
}
2026-03-07 12:05:52,312 Dataset Loaded.
2026-03-07 12:05:54,094 last saved model is in epoch 15
2026-03-07 12:06:27,623 [[3718    5]
 [ 297   13]]
2026-03-07 12:06:27,631 AUC of ROC = 0.8454
2026-03-07 12:06:27,632 AUC of PRC = 0.3491
2026-03-07 12:06:27,633 min(+P, Se) = 0.4121
2026-03-07 12:06:27,634 f1_score = 0.0793
2026-03-07 12:06:27,636 Epoch 1: Train Loss 0.2270, Valid Loss 0.2260
2026-03-07 12:06:27,642 ----- Save best model - auprc: 0.3491 -----
2026-03-07 12:07:00,024 [[3631   92]
 [ 208  102]]
2026-03-07 12:07:00,027 AUC of ROC = 0.8699
2026-03-07 12:07:00,030 AUC of PRC = 0.4290
2026-03-07 12:07:00,031 min(+P, Se) = 0.4728
2026-03-07 12:07:00,031 f1_score = 0.4048
2026-03-07 12:07:00,032 Epoch 2: Train Loss 0.1998, Valid Loss 0.2053
2026-03-07 12:07:00,033 ----- Save best model - auprc: 0.4290 -----
2026-03-07 12:07:32,456 [[3699   24]
 [ 246   64]]
2026-03-07 12:07:32,460 AUC of ROC = 0.8802
2026-03-07 12:07:32,460 AUC of PRC = 0.4883
2026-03-07 12:07:32,461 min(+P, Se) = 0.4742
2026-03-07 12:07:32,461 f1_score = 0.3216
2026-03-07 12:07:32,462 Epoch 3: Train Loss 0.1881, Valid Loss 0.1843
2026-03-07 12:07:32,462 ----- Save best model - auprc: 0.4883 -----
2026-03-07 12:08:04,879 [[3641   82]
 [ 193  117]]
2026-03-07 12:08:04,883 AUC of ROC = 0.8851
2026-03-07 12:08:04,883 AUC of PRC = 0.5206
2026-03-07 12:08:04,884 min(+P, Se) = 0.5323
2026-03-07 12:08:04,884 f1_score = 0.4597
2026-03-07 12:08:04,885 Epoch 4: Train Loss 0.1864, Valid Loss 0.1891
2026-03-07 12:08:04,885 ----- Save best model - auprc: 0.5206 -----
2026-03-07 12:08:39,382 [[3715    8]
 [ 268   42]]
2026-03-07 12:08:39,386 AUC of ROC = 0.8804
2026-03-07 12:08:39,386 AUC of PRC = 0.5157
2026-03-07 12:08:39,386 min(+P, Se) = 0.5080
2026-03-07 12:08:39,387 f1_score = 0.2333
2026-03-07 12:08:39,387 Epoch 5: Train Loss 0.1810, Valid Loss 0.1965
2026-03-07 12:09:39,378 [[3692   31]
 [ 159  151]]
2026-03-07 12:09:39,381 AUC of ROC = 0.9222
2026-03-07 12:09:39,381 AUC of PRC = 0.7026
2026-03-07 12:09:39,381 min(+P, Se) = 0.6742
2026-03-07 12:09:39,381 f1_score = 0.6138
2026-03-07 12:09:39,382 Epoch 6: Train Loss 0.1593, Valid Loss 0.1429
2026-03-07 12:09:39,382 ----- Save best model - auprc: 0.7026 -----
2026-03-07 12:10:39,197 [[3677   46]
 [ 130  180]]
2026-03-07 12:10:39,200 AUC of ROC = 0.9355
2026-03-07 12:10:39,201 AUC of PRC = 0.7361
2026-03-07 12:10:39,201 min(+P, Se) = 0.6849
2026-03-07 12:10:39,202 f1_score = 0.6716
2026-03-07 12:10:39,202 Epoch 7: Train Loss 0.1236, Valid Loss 0.1313
2026-03-07 12:10:39,203 ----- Save best model - auprc: 0.7361 -----
2026-03-07 12:11:38,916 [[3702   21]
 [ 142  168]]
2026-03-07 12:11:38,919 AUC of ROC = 0.9419
2026-03-07 12:11:38,920 AUC of PRC = 0.7669
2026-03-07 12:11:38,920 min(+P, Se) = 0.6774
2026-03-07 12:11:38,920 f1_score = 0.6733
2026-03-07 12:11:38,921 Epoch 8: Train Loss 0.1173, Valid Loss 0.1262
2026-03-07 12:11:38,922 ----- Save best model - auprc: 0.7669 -----
2026-03-07 12:12:38,717 [[3675   48]
 [ 123  187]]
2026-03-07 12:12:38,720 AUC of ROC = 0.9396
2026-03-07 12:12:38,721 AUC of PRC = 0.7620
2026-03-07 12:12:38,721 min(+P, Se) = 0.6839
2026-03-07 12:12:38,721 f1_score = 0.6862
2026-03-07 12:12:38,722 Epoch 9: Train Loss 0.1121, Valid Loss 0.1250
2026-03-07 12:13:38,441 [[3700   23]
 [ 148  162]]
2026-03-07 12:13:38,444 AUC of ROC = 0.9442
2026-03-07 12:13:38,444 AUC of PRC = 0.7729
2026-03-07 12:13:38,445 min(+P, Se) = 0.7065
2026-03-07 12:13:38,445 f1_score = 0.6545
2026-03-07 12:13:38,445 Epoch 10: Train Loss 0.1094, Valid Loss 0.1291
2026-03-07 12:13:38,446 ----- Save best model - auprc: 0.7729 -----
2026-03-07 12:14:38,575 [[3658   65]
 [ 105  205]]
2026-03-07 12:14:38,578 AUC of ROC = 0.9387
2026-03-07 12:14:38,578 AUC of PRC = 0.7647
2026-03-07 12:14:38,579 min(+P, Se) = 0.7065
2026-03-07 12:14:38,579 f1_score = 0.7069
2026-03-07 12:14:38,580 Epoch 11: Train Loss 0.1055, Valid Loss 0.1256
2026-03-07 12:15:39,007 [[3616  107]
 [  90  220]]
2026-03-07 12:15:39,010 AUC of ROC = 0.9490
2026-03-07 12:15:39,010 AUC of PRC = 0.7684
2026-03-07 12:15:39,011 min(+P, Se) = 0.7000
2026-03-07 12:15:39,011 f1_score = 0.6907
2026-03-07 12:15:39,011 Epoch 12: Train Loss 0.1050, Valid Loss 0.1382
2026-03-07 12:16:39,432 [[3692   31]
 [ 123  187]]
2026-03-07 12:16:39,435 AUC of ROC = 0.9486
2026-03-07 12:16:39,435 AUC of PRC = 0.7732
2026-03-07 12:16:39,435 min(+P, Se) = 0.7000
2026-03-07 12:16:39,436 f1_score = 0.7083
2026-03-07 12:16:39,436 Epoch 13: Train Loss 0.1028, Valid Loss 0.1228
2026-03-07 12:16:39,436 ----- Save best model - auprc: 0.7732 -----
2026-03-07 12:17:38,849 [[3649   74]
 [  93  217]]
2026-03-07 12:17:38,853 AUC of ROC = 0.9404
2026-03-07 12:17:38,853 AUC of PRC = 0.7795
2026-03-07 12:17:38,853 min(+P, Se) = 0.7106
2026-03-07 12:17:38,854 f1_score = 0.7221
2026-03-07 12:17:38,854 Epoch 14: Train Loss 0.1012, Valid Loss 0.1247
2026-03-07 12:17:38,855 ----- Save best model - auprc: 0.7795 -----
2026-03-07 12:18:38,281 [[3695   28]
 [ 128  182]]
2026-03-07 12:18:38,284 AUC of ROC = 0.9496
2026-03-07 12:18:38,284 AUC of PRC = 0.7803
2026-03-07 12:18:38,285 min(+P, Se) = 0.7042
2026-03-07 12:18:38,285 f1_score = 0.7000
2026-03-07 12:18:38,285 Epoch 15: Train Loss 0.0996, Valid Loss 0.1224
2026-03-07 12:18:38,286 ----- Save best model - auprc: 0.7803 -----
2026-03-07 12:19:37,760 [[3655   68]
 [ 101  209]]
2026-03-07 12:19:37,763 AUC of ROC = 0.9483
2026-03-07 12:19:37,763 AUC of PRC = 0.7694
2026-03-07 12:19:37,764 min(+P, Se) = 0.6968
2026-03-07 12:19:37,764 f1_score = 0.7121
2026-03-07 12:19:37,764 Epoch 16: Train Loss 0.0949, Valid Loss 0.1251
2026-03-07 12:20:36,932 [[3689   34]
 [ 125  185]]
2026-03-07 12:20:36,935 AUC of ROC = 0.9454
2026-03-07 12:20:36,936 AUC of PRC = 0.7726
2026-03-07 12:20:36,936 min(+P, Se) = 0.7032
2026-03-07 12:20:36,936 f1_score = 0.6994
2026-03-07 12:20:36,937 Epoch 17: Train Loss 0.0964, Valid Loss 0.1263
2026-03-07 12:21:36,352 [[3687   36]
 [ 129  181]]
2026-03-07 12:21:36,355 AUC of ROC = 0.9550
2026-03-07 12:21:36,355 AUC of PRC = 0.7905
2026-03-07 12:21:36,356 min(+P, Se) = 0.7129
2026-03-07 12:21:36,356 f1_score = 0.6869
2026-03-07 12:21:36,357 Epoch 18: Train Loss 0.0938, Valid Loss 0.1269
2026-03-07 12:21:36,357 ----- Save best model - auprc: 0.7905 -----
2026-03-07 12:22:36,003 [[3670   53]
 [ 114  196]]
2026-03-07 12:22:36,007 AUC of ROC = 0.9445
2026-03-07 12:22:36,007 AUC of PRC = 0.7590
2026-03-07 12:22:36,007 min(+P, Se) = 0.7161
2026-03-07 12:22:36,008 f1_score = 0.7013
2026-03-07 12:22:36,008 Epoch 19: Train Loss 0.0919, Valid Loss 0.1273
2026-03-07 12:23:36,106 [[3670   53]
 [ 104  206]]
2026-03-07 12:23:36,109 AUC of ROC = 0.9524
2026-03-07 12:23:36,110 AUC of PRC = 0.7879
2026-03-07 12:23:36,110 min(+P, Se) = 0.7235
2026-03-07 12:23:36,111 f1_score = 0.7241
2026-03-07 12:23:36,111 Epoch 20: Train Loss 0.0887, Valid Loss 0.1218
2026-03-07 12:24:35,792 [[3650   73]
 [ 106  204]]
2026-03-07 12:24:35,795 AUC of ROC = 0.9423
2026-03-07 12:24:35,796 AUC of PRC = 0.7572
2026-03-07 12:24:35,796 min(+P, Se) = 0.7061
2026-03-07 12:24:35,797 f1_score = 0.6951
2026-03-07 12:24:35,797 Epoch 21: Train Loss 0.0883, Valid Loss 0.1401
2026-03-07 12:25:35,231 [[3660   63]
 [ 107  203]]
2026-03-07 12:25:35,234 AUC of ROC = 0.9464
2026-03-07 12:25:35,235 AUC of PRC = 0.7740
2026-03-07 12:25:35,235 min(+P, Se) = 0.6903
2026-03-07 12:25:35,236 f1_score = 0.7049
2026-03-07 12:25:35,236 Epoch 22: Train Loss 0.0878, Valid Loss 0.1315
2026-03-07 12:26:34,667 [[3693   30]
 [ 141  169]]
2026-03-07 12:26:34,670 AUC of ROC = 0.9467
2026-03-07 12:26:34,671 AUC of PRC = 0.7626
2026-03-07 12:26:34,671 min(+P, Se) = 0.6881
2026-03-07 12:26:34,672 f1_score = 0.6640
2026-03-07 12:26:34,672 Epoch 23: Train Loss 0.0852, Valid Loss 0.1514
2026-03-07 12:27:34,235 [[3684   39]
 [ 120  190]]
2026-03-07 12:27:34,238 AUC of ROC = 0.9483
2026-03-07 12:27:34,239 AUC of PRC = 0.7759
2026-03-07 12:27:34,239 min(+P, Se) = 0.7032
2026-03-07 12:27:34,239 f1_score = 0.7050
2026-03-07 12:27:34,240 Epoch 24: Train Loss 0.0848, Valid Loss 0.1291
2026-03-07 12:28:33,646 [[3681   42]
 [ 125  185]]
2026-03-07 12:28:33,649 AUC of ROC = 0.9412
2026-03-07 12:28:33,649 AUC of PRC = 0.7587
2026-03-07 12:28:33,650 min(+P, Se) = 0.6871
2026-03-07 12:28:33,650 f1_score = 0.6890
2026-03-07 12:28:33,651 Epoch 25: Train Loss 0.0811, Valid Loss 0.1359
2026-03-07 12:28:33,667 last saved model is in epoch 18
2026-03-07 12:28:37,019 [[3723   35]
 [ 120  156]]
2026-03-07 12:28:37,022 AUC of ROC = 0.9385
2026-03-07 12:28:37,023 AUC of PRC = 0.7595
2026-03-07 12:28:37,023 min(+P, Se) = 0.6884
2026-03-07 12:28:37,023 f1_score = 0.6681
2026-03-07 12:28:37,024 Test Loss 0.1256
2026-03-08 00:26:13,760 {
    "dataset": "c19",
    "data_dropout": 0.0,
    "epochs": 25,
    "lr": 0.001,
    "d_model": 32,
    "seed": 1,
    "batch_size": 64,
    "dropout": 0.1,
    "save_model": true,
    "save_dir": "./export/c19/smart-smile/seed_1",
    "local_rank": 0,
    "min_mask_ratio": 0.0,
    "max_mask_ratio": 0.75,
    "e_layers": 2,
    "n_heads": 4,
    "time_dim": 16,
    "use_film": false,
    "use_smile": true,
    "use_mnar": false,
    "save_last": false,
    "smile_no_mnar": false,
    "smile_no_curriculum": false,
    "smile_mask_type": "all",
    "smile_mnar_dropout": 0.05
}
2026-03-08 00:26:23,718 Dataset Loaded.
2026-03-08 00:26:23,718 SMILE system_groups: {'cardiovascular': 2, 'respiratory': 7, 'lab': 25}
2026-03-08 00:27:56,722 Epoch 1: Train Loss 0.1242, Valid Loss 0.0365
2026-03-08 00:27:56,738 ----- Save best model - L1: 0.0365 -----
2026-03-08 00:29:28,728 Epoch 2: Train Loss 0.0820, Valid Loss 0.0333
2026-03-08 00:29:28,731 ----- Save best model - L1: 0.0333 -----
2026-03-08 00:31:00,768 Epoch 3: Train Loss 0.0671, Valid Loss 0.0341
2026-03-08 00:32:32,424 Epoch 4: Train Loss 0.0677, Valid Loss 0.0372
2026-03-08 00:34:04,218 Epoch 5: Train Loss 0.0727, Valid Loss 0.0412
2026-03-08 00:35:35,945 Epoch 6: Train Loss 0.0751, Valid Loss 0.0406
2026-03-08 00:37:07,937 Epoch 7: Train Loss 0.0729, Valid Loss 0.0396
2026-03-08 00:38:40,191 Epoch 8: Train Loss 0.0705, Valid Loss 0.0365
2026-03-08 00:40:12,624 Epoch 9: Train Loss 0.0677, Valid Loss 0.0357
2026-03-08 00:41:44,520 Epoch 10: Train Loss 0.0671, Valid Loss 0.0348
2026-03-08 00:43:16,662 Epoch 11: Train Loss 0.0655, Valid Loss 0.0333
2026-03-08 00:43:16,663 ----- Save best model - L1: 0.0333 -----
2026-03-08 00:44:48,941 Epoch 12: Train Loss 0.0659, Valid Loss 0.0337
2026-03-08 00:46:21,211 Epoch 13: Train Loss 0.0665, Valid Loss 0.0336
2026-03-08 00:47:53,463 Epoch 14: Train Loss 0.0664, Valid Loss 0.0335
2026-03-08 00:49:25,342 Epoch 15: Train Loss 0.0673, Valid Loss 0.0329
2026-03-08 00:49:25,344 ----- Save best model - L1: 0.0329 -----
2026-03-08 00:50:57,324 Epoch 16: Train Loss 0.0677, Valid Loss 0.0352
2026-03-08 00:52:29,137 Epoch 17: Train Loss 0.0690, Valid Loss 0.0356
2026-03-08 00:54:01,470 Epoch 18: Train Loss 0.0718, Valid Loss 0.0363
2026-03-08 00:55:33,756 Epoch 19: Train Loss 0.0727, Valid Loss 0.0374
2026-03-08 00:57:05,547 Epoch 20: Train Loss 0.0731, Valid Loss 0.0366
2026-03-08 00:58:37,656 Epoch 21: Train Loss 0.0741, Valid Loss 0.0383
2026-03-08 01:00:10,017 Epoch 22: Train Loss 0.0743, Valid Loss 0.0386
2026-03-08 01:01:42,194 Epoch 23: Train Loss 0.0753, Valid Loss 0.0387
2026-03-08 01:03:14,446 Epoch 24: Train Loss 0.0755, Valid Loss 0.0383
2026-03-08 01:04:47,048 Epoch 25: Train Loss 0.0749, Valid Loss 0.0389
2026-03-08 01:04:47,104 last saved model is in epoch 15
2026-03-08 01:04:53,541 Test Loss 0.0326
2026-03-08 01:04:59,049 {
    "dataset": "c19",
    "data_dropout": 0.0,
    "epochs": 25,
    "freeze_epochs": 5,
    "lr": 0.001,
    "d_model": 32,
    "seed": 1,
    "batch_size": 64,
    "dropout": 0.1,
    "save_model": true,
    "save_dir": "./export/c19/smart-smile/seed_1",
    "local_rank": 0,
    "e_layers": 2,
    "n_heads": 4,
    "time_dim": 16,
    "use_film": false,
    "use_smile": true,
    "use_mnar": false,
    "smile_no_mnar": false,
    "smile_no_curriculum": false,
    "smile_mask_type": "all",
    "smile_mnar_dropout": 0.05
}
2026-03-08 01:05:17,958 Dataset Loaded.
2026-03-08 01:05:18,868 Class weights: [0.5392019152641296, 6.877237796783447]
2026-03-08 01:05:18,896 last saved model is in epoch 15
2026-03-08 01:05:52,087 [[3118  605]
 [  91  219]]
2026-03-08 01:05:52,094 AUC of ROC = 0.8510
2026-03-08 01:05:52,094 AUC of PRC = 0.3379
2026-03-08 01:05:52,094 min(+P, Se) = 0.3923
2026-03-08 01:05:52,095 f1_score = 0.4161 (threshold = 0.2774)
2026-03-08 01:05:52,095 Epoch 1: Train Loss 0.5638, Valid Loss 0.4870
2026-03-08 01:05:52,096 ----- Save best model - auprc: 0.3379 -----
2026-03-08 01:06:24,260 [[2567 1156]
 [  42  268]]
2026-03-08 01:06:24,268 AUC of ROC = 0.8629
2026-03-08 01:06:24,268 AUC of PRC = 0.3860
2026-03-08 01:06:24,268 min(+P, Se) = 0.4373
2026-03-08 01:06:24,269 f1_score = 0.4483 (threshold = 0.7978)
2026-03-08 01:06:24,269 Epoch 2: Train Loss 0.4952, Valid Loss 0.4838
2026-03-08 01:06:24,270 ----- Save best model - auprc: 0.3860 -----
2026-03-08 01:06:56,508 [[2976  747]
 [  56  254]]
2026-03-08 01:06:56,510 AUC of ROC = 0.8781
2026-03-08 01:06:56,511 AUC of PRC = 0.4533
2026-03-08 01:06:56,511 min(+P, Se) = 0.4613
2026-03-08 01:06:56,511 f1_score = 0.4881 (threshold = 0.6313)
2026-03-08 01:06:56,512 Epoch 3: Train Loss 0.4610, Valid Loss 0.4325
2026-03-08 01:06:56,512 ----- Save best model - auprc: 0.4533 -----
2026-03-08 01:07:28,631 [[2649 1074]
 [  39  271]]
2026-03-08 01:07:28,634 AUC of ROC = 0.8857
2026-03-08 01:07:28,636 AUC of PRC = 0.4845
2026-03-08 01:07:28,636 min(+P, Se) = 0.5064
2026-03-08 01:07:28,637 f1_score = 0.5091 (threshold = 0.9091)
2026-03-08 01:07:28,638 Epoch 4: Train Loss 0.4649, Valid Loss 0.4493
2026-03-08 01:07:28,638 ----- Save best model - auprc: 0.4845 -----
2026-03-08 01:08:01,174 [[3405  318]
 [ 114  196]]
2026-03-08 01:08:01,176 AUC of ROC = 0.8764
2026-03-08 01:08:01,177 AUC of PRC = 0.4513
2026-03-08 01:08:01,177 min(+P, Se) = 0.4566
2026-03-08 01:08:01,177 f1_score = 0.4724 (threshold = 0.1594)
2026-03-08 01:08:01,178 Epoch 5: Train Loss 0.4539, Valid Loss 0.4745
2026-03-08 01:09:02,431 [[3503  220]
 [  81  229]]
2026-03-08 01:09:02,434 AUC of ROC = 0.9287
2026-03-08 01:09:02,435 AUC of PRC = 0.6705
2026-03-08 01:09:02,435 min(+P, Se) = 0.6270
2026-03-08 01:09:02,435 f1_score = 0.6378 (threshold = 0.5445)
2026-03-08 01:09:02,436 Epoch 6: Train Loss 0.4096, Valid Loss 0.3645
2026-03-08 01:09:02,436 ----- Save best model - auprc: 0.6705 -----
2026-03-08 01:10:02,880 [[3332  391]
 [  54  256]]
2026-03-08 01:10:02,883 AUC of ROC = 0.9335
2026-03-08 01:10:02,884 AUC of PRC = 0.7129
2026-03-08 01:10:02,884 min(+P, Se) = 0.6559
2026-03-08 01:10:02,884 f1_score = 0.6667 (threshold = 0.9407)
2026-03-08 01:10:02,885 Epoch 7: Train Loss 0.3081, Valid Loss 0.3371
2026-03-08 01:10:02,885 ----- Save best model - auprc: 0.7129 -----
2026-03-08 01:11:03,339 [[3541  182]
 [  73  237]]
2026-03-08 01:11:03,342 AUC of ROC = 0.9421
2026-03-08 01:11:03,343 AUC of PRC = 0.7190
2026-03-08 01:11:03,343 min(+P, Se) = 0.6839
2026-03-08 01:11:03,344 f1_score = 0.6895 (threshold = 0.5076)
2026-03-08 01:11:03,344 Epoch 8: Train Loss 0.2778, Valid Loss 0.3548
2026-03-08 01:11:03,345 ----- Save best model - auprc: 0.7190 -----
2026-03-08 01:12:03,674 [[3220  503]
 [  41  269]]
2026-03-08 01:12:03,677 AUC of ROC = 0.9386
2026-03-08 01:12:03,677 AUC of PRC = 0.7298
2026-03-08 01:12:03,678 min(+P, Se) = 0.7000
2026-03-08 01:12:03,679 f1_score = 0.7000 (threshold = 1.2257)
2026-03-08 01:12:03,679 Epoch 9: Train Loss 0.2717, Valid Loss 0.3104
2026-03-08 01:12:03,679 ----- Save best model - auprc: 0.7298 -----
2026-03-08 01:13:04,002 [[3531  192]
 [  73  237]]
2026-03-08 01:13:04,006 AUC of ROC = 0.9482
2026-03-08 01:13:04,007 AUC of PRC = 0.7436
2026-03-08 01:13:04,007 min(+P, Se) = 0.6977
2026-03-08 01:13:04,008 f1_score = 0.7005 (threshold = 0.6544)
2026-03-08 01:13:04,009 Epoch 10: Train Loss 0.2646, Valid Loss 0.3209
2026-03-08 01:13:04,010 ----- Save best model - auprc: 0.7436 -----
2026-03-08 01:14:04,508 [[3425  298]
 [  57  253]]
2026-03-08 01:14:04,511 AUC of ROC = 0.9409
2026-03-08 01:14:04,512 AUC of PRC = 0.7345
2026-03-08 01:14:04,512 min(+P, Se) = 0.6945
2026-03-08 01:14:04,513 f1_score = 0.6973 (threshold = 1.2592)
2026-03-08 01:14:04,513 Epoch 11: Train Loss 0.2486, Valid Loss 0.3184
2026-03-08 01:15:05,007 [[3222  501]
 [  37  273]]
2026-03-08 01:15:05,009 AUC of ROC = 0.9475
2026-03-08 01:15:05,010 AUC of PRC = 0.7510
2026-03-08 01:15:05,010 min(+P, Se) = 0.6871
2026-03-08 01:15:05,010 f1_score = 0.6918 (threshold = 1.5173)
2026-03-08 01:15:05,011 Epoch 12: Train Loss 0.2391, Valid Loss 0.3041
2026-03-08 01:15:05,011 ----- Save best model - auprc: 0.7510 -----
2026-03-08 01:16:05,377 [[3307  416]
 [  39  271]]
2026-03-08 01:16:05,380 AUC of ROC = 0.9454
2026-03-08 01:16:05,380 AUC of PRC = 0.7398
2026-03-08 01:16:05,380 min(+P, Se) = 0.7065
2026-03-08 01:16:05,381 f1_score = 0.7119 (threshold = 1.4951)
2026-03-08 01:16:05,381 Epoch 13: Train Loss 0.2256, Valid Loss 0.3005
2026-03-08 01:17:05,817 [[3318  405]
 [  38  272]]
2026-03-08 01:17:05,819 AUC of ROC = 0.9420
2026-03-08 01:17:05,820 AUC of PRC = 0.7345
2026-03-08 01:17:05,820 min(+P, Se) = 0.6859
2026-03-08 01:17:05,821 f1_score = 0.6943 (threshold = 1.1763)
2026-03-08 01:17:05,821 Epoch 14: Train Loss 0.2192, Valid Loss 0.3064
2026-03-08 01:18:06,137 [[3533  190]
 [  73  237]]
2026-03-08 01:18:06,140 AUC of ROC = 0.9425
2026-03-08 01:18:06,140 AUC of PRC = 0.7478
2026-03-08 01:18:06,140 min(+P, Se) = 0.6879
2026-03-08 01:18:06,141 f1_score = 0.6967 (threshold = 0.8871)
2026-03-08 01:18:06,141 Epoch 15: Train Loss 0.2081, Valid Loss 0.3500
2026-03-08 01:19:06,139 [[3475  248]
 [  59  251]]
2026-03-08 01:19:06,142 AUC of ROC = 0.9468
2026-03-08 01:19:06,143 AUC of PRC = 0.7453
2026-03-08 01:19:06,143 min(+P, Se) = 0.6968
2026-03-08 01:19:06,144 f1_score = 0.7063 (threshold = 1.1589)
2026-03-08 01:19:06,144 Epoch 16: Train Loss 0.1956, Valid Loss 0.3235
2026-03-08 01:20:05,987 [[3368  355]
 [  52  258]]
2026-03-08 01:20:05,990 AUC of ROC = 0.9442
2026-03-08 01:20:05,991 AUC of PRC = 0.7504
2026-03-08 01:20:05,991 min(+P, Se) = 0.6945
2026-03-08 01:20:05,991 f1_score = 0.7063 (threshold = 1.5212)
2026-03-08 01:20:05,992 Epoch 17: Train Loss 0.1872, Valid Loss 0.3083
2026-03-08 01:21:06,118 [[3399  324]
 [  52  258]]
2026-03-08 01:21:06,121 AUC of ROC = 0.9433
2026-03-08 01:21:06,122 AUC of PRC = 0.7549
2026-03-08 01:21:06,122 min(+P, Se) = 0.6839
2026-03-08 01:21:06,123 f1_score = 0.7153 (threshold = 1.5276)
2026-03-08 01:21:06,124 Epoch 18: Train Loss 0.1784, Valid Loss 0.3345
2026-03-08 01:21:06,124 ----- Save best model - auprc: 0.7549 -----
2026-03-08 01:22:06,285 [[3377  346]
 [  53  257]]
2026-03-08 01:22:06,288 AUC of ROC = 0.9419
2026-03-08 01:22:06,288 AUC of PRC = 0.7445
2026-03-08 01:22:06,289 min(+P, Se) = 0.7000
2026-03-08 01:22:06,294 f1_score = 0.7105 (threshold = 1.6194)
2026-03-08 01:22:06,294 Epoch 19: Train Loss 0.1657, Valid Loss 0.3336
2026-03-08 01:23:06,263 [[3479  244]
 [  60  250]]
2026-03-08 01:23:06,266 AUC of ROC = 0.9448
2026-03-08 01:23:06,267 AUC of PRC = 0.7472
2026-03-08 01:23:06,267 min(+P, Se) = 0.6881
2026-03-08 01:23:06,267 f1_score = 0.6949 (threshold = 0.8882)
2026-03-08 01:23:06,268 Epoch 20: Train Loss 0.1615, Valid Loss 0.3563
2026-03-08 01:24:06,972 [[3485  238]
 [  66  244]]
2026-03-08 01:24:06,976 AUC of ROC = 0.9410
2026-03-08 01:24:06,976 AUC of PRC = 0.7472
2026-03-08 01:24:06,977 min(+P, Se) = 0.7000
2026-03-08 01:24:06,977 f1_score = 0.7011 (threshold = 0.9315)
2026-03-08 01:24:06,979 Epoch 21: Train Loss 0.1529, Valid Loss 0.3880
2026-03-08 01:25:07,113 [[3491  232]
 [  66  244]]
2026-03-08 01:25:07,116 AUC of ROC = 0.9395
2026-03-08 01:25:07,116 AUC of PRC = 0.7479
2026-03-08 01:25:07,117 min(+P, Se) = 0.7097
2026-03-08 01:25:07,117 f1_score = 0.7115 (threshold = 1.5176)
2026-03-08 01:25:07,118 Epoch 22: Train Loss 0.1436, Valid Loss 0.4030
2026-03-08 01:26:06,990 [[3489  234]
 [  65  245]]
2026-03-08 01:26:06,993 AUC of ROC = 0.9411
2026-03-08 01:26:06,994 AUC of PRC = 0.7448
2026-03-08 01:26:06,995 min(+P, Se) = 0.6977
2026-03-08 01:26:06,995 f1_score = 0.7063 (threshold = 1.1033)
2026-03-08 01:26:06,996 Epoch 23: Train Loss 0.1427, Valid Loss 0.3985
2026-03-08 01:27:07,158 [[3510  213]
 [  66  244]]
2026-03-08 01:27:07,161 AUC of ROC = 0.9407
2026-03-08 01:27:07,161 AUC of PRC = 0.7513
2026-03-08 01:27:07,162 min(+P, Se) = 0.6945
2026-03-08 01:27:07,162 f1_score = 0.7096 (threshold = 1.6636)
2026-03-08 01:27:07,163 Epoch 24: Train Loss 0.1364, Valid Loss 0.4094
2026-03-08 01:28:07,281 [[3499  224]
 [  65  245]]
2026-03-08 01:28:07,284 AUC of ROC = 0.9420
2026-03-08 01:28:07,285 AUC of PRC = 0.7480
2026-03-08 01:28:07,285 min(+P, Se) = 0.6903
2026-03-08 01:28:07,286 f1_score = 0.7089 (threshold = 1.3268)
2026-03-08 01:28:07,286 Epoch 25: Train Loss 0.1335, Valid Loss 0.3947
2026-03-08 01:28:07,303 last saved model is in epoch 18
2026-03-08 01:28:10,721 [[3448  310]
 [  49  227]]
2026-03-08 01:28:10,724 AUC of ROC = 0.9438
2026-03-08 01:28:10,724 AUC of PRC = 0.7672
2026-03-08 01:28:10,725 min(+P, Se) = 0.7122
2026-03-08 01:28:10,725 f1_score = 0.7211 (threshold = 1.5092)
2026-03-08 01:28:10,725 Test Loss 0.3230
