2026-03-26 12:06:11,266 {
    "dataset": "c19",
    "data_dropout": 0.0,
    "epochs": 25,
    "lr": 0.001,
    "d_model": 32,
    "seed": 42,
    "batch_size": 64,
    "dropout": 0.1,
    "save_model": true,
    "save_dir": "./export/c19\\smart-smile-lean-no-time-pe\\seed_42",
    "local_rank": 0,
    "min_mask_ratio": 0.15,
    "max_mask_ratio": 0.75,
    "e_layers": 2,
    "n_heads": 4,
    "time_dim": 16,
    "use_film": false,
    "use_smile": false,
    "use_smile_film": false,
    "use_smile_v2": false,
    "use_smile_v2_film": false,
    "use_smile_lean": true,
    "use_smile_lean_samepretrain": false,
    "use_mnar": false,
    "save_last": true,
    "smile_no_mnar": false,
    "smile_no_curriculum": false,
    "smile_mask_type": "all",
    "smile_mnar_dropout": 0.05,
    "obs_density_window": 5,
    "abl_no_density": false,
    "abl_no_mnar_bias": false,
    "abl_no_film": false,
    "abl_no_time_mnar": false,
    "abl_no_time_pe": true,
    "pretrain_mask_mode": "fixed",
    "ratio_temperature": 1.0,
    "smile_stratified": false,
    "smile_mask_weights": null
}
2026-03-26 12:06:16,284 Dataset Loaded.
2026-03-26 12:06:16,285 system_groups: {'Vital_Basic': 7, 'Resp_Gas': 7, 'Liver_Enzyme': 2, 'Renal': 3, 'Coagulation': 3, 'CBC': 3, 'Bilirubin': 2}
2026-03-26 12:07:34,622 Epoch 1: Train Loss 0.0855, Valid Loss 0.0327, EMA Val 0.0327
2026-03-26 13:19:49,728 {
    "dataset": "c19",
    "data_dropout": 0.0,
    "epochs": 25,
    "lr": 0.001,
    "d_model": 32,
    "seed": 42,
    "batch_size": 64,
    "dropout": 0.1,
    "save_model": true,
    "save_dir": "./export/c19\\smart-smile-lean-no-time-pe\\seed_42",
    "local_rank": 0,
    "min_mask_ratio": 0.15,
    "max_mask_ratio": 0.75,
    "e_layers": 2,
    "n_heads": 4,
    "time_dim": 16,
    "use_film": false,
    "use_smile": false,
    "use_smile_film": false,
    "use_smile_v2": false,
    "use_smile_v2_film": false,
    "use_smile_lean": true,
    "use_smile_lean_samepretrain": false,
    "use_mnar": false,
    "save_last": true,
    "smile_no_mnar": false,
    "smile_no_curriculum": false,
    "smile_mask_type": "all",
    "smile_mnar_dropout": 0.05,
    "obs_density_window": 5,
    "abl_no_density": false,
    "abl_no_mnar_bias": false,
    "abl_no_film": false,
    "abl_no_time_mnar": false,
    "abl_no_time_pe": true,
    "pretrain_mask_mode": "fixed",
    "ratio_temperature": 1.0,
    "smile_stratified": false,
    "smile_mask_weights": null
}
2026-03-26 13:19:53,977 Dataset Loaded.
2026-03-26 13:19:53,978 system_groups: {'Vital_Basic': 7, 'Resp_Gas': 7, 'Liver_Enzyme': 2, 'Renal': 3, 'Coagulation': 3, 'CBC': 3, 'Bilirubin': 2}
2026-03-26 13:21:06,828 Epoch 1: Train Loss 0.0855, Valid Loss 0.0327, EMA Val 0.0327
2026-03-26 13:22:16,478 Epoch 2: Train Loss 0.0652, Valid Loss 0.0294, EMA Val 0.0317
2026-03-26 13:23:26,847 Epoch 3: Train Loss 0.0551, Valid Loss 0.0260, EMA Val 0.0300
2026-03-26 13:24:41,838 Epoch 4: Train Loss 0.0517, Valid Loss 0.0259, EMA Val 0.0287
2026-03-26 13:25:56,298 Epoch 5: Train Loss 0.0514, Valid Loss 0.0274, EMA Val 0.0283
2026-03-26 13:27:10,737 Epoch 6: Train Loss 0.0527, Valid Loss 0.0293, EMA Val 0.0286
2026-03-26 13:28:25,241 Epoch 7: Train Loss 0.0564, Valid Loss 0.0310, EMA Val 0.0294
2026-03-26 13:29:39,916 Epoch 8: Train Loss 0.0575, Valid Loss 0.0318, EMA Val 0.0301
2026-03-26 13:30:54,449 Epoch 9: Train Loss 0.0600, Valid Loss 0.0334, EMA Val 0.0311
2026-03-26 13:32:09,112 Epoch 10: Train Loss 0.0630, Valid Loss 0.0358, EMA Val 0.0325
2026-03-26 13:33:23,782 Epoch 11: Train Loss 0.0676, Valid Loss 0.0372, EMA Val 0.0339
2026-03-26 13:34:38,573 Epoch 12: Train Loss 0.0711, Valid Loss 0.0398, EMA Val 0.0357
2026-03-26 13:35:53,308 Epoch 13: Train Loss 0.0747, Valid Loss 0.0423, EMA Val 0.0377
2026-03-26 13:37:08,077 Epoch 14: Train Loss 0.0759, Valid Loss 0.0400, EMA Val 0.0384
2026-03-26 13:38:23,025 Epoch 15: Train Loss 0.0799, Valid Loss 0.0433, EMA Val 0.0398
2026-03-26 13:39:38,946 Epoch 16: Train Loss 0.0831, Valid Loss 0.0428, EMA Val 0.0407
2026-03-26 13:40:54,024 Epoch 17: Train Loss 0.0875, Valid Loss 0.0466, EMA Val 0.0425
2026-03-26 13:42:09,686 Epoch 18: Train Loss 0.0885, Valid Loss 0.0452, EMA Val 0.0433
2026-03-26 13:43:25,469 Epoch 19: Train Loss 0.0930, Valid Loss 0.0477, EMA Val 0.0446
2026-03-26 13:44:41,082 Epoch 20: Train Loss 0.0938, Valid Loss 0.0456, EMA Val 0.0449
2026-03-26 13:45:56,763 Epoch 21: Train Loss 0.0976, Valid Loss 0.0480, EMA Val 0.0458
2026-03-26 13:47:12,764 Epoch 22: Train Loss 0.0996, Valid Loss 0.0478, EMA Val 0.0464
2026-03-26 13:48:28,491 Epoch 23: Train Loss 0.1039, Valid Loss 0.0507, EMA Val 0.0477
2026-03-26 13:49:44,487 Epoch 24: Train Loss 0.1046, Valid Loss 0.0502, EMA Val 0.0484
2026-03-26 13:51:00,413 Epoch 25: Train Loss 0.1058, Valid Loss 0.0552, EMA Val 0.0505
2026-03-26 13:51:00,414 ----- Save last epoch model - L1: 0.0505 -----
2026-03-26 13:51:00,446 last saved model is in epoch 25
2026-03-26 13:51:06,158 Test Loss 0.0561
2026-03-26 13:51:13,220 {
    "dataset": "c19",
    "data_dropout": 0.0,
    "epochs": 25,
    "freeze_epochs": 5,
    "lr": 0.001,
    "d_model": 32,
    "seed": 42,
    "batch_size": 64,
    "dropout": 0.1,
    "save_model": true,
    "save_dir": "./export/c19\\smart-smile-lean-no-time-pe\\seed_42",
    "pretrain_dir": null,
    "local_rank": 0,
    "e_layers": 2,
    "n_heads": 4,
    "time_dim": 16,
    "use_film": false,
    "use_smile": false,
    "use_smile_film": false,
    "use_mnar": false,
    "use_smile_v2": false,
    "use_smile_v2_film": false,
    "use_smile_lean": true,
    "use_smile_lean_samepretrain": false,
    "obs_density_window": 5,
    "abl_no_density": false,
    "abl_no_mnar_bias": false,
    "abl_no_film": false,
    "abl_no_time_mnar": false,
    "abl_no_time_pe": true,
    "smile_no_mnar": false,
    "smile_no_curriculum": false,
    "smile_mask_type": "all",
    "smile_mnar_dropout": 0.05,
    "smile_mnar_dropout_initial": 0.0,
    "smile_stratified": false
}
2026-03-26 13:51:18,420 Dataset Loaded.
2026-03-26 13:51:19,419 Class weights: [0.5393641591072083, 6.850955486297607]
2026-03-26 13:51:19,427 last saved model is in epoch 25
2026-03-26 13:51:53,185 [[2311 1427]
 [  28  267]]
2026-03-26 13:51:53,190 AUC of ROC = 0.8590
2026-03-26 13:51:53,190 AUC of PRC = 0.3705
2026-03-26 13:51:53,190 min(+P, Se) = 0.3907
2026-03-26 13:51:53,190 f1_score = 0.4197 (threshold = 0.4196)
2026-03-26 13:51:53,191 Epoch 1: Train Loss 0.5706, Valid Loss 0.5176
2026-03-26 13:51:53,191 ----- Save best model - auprc: 0.3705 -----
2026-03-26 13:52:26,660 [[3445  293]
 [ 129  166]]
2026-03-26 13:52:26,665 AUC of ROC = 0.8708
2026-03-26 13:52:26,665 AUC of PRC = 0.4044
2026-03-26 13:52:26,666 min(+P, Se) = 0.4108
2026-03-26 13:52:26,666 f1_score = 0.4582 (threshold = -0.1008)
2026-03-26 13:52:26,666 Epoch 2: Train Loss 0.5028, Valid Loss 0.4918
2026-03-26 13:52:26,667 ----- Save best model - auprc: 0.4044 -----
2026-03-26 13:53:00,334 [[2631 1107]
 [  31  264]]
2026-03-26 13:53:00,338 AUC of ROC = 0.8793
2026-03-26 13:53:00,338 AUC of PRC = 0.4332
2026-03-26 13:53:00,339 min(+P, Se) = 0.4628
2026-03-26 13:53:00,339 f1_score = 0.4880 (threshold = 0.8133)
2026-03-26 13:53:00,340 Epoch 3: Train Loss 0.4766, Valid Loss 0.4599
2026-03-26 13:53:00,341 ----- Save best model - auprc: 0.4332 -----
2026-03-26 13:53:33,922 [[3614  124]
 [ 170  125]]
2026-03-26 13:53:33,926 AUC of ROC = 0.8843
2026-03-26 13:53:33,926 AUC of PRC = 0.4582
2026-03-26 13:53:33,927 min(+P, Se) = 0.4814
2026-03-26 13:53:33,927 f1_score = 0.4828 (threshold = -0.2804)
2026-03-26 13:53:33,928 Epoch 4: Train Loss 0.4703, Valid Loss 0.6061
2026-03-26 13:53:33,929 ----- Save best model - auprc: 0.4582 -----
2026-03-26 13:54:08,138 [[2699 1039]
 [  36  259]]
2026-03-26 13:54:08,142 AUC of ROC = 0.8772
2026-03-26 13:54:08,143 AUC of PRC = 0.4481
2026-03-26 13:54:08,143 min(+P, Se) = 0.4915
2026-03-26 13:54:08,144 f1_score = 0.4915 (threshold = 0.8945)
2026-03-26 13:54:08,144 Epoch 5: Train Loss 0.4591, Valid Loss 0.4535
2026-03-26 13:55:00,461 [[2999  739]
 [  16  279]]
2026-03-26 13:55:00,464 AUC of ROC = 0.9552
2026-03-26 13:55:00,464 AUC of PRC = 0.7384
2026-03-26 13:55:00,465 min(+P, Se) = 0.6780
2026-03-26 13:55:00,465 f1_score = 0.6854 (threshold = 1.3176)
2026-03-26 13:55:00,465 Epoch 6: Train Loss 0.3975, Valid Loss 0.3173
2026-03-26 13:55:00,465 ----- Save best model - auprc: 0.7384 -----
2026-03-26 13:55:52,545 [[3578  160]
 [  71  224]]
2026-03-26 13:55:52,549 AUC of ROC = 0.9499
2026-03-26 13:55:52,549 AUC of PRC = 0.7258
2026-03-26 13:55:52,550 min(+P, Se) = 0.6858
2026-03-26 13:55:52,550 f1_score = 0.6932 (threshold = 0.1783)
2026-03-26 13:55:52,551 Epoch 7: Train Loss 0.3182, Valid Loss 0.3137
2026-03-26 13:56:46,037 [[3517  221]
 [  49  246]]
2026-03-26 13:56:46,041 AUC of ROC = 0.9608
2026-03-26 13:56:46,042 AUC of PRC = 0.7500
2026-03-26 13:56:46,042 min(+P, Se) = 0.7119
2026-03-26 13:56:46,042 f1_score = 0.7188 (threshold = 0.8720)
2026-03-26 13:56:46,043 Epoch 8: Train Loss 0.2968, Valid Loss 0.2617
2026-03-26 13:56:46,044 ----- Save best model - auprc: 0.7500 -----
2026-03-26 13:57:37,497 [[3368  370]
 [  33  262]]
2026-03-26 13:57:37,501 AUC of ROC = 0.9629
2026-03-26 13:57:37,502 AUC of PRC = 0.7486
2026-03-26 13:57:37,502 min(+P, Se) = 0.7220
2026-03-26 13:57:37,503 f1_score = 0.7238 (threshold = 1.0171)
2026-03-26 13:57:37,503 Epoch 9: Train Loss 0.2872, Valid Loss 0.2606
2026-03-26 13:58:29,065 [[3417  321]
 [  32  263]]
2026-03-26 13:58:29,069 AUC of ROC = 0.9632
2026-03-26 13:58:29,069 AUC of PRC = 0.7644
2026-03-26 13:58:29,070 min(+P, Se) = 0.7254
2026-03-26 13:58:29,070 f1_score = 0.7317 (threshold = 1.0733)
2026-03-26 13:58:29,071 Epoch 10: Train Loss 0.2644, Valid Loss 0.2421
2026-03-26 13:58:29,071 ----- Save best model - auprc: 0.7644 -----
2026-03-26 13:59:20,732 [[3383  355]
 [  27  268]]
2026-03-26 13:59:20,738 AUC of ROC = 0.9669
2026-03-26 13:59:20,738 AUC of PRC = 0.7918
2026-03-26 13:59:20,738 min(+P, Se) = 0.7390
2026-03-26 13:59:20,739 f1_score = 0.7531 (threshold = 1.3293)
2026-03-26 13:59:20,739 Epoch 11: Train Loss 0.2640, Valid Loss 0.2364
2026-03-26 13:59:20,740 ----- Save best model - auprc: 0.7918 -----
2026-03-26 14:00:12,346 [[3358  380]
 [  35  260]]
2026-03-26 14:00:12,350 AUC of ROC = 0.9615
2026-03-26 14:00:12,350 AUC of PRC = 0.7706
2026-03-26 14:00:12,351 min(+P, Se) = 0.7254
2026-03-26 14:00:12,351 f1_score = 0.7314 (threshold = 1.3460)
2026-03-26 14:00:12,352 Epoch 12: Train Loss 0.2551, Valid Loss 0.2592
2026-03-26 14:01:03,943 [[3328  410]
 [  28  267]]
2026-03-26 14:01:03,947 AUC of ROC = 0.9664
2026-03-26 14:01:03,947 AUC of PRC = 0.7831
2026-03-26 14:01:03,947 min(+P, Se) = 0.7390
2026-03-26 14:01:03,948 f1_score = 0.7448 (threshold = 1.5408)
2026-03-26 14:01:03,949 Epoch 13: Train Loss 0.2428, Valid Loss 0.2475
2026-03-26 14:01:55,390 [[3457  281]
 [  40  255]]
2026-03-26 14:01:55,395 AUC of ROC = 0.9646
2026-03-26 14:01:55,395 AUC of PRC = 0.7868
2026-03-26 14:01:55,395 min(+P, Se) = 0.7424
2026-03-26 14:01:55,396 f1_score = 0.7449 (threshold = 0.8261)
2026-03-26 14:01:55,396 Epoch 14: Train Loss 0.2357, Valid Loss 0.2559
2026-03-26 14:02:46,937 [[3458  280]
 [  39  256]]
2026-03-26 14:02:46,941 AUC of ROC = 0.9647
2026-03-26 14:02:46,941 AUC of PRC = 0.7892
2026-03-26 14:02:46,941 min(+P, Se) = 0.7424
2026-03-26 14:02:46,942 f1_score = 0.7522 (threshold = 1.2675)
2026-03-26 14:02:46,943 Epoch 15: Train Loss 0.2186, Valid Loss 0.2488
2026-03-26 14:03:38,551 [[3419  319]
 [  33  262]]
2026-03-26 14:03:38,555 AUC of ROC = 0.9609
2026-03-26 14:03:38,556 AUC of PRC = 0.7799
2026-03-26 14:03:38,557 min(+P, Se) = 0.7254
2026-03-26 14:03:38,557 f1_score = 0.7443 (threshold = 1.2653)
2026-03-26 14:03:38,557 Epoch 16: Train Loss 0.2149, Valid Loss 0.2614
2026-03-26 14:04:30,166 [[3512  226]
 [  47  248]]
2026-03-26 14:04:30,170 AUC of ROC = 0.9625
2026-03-26 14:04:30,170 AUC of PRC = 0.7814
2026-03-26 14:04:30,170 min(+P, Se) = 0.7390
2026-03-26 14:04:30,171 f1_score = 0.7522 (threshold = 1.1622)
2026-03-26 14:04:30,172 Epoch 17: Train Loss 0.1968, Valid Loss 0.2789
2026-03-26 14:05:21,779 [[3496  242]
 [  45  250]]
2026-03-26 14:05:21,783 AUC of ROC = 0.9636
2026-03-26 14:05:21,783 AUC of PRC = 0.7821
2026-03-26 14:05:21,784 min(+P, Se) = 0.7288
2026-03-26 14:05:21,785 f1_score = 0.7365 (threshold = 0.9811)
2026-03-26 14:05:21,785 Epoch 18: Train Loss 0.1904, Valid Loss 0.2627
2026-03-26 14:06:13,406 [[3439  299]
 [  34  261]]
2026-03-26 14:06:13,410 AUC of ROC = 0.9677
2026-03-26 14:06:13,410 AUC of PRC = 0.7909
2026-03-26 14:06:13,410 min(+P, Se) = 0.7390
2026-03-26 14:06:13,411 f1_score = 0.7394 (threshold = 1.1556)
2026-03-26 14:06:13,411 Epoch 19: Train Loss 0.1803, Valid Loss 0.2464
2026-03-26 14:07:05,014 [[3544  194]
 [  51  244]]
2026-03-26 14:07:05,018 AUC of ROC = 0.9649
2026-03-26 14:07:05,018 AUC of PRC = 0.7859
2026-03-26 14:07:05,019 min(+P, Se) = 0.7458
2026-03-26 14:07:05,019 f1_score = 0.7483 (threshold = 0.7249)
2026-03-26 14:07:05,020 Epoch 20: Train Loss 0.1679, Valid Loss 0.2843
2026-03-26 14:07:56,534 [[3485  253]
 [  46  249]]
2026-03-26 14:07:56,538 AUC of ROC = 0.9620
2026-03-26 14:07:56,539 AUC of PRC = 0.7787
2026-03-26 14:07:56,539 min(+P, Se) = 0.7200
2026-03-26 14:07:56,539 f1_score = 0.7374 (threshold = 1.1528)
2026-03-26 14:07:56,540 Epoch 21: Train Loss 0.1675, Valid Loss 0.2794
2026-03-26 14:08:48,341 [[3503  235]
 [  50  245]]
2026-03-26 14:08:48,345 AUC of ROC = 0.9620
2026-03-26 14:08:48,346 AUC of PRC = 0.7794
2026-03-26 14:08:48,346 min(+P, Se) = 0.7390
2026-03-26 14:08:48,346 f1_score = 0.7491 (threshold = 0.9646)
2026-03-26 14:08:48,347 Epoch 22: Train Loss 0.1582, Valid Loss 0.2891
2026-03-26 14:09:40,531 [[3480  258]
 [  46  249]]
2026-03-26 14:09:40,535 AUC of ROC = 0.9620
2026-03-26 14:09:40,535 AUC of PRC = 0.7797
2026-03-26 14:09:40,536 min(+P, Se) = 0.7466
2026-03-26 14:09:40,536 f1_score = 0.7509 (threshold = 1.0829)
2026-03-26 14:09:40,537 Epoch 23: Train Loss 0.1519, Valid Loss 0.2870
2026-03-26 14:10:32,175 [[3473  265]
 [  43  252]]
2026-03-26 14:10:32,179 AUC of ROC = 0.9626
2026-03-26 14:10:32,179 AUC of PRC = 0.7833
2026-03-26 14:10:32,180 min(+P, Se) = 0.7399
2026-03-26 14:10:32,181 f1_score = 0.7556 (threshold = 1.1403)
2026-03-26 14:10:32,181 Epoch 24: Train Loss 0.1463, Valid Loss 0.2825
2026-03-26 14:11:24,088 [[3481  257]
 [  45  250]]
2026-03-26 14:11:24,092 AUC of ROC = 0.9625
2026-03-26 14:11:24,092 AUC of PRC = 0.7829
2026-03-26 14:11:24,093 min(+P, Se) = 0.7432
2026-03-26 14:11:24,094 f1_score = 0.7517 (threshold = 1.1349)
2026-03-26 14:11:24,094 Epoch 25: Train Loss 0.1440, Valid Loss 0.2868
2026-03-26 14:11:24,107 last saved model is in epoch 11
2026-03-26 14:11:27,583 [[3402  350]
 [  24  258]]
2026-03-26 14:11:27,589 AUC of ROC = 0.9640
2026-03-26 14:11:27,589 AUC of PRC = 0.8355
2026-03-26 14:11:27,589 min(+P, Se) = 0.7695
2026-03-26 14:11:27,589 f1_score = 0.7703 (threshold = 1.0792)
2026-03-26 14:11:27,590 Test Loss 0.2356
