2026-04-25 05:44:22,187 {
    "dataset": "c12",
    "data_dropout": 0.0,
    "epochs": 25,
    "lr": 0.001,
    "d_model": 32,
    "seed": 1,
    "batch_size": 64,
    "num_workers": null,
    "dropout": 0.1,
    "save_model": true,
    "save_dir": "./export/c12/smart-smile-lean-no-mnar-bias/seed_1",
    "local_rank": 0,
    "min_mask_ratio": 0.15,
    "max_mask_ratio": 0.75,
    "e_layers": 2,
    "n_heads": 4,
    "time_dim": 16,
    "use_film": false,
    "use_smile": false,
    "use_smile_film": false,
    "use_smile_v2": false,
    "use_smile_v2_film": false,
    "use_smile_lean": true,
    "use_smile_lean_samepretrain": false,
    "use_smile_lean_v2": false,
    "use_mnar": false,
    "save_last": true,
    "smile_no_mnar": false,
    "smile_no_curriculum": false,
    "smile_mask_type": "all",
    "smile_mnar_dropout": 0.05,
    "obs_density_window": 5,
    "abl_no_density": false,
    "abl_no_mnar_bias": true,
    "abl_no_film": false,
    "abl_no_time_mnar": false,
    "abl_no_time_pe": false,
    "abl_no_cross_attn": false,
    "abl_no_mnar_cls": false,
    "abl_no_policy": false,
    "abl_no_dynamic_mnar": false,
    "abl_no_dual_head": false,
    "pretrain_mask_mode": "fixed",
    "ratio_temperature": 1.0,
    "smile_stratified": false,
    "smile_mask_weights": null,
    "rank": 0,
    "world_size": 2,
    "distributed": true,
    "gpu": 0,
    "dist_backend": "nccl"
}
2026-04-25 05:44:26,080 Dataset Loaded.
2026-04-25 05:44:26,080 system_groups: {'Vital_Invasive': 3, 'Blood_Gas': 4, 'Electrolyte': 5, 'Liver_Enzyme': 6, 'CBC': 3, 'Oxygenation': 3, 'Metabolic': 2}
2026-04-25 05:44:26,080 DataLoader kwargs: {'num_workers': 4, 'pin_memory': True, 'persistent_workers': True, 'prefetch_factor': 2}
2026-04-25 05:44:26,082 Runtime init: variable order resolved.
2026-04-25 05:44:26,083 Runtime init: variable order moved to CUDA.
2026-04-25 05:44:26,090 Runtime init: encoder moved to CUDA.
2026-04-25 05:44:26,091 Runtime init: predictor moved to CUDA.
2026-04-25 05:44:26,094 Runtime init: target encoder copied.
2026-04-25 05:44:28,047 Runtime init: DDP wrap complete.
2026-04-25 05:44:33,992 Epoch 1: Train Loss 5.6998, Valid Loss 2.2846, EMA Val 2.2846
2026-04-25 05:44:39,104 Epoch 2: Train Loss 2.4031, Valid Loss 1.6277, EMA Val 2.0875
2026-04-25 05:44:44,059 Epoch 3: Train Loss 1.8049, Valid Loss 1.3130, EMA Val 1.8552
2026-04-25 05:44:49,063 Epoch 4: Train Loss 1.4757, Valid Loss 1.1120, EMA Val 1.6322
2026-04-25 05:44:54,563 Epoch 5: Train Loss 1.2186, Valid Loss 0.9274, EMA Val 1.4208
2026-04-25 05:44:59,860 Epoch 6: Train Loss 1.0927, Valid Loss 0.8345, EMA Val 1.2449
2026-04-25 05:45:05,076 Epoch 7: Train Loss 0.9834, Valid Loss 0.7813, EMA Val 1.1058
2026-04-25 05:45:09,967 Epoch 8: Train Loss 0.8932, Valid Loss 0.7143, EMA Val 0.9884
2026-04-25 05:45:14,926 Epoch 9: Train Loss 0.8540, Valid Loss 0.6993, EMA Val 0.9016
2026-04-25 05:45:20,156 Epoch 10: Train Loss 0.8065, Valid Loss 0.6530, EMA Val 0.8270
2026-04-25 05:45:25,139 Epoch 11: Train Loss 0.7736, Valid Loss 0.6424, EMA Val 0.7716
2026-04-25 05:45:30,127 Epoch 12: Train Loss 0.7346, Valid Loss 0.6114, EMA Val 0.7236
2026-04-25 05:45:35,002 Epoch 13: Train Loss 0.7212, Valid Loss 0.6179, EMA Val 0.6919
2026-04-25 05:45:39,891 Epoch 14: Train Loss 0.6780, Valid Loss 0.5944, EMA Val 0.6626
2026-04-25 05:45:44,942 Epoch 15: Train Loss 0.7163, Valid Loss 0.5842, EMA Val 0.6391
2026-04-25 05:45:50,148 Epoch 16: Train Loss 0.6484, Valid Loss 0.5741, EMA Val 0.6196
2026-04-25 05:45:55,352 Epoch 17: Train Loss 0.6144, Valid Loss 0.5644, EMA Val 0.6030
2026-04-25 05:46:00,252 Epoch 18: Train Loss 0.6414, Valid Loss 0.5870, EMA Val 0.5982
2026-04-25 05:46:05,085 Epoch 19: Train Loss 0.6274, Valid Loss 0.5506, EMA Val 0.5839
2026-04-25 05:46:09,983 Epoch 20: Train Loss 0.6399, Valid Loss 0.5725, EMA Val 0.5805
2026-04-25 05:46:15,028 Epoch 21: Train Loss 0.6266, Valid Loss 0.6239, EMA Val 0.5935
2026-04-25 05:46:20,050 Epoch 22: Train Loss 0.5886, Valid Loss 0.5862, EMA Val 0.5913
2026-04-25 05:46:25,092 Epoch 23: Train Loss 0.5701, Valid Loss 0.5577, EMA Val 0.5812
2026-04-25 05:46:30,012 Epoch 24: Train Loss 0.5926, Valid Loss 0.5575, EMA Val 0.5741
2026-04-25 05:46:35,078 Epoch 25: Train Loss 0.5794, Valid Loss 0.5443, EMA Val 0.5652
2026-04-25 05:46:35,079 ----- Save last epoch model - L1: 0.5652 -----
2026-04-25 05:46:35,131 last saved model is in epoch 25
2026-04-25 05:46:35,992 Test Loss 0.5814
2026-04-25 05:47:46,340 {
    "dataset": "c12",
    "data_dropout": 0.0,
    "epochs": 25,
    "freeze_epochs": 5,
    "lr": 0.001,
    "d_model": 32,
    "seed": 1,
    "batch_size": 64,
    "num_workers": null,
    "dropout": 0.1,
    "save_model": true,
    "save_dir": "./export/c12/smart-smile-lean-no-mnar-bias/seed_1",
    "pretrain_dir": null,
    "local_rank": 0,
    "e_layers": 2,
    "n_heads": 4,
    "time_dim": 16,
    "use_film": false,
    "use_smile": false,
    "use_smile_film": false,
    "use_mnar": false,
    "use_smile_v2": false,
    "use_smile_v2_film": false,
    "use_smile_lean": true,
    "use_smile_lean_samepretrain": false,
    "use_smile_lean_v2": false,
    "obs_density_window": 5,
    "abl_no_density": false,
    "abl_no_mnar_bias": true,
    "abl_no_film": false,
    "abl_no_time_mnar": false,
    "abl_no_time_pe": false,
    "abl_no_cross_attn": false,
    "abl_no_mnar_cls": false,
    "abl_no_policy": false,
    "abl_no_dynamic_mnar": false,
    "abl_no_dual_head": false,
    "smile_no_mnar": false,
    "smile_no_curriculum": false,
    "smile_mask_type": "all",
    "smile_mnar_dropout": 0.05,
    "smile_mnar_dropout_initial": 0.0,
    "smile_stratified": false,
    "los_task": "classification",
    "los_label_unit": "auto",
    "los_use_class_weights": false,
    "los_save_metric": "auc_micro",
    "rank": 0,
    "world_size": 2,
    "distributed": true,
    "gpu": 0,
    "dist_backend": "nccl"
}
2026-04-25 05:47:50,032 Dataset Loaded.
2026-04-25 05:47:50,032 DataLoader kwargs: {'num_workers': 4, 'pin_memory': True, 'persistent_workers': True, 'prefetch_factor': 2}
2026-04-25 05:47:50,035 Runtime init: variable order resolved.
2026-04-25 05:47:50,036 Runtime init: variable order moved to CUDA.
2026-04-25 05:47:50,043 Runtime init: encoder moved to CUDA.
2026-04-25 05:47:50,044 Runtime init: classifier moved to CUDA.
2026-04-25 05:47:51,974 Runtime init: DDP wrap complete.
2026-04-25 05:47:51,977 Class weights: [0.5820587277412415, 3.546597719192505]
2026-04-25 05:47:51,995 last saved model is in epoch 25
2026-04-25 05:47:55,086 [[760 274]
 [ 46 118]]
2026-04-25 05:47:55,092 AUC of ROC = 0.7863
2026-04-25 05:47:55,093 AUC of PRC = 0.3390
2026-04-25 05:47:55,093 min(+P, Se) = 0.4040
2026-04-25 05:47:55,093 f1_score = 0.4505 (threshold = -0.3882)
2026-04-25 05:47:55,094 Epoch 1: Train Loss 0.7456, Valid Loss 0.5506
2026-04-25 05:47:55,094 ----- Save best model - auprc: 0.3390 -----
2026-04-25 05:47:57,359 [[826 208]
 [ 59 105]]
2026-04-25 05:47:57,363 AUC of ROC = 0.8022
2026-04-25 05:47:57,364 AUC of PRC = 0.3581
2026-04-25 05:47:57,364 min(+P, Se) = 0.4337
2026-04-25 05:47:57,364 f1_score = 0.4634 (threshold = -0.5241)
2026-04-25 05:47:57,364 Epoch 2: Train Loss 0.5986, Valid Loss 0.5231
2026-04-25 05:47:57,365 ----- Save best model - auprc: 0.3581 -----
2026-04-25 05:47:59,643 [[619 415]
 [ 16 148]]
2026-04-25 05:47:59,647 AUC of ROC = 0.8062
2026-04-25 05:47:59,647 AUC of PRC = 0.3603
2026-04-25 05:47:59,648 min(+P, Se) = 0.4053
2026-04-25 05:47:59,648 f1_score = 0.4578 (threshold = -0.1270)
2026-04-25 05:47:59,648 Epoch 3: Train Loss 0.5952, Valid Loss 0.5458
2026-04-25 05:47:59,649 ----- Save best model - auprc: 0.3603 -----
2026-04-25 05:48:01,799 [[776 258]
 [ 39 125]]
2026-04-25 05:48:01,804 AUC of ROC = 0.8000
2026-04-25 05:48:01,804 AUC of PRC = 0.3562
2026-04-25 05:48:01,805 min(+P, Se) = 0.3795
2026-04-25 05:48:01,805 f1_score = 0.4455 (threshold = -0.3276)
2026-04-25 05:48:01,805 Epoch 4: Train Loss 0.5850, Valid Loss 0.5016
2026-04-25 05:48:03,986 [[841 193]
 [ 55 109]]
2026-04-25 05:48:03,991 AUC of ROC = 0.8208
2026-04-25 05:48:03,991 AUC of PRC = 0.3795
2026-04-25 05:48:03,991 min(+P, Se) = 0.4076
2026-04-25 05:48:03,991 f1_score = 0.4713 (threshold = -0.6694)
2026-04-25 05:48:03,992 Epoch 5: Train Loss 0.5627, Valid Loss 0.4998
2026-04-25 05:48:03,992 ----- Save best model - auprc: 0.3795 -----
2026-04-25 05:48:08,214 [[744 290]
 [ 27 137]]
2026-04-25 05:48:08,219 AUC of ROC = 0.8367
2026-04-25 05:48:08,219 AUC of PRC = 0.4720
2026-04-25 05:48:08,219 min(+P, Se) = 0.4535
2026-04-25 05:48:08,219 f1_score = 0.4825 (threshold = -0.3027)
2026-04-25 05:48:08,220 Epoch 6: Train Loss 0.5713, Valid Loss 0.4836
2026-04-25 05:48:08,220 ----- Save best model - auprc: 0.4720 -----
2026-04-25 05:48:12,309 [[714 320]
 [ 22 142]]
2026-04-25 05:48:12,313 AUC of ROC = 0.8551
2026-04-25 05:48:12,314 AUC of PRC = 0.5206
2026-04-25 05:48:12,314 min(+P, Se) = 0.5061
2026-04-25 05:48:12,314 f1_score = 0.5171 (threshold = 0.3198)
2026-04-25 05:48:12,314 Epoch 7: Train Loss 0.5172, Valid Loss 0.4899
2026-04-25 05:48:12,315 ----- Save best model - auprc: 0.5206 -----
2026-04-25 05:48:16,430 [[839 195]
 [ 46 118]]
2026-04-25 05:48:16,434 AUC of ROC = 0.8614
2026-04-25 05:48:16,435 AUC of PRC = 0.5324
2026-04-25 05:48:16,435 min(+P, Se) = 0.4939
2026-04-25 05:48:16,435 f1_score = 0.5194 (threshold = -0.1756)
2026-04-25 05:48:16,435 Epoch 8: Train Loss 0.5155, Valid Loss 0.4665
2026-04-25 05:48:16,436 ----- Save best model - auprc: 0.5324 -----
2026-04-25 05:48:20,534 [[877 157]
 [ 57 107]]
2026-04-25 05:48:20,539 AUC of ROC = 0.8602
2026-04-25 05:48:20,539 AUC of PRC = 0.5261
2026-04-25 05:48:20,539 min(+P, Se) = 0.5122
2026-04-25 05:48:20,539 f1_score = 0.5417 (threshold = -0.3487)
2026-04-25 05:48:20,540 Epoch 9: Train Loss 0.4853, Valid Loss 0.4668
2026-04-25 05:48:24,674 [[722 312]
 [ 21 143]]
2026-04-25 05:48:24,679 AUC of ROC = 0.8692
2026-04-25 05:48:24,679 AUC of PRC = 0.5309
2026-04-25 05:48:24,680 min(+P, Se) = 0.5205
2026-04-25 05:48:24,680 f1_score = 0.5459 (threshold = 0.0544)
2026-04-25 05:48:24,680 Epoch 10: Train Loss 0.5093, Valid Loss 0.4751
2026-04-25 05:48:28,743 [[886 148]
 [ 50 114]]
2026-04-25 05:48:28,748 AUC of ROC = 0.8698
2026-04-25 05:48:28,748 AUC of PRC = 0.5440
2026-04-25 05:48:28,748 min(+P, Se) = 0.5212
2026-04-25 05:48:28,748 f1_score = 0.5342 (threshold = -0.1671)
2026-04-25 05:48:28,749 Epoch 11: Train Loss 0.5022, Valid Loss 0.4623
2026-04-25 05:48:28,749 ----- Save best model - auprc: 0.5440 -----
2026-04-25 05:48:32,988 [[763 271]
 [ 26 138]]
2026-04-25 05:48:32,993 AUC of ROC = 0.8697
2026-04-25 05:48:32,993 AUC of PRC = 0.5474
2026-04-25 05:48:32,993 min(+P, Se) = 0.5305
2026-04-25 05:48:32,993 f1_score = 0.5646 (threshold = 0.0755)
2026-04-25 05:48:32,994 Epoch 12: Train Loss 0.4813, Valid Loss 0.4519
2026-04-25 05:48:32,995 ----- Save best model - auprc: 0.5474 -----
2026-04-25 05:48:37,074 [[788 246]
 [ 28 136]]
2026-04-25 05:48:37,078 AUC of ROC = 0.8754
2026-04-25 05:48:37,079 AUC of PRC = 0.5593
2026-04-25 05:48:37,079 min(+P, Se) = 0.5417
2026-04-25 05:48:37,079 f1_score = 0.5668 (threshold = 0.1208)
2026-04-25 05:48:37,079 Epoch 13: Train Loss 0.4846, Valid Loss 0.4443
2026-04-25 05:48:37,080 ----- Save best model - auprc: 0.5593 -----
2026-04-25 05:48:41,223 [[872 162]
 [ 47 117]]
2026-04-25 05:48:41,228 AUC of ROC = 0.8735
2026-04-25 05:48:41,228 AUC of PRC = 0.5517
2026-04-25 05:48:41,228 min(+P, Se) = 0.5482
2026-04-25 05:48:41,228 f1_score = 0.5542 (threshold = 0.1698)
2026-04-25 05:48:41,229 Epoch 14: Train Loss 0.4981, Valid Loss 0.4559
2026-04-25 05:48:45,395 [[759 275]
 [ 26 138]]
2026-04-25 05:48:45,400 AUC of ROC = 0.8760
2026-04-25 05:48:45,400 AUC of PRC = 0.5572
2026-04-25 05:48:45,400 min(+P, Se) = 0.5549
2026-04-25 05:48:45,401 f1_score = 0.5566 (threshold = 0.4556)
2026-04-25 05:48:45,401 Epoch 15: Train Loss 0.4738, Valid Loss 0.4636
2026-04-25 05:48:49,475 [[853 181]
 [ 43 121]]
2026-04-25 05:48:49,479 AUC of ROC = 0.8741
2026-04-25 05:48:49,479 AUC of PRC = 0.5536
2026-04-25 05:48:49,479 min(+P, Se) = 0.5235
2026-04-25 05:48:49,480 f1_score = 0.5380 (threshold = 0.0831)
2026-04-25 05:48:49,480 Epoch 16: Train Loss 0.4859, Valid Loss 0.4448
2026-04-25 05:48:53,586 [[835 199]
 [ 34 130]]
2026-04-25 05:48:53,591 AUC of ROC = 0.8744
2026-04-25 05:48:53,591 AUC of PRC = 0.5515
2026-04-25 05:48:53,591 min(+P, Se) = 0.5330
2026-04-25 05:48:53,591 f1_score = 0.5616 (threshold = 0.1883)
2026-04-25 05:48:53,592 Epoch 17: Train Loss 0.4643, Valid Loss 0.4353
2026-04-25 05:48:57,592 [[813 221]
 [ 31 133]]
2026-04-25 05:48:57,597 AUC of ROC = 0.8780
2026-04-25 05:48:57,597 AUC of PRC = 0.5593
2026-04-25 05:48:57,597 min(+P, Se) = 0.5488
2026-04-25 05:48:57,598 f1_score = 0.5641 (threshold = 0.2817)
2026-04-25 05:48:57,598 Epoch 18: Train Loss 0.4626, Valid Loss 0.4369
2026-04-25 05:48:57,599 ----- Save best model - auprc: 0.5593 -----
2026-04-25 05:49:01,708 [[817 217]
 [ 31 133]]
2026-04-25 05:49:01,713 AUC of ROC = 0.8738
2026-04-25 05:49:01,713 AUC of PRC = 0.5420
2026-04-25 05:49:01,713 min(+P, Se) = 0.5488
2026-04-25 05:49:01,713 f1_score = 0.5569 (threshold = 0.3415)
2026-04-25 05:49:01,714 Epoch 19: Train Loss 0.4719, Valid Loss 0.4375
2026-04-25 05:49:05,700 [[805 229]
 [ 30 134]]
2026-04-25 05:49:05,704 AUC of ROC = 0.8774
2026-04-25 05:49:05,704 AUC of PRC = 0.5571
2026-04-25 05:49:05,704 min(+P, Se) = 0.5449
2026-04-25 05:49:05,704 f1_score = 0.5650 (threshold = 0.2937)
2026-04-25 05:49:05,705 Epoch 20: Train Loss 0.4646, Valid Loss 0.4369
2026-04-25 05:49:09,702 [[831 203]
 [ 33 131]]
2026-04-25 05:49:09,706 AUC of ROC = 0.8743
2026-04-25 05:49:09,707 AUC of PRC = 0.5532
2026-04-25 05:49:09,707 min(+P, Se) = 0.5503
2026-04-25 05:49:09,707 f1_score = 0.5588 (threshold = 0.2654)
2026-04-25 05:49:09,707 Epoch 21: Train Loss 0.4625, Valid Loss 0.4371
2026-04-25 05:49:13,732 [[803 231]
 [ 28 136]]
2026-04-25 05:49:13,736 AUC of ROC = 0.8786
2026-04-25 05:49:13,736 AUC of PRC = 0.5613
2026-04-25 05:49:13,736 min(+P, Se) = 0.5576
2026-04-25 05:49:13,737 f1_score = 0.5614 (threshold = 0.3468)
2026-04-25 05:49:13,737 Epoch 22: Train Loss 0.4521, Valid Loss 0.4390
2026-04-25 05:49:13,737 ----- Save best model - auprc: 0.5613 -----
2026-04-25 05:49:17,743 [[801 233]
 [ 28 136]]
2026-04-25 05:49:17,747 AUC of ROC = 0.8786
2026-04-25 05:49:17,747 AUC of PRC = 0.5607
2026-04-25 05:49:17,747 min(+P, Se) = 0.5610
2026-04-25 05:49:17,747 f1_score = 0.5663 (threshold = 0.3994)
2026-04-25 05:49:17,748 Epoch 23: Train Loss 0.4637, Valid Loss 0.4375
2026-04-25 05:49:21,860 [[795 239]
 [ 28 136]]
2026-04-25 05:49:21,865 AUC of ROC = 0.8781
2026-04-25 05:49:21,865 AUC of PRC = 0.5585
2026-04-25 05:49:21,865 min(+P, Se) = 0.5549
2026-04-25 05:49:21,865 f1_score = 0.5638 (threshold = 0.3822)
2026-04-25 05:49:21,866 Epoch 24: Train Loss 0.4513, Valid Loss 0.4375
2026-04-25 05:49:25,961 [[809 225]
 [ 31 133]]
2026-04-25 05:49:25,965 AUC of ROC = 0.8777
2026-04-25 05:49:25,965 AUC of PRC = 0.5583
2026-04-25 05:49:25,966 min(+P, Se) = 0.5515
2026-04-25 05:49:25,966 f1_score = 0.5640 (threshold = 0.3256)
2026-04-25 05:49:25,966 Epoch 25: Train Loss 0.4469, Valid Loss 0.4366
2026-04-25 05:49:26,034 last saved model is in epoch 22
2026-04-25 05:49:26,838 [[811 198]
 [ 43 148]]
2026-04-25 05:49:26,844 AUC of ROC = 0.8533
2026-04-25 05:49:26,844 AUC of PRC = 0.5460
2026-04-25 05:49:26,845 min(+P, Se) = 0.5377
2026-04-25 05:49:26,845 f1_score = 0.5510 (threshold = 0.2333)
2026-04-25 05:49:26,845 Test Loss 0.4730
