2026-04-25 13:51:26,631 {
    "dataset": "c12",
    "data_dropout": 0.0,
    "epochs": 25,
    "lr": 0.001,
    "d_model": 32,
    "seed": 1,
    "batch_size": 64,
    "num_workers": null,
    "dropout": 0.1,
    "save_model": true,
    "save_dir": "./export/c12/smart-smile-lean-no-time-pe/seed_1",
    "local_rank": 0,
    "min_mask_ratio": 0.15,
    "max_mask_ratio": 0.75,
    "e_layers": 2,
    "n_heads": 4,
    "time_dim": 16,
    "use_film": false,
    "use_smile": false,
    "use_smile_film": false,
    "use_smile_v2": false,
    "use_smile_v2_film": false,
    "use_smile_lean": true,
    "use_smile_lean_samepretrain": false,
    "use_smile_lean_v2": false,
    "use_mnar": false,
    "save_last": true,
    "smile_no_mnar": false,
    "smile_no_curriculum": false,
    "smile_mask_type": "all",
    "smile_mnar_dropout": 0.05,
    "obs_density_window": 5,
    "abl_no_density": false,
    "abl_no_mnar_bias": false,
    "abl_no_film": false,
    "abl_no_time_mnar": false,
    "abl_no_time_pe": true,
    "abl_no_cross_attn": false,
    "abl_no_mnar_cls": false,
    "abl_no_policy": false,
    "abl_no_dynamic_mnar": false,
    "abl_no_dual_head": false,
    "pretrain_mask_mode": "fixed",
    "ratio_temperature": 1.0,
    "smile_stratified": false,
    "smile_mask_weights": null,
    "rank": 0,
    "world_size": 2,
    "distributed": true,
    "gpu": 0,
    "dist_backend": "nccl"
}
2026-04-25 13:51:30,244 Dataset Loaded.
2026-04-25 13:51:30,244 system_groups: {'Vital_Invasive': 3, 'Blood_Gas': 4, 'Electrolyte': 5, 'Liver_Enzyme': 6, 'CBC': 3, 'Oxygenation': 3, 'Metabolic': 2}
2026-04-25 13:51:30,244 DataLoader kwargs: {'num_workers': 4, 'pin_memory': True, 'persistent_workers': True, 'prefetch_factor': 2}
2026-04-25 13:51:30,247 Runtime init: variable order resolved.
2026-04-25 13:51:30,247 Runtime init: variable order moved to CUDA.
2026-04-25 13:51:30,255 Runtime init: encoder moved to CUDA.
2026-04-25 13:51:30,256 Runtime init: predictor moved to CUDA.
2026-04-25 13:51:30,261 Runtime init: target encoder copied.
2026-04-25 13:51:32,567 Runtime init: DDP wrap complete.
2026-04-25 13:51:39,040 Epoch 1: Train Loss 5.9755, Valid Loss 2.4656, EMA Val 2.4656
2026-04-25 13:51:44,203 Epoch 2: Train Loss 2.3803, Valid Loss 1.4906, EMA Val 2.1731
2026-04-25 13:51:49,403 Epoch 3: Train Loss 1.6949, Valid Loss 1.1524, EMA Val 1.8669
2026-04-25 13:51:54,473 Epoch 4: Train Loss 1.3776, Valid Loss 1.0090, EMA Val 1.6095
2026-04-25 13:51:59,430 Epoch 5: Train Loss 1.2342, Valid Loss 0.9381, EMA Val 1.4081
2026-04-25 13:52:04,133 Epoch 6: Train Loss 1.1482, Valid Loss 0.9078, EMA Val 1.2580
2026-04-25 13:52:09,323 Epoch 7: Train Loss 1.0843, Valid Loss 0.8659, EMA Val 1.1404
2026-04-25 13:52:14,513 Epoch 8: Train Loss 1.0091, Valid Loss 0.8710, EMA Val 1.0596
2026-04-25 13:52:19,804 Epoch 9: Train Loss 0.9954, Valid Loss 0.8543, EMA Val 0.9980
2026-04-25 13:52:24,501 Epoch 10: Train Loss 0.9786, Valid Loss 0.8259, EMA Val 0.9464
2026-04-25 13:52:29,663 Epoch 11: Train Loss 0.9008, Valid Loss 0.8137, EMA Val 0.9066
2026-04-25 13:52:34,805 Epoch 12: Train Loss 0.9121, Valid Loss 0.7806, EMA Val 0.8688
2026-04-25 13:52:39,839 Epoch 13: Train Loss 0.9118, Valid Loss 0.7848, EMA Val 0.8436
2026-04-25 13:52:44,486 Epoch 14: Train Loss 0.9104, Valid Loss 0.7780, EMA Val 0.8239
2026-04-25 13:52:49,274 Epoch 15: Train Loss 0.8705, Valid Loss 0.7744, EMA Val 0.8091
2026-04-25 13:52:54,202 Epoch 16: Train Loss 0.9230, Valid Loss 0.7563, EMA Val 0.7932
2026-04-25 13:52:59,352 Epoch 17: Train Loss 0.8285, Valid Loss 0.7614, EMA Val 0.7837
2026-04-25 13:53:04,466 Epoch 18: Train Loss 0.8380, Valid Loss 0.7558, EMA Val 0.7753
2026-04-25 13:53:09,403 Epoch 19: Train Loss 0.7868, Valid Loss 0.7247, EMA Val 0.7601
2026-04-25 13:53:14,596 Epoch 20: Train Loss 0.7934, Valid Loss 0.7470, EMA Val 0.7562
2026-04-25 13:53:19,785 Epoch 21: Train Loss 0.8205, Valid Loss 0.7686, EMA Val 0.7599
2026-04-25 13:53:24,549 Epoch 22: Train Loss 0.7485, Valid Loss 0.7292, EMA Val 0.7507
2026-04-25 13:53:29,747 Epoch 23: Train Loss 0.7605, Valid Loss 0.8124, EMA Val 0.7692
2026-04-25 13:53:33,604 Epoch 24: Train Loss 0.7994, Valid Loss 0.7342, EMA Val 0.7587
2026-04-25 13:53:37,220 Epoch 25: Train Loss 0.7188, Valid Loss 0.7443, EMA Val 0.7544
2026-04-25 13:53:37,221 ----- Save last epoch model - L1: 0.7544 -----
2026-04-25 13:53:37,260 last saved model is in epoch 25
2026-04-25 13:53:38,198 Test Loss 0.8051
2026-04-25 13:54:49,079 {
    "dataset": "c12",
    "data_dropout": 0.0,
    "epochs": 25,
    "freeze_epochs": 5,
    "lr": 0.001,
    "d_model": 32,
    "seed": 1,
    "batch_size": 64,
    "num_workers": null,
    "dropout": 0.1,
    "save_model": true,
    "save_dir": "./export/c12/smart-smile-lean-no-time-pe/seed_1",
    "pretrain_dir": null,
    "local_rank": 0,
    "e_layers": 2,
    "n_heads": 4,
    "time_dim": 16,
    "use_film": false,
    "use_smile": false,
    "use_smile_film": false,
    "use_mnar": false,
    "use_smile_v2": false,
    "use_smile_v2_film": false,
    "use_smile_lean": true,
    "use_smile_lean_samepretrain": false,
    "use_smile_lean_v2": false,
    "obs_density_window": 5,
    "abl_no_density": false,
    "abl_no_mnar_bias": false,
    "abl_no_film": false,
    "abl_no_time_mnar": false,
    "abl_no_time_pe": true,
    "abl_no_cross_attn": false,
    "abl_no_mnar_cls": false,
    "abl_no_policy": false,
    "abl_no_dynamic_mnar": false,
    "abl_no_dual_head": false,
    "smile_no_mnar": false,
    "smile_no_curriculum": false,
    "smile_mask_type": "all",
    "smile_mnar_dropout": 0.05,
    "smile_mnar_dropout_initial": 0.0,
    "smile_stratified": false,
    "los_task": "classification",
    "los_label_unit": "auto",
    "los_use_class_weights": false,
    "los_save_metric": "auc_micro",
    "rank": 0,
    "world_size": 2,
    "distributed": true,
    "gpu": 0,
    "dist_backend": "nccl"
}
2026-04-25 13:54:52,842 Dataset Loaded.
2026-04-25 13:54:52,842 DataLoader kwargs: {'num_workers': 4, 'pin_memory': True, 'persistent_workers': True, 'prefetch_factor': 2}
2026-04-25 13:54:52,844 Runtime init: variable order resolved.
2026-04-25 13:54:52,845 Runtime init: variable order moved to CUDA.
2026-04-25 13:54:52,854 Runtime init: encoder moved to CUDA.
2026-04-25 13:54:52,855 Runtime init: classifier moved to CUDA.
2026-04-25 13:54:54,964 Runtime init: DDP wrap complete.
2026-04-25 13:54:54,971 Class weights: [0.5820587277412415, 3.546597719192505]
2026-04-25 13:54:55,008 last saved model is in epoch 25
2026-04-25 13:54:58,623 [[700 334]
 [ 33 131]]
2026-04-25 13:54:58,629 AUC of ROC = 0.7973
2026-04-25 13:54:58,630 AUC of PRC = 0.3774
2026-04-25 13:54:58,630 min(+P, Se) = 0.4024
2026-04-25 13:54:58,630 f1_score = 0.4388 (threshold = 0.6524)
2026-04-25 13:54:58,630 Epoch 1: Train Loss 0.6805, Valid Loss 0.5522
2026-04-25 13:54:58,631 ----- Save best model - auprc: 0.3774 -----
2026-04-25 13:55:01,047 [[781 253]
 [ 42 122]]
2026-04-25 13:55:01,052 AUC of ROC = 0.8023
2026-04-25 13:55:01,052 AUC of PRC = 0.3811
2026-04-25 13:55:01,052 min(+P, Se) = 0.3834
2026-04-25 13:55:01,052 f1_score = 0.4314 (threshold = 0.4192)
2026-04-25 13:55:01,053 Epoch 2: Train Loss 0.5856, Valid Loss 0.5178
2026-04-25 13:55:01,054 ----- Save best model - auprc: 0.3811 -----
2026-04-25 13:55:03,685 [[639 395]
 [ 17 147]]
2026-04-25 13:55:03,690 AUC of ROC = 0.8182
2026-04-25 13:55:03,690 AUC of PRC = 0.3935
2026-04-25 13:55:03,690 min(+P, Se) = 0.4000
2026-04-25 13:55:03,690 f1_score = 0.4543 (threshold = 0.8064)
2026-04-25 13:55:03,691 Epoch 3: Train Loss 0.5893, Valid Loss 0.5364
2026-04-25 13:55:03,691 ----- Save best model - auprc: 0.3935 -----
2026-04-25 13:55:06,104 [[761 273]
 [ 36 128]]
2026-04-25 13:55:06,110 AUC of ROC = 0.8093
2026-04-25 13:55:06,110 AUC of PRC = 0.3927
2026-04-25 13:55:06,110 min(+P, Se) = 0.4096
2026-04-25 13:55:06,111 f1_score = 0.4449 (threshold = 0.4604)
2026-04-25 13:55:06,111 Epoch 4: Train Loss 0.5955, Valid Loss 0.5053
2026-04-25 13:55:08,684 [[876 158]
 [ 68  96]]
2026-04-25 13:55:08,689 AUC of ROC = 0.8275
2026-04-25 13:55:08,689 AUC of PRC = 0.4245
2026-04-25 13:55:08,689 min(+P, Se) = 0.4181
2026-04-25 13:55:08,689 f1_score = 0.4730 (threshold = 0.2559)
2026-04-25 13:55:08,690 Epoch 5: Train Loss 0.5627, Valid Loss 0.5170
2026-04-25 13:55:08,690 ----- Save best model - auprc: 0.4245 -----
2026-04-25 13:55:12,501 [[741 293]
 [ 27 137]]
2026-04-25 13:55:12,506 AUC of ROC = 0.8497
2026-04-25 13:55:12,506 AUC of PRC = 0.4873
2026-04-25 13:55:12,506 min(+P, Se) = 0.4788
2026-04-25 13:55:12,506 f1_score = 0.5189 (threshold = 0.8289)
2026-04-25 13:55:12,507 Epoch 6: Train Loss 0.5849, Valid Loss 0.4825
2026-04-25 13:55:12,508 ----- Save best model - auprc: 0.4873 -----
2026-04-25 13:55:16,447 [[688 346]
 [ 18 146]]
2026-04-25 13:55:16,452 AUC of ROC = 0.8536
2026-04-25 13:55:16,452 AUC of PRC = 0.4985
2026-04-25 13:55:16,453 min(+P, Se) = 0.5000
2026-04-25 13:55:16,453 f1_score = 0.5455 (threshold = 0.8338)
2026-04-25 13:55:16,453 Epoch 7: Train Loss 0.5363, Valid Loss 0.4957
2026-04-25 13:55:16,454 ----- Save best model - auprc: 0.4985 -----
2026-04-25 13:55:20,084 [[843 191]
 [ 39 125]]
2026-04-25 13:55:20,088 AUC of ROC = 0.8647
2026-04-25 13:55:20,089 AUC of PRC = 0.5131
2026-04-25 13:55:20,089 min(+P, Se) = 0.5122
2026-04-25 13:55:20,089 f1_score = 0.5488 (threshold = 0.5672)
2026-04-25 13:55:20,089 Epoch 8: Train Loss 0.5099, Valid Loss 0.4603
2026-04-25 13:55:20,090 ----- Save best model - auprc: 0.5131 -----
2026-04-25 13:55:24,013 [[848 186]
 [ 45 119]]
2026-04-25 13:55:24,018 AUC of ROC = 0.8699
2026-04-25 13:55:24,018 AUC of PRC = 0.5320
2026-04-25 13:55:24,018 min(+P, Se) = 0.5549
2026-04-25 13:55:24,018 f1_score = 0.5617 (threshold = 0.5737)
2026-04-25 13:55:24,018 Epoch 9: Train Loss 0.4982, Valid Loss 0.4568
2026-04-25 13:55:24,019 ----- Save best model - auprc: 0.5320 -----
2026-04-25 13:55:27,732 [[792 242]
 [ 35 129]]
2026-04-25 13:55:27,737 AUC of ROC = 0.8649
2026-04-25 13:55:27,737 AUC of PRC = 0.5295
2026-04-25 13:55:27,737 min(+P, Se) = 0.5244
2026-04-25 13:55:27,738 f1_score = 0.5517 (threshold = 0.9329)
2026-04-25 13:55:27,738 Epoch 10: Train Loss 0.5106, Valid Loss 0.4608
2026-04-25 13:55:31,407 [[904 130]
 [ 61 103]]
2026-04-25 13:55:31,412 AUC of ROC = 0.8630
2026-04-25 13:55:31,412 AUC of PRC = 0.5372
2026-04-25 13:55:31,413 min(+P, Se) = 0.5366
2026-04-25 13:55:31,413 f1_score = 0.5510 (threshold = 0.3222)
2026-04-25 13:55:31,413 Epoch 11: Train Loss 0.5082, Valid Loss 0.4729
2026-04-25 13:55:31,414 ----- Save best model - auprc: 0.5372 -----
2026-04-25 13:55:35,582 [[749 285]
 [ 22 142]]
2026-04-25 13:55:35,587 AUC of ROC = 0.8738
2026-04-25 13:55:35,587 AUC of PRC = 0.5409
2026-04-25 13:55:35,587 min(+P, Se) = 0.5427
2026-04-25 13:55:35,587 f1_score = 0.5581 (threshold = 0.9464)
2026-04-25 13:55:35,587 Epoch 12: Train Loss 0.4902, Valid Loss 0.4534
2026-04-25 13:55:35,588 ----- Save best model - auprc: 0.5409 -----
2026-04-25 13:55:39,375 [[786 248]
 [ 31 133]]
2026-04-25 13:55:39,379 AUC of ROC = 0.8714
2026-04-25 13:55:39,380 AUC of PRC = 0.5466
2026-04-25 13:55:39,380 min(+P, Se) = 0.5488
2026-04-25 13:55:39,380 f1_score = 0.5535 (threshold = 0.8059)
2026-04-25 13:55:39,380 Epoch 13: Train Loss 0.4834, Valid Loss 0.4485
2026-04-25 13:55:39,381 ----- Save best model - auprc: 0.5466 -----
2026-04-25 13:55:42,934 [[890 144]
 [ 51 113]]
2026-04-25 13:55:42,939 AUC of ROC = 0.8708
2026-04-25 13:55:42,939 AUC of PRC = 0.5381
2026-04-25 13:55:42,939 min(+P, Se) = 0.5273
2026-04-25 13:55:42,939 f1_score = 0.5638 (threshold = 0.3198)
2026-04-25 13:55:42,940 Epoch 14: Train Loss 0.4958, Valid Loss 0.4551
2026-04-25 13:55:46,769 [[774 260]
 [ 29 135]]
2026-04-25 13:55:46,773 AUC of ROC = 0.8682
2026-04-25 13:55:46,773 AUC of PRC = 0.5376
2026-04-25 13:55:46,773 min(+P, Se) = 0.5427
2026-04-25 13:55:46,774 f1_score = 0.5477 (threshold = 0.9022)
2026-04-25 13:55:46,774 Epoch 15: Train Loss 0.4734, Valid Loss 0.4590
2026-04-25 13:55:50,574 [[815 219]
 [ 34 130]]
2026-04-25 13:55:50,579 AUC of ROC = 0.8712
2026-04-25 13:55:50,579 AUC of PRC = 0.5476
2026-04-25 13:55:50,579 min(+P, Se) = 0.5523
2026-04-25 13:55:50,579 f1_score = 0.5655 (threshold = 0.7539)
2026-04-25 13:55:50,580 Epoch 16: Train Loss 0.4849, Valid Loss 0.4461
2026-04-25 13:55:50,580 ----- Save best model - auprc: 0.5476 -----
2026-04-25 13:55:54,398 [[806 228]
 [ 31 133]]
2026-04-25 13:55:54,402 AUC of ROC = 0.8765
2026-04-25 13:55:54,403 AUC of PRC = 0.5527
2026-04-25 13:55:54,403 min(+P, Se) = 0.5610
2026-04-25 13:55:54,403 f1_score = 0.5673 (threshold = 0.7386)
2026-04-25 13:55:54,403 Epoch 17: Train Loss 0.4653, Valid Loss 0.4418
2026-04-25 13:55:54,404 ----- Save best model - auprc: 0.5527 -----
2026-04-25 13:55:58,422 [[838 196]
 [ 38 126]]
2026-04-25 13:55:58,426 AUC of ROC = 0.8747
2026-04-25 13:55:58,427 AUC of PRC = 0.5455
2026-04-25 13:55:58,427 min(+P, Se) = 0.5291
2026-04-25 13:55:58,427 f1_score = 0.5587 (threshold = 0.5383)
2026-04-25 13:55:58,427 Epoch 18: Train Loss 0.4657, Valid Loss 0.4425
2026-04-25 13:56:02,483 [[794 240]
 [ 30 134]]
2026-04-25 13:56:02,488 AUC of ROC = 0.8742
2026-04-25 13:56:02,488 AUC of PRC = 0.5487
2026-04-25 13:56:02,488 min(+P, Se) = 0.5376
2026-04-25 13:56:02,489 f1_score = 0.5556 (threshold = 0.6548)
2026-04-25 13:56:02,489 Epoch 19: Train Loss 0.4701, Valid Loss 0.4448
2026-04-25 13:56:06,225 [[780 254]
 [ 27 137]]
2026-04-25 13:56:06,230 AUC of ROC = 0.8766
2026-04-25 13:56:06,231 AUC of PRC = 0.5518
2026-04-25 13:56:06,231 min(+P, Se) = 0.5427
2026-04-25 13:56:06,231 f1_score = 0.5507 (threshold = 0.6407)
2026-04-25 13:56:06,231 Epoch 20: Train Loss 0.4694, Valid Loss 0.4448
2026-04-25 13:56:09,806 [[832 202]
 [ 36 128]]
2026-04-25 13:56:09,811 AUC of ROC = 0.8784
2026-04-25 13:56:09,811 AUC of PRC = 0.5561
2026-04-25 13:56:09,811 min(+P, Se) = 0.5488
2026-04-25 13:56:09,811 f1_score = 0.5698 (threshold = 0.4853)
2026-04-25 13:56:09,812 Epoch 21: Train Loss 0.4682, Valid Loss 0.4367
2026-04-25 13:56:09,812 ----- Save best model - auprc: 0.5561 -----
2026-04-25 13:56:13,629 [[798 236]
 [ 31 133]]
2026-04-25 13:56:13,633 AUC of ROC = 0.8757
2026-04-25 13:56:13,634 AUC of PRC = 0.5544
2026-04-25 13:56:13,634 min(+P, Se) = 0.5427
2026-04-25 13:56:13,634 f1_score = 0.5641 (threshold = 0.5994)
2026-04-25 13:56:13,634 Epoch 22: Train Loss 0.4504, Valid Loss 0.4422
2026-04-25 13:56:17,484 [[802 232]
 [ 32 132]]
2026-04-25 13:56:17,489 AUC of ROC = 0.8746
2026-04-25 13:56:17,489 AUC of PRC = 0.5521
2026-04-25 13:56:17,489 min(+P, Se) = 0.5349
2026-04-25 13:56:17,489 f1_score = 0.5625 (threshold = 0.5732)
2026-04-25 13:56:17,490 Epoch 23: Train Loss 0.4713, Valid Loss 0.4427
2026-04-25 13:56:21,269 [[801 233]
 [ 32 132]]
2026-04-25 13:56:21,274 AUC of ROC = 0.8750
2026-04-25 13:56:21,274 AUC of PRC = 0.5532
2026-04-25 13:56:21,274 min(+P, Se) = 0.5366
2026-04-25 13:56:21,274 f1_score = 0.5623 (threshold = 0.6058)
2026-04-25 13:56:21,275 Epoch 24: Train Loss 0.4515, Valid Loss 0.4430
2026-04-25 13:56:25,017 [[815 219]
 [ 34 130]]
2026-04-25 13:56:25,022 AUC of ROC = 0.8749
2026-04-25 13:56:25,022 AUC of PRC = 0.5530
2026-04-25 13:56:25,022 min(+P, Se) = 0.5394
2026-04-25 13:56:25,022 f1_score = 0.5623 (threshold = 0.5824)
2026-04-25 13:56:25,023 Epoch 25: Train Loss 0.4474, Valid Loss 0.4420
2026-04-25 13:56:25,043 last saved model is in epoch 21
2026-04-25 13:56:25,906 [[835 174]
 [ 53 138]]
2026-04-25 13:56:25,912 AUC of ROC = 0.8564
2026-04-25 13:56:25,912 AUC of PRC = 0.5476
2026-04-25 13:56:25,912 min(+P, Se) = 0.5340
2026-04-25 13:56:25,912 f1_score = 0.5567 (threshold = 0.1073)
2026-04-25 13:56:25,912 Test Loss 0.4760
