2026-03-05 10:49:45,804 {
    "dataset": "c12",
    "data_dropout": 0.0,
    "epochs": 25,
    "lr": 0.001,
    "d_model": 32,
    "seed": 3407,
    "batch_size": 256,
    "dropout": 0.1,
    "save_model": true,
    "save_dir": "./export/c12/smart-smile/seed_3407",
    "local_rank": 0,
    "min_mask_ratio": 0.0,
    "max_mask_ratio": 0.75,
    "e_layers": 2,
    "n_heads": 4,
    "time_dim": 16,
    "use_film": false,
    "use_smile": true,
    "smile_no_mnar": false,
    "smile_no_curriculum": false,
    "smile_mask_type": "all",
    "smile_mnar_dropout": 0.05
}
2026-03-05 10:49:54,169 Dataset Loaded.
2026-03-05 10:49:54,169 SMILE system_groups: {'cardiovascular': 4, 'respiratory': 6, 'lab': 27}
2026-03-05 10:50:19,668 Epoch 1: Train Loss 12.5952, Valid Loss 8.2410
2026-03-05 10:50:19,669 ----- Save best model - L1: 8.2410 -----
2026-03-05 10:50:40,838 Epoch 2: Train Loss 6.0971, Valid Loss 3.6992
2026-03-05 10:50:40,839 ----- Save best model - L1: 3.6992 -----
2026-03-05 10:51:01,881 Epoch 3: Train Loss 3.9649, Valid Loss 2.9046
2026-03-05 10:51:01,881 ----- Save best model - L1: 2.9046 -----
2026-03-05 10:51:22,947 Epoch 4: Train Loss 3.3592, Valid Loss 2.5153
2026-03-05 10:51:22,948 ----- Save best model - L1: 2.5153 -----
2026-03-05 10:51:43,993 Epoch 5: Train Loss 2.9098, Valid Loss 2.3946
2026-03-05 10:51:43,994 ----- Save best model - L1: 2.3946 -----
2026-03-05 10:52:05,021 Epoch 6: Train Loss 2.6185, Valid Loss 2.0935
2026-03-05 10:52:05,022 ----- Save best model - L1: 2.0935 -----
2026-03-05 10:52:26,083 Epoch 7: Train Loss 2.3991, Valid Loss 1.8507
2026-03-05 10:52:26,085 ----- Save best model - L1: 1.8507 -----
2026-03-05 10:52:47,178 Epoch 8: Train Loss 2.1972, Valid Loss 1.7958
2026-03-05 10:52:47,179 ----- Save best model - L1: 1.7958 -----
2026-03-05 10:53:07,998 Epoch 9: Train Loss 2.0392, Valid Loss 1.5802
2026-03-05 10:53:08,000 ----- Save best model - L1: 1.5802 -----
2026-03-05 10:53:29,166 Epoch 10: Train Loss 1.9111, Valid Loss 1.5368
2026-03-05 10:53:29,167 ----- Save best model - L1: 1.5368 -----
2026-03-05 10:53:50,136 Epoch 11: Train Loss 1.8480, Valid Loss 1.5003
2026-03-05 10:53:50,137 ----- Save best model - L1: 1.5003 -----
2026-03-05 10:54:11,138 Epoch 12: Train Loss 1.7947, Valid Loss 1.4200
2026-03-05 10:54:11,140 ----- Save best model - L1: 1.4200 -----
2026-03-05 10:54:32,131 Epoch 13: Train Loss 1.7046, Valid Loss 1.2711
2026-03-05 10:54:32,132 ----- Save best model - L1: 1.2711 -----
2026-03-05 10:54:53,168 Epoch 14: Train Loss 1.6994, Valid Loss 1.2162
2026-03-05 10:54:53,169 ----- Save best model - L1: 1.2162 -----
2026-03-05 10:55:14,163 Epoch 15: Train Loss 1.6510, Valid Loss 1.1549
2026-03-05 10:55:14,164 ----- Save best model - L1: 1.1549 -----
2026-03-05 10:55:35,080 Epoch 16: Train Loss 1.5964, Valid Loss 1.1542
2026-03-05 10:55:35,082 ----- Save best model - L1: 1.1542 -----
2026-03-05 10:55:56,186 Epoch 17: Train Loss 1.5818, Valid Loss 1.1604
2026-03-05 10:56:17,076 Epoch 18: Train Loss 1.5555, Valid Loss 1.1324
2026-03-05 10:56:17,077 ----- Save best model - L1: 1.1324 -----
2026-03-05 10:56:38,187 Epoch 19: Train Loss 1.5300, Valid Loss 1.1263
2026-03-05 10:56:38,190 ----- Save best model - L1: 1.1263 -----
2026-03-05 10:56:59,384 Epoch 20: Train Loss 1.5310, Valid Loss 1.0716
2026-03-05 10:56:59,385 ----- Save best model - L1: 1.0716 -----
2026-03-05 10:57:20,452 Epoch 21: Train Loss 1.5371, Valid Loss 1.0761
2026-03-05 10:57:41,387 Epoch 22: Train Loss 1.5236, Valid Loss 1.1709
2026-03-05 10:58:02,269 Epoch 23: Train Loss 1.5116, Valid Loss 1.1137
2026-03-05 10:58:23,284 Epoch 24: Train Loss 1.5158, Valid Loss 1.0972
2026-03-05 10:58:44,097 Epoch 25: Train Loss 1.5079, Valid Loss 1.2176
2026-03-05 10:58:44,122 last saved model is in epoch 20
2026-03-05 10:58:45,622 Test Loss 1.0388
2026-03-05 10:58:48,256 {
    "dataset": "c12",
    "data_dropout": 0.0,
    "epochs": 25,
    "freeze_epochs": 5,
    "lr": 0.001,
    "d_model": 32,
    "seed": 3407,
    "batch_size": 256,
    "dropout": 0.1,
    "save_model": true,
    "save_dir": "./export/c12/smart-smile/seed_3407",
    "local_rank": 0,
    "e_layers": 2,
    "n_heads": 4,
    "time_dim": 16,
    "use_film": false,
    "use_smile": true,
    "smile_no_mnar": false,
    "smile_no_curriculum": false,
    "smile_mask_type": "all"
}
2026-03-05 10:58:52,765 Dataset Loaded.
2026-03-05 10:58:53,296 last saved model is in epoch 20
2026-03-05 10:59:01,865 [[1027    1]
 [ 164    6]]
2026-03-05 10:59:01,882 AUC of ROC = 0.7194
2026-03-05 10:59:01,889 AUC of PRC = 0.3874
2026-03-05 10:59:01,893 min(+P, Se) = 0.3882
2026-03-05 10:59:01,897 f1_score = 0.0678
2026-03-05 10:59:01,900 Epoch 1: Train Loss 0.6022, Valid Loss 0.4236
2026-03-05 10:59:01,901 ----- Save best model - auprc: 0.3874 -----
2026-03-05 10:59:10,114 [[1020    8]
 [ 151   19]]
2026-03-05 10:59:10,116 AUC of ROC = 0.7422
2026-03-05 10:59:10,116 AUC of PRC = 0.3950
2026-03-05 10:59:10,116 min(+P, Se) = 0.3882
2026-03-05 10:59:10,117 f1_score = 0.1929
2026-03-05 10:59:10,117 Epoch 2: Train Loss 0.3825, Valid Loss 0.3407
2026-03-05 10:59:10,117 ----- Save best model - auprc: 0.3950 -----
2026-03-05 10:59:18,329 [[1016   12]
 [ 140   30]]
2026-03-05 10:59:18,331 AUC of ROC = 0.7740
2026-03-05 10:59:18,331 AUC of PRC = 0.4197
2026-03-05 10:59:18,332 min(+P, Se) = 0.4294
2026-03-05 10:59:18,332 f1_score = 0.2830
2026-03-05 10:59:18,333 Epoch 3: Train Loss 0.3636, Valid Loss 0.3313
2026-03-05 10:59:18,333 ----- Save best model - auprc: 0.4197 -----
2026-03-05 10:59:26,525 [[1005   23]
 [ 132   38]]
2026-03-05 10:59:26,527 AUC of ROC = 0.7714
2026-03-05 10:59:26,528 AUC of PRC = 0.4213
2026-03-05 10:59:26,528 min(+P, Se) = 0.4045
2026-03-05 10:59:26,528 f1_score = 0.3290
2026-03-05 10:59:26,528 Epoch 4: Train Loss 0.3635, Valid Loss 0.3299
2026-03-05 10:59:26,529 ----- Save best model - auprc: 0.4213 -----
2026-03-05 10:59:34,742 [[1023    5]
 [ 152   18]]
2026-03-05 10:59:34,746 AUC of ROC = 0.7873
2026-03-05 10:59:34,746 AUC of PRC = 0.4382
2026-03-05 10:59:34,746 min(+P, Se) = 0.4353
2026-03-05 10:59:34,747 f1_score = 0.1865
2026-03-05 10:59:34,747 Epoch 5: Train Loss 0.3629, Valid Loss 0.3373
2026-03-05 10:59:34,748 ----- Save best model - auprc: 0.4382 -----
2026-03-05 10:59:49,075 [[1006   22]
 [ 131   39]]
2026-03-05 10:59:49,077 AUC of ROC = 0.7923
2026-03-05 10:59:49,077 AUC of PRC = 0.4492
2026-03-05 10:59:49,078 min(+P, Se) = 0.4235
2026-03-05 10:59:49,078 f1_score = 0.3377
2026-03-05 10:59:49,078 Epoch 6: Train Loss 0.3765, Valid Loss 0.3240
2026-03-05 10:59:49,079 ----- Save best model - auprc: 0.4492 -----
2026-03-05 11:00:03,460 [[1014   14]
 [ 132   38]]
2026-03-05 11:00:03,463 AUC of ROC = 0.7948
2026-03-05 11:00:03,465 AUC of PRC = 0.4463
2026-03-05 11:00:03,465 min(+P, Se) = 0.4286
2026-03-05 11:00:03,468 f1_score = 0.3423
2026-03-05 11:00:03,468 Epoch 7: Train Loss 0.3343, Valid Loss 0.3123
2026-03-05 11:00:17,807 [[1022    6]
 [ 145   25]]
2026-03-05 11:00:17,810 AUC of ROC = 0.8193
2026-03-05 11:00:17,810 AUC of PRC = 0.4863
2026-03-05 11:00:17,811 min(+P, Se) = 0.4765
2026-03-05 11:00:17,811 f1_score = 0.2488
2026-03-05 11:00:17,812 Epoch 8: Train Loss 0.3361, Valid Loss 0.3263
2026-03-05 11:00:17,812 ----- Save best model - auprc: 0.4863 -----
2026-03-05 11:00:32,090 [[1007   21]
 [ 131   39]]
2026-03-05 11:00:32,094 AUC of ROC = 0.8236
2026-03-05 11:00:32,095 AUC of PRC = 0.4914
2026-03-05 11:00:32,096 min(+P, Se) = 0.4882
2026-03-05 11:00:32,096 f1_score = 0.3391
2026-03-05 11:00:32,098 Epoch 9: Train Loss 0.3262, Valid Loss 0.3067
2026-03-05 11:00:32,100 ----- Save best model - auprc: 0.4914 -----
2026-03-05 11:00:46,446 [[1010   18]
 [ 123   47]]
2026-03-05 11:00:46,448 AUC of ROC = 0.8313
2026-03-05 11:00:46,449 AUC of PRC = 0.5074
2026-03-05 11:00:46,449 min(+P, Se) = 0.4737
2026-03-05 11:00:46,449 f1_score = 0.4000
2026-03-05 11:00:46,450 Epoch 10: Train Loss 0.3147, Valid Loss 0.3042
2026-03-05 11:00:46,450 ----- Save best model - auprc: 0.5074 -----
2026-03-05 11:01:00,721 [[1004   24]
 [ 125   45]]
2026-03-05 11:01:00,724 AUC of ROC = 0.8327
2026-03-05 11:01:00,724 AUC of PRC = 0.5087
2026-03-05 11:01:00,724 min(+P, Se) = 0.4532
2026-03-05 11:01:00,724 f1_score = 0.3766
2026-03-05 11:01:00,725 Epoch 11: Train Loss 0.3136, Valid Loss 0.3042
2026-03-05 11:01:00,725 ----- Save best model - auprc: 0.5087 -----
2026-03-05 11:01:15,013 [[1003   25]
 [ 127   43]]
2026-03-05 11:01:15,015 AUC of ROC = 0.8304
2026-03-05 11:01:15,016 AUC of PRC = 0.5049
2026-03-05 11:01:15,016 min(+P, Se) = 0.4647
2026-03-05 11:01:15,016 f1_score = 0.3613
2026-03-05 11:01:15,016 Epoch 12: Train Loss 0.3090, Valid Loss 0.3107
2026-03-05 11:01:29,198 [[1001   27]
 [ 119   51]]
2026-03-05 11:01:29,200 AUC of ROC = 0.8395
2026-03-05 11:01:29,201 AUC of PRC = 0.5225
2026-03-05 11:01:29,202 min(+P, Se) = 0.4941
2026-03-05 11:01:29,202 f1_score = 0.4113
2026-03-05 11:01:29,203 Epoch 13: Train Loss 0.3078, Valid Loss 0.2991
2026-03-05 11:01:29,203 ----- Save best model - auprc: 0.5225 -----
2026-03-05 11:01:43,307 [[976  52]
 [ 97  73]]
2026-03-05 11:01:43,309 AUC of ROC = 0.8363
2026-03-05 11:01:43,310 AUC of PRC = 0.5275
2026-03-05 11:01:43,310 min(+P, Se) = 0.4912
2026-03-05 11:01:43,311 f1_score = 0.4949
2026-03-05 11:01:43,311 Epoch 14: Train Loss 0.3076, Valid Loss 0.3135
2026-03-05 11:01:43,312 ----- Save best model - auprc: 0.5275 -----
2026-03-05 11:01:57,619 [[995  33]
 [113  57]]
2026-03-05 11:01:57,624 AUC of ROC = 0.8415
2026-03-05 11:01:57,625 AUC of PRC = 0.5240
2026-03-05 11:01:57,627 min(+P, Se) = 0.4896
2026-03-05 11:01:57,627 f1_score = 0.4385
2026-03-05 11:01:57,628 Epoch 15: Train Loss 0.3192, Valid Loss 0.3027
2026-03-05 11:02:11,685 [[1008   20]
 [ 123   47]]
2026-03-05 11:02:11,687 AUC of ROC = 0.8357
2026-03-05 11:02:11,687 AUC of PRC = 0.5343
2026-03-05 11:02:11,688 min(+P, Se) = 0.5088
2026-03-05 11:02:11,688 f1_score = 0.3966
2026-03-05 11:02:11,688 Epoch 16: Train Loss 0.3079, Valid Loss 0.2993
2026-03-05 11:02:11,690 ----- Save best model - auprc: 0.5343 -----
2026-03-05 11:02:25,917 [[997  31]
 [113  57]]
2026-03-05 11:02:25,920 AUC of ROC = 0.8410
2026-03-05 11:02:25,920 AUC of PRC = 0.5261
2026-03-05 11:02:25,920 min(+P, Se) = 0.5059
2026-03-05 11:02:25,920 f1_score = 0.4419
2026-03-05 11:02:25,921 Epoch 17: Train Loss 0.3029, Valid Loss 0.2976
2026-03-05 11:02:40,073 [[1000   28]
 [ 115   55]]
2026-03-05 11:02:40,075 AUC of ROC = 0.8351
2026-03-05 11:02:40,076 AUC of PRC = 0.5267
2026-03-05 11:02:40,077 min(+P, Se) = 0.5000
2026-03-05 11:02:40,078 f1_score = 0.4348
2026-03-05 11:02:40,078 Epoch 18: Train Loss 0.3054, Valid Loss 0.3027
2026-03-05 11:02:54,255 [[998  30]
 [114  56]]
2026-03-05 11:02:54,257 AUC of ROC = 0.8431
2026-03-05 11:02:54,258 AUC of PRC = 0.5406
2026-03-05 11:02:54,259 min(+P, Se) = 0.5235
2026-03-05 11:02:54,259 f1_score = 0.4375
2026-03-05 11:02:54,260 Epoch 19: Train Loss 0.2992, Valid Loss 0.2957
2026-03-05 11:02:54,261 ----- Save best model - auprc: 0.5406 -----
2026-03-05 11:03:08,483 [[1012   16]
 [ 125   45]]
2026-03-05 11:03:08,486 AUC of ROC = 0.8479
2026-03-05 11:03:08,487 AUC of PRC = 0.5424
2026-03-05 11:03:08,487 min(+P, Se) = 0.5146
2026-03-05 11:03:08,487 f1_score = 0.3896
2026-03-05 11:03:08,488 Epoch 20: Train Loss 0.2997, Valid Loss 0.2956
2026-03-05 11:03:08,488 ----- Save best model - auprc: 0.5424 -----
2026-03-05 11:03:22,698 [[976  52]
 [ 99  71]]
2026-03-05 11:03:22,700 AUC of ROC = 0.8461
2026-03-05 11:03:22,701 AUC of PRC = 0.5384
2026-03-05 11:03:22,701 min(+P, Se) = 0.5029
2026-03-05 11:03:22,701 f1_score = 0.4846
2026-03-05 11:03:22,702 Epoch 21: Train Loss 0.3001, Valid Loss 0.3021
2026-03-05 11:03:36,808 [[1006   22]
 [ 124   46]]
2026-03-05 11:03:36,811 AUC of ROC = 0.8501
2026-03-05 11:03:36,811 AUC of PRC = 0.5451
2026-03-05 11:03:36,811 min(+P, Se) = 0.5176
2026-03-05 11:03:36,812 f1_score = 0.3866
2026-03-05 11:03:36,812 Epoch 22: Train Loss 0.2996, Valid Loss 0.2928
2026-03-05 11:03:36,813 ----- Save best model - auprc: 0.5451 -----
2026-03-05 11:03:51,019 [[1003   25]
 [ 114   56]]
2026-03-05 11:03:51,025 AUC of ROC = 0.8454
2026-03-05 11:03:51,025 AUC of PRC = 0.5345
2026-03-05 11:03:51,026 min(+P, Se) = 0.5029
2026-03-05 11:03:51,027 f1_score = 0.4462
2026-03-05 11:03:51,028 Epoch 23: Train Loss 0.3053, Valid Loss 0.2994
2026-03-05 11:04:05,220 [[998  30]
 [115  55]]
2026-03-05 11:04:05,224 AUC of ROC = 0.8447
2026-03-05 11:04:05,225 AUC of PRC = 0.5406
2026-03-05 11:04:05,226 min(+P, Se) = 0.4912
2026-03-05 11:04:05,226 f1_score = 0.4314
2026-03-05 11:04:05,229 Epoch 24: Train Loss 0.2996, Valid Loss 0.2958
2026-03-05 11:04:19,481 [[1002   26]
 [ 115   55]]
2026-03-05 11:04:19,483 AUC of ROC = 0.8474
2026-03-05 11:04:19,483 AUC of PRC = 0.5461
2026-03-05 11:04:19,483 min(+P, Se) = 0.5230
2026-03-05 11:04:19,484 f1_score = 0.4382
2026-03-05 11:04:19,484 Epoch 25: Train Loss 0.2951, Valid Loss 0.2911
2026-03-05 11:04:19,484 ----- Save best model - auprc: 0.5461 -----
2026-03-05 11:04:19,525 last saved model is in epoch 25
2026-03-05 11:04:20,401 [[992  33]
 [117  58]]
2026-03-05 11:04:20,405 AUC of ROC = 0.8609
2026-03-05 11:04:20,405 AUC of PRC = 0.5428
2026-03-05 11:04:20,405 min(+P, Se) = 0.5480
2026-03-05 11:04:20,405 f1_score = 0.4361
2026-03-05 11:04:20,405 Test Loss 0.2932
2026-03-06 23:55:00,646 {
    "dataset": "c12",
    "data_dropout": 0.0,
    "epochs": 25,
    "lr": 0.001,
    "d_model": 32,
    "seed": 3407,
    "batch_size": 64,
    "dropout": 0.1,
    "save_model": true,
    "save_dir": "./export/c12/smart-smile/seed_3407",
    "local_rank": 0,
    "min_mask_ratio": 0.0,
    "max_mask_ratio": 0.75,
    "e_layers": 2,
    "n_heads": 4,
    "time_dim": 16,
    "use_film": false,
    "use_smile": true,
    "use_mnar": false,
    "save_last": false,
    "smile_no_mnar": false,
    "smile_no_curriculum": false,
    "smile_mask_type": "all",
    "smile_mnar_dropout": 0.05
}
2026-03-06 23:55:08,558 Dataset Loaded.
2026-03-06 23:55:08,559 SMILE system_groups: {'cardiovascular': 4, 'respiratory': 6, 'lab': 27}
2026-03-06 23:56:02,337 Epoch 1: Train Loss 6.4382, Valid Loss 2.5272
2026-03-06 23:56:02,338 ----- Save best model - L1: 2.5272 -----
2026-03-06 23:56:29,104 {
    "dataset": "c12",
    "data_dropout": 0.0,
    "epochs": 25,
    "lr": 0.001,
    "d_model": 32,
    "seed": 3407,
    "batch_size": 64,
    "dropout": 0.1,
    "save_model": true,
    "save_dir": "./export/c12/smart-smile/seed_3407",
    "local_rank": 0,
    "min_mask_ratio": 0.0,
    "max_mask_ratio": 0.75,
    "e_layers": 2,
    "n_heads": 4,
    "time_dim": 16,
    "use_film": false,
    "use_smile": true,
    "use_mnar": false,
    "save_last": false,
    "smile_no_mnar": false,
    "smile_no_curriculum": false,
    "smile_mask_type": "all",
    "smile_mnar_dropout": 0.05
}
2026-03-06 23:56:35,835 Dataset Loaded.
2026-03-06 23:56:35,836 SMILE system_groups: {'cardiovascular': 4, 'respiratory': 6, 'lab': 27}
2026-03-06 23:57:29,543 Epoch 1: Train Loss 6.4382, Valid Loss 2.5272
2026-03-06 23:57:29,544 ----- Save best model - L1: 2.5272 -----
2026-03-06 23:58:21,408 Epoch 2: Train Loss 2.5734, Valid Loss 1.7034
2026-03-06 23:58:21,409 ----- Save best model - L1: 1.7034 -----
2026-03-06 23:59:12,920 Epoch 3: Train Loss 1.9080, Valid Loss 1.3117
2026-03-06 23:59:12,922 ----- Save best model - L1: 1.3117 -----
2026-03-07 00:00:03,825 Epoch 4: Train Loss 1.5987, Valid Loss 1.0699
2026-03-07 00:00:03,828 ----- Save best model - L1: 1.0699 -----
2026-03-07 00:00:54,171 Epoch 5: Train Loss 1.4727, Valid Loss 0.9604
2026-03-07 00:00:54,172 ----- Save best model - L1: 0.9604 -----
2026-03-07 00:01:44,737 Epoch 6: Train Loss 1.4018, Valid Loss 0.9748
2026-03-07 00:02:34,627 Epoch 7: Train Loss 1.4069, Valid Loss 0.9895
2026-03-07 00:03:25,675 Epoch 8: Train Loss 1.4018, Valid Loss 0.9855
2026-03-07 00:04:16,608 Epoch 9: Train Loss 1.4302, Valid Loss 0.9704
2026-03-07 00:05:06,109 Epoch 10: Train Loss 1.4283, Valid Loss 1.0084
2026-03-07 00:05:57,106 Epoch 11: Train Loss 1.4321, Valid Loss 1.0105
2026-03-07 00:06:47,320 Epoch 12: Train Loss 1.4752, Valid Loss 1.0145
2026-03-07 00:07:37,342 Epoch 13: Train Loss 1.4977, Valid Loss 1.0334
2026-03-07 00:08:27,902 Epoch 14: Train Loss 1.5305, Valid Loss 1.0995
2026-03-07 00:09:19,802 Epoch 15: Train Loss 1.5396, Valid Loss 1.0529
2026-03-07 00:10:10,159 Epoch 16: Train Loss 1.5710, Valid Loss 1.0579
2026-03-07 00:11:01,184 Epoch 17: Train Loss 1.6128, Valid Loss 1.0310
2026-03-07 00:11:52,672 Epoch 18: Train Loss 1.6476, Valid Loss 1.0408
2026-03-07 00:12:32,199 Epoch 19: Train Loss 1.6500, Valid Loss 1.0808
2026-03-07 00:13:15,820 Epoch 20: Train Loss 1.6446, Valid Loss 1.0456
2026-03-07 00:14:02,000 Epoch 21: Train Loss 1.6605, Valid Loss 1.0642
2026-03-07 00:14:48,368 Epoch 22: Train Loss 1.6628, Valid Loss 1.1339
2026-03-07 00:15:38,218 Epoch 23: Train Loss 1.7021, Valid Loss 1.0978
2026-03-07 00:16:29,368 Epoch 24: Train Loss 1.7093, Valid Loss 1.0685
2026-03-07 00:17:20,854 Epoch 25: Train Loss 1.6910, Valid Loss 1.0773
2026-03-07 00:17:21,017 last saved model is in epoch 5
2026-03-07 00:17:24,412 Test Loss 0.9530
2026-03-07 00:17:28,713 {
    "dataset": "c12",
    "data_dropout": 0.0,
    "epochs": 25,
    "freeze_epochs": 5,
    "lr": 0.001,
    "d_model": 32,
    "seed": 3407,
    "batch_size": 64,
    "dropout": 0.1,
    "save_model": true,
    "save_dir": "./export/c12/smart-smile/seed_3407",
    "local_rank": 0,
    "e_layers": 2,
    "n_heads": 4,
    "time_dim": 16,
    "use_film": false,
    "use_smile": true,
    "use_mnar": false,
    "smile_no_mnar": false,
    "smile_no_curriculum": false,
    "smile_mask_type": "all",
    "smile_mnar_dropout": 0.05
}
2026-03-07 00:17:34,598 Dataset Loaded.
2026-03-07 00:17:35,499 last saved model is in epoch 5
2026-03-07 00:17:53,679 [[985  43]
 [127  43]]
2026-03-07 00:17:53,686 AUC of ROC = 0.7194
2026-03-07 00:17:53,686 AUC of PRC = 0.3172
2026-03-07 00:17:53,687 min(+P, Se) = 0.3372
2026-03-07 00:17:53,687 f1_score = 0.3359
2026-03-07 00:17:53,688 Epoch 1: Train Loss 0.4465, Valid Loss 0.3451
2026-03-07 00:17:53,689 ----- Save best model - auprc: 0.3172 -----
2026-03-07 00:18:11,665 [[1009   19]
 [ 141   29]]
2026-03-07 00:18:11,668 AUC of ROC = 0.7160
2026-03-07 00:18:11,668 AUC of PRC = 0.3323
2026-03-07 00:18:11,668 min(+P, Se) = 0.3509
2026-03-07 00:18:11,668 f1_score = 0.2661
2026-03-07 00:18:11,669 Epoch 2: Train Loss 0.3709, Valid Loss 0.3329
2026-03-07 00:18:11,669 ----- Save best model - auprc: 0.3323 -----
2026-03-07 00:18:29,212 [[970  58]
 [114  56]]
2026-03-07 00:18:29,215 AUC of ROC = 0.7784
2026-03-07 00:18:29,215 AUC of PRC = 0.4092
2026-03-07 00:18:29,216 min(+P, Se) = 0.4070
2026-03-07 00:18:29,216 f1_score = 0.3944
2026-03-07 00:18:29,217 Epoch 3: Train Loss 0.3875, Valid Loss 0.3425
2026-03-07 00:18:29,218 ----- Save best model - auprc: 0.4092 -----
2026-03-07 00:18:47,098 [[1016   12]
 [ 144   26]]
2026-03-07 00:18:47,100 AUC of ROC = 0.7551
2026-03-07 00:18:47,101 AUC of PRC = 0.3838
2026-03-07 00:18:47,101 min(+P, Se) = 0.3906
2026-03-07 00:18:47,101 f1_score = 0.2500
2026-03-07 00:18:47,102 Epoch 4: Train Loss 0.3624, Valid Loss 0.3278
2026-03-07 00:19:04,958 [[939  89]
 [100  70]]
2026-03-07 00:19:04,960 AUC of ROC = 0.7625
2026-03-07 00:19:04,961 AUC of PRC = 0.3631
2026-03-07 00:19:04,961 min(+P, Se) = 0.4000
2026-03-07 00:19:04,962 f1_score = 0.4255
2026-03-07 00:19:04,962 Epoch 5: Train Loss 0.3629, Valid Loss 0.3631
2026-03-07 00:19:38,514 [[978  50]
 [116  54]]
2026-03-07 00:19:38,517 AUC of ROC = 0.8060
2026-03-07 00:19:38,519 AUC of PRC = 0.4408
2026-03-07 00:19:38,521 min(+P, Se) = 0.4682
2026-03-07 00:19:38,522 f1_score = 0.3942
2026-03-07 00:19:38,523 Epoch 6: Train Loss 0.3481, Valid Loss 0.3320
2026-03-07 00:19:38,524 ----- Save best model - auprc: 0.4408 -----
2026-03-07 00:20:12,133 [[969  59]
 [104  66]]
2026-03-07 00:20:12,136 AUC of ROC = 0.8122
2026-03-07 00:20:12,137 AUC of PRC = 0.5022
2026-03-07 00:20:12,137 min(+P, Se) = 0.4765
2026-03-07 00:20:12,147 f1_score = 0.4475
2026-03-07 00:20:12,151 Epoch 7: Train Loss 0.3294, Valid Loss 0.3360
2026-03-07 00:20:12,153 ----- Save best model - auprc: 0.5022 -----
2026-03-07 00:20:46,095 [[964  64]
 [ 96  74]]
2026-03-07 00:20:46,098 AUC of ROC = 0.8307
2026-03-07 00:20:46,098 AUC of PRC = 0.5319
2026-03-07 00:20:46,098 min(+P, Se) = 0.5059
2026-03-07 00:20:46,098 f1_score = 0.4805
2026-03-07 00:20:46,098 Epoch 8: Train Loss 0.3194, Valid Loss 0.3174
2026-03-07 00:20:46,099 ----- Save best model - auprc: 0.5319 -----
2026-03-07 00:21:19,775 [[1017   11]
 [ 135   35]]
2026-03-07 00:21:19,780 AUC of ROC = 0.8391
2026-03-07 00:21:19,780 AUC of PRC = 0.5200
2026-03-07 00:21:19,781 min(+P, Se) = 0.4888
2026-03-07 00:21:19,781 f1_score = 0.3241
2026-03-07 00:21:19,782 Epoch 9: Train Loss 0.3206, Valid Loss 0.3072
2026-03-07 00:21:53,904 [[1018   10]
 [ 132   38]]
2026-03-07 00:21:53,907 AUC of ROC = 0.8379
2026-03-07 00:21:53,907 AUC of PRC = 0.5614
2026-03-07 00:21:53,908 min(+P, Se) = 0.5497
2026-03-07 00:21:53,908 f1_score = 0.3486
2026-03-07 00:21:53,909 Epoch 10: Train Loss 0.3117, Valid Loss 0.3049
2026-03-07 00:21:53,909 ----- Save best model - auprc: 0.5614 -----
2026-03-07 00:22:27,656 [[998  30]
 [112  58]]
2026-03-07 00:22:27,660 AUC of ROC = 0.8510
2026-03-07 00:22:27,661 AUC of PRC = 0.5435
2026-03-07 00:22:27,661 min(+P, Se) = 0.4973
2026-03-07 00:22:27,661 f1_score = 0.4496
2026-03-07 00:22:27,661 Epoch 11: Train Loss 0.3097, Valid Loss 0.2960
2026-03-07 00:23:01,315 [[985  43]
 [107  63]]
2026-03-07 00:23:01,318 AUC of ROC = 0.8594
2026-03-07 00:23:01,319 AUC of PRC = 0.5608
2026-03-07 00:23:01,319 min(+P, Se) = 0.5202
2026-03-07 00:23:01,320 f1_score = 0.4565
2026-03-07 00:23:01,320 Epoch 12: Train Loss 0.3100, Valid Loss 0.2945
2026-03-07 00:23:35,590 [[1003   25]
 [ 113   57]]
2026-03-07 00:23:35,592 AUC of ROC = 0.8575
2026-03-07 00:23:35,593 AUC of PRC = 0.5747
2026-03-07 00:23:35,593 min(+P, Se) = 0.5057
2026-03-07 00:23:35,597 f1_score = 0.4524
2026-03-07 00:23:35,599 Epoch 13: Train Loss 0.3074, Valid Loss 0.2893
2026-03-07 00:23:35,601 ----- Save best model - auprc: 0.5747 -----
2026-03-07 00:24:09,365 [[1015   13]
 [ 134   36]]
2026-03-07 00:24:09,368 AUC of ROC = 0.8414
2026-03-07 00:24:09,368 AUC of PRC = 0.5597
2026-03-07 00:24:09,369 min(+P, Se) = 0.5088
2026-03-07 00:24:09,369 f1_score = 0.3288
2026-03-07 00:24:09,370 Epoch 14: Train Loss 0.3075, Valid Loss 0.3075
2026-03-07 00:24:43,441 [[1009   19]
 [ 122   48]]
2026-03-07 00:24:43,443 AUC of ROC = 0.8403
2026-03-07 00:24:43,444 AUC of PRC = 0.5549
2026-03-07 00:24:43,444 min(+P, Se) = 0.5088
2026-03-07 00:24:43,445 f1_score = 0.4051
2026-03-07 00:24:43,445 Epoch 15: Train Loss 0.3077, Valid Loss 0.3010
2026-03-07 00:25:17,362 [[970  58]
 [ 95  75]]
2026-03-07 00:25:17,365 AUC of ROC = 0.8556
2026-03-07 00:25:17,365 AUC of PRC = 0.5680
2026-03-07 00:25:17,366 min(+P, Se) = 0.5176
2026-03-07 00:25:17,366 f1_score = 0.4950
2026-03-07 00:25:17,367 Epoch 16: Train Loss 0.3028, Valid Loss 0.3015
2026-03-07 00:25:51,098 [[992  36]
 [111  59]]
2026-03-07 00:25:51,100 AUC of ROC = 0.8563
2026-03-07 00:25:51,101 AUC of PRC = 0.5655
2026-03-07 00:25:51,101 min(+P, Se) = 0.5141
2026-03-07 00:25:51,101 f1_score = 0.4453
2026-03-07 00:25:51,102 Epoch 17: Train Loss 0.3020, Valid Loss 0.2921
2026-03-07 00:26:25,020 [[1003   25]
 [ 114   56]]
2026-03-07 00:26:25,022 AUC of ROC = 0.8455
2026-03-07 00:26:25,023 AUC of PRC = 0.5613
2026-03-07 00:26:25,023 min(+P, Se) = 0.5146
2026-03-07 00:26:25,023 f1_score = 0.4462
2026-03-07 00:26:25,023 Epoch 18: Train Loss 0.3003, Valid Loss 0.2980
2026-03-07 00:26:58,771 [[1010   18]
 [ 126   44]]
2026-03-07 00:26:58,773 AUC of ROC = 0.8377
2026-03-07 00:26:58,774 AUC of PRC = 0.5523
2026-03-07 00:26:58,774 min(+P, Se) = 0.5000
2026-03-07 00:26:58,775 f1_score = 0.3793
2026-03-07 00:26:58,776 Epoch 19: Train Loss 0.3022, Valid Loss 0.2991
2026-03-07 00:27:32,521 [[1022    6]
 [ 133   37]]
2026-03-07 00:27:32,523 AUC of ROC = 0.8456
2026-03-07 00:27:32,523 AUC of PRC = 0.5756
2026-03-07 00:27:32,524 min(+P, Se) = 0.5471
2026-03-07 00:27:32,524 f1_score = 0.3474
2026-03-07 00:27:32,524 Epoch 20: Train Loss 0.3009, Valid Loss 0.3147
2026-03-07 00:27:32,524 ----- Save best model - auprc: 0.5756 -----
2026-03-07 00:28:06,756 [[1009   19]
 [ 118   52]]
2026-03-07 00:28:06,759 AUC of ROC = 0.8544
2026-03-07 00:28:06,759 AUC of PRC = 0.5725
2026-03-07 00:28:06,759 min(+P, Se) = 0.5235
2026-03-07 00:28:06,760 f1_score = 0.4315
2026-03-07 00:28:06,760 Epoch 21: Train Loss 0.3006, Valid Loss 0.2905
2026-03-07 00:28:40,573 [[1020    8]
 [ 136   34]]
2026-03-07 00:28:40,576 AUC of ROC = 0.8520
2026-03-07 00:28:40,576 AUC of PRC = 0.5643
2026-03-07 00:28:40,577 min(+P, Se) = 0.5176
2026-03-07 00:28:40,578 f1_score = 0.3208
2026-03-07 00:28:40,578 Epoch 22: Train Loss 0.2969, Valid Loss 0.3063
2026-03-07 00:29:14,727 [[993  35]
 [109  61]]
2026-03-07 00:29:14,730 AUC of ROC = 0.8492
2026-03-07 00:29:14,730 AUC of PRC = 0.5667
2026-03-07 00:29:14,730 min(+P, Se) = 0.5088
2026-03-07 00:29:14,730 f1_score = 0.4586
2026-03-07 00:29:14,731 Epoch 23: Train Loss 0.2988, Valid Loss 0.2942
2026-03-07 00:29:48,400 [[1001   27]
 [ 116   54]]
2026-03-07 00:29:48,402 AUC of ROC = 0.8447
2026-03-07 00:29:48,403 AUC of PRC = 0.5627
2026-03-07 00:29:48,403 min(+P, Se) = 0.5088
2026-03-07 00:29:48,404 f1_score = 0.4303
2026-03-07 00:29:48,404 Epoch 24: Train Loss 0.2945, Valid Loss 0.2963
2026-03-07 00:30:22,320 [[999  29]
 [113  57]]
2026-03-07 00:30:22,322 AUC of ROC = 0.8526
2026-03-07 00:30:22,323 AUC of PRC = 0.5769
2026-03-07 00:30:22,323 min(+P, Se) = 0.5131
2026-03-07 00:30:22,323 f1_score = 0.4453
2026-03-07 00:30:22,323 Epoch 25: Train Loss 0.2946, Valid Loss 0.2932
2026-03-07 00:30:22,324 ----- Save best model - auprc: 0.5769 -----
2026-03-07 00:30:22,409 last saved model is in epoch 25
2026-03-07 00:30:24,309 [[983  42]
 [107  68]]
2026-03-07 00:30:24,311 AUC of ROC = 0.8628
2026-03-07 00:30:24,311 AUC of PRC = 0.5472
2026-03-07 00:30:24,312 min(+P, Se) = 0.5140
2026-03-07 00:30:24,312 f1_score = 0.4772
2026-03-07 00:30:24,312 Test Loss 0.2951
2026-03-07 15:35:58,736 {
    "dataset": "c12",
    "data_dropout": 0.0,
    "epochs": 25,
    "lr": 0.001,
    "d_model": 32,
    "seed": 3407,
    "batch_size": 64,
    "dropout": 0.1,
    "save_model": true,
    "save_dir": "./export/c12/smart-smile/seed_3407",
    "local_rank": 0,
    "min_mask_ratio": 0.0,
    "max_mask_ratio": 0.75,
    "e_layers": 2,
    "n_heads": 4,
    "time_dim": 16,
    "use_film": false,
    "use_smile": true,
    "use_mnar": false,
    "save_last": false,
    "smile_no_mnar": false,
    "smile_no_curriculum": false,
    "smile_mask_type": "all",
    "smile_mnar_dropout": 0.05
}
2026-03-07 15:36:03,575 Dataset Loaded.
2026-03-07 15:36:03,576 SMILE system_groups: {'cardiovascular': 4, 'respiratory': 6, 'lab': 27}
2026-03-07 15:36:29,467 Epoch 1: Train Loss 6.4382, Valid Loss 2.5272
2026-03-07 15:36:29,468 ----- Save best model - L1: 2.5272 -----
2026-03-07 15:36:53,507 Epoch 2: Train Loss 2.5734, Valid Loss 1.7034
2026-03-07 15:36:53,508 ----- Save best model - L1: 1.7034 -----
2026-03-07 15:37:17,619 Epoch 3: Train Loss 1.9080, Valid Loss 1.3117
2026-03-07 15:37:17,622 ----- Save best model - L1: 1.3117 -----
2026-03-07 15:37:41,563 Epoch 4: Train Loss 1.5987, Valid Loss 1.0699
2026-03-07 15:37:41,564 ----- Save best model - L1: 1.0699 -----
2026-03-07 15:38:05,538 Epoch 5: Train Loss 1.4727, Valid Loss 0.9604
2026-03-07 15:38:05,539 ----- Save best model - L1: 0.9604 -----
2026-03-07 15:38:30,513 Epoch 6: Train Loss 1.4018, Valid Loss 0.9748
2026-03-07 15:38:54,695 Epoch 7: Train Loss 1.4069, Valid Loss 0.9896
2026-03-07 15:39:18,779 Epoch 8: Train Loss 1.4010, Valid Loss 0.9834
2026-03-07 15:39:42,868 Epoch 9: Train Loss 1.4290, Valid Loss 0.9700
2026-03-07 15:40:06,983 Epoch 10: Train Loss 1.4276, Valid Loss 1.0050
2026-03-07 15:40:31,047 Epoch 11: Train Loss 1.4339, Valid Loss 1.0017
2026-03-07 15:40:55,551 Epoch 12: Train Loss 1.4790, Valid Loss 1.0132
2026-03-07 15:41:19,680 Epoch 13: Train Loss 1.4981, Valid Loss 1.0439
2026-03-07 15:41:43,844 Epoch 14: Train Loss 1.5293, Valid Loss 1.1784
2026-03-07 15:42:07,867 Epoch 15: Train Loss 1.5480, Valid Loss 1.0619
2026-03-07 15:42:32,005 Epoch 16: Train Loss 1.5821, Valid Loss 1.0331
2026-03-07 15:42:55,894 Epoch 17: Train Loss 1.6222, Valid Loss 1.0802
2026-03-07 15:43:19,736 Epoch 18: Train Loss 1.6616, Valid Loss 1.0338
2026-03-07 15:43:43,646 Epoch 19: Train Loss 1.6579, Valid Loss 1.0995
2026-03-07 15:44:07,544 Epoch 20: Train Loss 1.6551, Valid Loss 1.0516
2026-03-07 15:44:31,414 Epoch 21: Train Loss 1.6696, Valid Loss 1.0659
2026-03-07 15:44:55,342 Epoch 22: Train Loss 1.6720, Valid Loss 1.1245
2026-03-07 15:45:19,230 Epoch 23: Train Loss 1.7165, Valid Loss 1.0882
2026-03-07 15:45:43,338 Epoch 24: Train Loss 1.7066, Valid Loss 1.0668
2026-03-07 15:46:07,387 Epoch 25: Train Loss 1.6986, Valid Loss 1.0684
2026-03-07 15:46:07,468 last saved model is in epoch 5
2026-03-07 15:46:09,137 Test Loss 0.9530
2026-03-07 15:46:12,211 {
    "dataset": "c12",
    "data_dropout": 0.0,
    "epochs": 25,
    "freeze_epochs": 5,
    "lr": 0.001,
    "d_model": 32,
    "seed": 3407,
    "batch_size": 64,
    "dropout": 0.1,
    "save_model": true,
    "save_dir": "./export/c12/smart-smile/seed_3407",
    "local_rank": 0,
    "e_layers": 2,
    "n_heads": 4,
    "time_dim": 16,
    "use_film": false,
    "use_smile": true,
    "use_mnar": false,
    "smile_no_mnar": false,
    "smile_no_curriculum": false,
    "smile_mask_type": "all",
    "smile_mnar_dropout": 0.05
}
2026-03-07 15:46:15,426 Dataset Loaded.
2026-03-07 15:46:15,938 last saved model is in epoch 5
2026-03-07 15:46:25,039 [[985  43]
 [127  43]]
2026-03-07 15:46:25,045 AUC of ROC = 0.7194
2026-03-07 15:46:25,045 AUC of PRC = 0.3172
2026-03-07 15:46:25,046 min(+P, Se) = 0.3372
2026-03-07 15:46:25,046 f1_score = 0.3359
2026-03-07 15:46:25,046 Epoch 1: Train Loss 0.4465, Valid Loss 0.3451
2026-03-07 15:46:25,047 ----- Save best model - auprc: 0.3172 -----
2026-03-07 15:46:33,890 [[1009   19]
 [ 141   29]]
2026-03-07 15:46:33,892 AUC of ROC = 0.7160
2026-03-07 15:46:33,893 AUC of PRC = 0.3323
2026-03-07 15:46:33,893 min(+P, Se) = 0.3509
2026-03-07 15:46:33,894 f1_score = 0.2661
2026-03-07 15:46:33,894 Epoch 2: Train Loss 0.3709, Valid Loss 0.3329
2026-03-07 15:46:33,895 ----- Save best model - auprc: 0.3323 -----
2026-03-07 15:46:42,636 [[970  58]
 [114  56]]
2026-03-07 15:46:42,638 AUC of ROC = 0.7784
2026-03-07 15:46:42,639 AUC of PRC = 0.4092
2026-03-07 15:46:42,639 min(+P, Se) = 0.4070
2026-03-07 15:46:42,639 f1_score = 0.3944
2026-03-07 15:46:42,640 Epoch 3: Train Loss 0.3875, Valid Loss 0.3425
2026-03-07 15:46:42,641 ----- Save best model - auprc: 0.4092 -----
2026-03-07 15:46:51,298 [[1016   12]
 [ 144   26]]
2026-03-07 15:46:51,301 AUC of ROC = 0.7551
2026-03-07 15:46:51,301 AUC of PRC = 0.3838
2026-03-07 15:46:51,302 min(+P, Se) = 0.3906
2026-03-07 15:46:51,302 f1_score = 0.2500
2026-03-07 15:46:51,302 Epoch 4: Train Loss 0.3624, Valid Loss 0.3278
2026-03-07 15:47:00,030 [[939  89]
 [100  70]]
2026-03-07 15:47:00,032 AUC of ROC = 0.7625
2026-03-07 15:47:00,033 AUC of PRC = 0.3631
2026-03-07 15:47:00,033 min(+P, Se) = 0.4000
2026-03-07 15:47:00,034 f1_score = 0.4255
2026-03-07 15:47:00,034 Epoch 5: Train Loss 0.3629, Valid Loss 0.3631
2026-03-07 15:47:16,206 [[978  50]
 [116  54]]
2026-03-07 15:47:16,209 AUC of ROC = 0.8060
2026-03-07 15:47:16,210 AUC of PRC = 0.4408
2026-03-07 15:47:16,211 min(+P, Se) = 0.4682
2026-03-07 15:47:16,211 f1_score = 0.3942
2026-03-07 15:47:16,212 Epoch 6: Train Loss 0.3481, Valid Loss 0.3320
2026-03-07 15:47:16,212 ----- Save best model - auprc: 0.4408 -----
2026-03-07 15:47:32,590 [[969  59]
 [104  66]]
2026-03-07 15:47:32,592 AUC of ROC = 0.8122
2026-03-07 15:47:32,593 AUC of PRC = 0.5023
2026-03-07 15:47:32,593 min(+P, Se) = 0.4765
2026-03-07 15:47:32,594 f1_score = 0.4475
2026-03-07 15:47:32,594 Epoch 7: Train Loss 0.3294, Valid Loss 0.3360
2026-03-07 15:47:32,595 ----- Save best model - auprc: 0.5023 -----
2026-03-07 15:47:48,728 [[964  64]
 [ 96  74]]
2026-03-07 15:47:48,731 AUC of ROC = 0.8306
2026-03-07 15:47:48,731 AUC of PRC = 0.5319
2026-03-07 15:47:48,732 min(+P, Se) = 0.5059
2026-03-07 15:47:48,732 f1_score = 0.4805
2026-03-07 15:47:48,732 Epoch 8: Train Loss 0.3194, Valid Loss 0.3174
2026-03-07 15:47:48,733 ----- Save best model - auprc: 0.5319 -----
2026-03-07 15:48:05,023 [[1017   11]
 [ 135   35]]
2026-03-07 15:48:05,025 AUC of ROC = 0.8391
2026-03-07 15:48:05,025 AUC of PRC = 0.5200
2026-03-07 15:48:05,026 min(+P, Se) = 0.4888
2026-03-07 15:48:05,026 f1_score = 0.3241
2026-03-07 15:48:05,027 Epoch 9: Train Loss 0.3206, Valid Loss 0.3072
2026-03-07 15:48:21,129 [[1018   10]
 [ 132   38]]
2026-03-07 15:48:21,132 AUC of ROC = 0.8379
2026-03-07 15:48:21,132 AUC of PRC = 0.5614
2026-03-07 15:48:21,133 min(+P, Se) = 0.5497
2026-03-07 15:48:21,133 f1_score = 0.3486
2026-03-07 15:48:21,134 Epoch 10: Train Loss 0.3117, Valid Loss 0.3049
2026-03-07 15:48:21,135 ----- Save best model - auprc: 0.5614 -----
2026-03-07 15:48:37,409 [[998  30]
 [112  58]]
2026-03-07 15:48:37,411 AUC of ROC = 0.8509
2026-03-07 15:48:37,412 AUC of PRC = 0.5434
2026-03-07 15:48:37,413 min(+P, Se) = 0.4973
2026-03-07 15:48:37,413 f1_score = 0.4496
2026-03-07 15:48:37,414 Epoch 11: Train Loss 0.3097, Valid Loss 0.2960
2026-03-07 15:48:53,511 [[985  43]
 [107  63]]
2026-03-07 15:48:53,514 AUC of ROC = 0.8594
2026-03-07 15:48:53,514 AUC of PRC = 0.5608
2026-03-07 15:48:53,515 min(+P, Se) = 0.5202
2026-03-07 15:48:53,516 f1_score = 0.4565
2026-03-07 15:48:53,516 Epoch 12: Train Loss 0.3100, Valid Loss 0.2945
2026-03-07 15:49:09,693 [[1003   25]
 [ 113   57]]
2026-03-07 15:49:09,696 AUC of ROC = 0.8575
2026-03-07 15:49:09,696 AUC of PRC = 0.5747
2026-03-07 15:49:09,697 min(+P, Se) = 0.5057
2026-03-07 15:49:09,697 f1_score = 0.4524
2026-03-07 15:49:09,698 Epoch 13: Train Loss 0.3074, Valid Loss 0.2893
2026-03-07 15:49:09,699 ----- Save best model - auprc: 0.5747 -----
2026-03-07 15:49:25,841 [[1015   13]
 [ 134   36]]
2026-03-07 15:49:25,844 AUC of ROC = 0.8415
2026-03-07 15:49:25,844 AUC of PRC = 0.5598
2026-03-07 15:49:25,845 min(+P, Se) = 0.5088
2026-03-07 15:49:25,845 f1_score = 0.3288
2026-03-07 15:49:25,846 Epoch 14: Train Loss 0.3075, Valid Loss 0.3075
2026-03-07 15:49:42,013 [[1009   19]
 [ 122   48]]
2026-03-07 15:49:42,015 AUC of ROC = 0.8403
2026-03-07 15:49:42,016 AUC of PRC = 0.5549
2026-03-07 15:49:42,016 min(+P, Se) = 0.5088
2026-03-07 15:49:42,016 f1_score = 0.4051
2026-03-07 15:49:42,017 Epoch 15: Train Loss 0.3077, Valid Loss 0.3010
2026-03-07 15:49:58,068 [[970  58]
 [ 96  74]]
2026-03-07 15:49:58,071 AUC of ROC = 0.8556
2026-03-07 15:49:58,071 AUC of PRC = 0.5679
2026-03-07 15:49:58,072 min(+P, Se) = 0.5176
2026-03-07 15:49:58,072 f1_score = 0.4901
2026-03-07 15:49:58,073 Epoch 16: Train Loss 0.3028, Valid Loss 0.3015
2026-03-07 15:50:14,191 [[992  36]
 [111  59]]
2026-03-07 15:50:14,194 AUC of ROC = 0.8563
2026-03-07 15:50:14,194 AUC of PRC = 0.5655
2026-03-07 15:50:14,195 min(+P, Se) = 0.5141
2026-03-07 15:50:14,195 f1_score = 0.4453
2026-03-07 15:50:14,196 Epoch 17: Train Loss 0.3020, Valid Loss 0.2921
2026-03-07 15:50:30,456 [[1003   25]
 [ 114   56]]
2026-03-07 15:50:30,458 AUC of ROC = 0.8455
2026-03-07 15:50:30,459 AUC of PRC = 0.5612
2026-03-07 15:50:30,459 min(+P, Se) = 0.5146
2026-03-07 15:50:30,459 f1_score = 0.4462
2026-03-07 15:50:30,460 Epoch 18: Train Loss 0.3003, Valid Loss 0.2981
2026-03-07 15:50:46,716 [[1010   18]
 [ 127   43]]
2026-03-07 15:50:46,719 AUC of ROC = 0.8376
2026-03-07 15:50:46,719 AUC of PRC = 0.5521
2026-03-07 15:50:46,720 min(+P, Se) = 0.5000
2026-03-07 15:50:46,720 f1_score = 0.3723
2026-03-07 15:50:46,721 Epoch 19: Train Loss 0.3022, Valid Loss 0.2991
2026-03-07 15:51:02,948 [[1022    6]
 [ 133   37]]
2026-03-07 15:51:02,951 AUC of ROC = 0.8456
2026-03-07 15:51:02,951 AUC of PRC = 0.5758
2026-03-07 15:51:02,952 min(+P, Se) = 0.5471
2026-03-07 15:51:02,952 f1_score = 0.3474
2026-03-07 15:51:02,953 Epoch 20: Train Loss 0.3009, Valid Loss 0.3146
2026-03-07 15:51:02,953 ----- Save best model - auprc: 0.5758 -----
2026-03-07 15:51:19,219 [[1009   19]
 [ 118   52]]
2026-03-07 15:51:19,221 AUC of ROC = 0.8544
2026-03-07 15:51:19,222 AUC of PRC = 0.5726
2026-03-07 15:51:19,222 min(+P, Se) = 0.5235
2026-03-07 15:51:19,223 f1_score = 0.4315
2026-03-07 15:51:19,223 Epoch 21: Train Loss 0.3006, Valid Loss 0.2905
2026-03-07 15:51:35,646 [[1020    8]
 [ 135   35]]
2026-03-07 15:51:35,648 AUC of ROC = 0.8514
2026-03-07 15:51:35,648 AUC of PRC = 0.5622
2026-03-07 15:51:35,649 min(+P, Se) = 0.5176
2026-03-07 15:51:35,649 f1_score = 0.3286
2026-03-07 15:51:35,649 Epoch 22: Train Loss 0.2968, Valid Loss 0.3085
2026-03-07 15:51:51,935 [[995  33]
 [111  59]]
2026-03-07 15:51:51,938 AUC of ROC = 0.8471
2026-03-07 15:51:51,938 AUC of PRC = 0.5672
2026-03-07 15:51:51,938 min(+P, Se) = 0.5176
2026-03-07 15:51:51,939 f1_score = 0.4504
2026-03-07 15:51:51,939 Epoch 23: Train Loss 0.2987, Valid Loss 0.2943
2026-03-07 15:52:08,076 [[999  29]
 [111  59]]
2026-03-07 15:52:08,079 AUC of ROC = 0.8478
2026-03-07 15:52:08,079 AUC of PRC = 0.5737
2026-03-07 15:52:08,079 min(+P, Se) = 0.5118
2026-03-07 15:52:08,080 f1_score = 0.4574
2026-03-07 15:52:08,080 Epoch 24: Train Loss 0.2944, Valid Loss 0.2939
2026-03-07 15:52:24,291 [[1003   25]
 [ 112   58]]
2026-03-07 15:52:24,294 AUC of ROC = 0.8514
2026-03-07 15:52:24,295 AUC of PRC = 0.5802
2026-03-07 15:52:24,295 min(+P, Se) = 0.5215
2026-03-07 15:52:24,296 f1_score = 0.4585
2026-03-07 15:52:24,296 Epoch 25: Train Loss 0.2943, Valid Loss 0.2927
2026-03-07 15:52:24,297 ----- Save best model - auprc: 0.5802 -----
2026-03-07 15:52:24,337 last saved model is in epoch 25
2026-03-07 15:52:25,236 [[985  40]
 [107  68]]
2026-03-07 15:52:25,239 AUC of ROC = 0.8601
2026-03-07 15:52:25,239 AUC of PRC = 0.5522
2026-03-07 15:52:25,240 min(+P, Se) = 0.5029
2026-03-07 15:52:25,240 f1_score = 0.4806
2026-03-07 15:52:25,241 Test Loss 0.2957
