2026-02-23 23:13:18,921 {
    "dataset": "c12",
    "data_dropout": 0.0,
    "epochs": 25,
    "lr": 0.001,
    "d_model": 32,
    "seed": 3407,
    "batch_size": 64,
    "dropout": 0.1,
    "save_model": true,
    "save_dir": "./export/c12/smart/seed_3407",
    "local_rank": 0,
    "min_mask_ratio": 0.0,
    "max_mask_ratio": 0.75,
    "e_layers": 2,
    "n_heads": 4,
    "time_dim": 16,
    "use_film": false
}
2026-02-23 23:13:25,810 Dataset Loaded.
2026-02-23 23:13:48,637 Epoch 1: Train Loss 6.6005, Valid Loss 2.5156
2026-02-23 23:13:48,638 ----- Save best model - L1: 2.5156 -----
2026-02-23 23:14:09,889 Epoch 2: Train Loss 2.4716, Valid Loss 1.6886
2026-02-23 23:14:09,890 ----- Save best model - L1: 1.6886 -----
2026-02-23 23:14:31,252 Epoch 3: Train Loss 1.9076, Valid Loss 1.2471
2026-02-23 23:14:31,253 ----- Save best model - L1: 1.2471 -----
2026-02-23 23:14:52,598 Epoch 4: Train Loss 1.7082, Valid Loss 1.1791
2026-02-23 23:14:52,599 ----- Save best model - L1: 1.1791 -----
2026-02-23 23:15:13,898 Epoch 5: Train Loss 1.6439, Valid Loss 1.1181
2026-02-23 23:15:13,899 ----- Save best model - L1: 1.1181 -----
2026-02-23 23:15:35,156 Epoch 6: Train Loss 1.6559, Valid Loss 1.1148
2026-02-23 23:15:35,157 ----- Save best model - L1: 1.1148 -----
2026-02-23 23:15:56,459 Epoch 7: Train Loss 1.6972, Valid Loss 1.0960
2026-02-23 23:15:56,460 ----- Save best model - L1: 1.0960 -----
2026-02-23 23:16:17,748 Epoch 8: Train Loss 1.7769, Valid Loss 1.1204
2026-02-23 23:16:38,958 Epoch 9: Train Loss 1.8478, Valid Loss 1.1332
2026-02-23 23:17:00,255 Epoch 10: Train Loss 1.9446, Valid Loss 1.1146
2026-02-23 23:17:21,612 Epoch 11: Train Loss 2.0347, Valid Loss 1.1296
2026-02-23 23:17:42,922 Epoch 12: Train Loss 2.0688, Valid Loss 1.1239
2026-02-23 23:18:04,221 Epoch 13: Train Loss 2.1473, Valid Loss 1.1434
2026-02-23 23:18:25,583 Epoch 14: Train Loss 2.1815, Valid Loss 1.1248
2026-02-23 23:18:47,845 Epoch 15: Train Loss 2.2042, Valid Loss 1.1216
2026-02-23 23:19:09,506 Epoch 16: Train Loss 2.2505, Valid Loss 1.1722
2026-02-23 23:19:30,957 Epoch 17: Train Loss 2.2228, Valid Loss 1.1536
2026-02-23 23:19:52,404 Epoch 18: Train Loss 2.2139, Valid Loss 1.1253
2026-02-23 23:20:13,953 Epoch 19: Train Loss 2.1847, Valid Loss 1.2231
2026-02-23 23:20:35,379 Epoch 20: Train Loss 2.1731, Valid Loss 1.1444
2026-02-23 23:20:56,766 Epoch 21: Train Loss 2.1338, Valid Loss 1.1817
2026-02-23 23:21:18,156 Epoch 22: Train Loss 2.1371, Valid Loss 1.1249
2026-02-23 23:21:39,673 Epoch 23: Train Loss 2.1070, Valid Loss 1.0805
2026-02-23 23:21:39,674 ----- Save best model - L1: 1.0805 -----
2026-02-23 23:22:02,204 Epoch 24: Train Loss 2.0803, Valid Loss 1.2355
2026-02-23 23:22:24,456 Epoch 25: Train Loss 2.0844, Valid Loss 1.1043
2026-02-23 23:22:24,523 last saved model is in epoch 23
2026-02-23 23:22:26,101 Test Loss 1.0402
2026-02-23 23:22:29,141 {
    "dataset": "c12",
    "data_dropout": 0.0,
    "epochs": 25,
    "freeze_epochs": 5,
    "lr": 0.001,
    "d_model": 32,
    "seed": 3407,
    "batch_size": 64,
    "dropout": 0.1,
    "save_model": true,
    "save_dir": "./export/c12/smart/seed_3407",
    "local_rank": 0,
    "e_layers": 2,
    "n_heads": 4,
    "time_dim": 16,
    "use_film": false
}
2026-02-23 23:22:35,652 Dataset Loaded.
2026-02-23 23:22:36,747 last saved model is in epoch 23
2026-02-23 23:22:46,024 [[939  89]
 [ 95  75]]
2026-02-23 23:22:46,027 AUC of ROC = 0.7822
2026-02-23 23:22:46,027 AUC of PRC = 0.4125
2026-02-23 23:22:46,028 min(+P, Se) = 0.4413
2026-02-23 23:22:46,028 f1_score = 0.4491
2026-02-23 23:22:46,028 Epoch 1: Train Loss 0.4167, Valid Loss 0.3987
2026-02-23 23:22:46,029 ----- Save best model - auprc: 0.4125 -----
2026-02-23 23:22:55,170 [[1028    0]
 [ 169    1]]
2026-02-23 23:22:55,172 AUC of ROC = 0.7917
2026-02-23 23:22:55,173 AUC of PRC = 0.4225
2026-02-23 23:22:55,173 min(+P, Se) = 0.4444
2026-02-23 23:22:55,173 f1_score = 0.0117
2026-02-23 23:22:55,174 Epoch 2: Train Loss 0.3760, Valid Loss 0.4202
2026-02-23 23:22:55,174 ----- Save best model - auprc: 0.4225 -----
2026-02-23 23:23:04,340 [[1024    4]
 [ 153   17]]
2026-02-23 23:23:04,342 AUC of ROC = 0.7982
2026-02-23 23:23:04,343 AUC of PRC = 0.4474
2026-02-23 23:23:04,344 min(+P, Se) = 0.4457
2026-02-23 23:23:04,344 f1_score = 0.1780
2026-02-23 23:23:04,345 Epoch 3: Train Loss 0.3733, Valid Loss 0.3379
2026-02-23 23:23:04,345 ----- Save best model - auprc: 0.4474 -----
2026-02-23 23:23:13,600 [[986  42]
 [117  53]]
2026-02-23 23:23:13,603 AUC of ROC = 0.8059
2026-02-23 23:23:13,603 AUC of PRC = 0.4478
2026-02-23 23:23:13,604 min(+P, Se) = 0.4706
2026-02-23 23:23:13,604 f1_score = 0.4000
2026-02-23 23:23:13,604 Epoch 4: Train Loss 0.3652, Valid Loss 0.3349
2026-02-23 23:23:13,605 ----- Save best model - auprc: 0.4478 -----
2026-02-23 23:23:22,852 [[1026    2]
 [ 163    7]]
2026-02-23 23:23:22,854 AUC of ROC = 0.8074
2026-02-23 23:23:22,855 AUC of PRC = 0.4583
2026-02-23 23:23:22,855 min(+P, Se) = 0.4412
2026-02-23 23:23:22,855 f1_score = 0.0782
2026-02-23 23:23:22,856 Epoch 5: Train Loss 0.3538, Valid Loss 0.3502
2026-02-23 23:23:22,856 ----- Save best model - auprc: 0.4583 -----
2026-02-23 23:23:38,462 [[1003   25]
 [ 124   46]]
2026-02-23 23:23:38,465 AUC of ROC = 0.8265
2026-02-23 23:23:38,465 AUC of PRC = 0.5183
2026-02-23 23:23:38,466 min(+P, Se) = 0.5059
2026-02-23 23:23:38,466 f1_score = 0.3817
2026-02-23 23:23:38,466 Epoch 6: Train Loss 0.3402, Valid Loss 0.3044
2026-02-23 23:23:38,466 ----- Save best model - auprc: 0.5183 -----
2026-02-23 23:23:54,401 [[1010   18]
 [ 119   51]]
2026-02-23 23:23:54,405 AUC of ROC = 0.8314
2026-02-23 23:23:54,405 AUC of PRC = 0.5350
2026-02-23 23:23:54,406 min(+P, Se) = 0.4941
2026-02-23 23:23:54,406 f1_score = 0.4268
2026-02-23 23:23:54,407 Epoch 7: Train Loss 0.3344, Valid Loss 0.2981
2026-02-23 23:23:54,407 ----- Save best model - auprc: 0.5350 -----
2026-02-23 23:24:11,391 [[1012   16]
 [ 126   44]]
2026-02-23 23:24:11,393 AUC of ROC = 0.8293
2026-02-23 23:24:11,394 AUC of PRC = 0.5240
2026-02-23 23:24:11,394 min(+P, Se) = 0.5056
2026-02-23 23:24:11,394 f1_score = 0.3826
2026-02-23 23:24:11,395 Epoch 8: Train Loss 0.3182, Valid Loss 0.3018
2026-02-23 23:24:28,404 [[983  45]
 [105  65]]
2026-02-23 23:24:28,406 AUC of ROC = 0.8377
2026-02-23 23:24:28,407 AUC of PRC = 0.5298
2026-02-23 23:24:28,407 min(+P, Se) = 0.4886
2026-02-23 23:24:28,407 f1_score = 0.4643
2026-02-23 23:24:28,408 Epoch 9: Train Loss 0.3122, Valid Loss 0.3033
2026-02-23 23:24:45,309 [[1008   20]
 [ 126   44]]
2026-02-23 23:24:45,312 AUC of ROC = 0.8418
2026-02-23 23:24:45,313 AUC of PRC = 0.5387
2026-02-23 23:24:45,313 min(+P, Se) = 0.4888
2026-02-23 23:24:45,313 f1_score = 0.3761
2026-02-23 23:24:45,314 Epoch 10: Train Loss 0.3115, Valid Loss 0.2972
2026-02-23 23:24:45,314 ----- Save best model - auprc: 0.5387 -----
2026-02-23 23:25:02,034 [[1004   24]
 [ 115   55]]
2026-02-23 23:25:02,037 AUC of ROC = 0.8350
2026-02-23 23:25:02,037 AUC of PRC = 0.5527
2026-02-23 23:25:02,037 min(+P, Se) = 0.5235
2026-02-23 23:25:02,038 f1_score = 0.4418
2026-02-23 23:25:02,038 Epoch 11: Train Loss 0.3129, Valid Loss 0.2921
2026-02-23 23:25:02,038 ----- Save best model - auprc: 0.5527 -----
2026-02-23 23:25:18,973 [[1012   16]
 [ 123   47]]
2026-02-23 23:25:18,976 AUC of ROC = 0.8334
2026-02-23 23:25:18,976 AUC of PRC = 0.5369
2026-02-23 23:25:18,976 min(+P, Se) = 0.4914
2026-02-23 23:25:18,977 f1_score = 0.4034
2026-02-23 23:25:18,977 Epoch 12: Train Loss 0.3069, Valid Loss 0.2961
2026-02-23 23:25:36,187 [[1015   13]
 [ 125   45]]
2026-02-23 23:25:36,189 AUC of ROC = 0.8450
2026-02-23 23:25:36,190 AUC of PRC = 0.5516
2026-02-23 23:25:36,190 min(+P, Se) = 0.5088
2026-02-23 23:25:36,191 f1_score = 0.3947
2026-02-23 23:25:36,191 Epoch 13: Train Loss 0.3052, Valid Loss 0.2967
2026-02-23 23:25:52,897 [[1022    6]
 [ 139   31]]
2026-02-23 23:25:52,899 AUC of ROC = 0.8443
2026-02-23 23:25:52,900 AUC of PRC = 0.5575
2026-02-23 23:25:52,901 min(+P, Se) = 0.5114
2026-02-23 23:25:52,901 f1_score = 0.2995
2026-02-23 23:25:52,902 Epoch 14: Train Loss 0.3023, Valid Loss 0.3137
2026-02-23 23:25:52,902 ----- Save best model - auprc: 0.5575 -----
2026-02-23 23:26:09,015 [[990  38]
 [108  62]]
2026-02-23 23:26:09,017 AUC of ROC = 0.8429
2026-02-23 23:26:09,018 AUC of PRC = 0.5467
2026-02-23 23:26:09,018 min(+P, Se) = 0.5176
2026-02-23 23:26:09,019 f1_score = 0.4593
2026-02-23 23:26:09,019 Epoch 15: Train Loss 0.3025, Valid Loss 0.2950
2026-02-23 23:26:25,964 [[1008   20]
 [ 123   47]]
2026-02-23 23:26:25,967 AUC of ROC = 0.8315
2026-02-23 23:26:25,967 AUC of PRC = 0.5356
2026-02-23 23:26:25,968 min(+P, Se) = 0.5353
2026-02-23 23:26:25,968 f1_score = 0.3966
2026-02-23 23:26:25,968 Epoch 16: Train Loss 0.3014, Valid Loss 0.3003
2026-02-23 23:26:43,052 [[990  38]
 [110  60]]
2026-02-23 23:26:43,054 AUC of ROC = 0.8281
2026-02-23 23:26:43,055 AUC of PRC = 0.5168
2026-02-23 23:26:43,055 min(+P, Se) = 0.4971
2026-02-23 23:26:43,056 f1_score = 0.4478
2026-02-23 23:26:43,056 Epoch 17: Train Loss 0.3015, Valid Loss 0.3128
2026-02-23 23:26:59,629 [[1013   15]
 [ 126   44]]
2026-02-23 23:26:59,631 AUC of ROC = 0.8293
2026-02-23 23:26:59,632 AUC of PRC = 0.5551
2026-02-23 23:26:59,632 min(+P, Se) = 0.5118
2026-02-23 23:26:59,633 f1_score = 0.3843
2026-02-23 23:26:59,633 Epoch 18: Train Loss 0.2987, Valid Loss 0.2963
2026-02-23 23:27:16,256 [[990  38]
 [111  59]]
2026-02-23 23:27:16,259 AUC of ROC = 0.8373
2026-02-23 23:27:16,259 AUC of PRC = 0.5434
2026-02-23 23:27:16,259 min(+P, Se) = 0.5235
2026-02-23 23:27:16,260 f1_score = 0.4419
2026-02-23 23:27:16,260 Epoch 19: Train Loss 0.2975, Valid Loss 0.2997
2026-02-23 23:27:31,141 [[999  29]
 [115  55]]
2026-02-23 23:27:31,143 AUC of ROC = 0.8422
2026-02-23 23:27:31,144 AUC of PRC = 0.5594
2026-02-23 23:27:31,144 min(+P, Se) = 0.5380
2026-02-23 23:27:31,145 f1_score = 0.4331
2026-02-23 23:27:31,145 Epoch 20: Train Loss 0.2966, Valid Loss 0.2918
2026-02-23 23:27:31,146 ----- Save best model - auprc: 0.5594 -----
2026-02-23 23:27:46,069 [[1012   16]
 [ 126   44]]
2026-02-23 23:27:46,072 AUC of ROC = 0.8341
2026-02-23 23:27:46,072 AUC of PRC = 0.5309
2026-02-23 23:27:46,072 min(+P, Se) = 0.4971
2026-02-23 23:27:46,073 f1_score = 0.3826
2026-02-23 23:27:46,073 Epoch 21: Train Loss 0.2938, Valid Loss 0.2998
2026-02-23 23:28:00,935 [[977  51]
 [ 95  75]]
2026-02-23 23:28:00,937 AUC of ROC = 0.8219
2026-02-23 23:28:00,938 AUC of PRC = 0.5359
2026-02-23 23:28:00,938 min(+P, Se) = 0.5088
2026-02-23 23:28:00,938 f1_score = 0.5068
2026-02-23 23:28:00,939 Epoch 22: Train Loss 0.2929, Valid Loss 0.3192
2026-02-23 23:28:15,802 [[1000   28]
 [ 116   54]]
2026-02-23 23:28:15,804 AUC of ROC = 0.8329
2026-02-23 23:28:15,805 AUC of PRC = 0.5555
2026-02-23 23:28:15,805 min(+P, Se) = 0.5118
2026-02-23 23:28:15,805 f1_score = 0.4286
2026-02-23 23:28:15,806 Epoch 23: Train Loss 0.2912, Valid Loss 0.2963
2026-02-23 23:28:30,707 [[1010   18]
 [ 127   43]]
2026-02-23 23:28:30,709 AUC of ROC = 0.8205
2026-02-23 23:28:30,710 AUC of PRC = 0.5359
2026-02-23 23:28:30,710 min(+P, Se) = 0.5176
2026-02-23 23:28:30,710 f1_score = 0.3723
2026-02-23 23:28:30,711 Epoch 24: Train Loss 0.2960, Valid Loss 0.3074
2026-02-23 23:28:45,506 [[988  40]
 [ 99  71]]
2026-02-23 23:28:45,508 AUC of ROC = 0.8432
2026-02-23 23:28:45,509 AUC of PRC = 0.5500
2026-02-23 23:28:45,509 min(+P, Se) = 0.4941
2026-02-23 23:28:45,510 f1_score = 0.5053
2026-02-23 23:28:45,511 Epoch 25: Train Loss 0.2911, Valid Loss 0.2962
2026-02-23 23:28:45,525 last saved model is in epoch 20
2026-02-23 23:28:46,481 [[991  34]
 [118  57]]
2026-02-23 23:28:46,484 AUC of ROC = 0.8600
2026-02-23 23:28:46,485 AUC of PRC = 0.5489
2026-02-23 23:28:46,485 min(+P, Se) = 0.5323
2026-02-23 23:28:46,485 f1_score = 0.4286
2026-02-23 23:28:46,485 Test Loss 0.2935
