2026-04-17 19:39:01,851 {
    "dataset": "c19",
    "data_dropout": 0.0,
    "epochs": 25,
    "lr": 0.001,
    "d_model": 32,
    "seed": 1,
    "batch_size": 64,
    "num_workers": null,
    "dropout": 0.1,
    "save_model": true,
    "save_dir": "./export/c19/smart-smile-lean-v2/seed_1",
    "local_rank": 0,
    "min_mask_ratio": 0.15,
    "max_mask_ratio": 0.75,
    "e_layers": 2,
    "n_heads": 4,
    "time_dim": 16,
    "use_film": false,
    "use_smile": false,
    "use_smile_film": false,
    "use_smile_v2": false,
    "use_smile_v2_film": false,
    "use_smile_lean": false,
    "use_smile_lean_samepretrain": false,
    "use_smile_lean_v2": true,
    "use_mnar": false,
    "save_last": true,
    "smile_no_mnar": false,
    "smile_no_curriculum": false,
    "smile_mask_type": "all",
    "smile_mnar_dropout": 0.05,
    "obs_density_window": 5,
    "abl_no_density": false,
    "abl_no_mnar_bias": false,
    "abl_no_film": false,
    "abl_no_time_mnar": false,
    "abl_no_time_pe": false,
    "abl_no_cross_attn": false,
    "abl_no_mnar_cls": false,
    "abl_no_policy": false,
    "abl_no_dynamic_mnar": false,
    "abl_no_dual_head": false,
    "pretrain_mask_mode": "fixed",
    "ratio_temperature": 1.0,
    "smile_stratified": false,
    "smile_mask_weights": null,
    "rank": 0,
    "world_size": 2,
    "distributed": true,
    "gpu": 0,
    "dist_backend": "nccl"
}
2026-04-17 19:39:29,983 Dataset Loaded.
2026-04-17 19:39:29,984 system_groups: {'Vital_Basic': 7, 'Resp_Gas': 7, 'Liver_Enzyme': 2, 'Renal': 3, 'Coagulation': 3, 'CBC': 3, 'Bilirubin': 2}
2026-04-17 19:39:29,984 DataLoader kwargs: {'num_workers': 4, 'pin_memory': True, 'persistent_workers': True, 'prefetch_factor': 2}
2026-04-17 19:39:29,989 Runtime init: variable order resolved.
2026-04-17 19:39:30,014 Runtime init: variable order moved to CUDA.
2026-04-17 19:39:30,030 Runtime init: encoder moved to CUDA.
2026-04-17 19:39:30,031 Runtime init: predictor moved to CUDA.
2026-04-17 19:39:30,039 Runtime init: target encoder copied.
2026-04-17 19:40:08,817 Runtime init: DDP wrap complete.
2026-04-17 19:40:49,915 Epoch 1: Train Loss 0.0852, Valid Loss 0.0227, EMA Val 0.0227
2026-04-17 19:41:40,218 Epoch 2: Train Loss 0.0545, Valid Loss 0.0222, EMA Val 0.0225
2026-04-17 19:42:16,068 Epoch 3: Train Loss 0.0527, Valid Loss 0.0217, EMA Val 0.0223
2026-04-17 19:42:49,987 Epoch 4: Train Loss 0.0507, Valid Loss 0.0224, EMA Val 0.0223
2026-04-17 19:43:30,599 Epoch 5: Train Loss 0.0485, Valid Loss 0.0226, EMA Val 0.0224
2026-04-17 19:44:13,526 Epoch 6: Train Loss 0.0478, Valid Loss 0.0226, EMA Val 0.0225
2026-04-17 19:44:49,460 Epoch 7: Train Loss 0.0482, Valid Loss 0.0227, EMA Val 0.0225
2026-04-17 19:45:36,277 Epoch 8: Train Loss 0.0484, Valid Loss 0.0238, EMA Val 0.0229
2026-04-17 19:46:35,207 Epoch 9: Train Loss 0.0493, Valid Loss 0.0238, EMA Val 0.0232
2026-04-17 19:47:42,626 Epoch 10: Train Loss 0.0503, Valid Loss 0.0249, EMA Val 0.0237
2026-04-17 19:49:31,643 Epoch 11: Train Loss 0.0542, Valid Loss 0.0286, EMA Val 0.0252
2026-04-17 19:51:10,549 Epoch 12: Train Loss 0.0571, Valid Loss 0.0274, EMA Val 0.0258
2026-04-17 19:52:33,195 Epoch 13: Train Loss 0.0604, Valid Loss 0.0302, EMA Val 0.0271
2026-04-17 19:53:47,140 Epoch 14: Train Loss 0.0621, Valid Loss 0.0338, EMA Val 0.0291
2026-04-17 19:55:02,876 Epoch 15: Train Loss 0.0674, Valid Loss 0.0342, EMA Val 0.0306
2026-04-17 19:56:02,305 Epoch 16: Train Loss 0.0674, Valid Loss 0.0340, EMA Val 0.0317
2026-04-17 19:56:45,924 Epoch 17: Train Loss 0.0728, Valid Loss 0.0350, EMA Val 0.0327
2026-04-17 19:58:32,768 Epoch 18: Train Loss 0.0755, Valid Loss 0.0364, EMA Val 0.0338
2026-04-17 20:00:00,244 Epoch 19: Train Loss 0.0778, Valid Loss 0.0406, EMA Val 0.0358
2026-04-17 20:01:34,182 Epoch 20: Train Loss 0.0813, Valid Loss 0.0397, EMA Val 0.0370
2026-04-17 20:02:43,660 Epoch 21: Train Loss 0.0801, Valid Loss 0.0401, EMA Val 0.0379
2026-04-17 20:03:48,274 Epoch 22: Train Loss 0.0856, Valid Loss 0.0388, EMA Val 0.0382
2026-04-17 20:05:27,768 Epoch 23: Train Loss 0.0858, Valid Loss 0.0435, EMA Val 0.0398
2026-04-17 20:06:55,542 Epoch 24: Train Loss 0.0897, Valid Loss 0.0408, EMA Val 0.0401
2026-04-17 20:08:25,339 Epoch 25: Train Loss 0.0913, Valid Loss 0.0412, EMA Val 0.0404
2026-04-17 20:08:25,341 ----- Save last epoch model - L1: 0.0404 -----
2026-04-17 20:08:30,351 last saved model is in epoch 25
2026-04-17 20:08:34,335 Test Loss 0.0418
2026-04-17 20:11:16,630 {
    "dataset": "c19",
    "data_dropout": 0.0,
    "epochs": 25,
    "freeze_epochs": 5,
    "lr": 0.001,
    "d_model": 32,
    "seed": 1,
    "batch_size": 64,
    "num_workers": null,
    "dropout": 0.1,
    "save_model": true,
    "save_dir": "./export/c19/smart-smile-lean-v2/seed_1",
    "pretrain_dir": null,
    "local_rank": 0,
    "e_layers": 2,
    "n_heads": 4,
    "time_dim": 16,
    "use_film": false,
    "use_smile": false,
    "use_smile_film": false,
    "use_mnar": false,
    "use_smile_v2": false,
    "use_smile_v2_film": false,
    "use_smile_lean": false,
    "use_smile_lean_samepretrain": false,
    "use_smile_lean_v2": true,
    "obs_density_window": 5,
    "abl_no_density": false,
    "abl_no_mnar_bias": false,
    "abl_no_film": false,
    "abl_no_time_mnar": false,
    "abl_no_time_pe": false,
    "abl_no_cross_attn": false,
    "abl_no_mnar_cls": false,
    "abl_no_policy": false,
    "abl_no_dynamic_mnar": false,
    "abl_no_dual_head": false,
    "smile_no_mnar": false,
    "smile_no_curriculum": false,
    "smile_mask_type": "all",
    "smile_mnar_dropout": 0.05,
    "smile_mnar_dropout_initial": 0.0,
    "smile_stratified": false,
    "rank": 0,
    "world_size": 2,
    "distributed": true,
    "gpu": 0,
    "dist_backend": "nccl"
}
2026-04-17 20:13:12,805 Dataset Loaded.
2026-04-17 20:13:12,809 DataLoader kwargs: {'num_workers': 4, 'pin_memory': True, 'persistent_workers': True, 'prefetch_factor': 2}
2026-04-17 20:13:12,820 Runtime init: variable order resolved.
2026-04-17 20:13:12,845 Runtime init: variable order moved to CUDA.
2026-04-17 20:13:12,876 Runtime init: encoder moved to CUDA.
2026-04-17 20:13:12,884 Runtime init: classifier moved to CUDA.
2026-04-17 20:13:23,286 Runtime init: DDP wrap complete.
2026-04-17 20:13:23,336 Class weights: [0.5393641591072083, 6.850955486297607]
2026-04-17 20:13:23,454 last saved model is in epoch 25
2026-04-17 20:14:03,191 [[3550  188]
 [ 144  151]]
2026-04-17 20:14:03,226 AUC of ROC = 0.8751
2026-04-17 20:14:03,228 AUC of PRC = 0.4070
2026-04-17 20:14:03,230 min(+P, Se) = 0.4515
2026-04-17 20:14:03,230 f1_score = 0.4742 (threshold = -0.1784)
2026-04-17 20:14:03,233 Epoch 1: Train Loss 0.5366, Valid Loss 0.5494
2026-04-17 20:14:03,237 ----- Save best model - auprc: 0.4070 -----
2026-04-17 20:14:28,717 [[2609 1129]
 [  24  271]]
2026-04-17 20:14:28,731 AUC of ROC = 0.9017
2026-04-17 20:14:28,733 AUC of PRC = 0.4306
2026-04-17 20:14:28,733 min(+P, Se) = 0.4848
2026-04-17 20:14:28,733 f1_score = 0.5072 (threshold = 0.8780)
2026-04-17 20:14:28,735 Epoch 2: Train Loss 0.4584, Valid Loss 0.4558
2026-04-17 20:14:28,737 ----- Save best model - auprc: 0.4306 -----
2026-04-17 20:14:45,162 [[3571  167]
 [ 125  170]]
2026-04-17 20:14:45,180 AUC of ROC = 0.9045
2026-04-17 20:14:45,181 AUC of PRC = 0.4803
2026-04-17 20:14:45,181 min(+P, Se) = 0.5322
2026-04-17 20:14:45,182 f1_score = 0.5358 (threshold = -0.1586)
2026-04-17 20:14:45,183 Epoch 3: Train Loss 0.4409, Valid Loss 0.4914
2026-04-17 20:14:45,184 ----- Save best model - auprc: 0.4803 -----
2026-04-17 20:15:04,215 [[2907  831]
 [  35  260]]
2026-04-17 20:15:04,235 AUC of ROC = 0.9114
2026-04-17 20:15:04,236 AUC of PRC = 0.4717
2026-04-17 20:15:04,237 min(+P, Se) = 0.5081
2026-04-17 20:15:04,237 f1_score = 0.5248 (threshold = 0.8171)
2026-04-17 20:15:04,238 Epoch 4: Train Loss 0.4190, Valid Loss 0.4016
2026-04-17 20:15:22,967 [[3389  349]
 [  70  225]]
2026-04-17 20:15:22,991 AUC of ROC = 0.9144
2026-04-17 20:15:22,994 AUC of PRC = 0.5028
2026-04-17 20:15:22,995 min(+P, Se) = 0.5153
2026-04-17 20:15:22,995 f1_score = 0.5235 (threshold = 0.4009)
2026-04-17 20:15:22,996 Epoch 5: Train Loss 0.4225, Valid Loss 0.3795
2026-04-17 20:15:22,999 ----- Save best model - auprc: 0.5028 -----
2026-04-17 20:15:56,965 [[3349  389]
 [  59  236]]
2026-04-17 20:15:56,982 AUC of ROC = 0.9331
2026-04-17 20:15:56,984 AUC of PRC = 0.6004
2026-04-17 20:15:56,984 min(+P, Se) = 0.5872
2026-04-17 20:15:56,984 f1_score = 0.6040 (threshold = 0.8919)
2026-04-17 20:15:56,985 Epoch 6: Train Loss 0.3906, Valid Loss 0.3328
2026-04-17 20:15:56,987 ----- Save best model - auprc: 0.6004 -----
2026-04-17 20:16:26,854 [[3529  209]
 [  55  240]]
2026-04-17 20:16:26,873 AUC of ROC = 0.9579
2026-04-17 20:16:26,875 AUC of PRC = 0.7340
2026-04-17 20:16:26,876 min(+P, Se) = 0.6949
2026-04-17 20:16:26,876 f1_score = 0.7026 (threshold = 0.6325)
2026-04-17 20:16:26,877 Epoch 7: Train Loss 0.3334, Valid Loss 0.2746
2026-04-17 20:16:26,879 ----- Save best model - auprc: 0.7340 -----
2026-04-17 20:16:57,224 [[3220  518]
 [  22  273]]
2026-04-17 20:16:57,236 AUC of ROC = 0.9641
2026-04-17 20:16:57,237 AUC of PRC = 0.7589
2026-04-17 20:16:57,237 min(+P, Se) = 0.6993
2026-04-17 20:16:57,238 f1_score = 0.7147 (threshold = 1.1261)
2026-04-17 20:16:57,240 Epoch 8: Train Loss 0.2916, Valid Loss 0.2677
2026-04-17 20:16:57,242 ----- Save best model - auprc: 0.7589 -----
2026-04-17 20:17:25,406 [[3266  472]
 [  23  272]]
2026-04-17 20:17:25,418 AUC of ROC = 0.9652
2026-04-17 20:17:25,419 AUC of PRC = 0.7742
2026-04-17 20:17:25,419 min(+P, Se) = 0.7356
2026-04-17 20:17:25,420 f1_score = 0.7387 (threshold = 1.3495)
2026-04-17 20:17:25,421 Epoch 9: Train Loss 0.2918, Valid Loss 0.2593
2026-04-17 20:17:25,425 ----- Save best model - auprc: 0.7742 -----
2026-04-17 20:17:57,606 [[3417  321]
 [  25  270]]
2026-04-17 20:17:57,622 AUC of ROC = 0.9671
2026-04-17 20:17:57,623 AUC of PRC = 0.7810
2026-04-17 20:17:57,623 min(+P, Se) = 0.7138
2026-04-17 20:17:57,623 f1_score = 0.7249 (threshold = 0.8913)
2026-04-17 20:17:57,624 Epoch 10: Train Loss 0.2771, Valid Loss 0.2392
2026-04-17 20:17:57,627 ----- Save best model - auprc: 0.7810 -----
2026-04-17 20:18:26,229 [[3491  247]
 [  46  249]]
2026-04-17 20:18:26,249 AUC of ROC = 0.9642
2026-04-17 20:18:26,251 AUC of PRC = 0.7731
2026-04-17 20:18:26,252 min(+P, Se) = 0.7153
2026-04-17 20:18:26,252 f1_score = 0.7227 (threshold = 0.9618)
2026-04-17 20:18:26,254 Epoch 11: Train Loss 0.2689, Valid Loss 0.2481
2026-04-17 20:18:51,125 [[3462  276]
 [  33  262]]
2026-04-17 20:18:51,139 AUC of ROC = 0.9651
2026-04-17 20:18:51,141 AUC of PRC = 0.7573
2026-04-17 20:18:51,141 min(+P, Se) = 0.7085
2026-04-17 20:18:51,141 f1_score = 0.7181 (threshold = 0.9861)
2026-04-17 20:18:51,143 Epoch 12: Train Loss 0.2510, Valid Loss 0.2377
2026-04-17 20:19:15,461 [[3180  558]
 [  14  281]]
2026-04-17 20:19:15,472 AUC of ROC = 0.9672
2026-04-17 20:19:15,472 AUC of PRC = 0.7872
2026-04-17 20:19:15,473 min(+P, Se) = 0.7390
2026-04-17 20:19:15,473 f1_score = 0.7415 (threshold = 1.3258)
2026-04-17 20:19:15,474 Epoch 13: Train Loss 0.2605, Valid Loss 0.2692
2026-04-17 20:19:15,475 ----- Save best model - auprc: 0.7872 -----
2026-04-17 20:19:42,030 [[3447  291]
 [  36  259]]
2026-04-17 20:19:42,045 AUC of ROC = 0.9692
2026-04-17 20:19:42,046 AUC of PRC = 0.7989
2026-04-17 20:19:42,046 min(+P, Se) = 0.7300
2026-04-17 20:19:42,047 f1_score = 0.7370 (threshold = 0.9972)
2026-04-17 20:19:42,048 Epoch 14: Train Loss 0.2485, Valid Loss 0.2327
2026-04-17 20:19:42,050 ----- Save best model - auprc: 0.7989 -----
2026-04-17 20:20:09,759 [[3351  387]
 [  25  270]]
2026-04-17 20:20:09,774 AUC of ROC = 0.9653
2026-04-17 20:20:09,775 AUC of PRC = 0.7886
2026-04-17 20:20:09,775 min(+P, Se) = 0.7273
2026-04-17 20:20:09,776 f1_score = 0.7308 (threshold = 1.4715)
2026-04-17 20:20:09,777 Epoch 15: Train Loss 0.2261, Valid Loss 0.2498
2026-04-17 20:20:46,928 [[3484  254]
 [  36  259]]
2026-04-17 20:20:46,956 AUC of ROC = 0.9664
2026-04-17 20:20:46,959 AUC of PRC = 0.7890
2026-04-17 20:20:46,959 min(+P, Se) = 0.7153
2026-04-17 20:20:46,959 f1_score = 0.7366 (threshold = 1.2393)
2026-04-17 20:20:46,962 Epoch 16: Train Loss 0.2253, Valid Loss 0.2375
2026-04-17 20:21:48,366 [[3508  230]
 [  40  255]]
2026-04-17 20:21:48,389 AUC of ROC = 0.9648
2026-04-17 20:21:48,391 AUC of PRC = 0.7874
2026-04-17 20:21:48,392 min(+P, Se) = 0.7220
2026-04-17 20:21:48,392 f1_score = 0.7269 (threshold = 1.3002)
2026-04-17 20:21:48,393 Epoch 17: Train Loss 0.2210, Valid Loss 0.2535
2026-04-17 20:22:41,297 [[3431  307]
 [  29  266]]
2026-04-17 20:22:41,331 AUC of ROC = 0.9651
2026-04-17 20:22:41,334 AUC of PRC = 0.7899
2026-04-17 20:22:41,335 min(+P, Se) = 0.7331
2026-04-17 20:22:41,336 f1_score = 0.7477 (threshold = 1.3881)
2026-04-17 20:22:41,339 Epoch 18: Train Loss 0.2075, Valid Loss 0.2460
2026-04-17 20:23:42,375 [[3390  348]
 [  27  268]]
2026-04-17 20:23:42,403 AUC of ROC = 0.9630
2026-04-17 20:23:42,406 AUC of PRC = 0.7708
2026-04-17 20:23:42,406 min(+P, Se) = 0.7331
2026-04-17 20:23:42,406 f1_score = 0.7343 (threshold = 1.0253)
2026-04-17 20:23:42,408 Epoch 19: Train Loss 0.2019, Valid Loss 0.2465
2026-04-17 20:24:52,946 [[3448  290]
 [  30  265]]
2026-04-17 20:24:52,980 AUC of ROC = 0.9640
2026-04-17 20:24:52,983 AUC of PRC = 0.7777
2026-04-17 20:24:52,983 min(+P, Se) = 0.7186
2026-04-17 20:24:52,984 f1_score = 0.7245 (threshold = 1.4430)
2026-04-17 20:24:52,986 Epoch 20: Train Loss 0.1913, Valid Loss 0.2475
2026-04-17 20:26:09,368 [[3461  277]
 [  33  262]]
2026-04-17 20:26:09,404 AUC of ROC = 0.9638
2026-04-17 20:26:09,407 AUC of PRC = 0.7788
2026-04-17 20:26:09,407 min(+P, Se) = 0.7186
2026-04-17 20:26:09,408 f1_score = 0.7219 (threshold = 1.3909)
2026-04-17 20:26:09,410 Epoch 21: Train Loss 0.1815, Valid Loss 0.2558
2026-04-17 20:27:21,561 [[3461  277]
 [  33  262]]
2026-04-17 20:27:21,579 AUC of ROC = 0.9631
2026-04-17 20:27:21,580 AUC of PRC = 0.7783
2026-04-17 20:27:21,580 min(+P, Se) = 0.7186
2026-04-17 20:27:21,580 f1_score = 0.7302 (threshold = 1.2972)
2026-04-17 20:27:21,582 Epoch 22: Train Loss 0.1743, Valid Loss 0.2566
2026-04-17 20:28:23,545 [[3447  291]
 [  29  266]]
2026-04-17 20:28:23,586 AUC of ROC = 0.9629
2026-04-17 20:28:23,588 AUC of PRC = 0.7783
2026-04-17 20:28:23,588 min(+P, Se) = 0.7196
2026-04-17 20:28:23,588 f1_score = 0.7273 (threshold = 1.3816)
2026-04-17 20:28:23,590 Epoch 23: Train Loss 0.1718, Valid Loss 0.2574
2026-04-17 20:29:06,480 [[3491  247]
 [  37  258]]
2026-04-17 20:29:06,500 AUC of ROC = 0.9630
2026-04-17 20:29:06,503 AUC of PRC = 0.7779
2026-04-17 20:29:06,503 min(+P, Se) = 0.7186
2026-04-17 20:29:06,504 f1_score = 0.7279 (threshold = 1.2051)
2026-04-17 20:29:06,505 Epoch 24: Train Loss 0.1693, Valid Loss 0.2638
2026-04-17 20:29:39,696 [[3442  296]
 [  28  267]]
2026-04-17 20:29:39,713 AUC of ROC = 0.9628
2026-04-17 20:29:39,714 AUC of PRC = 0.7771
2026-04-17 20:29:39,714 min(+P, Se) = 0.7186
2026-04-17 20:29:39,715 f1_score = 0.7301 (threshold = 1.2424)
2026-04-17 20:29:39,716 Epoch 25: Train Loss 0.1721, Valid Loss 0.2594
2026-04-17 20:29:39,765 last saved model is in epoch 14
2026-04-17 20:29:44,800 [[3502  250]
 [  31  251]]
2026-04-17 20:29:44,820 AUC of ROC = 0.9673
2026-04-17 20:29:44,822 AUC of PRC = 0.8299
2026-04-17 20:29:44,822 min(+P, Se) = 0.7703
2026-04-17 20:29:44,822 f1_score = 0.7756 (threshold = 1.1315)
2026-04-17 20:29:44,823 Test Loss 0.2188
2026-04-19 06:33:40,094 {
    "dataset": "c19",
    "data_dropout": 0.0,
    "epochs": 25,
    "freeze_epochs": 5,
    "lr": 0.001,
    "d_model": 32,
    "seed": 1,
    "batch_size": 64,
    "num_workers": null,
    "dropout": 0.1,
    "save_model": true,
    "save_dir": "./export/c19/smart-smile-lean-v2/seed_1",
    "pretrain_dir": "./export/c19/smart-smile-lean-v2/seed_1",
    "local_rank": 0,
    "e_layers": 2,
    "n_heads": 4,
    "time_dim": 16,
    "use_film": false,
    "use_smile": false,
    "use_smile_film": false,
    "use_mnar": false,
    "use_smile_v2": false,
    "use_smile_v2_film": false,
    "use_smile_lean": false,
    "use_smile_lean_samepretrain": false,
    "use_smile_lean_v2": true,
    "obs_density_window": 5,
    "abl_no_density": false,
    "abl_no_mnar_bias": false,
    "abl_no_film": false,
    "abl_no_time_mnar": false,
    "abl_no_time_pe": false,
    "abl_no_cross_attn": false,
    "abl_no_mnar_cls": false,
    "abl_no_policy": false,
    "abl_no_dynamic_mnar": false,
    "abl_no_dual_head": true,
    "smile_no_mnar": false,
    "smile_no_curriculum": false,
    "smile_mask_type": "all",
    "smile_mnar_dropout": 0.05,
    "smile_mnar_dropout_initial": 0.0,
    "smile_stratified": false,
    "rank": 0,
    "world_size": 2,
    "distributed": true,
    "gpu": 0,
    "dist_backend": "nccl"
}
2026-04-19 06:33:59,748 Dataset Loaded.
2026-04-19 06:33:59,750 DataLoader kwargs: {'num_workers': 4, 'pin_memory': True, 'persistent_workers': True, 'prefetch_factor': 2}
2026-04-19 06:33:59,755 Runtime init: variable order resolved.
2026-04-19 06:33:59,771 Runtime init: variable order moved to CUDA.
2026-04-19 06:33:59,785 Runtime init: encoder moved to CUDA.
2026-04-19 06:33:59,787 Runtime init: classifier moved to CUDA.
2026-04-19 06:34:04,137 Runtime init: DDP wrap complete.
2026-04-19 06:34:04,153 Class weights: [0.5393641591072083, 6.850955486297607]
2026-04-19 06:34:04,450 last saved model is in epoch 25
2026-04-19 06:34:21,813 [[3570  168]
 [ 198   97]]
2026-04-19 06:34:21,832 AUC of ROC = 0.8627
2026-04-19 06:34:21,833 AUC of PRC = 0.3059
2026-04-19 06:34:21,833 min(+P, Se) = 0.3923
2026-04-19 06:34:21,833 f1_score = 0.4325 (threshold = -0.1156)
2026-04-19 06:34:21,835 Epoch 1: Train Loss 0.5873, Valid Loss 0.6187
2026-04-19 06:34:21,836 ----- Save best model - auprc: 0.3059 -----
2026-04-19 06:34:35,828 [[1854 1884]
 [   9  286]]
2026-04-19 06:34:35,842 AUC of ROC = 0.8748
2026-04-19 06:34:35,843 AUC of PRC = 0.3523
2026-04-19 06:34:35,843 min(+P, Se) = 0.4358
2026-04-19 06:34:35,843 f1_score = 0.4642 (threshold = 1.1356)
2026-04-19 06:34:35,845 Epoch 2: Train Loss 0.4954, Valid Loss 0.5860
2026-04-19 06:34:35,846 ----- Save best model - auprc: 0.3523 -----
2026-04-19 06:34:49,243 [[3567  171]
 [ 148  147]]
2026-04-19 06:34:49,254 AUC of ROC = 0.8817
2026-04-19 06:34:49,254 AUC of PRC = 0.3870
2026-04-19 06:34:49,255 min(+P, Se) = 0.4783
2026-04-19 06:34:49,255 f1_score = 0.4869 (threshold = 0.0137)
2026-04-19 06:34:49,256 Epoch 3: Train Loss 0.4759, Valid Loss 0.5355
2026-04-19 06:34:49,257 ----- Save best model - auprc: 0.3870 -----
2026-04-19 06:35:02,928 [[2854  884]
 [  46  249]]
2026-04-19 06:35:02,941 AUC of ROC = 0.8915
2026-04-19 06:35:02,942 AUC of PRC = 0.3760
2026-04-19 06:35:02,942 min(+P, Se) = 0.4542
2026-04-19 06:35:02,942 f1_score = 0.4951 (threshold = 0.8609)
2026-04-19 06:35:02,943 Epoch 4: Train Loss 0.4577, Valid Loss 0.4322
2026-04-19 06:35:17,083 [[3395  343]
 [  91  204]]
2026-04-19 06:35:17,095 AUC of ROC = 0.8968
2026-04-19 06:35:17,095 AUC of PRC = 0.3926
2026-04-19 06:35:17,096 min(+P, Se) = 0.4585
2026-04-19 06:35:17,096 f1_score = 0.4942 (threshold = 0.1900)
2026-04-19 06:35:17,097 Epoch 5: Train Loss 0.4702, Valid Loss 0.4384
2026-04-19 06:35:17,098 ----- Save best model - auprc: 0.3926 -----
2026-04-19 06:35:40,956 [[3431  307]
 [  51  244]]
2026-04-19 06:35:40,969 AUC of ROC = 0.9423
2026-04-19 06:35:40,970 AUC of PRC = 0.6408
2026-04-19 06:35:40,970 min(+P, Se) = 0.6407
2026-04-19 06:35:40,970 f1_score = 0.6547 (threshold = 0.8864)
2026-04-19 06:35:40,971 Epoch 6: Train Loss 0.4095, Valid Loss 0.3053
2026-04-19 06:35:40,973 ----- Save best model - auprc: 0.6408 -----
2026-04-19 06:36:06,518 [[3413  325]
 [  36  259]]
2026-04-19 06:36:06,533 AUC of ROC = 0.9579
2026-04-19 06:36:06,534 AUC of PRC = 0.7414
2026-04-19 06:36:06,534 min(+P, Se) = 0.7027
2026-04-19 06:36:06,534 f1_score = 0.7039 (threshold = 1.0333)
2026-04-19 06:36:06,535 Epoch 7: Train Loss 0.3290, Valid Loss 0.2645
2026-04-19 06:36:06,537 ----- Save best model - auprc: 0.7414 -----
2026-04-19 06:36:32,897 [[3104  634]
 [  19  276]]
2026-04-19 06:36:32,912 AUC of ROC = 0.9610
2026-04-19 06:36:32,914 AUC of PRC = 0.7444
2026-04-19 06:36:32,914 min(+P, Se) = 0.7220
2026-04-19 06:36:32,914 f1_score = 0.7266 (threshold = 1.6997)
2026-04-19 06:36:32,916 Epoch 8: Train Loss 0.2989, Valid Loss 0.2872
2026-04-19 06:36:32,917 ----- Save best model - auprc: 0.7444 -----
2026-04-19 06:36:57,328 [[3219  519]
 [  26  269]]
2026-04-19 06:36:57,341 AUC of ROC = 0.9637
2026-04-19 06:36:57,342 AUC of PRC = 0.7706
2026-04-19 06:36:57,343 min(+P, Se) = 0.7390
2026-04-19 06:36:57,343 f1_score = 0.7435 (threshold = 1.4175)
2026-04-19 06:36:57,344 Epoch 9: Train Loss 0.3008, Valid Loss 0.2635
2026-04-19 06:36:57,346 ----- Save best model - auprc: 0.7706 -----
2026-04-19 06:37:21,692 [[3263  475]
 [  22  273]]
2026-04-19 06:37:21,705 AUC of ROC = 0.9651
2026-04-19 06:37:21,707 AUC of PRC = 0.7744
2026-04-19 06:37:21,707 min(+P, Se) = 0.7254
2026-04-19 06:37:21,707 f1_score = 0.7300 (threshold = 1.4207)
2026-04-19 06:37:21,708 Epoch 10: Train Loss 0.2815, Valid Loss 0.2549
2026-04-19 06:37:21,710 ----- Save best model - auprc: 0.7744 -----
2026-04-19 06:37:45,327 [[3434  304]
 [  35  260]]
2026-04-19 06:37:45,339 AUC of ROC = 0.9630
2026-04-19 06:37:45,340 AUC of PRC = 0.7670
2026-04-19 06:37:45,340 min(+P, Se) = 0.7153
2026-04-19 06:37:45,341 f1_score = 0.7246 (threshold = 1.3829)
2026-04-19 06:37:45,342 Epoch 11: Train Loss 0.2806, Valid Loss 0.2446
2026-04-19 06:38:07,023 [[3344  394]
 [  26  269]]
2026-04-19 06:38:07,034 AUC of ROC = 0.9630
2026-04-19 06:38:07,035 AUC of PRC = 0.7739
2026-04-19 06:38:07,035 min(+P, Se) = 0.7162
2026-04-19 06:38:07,035 f1_score = 0.7238 (threshold = 1.4159)
2026-04-19 06:38:07,036 Epoch 12: Train Loss 0.2610, Valid Loss 0.2439
2026-04-19 06:38:28,376 [[3226  512]
 [  21  274]]
2026-04-19 06:38:28,387 AUC of ROC = 0.9677
2026-04-19 06:38:28,387 AUC of PRC = 0.7899
2026-04-19 06:38:28,387 min(+P, Se) = 0.7458
2026-04-19 06:38:28,387 f1_score = 0.7470 (threshold = 1.5330)
2026-04-19 06:38:28,388 Epoch 13: Train Loss 0.2725, Valid Loss 0.2573
2026-04-19 06:38:28,389 ----- Save best model - auprc: 0.7899 -----
2026-04-19 06:38:49,687 [[3459  279]
 [  38  257]]
2026-04-19 06:38:49,699 AUC of ROC = 0.9667
2026-04-19 06:38:49,699 AUC of PRC = 0.7870
2026-04-19 06:38:49,699 min(+P, Se) = 0.7306
2026-04-19 06:38:49,700 f1_score = 0.7407 (threshold = 1.5569)
2026-04-19 06:38:49,700 Epoch 14: Train Loss 0.2627, Valid Loss 0.2359
2026-04-19 06:39:09,934 [[3190  548]
 [  21  274]]
2026-04-19 06:39:09,946 AUC of ROC = 0.9650
2026-04-19 06:39:09,947 AUC of PRC = 0.7876
2026-04-19 06:39:09,947 min(+P, Se) = 0.7186
2026-04-19 06:39:09,947 f1_score = 0.7214 (threshold = 2.0464)
2026-04-19 06:39:09,948 Epoch 15: Train Loss 0.2361, Valid Loss 0.2696
2026-04-19 06:39:30,494 [[3465  273]
 [  37  258]]
2026-04-19 06:39:30,504 AUC of ROC = 0.9650
2026-04-19 06:39:30,505 AUC of PRC = 0.7819
2026-04-19 06:39:30,505 min(+P, Se) = 0.7356
2026-04-19 06:39:30,505 f1_score = 0.7356 (threshold = 1.2274)
2026-04-19 06:39:30,506 Epoch 16: Train Loss 0.2424, Valid Loss 0.2417
2026-04-19 06:39:54,875 [[3508  230]
 [  45  250]]
2026-04-19 06:39:54,893 AUC of ROC = 0.9638
2026-04-19 06:39:54,894 AUC of PRC = 0.7795
2026-04-19 06:39:54,895 min(+P, Se) = 0.7233
2026-04-19 06:39:54,895 f1_score = 0.7339 (threshold = 0.9976)
2026-04-19 06:39:54,896 Epoch 17: Train Loss 0.2337, Valid Loss 0.2542
2026-04-19 06:40:24,875 [[3430  308]
 [  35  260]]
2026-04-19 06:40:24,894 AUC of ROC = 0.9641
2026-04-19 06:40:24,895 AUC of PRC = 0.7911
2026-04-19 06:40:24,895 min(+P, Se) = 0.7390
2026-04-19 06:40:24,895 f1_score = 0.7429 (threshold = 1.3535)
2026-04-19 06:40:24,897 Epoch 18: Train Loss 0.2228, Valid Loss 0.2458
2026-04-19 06:40:24,899 ----- Save best model - auprc: 0.7911 -----
2026-04-19 06:41:03,360 [[3315  423]
 [  22  273]]
2026-04-19 06:41:03,375 AUC of ROC = 0.9624
2026-04-19 06:41:03,376 AUC of PRC = 0.7750
2026-04-19 06:41:03,376 min(+P, Se) = 0.7186
2026-04-19 06:41:03,376 f1_score = 0.7222 (threshold = 1.6591)
2026-04-19 06:41:03,378 Epoch 19: Train Loss 0.2189, Valid Loss 0.2559
2026-04-19 06:41:44,430 [[3443  295]
 [  35  260]]
2026-04-19 06:41:44,460 AUC of ROC = 0.9638
2026-04-19 06:41:44,462 AUC of PRC = 0.7832
2026-04-19 06:41:44,463 min(+P, Se) = 0.7196
2026-04-19 06:41:44,463 f1_score = 0.7287 (threshold = 1.0813)
2026-04-19 06:41:44,465 Epoch 20: Train Loss 0.2061, Valid Loss 0.2486
2026-04-19 06:42:13,948 [[3404  334]
 [  33  262]]
2026-04-19 06:42:13,963 AUC of ROC = 0.9623
2026-04-19 06:42:13,963 AUC of PRC = 0.7784
2026-04-19 06:42:13,963 min(+P, Se) = 0.7220
2026-04-19 06:42:13,963 f1_score = 0.7353 (threshold = 1.5887)
2026-04-19 06:42:13,965 Epoch 21: Train Loss 0.2028, Valid Loss 0.2564
2026-04-19 06:42:35,925 [[3426  312]
 [  37  258]]
2026-04-19 06:42:35,942 AUC of ROC = 0.9625
2026-04-19 06:42:35,942 AUC of PRC = 0.7819
2026-04-19 06:42:35,943 min(+P, Se) = 0.7220
2026-04-19 06:42:35,943 f1_score = 0.7337 (threshold = 1.5855)
2026-04-19 06:42:35,944 Epoch 22: Train Loss 0.1897, Valid Loss 0.2551
2026-04-19 06:42:57,992 [[3395  343]
 [  31  264]]
2026-04-19 06:42:58,003 AUC of ROC = 0.9626
2026-04-19 06:42:58,004 AUC of PRC = 0.7809
2026-04-19 06:42:58,004 min(+P, Se) = 0.7220
2026-04-19 06:42:58,004 f1_score = 0.7320 (threshold = 1.5959)
2026-04-19 06:42:58,005 Epoch 23: Train Loss 0.1893, Valid Loss 0.2553
2026-04-19 06:43:20,198 [[3438  300]
 [  37  258]]
2026-04-19 06:43:20,210 AUC of ROC = 0.9630
2026-04-19 06:43:20,212 AUC of PRC = 0.7843
2026-04-19 06:43:20,212 min(+P, Se) = 0.7220
2026-04-19 06:43:20,212 f1_score = 0.7333 (threshold = 1.5149)
2026-04-19 06:43:20,213 Epoch 24: Train Loss 0.1883, Valid Loss 0.2567
2026-04-19 06:43:41,665 [[3414  324]
 [  33  262]]
2026-04-19 06:43:41,679 AUC of ROC = 0.9622
2026-04-19 06:43:41,680 AUC of PRC = 0.7816
2026-04-19 06:43:41,680 min(+P, Se) = 0.7196
2026-04-19 06:43:41,680 f1_score = 0.7273 (threshold = 1.6277)
2026-04-19 06:43:41,681 Epoch 25: Train Loss 0.1846, Valid Loss 0.2574
2026-04-19 06:43:41,846 last saved model is in epoch 18
2026-04-19 06:43:44,967 [[3465  287]
 [  26  256]]
2026-04-19 06:43:44,981 AUC of ROC = 0.9660
2026-04-19 06:43:44,982 AUC of PRC = 0.8381
2026-04-19 06:43:44,982 min(+P, Se) = 0.7668
2026-04-19 06:43:44,982 f1_score = 0.7805 (threshold = 1.0764)
2026-04-19 06:43:44,983 Test Loss 0.2289
2026-04-21 15:40:05,570 {
    "dataset": "c19",
    "data_dropout": 0.0,
    "epochs": 25,
    "freeze_epochs": 5,
    "lr": 0.001,
    "d_model": 32,
    "seed": 1,
    "batch_size": 64,
    "num_workers": null,
    "dropout": 0.1,
    "save_model": true,
    "save_dir": "./export/c19/smart-smile-lean-v2/seed_1",
    "pretrain_dir": "./export/c19/smart-smile-lean-v2/seed_1",
    "local_rank": 0,
    "e_layers": 2,
    "n_heads": 4,
    "time_dim": 16,
    "use_film": false,
    "use_smile": false,
    "use_smile_film": false,
    "use_mnar": false,
    "use_smile_v2": false,
    "use_smile_v2_film": false,
    "use_smile_lean": false,
    "use_smile_lean_samepretrain": false,
    "use_smile_lean_v2": true,
    "obs_density_window": 5,
    "abl_no_density": false,
    "abl_no_mnar_bias": false,
    "abl_no_film": false,
    "abl_no_time_mnar": false,
    "abl_no_time_pe": false,
    "abl_no_cross_attn": false,
    "abl_no_mnar_cls": false,
    "abl_no_policy": false,
    "abl_no_dynamic_mnar": false,
    "abl_no_dual_head": true,
    "smile_no_mnar": false,
    "smile_no_curriculum": false,
    "smile_mask_type": "all",
    "smile_mnar_dropout": 0.05,
    "smile_mnar_dropout_initial": 0.0,
    "smile_stratified": false,
    "rank": 0,
    "world_size": 2,
    "distributed": true,
    "gpu": 0,
    "dist_backend": "nccl"
}
2026-04-21 15:40:16,577 Dataset Loaded.
2026-04-21 15:40:16,578 DataLoader kwargs: {'num_workers': 4, 'pin_memory': True, 'persistent_workers': True, 'prefetch_factor': 2}
2026-04-21 15:40:16,580 Runtime init: variable order resolved.
2026-04-21 15:40:16,581 Runtime init: variable order moved to CUDA.
2026-04-21 15:40:16,595 Runtime init: encoder moved to CUDA.
2026-04-21 15:40:16,596 Runtime init: classifier moved to CUDA.
2026-04-21 15:40:18,700 Runtime init: DDP wrap complete.
2026-04-21 15:40:18,712 Class weights: [0.5393641591072083, 6.850955486297607]
2026-04-21 15:40:18,743 last saved model is in epoch 25
2026-04-21 15:40:28,213 [[3570  168]
 [ 198   97]]
2026-04-21 15:40:28,221 AUC of ROC = 0.8627
2026-04-21 15:40:28,221 AUC of PRC = 0.3059
2026-04-21 15:40:28,221 min(+P, Se) = 0.3923
2026-04-21 15:40:28,222 f1_score = 0.4325 (threshold = -0.1156)
2026-04-21 15:40:28,222 Epoch 1: Train Loss 0.5873, Valid Loss 0.6187
2026-04-21 15:40:28,223 ----- Save best model - auprc: 0.3059 -----
2026-04-21 15:40:35,843 [[1854 1884]
 [   9  286]]
2026-04-21 15:40:35,849 AUC of ROC = 0.8748
2026-04-21 15:40:35,849 AUC of PRC = 0.3523
2026-04-21 15:40:35,849 min(+P, Se) = 0.4358
2026-04-21 15:40:35,850 f1_score = 0.4642 (threshold = 1.1356)
2026-04-21 15:40:35,850 Epoch 2: Train Loss 0.4954, Valid Loss 0.5860
2026-04-21 15:40:35,851 ----- Save best model - auprc: 0.3523 -----
2026-04-21 15:40:43,581 [[3567  171]
 [ 148  147]]
2026-04-21 15:40:43,588 AUC of ROC = 0.8817
2026-04-21 15:40:43,588 AUC of PRC = 0.3870
2026-04-21 15:40:43,588 min(+P, Se) = 0.4783
2026-04-21 15:40:43,588 f1_score = 0.4869 (threshold = 0.0137)
2026-04-21 15:40:43,589 Epoch 3: Train Loss 0.4759, Valid Loss 0.5355
2026-04-21 15:40:43,589 ----- Save best model - auprc: 0.3870 -----
2026-04-21 15:40:51,610 [[2854  884]
 [  46  249]]
2026-04-21 15:40:51,617 AUC of ROC = 0.8915
2026-04-21 15:40:51,617 AUC of PRC = 0.3760
2026-04-21 15:40:51,617 min(+P, Se) = 0.4542
2026-04-21 15:40:51,617 f1_score = 0.4951 (threshold = 0.8609)
2026-04-21 15:40:51,618 Epoch 4: Train Loss 0.4577, Valid Loss 0.4322
2026-04-21 15:40:59,095 [[3395  343]
 [  91  204]]
2026-04-21 15:40:59,101 AUC of ROC = 0.8968
2026-04-21 15:40:59,102 AUC of PRC = 0.3926
2026-04-21 15:40:59,102 min(+P, Se) = 0.4585
2026-04-21 15:40:59,102 f1_score = 0.4942 (threshold = 0.1900)
2026-04-21 15:40:59,102 Epoch 5: Train Loss 0.4702, Valid Loss 0.4384
2026-04-21 15:40:59,103 ----- Save best model - auprc: 0.3926 -----
2026-04-21 15:41:13,563 [[3431  307]
 [  51  244]]
2026-04-21 15:41:13,570 AUC of ROC = 0.9423
2026-04-21 15:41:13,570 AUC of PRC = 0.6408
2026-04-21 15:41:13,570 min(+P, Se) = 0.6407
2026-04-21 15:41:13,571 f1_score = 0.6547 (threshold = 0.8864)
2026-04-21 15:41:13,571 Epoch 6: Train Loss 0.4095, Valid Loss 0.3053
2026-04-21 15:41:13,572 ----- Save best model - auprc: 0.6408 -----
2026-04-21 15:41:28,384 [[3413  325]
 [  36  259]]
2026-04-21 15:41:28,391 AUC of ROC = 0.9579
2026-04-21 15:41:28,391 AUC of PRC = 0.7414
2026-04-21 15:41:28,392 min(+P, Se) = 0.7027
2026-04-21 15:41:28,392 f1_score = 0.7039 (threshold = 1.0333)
2026-04-21 15:41:28,392 Epoch 7: Train Loss 0.3290, Valid Loss 0.2645
2026-04-21 15:41:28,393 ----- Save best model - auprc: 0.7414 -----
2026-04-21 15:41:42,594 [[3104  634]
 [  19  276]]
2026-04-21 15:41:42,600 AUC of ROC = 0.9610
2026-04-21 15:41:42,600 AUC of PRC = 0.7444
2026-04-21 15:41:42,600 min(+P, Se) = 0.7220
2026-04-21 15:41:42,600 f1_score = 0.7266 (threshold = 1.6997)
2026-04-21 15:41:42,601 Epoch 8: Train Loss 0.2989, Valid Loss 0.2872
2026-04-21 15:41:42,602 ----- Save best model - auprc: 0.7444 -----
2026-04-21 15:41:57,566 [[3219  519]
 [  26  269]]
2026-04-21 15:41:57,572 AUC of ROC = 0.9637
2026-04-21 15:41:57,572 AUC of PRC = 0.7706
2026-04-21 15:41:57,572 min(+P, Se) = 0.7390
2026-04-21 15:41:57,572 f1_score = 0.7435 (threshold = 1.4175)
2026-04-21 15:41:57,573 Epoch 9: Train Loss 0.3008, Valid Loss 0.2635
2026-04-21 15:41:57,574 ----- Save best model - auprc: 0.7706 -----
2026-04-21 15:42:12,920 [[3263  475]
 [  22  273]]
2026-04-21 15:42:12,926 AUC of ROC = 0.9651
2026-04-21 15:42:12,926 AUC of PRC = 0.7744
2026-04-21 15:42:12,927 min(+P, Se) = 0.7254
2026-04-21 15:42:12,927 f1_score = 0.7300 (threshold = 1.4207)
2026-04-21 15:42:12,927 Epoch 10: Train Loss 0.2815, Valid Loss 0.2549
2026-04-21 15:42:12,928 ----- Save best model - auprc: 0.7744 -----
2026-04-21 15:42:28,169 [[3434  304]
 [  35  260]]
2026-04-21 15:42:28,175 AUC of ROC = 0.9630
2026-04-21 15:42:28,175 AUC of PRC = 0.7670
2026-04-21 15:42:28,176 min(+P, Se) = 0.7153
2026-04-21 15:42:28,176 f1_score = 0.7246 (threshold = 1.3829)
2026-04-21 15:42:28,176 Epoch 11: Train Loss 0.2806, Valid Loss 0.2446
2026-04-21 15:42:42,831 [[3344  394]
 [  26  269]]
2026-04-21 15:42:42,837 AUC of ROC = 0.9630
2026-04-21 15:42:42,838 AUC of PRC = 0.7739
2026-04-21 15:42:42,838 min(+P, Se) = 0.7162
2026-04-21 15:42:42,838 f1_score = 0.7238 (threshold = 1.4159)
2026-04-21 15:42:42,838 Epoch 12: Train Loss 0.2610, Valid Loss 0.2439
2026-04-21 15:42:58,443 [[3226  512]
 [  21  274]]
2026-04-21 15:42:58,450 AUC of ROC = 0.9677
2026-04-21 15:42:58,450 AUC of PRC = 0.7899
2026-04-21 15:42:58,450 min(+P, Se) = 0.7458
2026-04-21 15:42:58,450 f1_score = 0.7470 (threshold = 1.5330)
2026-04-21 15:42:58,451 Epoch 13: Train Loss 0.2725, Valid Loss 0.2573
2026-04-21 15:42:58,451 ----- Save best model - auprc: 0.7899 -----
2026-04-21 15:43:13,468 [[3459  279]
 [  38  257]]
2026-04-21 15:43:13,474 AUC of ROC = 0.9667
2026-04-21 15:43:13,474 AUC of PRC = 0.7870
2026-04-21 15:43:13,474 min(+P, Se) = 0.7306
2026-04-21 15:43:13,474 f1_score = 0.7407 (threshold = 1.5569)
2026-04-21 15:43:13,475 Epoch 14: Train Loss 0.2627, Valid Loss 0.2359
2026-04-21 15:43:28,759 [[3190  548]
 [  21  274]]
2026-04-21 15:43:28,768 AUC of ROC = 0.9650
2026-04-21 15:43:28,768 AUC of PRC = 0.7876
2026-04-21 15:43:28,768 min(+P, Se) = 0.7186
2026-04-21 15:43:28,768 f1_score = 0.7214 (threshold = 2.0464)
2026-04-21 15:43:28,769 Epoch 15: Train Loss 0.2361, Valid Loss 0.2696
2026-04-21 15:43:44,208 [[3465  273]
 [  37  258]]
2026-04-21 15:43:44,215 AUC of ROC = 0.9650
2026-04-21 15:43:44,215 AUC of PRC = 0.7819
2026-04-21 15:43:44,216 min(+P, Se) = 0.7356
2026-04-21 15:43:44,216 f1_score = 0.7356 (threshold = 1.2274)
2026-04-21 15:43:44,216 Epoch 16: Train Loss 0.2424, Valid Loss 0.2417
2026-04-21 15:43:59,317 [[3508  230]
 [  45  250]]
2026-04-21 15:43:59,323 AUC of ROC = 0.9638
2026-04-21 15:43:59,324 AUC of PRC = 0.7795
2026-04-21 15:43:59,324 min(+P, Se) = 0.7233
2026-04-21 15:43:59,324 f1_score = 0.7339 (threshold = 0.9976)
2026-04-21 15:43:59,324 Epoch 17: Train Loss 0.2337, Valid Loss 0.2542
2026-04-21 15:44:14,407 [[3430  308]
 [  35  260]]
2026-04-21 15:44:14,413 AUC of ROC = 0.9641
2026-04-21 15:44:14,413 AUC of PRC = 0.7911
2026-04-21 15:44:14,413 min(+P, Se) = 0.7390
2026-04-21 15:44:14,413 f1_score = 0.7429 (threshold = 1.3535)
2026-04-21 15:44:14,413 Epoch 18: Train Loss 0.2228, Valid Loss 0.2458
2026-04-21 15:44:14,414 ----- Save best model - auprc: 0.7911 -----
2026-04-21 15:44:29,618 [[3315  423]
 [  22  273]]
2026-04-21 15:44:29,624 AUC of ROC = 0.9624
2026-04-21 15:44:29,624 AUC of PRC = 0.7750
2026-04-21 15:44:29,624 min(+P, Se) = 0.7186
2026-04-21 15:44:29,624 f1_score = 0.7222 (threshold = 1.6591)
2026-04-21 15:44:29,625 Epoch 19: Train Loss 0.2189, Valid Loss 0.2559
2026-04-21 15:44:44,659 [[3443  295]
 [  35  260]]
2026-04-21 15:44:44,665 AUC of ROC = 0.9638
2026-04-21 15:44:44,665 AUC of PRC = 0.7832
2026-04-21 15:44:44,665 min(+P, Se) = 0.7196
2026-04-21 15:44:44,665 f1_score = 0.7287 (threshold = 1.0813)
2026-04-21 15:44:44,665 Epoch 20: Train Loss 0.2061, Valid Loss 0.2486
2026-04-21 15:45:00,430 [[3404  334]
 [  33  262]]
2026-04-21 15:45:00,436 AUC of ROC = 0.9623
2026-04-21 15:45:00,436 AUC of PRC = 0.7784
2026-04-21 15:45:00,437 min(+P, Se) = 0.7220
2026-04-21 15:45:00,437 f1_score = 0.7353 (threshold = 1.5887)
2026-04-21 15:45:00,437 Epoch 21: Train Loss 0.2028, Valid Loss 0.2564
2026-04-21 15:45:15,748 [[3426  312]
 [  37  258]]
2026-04-21 15:45:15,755 AUC of ROC = 0.9625
2026-04-21 15:45:15,755 AUC of PRC = 0.7819
2026-04-21 15:45:15,755 min(+P, Se) = 0.7220
2026-04-21 15:45:15,755 f1_score = 0.7337 (threshold = 1.5855)
2026-04-21 15:45:15,756 Epoch 22: Train Loss 0.1897, Valid Loss 0.2551
2026-04-21 15:45:30,870 [[3395  343]
 [  31  264]]
2026-04-21 15:45:30,876 AUC of ROC = 0.9626
2026-04-21 15:45:30,876 AUC of PRC = 0.7809
2026-04-21 15:45:30,876 min(+P, Se) = 0.7220
2026-04-21 15:45:30,876 f1_score = 0.7320 (threshold = 1.5959)
2026-04-21 15:45:30,877 Epoch 23: Train Loss 0.1893, Valid Loss 0.2553
2026-04-21 15:45:46,365 [[3438  300]
 [  37  258]]
2026-04-21 15:45:46,371 AUC of ROC = 0.9630
2026-04-21 15:45:46,371 AUC of PRC = 0.7843
2026-04-21 15:45:46,371 min(+P, Se) = 0.7220
2026-04-21 15:45:46,372 f1_score = 0.7333 (threshold = 1.5149)
2026-04-21 15:45:46,372 Epoch 24: Train Loss 0.1883, Valid Loss 0.2567
2026-04-21 15:46:01,964 [[3414  324]
 [  33  262]]
2026-04-21 15:46:01,970 AUC of ROC = 0.9622
2026-04-21 15:46:01,971 AUC of PRC = 0.7816
2026-04-21 15:46:01,971 min(+P, Se) = 0.7196
2026-04-21 15:46:01,971 f1_score = 0.7273 (threshold = 1.6277)
2026-04-21 15:46:01,971 Epoch 25: Train Loss 0.1846, Valid Loss 0.2574
2026-04-21 15:46:01,985 last saved model is in epoch 18
2026-04-21 15:46:03,530 [[3465  287]
 [  26  256]]
2026-04-21 15:46:03,538 AUC of ROC = 0.9660
2026-04-21 15:46:03,538 AUC of PRC = 0.8381
2026-04-21 15:46:03,538 min(+P, Se) = 0.7668
2026-04-21 15:46:03,538 f1_score = 0.7805 (threshold = 1.0764)
2026-04-21 15:46:03,539 Test Loss 0.2289
