2026-04-15 16:52:30,782 {
    "dataset": "c12",
    "data_dropout": 0.0,
    "epochs": 25,
    "lr": 0.001,
    "d_model": 32,
    "seed": 3407,
    "batch_size": 64,
    "dropout": 0.1,
    "save_model": true,
    "save_dir": "./export/c12/smart-smile-lean-no-mnar-bias-no-time-mnar/seed_3407",
    "local_rank": 0,
    "min_mask_ratio": 0.15,
    "max_mask_ratio": 0.75,
    "e_layers": 2,
    "n_heads": 4,
    "time_dim": 16,
    "use_film": false,
    "use_smile": false,
    "use_smile_film": false,
    "use_smile_v2": false,
    "use_smile_v2_film": false,
    "use_smile_lean": true,
    "use_smile_lean_samepretrain": false,
    "use_mnar": false,
    "save_last": true,
    "smile_no_mnar": false,
    "smile_no_curriculum": false,
    "smile_mask_type": "all",
    "smile_mnar_dropout": 0.05,
    "obs_density_window": 5,
    "abl_no_density": false,
    "abl_no_mnar_bias": true,
    "abl_no_film": false,
    "abl_no_time_mnar": true,
    "abl_no_time_pe": false,
    "pretrain_mask_mode": "fixed",
    "ratio_temperature": 1.0,
    "smile_stratified": false,
    "smile_mask_weights": null
}
2026-04-15 16:52:32,509 Dataset Loaded.
2026-04-15 16:52:32,509 system_groups: {'Vital_Invasive': 3, 'Blood_Gas': 4, 'Electrolyte': 5, 'Liver_Enzyme': 6, 'CBC': 3, 'Oxygenation': 3, 'Metabolic': 2}
2026-04-15 16:52:46,182 Epoch 1: Train Loss 4.9630, Valid Loss 1.8440, EMA Val 1.8440
2026-04-15 16:52:57,282 Epoch 2: Train Loss 1.7712, Valid Loss 1.1419, EMA Val 1.6334
2026-04-15 16:53:08,882 Epoch 3: Train Loss 1.1893, Valid Loss 0.7884, EMA Val 1.3799
2026-04-15 16:53:21,339 Epoch 4: Train Loss 0.9561, Valid Loss 0.6595, EMA Val 1.1638
2026-04-15 16:53:33,019 Epoch 5: Train Loss 0.8603, Valid Loss 0.6122, EMA Val 0.9983
2026-04-15 16:53:44,370 Epoch 6: Train Loss 0.7918, Valid Loss 0.6091, EMA Val 0.8815
2026-04-15 16:53:56,368 Epoch 7: Train Loss 0.7628, Valid Loss 0.5832, EMA Val 0.7920
2026-04-15 16:54:08,751 Epoch 8: Train Loss 0.7341, Valid Loss 0.5485, EMA Val 0.7190
2026-04-15 16:54:21,155 Epoch 9: Train Loss 0.7165, Valid Loss 0.5345, EMA Val 0.6636
2026-04-15 16:54:32,790 Epoch 10: Train Loss 0.6906, Valid Loss 0.5167, EMA Val 0.6195
2026-04-15 16:54:45,158 Epoch 11: Train Loss 0.6624, Valid Loss 0.5080, EMA Val 0.5861
2026-04-15 16:54:58,113 Epoch 12: Train Loss 0.6440, Valid Loss 0.5004, EMA Val 0.5604
2026-04-15 16:55:09,743 Epoch 13: Train Loss 0.6417, Valid Loss 0.4779, EMA Val 0.5356
2026-04-15 16:55:21,563 Epoch 14: Train Loss 0.5944, Valid Loss 0.4692, EMA Val 0.5157
2026-04-15 16:55:33,797 Epoch 15: Train Loss 0.5793, Valid Loss 0.4658, EMA Val 0.5007
2026-04-15 16:55:46,332 Epoch 16: Train Loss 0.5727, Valid Loss 0.4779, EMA Val 0.4939
2026-04-15 16:55:57,752 Epoch 17: Train Loss 0.5648, Valid Loss 0.4559, EMA Val 0.4825
2026-04-15 16:56:09,361 Epoch 18: Train Loss 0.5497, Valid Loss 0.4397, EMA Val 0.4696
2026-04-15 16:56:21,753 Epoch 19: Train Loss 0.5235, Valid Loss 0.4310, EMA Val 0.4580
2026-04-15 16:56:33,647 Epoch 20: Train Loss 0.5386, Valid Loss 0.4470, EMA Val 0.4547
2026-04-15 16:56:46,472 Epoch 21: Train Loss 0.5198, Valid Loss 0.4351, EMA Val 0.4488
2026-04-15 16:56:58,717 Epoch 22: Train Loss 0.4912, Valid Loss 0.4520, EMA Val 0.4498
2026-04-15 16:57:11,004 Epoch 23: Train Loss 0.5169, Valid Loss 0.4341, EMA Val 0.4451
2026-04-15 16:57:22,991 Epoch 24: Train Loss 0.5073, Valid Loss 0.4533, EMA Val 0.4476
2026-04-15 16:57:35,776 Epoch 25: Train Loss 0.4720, Valid Loss 0.4299, EMA Val 0.4423
2026-04-15 16:57:35,777 ----- Save last epoch model - L1: 0.4423 -----
2026-04-15 16:57:35,815 last saved model is in epoch 25
2026-04-15 16:57:37,006 Test Loss 0.4392
2026-04-15 16:57:42,178 {
    "dataset": "c12",
    "data_dropout": 0.0,
    "epochs": 25,
    "freeze_epochs": 5,
    "lr": 0.001,
    "d_model": 32,
    "seed": 3407,
    "batch_size": 64,
    "dropout": 0.1,
    "save_model": true,
    "save_dir": "./export/c12/smart-smile-lean-no-mnar-bias-no-time-mnar/seed_3407",
    "pretrain_dir": null,
    "local_rank": 0,
    "e_layers": 2,
    "n_heads": 4,
    "time_dim": 16,
    "use_film": false,
    "use_smile": false,
    "use_smile_film": false,
    "use_mnar": false,
    "use_smile_v2": false,
    "use_smile_v2_film": false,
    "use_smile_lean": true,
    "use_smile_lean_samepretrain": false,
    "obs_density_window": 5,
    "abl_no_density": false,
    "abl_no_mnar_bias": true,
    "abl_no_film": false,
    "abl_no_time_mnar": true,
    "abl_no_time_pe": false,
    "smile_no_mnar": false,
    "smile_no_curriculum": false,
    "smile_mask_type": "all",
    "smile_mnar_dropout": 0.05,
    "smile_mnar_dropout_initial": 0.0,
    "smile_stratified": false
}
2026-04-15 16:57:43,822 Dataset Loaded.
2026-04-15 16:57:45,696 Class weights: [0.5820587277412415, 3.546597719192505]
2026-04-15 16:57:45,707 last saved model is in epoch 25
2026-04-15 16:57:56,430 [[583 451]
 [ 19 145]]
2026-04-15 16:57:56,435 AUC of ROC = 0.8017
2026-04-15 16:57:56,435 AUC of PRC = 0.3422
2026-04-15 16:57:56,435 min(+P, Se) = 0.4217
2026-04-15 16:57:56,436 f1_score = 0.4478 (threshold = 0.6149)
2026-04-15 16:57:56,436 Epoch 1: Train Loss 0.6471, Valid Loss 0.5891
2026-04-15 16:57:56,436 ----- Save best model - auprc: 0.3422 -----
2026-04-15 16:58:05,488 [[736 298]
 [ 32 132]]
2026-04-15 16:58:05,492 AUC of ROC = 0.8087
2026-04-15 16:58:05,493 AUC of PRC = 0.3557
2026-04-15 16:58:05,493 min(+P, Se) = 0.4121
2026-04-15 16:58:05,493 f1_score = 0.4575 (threshold = 0.3411)
2026-04-15 16:58:05,493 Epoch 2: Train Loss 0.6010, Valid Loss 0.5280
2026-04-15 16:58:05,498 ----- Save best model - auprc: 0.3557 -----
2026-04-15 16:58:14,978 [[765 269]
 [ 35 129]]
2026-04-15 16:58:14,982 AUC of ROC = 0.8208
2026-04-15 16:58:14,982 AUC of PRC = 0.3795
2026-04-15 16:58:14,982 min(+P, Se) = 0.4192
2026-04-15 16:58:14,983 f1_score = 0.4720 (threshold = 0.1188)
2026-04-15 16:58:14,983 Epoch 3: Train Loss 0.6106, Valid Loss 0.5126
2026-04-15 16:58:14,984 ----- Save best model - auprc: 0.3795 -----
2026-04-15 16:58:24,499 [[710 324]
 [ 27 137]]
2026-04-15 16:58:24,504 AUC of ROC = 0.8250
2026-04-15 16:58:24,504 AUC of PRC = 0.3875
2026-04-15 16:58:24,504 min(+P, Se) = 0.4085
2026-04-15 16:58:24,505 f1_score = 0.4805 (threshold = 0.2504)
2026-04-15 16:58:24,505 Epoch 4: Train Loss 0.5778, Valid Loss 0.5192
2026-04-15 16:58:24,505 ----- Save best model - auprc: 0.3875 -----
2026-04-15 16:58:34,134 [[840 194]
 [ 59 105]]
2026-04-15 16:58:34,139 AUC of ROC = 0.8246
2026-04-15 16:58:34,139 AUC of PRC = 0.3940
2026-04-15 16:58:34,139 min(+P, Se) = 0.4277
2026-04-15 16:58:34,139 f1_score = 0.4638 (threshold = 0.0581)
2026-04-15 16:58:34,140 Epoch 5: Train Loss 0.5999, Valid Loss 0.5123
2026-04-15 16:58:34,140 ----- Save best model - auprc: 0.3940 -----
2026-04-15 16:58:44,345 [[917 117]
 [ 74  90]]
2026-04-15 16:58:44,349 AUC of ROC = 0.8417
2026-04-15 16:58:44,349 AUC of PRC = 0.4876
2026-04-15 16:58:44,349 min(+P, Se) = 0.4788
2026-04-15 16:58:44,350 f1_score = 0.4913 (threshold = -0.0702)
2026-04-15 16:58:44,350 Epoch 6: Train Loss 0.5496, Valid Loss 0.5285
2026-04-15 16:58:44,351 ----- Save best model - auprc: 0.4876 -----
2026-04-15 16:58:55,265 [[595 439]
 [  9 155]]
2026-04-15 16:58:55,269 AUC of ROC = 0.8626
2026-04-15 16:58:55,270 AUC of PRC = 0.5233
2026-04-15 16:58:55,270 min(+P, Se) = 0.4939
2026-04-15 16:58:55,270 f1_score = 0.5235 (threshold = 0.6548)
2026-04-15 16:58:55,270 Epoch 7: Train Loss 0.5128, Valid Loss 0.5327
2026-04-15 16:58:55,271 ----- Save best model - auprc: 0.5233 -----
2026-04-15 16:59:05,338 [[860 174]
 [ 44 120]]
2026-04-15 16:59:05,342 AUC of ROC = 0.8683
2026-04-15 16:59:05,342 AUC of PRC = 0.5344
2026-04-15 16:59:05,342 min(+P, Se) = 0.5427
2026-04-15 16:59:05,342 f1_score = 0.5477 (threshold = 0.1894)
2026-04-15 16:59:05,343 Epoch 8: Train Loss 0.5066, Valid Loss 0.4447
2026-04-15 16:59:05,343 ----- Save best model - auprc: 0.5344 -----
2026-04-15 16:59:16,647 [[754 280]
 [ 22 142]]
2026-04-15 16:59:16,652 AUC of ROC = 0.8698
2026-04-15 16:59:16,652 AUC of PRC = 0.5375
2026-04-15 16:59:16,652 min(+P, Se) = 0.5427
2026-04-15 16:59:16,652 f1_score = 0.5538 (threshold = 0.5436)
2026-04-15 16:59:16,653 Epoch 9: Train Loss 0.4961, Valid Loss 0.4546
2026-04-15 16:59:16,654 ----- Save best model - auprc: 0.5375 -----
2026-04-15 16:59:27,811 [[796 238]
 [ 27 137]]
2026-04-15 16:59:27,816 AUC of ROC = 0.8762
2026-04-15 16:59:27,816 AUC of PRC = 0.5473
2026-04-15 16:59:27,816 min(+P, Se) = 0.5394
2026-04-15 16:59:27,816 f1_score = 0.5546 (threshold = 0.6595)
2026-04-15 16:59:27,817 Epoch 10: Train Loss 0.4935, Valid Loss 0.4315
2026-04-15 16:59:27,817 ----- Save best model - auprc: 0.5473 -----
2026-04-15 16:59:38,057 [[882 152]
 [ 45 119]]
2026-04-15 16:59:38,062 AUC of ROC = 0.8749
2026-04-15 16:59:38,062 AUC of PRC = 0.5463
2026-04-15 16:59:38,063 min(+P, Se) = 0.5427
2026-04-15 16:59:38,063 f1_score = 0.5503 (threshold = 0.2482)
2026-04-15 16:59:38,064 Epoch 11: Train Loss 0.4807, Valid Loss 0.4404
2026-04-15 16:59:48,636 [[809 225]
 [ 34 130]]
2026-04-15 16:59:48,640 AUC of ROC = 0.8726
2026-04-15 16:59:48,640 AUC of PRC = 0.5494
2026-04-15 16:59:48,640 min(+P, Se) = 0.5244
2026-04-15 16:59:48,641 f1_score = 0.5402 (threshold = 0.4596)
2026-04-15 16:59:48,641 Epoch 12: Train Loss 0.4809, Valid Loss 0.4364
2026-04-15 16:59:48,641 ----- Save best model - auprc: 0.5494 -----
2026-04-15 16:59:59,241 [[652 382]
 [ 13 151]]
2026-04-15 16:59:59,245 AUC of ROC = 0.8779
2026-04-15 16:59:59,245 AUC of PRC = 0.5545
2026-04-15 16:59:59,245 min(+P, Se) = 0.5515
2026-04-15 16:59:59,246 f1_score = 0.5556 (threshold = 0.9928)
2026-04-15 16:59:59,246 Epoch 13: Train Loss 0.4724, Valid Loss 0.4852
2026-04-15 16:59:59,247 ----- Save best model - auprc: 0.5545 -----
2026-04-15 17:00:09,978 [[788 246]
 [ 28 136]]
2026-04-15 17:00:09,982 AUC of ROC = 0.8738
2026-04-15 17:00:09,982 AUC of PRC = 0.5447
2026-04-15 17:00:09,982 min(+P, Se) = 0.5333
2026-04-15 17:00:09,982 f1_score = 0.5519 (threshold = 0.6381)
2026-04-15 17:00:09,983 Epoch 14: Train Loss 0.4696, Valid Loss 0.4362
2026-04-15 17:00:19,846 [[929 105]
 [ 63 101]]
2026-04-15 17:00:19,850 AUC of ROC = 0.8775
2026-04-15 17:00:19,850 AUC of PRC = 0.5619
2026-04-15 17:00:19,850 min(+P, Se) = 0.5366
2026-04-15 17:00:19,851 f1_score = 0.5467 (threshold = 0.2476)
2026-04-15 17:00:19,851 Epoch 15: Train Loss 0.4676, Valid Loss 0.4668
2026-04-15 17:00:19,852 ----- Save best model - auprc: 0.5619 -----
2026-04-15 17:00:30,533 [[813 221]
 [ 27 137]]
2026-04-15 17:00:30,538 AUC of ROC = 0.8789
2026-04-15 17:00:30,538 AUC of PRC = 0.5626
2026-04-15 17:00:30,538 min(+P, Se) = 0.5427
2026-04-15 17:00:30,538 f1_score = 0.5465 (threshold = 0.6285)
2026-04-15 17:00:30,539 Epoch 16: Train Loss 0.4697, Valid Loss 0.4269
2026-04-15 17:00:30,540 ----- Save best model - auprc: 0.5626 -----
2026-04-15 17:00:40,958 [[852 182]
 [ 34 130]]
2026-04-15 17:00:40,962 AUC of ROC = 0.8777
2026-04-15 17:00:40,962 AUC of PRC = 0.5555
2026-04-15 17:00:40,962 min(+P, Se) = 0.5305
2026-04-15 17:00:40,962 f1_score = 0.5519 (threshold = 0.1233)
2026-04-15 17:00:40,963 Epoch 17: Train Loss 0.4580, Valid Loss 0.4266
2026-04-15 17:00:52,630 [[743 291]
 [ 24 140]]
2026-04-15 17:00:52,635 AUC of ROC = 0.8734
2026-04-15 17:00:52,635 AUC of PRC = 0.5532
2026-04-15 17:00:52,635 min(+P, Se) = 0.5569
2026-04-15 17:00:52,636 f1_score = 0.5619 (threshold = 0.8189)
2026-04-15 17:00:52,636 Epoch 18: Train Loss 0.4628, Valid Loss 0.4501
2026-04-15 17:01:03,680 [[846 188]
 [ 32 132]]
2026-04-15 17:01:03,685 AUC of ROC = 0.8803
2026-04-15 17:01:03,686 AUC of PRC = 0.5622
2026-04-15 17:01:03,686 min(+P, Se) = 0.5366
2026-04-15 17:01:03,686 f1_score = 0.5568 (threshold = 0.3316)
2026-04-15 17:01:03,687 Epoch 19: Train Loss 0.4573, Valid Loss 0.4230
2026-04-15 17:01:14,805 [[824 210]
 [ 28 136]]
2026-04-15 17:01:14,810 AUC of ROC = 0.8801
2026-04-15 17:01:14,810 AUC of PRC = 0.5661
2026-04-15 17:01:14,810 min(+P, Se) = 0.5398
2026-04-15 17:01:14,811 f1_score = 0.5591 (threshold = 0.4223)
2026-04-15 17:01:14,811 Epoch 20: Train Loss 0.4500, Valid Loss 0.4213
2026-04-15 17:01:14,812 ----- Save best model - auprc: 0.5661 -----
2026-04-15 17:01:25,618 [[780 254]
 [ 28 136]]
2026-04-15 17:01:25,622 AUC of ROC = 0.8777
2026-04-15 17:01:25,623 AUC of PRC = 0.5585
2026-04-15 17:01:25,623 min(+P, Se) = 0.5427
2026-04-15 17:01:25,623 f1_score = 0.5562 (threshold = 0.6104)
2026-04-15 17:01:25,624 Epoch 21: Train Loss 0.4506, Valid Loss 0.4303
2026-04-15 17:01:36,213 [[814 220]
 [ 29 135]]
2026-04-15 17:01:36,217 AUC of ROC = 0.8784
2026-04-15 17:01:36,217 AUC of PRC = 0.5617
2026-04-15 17:01:36,217 min(+P, Se) = 0.5333
2026-04-15 17:01:36,218 f1_score = 0.5562 (threshold = 0.4668)
2026-04-15 17:01:36,218 Epoch 22: Train Loss 0.4437, Valid Loss 0.4249
2026-04-15 17:01:47,577 [[806 228]
 [ 28 136]]
2026-04-15 17:01:47,582 AUC of ROC = 0.8783
2026-04-15 17:01:47,582 AUC of PRC = 0.5626
2026-04-15 17:01:47,582 min(+P, Se) = 0.5333
2026-04-15 17:01:47,582 f1_score = 0.5650 (threshold = 0.4931)
2026-04-15 17:01:47,583 Epoch 23: Train Loss 0.4423, Valid Loss 0.4250
2026-04-15 17:01:58,370 [[784 250]
 [ 27 137]]
2026-04-15 17:01:58,374 AUC of ROC = 0.8779
2026-04-15 17:01:58,374 AUC of PRC = 0.5608
2026-04-15 17:01:58,375 min(+P, Se) = 0.5305
2026-04-15 17:01:58,375 f1_score = 0.5618 (threshold = 0.5511)
2026-04-15 17:01:58,375 Epoch 24: Train Loss 0.4448, Valid Loss 0.4283
2026-04-15 17:02:09,690 [[810 224]
 [ 29 135]]
2026-04-15 17:02:09,695 AUC of ROC = 0.8773
2026-04-15 17:02:09,695 AUC of PRC = 0.5602
2026-04-15 17:02:09,695 min(+P, Se) = 0.5333
2026-04-15 17:02:09,695 f1_score = 0.5602 (threshold = 0.4751)
2026-04-15 17:02:09,696 Epoch 25: Train Loss 0.4386, Valid Loss 0.4247
2026-04-15 17:02:09,710 last saved model is in epoch 20
2026-04-15 17:02:10,786 [[810 199]
 [ 48 143]]
2026-04-15 17:02:10,791 AUC of ROC = 0.8545
2026-04-15 17:02:10,791 AUC of PRC = 0.5735
2026-04-15 17:02:10,791 min(+P, Se) = 0.5445
2026-04-15 17:02:10,791 f1_score = 0.5708 (threshold = 0.1445)
2026-04-15 17:02:10,791 Test Loss 0.4799
