2026-04-16 09:41:31,228 {
    "dataset": "c19",
    "data_dropout": 0.0,
    "epochs": 25,
    "lr": 0.001,
    "d_model": 32,
    "seed": 1,
    "batch_size": 64,
    "dropout": 0.1,
    "save_model": true,
    "save_dir": "./export/c19/smart-smile-v2-no-mnar-bias/seed_1",
    "local_rank": 0,
    "min_mask_ratio": 0.15,
    "max_mask_ratio": 0.75,
    "e_layers": 2,
    "n_heads": 4,
    "time_dim": 16,
    "use_film": false,
    "use_smile": false,
    "use_smile_film": false,
    "use_smile_v2": true,
    "use_smile_v2_film": false,
    "use_smile_lean": false,
    "use_smile_lean_samepretrain": false,
    "use_smile_lean_v2": false,
    "use_mnar": false,
    "save_last": true,
    "smile_no_mnar": false,
    "smile_no_curriculum": false,
    "smile_mask_type": "all",
    "smile_mnar_dropout": 0.05,
    "obs_density_window": 5,
    "abl_no_density": false,
    "abl_no_mnar_bias": true,
    "abl_no_film": false,
    "abl_no_time_mnar": false,
    "abl_no_time_pe": false,
    "abl_no_cross_attn": false,
    "abl_no_mnar_cls": false,
    "pretrain_mask_mode": "fixed",
    "ratio_temperature": 1.0,
    "smile_stratified": false,
    "smile_mask_weights": null
}
2026-04-16 09:41:35,695 Dataset Loaded.
2026-04-16 09:41:35,696 system_groups: {'Vital_Basic': 7, 'Resp_Gas': 7, 'Liver_Enzyme': 2, 'Renal': 3, 'Coagulation': 3, 'CBC': 3, 'Bilirubin': 2}
2026-04-16 09:42:20,759 Epoch 1: Train Loss 0.0859, Valid Loss 0.0327, EMA Val 0.0327
2026-04-16 09:43:03,476 Epoch 2: Train Loss 0.0604, Valid Loss 0.0284, EMA Val 0.0314
2026-04-16 09:43:44,975 Epoch 3: Train Loss 0.0500, Valid Loss 0.0295, EMA Val 0.0308
2026-04-16 09:44:27,045 Epoch 4: Train Loss 0.0481, Valid Loss 0.0301, EMA Val 0.0306
2026-04-16 09:45:09,241 Epoch 5: Train Loss 0.0486, Valid Loss 0.0317, EMA Val 0.0309
2026-04-16 09:45:49,324 Epoch 6: Train Loss 0.0484, Valid Loss 0.0301, EMA Val 0.0307
2026-04-16 09:46:29,301 Epoch 7: Train Loss 0.0461, Valid Loss 0.0278, EMA Val 0.0298
2026-04-16 09:47:10,073 Epoch 8: Train Loss 0.0445, Valid Loss 0.0258, EMA Val 0.0286
2026-04-16 09:47:50,625 Epoch 9: Train Loss 0.0462, Valid Loss 0.0276, EMA Val 0.0283
2026-04-16 09:48:30,894 Epoch 10: Train Loss 0.0461, Valid Loss 0.0270, EMA Val 0.0279
2026-04-16 09:49:11,597 Epoch 11: Train Loss 0.0481, Valid Loss 0.0267, EMA Val 0.0276
2026-04-16 09:49:53,783 Epoch 12: Train Loss 0.0504, Valid Loss 0.0284, EMA Val 0.0278
2026-04-16 09:50:35,892 Epoch 13: Train Loss 0.0532, Valid Loss 0.0301, EMA Val 0.0285
2026-04-16 09:51:17,956 Epoch 14: Train Loss 0.0546, Valid Loss 0.0300, EMA Val 0.0290
2026-04-16 09:51:59,161 Epoch 15: Train Loss 0.0575, Valid Loss 0.0314, EMA Val 0.0297
2026-04-16 09:52:40,042 Epoch 16: Train Loss 0.0609, Valid Loss 0.0320, EMA Val 0.0304
2026-04-16 09:53:20,732 Epoch 17: Train Loss 0.0637, Valid Loss 0.0321, EMA Val 0.0309
2026-04-16 09:54:01,018 Epoch 18: Train Loss 0.0658, Valid Loss 0.0334, EMA Val 0.0317
2026-04-16 09:54:41,752 Epoch 19: Train Loss 0.0680, Valid Loss 0.0354, EMA Val 0.0328
2026-04-16 09:55:22,207 Epoch 20: Train Loss 0.0709, Valid Loss 0.0351, EMA Val 0.0335
2026-04-16 09:56:02,310 Epoch 21: Train Loss 0.0757, Valid Loss 0.0371, EMA Val 0.0346
2026-04-16 09:56:43,005 Epoch 22: Train Loss 0.0767, Valid Loss 0.0383, EMA Val 0.0357
2026-04-16 09:57:23,770 Epoch 23: Train Loss 0.0789, Valid Loss 0.0384, EMA Val 0.0365
2026-04-16 09:58:04,219 Epoch 24: Train Loss 0.0809, Valid Loss 0.0395, EMA Val 0.0374
2026-04-16 09:58:44,821 Epoch 25: Train Loss 0.0823, Valid Loss 0.0404, EMA Val 0.0383
2026-04-16 09:58:44,822 ----- Save last epoch model - L1: 0.0383 -----
2026-04-16 09:58:44,867 last saved model is in epoch 25
2026-04-16 09:58:48,048 Test Loss 0.0412
2026-04-16 09:58:55,345 {
    "dataset": "c19",
    "data_dropout": 0.0,
    "epochs": 35,
    "freeze_epochs": 5,
    "lr": 0.001,
    "d_model": 32,
    "seed": 1,
    "batch_size": 64,
    "dropout": 0.1,
    "save_model": true,
    "save_dir": "./export/c19/smart-smile-v2-no-mnar-bias/seed_1",
    "pretrain_dir": null,
    "local_rank": 0,
    "e_layers": 2,
    "n_heads": 4,
    "time_dim": 16,
    "use_film": false,
    "use_smile": false,
    "use_smile_film": false,
    "use_mnar": false,
    "use_smile_v2": true,
    "use_smile_v2_film": false,
    "use_smile_lean": false,
    "use_smile_lean_samepretrain": false,
    "use_smile_lean_v2": false,
    "obs_density_window": 5,
    "abl_no_density": false,
    "abl_no_mnar_bias": true,
    "abl_no_film": false,
    "abl_no_time_mnar": false,
    "abl_no_time_pe": false,
    "abl_no_cross_attn": false,
    "abl_no_mnar_cls": false,
    "smile_no_mnar": false,
    "smile_no_curriculum": false,
    "smile_mask_type": "all",
    "smile_mnar_dropout": 0.05,
    "smile_mnar_dropout_initial": 0.0,
    "smile_stratified": false
}
2026-04-16 09:58:59,856 Dataset Loaded.
2026-04-16 09:59:02,023 Class weights: [0.5393641591072083, 6.850955486297607]
2026-04-16 09:59:02,041 last saved model is in epoch 25
2026-04-16 09:59:26,999 [[2900  838]
 [  47  248]]
2026-04-16 09:59:27,005 AUC of ROC = 0.8850
2026-04-16 09:59:27,005 AUC of PRC = 0.4208
2026-04-16 09:59:27,005 min(+P, Se) = 0.4576
2026-04-16 09:59:27,005 f1_score = 0.4878 (threshold = 0.7418)
2026-04-16 09:59:27,006 Epoch 1: Train Loss 0.4869, Valid Loss 0.4253
2026-04-16 09:59:27,006 ----- Save best model - auprc: 0.4208 -----
2026-04-16 09:59:51,650 [[3208  530]
 [  69  226]]
2026-04-16 09:59:51,655 AUC of ROC = 0.9031
2026-04-16 09:59:51,655 AUC of PRC = 0.4826
2026-04-16 09:59:51,656 min(+P, Se) = 0.5017
2026-04-16 09:59:51,656 f1_score = 0.5138 (threshold = 0.5818)
2026-04-16 09:59:51,656 Epoch 2: Train Loss 0.4263, Valid Loss 0.3846
2026-04-16 09:59:51,657 ----- Save best model - auprc: 0.4826 -----
2026-04-16 10:00:15,393 [[3389  349]
 [  80  215]]
2026-04-16 10:00:15,398 AUC of ROC = 0.9124
2026-04-16 10:00:15,399 AUC of PRC = 0.5149
2026-04-16 10:00:15,399 min(+P, Se) = 0.5458
2026-04-16 10:00:15,399 f1_score = 0.5472 (threshold = 0.4611)
2026-04-16 10:00:15,399 Epoch 3: Train Loss 0.4137, Valid Loss 0.3892
2026-04-16 10:00:15,400 ----- Save best model - auprc: 0.5149 -----
2026-04-16 10:00:39,059 [[3288  450]
 [  65  230]]
2026-04-16 10:00:39,064 AUC of ROC = 0.9188
2026-04-16 10:00:39,065 AUC of PRC = 0.5561
2026-04-16 10:00:39,065 min(+P, Se) = 0.5387
2026-04-16 10:00:39,065 f1_score = 0.5518 (threshold = 0.5069)
2026-04-16 10:00:39,066 Epoch 4: Train Loss 0.4002, Valid Loss 0.3588
2026-04-16 10:00:39,066 ----- Save best model - auprc: 0.5561 -----
2026-04-16 10:01:02,507 [[3408  330]
 [  79  216]]
2026-04-16 10:01:02,512 AUC of ROC = 0.9204
2026-04-16 10:01:02,513 AUC of PRC = 0.5640
2026-04-16 10:01:02,513 min(+P, Se) = 0.5356
2026-04-16 10:01:02,513 f1_score = 0.5492 (threshold = 0.4616)
2026-04-16 10:01:02,513 Epoch 5: Train Loss 0.4000, Valid Loss 0.3782
2026-04-16 10:01:02,514 ----- Save best model - auprc: 0.5640 -----
2026-04-16 10:01:43,414 [[3532  206]
 [  66  229]]
2026-04-16 10:01:43,420 AUC of ROC = 0.9486
2026-04-16 10:01:43,420 AUC of PRC = 0.6777
2026-04-16 10:01:43,420 min(+P, Se) = 0.6407
2026-04-16 10:01:43,420 f1_score = 0.6582 (threshold = 0.5615)
2026-04-16 10:01:43,421 Epoch 6: Train Loss 0.3983, Valid Loss 0.3065
2026-04-16 10:01:43,421 ----- Save best model - auprc: 0.6777 -----
2026-04-16 10:02:25,691 [[3423  315]
 [  35  260]]
2026-04-16 10:02:25,696 AUC of ROC = 0.9630
2026-04-16 10:02:25,697 AUC of PRC = 0.7216
2026-04-16 10:02:25,697 min(+P, Se) = 0.6915
2026-04-16 10:02:25,697 f1_score = 0.6977 (threshold = 0.7854)
2026-04-16 10:02:25,698 Epoch 7: Train Loss 0.3293, Valid Loss 0.2431
2026-04-16 10:02:25,698 ----- Save best model - auprc: 0.7216 -----
2026-04-16 10:03:02,377 [[3489  249]
 [  47  248]]
2026-04-16 10:03:02,383 AUC of ROC = 0.9612
2026-04-16 10:03:02,383 AUC of PRC = 0.7433
2026-04-16 10:03:02,383 min(+P, Se) = 0.6993
2026-04-16 10:03:02,384 f1_score = 0.7039 (threshold = 0.5408)
2026-04-16 10:03:02,384 Epoch 8: Train Loss 0.3032, Valid Loss 0.2680
2026-04-16 10:03:02,385 ----- Save best model - auprc: 0.7433 -----
2026-04-16 10:03:39,229 [[3533  205]
 [  52  243]]
2026-04-16 10:03:39,234 AUC of ROC = 0.9648
2026-04-16 10:03:39,234 AUC of PRC = 0.7542
2026-04-16 10:03:39,234 min(+P, Se) = 0.7051
2026-04-16 10:03:39,235 f1_score = 0.7115 (threshold = 0.6083)
2026-04-16 10:03:39,235 Epoch 9: Train Loss 0.2831, Valid Loss 0.2442
2026-04-16 10:03:39,236 ----- Save best model - auprc: 0.7542 -----
2026-04-16 10:04:10,040 [[3449  289]
 [  35  260]]
2026-04-16 10:04:10,046 AUC of ROC = 0.9660
2026-04-16 10:04:10,046 AUC of PRC = 0.7779
2026-04-16 10:04:10,046 min(+P, Se) = 0.7023
2026-04-16 10:04:10,047 f1_score = 0.7152 (threshold = 0.8873)
2026-04-16 10:04:10,047 Epoch 10: Train Loss 0.2721, Valid Loss 0.2400
2026-04-16 10:04:10,048 ----- Save best model - auprc: 0.7779 -----
2026-04-16 10:04:40,138 [[3596  142]
 [  56  239]]
2026-04-16 10:04:40,143 AUC of ROC = 0.9641
2026-04-16 10:04:40,144 AUC of PRC = 0.7820
2026-04-16 10:04:40,144 min(+P, Se) = 0.7162
2026-04-16 10:04:40,144 f1_score = 0.7333 (threshold = 0.6852)
2026-04-16 10:04:40,145 Epoch 11: Train Loss 0.2587, Valid Loss 0.2591
2026-04-16 10:04:40,145 ----- Save best model - auprc: 0.7820 -----
2026-04-16 10:05:11,583 [[3348  390]
 [  21  274]]
2026-04-16 10:05:11,589 AUC of ROC = 0.9614
2026-04-16 10:05:11,589 AUC of PRC = 0.7411
2026-04-16 10:05:11,589 min(+P, Se) = 0.6858
2026-04-16 10:05:11,590 f1_score = 0.6948 (threshold = 1.0649)
2026-04-16 10:05:11,590 Epoch 12: Train Loss 0.2480, Valid Loss 0.2399
2026-04-16 10:05:46,059 [[3470  268]
 [  38  257]]
2026-04-16 10:05:46,065 AUC of ROC = 0.9630
2026-04-16 10:05:46,065 AUC of PRC = 0.7661
2026-04-16 10:05:46,065 min(+P, Se) = 0.7153
2026-04-16 10:05:46,066 f1_score = 0.7192 (threshold = 1.1022)
2026-04-16 10:05:46,066 Epoch 13: Train Loss 0.2453, Valid Loss 0.2412
2026-04-16 10:06:19,977 [[3522  216]
 [  43  252]]
2026-04-16 10:06:19,982 AUC of ROC = 0.9612
2026-04-16 10:06:19,983 AUC of PRC = 0.7656
2026-04-16 10:06:19,983 min(+P, Se) = 0.7085
2026-04-16 10:06:19,983 f1_score = 0.7168 (threshold = 0.9206)
2026-04-16 10:06:19,984 Epoch 14: Train Loss 0.2288, Valid Loss 0.2526
2026-04-16 10:06:59,729 [[3339  399]
 [  30  265]]
2026-04-16 10:06:59,734 AUC of ROC = 0.9621
2026-04-16 10:06:59,735 AUC of PRC = 0.7640
2026-04-16 10:06:59,735 min(+P, Se) = 0.6847
2026-04-16 10:06:59,735 f1_score = 0.7059 (threshold = 1.6732)
2026-04-16 10:06:59,736 Epoch 15: Train Loss 0.2289, Valid Loss 0.2524
2026-04-16 10:07:38,121 [[3545  193]
 [  39  256]]
2026-04-16 10:07:38,126 AUC of ROC = 0.9660
2026-04-16 10:07:38,126 AUC of PRC = 0.7913
2026-04-16 10:07:38,127 min(+P, Se) = 0.7322
2026-04-16 10:07:38,127 f1_score = 0.7342 (threshold = 0.8002)
2026-04-16 10:07:38,127 Epoch 16: Train Loss 0.2188, Valid Loss 0.2493
2026-04-16 10:07:38,128 ----- Save best model - auprc: 0.7913 -----
2026-04-16 10:08:17,708 [[3385  353]
 [  31  264]]
2026-04-16 10:08:17,713 AUC of ROC = 0.9637
2026-04-16 10:08:17,714 AUC of PRC = 0.7694
2026-04-16 10:08:17,714 min(+P, Se) = 0.7128
2026-04-16 10:08:17,714 f1_score = 0.7260 (threshold = 1.4800)
2026-04-16 10:08:17,714 Epoch 17: Train Loss 0.2000, Valid Loss 0.2507
2026-04-16 10:08:50,277 [[3472  266]
 [  45  250]]
2026-04-16 10:08:50,283 AUC of ROC = 0.9655
2026-04-16 10:08:50,283 AUC of PRC = 0.7902
2026-04-16 10:08:50,283 min(+P, Se) = 0.7322
2026-04-16 10:08:50,283 f1_score = 0.7464 (threshold = 1.4198)
2026-04-16 10:08:50,284 Epoch 18: Train Loss 0.1916, Valid Loss 0.2582
2026-04-16 10:09:29,539 [[3387  351]
 [  33  262]]
2026-04-16 10:09:29,544 AUC of ROC = 0.9564
2026-04-16 10:09:29,545 AUC of PRC = 0.7364
2026-04-16 10:09:29,545 min(+P, Se) = 0.6734
2026-04-16 10:09:29,545 f1_score = 0.6882 (threshold = 0.7198)
2026-04-16 10:09:29,545 Epoch 19: Train Loss 0.1771, Valid Loss 0.2646
2026-04-16 10:10:09,547 [[3358  380]
 [  33  262]]
2026-04-16 10:10:09,552 AUC of ROC = 0.9623
2026-04-16 10:10:09,552 AUC of PRC = 0.7793
2026-04-16 10:10:09,553 min(+P, Se) = 0.7288
2026-04-16 10:10:09,553 f1_score = 0.7409 (threshold = 1.5215)
2026-04-16 10:10:09,553 Epoch 20: Train Loss 0.1683, Valid Loss 0.2669
2026-04-16 10:10:46,679 [[3597  141]
 [  63  232]]
2026-04-16 10:10:46,685 AUC of ROC = 0.9617
2026-04-16 10:10:46,685 AUC of PRC = 0.7749
2026-04-16 10:10:46,685 min(+P, Se) = 0.7133
2026-04-16 10:10:46,686 f1_score = 0.7246 (threshold = 0.8892)
2026-04-16 10:10:46,686 Epoch 21: Train Loss 0.1488, Valid Loss 0.3423
2026-04-16 10:11:26,257 [[3545  193]
 [  48  247]]
2026-04-16 10:11:26,262 AUC of ROC = 0.9597
2026-04-16 10:11:26,263 AUC of PRC = 0.7722
2026-04-16 10:11:26,263 min(+P, Se) = 0.7153
2026-04-16 10:11:26,263 f1_score = 0.7219 (threshold = 1.1311)
2026-04-16 10:11:26,263 Epoch 22: Train Loss 0.1458, Valid Loss 0.3250
2026-04-16 10:12:03,835 [[3411  327]
 [  40  255]]
2026-04-16 10:12:03,840 AUC of ROC = 0.9545
2026-04-16 10:12:03,840 AUC of PRC = 0.7673
2026-04-16 10:12:03,841 min(+P, Se) = 0.7027
2026-04-16 10:12:03,841 f1_score = 0.7249 (threshold = 1.6555)
2026-04-16 10:12:03,841 Epoch 23: Train Loss 0.1348, Valid Loss 0.3050
2026-04-16 10:12:40,698 [[3523  215]
 [  47  248]]
2026-04-16 10:12:40,704 AUC of ROC = 0.9582
2026-04-16 10:12:40,704 AUC of PRC = 0.7806
2026-04-16 10:12:40,704 min(+P, Se) = 0.7085
2026-04-16 10:12:40,704 f1_score = 0.7241 (threshold = 1.7434)
2026-04-16 10:12:40,705 Epoch 24: Train Loss 0.1261, Valid Loss 0.3333
2026-04-16 10:13:18,271 [[3516  222]
 [  46  249]]
2026-04-16 10:13:18,277 AUC of ROC = 0.9560
2026-04-16 10:13:18,277 AUC of PRC = 0.7525
2026-04-16 10:13:18,277 min(+P, Se) = 0.6902
2026-04-16 10:13:18,277 f1_score = 0.6998 (threshold = 1.2759)
2026-04-16 10:13:18,278 Epoch 25: Train Loss 0.1159, Valid Loss 0.3440
2026-04-16 10:13:56,399 [[3557  181]
 [  54  241]]
2026-04-16 10:13:56,404 AUC of ROC = 0.9563
2026-04-16 10:13:56,404 AUC of PRC = 0.7638
2026-04-16 10:13:56,405 min(+P, Se) = 0.7027
2026-04-16 10:13:56,405 f1_score = 0.7180 (threshold = 1.4177)
2026-04-16 10:13:56,405 Epoch 26: Train Loss 0.1124, Valid Loss 0.3571
2026-04-16 10:14:35,375 [[3519  219]
 [  46  249]]
2026-04-16 10:14:35,381 AUC of ROC = 0.9564
2026-04-16 10:14:35,381 AUC of PRC = 0.7709
2026-04-16 10:14:35,382 min(+P, Se) = 0.7119
2026-04-16 10:14:35,382 f1_score = 0.7166 (threshold = 1.4992)
2026-04-16 10:14:35,382 Epoch 27: Train Loss 0.1005, Valid Loss 0.3674
2026-04-16 10:15:12,916 [[3555  183]
 [  55  240]]
2026-04-16 10:15:12,922 AUC of ROC = 0.9557
2026-04-16 10:15:12,922 AUC of PRC = 0.7745
2026-04-16 10:15:12,923 min(+P, Se) = 0.7153
2026-04-16 10:15:12,923 f1_score = 0.7214 (threshold = 1.0887)
2026-04-16 10:15:12,923 Epoch 28: Train Loss 0.0940, Valid Loss 0.4114
2026-04-16 10:15:47,805 [[3589  149]
 [  57  238]]
2026-04-16 10:15:47,811 AUC of ROC = 0.9565
2026-04-16 10:15:47,811 AUC of PRC = 0.7736
2026-04-16 10:15:47,811 min(+P, Se) = 0.7153
2026-04-16 10:15:47,811 f1_score = 0.7193 (threshold = 0.7683)
2026-04-16 10:15:47,812 Epoch 29: Train Loss 0.0843, Valid Loss 0.4505
2026-04-16 10:16:26,996 [[3530  208]
 [  45  250]]
2026-04-16 10:16:27,002 AUC of ROC = 0.9569
2026-04-16 10:16:27,003 AUC of PRC = 0.7773
2026-04-16 10:16:27,003 min(+P, Se) = 0.7095
2026-04-16 10:16:27,003 f1_score = 0.7128 (threshold = 1.4006)
2026-04-16 10:16:27,004 Epoch 30: Train Loss 0.0841, Valid Loss 0.4036
2026-04-16 10:17:05,865 [[3558  180]
 [  51  244]]
2026-04-16 10:17:05,871 AUC of ROC = 0.9552
2026-04-16 10:17:05,871 AUC of PRC = 0.7778
2026-04-16 10:17:05,871 min(+P, Se) = 0.7128
2026-04-16 10:17:05,871 f1_score = 0.7153 (threshold = 1.1636)
2026-04-16 10:17:05,872 Epoch 31: Train Loss 0.0805, Valid Loss 0.4270
2026-04-16 10:17:46,018 [[3581  157]
 [  58  237]]
2026-04-16 10:17:46,024 AUC of ROC = 0.9565
2026-04-16 10:17:46,025 AUC of PRC = 0.7784
2026-04-16 10:17:46,025 min(+P, Se) = 0.7153
2026-04-16 10:17:46,025 f1_score = 0.7204 (threshold = 0.6758)
2026-04-16 10:17:46,025 Epoch 32: Train Loss 0.0781, Valid Loss 0.4620
2026-04-16 10:18:24,352 [[3579  159]
 [  56  239]]
2026-04-16 10:18:24,357 AUC of ROC = 0.9567
2026-04-16 10:18:24,358 AUC of PRC = 0.7841
2026-04-16 10:18:24,358 min(+P, Se) = 0.7215
2026-04-16 10:18:24,358 f1_score = 0.7320 (threshold = 1.2727)
2026-04-16 10:18:24,359 Epoch 33: Train Loss 0.0742, Valid Loss 0.4547
2026-04-16 10:19:03,915 [[3582  156]
 [  56  239]]
2026-04-16 10:19:03,920 AUC of ROC = 0.9569
2026-04-16 10:19:03,921 AUC of PRC = 0.7796
2026-04-16 10:19:03,921 min(+P, Se) = 0.7186
2026-04-16 10:19:03,921 f1_score = 0.7223 (threshold = 1.0490)
2026-04-16 10:19:03,922 Epoch 34: Train Loss 0.0753, Valid Loss 0.4540
2026-04-16 10:19:43,292 [[3584  154]
 [  56  239]]
2026-04-16 10:19:43,297 AUC of ROC = 0.9559
2026-04-16 10:19:43,298 AUC of PRC = 0.7760
2026-04-16 10:19:43,298 min(+P, Se) = 0.7172
2026-04-16 10:19:43,298 f1_score = 0.7196 (threshold = 0.9374)
2026-04-16 10:19:43,299 Epoch 35: Train Loss 0.0747, Valid Loss 0.4633
2026-04-16 10:19:43,310 last saved model is in epoch 16
2026-04-16 10:19:45,877 [[3562  190]
 [  38  244]]
2026-04-16 10:19:45,882 AUC of ROC = 0.9614
2026-04-16 10:19:45,883 AUC of PRC = 0.8125
2026-04-16 10:19:45,883 min(+P, Se) = 0.7247
2026-04-16 10:19:45,883 f1_score = 0.7476 (threshold = 1.3331)
2026-04-16 10:19:45,883 Test Loss 0.2425
