2026-04-16 19:25:11,289 {
    "dataset": "c19",
    "data_dropout": 0.0,
    "epochs": 25,
    "lr": 0.001,
    "d_model": 32,
    "seed": 1,
    "batch_size": 64,
    "dropout": 0.1,
    "save_model": true,
    "save_dir": "./export/c19/smart-smile-v2-no-mnar-cls/seed_1",
    "local_rank": 0,
    "min_mask_ratio": 0.15,
    "max_mask_ratio": 0.75,
    "e_layers": 2,
    "n_heads": 4,
    "time_dim": 16,
    "use_film": false,
    "use_smile": false,
    "use_smile_film": false,
    "use_smile_v2": true,
    "use_smile_v2_film": false,
    "use_smile_lean": false,
    "use_smile_lean_samepretrain": false,
    "use_smile_lean_v2": false,
    "use_mnar": false,
    "save_last": true,
    "smile_no_mnar": false,
    "smile_no_curriculum": false,
    "smile_mask_type": "all",
    "smile_mnar_dropout": 0.05,
    "obs_density_window": 5,
    "abl_no_density": false,
    "abl_no_mnar_bias": false,
    "abl_no_film": false,
    "abl_no_time_mnar": false,
    "abl_no_time_pe": false,
    "abl_no_cross_attn": false,
    "abl_no_mnar_cls": true,
    "pretrain_mask_mode": "fixed",
    "ratio_temperature": 1.0,
    "smile_stratified": false,
    "smile_mask_weights": null
}
2026-04-16 19:25:15,725 Dataset Loaded.
2026-04-16 19:25:15,726 system_groups: {'Vital_Basic': 7, 'Resp_Gas': 7, 'Liver_Enzyme': 2, 'Renal': 3, 'Coagulation': 3, 'CBC': 3, 'Bilirubin': 2}
2026-04-16 19:25:58,913 Epoch 1: Train Loss 0.0844, Valid Loss 0.0297, EMA Val 0.0297
2026-04-16 19:26:39,383 Epoch 2: Train Loss 0.0601, Valid Loss 0.0296, EMA Val 0.0296
2026-04-16 19:27:19,779 Epoch 3: Train Loss 0.0509, Valid Loss 0.0263, EMA Val 0.0286
2026-04-16 19:27:59,616 Epoch 4: Train Loss 0.0429, Valid Loss 0.0235, EMA Val 0.0271
2026-04-16 19:28:39,635 Epoch 5: Train Loss 0.0407, Valid Loss 0.0239, EMA Val 0.0261
2026-04-16 19:29:19,728 Epoch 6: Train Loss 0.0420, Valid Loss 0.0277, EMA Val 0.0266
2026-04-16 19:29:59,729 Epoch 7: Train Loss 0.0454, Valid Loss 0.0290, EMA Val 0.0273
2026-04-16 19:30:39,278 Epoch 8: Train Loss 0.0487, Valid Loss 0.0304, EMA Val 0.0282
2026-04-16 19:31:19,513 Epoch 9: Train Loss 0.0508, Valid Loss 0.0319, EMA Val 0.0293
2026-04-16 19:32:00,033 Epoch 10: Train Loss 0.0533, Valid Loss 0.0317, EMA Val 0.0301
2026-04-16 19:32:41,661 Epoch 11: Train Loss 0.0553, Valid Loss 0.0314, EMA Val 0.0304
2026-04-16 19:33:22,747 Epoch 12: Train Loss 0.0578, Valid Loss 0.0325, EMA Val 0.0311
2026-04-16 19:34:02,826 Epoch 13: Train Loss 0.0657, Valid Loss 0.0365, EMA Val 0.0327
2026-04-16 19:34:43,022 Epoch 14: Train Loss 0.0696, Valid Loss 0.0373, EMA Val 0.0341
2026-04-16 19:35:23,804 Epoch 15: Train Loss 0.0728, Valid Loss 0.0394, EMA Val 0.0357
2026-04-16 19:36:04,774 Epoch 16: Train Loss 0.0772, Valid Loss 0.0422, EMA Val 0.0376
2026-04-16 19:36:45,064 Epoch 17: Train Loss 0.0819, Valid Loss 0.0429, EMA Val 0.0392
2026-04-16 19:37:25,341 Epoch 18: Train Loss 0.0844, Valid Loss 0.0477, EMA Val 0.0418
2026-04-16 19:38:06,932 Epoch 19: Train Loss 0.0887, Valid Loss 0.0454, EMA Val 0.0429
2026-04-16 19:38:46,967 Epoch 20: Train Loss 0.0917, Valid Loss 0.0492, EMA Val 0.0448
2026-04-16 19:39:27,450 Epoch 21: Train Loss 0.0938, Valid Loss 0.0478, EMA Val 0.0457
2026-04-16 19:40:08,530 Epoch 22: Train Loss 0.0963, Valid Loss 0.0464, EMA Val 0.0459
2026-04-16 19:40:49,326 Epoch 23: Train Loss 0.0988, Valid Loss 0.0473, EMA Val 0.0463
2026-04-16 19:41:30,068 Epoch 24: Train Loss 0.1015, Valid Loss 0.0485, EMA Val 0.0470
2026-04-16 19:42:10,422 Epoch 25: Train Loss 0.1030, Valid Loss 0.0465, EMA Val 0.0468
2026-04-16 19:42:10,423 ----- Save last epoch model - L1: 0.0468 -----
2026-04-16 19:42:10,461 last saved model is in epoch 25
2026-04-16 19:42:13,587 Test Loss 0.0463
2026-04-16 19:42:20,309 {
    "dataset": "c19",
    "data_dropout": 0.0,
    "epochs": 35,
    "freeze_epochs": 5,
    "lr": 0.001,
    "d_model": 32,
    "seed": 1,
    "batch_size": 64,
    "dropout": 0.1,
    "save_model": true,
    "save_dir": "./export/c19/smart-smile-v2-no-mnar-cls/seed_1",
    "pretrain_dir": null,
    "local_rank": 0,
    "e_layers": 2,
    "n_heads": 4,
    "time_dim": 16,
    "use_film": false,
    "use_smile": false,
    "use_smile_film": false,
    "use_mnar": false,
    "use_smile_v2": true,
    "use_smile_v2_film": false,
    "use_smile_lean": false,
    "use_smile_lean_samepretrain": false,
    "use_smile_lean_v2": false,
    "obs_density_window": 5,
    "abl_no_density": false,
    "abl_no_mnar_bias": false,
    "abl_no_film": false,
    "abl_no_time_mnar": false,
    "abl_no_time_pe": false,
    "abl_no_cross_attn": false,
    "abl_no_mnar_cls": true,
    "smile_no_mnar": false,
    "smile_no_curriculum": false,
    "smile_mask_type": "all",
    "smile_mnar_dropout": 0.05,
    "smile_mnar_dropout_initial": 0.0,
    "smile_stratified": false
}
2026-04-16 19:42:24,790 Dataset Loaded.
2026-04-16 19:42:26,909 Class weights: [0.5393641591072083, 6.850955486297607]
2026-04-16 19:42:26,927 last saved model is in epoch 25
2026-04-16 19:42:51,524 [[3133  605]
 [  58  237]]
2026-04-16 19:42:51,531 AUC of ROC = 0.8790
2026-04-16 19:42:51,531 AUC of PRC = 0.4383
2026-04-16 19:42:51,531 min(+P, Se) = 0.4801
2026-04-16 19:42:51,532 f1_score = 0.4904 (threshold = 0.6091)
2026-04-16 19:42:51,532 Epoch 1: Train Loss 0.5142, Valid Loss 0.4120
2026-04-16 19:42:51,533 ----- Save best model - auprc: 0.4383 -----
2026-04-16 19:43:16,665 [[2851  887]
 [  31  264]]
2026-04-16 19:43:16,671 AUC of ROC = 0.9070
2026-04-16 19:43:16,671 AUC of PRC = 0.4639
2026-04-16 19:43:16,671 min(+P, Se) = 0.5034
2026-04-16 19:43:16,671 f1_score = 0.5353 (threshold = 0.8274)
2026-04-16 19:43:16,672 Epoch 2: Train Loss 0.4422, Valid Loss 0.4051
2026-04-16 19:43:16,672 ----- Save best model - auprc: 0.4639 -----
2026-04-16 19:43:39,793 [[3465  273]
 [  93  202]]
2026-04-16 19:43:39,798 AUC of ROC = 0.9069
2026-04-16 19:43:39,798 AUC of PRC = 0.4894
2026-04-16 19:43:39,798 min(+P, Se) = 0.5135
2026-04-16 19:43:39,799 f1_score = 0.5202 (threshold = 0.0133)
2026-04-16 19:43:39,799 Epoch 3: Train Loss 0.4222, Valid Loss 0.4123
2026-04-16 19:43:39,800 ----- Save best model - auprc: 0.4894 -----
2026-04-16 19:44:03,880 [[3048  690]
 [  35  260]]
2026-04-16 19:44:03,886 AUC of ROC = 0.9145
2026-04-16 19:44:03,886 AUC of PRC = 0.5193
2026-04-16 19:44:03,886 min(+P, Se) = 0.5424
2026-04-16 19:44:03,887 f1_score = 0.5442 (threshold = 1.0418)
2026-04-16 19:44:03,887 Epoch 4: Train Loss 0.4107, Valid Loss 0.3846
2026-04-16 19:44:03,888 ----- Save best model - auprc: 0.5193 -----
2026-04-16 19:44:28,802 [[3280  458]
 [  62  233]]
2026-04-16 19:44:28,808 AUC of ROC = 0.9156
2026-04-16 19:44:28,808 AUC of PRC = 0.5145
2026-04-16 19:44:28,809 min(+P, Se) = 0.5270
2026-04-16 19:44:28,809 f1_score = 0.5452 (threshold = 0.3155)
2026-04-16 19:44:28,809 Epoch 5: Train Loss 0.4129, Valid Loss 0.3648
2026-04-16 19:45:08,028 [[2958  780]
 [  26  269]]
2026-04-16 19:45:08,033 AUC of ROC = 0.9268
2026-04-16 19:45:08,034 AUC of PRC = 0.6265
2026-04-16 19:45:08,034 min(+P, Se) = 0.5932
2026-04-16 19:45:08,034 f1_score = 0.6024 (threshold = 1.2043)
2026-04-16 19:45:08,035 Epoch 6: Train Loss 0.4057, Valid Loss 0.3448
2026-04-16 19:45:08,035 ----- Save best model - auprc: 0.6265 -----
2026-04-16 19:45:42,262 [[3330  408]
 [  28  267]]
2026-04-16 19:45:42,267 AUC of ROC = 0.9511
2026-04-16 19:45:42,267 AUC of PRC = 0.6800
2026-04-16 19:45:42,268 min(+P, Se) = 0.6373
2026-04-16 19:45:42,268 f1_score = 0.6460 (threshold = 0.5442)
2026-04-16 19:45:42,268 Epoch 7: Train Loss 0.3372, Valid Loss 0.2692
2026-04-16 19:45:42,269 ----- Save best model - auprc: 0.6800 -----
2026-04-16 19:46:14,481 [[3336  402]
 [  29  266]]
2026-04-16 19:46:14,486 AUC of ROC = 0.9561
2026-04-16 19:46:14,486 AUC of PRC = 0.7142
2026-04-16 19:46:14,487 min(+P, Se) = 0.6644
2026-04-16 19:46:14,487 f1_score = 0.6713 (threshold = 0.6292)
2026-04-16 19:46:14,487 Epoch 8: Train Loss 0.2999, Valid Loss 0.2545
2026-04-16 19:46:14,488 ----- Save best model - auprc: 0.7142 -----
2026-04-16 19:46:52,140 [[3465  273]
 [  49  246]]
2026-04-16 19:46:52,146 AUC of ROC = 0.9526
2026-04-16 19:46:52,146 AUC of PRC = 0.7182
2026-04-16 19:46:52,146 min(+P, Se) = 0.6814
2026-04-16 19:46:52,147 f1_score = 0.6914 (threshold = 0.8455)
2026-04-16 19:46:52,147 Epoch 9: Train Loss 0.2826, Valid Loss 0.2779
2026-04-16 19:46:52,148 ----- Save best model - auprc: 0.7182 -----
2026-04-16 19:47:22,956 [[3431  307]
 [  33  262]]
2026-04-16 19:47:22,961 AUC of ROC = 0.9595
2026-04-16 19:47:22,962 AUC of PRC = 0.7368
2026-04-16 19:47:22,962 min(+P, Se) = 0.6892
2026-04-16 19:47:22,962 f1_score = 0.6965 (threshold = 0.5818)
2026-04-16 19:47:22,962 Epoch 10: Train Loss 0.2777, Valid Loss 0.2544
2026-04-16 19:47:22,963 ----- Save best model - auprc: 0.7368 -----
2026-04-16 19:47:54,186 [[3460  278]
 [  40  255]]
2026-04-16 19:47:54,192 AUC of ROC = 0.9592
2026-04-16 19:47:54,192 AUC of PRC = 0.7380
2026-04-16 19:47:54,192 min(+P, Se) = 0.6902
2026-04-16 19:47:54,193 f1_score = 0.6926 (threshold = 0.5769)
2026-04-16 19:47:54,193 Epoch 11: Train Loss 0.2606, Valid Loss 0.2546
2026-04-16 19:47:54,194 ----- Save best model - auprc: 0.7380 -----
2026-04-16 19:48:33,782 [[3533  205]
 [  43  252]]
2026-04-16 19:48:33,787 AUC of ROC = 0.9656
2026-04-16 19:48:33,788 AUC of PRC = 0.7806
2026-04-16 19:48:33,788 min(+P, Se) = 0.7153
2026-04-16 19:48:33,788 f1_score = 0.7243 (threshold = 1.1450)
2026-04-16 19:48:33,788 Epoch 12: Train Loss 0.2541, Valid Loss 0.2604
2026-04-16 19:48:33,789 ----- Save best model - auprc: 0.7806 -----
2026-04-16 19:49:11,735 [[3449  289]
 [  31  264]]
2026-04-16 19:49:11,740 AUC of ROC = 0.9657
2026-04-16 19:49:11,741 AUC of PRC = 0.7771
2026-04-16 19:49:11,741 min(+P, Se) = 0.7264
2026-04-16 19:49:11,741 f1_score = 0.7359 (threshold = 0.9950)
2026-04-16 19:49:11,742 Epoch 13: Train Loss 0.2421, Valid Loss 0.2453
2026-04-16 19:49:50,052 [[3509  229]
 [  52  243]]
2026-04-16 19:49:50,058 AUC of ROC = 0.9577
2026-04-16 19:49:50,058 AUC of PRC = 0.7595
2026-04-16 19:49:50,058 min(+P, Se) = 0.6980
2026-04-16 19:49:50,058 f1_score = 0.7086 (threshold = 0.9102)
2026-04-16 19:49:50,059 Epoch 14: Train Loss 0.2269, Valid Loss 0.3003
2026-04-16 19:50:27,524 [[3446  292]
 [  40  255]]
2026-04-16 19:50:27,529 AUC of ROC = 0.9649
2026-04-16 19:50:27,530 AUC of PRC = 0.7766
2026-04-16 19:50:27,530 min(+P, Se) = 0.7119
2026-04-16 19:50:27,530 f1_score = 0.7179 (threshold = 1.4902)
2026-04-16 19:50:27,530 Epoch 15: Train Loss 0.2241, Valid Loss 0.2542
2026-04-16 19:51:07,293 [[3235  503]
 [  24  271]]
2026-04-16 19:51:07,298 AUC of ROC = 0.9614
2026-04-16 19:51:07,298 AUC of PRC = 0.7732
2026-04-16 19:51:07,298 min(+P, Se) = 0.7104
2026-04-16 19:51:07,299 f1_score = 0.7128 (threshold = 1.5236)
2026-04-16 19:51:07,299 Epoch 16: Train Loss 0.2047, Valid Loss 0.2828
2026-04-16 19:51:47,596 [[3423  315]
 [  42  253]]
2026-04-16 19:51:47,601 AUC of ROC = 0.9609
2026-04-16 19:51:47,602 AUC of PRC = 0.7802
2026-04-16 19:51:47,602 min(+P, Se) = 0.7085
2026-04-16 19:51:47,602 f1_score = 0.7313 (threshold = 1.4256)
2026-04-16 19:51:47,603 Epoch 17: Train Loss 0.1924, Valid Loss 0.2713
2026-04-16 19:52:27,280 [[3446  292]
 [  46  249]]
2026-04-16 19:52:27,285 AUC of ROC = 0.9524
2026-04-16 19:52:27,286 AUC of PRC = 0.7331
2026-04-16 19:52:27,286 min(+P, Se) = 0.6746
2026-04-16 19:52:27,286 f1_score = 0.6885 (threshold = 1.0511)
2026-04-16 19:52:27,286 Epoch 18: Train Loss 0.1800, Valid Loss 0.3086
2026-04-16 19:53:08,661 [[3488  250]
 [  42  253]]
2026-04-16 19:53:08,666 AUC of ROC = 0.9591
2026-04-16 19:53:08,666 AUC of PRC = 0.7765
2026-04-16 19:53:08,667 min(+P, Se) = 0.7220
2026-04-16 19:53:08,667 f1_score = 0.7418 (threshold = 1.1499)
2026-04-16 19:53:08,667 Epoch 19: Train Loss 0.1706, Valid Loss 0.2864
2026-04-16 19:53:45,275 [[3433  305]
 [  37  258]]
2026-04-16 19:53:45,280 AUC of ROC = 0.9632
2026-04-16 19:53:45,280 AUC of PRC = 0.7881
2026-04-16 19:53:45,280 min(+P, Se) = 0.7297
2026-04-16 19:53:45,280 f1_score = 0.7310 (threshold = 1.3045)
2026-04-16 19:53:45,281 Epoch 20: Train Loss 0.1549, Valid Loss 0.2857
2026-04-16 19:53:45,281 ----- Save best model - auprc: 0.7881 -----
2026-04-16 19:54:22,810 [[3459  279]
 [  42  253]]
2026-04-16 19:54:22,816 AUC of ROC = 0.9574
2026-04-16 19:54:22,816 AUC of PRC = 0.7681
2026-04-16 19:54:22,816 min(+P, Se) = 0.7153
2026-04-16 19:54:22,816 f1_score = 0.7178 (threshold = 1.3619)
2026-04-16 19:54:22,817 Epoch 21: Train Loss 0.1471, Valid Loss 0.3155
2026-04-16 19:54:52,490 [[3459  279]
 [  45  250]]
2026-04-16 19:54:52,495 AUC of ROC = 0.9525
2026-04-16 19:54:52,496 AUC of PRC = 0.7152
2026-04-16 19:54:52,496 min(+P, Se) = 0.6678
2026-04-16 19:54:52,496 f1_score = 0.6721 (threshold = 0.7790)
2026-04-16 19:54:52,497 Epoch 22: Train Loss 0.1397, Valid Loss 0.3348
2026-04-16 19:55:22,839 [[3524  214]
 [  57  238]]
2026-04-16 19:55:22,845 AUC of ROC = 0.9569
2026-04-16 19:55:22,845 AUC of PRC = 0.7556
2026-04-16 19:55:22,845 min(+P, Se) = 0.6847
2026-04-16 19:55:22,846 f1_score = 0.7182 (threshold = 0.9855)
2026-04-16 19:55:22,846 Epoch 23: Train Loss 0.1355, Valid Loss 0.3453
2026-04-16 19:55:52,565 [[3472  266]
 [  50  245]]
2026-04-16 19:55:52,570 AUC of ROC = 0.9588
2026-04-16 19:55:52,570 AUC of PRC = 0.7615
2026-04-16 19:55:52,570 min(+P, Se) = 0.7017
2026-04-16 19:55:52,570 f1_score = 0.7128 (threshold = 1.3160)
2026-04-16 19:55:52,571 Epoch 24: Train Loss 0.1190, Valid Loss 0.3404
2026-04-16 19:56:30,947 [[3490  248]
 [  45  250]]
2026-04-16 19:56:30,952 AUC of ROC = 0.9580
2026-04-16 19:56:30,953 AUC of PRC = 0.7593
2026-04-16 19:56:30,953 min(+P, Se) = 0.6949
2026-04-16 19:56:30,953 f1_score = 0.7200 (threshold = 1.6193)
2026-04-16 19:56:30,953 Epoch 25: Train Loss 0.1069, Valid Loss 0.3450
2026-04-16 19:57:05,167 [[3553  185]
 [  54  241]]
2026-04-16 19:57:05,172 AUC of ROC = 0.9586
2026-04-16 19:57:05,172 AUC of PRC = 0.7825
2026-04-16 19:57:05,172 min(+P, Se) = 0.7186
2026-04-16 19:57:05,173 f1_score = 0.7342 (threshold = 1.2390)
2026-04-16 19:57:05,173 Epoch 26: Train Loss 0.0979, Valid Loss 0.3912
2026-04-16 19:57:37,238 [[3545  193]
 [  58  237]]
2026-04-16 19:57:37,244 AUC of ROC = 0.9582
2026-04-16 19:57:37,244 AUC of PRC = 0.7660
2026-04-16 19:57:37,244 min(+P, Se) = 0.7017
2026-04-16 19:57:37,245 f1_score = 0.7083 (threshold = 1.1378)
2026-04-16 19:57:37,245 Epoch 27: Train Loss 0.0936, Valid Loss 0.3914
2026-04-16 19:58:21,786 [[3573  165]
 [  60  235]]
2026-04-16 19:58:21,792 AUC of ROC = 0.9595
2026-04-16 19:58:21,792 AUC of PRC = 0.7731
2026-04-16 19:58:21,792 min(+P, Se) = 0.7051
2026-04-16 19:58:21,792 f1_score = 0.7115 (threshold = 1.4826)
2026-04-16 19:58:21,793 Epoch 28: Train Loss 0.0871, Valid Loss 0.4077
2026-04-16 19:59:02,289 [[3565  173]
 [  55  240]]
2026-04-16 19:59:02,295 AUC of ROC = 0.9577
2026-04-16 19:59:02,295 AUC of PRC = 0.7675
2026-04-16 19:59:02,295 min(+P, Se) = 0.7023
2026-04-16 19:59:02,295 f1_score = 0.7098 (threshold = 0.6429)
2026-04-16 19:59:02,296 Epoch 29: Train Loss 0.0801, Valid Loss 0.4178
2026-04-16 19:59:37,161 [[3572  166]
 [  60  235]]
2026-04-16 19:59:37,166 AUC of ROC = 0.9580
2026-04-16 19:59:37,167 AUC of PRC = 0.7723
2026-04-16 19:59:37,167 min(+P, Se) = 0.7017
2026-04-16 19:59:37,167 f1_score = 0.7088 (threshold = 1.4730)
2026-04-16 19:59:37,167 Epoch 30: Train Loss 0.0767, Valid Loss 0.4323
2026-04-16 20:00:10,882 [[3556  182]
 [  57  238]]
2026-04-16 20:00:10,888 AUC of ROC = 0.9582
2026-04-16 20:00:10,888 AUC of PRC = 0.7698
2026-04-16 20:00:10,888 min(+P, Se) = 0.7051
2026-04-16 20:00:10,888 f1_score = 0.7110 (threshold = 1.1582)
2026-04-16 20:00:10,889 Epoch 31: Train Loss 0.0740, Valid Loss 0.4344
2026-04-16 20:00:49,616 [[3572  166]
 [  60  235]]
2026-04-16 20:00:49,621 AUC of ROC = 0.9580
2026-04-16 20:00:49,621 AUC of PRC = 0.7740
2026-04-16 20:00:49,621 min(+P, Se) = 0.7095
2026-04-16 20:00:49,622 f1_score = 0.7200 (threshold = 0.9356)
2026-04-16 20:00:49,622 Epoch 32: Train Loss 0.0726, Valid Loss 0.4571
2026-04-16 20:01:28,021 [[3579  159]
 [  63  232]]
2026-04-16 20:01:28,026 AUC of ROC = 0.9583
2026-04-16 20:01:28,027 AUC of PRC = 0.7731
2026-04-16 20:01:28,027 min(+P, Se) = 0.7085
2026-04-16 20:01:28,027 f1_score = 0.7200 (threshold = 1.1178)
2026-04-16 20:01:28,028 Epoch 33: Train Loss 0.0708, Valid Loss 0.4703
2026-04-16 20:02:00,788 [[3579  159]
 [  63  232]]
2026-04-16 20:02:00,793 AUC of ROC = 0.9583
2026-04-16 20:02:00,794 AUC of PRC = 0.7747
2026-04-16 20:02:00,794 min(+P, Se) = 0.7071
2026-04-16 20:02:00,794 f1_score = 0.7184 (threshold = 1.1328)
2026-04-16 20:02:00,795 Epoch 34: Train Loss 0.0690, Valid Loss 0.4705
2026-04-16 20:02:37,722 [[3575  163]
 [  64  231]]
2026-04-16 20:02:38,263 AUC of ROC = 0.9579
2026-04-16 20:02:38,263 AUC of PRC = 0.7725
2026-04-16 20:02:38,263 min(+P, Se) = 0.7119
2026-04-16 20:02:38,263 f1_score = 0.7173 (threshold = 0.9564)
2026-04-16 20:02:38,264 Epoch 35: Train Loss 0.0682, Valid Loss 0.4737
2026-04-16 20:02:38,292 last saved model is in epoch 20
2026-04-16 20:02:41,011 [[3464  288]
 [  28  254]]
2026-04-16 20:02:41,017 AUC of ROC = 0.9657
2026-04-16 20:02:41,017 AUC of PRC = 0.8231
2026-04-16 20:02:41,017 min(+P, Se) = 0.7447
2026-04-16 20:02:41,018 f1_score = 0.7481 (threshold = 1.5443)
2026-04-16 20:02:41,018 Test Loss 0.2515
