2026-02-24 03:48:34,146 {
    "dataset": "c19",
    "data_dropout": 0.0,
    "epochs": 25,
    "lr": 0.001,
    "d_model": 32,
    "seed": 1234,
    "batch_size": 64,
    "dropout": 0.1,
    "save_model": true,
    "save_dir": "./export/c19/smart-film/seed_1234",
    "local_rank": 0,
    "min_mask_ratio": 0.0,
    "max_mask_ratio": 0.75,
    "e_layers": 2,
    "n_heads": 4,
    "time_dim": 16,
    "use_film": true
}
2026-02-24 03:48:53,003 Dataset Loaded.
2026-02-24 03:50:15,560 Epoch 1: Train Loss 0.1141, Valid Loss 0.0290
2026-02-24 03:50:15,562 ----- Save best model - L1: 0.0290 -----
2026-02-24 03:51:37,020 Epoch 2: Train Loss 0.0695, Valid Loss 0.0276
2026-02-24 03:51:37,020 ----- Save best model - L1: 0.0276 -----
2026-02-24 03:52:58,523 Epoch 3: Train Loss 0.0546, Valid Loss 0.0228
2026-02-24 03:52:58,524 ----- Save best model - L1: 0.0228 -----
2026-02-24 03:54:20,114 Epoch 4: Train Loss 0.0494, Valid Loss 0.0226
2026-02-24 03:54:20,115 ----- Save best model - L1: 0.0226 -----
2026-02-24 03:55:41,762 Epoch 5: Train Loss 0.0490, Valid Loss 0.0225
2026-02-24 03:55:41,763 ----- Save best model - L1: 0.0225 -----
2026-02-24 03:57:03,401 Epoch 6: Train Loss 0.0488, Valid Loss 0.0227
2026-02-24 03:58:24,762 Epoch 7: Train Loss 0.0477, Valid Loss 0.0222
2026-02-24 03:58:24,763 ----- Save best model - L1: 0.0222 -----
2026-02-24 03:59:46,013 Epoch 8: Train Loss 0.0466, Valid Loss 0.0216
2026-02-24 03:59:46,015 ----- Save best model - L1: 0.0216 -----
2026-02-24 04:01:07,612 Epoch 9: Train Loss 0.0447, Valid Loss 0.0203
2026-02-24 04:01:07,613 ----- Save best model - L1: 0.0203 -----
2026-02-24 04:02:29,199 Epoch 10: Train Loss 0.0426, Valid Loss 0.0189
2026-02-24 04:02:29,200 ----- Save best model - L1: 0.0189 -----
2026-02-24 04:03:51,139 Epoch 11: Train Loss 0.0412, Valid Loss 0.0176
2026-02-24 04:03:51,140 ----- Save best model - L1: 0.0176 -----
2026-02-24 04:05:12,757 Epoch 12: Train Loss 0.0405, Valid Loss 0.0170
2026-02-24 04:05:12,758 ----- Save best model - L1: 0.0170 -----
2026-02-24 04:06:34,503 Epoch 13: Train Loss 0.0402, Valid Loss 0.0164
2026-02-24 04:06:34,503 ----- Save best model - L1: 0.0164 -----
2026-02-24 04:07:56,308 Epoch 14: Train Loss 0.0401, Valid Loss 0.0166
2026-02-24 04:09:17,874 Epoch 15: Train Loss 0.0403, Valid Loss 0.0164
2026-02-24 04:09:17,874 ----- Save best model - L1: 0.0164 -----
2026-02-24 04:10:39,297 Epoch 16: Train Loss 0.0406, Valid Loss 0.0168
2026-02-24 04:12:00,830 Epoch 17: Train Loss 0.0409, Valid Loss 0.0171
2026-02-24 04:13:22,315 Epoch 18: Train Loss 0.0413, Valid Loss 0.0174
2026-02-24 04:14:43,815 Epoch 19: Train Loss 0.0416, Valid Loss 0.0165
2026-02-24 04:16:05,180 Epoch 20: Train Loss 0.0420, Valid Loss 0.0169
2026-02-24 04:17:26,667 Epoch 21: Train Loss 0.0422, Valid Loss 0.0173
2026-02-24 04:18:48,770 Epoch 22: Train Loss 0.0422, Valid Loss 0.0170
2026-02-24 04:20:10,572 Epoch 23: Train Loss 0.0424, Valid Loss 0.0171
2026-02-24 04:21:32,237 Epoch 24: Train Loss 0.0425, Valid Loss 0.0174
2026-02-24 04:22:53,785 Epoch 25: Train Loss 0.0425, Valid Loss 0.0169
2026-02-24 04:22:53,920 last saved model is in epoch 15
2026-02-24 04:22:59,895 Test Loss 0.0165
2026-02-24 04:23:04,278 {
    "dataset": "c19",
    "data_dropout": 0.0,
    "epochs": 25,
    "freeze_epochs": 5,
    "lr": 0.001,
    "d_model": 32,
    "seed": 1234,
    "batch_size": 64,
    "dropout": 0.1,
    "save_model": true,
    "save_dir": "./export/c19/smart-film/seed_1234",
    "local_rank": 0,
    "e_layers": 2,
    "n_heads": 4,
    "time_dim": 16,
    "use_film": true
}
2026-02-24 04:23:19,490 Dataset Loaded.
2026-02-24 04:23:20,958 last saved model is in epoch 15
2026-02-24 04:23:51,446 [[3654  105]
 [ 172  102]]
2026-02-24 04:23:51,449 AUC of ROC = 0.8652
2026-02-24 04:23:51,450 AUC of PRC = 0.4109
2026-02-24 04:23:51,450 min(+P, Se) = 0.4513
2026-02-24 04:23:51,451 f1_score = 0.4241
2026-02-24 04:23:51,451 Epoch 1: Train Loss 0.2250, Valid Loss 0.2170
2026-02-24 04:23:51,452 ----- Save best model - auprc: 0.4109 -----
2026-02-24 04:24:22,250 [[3711   48]
 [ 192   82]]
2026-02-24 04:24:22,253 AUC of ROC = 0.8915
2026-02-24 04:24:22,254 AUC of PRC = 0.4930
2026-02-24 04:24:22,254 min(+P, Se) = 0.5036
2026-02-24 04:24:22,254 f1_score = 0.4059
2026-02-24 04:24:22,255 Epoch 2: Train Loss 0.1995, Valid Loss 0.1768
2026-02-24 04:24:22,255 ----- Save best model - auprc: 0.4930 -----
2026-02-24 04:24:53,271 [[3733   26]
 [ 207   67]]
2026-02-24 04:24:53,274 AUC of ROC = 0.8961
2026-02-24 04:24:53,275 AUC of PRC = 0.5228
2026-02-24 04:24:53,275 min(+P, Se) = 0.5219
2026-02-24 04:24:53,275 f1_score = 0.3651
2026-02-24 04:24:53,275 Epoch 3: Train Loss 0.1915, Valid Loss 0.1604
2026-02-24 04:24:53,276 ----- Save best model - auprc: 0.5228 -----
2026-02-24 04:25:24,182 [[3745   14]
 [ 221   53]]
2026-02-24 04:25:24,185 AUC of ROC = 0.9008
2026-02-24 04:25:24,186 AUC of PRC = 0.5363
2026-02-24 04:25:24,186 min(+P, Se) = 0.5511
2026-02-24 04:25:24,186 f1_score = 0.3109
2026-02-24 04:25:24,187 Epoch 4: Train Loss 0.1835, Valid Loss 0.1667
2026-02-24 04:25:24,187 ----- Save best model - auprc: 0.5363 -----
2026-02-24 04:25:55,234 [[3742   17]
 [ 221   53]]
2026-02-24 04:25:55,237 AUC of ROC = 0.9040
2026-02-24 04:25:55,238 AUC of PRC = 0.5450
2026-02-24 04:25:55,238 min(+P, Se) = 0.5500
2026-02-24 04:25:55,238 f1_score = 0.3081
2026-02-24 04:25:55,239 Epoch 5: Train Loss 0.1821, Valid Loss 0.1611
2026-02-24 04:25:55,239 ----- Save best model - auprc: 0.5450 -----
2026-02-24 04:26:49,981 [[3723   36]
 [ 143  131]]
2026-02-24 04:26:49,985 AUC of ROC = 0.9250
2026-02-24 04:26:49,985 AUC of PRC = 0.6840
2026-02-24 04:26:49,986 min(+P, Se) = 0.6436
2026-02-24 04:26:49,986 f1_score = 0.5941
2026-02-24 04:26:49,987 Epoch 6: Train Loss 0.1836, Valid Loss 0.1290
2026-02-24 04:26:49,988 ----- Save best model - auprc: 0.6840 -----
2026-02-24 04:27:44,578 [[3730   29]
 [ 127  147]]
2026-02-24 04:27:44,582 AUC of ROC = 0.9437
2026-02-24 04:27:44,582 AUC of PRC = 0.7256
2026-02-24 04:27:44,583 min(+P, Se) = 0.6715
2026-02-24 04:27:44,583 f1_score = 0.6533
2026-02-24 04:27:44,583 Epoch 7: Train Loss 0.1351, Valid Loss 0.1270
2026-02-24 04:27:44,584 ----- Save best model - auprc: 0.7256 -----
2026-02-24 04:28:39,069 [[3646  113]
 [  81  193]]
2026-02-24 04:28:39,073 AUC of ROC = 0.9459
2026-02-24 04:28:39,073 AUC of PRC = 0.7423
2026-02-24 04:28:39,073 min(+P, Se) = 0.6884
2026-02-24 04:28:39,074 f1_score = 0.6655
2026-02-24 04:28:39,074 Epoch 8: Train Loss 0.1235, Valid Loss 0.1443
2026-02-24 04:28:39,075 ----- Save best model - auprc: 0.7423 -----
2026-02-24 04:29:33,487 [[3727   32]
 [ 119  155]]
2026-02-24 04:29:33,490 AUC of ROC = 0.9543
2026-02-24 04:29:33,491 AUC of PRC = 0.7533
2026-02-24 04:29:33,491 min(+P, Se) = 0.6861
2026-02-24 04:29:33,491 f1_score = 0.6725
2026-02-24 04:29:33,492 Epoch 9: Train Loss 0.1185, Valid Loss 0.1091
2026-02-24 04:29:33,492 ----- Save best model - auprc: 0.7533 -----
2026-02-24 04:30:27,980 [[3706   53]
 [  92  182]]
2026-02-24 04:30:27,983 AUC of ROC = 0.9501
2026-02-24 04:30:27,983 AUC of PRC = 0.7651
2026-02-24 04:30:27,983 min(+P, Se) = 0.7080
2026-02-24 04:30:27,983 f1_score = 0.7151
2026-02-24 04:30:27,984 Epoch 10: Train Loss 0.1155, Valid Loss 0.1098
2026-02-24 04:30:27,984 ----- Save best model - auprc: 0.7651 -----
2026-02-24 04:31:22,637 [[3696   63]
 [  94  180]]
2026-02-24 04:31:22,640 AUC of ROC = 0.9498
2026-02-24 04:31:22,641 AUC of PRC = 0.7576
2026-02-24 04:31:22,642 min(+P, Se) = 0.7044
2026-02-24 04:31:22,643 f1_score = 0.6963
2026-02-24 04:31:22,643 Epoch 11: Train Loss 0.1136, Valid Loss 0.1135
2026-02-24 04:32:17,473 [[3620  139]
 [  61  213]]
2026-02-24 04:32:17,476 AUC of ROC = 0.9532
2026-02-24 04:32:17,477 AUC of PRC = 0.7681
2026-02-24 04:32:17,477 min(+P, Se) = 0.7091
2026-02-24 04:32:17,477 f1_score = 0.6805
2026-02-24 04:32:17,478 Epoch 12: Train Loss 0.1116, Valid Loss 0.1473
2026-02-24 04:32:17,478 ----- Save best model - auprc: 0.7681 -----
2026-02-24 04:33:11,949 [[3726   33]
 [ 109  165]]
2026-02-24 04:33:11,952 AUC of ROC = 0.9513
2026-02-24 04:33:11,952 AUC of PRC = 0.7762
2026-02-24 04:33:11,953 min(+P, Se) = 0.7091
2026-02-24 04:33:11,953 f1_score = 0.6992
2026-02-24 04:33:11,954 Epoch 13: Train Loss 0.1089, Valid Loss 0.1070
2026-02-24 04:33:11,954 ----- Save best model - auprc: 0.7762 -----
2026-02-24 04:34:07,412 [[3702   57]
 [  92  182]]
2026-02-24 04:34:07,415 AUC of ROC = 0.9506
2026-02-24 04:34:07,416 AUC of PRC = 0.7751
2026-02-24 04:34:07,416 min(+P, Se) = 0.6971
2026-02-24 04:34:07,416 f1_score = 0.7096
2026-02-24 04:34:07,417 Epoch 14: Train Loss 0.1050, Valid Loss 0.1154
2026-02-24 04:35:02,170 [[3708   51]
 [ 106  168]]
2026-02-24 04:35:02,173 AUC of ROC = 0.9532
2026-02-24 04:35:02,173 AUC of PRC = 0.7647
2026-02-24 04:35:02,173 min(+P, Se) = 0.6898
2026-02-24 04:35:02,174 f1_score = 0.6815
2026-02-24 04:35:02,174 Epoch 15: Train Loss 0.1046, Valid Loss 0.1097
2026-02-24 04:35:56,949 [[3710   49]
 [  93  181]]
2026-02-24 04:35:56,952 AUC of ROC = 0.9499
2026-02-24 04:35:56,953 AUC of PRC = 0.7719
2026-02-24 04:35:56,953 min(+P, Se) = 0.7044
2026-02-24 04:35:56,953 f1_score = 0.7183
2026-02-24 04:35:56,954 Epoch 16: Train Loss 0.1033, Valid Loss 0.1123
2026-02-24 04:36:51,731 [[3720   39]
 [ 100  174]]
2026-02-24 04:36:51,734 AUC of ROC = 0.9487
2026-02-24 04:36:51,734 AUC of PRC = 0.7688
2026-02-24 04:36:51,735 min(+P, Se) = 0.7236
2026-02-24 04:36:51,735 f1_score = 0.7146
2026-02-24 04:36:51,735 Epoch 17: Train Loss 0.1023, Valid Loss 0.1106
2026-02-24 04:37:46,377 [[3696   63]
 [  77  197]]
2026-02-24 04:37:46,380 AUC of ROC = 0.9523
2026-02-24 04:37:46,381 AUC of PRC = 0.7569
2026-02-24 04:37:46,381 min(+P, Se) = 0.7236
2026-02-24 04:37:46,382 f1_score = 0.7378
2026-02-24 04:37:46,382 Epoch 18: Train Loss 0.1014, Valid Loss 0.1170
2026-02-24 04:38:41,173 [[3710   49]
 [  91  183]]
2026-02-24 04:38:41,176 AUC of ROC = 0.9523
2026-02-24 04:38:41,177 AUC of PRC = 0.7773
2026-02-24 04:38:41,177 min(+P, Se) = 0.7336
2026-02-24 04:38:41,178 f1_score = 0.7233
2026-02-24 04:38:41,178 Epoch 19: Train Loss 0.0979, Valid Loss 0.1107
2026-02-24 04:38:41,179 ----- Save best model - auprc: 0.7773 -----
2026-02-24 04:39:35,764 [[3724   35]
 [ 110  164]]
2026-02-24 04:39:35,767 AUC of ROC = 0.9588
2026-02-24 04:39:35,767 AUC of PRC = 0.7709
2026-02-24 04:39:35,767 min(+P, Se) = 0.7080
2026-02-24 04:39:35,767 f1_score = 0.6934
2026-02-24 04:39:35,768 Epoch 20: Train Loss 0.0983, Valid Loss 0.1091
2026-02-24 04:40:30,429 [[3708   51]
 [ 105  169]]
2026-02-24 04:40:30,434 AUC of ROC = 0.9442
2026-02-24 04:40:30,435 AUC of PRC = 0.7276
2026-02-24 04:40:30,436 min(+P, Se) = 0.6715
2026-02-24 04:40:30,436 f1_score = 0.6842
2026-02-24 04:40:30,436 Epoch 21: Train Loss 0.0955, Valid Loss 0.1230
2026-02-24 04:41:24,688 [[3705   54]
 [  92  182]]
2026-02-24 04:41:24,691 AUC of ROC = 0.9494
2026-02-24 04:41:24,692 AUC of PRC = 0.7690
2026-02-24 04:41:24,692 min(+P, Se) = 0.7055
2026-02-24 04:41:24,692 f1_score = 0.7137
2026-02-24 04:41:24,693 Epoch 22: Train Loss 0.0937, Valid Loss 0.1140
2026-02-24 04:42:19,374 [[3690   69]
 [  87  187]]
2026-02-24 04:42:19,377 AUC of ROC = 0.9549
2026-02-24 04:42:19,377 AUC of PRC = 0.7678
2026-02-24 04:42:19,378 min(+P, Se) = 0.7007
2026-02-24 04:42:19,378 f1_score = 0.7057
2026-02-24 04:42:19,378 Epoch 23: Train Loss 0.0919, Valid Loss 0.1180
2026-02-24 04:43:14,003 [[3735   24]
 [ 116  158]]
2026-02-24 04:43:14,006 AUC of ROC = 0.9503
2026-02-24 04:43:14,007 AUC of PRC = 0.7614
2026-02-24 04:43:14,008 min(+P, Se) = 0.7007
2026-02-24 04:43:14,008 f1_score = 0.6930
2026-02-24 04:43:14,009 Epoch 24: Train Loss 0.0909, Valid Loss 0.1170
2026-02-24 04:44:08,701 [[3703   56]
 [  96  178]]
2026-02-24 04:44:08,704 AUC of ROC = 0.9558
2026-02-24 04:44:08,704 AUC of PRC = 0.7675
2026-02-24 04:44:08,704 min(+P, Se) = 0.7007
2026-02-24 04:44:08,705 f1_score = 0.7008
2026-02-24 04:44:08,705 Epoch 25: Train Loss 0.0880, Valid Loss 0.1155
2026-02-24 04:44:08,796 last saved model is in epoch 19
2026-02-24 04:44:12,100 [[3677   68]
 [ 100  189]]
2026-02-24 04:44:12,103 AUC of ROC = 0.9481
2026-02-24 04:44:12,104 AUC of PRC = 0.7641
2026-02-24 04:44:12,104 min(+P, Se) = 0.6955
2026-02-24 04:44:12,104 f1_score = 0.6923
2026-02-24 04:44:12,104 Test Loss 0.1216
