2026-03-17 10:44:14,417 {
    "dataset": "c12",
    "data_dropout": 0.0,
    "epochs": 25,
    "lr": 0.001,
    "d_model": 32,
    "seed": 42,
    "batch_size": 64,
    "dropout": 0.1,
    "save_model": true,
    "save_dir": "./export/c12\\smart-smile-lean\\seed_42",
    "local_rank": 0,
    "min_mask_ratio": 0.0,
    "max_mask_ratio": 0.75,
    "e_layers": 2,
    "n_heads": 4,
    "time_dim": 16,
    "use_film": false,
    "use_smile": false,
    "use_smile_film": false,
    "use_smile_v2": false,
    "use_smile_v2_film": false,
    "use_smile_lean": true,
    "use_smile_lean_samepretrain": false,
    "use_mnar": false,
    "save_last": false,
    "smile_no_mnar": false,
    "smile_no_curriculum": false,
    "smile_mask_type": "all",
    "smile_mnar_dropout": 0.05,
    "obs_density_window": 5
}
2026-03-17 10:44:16,043 Dataset Loaded.
2026-03-17 10:44:16,044 system_groups: {'Vital_Invasive': 3, 'Blood_Gas': 4, 'Electrolyte': 5, 'Liver_Enzyme': 6, 'CBC': 3, 'Vital_Basic': 3, 'Renal': 2, 'Coagulation': 3, 'Oxygenation': 3, 'Metabolic': 2}
2026-03-17 10:44:41,202 Epoch 1: Train Loss 4.5267, Valid Loss 1.6658, EMA Val 1.6658
2026-03-17 10:44:41,203 ----- Save best model - L1: 1.6658 -----
2026-03-17 10:45:05,919 Epoch 2: Train Loss 1.6566, Valid Loss 1.1206, EMA Val 1.5022
2026-03-17 10:45:05,920 ----- Save best model - L1: 1.5022 -----
2026-03-17 10:45:29,777 Epoch 3: Train Loss 1.1538, Valid Loss 0.8679, EMA Val 1.3119
2026-03-17 10:45:29,778 ----- Save best model - L1: 1.3119 -----
2026-03-17 10:45:54,013 Epoch 4: Train Loss 0.9420, Valid Loss 0.6933, EMA Val 1.1263
2026-03-17 10:45:54,014 ----- Save best model - L1: 1.1263 -----
2026-03-17 10:46:18,163 Epoch 5: Train Loss 0.7988, Valid Loss 0.5788, EMA Val 0.9621
2026-03-17 10:46:18,164 ----- Save best model - L1: 0.9621 -----
2026-03-17 10:46:42,031 Epoch 6: Train Loss 0.7149, Valid Loss 0.5273, EMA Val 0.8316
2026-03-17 10:46:42,033 ----- Save best model - L1: 0.8316 -----
2026-03-17 10:47:05,601 Epoch 7: Train Loss 0.6639, Valid Loss 0.4793, EMA Val 0.7259
2026-03-17 10:47:05,602 ----- Save best model - L1: 0.7259 -----
2026-03-17 10:47:29,482 Epoch 8: Train Loss 0.6268, Valid Loss 0.4366, EMA Val 0.6391
2026-03-17 10:47:29,483 ----- Save best model - L1: 0.6391 -----
2026-03-17 10:47:54,200 Epoch 9: Train Loss 0.7483, Valid Loss 0.5153, EMA Val 0.6020
2026-03-17 10:47:54,201 ----- Save best model - L1: 0.6020 -----
2026-03-17 10:48:19,863 Epoch 10: Train Loss 0.7250, Valid Loss 0.5418, EMA Val 0.5839
2026-03-17 10:48:19,865 ----- Save best model - L1: 0.5839 -----
2026-03-17 10:48:45,053 Epoch 11: Train Loss 0.7646, Valid Loss 0.5880, EMA Val 0.5851
2026-03-17 10:49:09,811 Epoch 12: Train Loss 0.7789, Valid Loss 0.5827, EMA Val 0.5844
2026-03-17 10:49:34,336 Epoch 13: Train Loss 0.8251, Valid Loss 0.6137, EMA Val 0.5932
2026-03-17 10:49:59,333 Epoch 14: Train Loss 0.8285, Valid Loss 0.6189, EMA Val 0.6009
2026-03-17 10:50:24,155 Epoch 15: Train Loss 0.8356, Valid Loss 0.6393, EMA Val 0.6124
2026-03-17 10:50:49,020 Epoch 16: Train Loss 0.8112, Valid Loss 0.6119, EMA Val 0.6122
2026-03-17 10:51:13,729 Epoch 17: Train Loss 0.8344, Valid Loss 0.7197, EMA Val 0.6445
2026-03-17 10:51:38,292 Epoch 18: Train Loss 0.8414, Valid Loss 0.6185, EMA Val 0.6367
2026-03-17 10:52:02,796 Epoch 19: Train Loss 0.8281, Valid Loss 0.6125, EMA Val 0.6294
2026-03-17 10:52:27,956 Epoch 20: Train Loss 0.8534, Valid Loss 0.6325, EMA Val 0.6304
2026-03-17 10:52:52,842 Epoch 21: Train Loss 0.8564, Valid Loss 0.6271, EMA Val 0.6294
2026-03-17 10:53:17,473 Epoch 22: Train Loss 0.8236, Valid Loss 0.6248, EMA Val 0.6280
2026-03-17 10:53:42,044 Epoch 23: Train Loss 0.8362, Valid Loss 0.6200, EMA Val 0.6256
2026-03-17 10:54:06,820 Epoch 24: Train Loss 0.8756, Valid Loss 0.6377, EMA Val 0.6292
2026-03-17 10:54:32,211 Epoch 25: Train Loss 0.8517, Valid Loss 0.6886, EMA Val 0.6470
2026-03-17 10:54:32,252 last saved model is in epoch 10
2026-03-17 10:54:34,081 Test Loss 0.5959
2026-03-17 10:54:40,470 {
    "dataset": "c12",
    "data_dropout": 0.0,
    "epochs": 25,
    "freeze_epochs": 5,
    "lr": 0.001,
    "d_model": 32,
    "seed": 42,
    "batch_size": 64,
    "dropout": 0.1,
    "save_model": true,
    "save_dir": "./export/c12\\smart-smile-lean\\seed_42",
    "local_rank": 0,
    "e_layers": 2,
    "n_heads": 4,
    "time_dim": 16,
    "use_film": false,
    "use_smile": false,
    "use_smile_film": false,
    "use_mnar": false,
    "use_smile_v2": false,
    "use_smile_v2_film": false,
    "use_smile_lean": true,
    "use_smile_lean_samepretrain": false,
    "obs_density_window": 5,
    "smile_no_mnar": false,
    "smile_no_curriculum": false,
    "smile_mask_type": "all",
    "smile_mnar_dropout": 0.05,
    "smile_mnar_dropout_initial": 0.0
}
2026-03-17 10:54:42,645 Dataset Loaded.
2026-03-17 10:54:44,394 Class weights: [0.5820587277412415, 3.546597719192505]
2026-03-17 10:54:44,435 last saved model is in epoch 10
2026-03-17 10:54:56,141 [[643 391]
 [ 24 140]]
2026-03-17 10:54:56,147 AUC of ROC = 0.7664
2026-03-17 10:54:56,147 AUC of PRC = 0.3244
2026-03-17 10:54:56,147 min(+P, Se) = 0.3554
2026-03-17 10:54:56,147 f1_score = 0.3951 (threshold = -0.5627)
2026-03-17 10:54:56,148 Epoch 1: Train Loss 0.6964, Valid Loss 0.5556
2026-03-17 10:54:56,148 ----- Save best model - auprc: 0.3244 -----
2026-03-17 10:55:07,475 [[884 150]
 [ 68  96]]
2026-03-17 10:55:07,479 AUC of ROC = 0.7951
2026-03-17 10:55:07,479 AUC of PRC = 0.3691
2026-03-17 10:55:07,479 min(+P, Se) = 0.3902
2026-03-17 10:55:07,480 f1_score = 0.4322 (threshold = -0.8825)
2026-03-17 10:55:07,480 Epoch 2: Train Loss 0.6333, Valid Loss 0.5483
2026-03-17 10:55:07,481 ----- Save best model - auprc: 0.3691 -----
2026-03-17 10:55:18,856 [[771 263]
 [ 41 123]]
2026-03-17 10:55:18,859 AUC of ROC = 0.7942
2026-03-17 10:55:18,859 AUC of PRC = 0.3310
2026-03-17 10:55:18,859 min(+P, Se) = 0.3780
2026-03-17 10:55:18,860 f1_score = 0.4342 (threshold = -0.2984)
2026-03-17 10:55:18,861 Epoch 3: Train Loss 0.6069, Valid Loss 0.5218
2026-03-17 10:55:30,083 [[849 185]
 [ 57 107]]
2026-03-17 10:55:30,086 AUC of ROC = 0.7965
2026-03-17 10:55:30,086 AUC of PRC = 0.3456
2026-03-17 10:55:30,086 min(+P, Se) = 0.3902
2026-03-17 10:55:30,087 f1_score = 0.4364 (threshold = -0.4971)
2026-03-17 10:55:30,088 Epoch 4: Train Loss 0.5984, Valid Loss 0.5079
2026-03-17 10:55:41,051 [[812 222]
 [ 42 122]]
2026-03-17 10:55:41,056 AUC of ROC = 0.8125
2026-03-17 10:55:41,057 AUC of PRC = 0.3873
2026-03-17 10:55:41,057 min(+P, Se) = 0.4096
2026-03-17 10:55:41,058 f1_score = 0.4508 (threshold = -0.0838)
2026-03-17 10:55:41,059 Epoch 5: Train Loss 0.6099, Valid Loss 0.5023
2026-03-17 10:55:41,059 ----- Save best model - auprc: 0.3873 -----
2026-03-17 10:55:58,840 [[627 407]
 [ 12 152]]
2026-03-17 10:55:58,844 AUC of ROC = 0.8514
2026-03-17 10:55:58,844 AUC of PRC = 0.4878
2026-03-17 10:55:58,844 min(+P, Se) = 0.5210
2026-03-17 10:55:58,845 f1_score = 0.5399 (threshold = 0.0481)
2026-03-17 10:55:58,845 Epoch 6: Train Loss 0.5550, Valid Loss 0.5316
2026-03-17 10:55:58,846 ----- Save best model - auprc: 0.4878 -----
2026-03-17 10:56:16,762 [[654 380]
 [ 17 147]]
2026-03-17 10:56:16,766 AUC of ROC = 0.8611
2026-03-17 10:56:16,766 AUC of PRC = 0.4999
2026-03-17 10:56:16,766 min(+P, Se) = 0.5030
2026-03-17 10:56:16,766 f1_score = 0.5433 (threshold = 0.1529)
2026-03-17 10:56:16,767 Epoch 7: Train Loss 0.5222, Valid Loss 0.5032
2026-03-17 10:56:16,768 ----- Save best model - auprc: 0.4999 -----
2026-03-17 10:56:34,643 [[628 406]
 [ 11 153]]
2026-03-17 10:56:34,647 AUC of ROC = 0.8706
2026-03-17 10:56:34,648 AUC of PRC = 0.5149
2026-03-17 10:56:34,648 min(+P, Se) = 0.5273
2026-03-17 10:56:34,648 f1_score = 0.5606 (threshold = 0.4340)
2026-03-17 10:56:34,649 Epoch 8: Train Loss 0.5080, Valid Loss 0.5148
2026-03-17 10:56:34,650 ----- Save best model - auprc: 0.5149 -----
2026-03-17 10:56:52,492 [[847 187]
 [ 41 123]]
2026-03-17 10:56:52,496 AUC of ROC = 0.8694
2026-03-17 10:56:52,496 AUC of PRC = 0.5220
2026-03-17 10:56:52,496 min(+P, Se) = 0.5152
2026-03-17 10:56:52,497 f1_score = 0.5504 (threshold = -0.2218)
2026-03-17 10:56:52,497 Epoch 9: Train Loss 0.5140, Valid Loss 0.4555
2026-03-17 10:56:52,499 ----- Save best model - auprc: 0.5220 -----
2026-03-17 10:57:10,098 [[685 349]
 [ 20 144]]
2026-03-17 10:57:10,102 AUC of ROC = 0.8673
2026-03-17 10:57:10,102 AUC of PRC = 0.5212
2026-03-17 10:57:10,102 min(+P, Se) = 0.5305
2026-03-17 10:57:10,103 f1_score = 0.5444 (threshold = 0.3958)
2026-03-17 10:57:10,103 Epoch 10: Train Loss 0.4903, Valid Loss 0.4985
2026-03-17 10:57:27,552 [[827 207]
 [ 36 128]]
2026-03-17 10:57:27,556 AUC of ROC = 0.8730
2026-03-17 10:57:27,556 AUC of PRC = 0.5313
2026-03-17 10:57:27,556 min(+P, Se) = 0.5488
2026-03-17 10:57:27,556 f1_score = 0.5605 (threshold = 0.3751)
2026-03-17 10:57:27,557 Epoch 11: Train Loss 0.4957, Valid Loss 0.4486
2026-03-17 10:57:27,559 ----- Save best model - auprc: 0.5313 -----
2026-03-17 10:57:44,903 [[797 237]
 [ 27 137]]
2026-03-17 10:57:44,908 AUC of ROC = 0.8714
2026-03-17 10:57:44,908 AUC of PRC = 0.5299
2026-03-17 10:57:44,909 min(+P, Se) = 0.5301
2026-03-17 10:57:44,909 f1_score = 0.5450 (threshold = 0.2049)
2026-03-17 10:57:44,910 Epoch 12: Train Loss 0.4802, Valid Loss 0.4515
2026-03-17 10:58:02,255 [[738 296]
 [ 23 141]]
2026-03-17 10:58:02,260 AUC of ROC = 0.8773
2026-03-17 10:58:02,260 AUC of PRC = 0.5540
2026-03-17 10:58:02,260 min(+P, Se) = 0.5515
2026-03-17 10:58:02,261 f1_score = 0.5794 (threshold = 0.2144)
2026-03-17 10:58:02,262 Epoch 13: Train Loss 0.4772, Valid Loss 0.4572
2026-03-17 10:58:02,263 ----- Save best model - auprc: 0.5540 -----
2026-03-17 10:58:19,714 [[905 129]
 [ 49 115]]
2026-03-17 10:58:19,717 AUC of ROC = 0.8799
2026-03-17 10:58:19,718 AUC of PRC = 0.5530
2026-03-17 10:58:19,718 min(+P, Se) = 0.5610
2026-03-17 10:58:19,719 f1_score = 0.5690 (threshold = 0.1301)
2026-03-17 10:58:19,719 Epoch 14: Train Loss 0.4757, Valid Loss 0.4555
2026-03-17 10:58:37,122 [[754 280]
 [ 22 142]]
2026-03-17 10:58:37,125 AUC of ROC = 0.8778
2026-03-17 10:58:37,126 AUC of PRC = 0.5495
2026-03-17 10:58:37,126 min(+P, Se) = 0.5329
2026-03-17 10:58:37,126 f1_score = 0.5842 (threshold = 0.4391)
2026-03-17 10:58:37,127 Epoch 15: Train Loss 0.4694, Valid Loss 0.4521
2026-03-17 10:58:54,526 [[883 151]
 [ 46 118]]
2026-03-17 10:58:54,530 AUC of ROC = 0.8782
2026-03-17 10:58:54,530 AUC of PRC = 0.5514
2026-03-17 10:58:54,530 min(+P, Se) = 0.5568
2026-03-17 10:58:54,531 f1_score = 0.5852 (threshold = 0.1595)
2026-03-17 10:58:54,531 Epoch 16: Train Loss 0.4640, Valid Loss 0.4475
2026-03-17 10:59:11,927 [[749 285]
 [ 26 138]]
2026-03-17 10:59:11,931 AUC of ROC = 0.8735
2026-03-17 10:59:11,931 AUC of PRC = 0.5456
2026-03-17 10:59:11,932 min(+P, Se) = 0.5427
2026-03-17 10:59:11,932 f1_score = 0.5736 (threshold = 0.4224)
2026-03-17 10:59:11,932 Epoch 17: Train Loss 0.4598, Valid Loss 0.4555
2026-03-17 10:59:29,364 [[780 254]
 [ 27 137]]
2026-03-17 10:59:29,367 AUC of ROC = 0.8821
2026-03-17 10:59:29,368 AUC of PRC = 0.5636
2026-03-17 10:59:29,368 min(+P, Se) = 0.5749
2026-03-17 10:59:29,368 f1_score = 0.5922 (threshold = 0.3825)
2026-03-17 10:59:29,369 Epoch 18: Train Loss 0.4632, Valid Loss 0.4370
2026-03-17 10:59:29,370 ----- Save best model - auprc: 0.5636 -----
2026-03-17 10:59:46,853 [[832 202]
 [ 35 129]]
2026-03-17 10:59:46,857 AUC of ROC = 0.8818
2026-03-17 10:59:46,857 AUC of PRC = 0.5653
2026-03-17 10:59:46,858 min(+P, Se) = 0.5543
2026-03-17 10:59:46,858 f1_score = 0.5876 (threshold = 0.3300)
2026-03-17 10:59:46,858 Epoch 19: Train Loss 0.4529, Valid Loss 0.4341
2026-03-17 10:59:46,859 ----- Save best model - auprc: 0.5653 -----
2026-03-17 11:00:04,311 [[792 242]
 [ 28 136]]
2026-03-17 11:00:04,315 AUC of ROC = 0.8826
2026-03-17 11:00:04,315 AUC of PRC = 0.5686
2026-03-17 11:00:04,315 min(+P, Se) = 0.5503
2026-03-17 11:00:04,315 f1_score = 0.5930 (threshold = 0.3838)
2026-03-17 11:00:04,316 Epoch 20: Train Loss 0.4503, Valid Loss 0.4357
2026-03-17 11:00:04,317 ----- Save best model - auprc: 0.5686 -----
2026-03-17 11:00:21,666 [[799 235]
 [ 28 136]]
2026-03-17 11:00:21,670 AUC of ROC = 0.8813
2026-03-17 11:00:21,671 AUC of PRC = 0.5613
2026-03-17 11:00:21,671 min(+P, Se) = 0.5588
2026-03-17 11:00:21,671 f1_score = 0.5829 (threshold = 0.4189)
2026-03-17 11:00:21,671 Epoch 21: Train Loss 0.4493, Valid Loss 0.4370
2026-03-17 11:00:39,105 [[807 227]
 [ 29 135]]
2026-03-17 11:00:39,108 AUC of ROC = 0.8810
2026-03-17 11:00:39,109 AUC of PRC = 0.5618
2026-03-17 11:00:39,109 min(+P, Se) = 0.5568
2026-03-17 11:00:39,109 f1_score = 0.5938 (threshold = 0.4117)
2026-03-17 11:00:39,110 Epoch 22: Train Loss 0.4460, Valid Loss 0.4348
2026-03-17 11:00:56,550 [[787 247]
 [ 28 136]]
2026-03-17 11:00:56,553 AUC of ROC = 0.8815
2026-03-17 11:00:56,554 AUC of PRC = 0.5637
2026-03-17 11:00:56,554 min(+P, Se) = 0.5593
2026-03-17 11:00:56,554 f1_score = 0.5899 (threshold = 0.4921)
2026-03-17 11:00:56,555 Epoch 23: Train Loss 0.4457, Valid Loss 0.4382
2026-03-17 11:01:13,944 [[802 232]
 [ 29 135]]
2026-03-17 11:01:13,948 AUC of ROC = 0.8814
2026-03-17 11:01:13,948 AUC of PRC = 0.5632
2026-03-17 11:01:13,949 min(+P, Se) = 0.5536
2026-03-17 11:01:13,949 f1_score = 0.5899 (threshold = 0.4286)
2026-03-17 11:01:13,949 Epoch 24: Train Loss 0.4425, Valid Loss 0.4351
2026-03-17 11:01:31,349 [[795 239]
 [ 29 135]]
2026-03-17 11:01:31,352 AUC of ROC = 0.8812
2026-03-17 11:01:31,353 AUC of PRC = 0.5633
2026-03-17 11:01:31,353 min(+P, Se) = 0.5556
2026-03-17 11:01:31,353 f1_score = 0.5886 (threshold = 0.4680)
2026-03-17 11:01:31,354 Epoch 25: Train Loss 0.4404, Valid Loss 0.4362
2026-03-17 11:01:31,370 last saved model is in epoch 20
2026-03-17 11:01:32,516 [[787 222]
 [ 41 150]]
2026-03-17 11:01:32,519 AUC of ROC = 0.8532
2026-03-17 11:01:32,519 AUC of PRC = 0.5492
2026-03-17 11:01:32,520 min(+P, Se) = 0.5288
2026-03-17 11:01:32,520 f1_score = 0.5613 (threshold = 0.0742)
2026-03-17 11:01:32,520 Test Loss 0.4773
2026-03-18 18:52:31,934 {
    "dataset": "c12",
    "data_dropout": 0.0,
    "epochs": 25,
    "freeze_epochs": 5,
    "lr": 0.001,
    "d_model": 32,
    "seed": 42,
    "batch_size": 64,
    "dropout": 0.1,
    "save_model": true,
    "save_dir": "./export/c12\\smart-smile-lean\\seed_42",
    "local_rank": 0,
    "e_layers": 2,
    "n_heads": 4,
    "time_dim": 16,
    "use_film": false,
    "use_smile": false,
    "use_smile_film": false,
    "use_mnar": false,
    "use_smile_v2": false,
    "use_smile_v2_film": false,
    "use_smile_lean": true,
    "use_smile_lean_samepretrain": false,
    "obs_density_window": 5,
    "smile_no_mnar": false,
    "smile_no_curriculum": false,
    "smile_mask_type": "all",
    "smile_mnar_dropout": 0.05,
    "smile_mnar_dropout_initial": 0.0
}
2026-03-18 18:52:33,090 Dataset Loaded.
2026-03-18 18:52:33,787 Class weights: [0.5820587277412415, 3.546597719192505]
2026-03-18 18:52:33,806 last saved model is in epoch 10
2026-03-18 18:52:45,408 [[643 391]
 [ 24 140]]
2026-03-18 18:52:45,412 AUC of ROC = 0.7664
2026-03-18 18:52:45,412 AUC of PRC = 0.3244
2026-03-18 18:52:45,412 min(+P, Se) = 0.3554
2026-03-18 18:52:45,412 f1_score = 0.3951 (threshold = -0.5627)
2026-03-18 18:52:45,412 Epoch 1: Train Loss 0.6964, Valid Loss 0.5556
2026-03-18 18:52:45,413 ----- Save best model - auprc: 0.3244 -----
2026-03-18 18:52:55,379 [[884 150]
 [ 68  96]]
2026-03-18 18:52:55,381 AUC of ROC = 0.7951
2026-03-18 18:52:55,381 AUC of PRC = 0.3691
2026-03-18 18:52:55,382 min(+P, Se) = 0.3902
2026-03-18 18:52:55,382 f1_score = 0.4322 (threshold = -0.8825)
2026-03-18 18:52:55,382 Epoch 2: Train Loss 0.6333, Valid Loss 0.5483
2026-03-18 18:52:55,383 ----- Save best model - auprc: 0.3691 -----
2026-03-18 18:53:05,384 [[771 263]
 [ 41 123]]
2026-03-18 18:53:05,386 AUC of ROC = 0.7942
2026-03-18 18:53:05,386 AUC of PRC = 0.3310
2026-03-18 18:53:05,387 min(+P, Se) = 0.3780
2026-03-18 18:53:05,387 f1_score = 0.4342 (threshold = -0.2984)
2026-03-18 18:53:05,387 Epoch 3: Train Loss 0.6069, Valid Loss 0.5218
2026-03-18 18:53:15,361 [[849 185]
 [ 57 107]]
2026-03-18 18:53:15,363 AUC of ROC = 0.7965
2026-03-18 18:53:15,364 AUC of PRC = 0.3456
2026-03-18 18:53:15,364 min(+P, Se) = 0.3902
2026-03-18 18:53:15,364 f1_score = 0.4364 (threshold = -0.4971)
2026-03-18 18:53:15,364 Epoch 4: Train Loss 0.5984, Valid Loss 0.5079
2026-03-18 18:53:25,234 [[812 222]
 [ 42 122]]
2026-03-18 18:53:25,236 AUC of ROC = 0.8125
2026-03-18 18:53:25,236 AUC of PRC = 0.3873
2026-03-18 18:53:25,236 min(+P, Se) = 0.4096
2026-03-18 18:53:25,237 f1_score = 0.4508 (threshold = -0.0838)
2026-03-18 18:53:25,237 Epoch 5: Train Loss 0.6099, Valid Loss 0.5023
2026-03-18 18:53:25,237 ----- Save best model - auprc: 0.3873 -----
2026-03-18 18:53:42,936 [[627 407]
 [ 12 152]]
2026-03-18 18:53:42,938 AUC of ROC = 0.8514
2026-03-18 18:53:42,939 AUC of PRC = 0.4878
2026-03-18 18:53:42,939 min(+P, Se) = 0.5210
2026-03-18 18:53:42,939 f1_score = 0.5399 (threshold = 0.0481)
2026-03-18 18:53:42,939 Epoch 6: Train Loss 0.5550, Valid Loss 0.5316
2026-03-18 18:53:42,939 ----- Save best model - auprc: 0.4878 -----
2026-03-18 18:54:00,931 [[654 380]
 [ 17 147]]
2026-03-18 18:54:00,939 AUC of ROC = 0.8611
2026-03-18 18:54:00,939 AUC of PRC = 0.4999
2026-03-18 18:54:00,939 min(+P, Se) = 0.5030
2026-03-18 18:54:00,940 f1_score = 0.5433 (threshold = 0.1529)
2026-03-18 18:54:00,940 Epoch 7: Train Loss 0.5222, Valid Loss 0.5032
2026-03-18 18:54:00,940 ----- Save best model - auprc: 0.4999 -----
2026-03-18 18:54:20,098 [[628 406]
 [ 11 153]]
2026-03-18 18:54:20,101 AUC of ROC = 0.8706
2026-03-18 18:54:20,101 AUC of PRC = 0.5149
2026-03-18 18:54:20,101 min(+P, Se) = 0.5273
2026-03-18 18:54:20,101 f1_score = 0.5606 (threshold = 0.4340)
2026-03-18 18:54:20,101 Epoch 8: Train Loss 0.5080, Valid Loss 0.5148
2026-03-18 18:54:20,102 ----- Save best model - auprc: 0.5149 -----
2026-03-18 18:54:39,912 [[847 187]
 [ 41 123]]
2026-03-18 18:54:39,914 AUC of ROC = 0.8694
2026-03-18 18:54:39,914 AUC of PRC = 0.5220
2026-03-18 18:54:39,915 min(+P, Se) = 0.5152
2026-03-18 18:54:39,915 f1_score = 0.5504 (threshold = -0.2218)
2026-03-18 18:54:39,916 Epoch 9: Train Loss 0.5140, Valid Loss 0.4555
2026-03-18 18:54:39,916 ----- Save best model - auprc: 0.5220 -----
2026-03-18 18:54:57,552 [[685 349]
 [ 20 144]]
2026-03-18 18:54:57,554 AUC of ROC = 0.8673
2026-03-18 18:54:57,554 AUC of PRC = 0.5212
2026-03-18 18:54:57,554 min(+P, Se) = 0.5305
2026-03-18 18:54:57,554 f1_score = 0.5444 (threshold = 0.3958)
2026-03-18 18:54:57,554 Epoch 10: Train Loss 0.4903, Valid Loss 0.4985
2026-03-18 18:55:14,914 [[827 207]
 [ 36 128]]
2026-03-18 18:55:14,917 AUC of ROC = 0.8730
2026-03-18 18:55:14,917 AUC of PRC = 0.5313
2026-03-18 18:55:14,917 min(+P, Se) = 0.5488
2026-03-18 18:55:14,917 f1_score = 0.5605 (threshold = 0.3751)
2026-03-18 18:55:14,918 Epoch 11: Train Loss 0.4957, Valid Loss 0.4486
2026-03-18 18:55:14,918 ----- Save best model - auprc: 0.5313 -----
2026-03-18 18:55:32,111 [[797 237]
 [ 27 137]]
2026-03-18 18:55:32,113 AUC of ROC = 0.8714
2026-03-18 18:55:32,113 AUC of PRC = 0.5299
2026-03-18 18:55:32,113 min(+P, Se) = 0.5301
2026-03-18 18:55:32,113 f1_score = 0.5450 (threshold = 0.2049)
2026-03-18 18:55:32,113 Epoch 12: Train Loss 0.4802, Valid Loss 0.4515
2026-03-18 18:55:49,272 [[738 296]
 [ 23 141]]
2026-03-18 18:55:49,274 AUC of ROC = 0.8773
2026-03-18 18:55:49,274 AUC of PRC = 0.5540
2026-03-18 18:55:49,274 min(+P, Se) = 0.5515
2026-03-18 18:55:49,274 f1_score = 0.5794 (threshold = 0.2144)
2026-03-18 18:55:49,275 Epoch 13: Train Loss 0.4772, Valid Loss 0.4572
2026-03-18 18:55:49,275 ----- Save best model - auprc: 0.5540 -----
2026-03-18 18:56:06,674 [[905 129]
 [ 49 115]]
2026-03-18 18:56:06,682 AUC of ROC = 0.8799
2026-03-18 18:56:06,682 AUC of PRC = 0.5530
2026-03-18 18:56:06,682 min(+P, Se) = 0.5610
2026-03-18 18:56:06,682 f1_score = 0.5690 (threshold = 0.1301)
2026-03-18 18:56:06,682 Epoch 14: Train Loss 0.4757, Valid Loss 0.4555
2026-03-18 18:56:24,018 [[754 280]
 [ 22 142]]
2026-03-18 18:56:24,020 AUC of ROC = 0.8778
2026-03-18 18:56:24,020 AUC of PRC = 0.5495
2026-03-18 18:56:24,020 min(+P, Se) = 0.5329
2026-03-18 18:56:24,020 f1_score = 0.5842 (threshold = 0.4391)
2026-03-18 18:56:24,021 Epoch 15: Train Loss 0.4694, Valid Loss 0.4521
2026-03-18 18:56:41,215 [[883 151]
 [ 46 118]]
2026-03-18 18:56:41,217 AUC of ROC = 0.8782
2026-03-18 18:56:41,217 AUC of PRC = 0.5514
2026-03-18 18:56:41,217 min(+P, Se) = 0.5568
2026-03-18 18:56:41,217 f1_score = 0.5852 (threshold = 0.1595)
2026-03-18 18:56:41,217 Epoch 16: Train Loss 0.4640, Valid Loss 0.4475
2026-03-18 18:56:59,944 [[749 285]
 [ 26 138]]
2026-03-18 18:56:59,946 AUC of ROC = 0.8735
2026-03-18 18:56:59,946 AUC of PRC = 0.5456
2026-03-18 18:56:59,946 min(+P, Se) = 0.5427
2026-03-18 18:56:59,946 f1_score = 0.5736 (threshold = 0.4224)
2026-03-18 18:56:59,946 Epoch 17: Train Loss 0.4598, Valid Loss 0.4555
2026-03-18 18:57:19,257 [[780 254]
 [ 27 137]]
2026-03-18 18:57:19,258 AUC of ROC = 0.8821
2026-03-18 18:57:19,259 AUC of PRC = 0.5636
2026-03-18 18:57:19,259 min(+P, Se) = 0.5749
2026-03-18 18:57:19,259 f1_score = 0.5922 (threshold = 0.3825)
2026-03-18 18:57:19,260 Epoch 18: Train Loss 0.4632, Valid Loss 0.4370
2026-03-18 18:57:19,260 ----- Save best model - auprc: 0.5636 -----
2026-03-18 18:57:39,764 [[832 202]
 [ 35 129]]
2026-03-18 18:57:39,766 AUC of ROC = 0.8818
2026-03-18 18:57:39,767 AUC of PRC = 0.5653
2026-03-18 18:57:39,767 min(+P, Se) = 0.5543
2026-03-18 18:57:39,767 f1_score = 0.5876 (threshold = 0.3300)
2026-03-18 18:57:39,767 Epoch 19: Train Loss 0.4529, Valid Loss 0.4341
2026-03-18 18:57:39,768 ----- Save best model - auprc: 0.5653 -----
2026-03-18 18:57:58,298 [[792 242]
 [ 28 136]]
2026-03-18 18:57:58,300 AUC of ROC = 0.8826
2026-03-18 18:57:58,300 AUC of PRC = 0.5686
2026-03-18 18:57:58,301 min(+P, Se) = 0.5503
2026-03-18 18:57:58,301 f1_score = 0.5930 (threshold = 0.3838)
2026-03-18 18:57:58,301 Epoch 20: Train Loss 0.4503, Valid Loss 0.4357
2026-03-18 18:57:58,301 ----- Save best model - auprc: 0.5686 -----
2026-03-18 18:58:16,824 [[799 235]
 [ 28 136]]
2026-03-18 18:58:16,826 AUC of ROC = 0.8813
2026-03-18 18:58:16,826 AUC of PRC = 0.5613
2026-03-18 18:58:16,826 min(+P, Se) = 0.5588
2026-03-18 18:58:16,826 f1_score = 0.5829 (threshold = 0.4189)
2026-03-18 18:58:16,826 Epoch 21: Train Loss 0.4493, Valid Loss 0.4370
2026-03-18 18:58:35,362 [[807 227]
 [ 29 135]]
2026-03-18 18:58:35,364 AUC of ROC = 0.8810
2026-03-18 18:58:35,364 AUC of PRC = 0.5618
2026-03-18 18:58:35,364 min(+P, Se) = 0.5568
2026-03-18 18:58:35,364 f1_score = 0.5938 (threshold = 0.4117)
2026-03-18 18:58:35,364 Epoch 22: Train Loss 0.4460, Valid Loss 0.4348
2026-03-18 18:58:54,179 [[787 247]
 [ 28 136]]
2026-03-18 18:58:54,188 AUC of ROC = 0.8815
2026-03-18 18:58:54,188 AUC of PRC = 0.5637
2026-03-18 18:58:54,188 min(+P, Se) = 0.5593
2026-03-18 18:58:54,188 f1_score = 0.5899 (threshold = 0.4921)
2026-03-18 18:58:54,189 Epoch 23: Train Loss 0.4457, Valid Loss 0.4382
2026-03-18 18:59:12,918 [[802 232]
 [ 29 135]]
2026-03-18 18:59:12,920 AUC of ROC = 0.8814
2026-03-18 18:59:12,920 AUC of PRC = 0.5632
2026-03-18 18:59:12,920 min(+P, Se) = 0.5536
2026-03-18 18:59:12,921 f1_score = 0.5899 (threshold = 0.4286)
2026-03-18 18:59:12,921 Epoch 24: Train Loss 0.4425, Valid Loss 0.4351
2026-03-18 18:59:31,070 [[795 239]
 [ 29 135]]
2026-03-18 18:59:31,072 AUC of ROC = 0.8812
2026-03-18 18:59:31,073 AUC of PRC = 0.5633
2026-03-18 18:59:31,073 min(+P, Se) = 0.5556
2026-03-18 18:59:31,073 f1_score = 0.5886 (threshold = 0.4680)
2026-03-18 18:59:31,073 Epoch 25: Train Loss 0.4404, Valid Loss 0.4362
2026-03-18 18:59:31,092 last saved model is in epoch 20
2026-03-18 18:59:32,073 [[787 222]
 [ 41 150]]
2026-03-18 18:59:32,074 AUC of ROC = 0.8532
2026-03-18 18:59:32,075 AUC of PRC = 0.5492
2026-03-18 18:59:32,075 min(+P, Se) = 0.5288
2026-03-18 18:59:32,075 f1_score = 0.5613 (threshold = 0.0742)
2026-03-18 18:59:32,075 Test Loss 0.4773
2026-03-18 21:45:38,096 {
    "dataset": "c12",
    "data_dropout": 0.0,
    "epochs": 25,
    "freeze_epochs": 5,
    "lr": 0.001,
    "d_model": 32,
    "seed": 42,
    "batch_size": 64,
    "dropout": 0.1,
    "save_model": true,
    "save_dir": "./export/c12\\smart-smile-lean\\seed_42",
    "pretrain_dir": "./export/c12/smart-smile-lean-pmae/seed_42",
    "local_rank": 0,
    "e_layers": 2,
    "n_heads": 4,
    "time_dim": 16,
    "use_film": false,
    "use_smile": false,
    "use_smile_film": false,
    "use_mnar": false,
    "use_smile_v2": false,
    "use_smile_v2_film": false,
    "use_smile_lean": true,
    "use_smile_lean_samepretrain": false,
    "obs_density_window": 5,
    "smile_no_mnar": false,
    "smile_no_curriculum": false,
    "smile_mask_type": "all",
    "smile_mnar_dropout": 0.05,
    "smile_mnar_dropout_initial": 0.0
}
2026-03-18 21:45:39,584 Dataset Loaded.
2026-03-18 21:45:40,478 Class weights: [0.5820587277412415, 3.546597719192505]
2026-03-18 21:45:40,497 last saved model is in epoch 22
2026-03-18 21:45:49,055 [[621 413]
 [ 21 143]]
2026-03-18 21:45:49,059 AUC of ROC = 0.8067
2026-03-18 21:45:49,059 AUC of PRC = 0.3931
2026-03-18 21:45:49,059 min(+P, Se) = 0.3918
2026-03-18 21:45:49,059 f1_score = 0.4444 (threshold = -0.4627)
2026-03-18 21:45:49,059 Epoch 1: Train Loss 0.6825, Valid Loss 0.5532
2026-03-18 21:45:49,060 ----- Save best model - auprc: 0.3931 -----
2026-03-18 21:45:57,194 [[899 135]
 [ 73  91]]
2026-03-18 21:45:57,196 AUC of ROC = 0.8156
2026-03-18 21:45:57,197 AUC of PRC = 0.4240
2026-03-18 21:45:57,197 min(+P, Se) = 0.4277
2026-03-18 21:45:57,197 f1_score = 0.4629 (threshold = -0.7348)
2026-03-18 21:45:57,197 Epoch 2: Train Loss 0.6307, Valid Loss 0.5441
2026-03-18 21:45:57,197 ----- Save best model - auprc: 0.4240 -----
2026-03-18 21:46:05,355 [[817 217]
 [ 50 114]]
2026-03-18 21:46:05,357 AUC of ROC = 0.8178
2026-03-18 21:46:05,358 AUC of PRC = 0.4049
2026-03-18 21:46:05,358 min(+P, Se) = 0.4146
2026-03-18 21:46:05,358 f1_score = 0.4659 (threshold = -0.4009)
2026-03-18 21:46:05,358 Epoch 3: Train Loss 0.6097, Valid Loss 0.5192
2026-03-18 21:46:13,581 [[856 178]
 [ 60 104]]
2026-03-18 21:46:13,583 AUC of ROC = 0.8239
2026-03-18 21:46:13,583 AUC of PRC = 0.4290
2026-03-18 21:46:13,583 min(+P, Se) = 0.4551
2026-03-18 21:46:13,583 f1_score = 0.4683 (threshold = -0.3322)
2026-03-18 21:46:13,583 Epoch 4: Train Loss 0.5982, Valid Loss 0.5135
2026-03-18 21:46:13,584 ----- Save best model - auprc: 0.4290 -----
2026-03-18 21:46:21,794 [[788 246]
 [ 39 125]]
2026-03-18 21:46:21,795 AUC of ROC = 0.8312
2026-03-18 21:46:21,796 AUC of PRC = 0.4503
2026-03-18 21:46:21,796 min(+P, Se) = 0.4329
2026-03-18 21:46:21,796 f1_score = 0.4714 (threshold = -0.2451)
2026-03-18 21:46:21,796 Epoch 5: Train Loss 0.6110, Valid Loss 0.5030
2026-03-18 21:46:21,796 ----- Save best model - auprc: 0.4503 -----
2026-03-18 21:46:36,558 [[621 413]
 [ 14 150]]
2026-03-18 21:46:36,560 AUC of ROC = 0.8536
2026-03-18 21:46:36,560 AUC of PRC = 0.5162
2026-03-18 21:46:36,560 min(+P, Se) = 0.5407
2026-03-18 21:46:36,560 f1_score = 0.5536 (threshold = 0.6135)
2026-03-18 21:46:36,560 Epoch 6: Train Loss 0.5469, Valid Loss 0.5304
2026-03-18 21:46:36,561 ----- Save best model - auprc: 0.5162 -----
2026-03-18 21:46:51,388 [[702 332]
 [ 16 148]]
2026-03-18 21:46:51,390 AUC of ROC = 0.8719
2026-03-18 21:46:51,390 AUC of PRC = 0.5473
2026-03-18 21:46:51,390 min(+P, Se) = 0.5291
2026-03-18 21:46:51,390 f1_score = 0.5417 (threshold = 0.5192)
2026-03-18 21:46:51,391 Epoch 7: Train Loss 0.5199, Valid Loss 0.4714
2026-03-18 21:46:51,391 ----- Save best model - auprc: 0.5473 -----
2026-03-18 21:47:06,221 [[623 411]
 [  9 155]]
2026-03-18 21:47:06,222 AUC of ROC = 0.8646
2026-03-18 21:47:06,223 AUC of PRC = 0.5377
2026-03-18 21:47:06,223 min(+P, Se) = 0.5488
2026-03-18 21:47:06,223 f1_score = 0.5515 (threshold = 0.3166)
2026-03-18 21:47:06,223 Epoch 8: Train Loss 0.4998, Valid Loss 0.5130
2026-03-18 21:47:21,032 [[835 199]
 [ 38 126]]
2026-03-18 21:47:21,033 AUC of ROC = 0.8754
2026-03-18 21:47:21,034 AUC of PRC = 0.5703
2026-03-18 21:47:21,034 min(+P, Se) = 0.5244
2026-03-18 21:47:21,034 f1_score = 0.5572 (threshold = -0.2608)
2026-03-18 21:47:21,034 Epoch 9: Train Loss 0.5052, Valid Loss 0.4389
2026-03-18 21:47:21,035 ----- Save best model - auprc: 0.5703 -----
2026-03-18 21:47:35,899 [[714 320]
 [ 21 143]]
2026-03-18 21:47:35,900 AUC of ROC = 0.8673
2026-03-18 21:47:35,901 AUC of PRC = 0.5464
2026-03-18 21:47:35,901 min(+P, Se) = 0.5449
2026-03-18 21:47:35,901 f1_score = 0.5628 (threshold = 0.5036)
2026-03-18 21:47:35,901 Epoch 10: Train Loss 0.4815, Valid Loss 0.4801
2026-03-18 21:47:50,833 [[785 249]
 [ 27 137]]
2026-03-18 21:47:50,835 AUC of ROC = 0.8756
2026-03-18 21:47:50,835 AUC of PRC = 0.5599
2026-03-18 21:47:50,836 min(+P, Se) = 0.5449
2026-03-18 21:47:50,836 f1_score = 0.5632 (threshold = 0.4275)
2026-03-18 21:47:50,836 Epoch 11: Train Loss 0.4895, Valid Loss 0.4411
2026-03-18 21:48:05,728 [[795 239]
 [ 30 134]]
2026-03-18 21:48:05,729 AUC of ROC = 0.8746
2026-03-18 21:48:05,730 AUC of PRC = 0.5595
2026-03-18 21:48:05,730 min(+P, Se) = 0.5542
2026-03-18 21:48:05,730 f1_score = 0.5738 (threshold = 0.3746)
2026-03-18 21:48:05,730 Epoch 12: Train Loss 0.4769, Valid Loss 0.4435
2026-03-18 21:48:20,600 [[733 301]
 [ 20 144]]
2026-03-18 21:48:20,602 AUC of ROC = 0.8802
2026-03-18 21:48:20,602 AUC of PRC = 0.5639
2026-03-18 21:48:20,602 min(+P, Se) = 0.5488
2026-03-18 21:48:20,602 f1_score = 0.5685 (threshold = 0.4011)
2026-03-18 21:48:20,602 Epoch 13: Train Loss 0.4749, Valid Loss 0.4511
2026-03-18 21:48:35,550 [[885 149]
 [ 48 116]]
2026-03-18 21:48:35,552 AUC of ROC = 0.8829
2026-03-18 21:48:35,552 AUC of PRC = 0.5828
2026-03-18 21:48:35,552 min(+P, Se) = 0.5488
2026-03-18 21:48:35,552 f1_score = 0.5766 (threshold = -0.0329)
2026-03-18 21:48:35,553 Epoch 14: Train Loss 0.4666, Valid Loss 0.4381
2026-03-18 21:48:35,553 ----- Save best model - auprc: 0.5828 -----
2026-03-18 21:48:50,545 [[774 260]
 [ 23 141]]
2026-03-18 21:48:50,547 AUC of ROC = 0.8825
2026-03-18 21:48:50,547 AUC of PRC = 0.5808
2026-03-18 21:48:50,547 min(+P, Se) = 0.5758
2026-03-18 21:48:50,547 f1_score = 0.5775 (threshold = 0.6200)
2026-03-18 21:48:50,548 Epoch 15: Train Loss 0.4611, Valid Loss 0.4367
2026-03-18 21:49:05,520 [[889 145]
 [ 52 112]]
2026-03-18 21:49:05,522 AUC of ROC = 0.8780
2026-03-18 21:49:05,522 AUC of PRC = 0.5691
2026-03-18 21:49:05,522 min(+P, Se) = 0.5497
2026-03-18 21:49:05,522 f1_score = 0.5659 (threshold = 0.2481)
2026-03-18 21:49:05,523 Epoch 16: Train Loss 0.4558, Valid Loss 0.4461
2026-03-18 21:49:20,473 [[725 309]
 [ 21 143]]
2026-03-18 21:49:20,474 AUC of ROC = 0.8768
2026-03-18 21:49:20,474 AUC of PRC = 0.5666
2026-03-18 21:49:20,474 min(+P, Se) = 0.5749
2026-03-18 21:49:20,475 f1_score = 0.5801 (threshold = 0.7833)
2026-03-18 21:49:20,475 Epoch 17: Train Loss 0.4486, Valid Loss 0.4578
2026-03-18 21:49:35,496 [[786 248]
 [ 26 138]]
2026-03-18 21:49:35,498 AUC of ROC = 0.8853
2026-03-18 21:49:35,498 AUC of PRC = 0.5855
2026-03-18 21:49:35,498 min(+P, Se) = 0.5549
2026-03-18 21:49:35,498 f1_score = 0.5836 (threshold = 0.3320)
2026-03-18 21:49:35,499 Epoch 18: Train Loss 0.4542, Valid Loss 0.4287
2026-03-18 21:49:35,499 ----- Save best model - auprc: 0.5855 -----
2026-03-18 21:49:50,469 [[817 217]
 [ 32 132]]
2026-03-18 21:49:50,471 AUC of ROC = 0.8820
2026-03-18 21:49:50,472 AUC of PRC = 0.5818
2026-03-18 21:49:50,472 min(+P, Se) = 0.5455
2026-03-18 21:49:50,472 f1_score = 0.5739 (threshold = 0.3474)
2026-03-18 21:49:50,472 Epoch 19: Train Loss 0.4426, Valid Loss 0.4263
2026-03-18 21:50:05,509 [[775 259]
 [ 21 143]]
2026-03-18 21:50:05,510 AUC of ROC = 0.8844
2026-03-18 21:50:05,511 AUC of PRC = 0.5789
2026-03-18 21:50:05,511 min(+P, Se) = 0.5515
2026-03-18 21:50:05,511 f1_score = 0.5723 (threshold = 0.5403)
2026-03-18 21:50:05,511 Epoch 20: Train Loss 0.4385, Valid Loss 0.4313
2026-03-18 21:50:20,518 [[796 238]
 [ 28 136]]
2026-03-18 21:50:20,520 AUC of ROC = 0.8831
2026-03-18 21:50:20,521 AUC of PRC = 0.5758
2026-03-18 21:50:20,521 min(+P, Se) = 0.5394
2026-03-18 21:50:20,521 f1_score = 0.5722 (threshold = 0.4712)
2026-03-18 21:50:20,521 Epoch 21: Train Loss 0.4382, Valid Loss 0.4286
2026-03-18 21:50:35,503 [[806 228]
 [ 30 134]]
2026-03-18 21:50:35,504 AUC of ROC = 0.8835
2026-03-18 21:50:35,505 AUC of PRC = 0.5750
2026-03-18 21:50:35,505 min(+P, Se) = 0.5536
2026-03-18 21:50:35,505 f1_score = 0.5698 (threshold = 0.4628)
2026-03-18 21:50:35,505 Epoch 22: Train Loss 0.4350, Valid Loss 0.4270
2026-03-18 21:50:50,693 [[782 252]
 [ 23 141]]
2026-03-18 21:50:50,695 AUC of ROC = 0.8848
2026-03-18 21:50:50,695 AUC of PRC = 0.5767
2026-03-18 21:50:50,695 min(+P, Se) = 0.5543
2026-03-18 21:50:50,695 f1_score = 0.5723 (threshold = 0.6502)
2026-03-18 21:50:50,695 Epoch 23: Train Loss 0.4371, Valid Loss 0.4310
2026-03-18 21:51:06,110 [[805 229]
 [ 28 136]]
2026-03-18 21:51:06,112 AUC of ROC = 0.8854
2026-03-18 21:51:06,112 AUC of PRC = 0.5782
2026-03-18 21:51:06,112 min(+P, Se) = 0.5488
2026-03-18 21:51:06,113 f1_score = 0.5677 (threshold = 0.4068)
2026-03-18 21:51:06,113 Epoch 24: Train Loss 0.4382, Valid Loss 0.4261
2026-03-18 21:51:21,640 [[799 235]
 [ 25 139]]
2026-03-18 21:51:21,642 AUC of ROC = 0.8850
2026-03-18 21:51:21,642 AUC of PRC = 0.5771
2026-03-18 21:51:21,642 min(+P, Se) = 0.5515
2026-03-18 21:51:21,642 f1_score = 0.5689 (threshold = 0.5616)
2026-03-18 21:51:21,643 Epoch 25: Train Loss 0.4290, Valid Loss 0.4269
2026-03-18 21:51:21,667 last saved model is in epoch 18
2026-03-18 21:51:22,590 [[782 227]
 [ 38 153]]
2026-03-18 21:51:22,592 AUC of ROC = 0.8527
2026-03-18 21:51:22,592 AUC of PRC = 0.5673
2026-03-18 21:51:22,593 min(+P, Se) = 0.5285
2026-03-18 21:51:22,593 f1_score = 0.5556 (threshold = 0.1522)
2026-03-18 21:51:22,593 Test Loss 0.4753
2026-03-23 22:17:22,598 {
    "dataset": "c12",
    "data_dropout": 0.0,
    "epochs": 25,
    "lr": 0.001,
    "d_model": 32,
    "seed": 42,
    "batch_size": 64,
    "dropout": 0.1,
    "save_model": true,
    "save_dir": "./export/c12\\smart-smile-lean\\seed_42",
    "local_rank": 0,
    "min_mask_ratio": 0.15,
    "max_mask_ratio": 0.75,
    "e_layers": 2,
    "n_heads": 4,
    "time_dim": 16,
    "use_film": false,
    "use_smile": false,
    "use_smile_film": false,
    "use_smile_v2": false,
    "use_smile_v2_film": false,
    "use_smile_lean": true,
    "use_smile_lean_samepretrain": false,
    "use_mnar": false,
    "save_last": true,
    "smile_no_mnar": false,
    "smile_no_curriculum": false,
    "smile_mask_type": "all",
    "smile_mnar_dropout": 0.05,
    "obs_density_window": 5,
    "pretrain_mask_mode": "fixed",
    "ratio_temperature": 1.0,
    "smile_stratified": false,
    "smile_mask_weights": null
}
2026-03-23 22:17:23,858 Dataset Loaded.
2026-03-23 22:17:23,859 system_groups: {'Vital_Invasive': 3, 'Blood_Gas': 4, 'Electrolyte': 5, 'Liver_Enzyme': 6, 'CBC': 3, 'Oxygenation': 3, 'Metabolic': 2}
2026-03-23 22:17:46,642 Epoch 1: Train Loss 4.5228, Valid Loss 1.6893, EMA Val 1.6893
2026-03-23 22:18:07,816 Epoch 2: Train Loss 1.6655, Valid Loss 1.1274, EMA Val 1.5207
2026-03-23 22:18:29,433 Epoch 3: Train Loss 1.1524, Valid Loss 0.8481, EMA Val 1.3189
2026-03-23 22:18:50,826 Epoch 4: Train Loss 0.9283, Valid Loss 0.6883, EMA Val 1.1297
2026-03-23 22:19:12,402 Epoch 5: Train Loss 0.7921, Valid Loss 0.5758, EMA Val 0.9636
2026-03-23 22:19:34,155 Epoch 6: Train Loss 0.7057, Valid Loss 0.5258, EMA Val 0.8322
2026-03-23 22:19:55,806 Epoch 7: Train Loss 0.6493, Valid Loss 0.4572, EMA Val 0.7197
2026-03-23 22:20:17,320 Epoch 8: Train Loss 0.5943, Valid Loss 0.4450, EMA Val 0.6373
2026-03-23 22:20:39,039 Epoch 9: Train Loss 0.5722, Valid Loss 0.4359, EMA Val 0.5769
2026-03-23 22:21:00,599 Epoch 10: Train Loss 0.6363, Valid Loss 0.4726, EMA Val 0.5456
2026-03-23 22:21:22,320 Epoch 11: Train Loss 0.5966, Valid Loss 0.4949, EMA Val 0.5304
2026-03-23 22:21:44,030 Epoch 12: Train Loss 0.6209, Valid Loss 0.4668, EMA Val 0.5113
2026-03-23 22:22:05,683 Epoch 13: Train Loss 0.5925, Valid Loss 0.4692, EMA Val 0.4987
2026-03-23 22:22:27,365 Epoch 14: Train Loss 0.5746, Valid Loss 0.4512, EMA Val 0.4844
2026-03-23 22:22:49,124 Epoch 15: Train Loss 0.5485, Valid Loss 0.4526, EMA Val 0.4749
2026-03-23 22:23:10,934 Epoch 16: Train Loss 0.5401, Valid Loss 0.4388, EMA Val 0.4641
2026-03-23 22:23:32,567 Epoch 17: Train Loss 0.5391, Valid Loss 0.4349, EMA Val 0.4553
2026-03-23 22:23:54,465 Epoch 18: Train Loss 0.5231, Valid Loss 0.4332, EMA Val 0.4487
2026-03-23 22:24:16,223 Epoch 19: Train Loss 0.5088, Valid Loss 0.4368, EMA Val 0.4451
2026-03-23 22:24:38,076 Epoch 20: Train Loss 0.5215, Valid Loss 0.4367, EMA Val 0.4426
2026-03-23 22:24:59,886 Epoch 21: Train Loss 0.4905, Valid Loss 0.4289, EMA Val 0.4385
2026-03-23 22:25:21,753 Epoch 22: Train Loss 0.4665, Valid Loss 0.4399, EMA Val 0.4389
2026-03-23 22:25:43,626 Epoch 23: Train Loss 0.5021, Valid Loss 0.4415, EMA Val 0.4397
2026-03-23 22:26:05,707 Epoch 24: Train Loss 0.4742, Valid Loss 0.4264, EMA Val 0.4357
2026-03-23 22:26:27,796 Epoch 25: Train Loss 0.4728, Valid Loss 0.4814, EMA Val 0.4494
2026-03-23 22:26:27,796 ----- Save last epoch model - L1: 0.4494 -----
2026-03-23 22:26:27,831 last saved model is in epoch 25
2026-03-23 22:26:29,351 Test Loss 0.5298
2026-03-23 22:26:33,204 {
    "dataset": "c12",
    "data_dropout": 0.0,
    "epochs": 25,
    "freeze_epochs": 5,
    "lr": 0.001,
    "d_model": 32,
    "seed": 42,
    "batch_size": 64,
    "dropout": 0.1,
    "save_model": true,
    "save_dir": "./export/c12\\smart-smile-lean\\seed_42",
    "pretrain_dir": null,
    "local_rank": 0,
    "e_layers": 2,
    "n_heads": 4,
    "time_dim": 16,
    "use_film": false,
    "use_smile": false,
    "use_smile_film": false,
    "use_mnar": false,
    "use_smile_v2": false,
    "use_smile_v2_film": false,
    "use_smile_lean": true,
    "use_smile_lean_samepretrain": false,
    "obs_density_window": 5,
    "smile_no_mnar": false,
    "smile_no_curriculum": false,
    "smile_mask_type": "all",
    "smile_mnar_dropout": 0.05,
    "smile_mnar_dropout_initial": 0.0,
    "smile_stratified": false
}
2026-03-23 22:26:34,349 Dataset Loaded.
2026-03-23 22:26:34,953 Class weights: [0.5820587277412415, 3.546597719192505]
2026-03-23 22:26:34,962 last saved model is in epoch 25
2026-03-23 22:26:43,594 [[666 368]
 [ 32 132]]
2026-03-23 22:26:43,599 AUC of ROC = 0.7682
2026-03-23 22:26:43,599 AUC of PRC = 0.3309
2026-03-23 22:26:43,599 min(+P, Se) = 0.3526
2026-03-23 22:26:43,599 f1_score = 0.4035 (threshold = -1.0794)
2026-03-23 22:26:43,600 Epoch 1: Train Loss 0.6893, Valid Loss 0.5561
2026-03-23 22:26:43,600 ----- Save best model - auprc: 0.3309 -----
2026-03-23 22:26:51,952 [[905 129]
 [ 84  80]]
2026-03-23 22:26:51,954 AUC of ROC = 0.7931
2026-03-23 22:26:51,954 AUC of PRC = 0.3732
2026-03-23 22:26:51,954 min(+P, Se) = 0.3976
2026-03-23 22:26:51,954 f1_score = 0.4248 (threshold = -1.3001)
2026-03-23 22:26:51,954 Epoch 2: Train Loss 0.6248, Valid Loss 0.5623
2026-03-23 22:26:51,955 ----- Save best model - auprc: 0.3732 -----
2026-03-23 22:27:00,361 [[844 190]
 [ 59 105]]
2026-03-23 22:27:00,362 AUC of ROC = 0.8050
2026-03-23 22:27:00,363 AUC of PRC = 0.3782
2026-03-23 22:27:00,363 min(+P, Se) = 0.4235
2026-03-23 22:27:00,363 f1_score = 0.4380 (threshold = -0.6605)
2026-03-23 22:27:00,363 Epoch 3: Train Loss 0.6003, Valid Loss 0.5217
2026-03-23 22:27:00,364 ----- Save best model - auprc: 0.3782 -----
2026-03-23 22:27:08,762 [[917 117]
 [ 79  85]]
2026-03-23 22:27:08,764 AUC of ROC = 0.8025
2026-03-23 22:27:08,764 AUC of PRC = 0.3691
2026-03-23 22:27:08,764 min(+P, Se) = 0.3902
2026-03-23 22:27:08,765 f1_score = 0.4339 (threshold = -1.0972)
2026-03-23 22:27:08,765 Epoch 4: Train Loss 0.5871, Valid Loss 0.5495
2026-03-23 22:27:17,131 [[828 206]
 [ 53 111]]
2026-03-23 22:27:17,133 AUC of ROC = 0.8173
2026-03-23 22:27:17,133 AUC of PRC = 0.4071
2026-03-23 22:27:17,133 min(+P, Se) = 0.4061
2026-03-23 22:27:17,133 f1_score = 0.4537 (threshold = -0.4192)
2026-03-23 22:27:17,133 Epoch 5: Train Loss 0.6033, Valid Loss 0.5110
2026-03-23 22:27:17,134 ----- Save best model - auprc: 0.4071 -----
2026-03-23 22:27:32,032 [[592 442]
 [ 12 152]]
2026-03-23 22:27:32,034 AUC of ROC = 0.8568
2026-03-23 22:27:32,034 AUC of PRC = 0.5068
2026-03-23 22:27:32,034 min(+P, Se) = 0.4940
2026-03-23 22:27:32,034 f1_score = 0.5280 (threshold = 0.0195)
2026-03-23 22:27:32,035 Epoch 6: Train Loss 0.5607, Valid Loss 0.5418
2026-03-23 22:27:32,035 ----- Save best model - auprc: 0.5068 -----
2026-03-23 22:27:46,940 [[708 326]
 [ 21 143]]
2026-03-23 22:27:46,942 AUC of ROC = 0.8657
2026-03-23 22:27:46,942 AUC of PRC = 0.5317
2026-03-23 22:27:46,942 min(+P, Se) = 0.5183
2026-03-23 22:27:46,942 f1_score = 0.5325 (threshold = -0.1771)
2026-03-23 22:27:46,942 Epoch 7: Train Loss 0.5142, Valid Loss 0.4731
2026-03-23 22:27:46,943 ----- Save best model - auprc: 0.5317 -----
2026-03-23 22:28:01,775 [[647 387]
 [ 16 148]]
2026-03-23 22:28:01,777 AUC of ROC = 0.8731
2026-03-23 22:28:01,777 AUC of PRC = 0.5420
2026-03-23 22:28:01,777 min(+P, Se) = 0.5183
2026-03-23 22:28:01,777 f1_score = 0.5587 (threshold = 0.2029)
2026-03-23 22:28:01,778 Epoch 8: Train Loss 0.5006, Valid Loss 0.4973
2026-03-23 22:28:01,778 ----- Save best model - auprc: 0.5420 -----
2026-03-23 22:28:16,611 [[838 196]
 [ 35 129]]
2026-03-23 22:28:16,612 AUC of ROC = 0.8740
2026-03-23 22:28:16,613 AUC of PRC = 0.5418
2026-03-23 22:28:16,613 min(+P, Se) = 0.5152
2026-03-23 22:28:16,613 f1_score = 0.5439 (threshold = -0.1978)
2026-03-23 22:28:16,613 Epoch 9: Train Loss 0.5122, Valid Loss 0.4429
2026-03-23 22:28:31,491 [[719 315]
 [ 21 143]]
2026-03-23 22:28:31,493 AUC of ROC = 0.8717
2026-03-23 22:28:31,493 AUC of PRC = 0.5374
2026-03-23 22:28:31,493 min(+P, Se) = 0.5273
2026-03-23 22:28:31,493 f1_score = 0.5473 (threshold = -0.0667)
2026-03-23 22:28:31,493 Epoch 10: Train Loss 0.4886, Valid Loss 0.4827
2026-03-23 22:28:46,378 [[813 221]
 [ 34 130]]
2026-03-23 22:28:46,380 AUC of ROC = 0.8757
2026-03-23 22:28:46,380 AUC of PRC = 0.5463
2026-03-23 22:28:46,380 min(+P, Se) = 0.5061
2026-03-23 22:28:46,380 f1_score = 0.5627 (threshold = 0.0967)
2026-03-23 22:28:46,381 Epoch 11: Train Loss 0.4914, Valid Loss 0.4399
2026-03-23 22:28:46,381 ----- Save best model - auprc: 0.5463 -----
2026-03-23 22:29:01,307 [[808 226]
 [ 31 133]]
2026-03-23 22:29:01,308 AUC of ROC = 0.8737
2026-03-23 22:29:01,309 AUC of PRC = 0.5386
2026-03-23 22:29:01,309 min(+P, Se) = 0.5122
2026-03-23 22:29:01,309 f1_score = 0.5330 (threshold = -0.0269)
2026-03-23 22:29:01,309 Epoch 12: Train Loss 0.4801, Valid Loss 0.4447
2026-03-23 22:29:16,176 [[785 249]
 [ 27 137]]
2026-03-23 22:29:16,177 AUC of ROC = 0.8797
2026-03-23 22:29:16,178 AUC of PRC = 0.5633
2026-03-23 22:29:16,178 min(+P, Se) = 0.5318
2026-03-23 22:29:16,178 f1_score = 0.5515 (threshold = -0.0068)
2026-03-23 22:29:16,178 Epoch 13: Train Loss 0.4745, Valid Loss 0.4387
2026-03-23 22:29:16,179 ----- Save best model - auprc: 0.5633 -----
2026-03-23 22:29:31,104 [[923 111]
 [ 61 103]]
2026-03-23 22:29:31,106 AUC of ROC = 0.8804
2026-03-23 22:29:31,106 AUC of PRC = 0.5590
2026-03-23 22:29:31,107 min(+P, Se) = 0.5394
2026-03-23 22:29:31,107 f1_score = 0.5541 (threshold = -0.4393)
2026-03-23 22:29:31,107 Epoch 14: Train Loss 0.4730, Valid Loss 0.4624
2026-03-23 22:29:45,995 [[767 267]
 [ 23 141]]
2026-03-23 22:29:45,997 AUC of ROC = 0.8790
2026-03-23 22:29:45,997 AUC of PRC = 0.5452
2026-03-23 22:29:45,997 min(+P, Se) = 0.5333
2026-03-23 22:29:45,997 f1_score = 0.5584 (threshold = 0.2963)
2026-03-23 22:29:45,997 Epoch 15: Train Loss 0.4690, Valid Loss 0.4440
2026-03-23 22:30:01,376 [[881 153]
 [ 41 123]]
2026-03-23 22:30:01,379 AUC of ROC = 0.8822
2026-03-23 22:30:01,379 AUC of PRC = 0.5563
2026-03-23 22:30:01,380 min(+P, Se) = 0.5366
2026-03-23 22:30:01,380 f1_score = 0.5558 (threshold = -0.2602)
2026-03-23 22:30:01,380 Epoch 16: Train Loss 0.4625, Valid Loss 0.4386
2026-03-23 22:30:17,911 [[737 297]
 [ 25 139]]
2026-03-23 22:30:17,915 AUC of ROC = 0.8791
2026-03-23 22:30:17,916 AUC of PRC = 0.5541
2026-03-23 22:30:17,916 min(+P, Se) = 0.5305
2026-03-23 22:30:17,916 f1_score = 0.5523 (threshold = 0.0041)
2026-03-23 22:30:17,918 Epoch 17: Train Loss 0.4546, Valid Loss 0.4537
2026-03-23 22:30:34,462 [[800 234]
 [ 29 135]]
2026-03-23 22:30:34,465 AUC of ROC = 0.8839
2026-03-23 22:30:34,466 AUC of PRC = 0.5675
2026-03-23 22:30:34,466 min(+P, Se) = 0.5488
2026-03-23 22:30:34,466 f1_score = 0.5714 (threshold = 0.1024)
2026-03-23 22:30:34,467 Epoch 18: Train Loss 0.4605, Valid Loss 0.4308
2026-03-23 22:30:34,467 ----- Save best model - auprc: 0.5675 -----
2026-03-23 22:30:51,147 [[836 198]
 [ 33 131]]
2026-03-23 22:30:51,150 AUC of ROC = 0.8821
2026-03-23 22:30:51,150 AUC of PRC = 0.5618
2026-03-23 22:30:51,151 min(+P, Se) = 0.5602
2026-03-23 22:30:51,151 f1_score = 0.5663 (threshold = 0.1972)
2026-03-23 22:30:51,151 Epoch 19: Train Loss 0.4504, Valid Loss 0.4315
2026-03-23 22:31:07,539 [[789 245]
 [ 27 137]]
2026-03-23 22:31:07,542 AUC of ROC = 0.8841
2026-03-23 22:31:07,543 AUC of PRC = 0.5712
2026-03-23 22:31:07,543 min(+P, Se) = 0.5536
2026-03-23 22:31:07,543 f1_score = 0.5774 (threshold = 0.1085)
2026-03-23 22:31:07,544 Epoch 20: Train Loss 0.4439, Valid Loss 0.4305
2026-03-23 22:31:07,544 ----- Save best model - auprc: 0.5712 -----
2026-03-23 22:31:24,016 [[794 240]
 [ 28 136]]
2026-03-23 22:31:24,019 AUC of ROC = 0.8809
2026-03-23 22:31:24,019 AUC of PRC = 0.5623
2026-03-23 22:31:24,019 min(+P, Se) = 0.5394
2026-03-23 22:31:24,020 f1_score = 0.5613 (threshold = 0.2232)
2026-03-23 22:31:24,020 Epoch 21: Train Loss 0.4463, Valid Loss 0.4353
2026-03-23 22:31:40,510 [[792 242]
 [ 28 136]]
2026-03-23 22:31:40,514 AUC of ROC = 0.8829
2026-03-23 22:31:40,514 AUC of PRC = 0.5676
2026-03-23 22:31:40,514 min(+P, Se) = 0.5337
2026-03-23 22:31:40,514 f1_score = 0.5737 (threshold = 0.1732)
2026-03-23 22:31:40,515 Epoch 22: Train Loss 0.4401, Valid Loss 0.4308
2026-03-23 22:31:56,971 [[778 256]
 [ 24 140]]
2026-03-23 22:31:56,974 AUC of ROC = 0.8841
2026-03-23 22:31:56,974 AUC of PRC = 0.5698
2026-03-23 22:31:56,974 min(+P, Se) = 0.5394
2026-03-23 22:31:56,975 f1_score = 0.5730 (threshold = 0.2616)
2026-03-23 22:31:56,975 Epoch 23: Train Loss 0.4419, Valid Loss 0.4353
2026-03-23 22:32:13,383 [[801 233]
 [ 28 136]]
2026-03-23 22:32:13,387 AUC of ROC = 0.8827
2026-03-23 22:32:13,387 AUC of PRC = 0.5650
2026-03-23 22:32:13,387 min(+P, Se) = 0.5389
2026-03-23 22:32:13,387 f1_score = 0.5672 (threshold = 0.0864)
2026-03-23 22:32:13,388 Epoch 24: Train Loss 0.4361, Valid Loss 0.4312
2026-03-23 22:32:29,783 [[799 235]
 [ 28 136]]
2026-03-23 22:32:29,787 AUC of ROC = 0.8830
2026-03-23 22:32:29,787 AUC of PRC = 0.5662
2026-03-23 22:32:29,787 min(+P, Se) = 0.5439
2026-03-23 22:32:29,787 f1_score = 0.5671 (threshold = 0.1054)
2026-03-23 22:32:29,788 Epoch 25: Train Loss 0.4363, Valid Loss 0.4318
2026-03-23 22:32:29,808 last saved model is in epoch 20
2026-03-23 22:32:30,880 [[787 222]
 [ 41 150]]
2026-03-23 22:32:30,884 AUC of ROC = 0.8637
2026-03-23 22:32:30,884 AUC of PRC = 0.5651
2026-03-23 22:32:30,885 min(+P, Se) = 0.5445
2026-03-23 22:32:30,885 f1_score = 0.5610 (threshold = 0.0939)
2026-03-23 22:32:30,885 Test Loss 0.4580
2026-03-29 12:35:36,735 {
    "dataset": "c12",
    "data_dropout": 0.0,
    "epochs": 25,
    "lr": 0.001,
    "d_model": 32,
    "seed": 42,
    "batch_size": 64,
    "dropout": 0.1,
    "save_model": true,
    "save_dir": "./export/c12\\smart-smile-lean\\seed_42",
    "local_rank": 0,
    "min_mask_ratio": 0.15,
    "max_mask_ratio": 0.75,
    "e_layers": 2,
    "n_heads": 4,
    "time_dim": 16,
    "use_film": false,
    "use_smile": false,
    "use_smile_film": false,
    "use_smile_v2": false,
    "use_smile_v2_film": false,
    "use_smile_lean": true,
    "use_smile_lean_samepretrain": false,
    "use_mnar": false,
    "save_last": true,
    "smile_no_mnar": false,
    "smile_no_curriculum": false,
    "smile_mask_type": "all",
    "smile_mnar_dropout": 0.05,
    "obs_density_window": 5,
    "abl_no_density": false,
    "abl_no_mnar_bias": false,
    "abl_no_film": false,
    "abl_no_time_mnar": false,
    "abl_no_time_pe": false,
    "pretrain_mask_mode": "fixed",
    "ratio_temperature": 1.0,
    "smile_stratified": false,
    "smile_mask_weights": null
}
2026-03-29 12:35:38,241 Dataset Loaded.
2026-03-29 12:35:38,241 system_groups: {'Vital_Invasive': 3, 'Blood_Gas': 4, 'Electrolyte': 5, 'Liver_Enzyme': 6, 'CBC': 3, 'Oxygenation': 3, 'Metabolic': 2}
2026-03-29 12:36:10,564 Epoch 1: Train Loss 4.5227, Valid Loss 1.6891, EMA Val 1.6891
2026-03-29 12:36:41,535 Epoch 2: Train Loss 1.6654, Valid Loss 1.1273, EMA Val 1.5206
2026-03-29 12:37:12,799 Epoch 3: Train Loss 1.1522, Valid Loss 0.8480, EMA Val 1.3188
2026-03-29 12:37:44,162 Epoch 4: Train Loss 0.9281, Valid Loss 0.6884, EMA Val 1.1297
2026-03-29 12:38:15,617 Epoch 5: Train Loss 0.7920, Valid Loss 0.5753, EMA Val 0.9634
2026-03-29 12:38:47,130 Epoch 6: Train Loss 0.7056, Valid Loss 0.5258, EMA Val 0.8321
2026-03-29 12:39:18,698 Epoch 7: Train Loss 0.6494, Valid Loss 0.4573, EMA Val 0.7197
2026-03-29 12:39:50,261 Epoch 8: Train Loss 0.5945, Valid Loss 0.4459, EMA Val 0.6375
2026-03-29 12:40:21,928 Epoch 9: Train Loss 0.5723, Valid Loss 0.4366, EMA Val 0.5772
2026-03-29 12:40:53,736 Epoch 10: Train Loss 0.6333, Valid Loss 0.4691, EMA Val 0.5448
2026-03-29 12:41:25,490 Epoch 11: Train Loss 0.5909, Valid Loss 0.4871, EMA Val 0.5275
2026-03-29 12:41:57,304 Epoch 12: Train Loss 0.6125, Valid Loss 0.4594, EMA Val 0.5070
2026-03-29 12:42:29,155 Epoch 13: Train Loss 0.5842, Valid Loss 0.4618, EMA Val 0.4935
2026-03-29 12:43:01,091 Epoch 14: Train Loss 0.5674, Valid Loss 0.4461, EMA Val 0.4793
2026-03-29 12:43:32,887 Epoch 15: Train Loss 0.5422, Valid Loss 0.4477, EMA Val 0.4698
2026-03-29 12:44:04,668 Epoch 16: Train Loss 0.5349, Valid Loss 0.4357, EMA Val 0.4596
2026-03-29 12:44:36,481 Epoch 17: Train Loss 0.5353, Valid Loss 0.4321, EMA Val 0.4513
2026-03-29 12:45:08,406 Epoch 18: Train Loss 0.5195, Valid Loss 0.4318, EMA Val 0.4455
2026-03-29 12:45:40,291 Epoch 19: Train Loss 0.5070, Valid Loss 0.4361, EMA Val 0.4427
2026-03-29 12:46:12,209 Epoch 20: Train Loss 0.5186, Valid Loss 0.4355, EMA Val 0.4405
2026-03-29 12:46:44,068 Epoch 21: Train Loss 0.4893, Valid Loss 0.4290, EMA Val 0.4370
2026-03-29 12:47:15,967 Epoch 22: Train Loss 0.4647, Valid Loss 0.4391, EMA Val 0.4377
2026-03-29 12:47:47,762 Epoch 23: Train Loss 0.5012, Valid Loss 0.4473, EMA Val 0.4405
2026-03-29 12:48:19,874 Epoch 24: Train Loss 0.4723, Valid Loss 0.4256, EMA Val 0.4361
2026-03-29 12:48:51,898 Epoch 25: Train Loss 0.4709, Valid Loss 0.4747, EMA Val 0.4477
2026-03-29 12:48:51,898 ----- Save last epoch model - L1: 0.4477 -----
2026-03-29 12:48:51,938 last saved model is in epoch 25
2026-03-29 12:48:54,141 Test Loss 0.5211
2026-03-29 12:48:59,454 {
    "dataset": "c12",
    "data_dropout": 0.0,
    "epochs": 25,
    "freeze_epochs": 5,
    "lr": 0.001,
    "d_model": 32,
    "seed": 42,
    "batch_size": 64,
    "dropout": 0.1,
    "save_model": true,
    "save_dir": "./export/c12\\smart-smile-lean\\seed_42",
    "pretrain_dir": null,
    "local_rank": 0,
    "e_layers": 2,
    "n_heads": 4,
    "time_dim": 16,
    "use_film": false,
    "use_smile": false,
    "use_smile_film": false,
    "use_mnar": false,
    "use_smile_v2": false,
    "use_smile_v2_film": false,
    "use_smile_lean": true,
    "use_smile_lean_samepretrain": false,
    "obs_density_window": 5,
    "abl_no_density": false,
    "abl_no_mnar_bias": false,
    "abl_no_film": false,
    "abl_no_time_mnar": false,
    "abl_no_time_pe": false,
    "smile_no_mnar": false,
    "smile_no_curriculum": false,
    "smile_mask_type": "all",
    "smile_mnar_dropout": 0.05,
    "smile_mnar_dropout_initial": 0.0,
    "smile_stratified": false
}
2026-03-29 12:49:00,797 Dataset Loaded.
2026-03-29 12:49:01,759 Class weights: [0.5820587277412415, 3.546597719192505]
2026-03-29 12:49:01,771 last saved model is in epoch 25
2026-03-29 12:49:13,786 [[674 360]
 [ 31 133]]
2026-03-29 12:49:13,792 AUC of ROC = 0.7740
2026-03-29 12:49:13,792 AUC of PRC = 0.3343
2026-03-29 12:49:13,792 min(+P, Se) = 0.3832
2026-03-29 12:49:13,792 f1_score = 0.4020 (threshold = -0.8768)
2026-03-29 12:49:13,792 Epoch 1: Train Loss 0.6888, Valid Loss 0.5541
2026-03-29 12:49:13,793 ----- Save best model - auprc: 0.3343 -----
2026-03-29 12:49:25,524 [[912 122]
 [ 85  79]]
2026-03-29 12:49:25,526 AUC of ROC = 0.7968
2026-03-29 12:49:25,526 AUC of PRC = 0.3743
2026-03-29 12:49:25,526 min(+P, Se) = 0.4085
2026-03-29 12:49:25,526 f1_score = 0.4365 (threshold = -1.0409)
2026-03-29 12:49:25,526 Epoch 2: Train Loss 0.6253, Valid Loss 0.5640
2026-03-29 12:49:25,526 ----- Save best model - auprc: 0.3743 -----
2026-03-29 12:49:37,262 [[828 206]
 [ 55 109]]
2026-03-29 12:49:37,264 AUC of ROC = 0.8068
2026-03-29 12:49:37,264 AUC of PRC = 0.3722
2026-03-29 12:49:37,264 min(+P, Se) = 0.4121
2026-03-29 12:49:37,264 f1_score = 0.4411 (threshold = -0.7485)
2026-03-29 12:49:37,265 Epoch 3: Train Loss 0.6011, Valid Loss 0.5198
2026-03-29 12:49:49,106 [[905 129]
 [ 76  88]]
2026-03-29 12:49:49,107 AUC of ROC = 0.8067
2026-03-29 12:49:49,108 AUC of PRC = 0.3742
2026-03-29 12:49:49,108 min(+P, Se) = 0.4096
2026-03-29 12:49:49,108 f1_score = 0.4416 (threshold = -0.7788)
2026-03-29 12:49:49,108 Epoch 4: Train Loss 0.5910, Valid Loss 0.5410
2026-03-29 12:50:00,841 [[824 210]
 [ 53 111]]
2026-03-29 12:50:00,843 AUC of ROC = 0.8196
2026-03-29 12:50:00,844 AUC of PRC = 0.4041
2026-03-29 12:50:00,844 min(+P, Se) = 0.4302
2026-03-29 12:50:00,844 f1_score = 0.4545 (threshold = -0.3357)
2026-03-29 12:50:00,844 Epoch 5: Train Loss 0.6033, Valid Loss 0.5090
2026-03-29 12:50:00,844 ----- Save best model - auprc: 0.4041 -----
2026-03-29 12:50:22,758 [[637 397]
 [ 14 150]]
2026-03-29 12:50:22,760 AUC of ROC = 0.8600
2026-03-29 12:50:22,760 AUC of PRC = 0.5172
2026-03-29 12:50:22,761 min(+P, Se) = 0.4913
2026-03-29 12:50:22,761 f1_score = 0.5407 (threshold = 0.0400)
2026-03-29 12:50:22,761 Epoch 6: Train Loss 0.5581, Valid Loss 0.5125
2026-03-29 12:50:22,761 ----- Save best model - auprc: 0.5172 -----
2026-03-29 12:50:44,734 [[706 328]
 [ 20 144]]
2026-03-29 12:50:44,736 AUC of ROC = 0.8672
2026-03-29 12:50:44,736 AUC of PRC = 0.5334
2026-03-29 12:50:44,737 min(+P, Se) = 0.5122
2026-03-29 12:50:44,737 f1_score = 0.5303 (threshold = -0.0973)
2026-03-29 12:50:44,737 Epoch 7: Train Loss 0.5146, Valid Loss 0.4723
2026-03-29 12:50:44,737 ----- Save best model - auprc: 0.5334 -----
2026-03-29 12:51:06,637 [[643 391]
 [ 12 152]]
2026-03-29 12:51:06,639 AUC of ROC = 0.8761
2026-03-29 12:51:06,639 AUC of PRC = 0.5509
2026-03-29 12:51:06,639 min(+P, Se) = 0.5089
2026-03-29 12:51:06,639 f1_score = 0.5627 (threshold = 0.3002)
2026-03-29 12:51:06,639 Epoch 8: Train Loss 0.5018, Valid Loss 0.4997
2026-03-29 12:51:06,640 ----- Save best model - auprc: 0.5509 -----
2026-03-29 12:51:28,531 [[819 215]
 [ 34 130]]
2026-03-29 12:51:28,533 AUC of ROC = 0.8761
2026-03-29 12:51:28,533 AUC of PRC = 0.5503
2026-03-29 12:51:28,533 min(+P, Se) = 0.5273
2026-03-29 12:51:28,534 f1_score = 0.5519 (threshold = -0.2487)
2026-03-29 12:51:28,534 Epoch 9: Train Loss 0.5117, Valid Loss 0.4397
2026-03-29 12:51:50,457 [[701 333]
 [ 20 144]]
2026-03-29 12:51:50,459 AUC of ROC = 0.8723
2026-03-29 12:51:50,459 AUC of PRC = 0.5388
2026-03-29 12:51:50,459 min(+P, Se) = 0.5305
2026-03-29 12:51:50,459 f1_score = 0.5418 (threshold = -0.0688)
2026-03-29 12:51:50,460 Epoch 10: Train Loss 0.4903, Valid Loss 0.4892
2026-03-29 12:52:12,408 [[823 211]
 [ 31 133]]
2026-03-29 12:52:12,410 AUC of ROC = 0.8768
2026-03-29 12:52:12,411 AUC of PRC = 0.5482
2026-03-29 12:52:12,411 min(+P, Se) = 0.5091
2026-03-29 12:52:12,411 f1_score = 0.5521 (threshold = 0.0365)
2026-03-29 12:52:12,411 Epoch 11: Train Loss 0.4949, Valid Loss 0.4398
2026-03-29 12:52:34,266 [[796 238]
 [ 26 138]]
2026-03-29 12:52:34,268 AUC of ROC = 0.8774
2026-03-29 12:52:34,268 AUC of PRC = 0.5513
2026-03-29 12:52:34,268 min(+P, Se) = 0.5244
2026-03-29 12:52:34,269 f1_score = 0.5379 (threshold = -0.1552)
2026-03-29 12:52:34,269 Epoch 12: Train Loss 0.4802, Valid Loss 0.4409
2026-03-29 12:52:34,269 ----- Save best model - auprc: 0.5513 -----
2026-03-29 12:52:56,159 [[781 253]
 [ 26 138]]
2026-03-29 12:52:56,161 AUC of ROC = 0.8810
2026-03-29 12:52:56,161 AUC of PRC = 0.5669
2026-03-29 12:52:56,161 min(+P, Se) = 0.5361
2026-03-29 12:52:56,161 f1_score = 0.5578 (threshold = -0.0658)
2026-03-29 12:52:56,161 Epoch 13: Train Loss 0.4753, Valid Loss 0.4383
2026-03-29 12:52:56,162 ----- Save best model - auprc: 0.5669 -----
2026-03-29 12:53:18,106 [[921 113]
 [ 61 103]]
2026-03-29 12:53:18,108 AUC of ROC = 0.8825
2026-03-29 12:53:18,108 AUC of PRC = 0.5601
2026-03-29 12:53:18,108 min(+P, Se) = 0.5238
2026-03-29 12:53:18,108 f1_score = 0.5602 (threshold = -0.3113)
2026-03-29 12:53:18,108 Epoch 14: Train Loss 0.4733, Valid Loss 0.4576
2026-03-29 12:53:40,075 [[767 267]
 [ 23 141]]
2026-03-29 12:53:40,077 AUC of ROC = 0.8822
2026-03-29 12:53:40,077 AUC of PRC = 0.5459
2026-03-29 12:53:40,077 min(+P, Se) = 0.5385
2026-03-29 12:53:40,077 f1_score = 0.5707 (threshold = 0.1659)
2026-03-29 12:53:40,077 Epoch 15: Train Loss 0.4698, Valid Loss 0.4430
2026-03-29 12:54:02,056 [[889 145]
 [ 43 121]]
2026-03-29 12:54:02,059 AUC of ROC = 0.8828
2026-03-29 12:54:02,059 AUC of PRC = 0.5583
2026-03-29 12:54:02,059 min(+P, Se) = 0.5329
2026-03-29 12:54:02,059 f1_score = 0.5649 (threshold = -0.1541)
2026-03-29 12:54:02,060 Epoch 16: Train Loss 0.4635, Valid Loss 0.4404
2026-03-29 12:54:24,065 [[743 291]
 [ 24 140]]
2026-03-29 12:54:24,067 AUC of ROC = 0.8811
2026-03-29 12:54:24,068 AUC of PRC = 0.5560
2026-03-29 12:54:24,068 min(+P, Se) = 0.5427
2026-03-29 12:54:24,068 f1_score = 0.5657 (threshold = 0.1741)
2026-03-29 12:54:24,068 Epoch 17: Train Loss 0.4538, Valid Loss 0.4521
2026-03-29 12:54:46,048 [[801 233]
 [ 29 135]]
2026-03-29 12:54:46,050 AUC of ROC = 0.8851
2026-03-29 12:54:46,050 AUC of PRC = 0.5660
2026-03-29 12:54:46,050 min(+P, Se) = 0.5444
2026-03-29 12:54:46,050 f1_score = 0.5737 (threshold = 0.1124)
2026-03-29 12:54:46,050 Epoch 18: Train Loss 0.4606, Valid Loss 0.4293
2026-03-29 12:55:08,060 [[833 201]
 [ 32 132]]
2026-03-29 12:55:08,063 AUC of ROC = 0.8851
2026-03-29 12:55:08,063 AUC of PRC = 0.5642
2026-03-29 12:55:08,063 min(+P, Se) = 0.5394
2026-03-29 12:55:08,063 f1_score = 0.5721 (threshold = -0.0681)
2026-03-29 12:55:08,063 Epoch 19: Train Loss 0.4514, Valid Loss 0.4286
2026-03-29 12:55:30,326 [[782 252]
 [ 28 136]]
2026-03-29 12:55:30,328 AUC of ROC = 0.8858
2026-03-29 12:55:30,328 AUC of PRC = 0.5708
2026-03-29 12:55:30,328 min(+P, Se) = 0.5549
2026-03-29 12:55:30,328 f1_score = 0.5751 (threshold = 0.0742)
2026-03-29 12:55:30,329 Epoch 20: Train Loss 0.4451, Valid Loss 0.4303
2026-03-29 12:55:30,329 ----- Save best model - auprc: 0.5708 -----
2026-03-29 12:55:52,399 [[789 245]
 [ 28 136]]
2026-03-29 12:55:52,400 AUC of ROC = 0.8823
2026-03-29 12:55:52,401 AUC of PRC = 0.5615
2026-03-29 12:55:52,401 min(+P, Se) = 0.5427
2026-03-29 12:55:52,401 f1_score = 0.5615 (threshold = 0.1812)
2026-03-29 12:55:52,401 Epoch 21: Train Loss 0.4469, Valid Loss 0.4349
2026-03-29 12:56:14,530 [[798 236]
 [ 28 136]]
2026-03-29 12:56:14,532 AUC of ROC = 0.8844
2026-03-29 12:56:14,532 AUC of PRC = 0.5650
2026-03-29 12:56:14,532 min(+P, Se) = 0.5515
2026-03-29 12:56:14,532 f1_score = 0.5683 (threshold = 0.1516)
2026-03-29 12:56:14,533 Epoch 22: Train Loss 0.4388, Valid Loss 0.4298
2026-03-29 12:56:36,529 [[785 249]
 [ 26 138]]
2026-03-29 12:56:36,531 AUC of ROC = 0.8855
2026-03-29 12:56:36,532 AUC of PRC = 0.5679
2026-03-29 12:56:36,532 min(+P, Se) = 0.5476
2026-03-29 12:56:36,532 f1_score = 0.5637 (threshold = 0.2115)
2026-03-29 12:56:36,532 Epoch 23: Train Loss 0.4427, Valid Loss 0.4342
2026-03-29 12:56:58,690 [[797 237]
 [ 27 137]]
2026-03-29 12:56:58,691 AUC of ROC = 0.8846
2026-03-29 12:56:58,692 AUC of PRC = 0.5652
2026-03-29 12:56:58,692 min(+P, Se) = 0.5402
2026-03-29 12:56:58,692 f1_score = 0.5652 (threshold = 0.0468)
2026-03-29 12:56:58,692 Epoch 24: Train Loss 0.4362, Valid Loss 0.4301
2026-03-29 12:57:20,695 [[797 237]
 [ 27 137]]
2026-03-29 12:57:20,697 AUC of ROC = 0.8845
2026-03-29 12:57:20,697 AUC of PRC = 0.5662
2026-03-29 12:57:20,697 min(+P, Se) = 0.5427
2026-03-29 12:57:20,698 f1_score = 0.5652 (threshold = 0.1771)
2026-03-29 12:57:20,698 Epoch 25: Train Loss 0.4360, Valid Loss 0.4309
2026-03-29 12:57:20,716 last saved model is in epoch 20
2026-03-29 12:57:21,987 [[775 234]
 [ 34 157]]
2026-03-29 12:57:21,989 AUC of ROC = 0.8663
2026-03-29 12:57:21,989 AUC of PRC = 0.5671
2026-03-29 12:57:21,989 min(+P, Se) = 0.5497
2026-03-29 12:57:21,989 f1_score = 0.5642 (threshold = 0.1575)
2026-03-29 12:57:21,989 Test Loss 0.4543
