2026-04-25 10:17:00,267 {
    "dataset": "c19",
    "data_dropout": 0.0,
    "epochs": 25,
    "lr": 0.001,
    "d_model": 32,
    "seed": 3407,
    "batch_size": 64,
    "num_workers": null,
    "dropout": 0.1,
    "save_model": true,
    "save_dir": "./export/c19/smart-smile-lean-no-time-mnar/seed_3407",
    "local_rank": 0,
    "min_mask_ratio": 0.15,
    "max_mask_ratio": 0.75,
    "e_layers": 2,
    "n_heads": 4,
    "time_dim": 16,
    "use_film": false,
    "use_smile": false,
    "use_smile_film": false,
    "use_smile_v2": false,
    "use_smile_v2_film": false,
    "use_smile_lean": true,
    "use_smile_lean_samepretrain": false,
    "use_smile_lean_v2": false,
    "use_mnar": false,
    "save_last": true,
    "smile_no_mnar": false,
    "smile_no_curriculum": false,
    "smile_mask_type": "all",
    "smile_mnar_dropout": 0.05,
    "obs_density_window": 5,
    "abl_no_density": false,
    "abl_no_mnar_bias": false,
    "abl_no_film": false,
    "abl_no_time_mnar": true,
    "abl_no_time_pe": false,
    "abl_no_cross_attn": false,
    "abl_no_mnar_cls": false,
    "abl_no_policy": false,
    "abl_no_dynamic_mnar": false,
    "abl_no_dual_head": false,
    "pretrain_mask_mode": "fixed",
    "ratio_temperature": 1.0,
    "smile_stratified": false,
    "smile_mask_weights": null,
    "rank": 0,
    "world_size": 2,
    "distributed": true,
    "gpu": 0,
    "dist_backend": "nccl"
}
2026-04-25 10:17:09,397 Dataset Loaded.
2026-04-25 10:17:09,398 system_groups: {'Vital_Basic': 7, 'Resp_Gas': 7, 'Liver_Enzyme': 2, 'Renal': 3, 'Coagulation': 3, 'CBC': 3, 'Bilirubin': 2}
2026-04-25 10:17:09,398 DataLoader kwargs: {'num_workers': 4, 'pin_memory': True, 'persistent_workers': True, 'prefetch_factor': 2}
2026-04-25 10:17:09,400 Runtime init: variable order resolved.
2026-04-25 10:17:09,401 Runtime init: variable order moved to CUDA.
2026-04-25 10:17:09,409 Runtime init: encoder moved to CUDA.
2026-04-25 10:17:09,409 Runtime init: predictor moved to CUDA.
2026-04-25 10:17:09,414 Runtime init: target encoder copied.
2026-04-25 10:17:11,404 Runtime init: DDP wrap complete.
2026-04-25 10:17:30,090 Epoch 1: Train Loss 0.0973, Valid Loss 0.0266, EMA Val 0.0266
2026-04-25 10:17:47,279 Epoch 2: Train Loss 0.0626, Valid Loss 0.0244, EMA Val 0.0259
2026-04-25 10:18:05,017 Epoch 3: Train Loss 0.0589, Valid Loss 0.0237, EMA Val 0.0253
2026-04-25 10:18:23,451 Epoch 4: Train Loss 0.0554, Valid Loss 0.0228, EMA Val 0.0245
2026-04-25 10:18:41,361 Epoch 5: Train Loss 0.0512, Valid Loss 0.0223, EMA Val 0.0238
2026-04-25 10:18:59,168 Epoch 6: Train Loss 0.0489, Valid Loss 0.0218, EMA Val 0.0232
2026-04-25 10:19:16,763 Epoch 7: Train Loss 0.0473, Valid Loss 0.0228, EMA Val 0.0231
2026-04-25 10:19:34,047 Epoch 8: Train Loss 0.0460, Valid Loss 0.0226, EMA Val 0.0229
2026-04-25 10:19:51,354 Epoch 9: Train Loss 0.0457, Valid Loss 0.0231, EMA Val 0.0230
2026-04-25 10:20:09,120 Epoch 10: Train Loss 0.0464, Valid Loss 0.0233, EMA Val 0.0231
2026-04-25 10:20:26,983 Epoch 11: Train Loss 0.0467, Valid Loss 0.0240, EMA Val 0.0234
2026-04-25 10:20:44,938 Epoch 12: Train Loss 0.0481, Valid Loss 0.0260, EMA Val 0.0242
2026-04-25 10:21:02,637 Epoch 13: Train Loss 0.0488, Valid Loss 0.0259, EMA Val 0.0247
2026-04-25 10:21:20,589 Epoch 14: Train Loss 0.0507, Valid Loss 0.0267, EMA Val 0.0253
2026-04-25 10:21:38,311 Epoch 15: Train Loss 0.0518, Valid Loss 0.0276, EMA Val 0.0260
2026-04-25 10:21:56,965 Epoch 16: Train Loss 0.0547, Valid Loss 0.0278, EMA Val 0.0265
2026-04-25 10:22:15,292 Epoch 17: Train Loss 0.0556, Valid Loss 0.0284, EMA Val 0.0271
2026-04-25 10:22:33,342 Epoch 18: Train Loss 0.0573, Valid Loss 0.0328, EMA Val 0.0288
2026-04-25 10:22:51,517 Epoch 19: Train Loss 0.0602, Valid Loss 0.0297, EMA Val 0.0291
2026-04-25 10:23:09,162 Epoch 20: Train Loss 0.0607, Valid Loss 0.0302, EMA Val 0.0294
2026-04-25 10:23:26,632 Epoch 21: Train Loss 0.0620, Valid Loss 0.0299, EMA Val 0.0296
2026-04-25 10:23:43,726 Epoch 22: Train Loss 0.0632, Valid Loss 0.0321, EMA Val 0.0303
2026-04-25 10:24:00,758 Epoch 23: Train Loss 0.0634, Valid Loss 0.0315, EMA Val 0.0307
2026-04-25 10:24:17,688 Epoch 24: Train Loss 0.0648, Valid Loss 0.0319, EMA Val 0.0311
2026-04-25 10:24:35,076 Epoch 25: Train Loss 0.0653, Valid Loss 0.0317, EMA Val 0.0312
2026-04-25 10:24:35,077 ----- Save last epoch model - L1: 0.0312 -----
2026-04-25 10:24:35,118 last saved model is in epoch 25
2026-04-25 10:24:37,185 Test Loss 0.0315
2026-04-25 10:25:51,607 {
    "dataset": "c19",
    "data_dropout": 0.0,
    "epochs": 25,
    "freeze_epochs": 5,
    "lr": 0.001,
    "d_model": 32,
    "seed": 3407,
    "batch_size": 64,
    "num_workers": null,
    "dropout": 0.1,
    "save_model": true,
    "save_dir": "./export/c19/smart-smile-lean-no-time-mnar/seed_3407",
    "pretrain_dir": null,
    "local_rank": 0,
    "e_layers": 2,
    "n_heads": 4,
    "time_dim": 16,
    "use_film": false,
    "use_smile": false,
    "use_smile_film": false,
    "use_mnar": false,
    "use_smile_v2": false,
    "use_smile_v2_film": false,
    "use_smile_lean": true,
    "use_smile_lean_samepretrain": false,
    "use_smile_lean_v2": false,
    "obs_density_window": 5,
    "abl_no_density": false,
    "abl_no_mnar_bias": false,
    "abl_no_film": false,
    "abl_no_time_mnar": true,
    "abl_no_time_pe": false,
    "abl_no_cross_attn": false,
    "abl_no_mnar_cls": false,
    "abl_no_policy": false,
    "abl_no_dynamic_mnar": false,
    "abl_no_dual_head": false,
    "smile_no_mnar": false,
    "smile_no_curriculum": false,
    "smile_mask_type": "all",
    "smile_mnar_dropout": 0.05,
    "smile_mnar_dropout_initial": 0.0,
    "smile_stratified": false,
    "los_task": "classification",
    "los_label_unit": "auto",
    "los_use_class_weights": false,
    "los_save_metric": "auc_micro",
    "rank": 0,
    "world_size": 2,
    "distributed": true,
    "gpu": 0,
    "dist_backend": "nccl"
}
2026-04-25 10:26:00,742 Dataset Loaded.
2026-04-25 10:26:00,742 DataLoader kwargs: {'num_workers': 4, 'pin_memory': True, 'persistent_workers': True, 'prefetch_factor': 2}
2026-04-25 10:26:00,745 Runtime init: variable order resolved.
2026-04-25 10:26:00,746 Runtime init: variable order moved to CUDA.
2026-04-25 10:26:00,754 Runtime init: encoder moved to CUDA.
2026-04-25 10:26:00,755 Runtime init: classifier moved to CUDA.
2026-04-25 10:26:02,880 Runtime init: DDP wrap complete.
2026-04-25 10:26:02,888 Class weights: [0.5393641591072083, 6.850955486297607]
2026-04-25 10:26:02,905 last saved model is in epoch 25
2026-04-25 10:26:10,157 [[3654   84]
 [ 203   92]]
2026-04-25 10:26:10,165 AUC of ROC = 0.8403
2026-04-25 10:26:10,165 AUC of PRC = 0.3602
2026-04-25 10:26:10,165 min(+P, Se) = 0.4554
2026-04-25 10:26:10,166 f1_score = 0.4669 (threshold = 0.1207)
2026-04-25 10:26:10,166 Epoch 1: Train Loss 0.5745, Valid Loss 0.6651
2026-04-25 10:26:10,167 ----- Save best model - auprc: 0.3602 -----
2026-04-25 10:26:16,551 [[1957 1781]
 [  17  278]]
2026-04-25 10:26:16,558 AUC of ROC = 0.8696
2026-04-25 10:26:16,558 AUC of PRC = 0.3590
2026-04-25 10:26:16,558 min(+P, Se) = 0.4367
2026-04-25 10:26:16,558 f1_score = 0.4622 (threshold = 1.1844)
2026-04-25 10:26:16,559 Epoch 2: Train Loss 0.5059, Valid Loss 0.5494
2026-04-25 10:26:22,808 [[3619  119]
 [ 188  107]]
2026-04-25 10:26:22,814 AUC of ROC = 0.8709
2026-04-25 10:26:22,814 AUC of PRC = 0.3938
2026-04-25 10:26:22,814 min(+P, Se) = 0.4579
2026-04-25 10:26:22,814 f1_score = 0.4699 (threshold = 0.0161)
2026-04-25 10:26:22,815 Epoch 3: Train Loss 0.4846, Valid Loss 0.5959
2026-04-25 10:26:22,815 ----- Save best model - auprc: 0.3938 -----
2026-04-25 10:26:28,753 [[2946  792]
 [  48  247]]
2026-04-25 10:26:28,760 AUC of ROC = 0.8880
2026-04-25 10:26:28,760 AUC of PRC = 0.4129
2026-04-25 10:26:28,760 min(+P, Se) = 0.4866
2026-04-25 10:26:28,760 f1_score = 0.4892 (threshold = 0.6578)
2026-04-25 10:26:28,761 Epoch 4: Train Loss 0.4668, Valid Loss 0.4258
2026-04-25 10:26:28,761 ----- Save best model - auprc: 0.4129 -----
2026-04-25 10:26:35,030 [[3264  474]
 [  71  224]]
2026-04-25 10:26:35,037 AUC of ROC = 0.8934
2026-04-25 10:26:35,037 AUC of PRC = 0.4541
2026-04-25 10:26:35,037 min(+P, Se) = 0.5220
2026-04-25 10:26:35,037 f1_score = 0.5275 (threshold = 0.6179)
2026-04-25 10:26:35,038 Epoch 5: Train Loss 0.4683, Valid Loss 0.4182
2026-04-25 10:26:35,038 ----- Save best model - auprc: 0.4541 -----
2026-04-25 10:26:49,232 [[3434  304]
 [  51  244]]
2026-04-25 10:26:49,239 AUC of ROC = 0.9514
2026-04-25 10:26:49,239 AUC of PRC = 0.6617
2026-04-25 10:26:49,239 min(+P, Se) = 0.6486
2026-04-25 10:26:49,239 f1_score = 0.6613 (threshold = 0.7072)
2026-04-25 10:26:49,240 Epoch 6: Train Loss 0.4072, Valid Loss 0.2824
2026-04-25 10:26:49,240 ----- Save best model - auprc: 0.6617 -----
2026-04-25 10:27:02,705 [[3495  243]
 [  48  247]]
2026-04-25 10:27:02,711 AUC of ROC = 0.9624
2026-04-25 10:27:02,712 AUC of PRC = 0.7345
2026-04-25 10:27:02,712 min(+P, Se) = 0.7153
2026-04-25 10:27:02,712 f1_score = 0.7226 (threshold = 0.7313)
2026-04-25 10:27:02,712 Epoch 7: Train Loss 0.3261, Valid Loss 0.2557
2026-04-25 10:27:02,713 ----- Save best model - auprc: 0.7345 -----
2026-04-25 10:27:16,758 [[3126  612]
 [  19  276]]
2026-04-25 10:27:16,764 AUC of ROC = 0.9612
2026-04-25 10:27:16,765 AUC of PRC = 0.7375
2026-04-25 10:27:16,765 min(+P, Se) = 0.6881
2026-04-25 10:27:16,765 f1_score = 0.7034 (threshold = 1.5873)
2026-04-25 10:27:16,765 Epoch 8: Train Loss 0.2899, Valid Loss 0.2800
2026-04-25 10:27:16,766 ----- Save best model - auprc: 0.7375 -----
2026-04-25 10:27:30,662 [[3381  357]
 [  35  260]]
2026-04-25 10:27:30,669 AUC of ROC = 0.9641
2026-04-25 10:27:30,669 AUC of PRC = 0.7622
2026-04-25 10:27:30,669 min(+P, Se) = 0.7254
2026-04-25 10:27:30,669 f1_score = 0.7295 (threshold = 1.1777)
2026-04-25 10:27:30,670 Epoch 9: Train Loss 0.2999, Valid Loss 0.2547
2026-04-25 10:27:30,670 ----- Save best model - auprc: 0.7622 -----
2026-04-25 10:27:44,294 [[3378  360]
 [  31  264]]
2026-04-25 10:27:44,301 AUC of ROC = 0.9660
2026-04-25 10:27:44,301 AUC of PRC = 0.7640
2026-04-25 10:27:44,301 min(+P, Se) = 0.7297
2026-04-25 10:27:44,301 f1_score = 0.7332 (threshold = 1.1765)
2026-04-25 10:27:44,302 Epoch 10: Train Loss 0.2860, Valid Loss 0.2386
2026-04-25 10:27:44,302 ----- Save best model - auprc: 0.7640 -----
2026-04-25 10:27:57,776 [[3440  298]
 [  38  257]]
2026-04-25 10:27:57,783 AUC of ROC = 0.9664
2026-04-25 10:27:57,783 AUC of PRC = 0.7786
2026-04-25 10:27:57,783 min(+P, Se) = 0.7220
2026-04-25 10:27:57,783 f1_score = 0.7288 (threshold = 0.8172)
2026-04-25 10:27:57,784 Epoch 11: Train Loss 0.2763, Valid Loss 0.2364
2026-04-25 10:27:57,784 ----- Save best model - auprc: 0.7786 -----
2026-04-25 10:28:11,947 [[3408  330]
 [  33  262]]
2026-04-25 10:28:11,954 AUC of ROC = 0.9672
2026-04-25 10:28:11,954 AUC of PRC = 0.7738
2026-04-25 10:28:11,954 min(+P, Se) = 0.6983
2026-04-25 10:28:11,954 f1_score = 0.7093 (threshold = 0.5890)
2026-04-25 10:28:11,955 Epoch 12: Train Loss 0.2630, Valid Loss 0.2337
2026-04-25 10:28:25,560 [[3200  538]
 [  19  276]]
2026-04-25 10:28:25,565 AUC of ROC = 0.9697
2026-04-25 10:28:25,566 AUC of PRC = 0.7845
2026-04-25 10:28:25,566 min(+P, Se) = 0.7230
2026-04-25 10:28:25,566 f1_score = 0.7282 (threshold = 1.3395)
2026-04-25 10:28:25,566 Epoch 13: Train Loss 0.2668, Valid Loss 0.2540
2026-04-25 10:28:25,567 ----- Save best model - auprc: 0.7845 -----
2026-04-25 10:28:39,283 [[3424  314]
 [  33  262]]
2026-04-25 10:28:39,289 AUC of ROC = 0.9674
2026-04-25 10:28:39,289 AUC of PRC = 0.7814
2026-04-25 10:28:39,290 min(+P, Se) = 0.7273
2026-04-25 10:28:39,290 f1_score = 0.7348 (threshold = 1.1843)
2026-04-25 10:28:39,290 Epoch 14: Train Loss 0.2625, Valid Loss 0.2404
2026-04-25 10:28:53,096 [[3297  441]
 [  22  273]]
2026-04-25 10:28:53,103 AUC of ROC = 0.9672
2026-04-25 10:28:53,104 AUC of PRC = 0.7898
2026-04-25 10:28:53,104 min(+P, Se) = 0.7322
2026-04-25 10:28:53,104 f1_score = 0.7434 (threshold = 1.5545)
2026-04-25 10:28:53,104 Epoch 15: Train Loss 0.2351, Valid Loss 0.2490
2026-04-25 10:28:53,105 ----- Save best model - auprc: 0.7898 -----
2026-04-25 10:29:07,111 [[3495  243]
 [  40  255]]
2026-04-25 10:29:07,117 AUC of ROC = 0.9679
2026-04-25 10:29:07,118 AUC of PRC = 0.7877
2026-04-25 10:29:07,118 min(+P, Se) = 0.7331
2026-04-25 10:29:07,118 f1_score = 0.7367 (threshold = 1.0732)
2026-04-25 10:29:07,118 Epoch 16: Train Loss 0.2495, Valid Loss 0.2376
2026-04-25 10:29:21,535 [[3490  248]
 [  41  254]]
2026-04-25 10:29:21,542 AUC of ROC = 0.9644
2026-04-25 10:29:21,542 AUC of PRC = 0.7805
2026-04-25 10:29:21,542 min(+P, Se) = 0.7324
2026-04-25 10:29:21,542 f1_score = 0.7374 (threshold = 0.7481)
2026-04-25 10:29:21,542 Epoch 17: Train Loss 0.2381, Valid Loss 0.2462
2026-04-25 10:29:35,566 [[3445  293]
 [  35  260]]
2026-04-25 10:29:35,573 AUC of ROC = 0.9676
2026-04-25 10:29:35,574 AUC of PRC = 0.7907
2026-04-25 10:29:35,574 min(+P, Se) = 0.7424
2026-04-25 10:29:35,574 f1_score = 0.7462 (threshold = 1.1692)
2026-04-25 10:29:35,574 Epoch 18: Train Loss 0.2153, Valid Loss 0.2345
2026-04-25 10:29:35,575 ----- Save best model - auprc: 0.7907 -----
2026-04-25 10:29:49,241 [[3395  343]
 [  30  265]]
2026-04-25 10:29:49,248 AUC of ROC = 0.9669
2026-04-25 10:29:49,248 AUC of PRC = 0.7840
2026-04-25 10:29:49,248 min(+P, Se) = 0.7196
2026-04-25 10:29:49,248 f1_score = 0.7314 (threshold = 1.3243)
2026-04-25 10:29:49,249 Epoch 19: Train Loss 0.2233, Valid Loss 0.2366
2026-04-25 10:30:03,077 [[3481  257]
 [  37  258]]
2026-04-25 10:30:03,083 AUC of ROC = 0.9666
2026-04-25 10:30:03,084 AUC of PRC = 0.7867
2026-04-25 10:30:03,084 min(+P, Se) = 0.7153
2026-04-25 10:30:03,084 f1_score = 0.7257 (threshold = 1.0567)
2026-04-25 10:30:03,084 Epoch 20: Train Loss 0.2109, Valid Loss 0.2371
2026-04-25 10:30:16,844 [[3482  256]
 [  40  255]]
2026-04-25 10:30:16,851 AUC of ROC = 0.9666
2026-04-25 10:30:16,851 AUC of PRC = 0.7908
2026-04-25 10:30:16,851 min(+P, Se) = 0.7172
2026-04-25 10:30:16,851 f1_score = 0.7315 (threshold = 1.3075)
2026-04-25 10:30:16,851 Epoch 21: Train Loss 0.2011, Valid Loss 0.2412
2026-04-25 10:30:16,852 ----- Save best model - auprc: 0.7908 -----
2026-04-25 10:30:30,893 [[3450  288]
 [  36  259]]
2026-04-25 10:30:30,901 AUC of ROC = 0.9652
2026-04-25 10:30:30,901 AUC of PRC = 0.7858
2026-04-25 10:30:30,901 min(+P, Se) = 0.7230
2026-04-25 10:30:30,901 f1_score = 0.7255 (threshold = 0.9945)
2026-04-25 10:30:30,902 Epoch 22: Train Loss 0.1915, Valid Loss 0.2436
2026-04-25 10:30:44,781 [[3437  301]
 [  36  259]]
2026-04-25 10:30:44,787 AUC of ROC = 0.9646
2026-04-25 10:30:44,787 AUC of PRC = 0.7825
2026-04-25 10:30:44,787 min(+P, Se) = 0.7128
2026-04-25 10:30:44,787 f1_score = 0.7273 (threshold = 1.3556)
2026-04-25 10:30:44,788 Epoch 23: Train Loss 0.1900, Valid Loss 0.2463
2026-04-25 10:30:58,941 [[3479  259]
 [  40  255]]
2026-04-25 10:30:58,947 AUC of ROC = 0.9654
2026-04-25 10:30:58,947 AUC of PRC = 0.7870
2026-04-25 10:30:58,947 min(+P, Se) = 0.7215
2026-04-25 10:30:58,948 f1_score = 0.7292 (threshold = 1.2336)
2026-04-25 10:30:58,948 Epoch 24: Train Loss 0.1896, Valid Loss 0.2478
2026-04-25 10:31:12,808 [[3446  292]
 [  33  262]]
2026-04-25 10:31:12,814 AUC of ROC = 0.9651
2026-04-25 10:31:12,815 AUC of PRC = 0.7857
2026-04-25 10:31:12,815 min(+P, Se) = 0.7200
2026-04-25 10:31:12,815 f1_score = 0.7346 (threshold = 1.3011)
2026-04-25 10:31:12,815 Epoch 25: Train Loss 0.1893, Valid Loss 0.2464
2026-04-25 10:31:12,845 last saved model is in epoch 21
2026-04-25 10:31:14,217 [[3495  257]
 [  29  253]]
2026-04-25 10:31:14,225 AUC of ROC = 0.9674
2026-04-25 10:31:14,225 AUC of PRC = 0.8176
2026-04-25 10:31:14,225 min(+P, Se) = 0.7553
2026-04-25 10:31:14,225 f1_score = 0.7601 (threshold = 1.1086)
2026-04-25 10:31:14,225 Test Loss 0.2206
