2026-04-25 09:55:16,462 {
    "dataset": "c12",
    "data_dropout": 0.0,
    "epochs": 25,
    "lr": 0.001,
    "d_model": 32,
    "seed": 3407,
    "batch_size": 64,
    "num_workers": null,
    "dropout": 0.1,
    "save_model": true,
    "save_dir": "./export/c12/smart-smile-lean-no-time-mnar/seed_3407",
    "local_rank": 0,
    "min_mask_ratio": 0.15,
    "max_mask_ratio": 0.75,
    "e_layers": 2,
    "n_heads": 4,
    "time_dim": 16,
    "use_film": false,
    "use_smile": false,
    "use_smile_film": false,
    "use_smile_v2": false,
    "use_smile_v2_film": false,
    "use_smile_lean": true,
    "use_smile_lean_samepretrain": false,
    "use_smile_lean_v2": false,
    "use_mnar": false,
    "save_last": true,
    "smile_no_mnar": false,
    "smile_no_curriculum": false,
    "smile_mask_type": "all",
    "smile_mnar_dropout": 0.05,
    "obs_density_window": 5,
    "abl_no_density": false,
    "abl_no_mnar_bias": false,
    "abl_no_film": false,
    "abl_no_time_mnar": true,
    "abl_no_time_pe": false,
    "abl_no_cross_attn": false,
    "abl_no_mnar_cls": false,
    "abl_no_policy": false,
    "abl_no_dynamic_mnar": false,
    "abl_no_dual_head": false,
    "pretrain_mask_mode": "fixed",
    "ratio_temperature": 1.0,
    "smile_stratified": false,
    "smile_mask_weights": null,
    "rank": 0,
    "world_size": 2,
    "distributed": true,
    "gpu": 0,
    "dist_backend": "nccl"
}
2026-04-25 09:55:20,171 Dataset Loaded.
2026-04-25 09:55:20,172 system_groups: {'Vital_Invasive': 3, 'Blood_Gas': 4, 'Electrolyte': 5, 'Liver_Enzyme': 6, 'CBC': 3, 'Oxygenation': 3, 'Metabolic': 2}
2026-04-25 09:55:20,172 DataLoader kwargs: {'num_workers': 4, 'pin_memory': True, 'persistent_workers': True, 'prefetch_factor': 2}
2026-04-25 09:55:20,174 Runtime init: variable order resolved.
2026-04-25 09:55:20,176 Runtime init: variable order moved to CUDA.
2026-04-25 09:55:20,183 Runtime init: encoder moved to CUDA.
2026-04-25 09:55:20,184 Runtime init: predictor moved to CUDA.
2026-04-25 09:55:20,189 Runtime init: target encoder copied.
2026-04-25 09:55:22,497 Runtime init: DDP wrap complete.
2026-04-25 09:55:28,631 Epoch 1: Train Loss 7.1347, Valid Loss 2.7357, EMA Val 2.7357
2026-04-25 09:55:34,338 Epoch 2: Train Loss 2.7720, Valid Loss 1.8061, EMA Val 2.4568
2026-04-25 09:55:40,107 Epoch 3: Train Loss 2.0170, Valid Loss 1.4773, EMA Val 2.1630
2026-04-25 09:55:45,482 Epoch 4: Train Loss 1.5836, Valid Loss 1.1633, EMA Val 1.8631
2026-04-25 09:55:51,163 Epoch 5: Train Loss 1.2860, Valid Loss 0.9188, EMA Val 1.5798
2026-04-25 09:55:56,464 Epoch 6: Train Loss 1.1134, Valid Loss 0.8168, EMA Val 1.3509
2026-04-25 09:56:01,850 Epoch 7: Train Loss 1.0075, Valid Loss 0.8076, EMA Val 1.1879
2026-04-25 09:56:07,015 Epoch 8: Train Loss 0.9249, Valid Loss 0.6971, EMA Val 1.0407
2026-04-25 09:56:11,707 Epoch 9: Train Loss 0.8814, Valid Loss 0.6832, EMA Val 0.9334
2026-04-25 09:56:16,881 Epoch 10: Train Loss 0.7991, Valid Loss 0.6459, EMA Val 0.8472
2026-04-25 09:56:21,985 Epoch 11: Train Loss 0.7985, Valid Loss 0.6168, EMA Val 0.7780
2026-04-25 09:56:27,004 Epoch 12: Train Loss 0.7771, Valid Loss 0.6034, EMA Val 0.7256
2026-04-25 09:56:32,131 Epoch 13: Train Loss 0.7933, Valid Loss 0.6596, EMA Val 0.7058
2026-04-25 09:56:37,275 Epoch 14: Train Loss 0.7294, Valid Loss 0.5993, EMA Val 0.6739
2026-04-25 09:56:42,316 Epoch 15: Train Loss 0.7167, Valid Loss 0.5935, EMA Val 0.6497
2026-04-25 09:56:47,395 Epoch 16: Train Loss 0.6888, Valid Loss 0.6169, EMA Val 0.6399
2026-04-25 09:56:52,597 Epoch 17: Train Loss 0.7210, Valid Loss 0.5866, EMA Val 0.6239
2026-04-25 09:56:57,363 Epoch 18: Train Loss 0.6737, Valid Loss 0.6045, EMA Val 0.6181
2026-04-25 09:57:02,392 Epoch 19: Train Loss 0.6759, Valid Loss 0.6749, EMA Val 0.6351
2026-04-25 09:57:07,495 Epoch 20: Train Loss 0.6696, Valid Loss 0.5566, EMA Val 0.6116
2026-04-25 09:57:12,424 Epoch 21: Train Loss 0.6798, Valid Loss 0.5679, EMA Val 0.5985
2026-04-25 09:57:17,438 Epoch 22: Train Loss 0.6882, Valid Loss 0.5555, EMA Val 0.5856
2026-04-25 09:57:22,459 Epoch 23: Train Loss 0.5921, Valid Loss 0.5757, EMA Val 0.5826
2026-04-25 09:57:27,632 Epoch 24: Train Loss 0.6462, Valid Loss 0.6025, EMA Val 0.5886
2026-04-25 09:57:32,803 Epoch 25: Train Loss 0.6213, Valid Loss 0.5629, EMA Val 0.5809
2026-04-25 09:57:32,805 ----- Save last epoch model - L1: 0.5809 -----
2026-04-25 09:57:32,860 last saved model is in epoch 25
2026-04-25 09:57:33,746 Test Loss 0.5999
2026-04-25 09:58:43,359 {
    "dataset": "c12",
    "data_dropout": 0.0,
    "epochs": 25,
    "freeze_epochs": 5,
    "lr": 0.001,
    "d_model": 32,
    "seed": 3407,
    "batch_size": 64,
    "num_workers": null,
    "dropout": 0.1,
    "save_model": true,
    "save_dir": "./export/c12/smart-smile-lean-no-time-mnar/seed_3407",
    "pretrain_dir": null,
    "local_rank": 0,
    "e_layers": 2,
    "n_heads": 4,
    "time_dim": 16,
    "use_film": false,
    "use_smile": false,
    "use_smile_film": false,
    "use_mnar": false,
    "use_smile_v2": false,
    "use_smile_v2_film": false,
    "use_smile_lean": true,
    "use_smile_lean_samepretrain": false,
    "use_smile_lean_v2": false,
    "obs_density_window": 5,
    "abl_no_density": false,
    "abl_no_mnar_bias": false,
    "abl_no_film": false,
    "abl_no_time_mnar": true,
    "abl_no_time_pe": false,
    "abl_no_cross_attn": false,
    "abl_no_mnar_cls": false,
    "abl_no_policy": false,
    "abl_no_dynamic_mnar": false,
    "abl_no_dual_head": false,
    "smile_no_mnar": false,
    "smile_no_curriculum": false,
    "smile_mask_type": "all",
    "smile_mnar_dropout": 0.05,
    "smile_mnar_dropout_initial": 0.0,
    "smile_stratified": false,
    "los_task": "classification",
    "los_label_unit": "auto",
    "los_use_class_weights": false,
    "los_save_metric": "auc_micro",
    "rank": 0,
    "world_size": 2,
    "distributed": true,
    "gpu": 0,
    "dist_backend": "nccl"
}
2026-04-25 09:58:47,269 Dataset Loaded.
2026-04-25 09:58:47,270 DataLoader kwargs: {'num_workers': 4, 'pin_memory': True, 'persistent_workers': True, 'prefetch_factor': 2}
2026-04-25 09:58:47,272 Runtime init: variable order resolved.
2026-04-25 09:58:47,272 Runtime init: variable order moved to CUDA.
2026-04-25 09:58:47,280 Runtime init: encoder moved to CUDA.
2026-04-25 09:58:47,281 Runtime init: classifier moved to CUDA.
2026-04-25 09:58:48,999 Runtime init: DDP wrap complete.
2026-04-25 09:58:49,002 Class weights: [0.5820587277412415, 3.546597719192505]
2026-04-25 09:58:49,019 last saved model is in epoch 25
2026-04-25 09:58:52,235 [[765 269]
 [ 51 113]]
2026-04-25 09:58:52,241 AUC of ROC = 0.7861
2026-04-25 09:58:52,242 AUC of PRC = 0.3358
2026-04-25 09:58:52,242 min(+P, Se) = 0.3889
2026-04-25 09:58:52,242 f1_score = 0.4477 (threshold = -0.3552)
2026-04-25 09:58:52,243 Epoch 1: Train Loss 0.6773, Valid Loss 0.5443
2026-04-25 09:58:52,243 ----- Save best model - auprc: 0.3358 -----
2026-04-25 09:58:54,516 [[671 363]
 [ 21 143]]
2026-04-25 09:58:54,521 AUC of ROC = 0.8063
2026-04-25 09:58:54,521 AUC of PRC = 0.3598
2026-04-25 09:58:54,522 min(+P, Se) = 0.4019
2026-04-25 09:58:54,522 f1_score = 0.4623 (threshold = 0.1503)
2026-04-25 09:58:54,522 Epoch 2: Train Loss 0.6018, Valid Loss 0.5374
2026-04-25 09:58:54,523 ----- Save best model - auprc: 0.3598 -----
2026-04-25 09:58:56,897 [[562 472]
 [ 12 152]]
2026-04-25 09:58:56,901 AUC of ROC = 0.8096
2026-04-25 09:58:56,902 AUC of PRC = 0.3635
2026-04-25 09:58:56,902 min(+P, Se) = 0.4085
2026-04-25 09:58:56,902 f1_score = 0.4516 (threshold = 0.1865)
2026-04-25 09:58:56,902 Epoch 3: Train Loss 0.6007, Valid Loss 0.5728
2026-04-25 09:58:56,903 ----- Save best model - auprc: 0.3635 -----
2026-04-25 09:58:59,126 [[687 347]
 [ 21 143]]
2026-04-25 09:58:59,131 AUC of ROC = 0.8173
2026-04-25 09:58:59,131 AUC of PRC = 0.3874
2026-04-25 09:58:59,132 min(+P, Se) = 0.4078
2026-04-25 09:58:59,132 f1_score = 0.4523 (threshold = 0.0103)
2026-04-25 09:58:59,132 Epoch 4: Train Loss 0.5833, Valid Loss 0.5239
2026-04-25 09:58:59,133 ----- Save best model - auprc: 0.3874 -----
2026-04-25 09:59:01,367 [[835 199]
 [ 66  98]]
2026-04-25 09:59:01,372 AUC of ROC = 0.8115
2026-04-25 09:59:01,372 AUC of PRC = 0.3708
2026-04-25 09:59:01,372 min(+P, Se) = 0.4024
2026-04-25 09:59:01,372 f1_score = 0.4506 (threshold = -0.5166)
2026-04-25 09:59:01,373 Epoch 5: Train Loss 0.5720, Valid Loss 0.5195
2026-04-25 09:59:05,671 [[813 221]
 [ 38 126]]
2026-04-25 09:59:05,676 AUC of ROC = 0.8505
2026-04-25 09:59:05,676 AUC of PRC = 0.4951
2026-04-25 09:59:05,676 min(+P, Se) = 0.4940
2026-04-25 09:59:05,676 f1_score = 0.5037 (threshold = -0.1358)
2026-04-25 09:59:05,676 Epoch 6: Train Loss 0.5683, Valid Loss 0.4674
2026-04-25 09:59:05,677 ----- Save best model - auprc: 0.4951 -----
2026-04-25 09:59:10,103 [[737 297]
 [ 27 137]]
2026-04-25 09:59:10,108 AUC of ROC = 0.8488
2026-04-25 09:59:10,109 AUC of PRC = 0.5062
2026-04-25 09:59:10,109 min(+P, Se) = 0.5091
2026-04-25 09:59:10,109 f1_score = 0.5155 (threshold = 0.4315)
2026-04-25 09:59:10,109 Epoch 7: Train Loss 0.5169, Valid Loss 0.4838
2026-04-25 09:59:10,110 ----- Save best model - auprc: 0.5062 -----
2026-04-25 09:59:14,393 [[862 172]
 [ 54 110]]
2026-04-25 09:59:14,397 AUC of ROC = 0.8534
2026-04-25 09:59:14,398 AUC of PRC = 0.5177
2026-04-25 09:59:14,398 min(+P, Se) = 0.5244
2026-04-25 09:59:14,398 f1_score = 0.5350 (threshold = 0.2088)
2026-04-25 09:59:14,398 Epoch 8: Train Loss 0.5098, Valid Loss 0.4690
2026-04-25 09:59:14,399 ----- Save best model - auprc: 0.5177 -----
2026-04-25 09:59:18,664 [[849 185]
 [ 47 117]]
2026-04-25 09:59:18,670 AUC of ROC = 0.8581
2026-04-25 09:59:18,670 AUC of PRC = 0.5177
2026-04-25 09:59:18,670 min(+P, Se) = 0.5150
2026-04-25 09:59:18,670 f1_score = 0.5287 (threshold = 0.2697)
2026-04-25 09:59:18,671 Epoch 9: Train Loss 0.4825, Valid Loss 0.4560
2026-04-25 09:59:18,672 ----- Save best model - auprc: 0.5177 -----
2026-04-25 09:59:23,073 [[802 232]
 [ 35 129]]
2026-04-25 09:59:23,078 AUC of ROC = 0.8534
2026-04-25 09:59:23,078 AUC of PRC = 0.5180
2026-04-25 09:59:23,079 min(+P, Se) = 0.5366
2026-04-25 09:59:23,079 f1_score = 0.5366 (threshold = 0.5407)
2026-04-25 09:59:23,079 Epoch 10: Train Loss 0.5106, Valid Loss 0.4625
2026-04-25 09:59:23,080 ----- Save best model - auprc: 0.5180 -----
2026-04-25 09:59:27,500 [[870 164]
 [ 56 108]]
2026-04-25 09:59:27,506 AUC of ROC = 0.8564
2026-04-25 09:59:27,506 AUC of PRC = 0.5167
2026-04-25 09:59:27,506 min(+P, Se) = 0.5183
2026-04-25 09:59:27,506 f1_score = 0.5217 (threshold = 0.6451)
2026-04-25 09:59:27,507 Epoch 11: Train Loss 0.5042, Valid Loss 0.4675
2026-04-25 09:59:31,925 [[764 270]
 [ 24 140]]
2026-04-25 09:59:31,930 AUC of ROC = 0.8683
2026-04-25 09:59:31,931 AUC of PRC = 0.5408
2026-04-25 09:59:31,931 min(+P, Se) = 0.5366
2026-04-25 09:59:31,931 f1_score = 0.5366 (threshold = 0.6945)
2026-04-25 09:59:31,931 Epoch 12: Train Loss 0.4889, Valid Loss 0.4533
2026-04-25 09:59:31,932 ----- Save best model - auprc: 0.5408 -----
2026-04-25 09:59:36,386 [[748 286]
 [ 25 139]]
2026-04-25 09:59:36,391 AUC of ROC = 0.8604
2026-04-25 09:59:36,391 AUC of PRC = 0.5279
2026-04-25 09:59:36,391 min(+P, Se) = 0.5212
2026-04-25 09:59:36,391 f1_score = 0.5257 (threshold = 0.7972)
2026-04-25 09:59:36,392 Epoch 13: Train Loss 0.4851, Valid Loss 0.4594
2026-04-25 09:59:41,055 [[879 155]
 [ 48 116]]
2026-04-25 09:59:41,060 AUC of ROC = 0.8627
2026-04-25 09:59:41,060 AUC of PRC = 0.5280
2026-04-25 09:59:41,060 min(+P, Se) = 0.5610
2026-04-25 09:59:41,060 f1_score = 0.5610 (threshold = 0.3854)
2026-04-25 09:59:41,061 Epoch 14: Train Loss 0.4957, Valid Loss 0.4559
2026-04-25 09:59:45,335 [[764 270]
 [ 25 139]]
2026-04-25 09:59:45,340 AUC of ROC = 0.8613
2026-04-25 09:59:45,340 AUC of PRC = 0.5288
2026-04-25 09:59:45,340 min(+P, Se) = 0.5333
2026-04-25 09:59:45,340 f1_score = 0.5350 (threshold = 0.8097)
2026-04-25 09:59:45,341 Epoch 15: Train Loss 0.4795, Valid Loss 0.4612
2026-04-25 09:59:49,775 [[852 182]
 [ 45 119]]
2026-04-25 09:59:49,780 AUC of ROC = 0.8670
2026-04-25 09:59:49,781 AUC of PRC = 0.5374
2026-04-25 09:59:49,781 min(+P, Se) = 0.5427
2026-04-25 09:59:49,781 f1_score = 0.5466 (threshold = 0.3756)
2026-04-25 09:59:49,781 Epoch 16: Train Loss 0.4864, Valid Loss 0.4423
2026-04-25 09:59:54,366 [[815 219]
 [ 32 132]]
2026-04-25 09:59:54,371 AUC of ROC = 0.8738
2026-04-25 09:59:54,371 AUC of PRC = 0.5489
2026-04-25 09:59:54,372 min(+P, Se) = 0.5305
2026-04-25 09:59:54,372 f1_score = 0.5423 (threshold = 0.2485)
2026-04-25 09:59:54,372 Epoch 17: Train Loss 0.4684, Valid Loss 0.4346
2026-04-25 09:59:54,373 ----- Save best model - auprc: 0.5489 -----
2026-04-25 09:59:58,926 [[829 205]
 [ 36 128]]
2026-04-25 09:59:58,931 AUC of ROC = 0.8731
2026-04-25 09:59:58,932 AUC of PRC = 0.5444
2026-04-25 09:59:58,932 min(+P, Se) = 0.5488
2026-04-25 09:59:58,932 f1_score = 0.5515 (threshold = 0.4922)
2026-04-25 09:59:58,932 Epoch 18: Train Loss 0.4583, Valid Loss 0.4349
2026-04-25 10:00:03,250 [[812 222]
 [ 28 136]]
2026-04-25 10:00:03,255 AUC of ROC = 0.8745
2026-04-25 10:00:03,255 AUC of PRC = 0.5460
2026-04-25 10:00:03,255 min(+P, Se) = 0.5488
2026-04-25 10:00:03,255 f1_score = 0.5521 (threshold = 0.5521)
2026-04-25 10:00:03,256 Epoch 19: Train Loss 0.4684, Valid Loss 0.4350
2026-04-25 10:00:07,530 [[815 219]
 [ 29 135]]
2026-04-25 10:00:07,534 AUC of ROC = 0.8727
2026-04-25 10:00:07,535 AUC of PRC = 0.5413
2026-04-25 10:00:07,535 min(+P, Se) = 0.5427
2026-04-25 10:00:07,535 f1_score = 0.5449 (threshold = 0.5588)
2026-04-25 10:00:07,535 Epoch 20: Train Loss 0.4632, Valid Loss 0.4350
2026-04-25 10:00:12,049 [[829 205]
 [ 35 129]]
2026-04-25 10:00:12,054 AUC of ROC = 0.8730
2026-04-25 10:00:12,055 AUC of PRC = 0.5447
2026-04-25 10:00:12,055 min(+P, Se) = 0.5301
2026-04-25 10:00:12,055 f1_score = 0.5407 (threshold = 0.4850)
2026-04-25 10:00:12,055 Epoch 21: Train Loss 0.4530, Valid Loss 0.4328
2026-04-25 10:00:16,426 [[811 223]
 [ 30 134]]
2026-04-25 10:00:16,431 AUC of ROC = 0.8716
2026-04-25 10:00:16,431 AUC of PRC = 0.5413
2026-04-25 10:00:16,431 min(+P, Se) = 0.5515
2026-04-25 10:00:16,431 f1_score = 0.5532 (threshold = 0.6742)
2026-04-25 10:00:16,432 Epoch 22: Train Loss 0.4439, Valid Loss 0.4371
2026-04-25 10:00:20,684 [[813 221]
 [ 31 133]]
2026-04-25 10:00:20,688 AUC of ROC = 0.8720
2026-04-25 10:00:20,688 AUC of PRC = 0.5427
2026-04-25 10:00:20,689 min(+P, Se) = 0.5488
2026-04-25 10:00:20,689 f1_score = 0.5498 (threshold = 0.6356)
2026-04-25 10:00:20,689 Epoch 23: Train Loss 0.4645, Valid Loss 0.4354
2026-04-25 10:00:24,827 [[812 222]
 [ 29 135]]
2026-04-25 10:00:24,832 AUC of ROC = 0.8721
2026-04-25 10:00:24,832 AUC of PRC = 0.5429
2026-04-25 10:00:24,832 min(+P, Se) = 0.5427
2026-04-25 10:00:24,832 f1_score = 0.5483 (threshold = 0.6702)
2026-04-25 10:00:24,833 Epoch 24: Train Loss 0.4507, Valid Loss 0.4353
2026-04-25 10:00:29,056 [[815 219]
 [ 31 133]]
2026-04-25 10:00:29,061 AUC of ROC = 0.8718
2026-04-25 10:00:29,061 AUC of PRC = 0.5423
2026-04-25 10:00:29,061 min(+P, Se) = 0.5488
2026-04-25 10:00:29,062 f1_score = 0.5511 (threshold = 0.6517)
2026-04-25 10:00:29,062 Epoch 25: Train Loss 0.4549, Valid Loss 0.4348
2026-04-25 10:00:29,080 last saved model is in epoch 17
2026-04-25 10:00:29,976 [[812 197]
 [ 53 138]]
2026-04-25 10:00:29,982 AUC of ROC = 0.8484
2026-04-25 10:00:29,982 AUC of PRC = 0.5519
2026-04-25 10:00:29,982 min(+P, Se) = 0.5204
2026-04-25 10:00:29,982 f1_score = 0.5508 (threshold = 0.1583)
2026-04-25 10:00:29,982 Test Loss 0.4816
