2026-03-05 14:06:59,186 {
    "dataset": "c12",
    "data_dropout": 0.0,
    "epochs": 25,
    "lr": 0.001,
    "d_model": 32,
    "seed": 3407,
    "batch_size": 256,
    "dropout": 0.1,
    "save_model": true,
    "save_dir": "./export/c12\\smart-mnar\\seed_3407",
    "local_rank": 0,
    "min_mask_ratio": 0.0,
    "max_mask_ratio": 0.75,
    "e_layers": 2,
    "n_heads": 4,
    "time_dim": 16,
    "use_film": false,
    "use_smile": false,
    "use_mnar": true,
    "save_last": true,
    "smile_no_mnar": false,
    "smile_no_curriculum": false,
    "smile_mask_type": "all",
    "smile_mnar_dropout": 0.05
}
2026-03-05 14:07:00,219 Dataset Loaded.
2026-03-05 14:07:25,169 Epoch 1: Train Loss 12.2311, Valid Loss 7.5862
2026-03-05 14:07:49,097 Epoch 2: Train Loss 5.9024, Valid Loss 3.5786
2026-03-05 14:08:12,778 Epoch 3: Train Loss 4.0784, Valid Loss 3.0954
2026-03-05 14:08:36,693 Epoch 4: Train Loss 3.3959, Valid Loss 2.5959
2026-03-05 14:09:00,268 Epoch 5: Train Loss 2.9248, Valid Loss 2.2326
2026-03-05 14:09:23,891 Epoch 6: Train Loss 2.6011, Valid Loss 1.9613
2026-03-05 14:09:48,112 Epoch 7: Train Loss 2.3716, Valid Loss 1.9104
2026-03-05 14:10:12,262 Epoch 8: Train Loss 2.2048, Valid Loss 1.6986
2026-03-05 14:10:36,295 Epoch 9: Train Loss 2.0706, Valid Loss 1.6268
2026-03-05 14:11:00,313 Epoch 10: Train Loss 2.0050, Valid Loss 1.5113
2026-03-05 14:11:24,251 Epoch 11: Train Loss 1.9460, Valid Loss 1.4515
2026-03-05 14:11:48,258 Epoch 12: Train Loss 1.9250, Valid Loss 1.4155
2026-03-05 14:12:11,966 Epoch 13: Train Loss 1.8770, Valid Loss 1.3598
2026-03-05 14:12:35,963 Epoch 14: Train Loss 1.8391, Valid Loss 1.3431
2026-03-05 14:12:59,843 Epoch 15: Train Loss 1.8473, Valid Loss 1.3020
2026-03-05 14:13:23,777 Epoch 16: Train Loss 1.8314, Valid Loss 1.2700
2026-03-05 14:13:48,362 Epoch 17: Train Loss 1.8411, Valid Loss 1.2924
2026-03-05 14:14:12,372 Epoch 18: Train Loss 1.8522, Valid Loss 1.2639
2026-03-05 14:14:36,375 Epoch 19: Train Loss 1.8265, Valid Loss 1.3193
2026-03-05 14:15:00,197 Epoch 20: Train Loss 1.8321, Valid Loss 1.2522
2026-03-05 14:15:23,911 Epoch 21: Train Loss 1.8398, Valid Loss 1.2332
2026-03-05 14:15:47,899 Epoch 22: Train Loss 1.8295, Valid Loss 1.2448
2026-03-05 14:16:11,709 Epoch 23: Train Loss 1.8049, Valid Loss 1.2569
2026-03-05 14:16:35,651 Epoch 24: Train Loss 1.8366, Valid Loss 1.2194
2026-03-05 14:16:59,555 Epoch 25: Train Loss 1.8209, Valid Loss 1.2769
2026-03-05 14:16:59,556 ----- Save last epoch model - L1: 1.2769 -----
2026-03-05 14:16:59,602 last saved model is in epoch 25
2026-03-05 14:17:01,396 Test Loss 1.1975
2026-03-05 14:17:05,805 {
    "dataset": "c12",
    "data_dropout": 0.0,
    "epochs": 25,
    "freeze_epochs": 5,
    "lr": 0.001,
    "d_model": 32,
    "seed": 3407,
    "batch_size": 256,
    "dropout": 0.1,
    "save_model": true,
    "save_dir": "./export/c12\\smart-mnar\\seed_3407",
    "local_rank": 0,
    "e_layers": 2,
    "n_heads": 4,
    "time_dim": 16,
    "use_film": false,
    "use_smile": false,
    "use_mnar": true,
    "smile_no_mnar": false,
    "smile_no_curriculum": false,
    "smile_mask_type": "all",
    "smile_mnar_dropout": 0.05
}
2026-03-05 14:17:06,805 Dataset Loaded.
2026-03-05 14:17:09,193 last saved model is in epoch 25
2026-03-05 14:17:20,337 [[1005   23]
 [ 153   17]]
2026-03-05 14:17:20,340 AUC of ROC = 0.5334
2026-03-05 14:17:20,341 AUC of PRC = 0.1835
2026-03-05 14:17:20,341 min(+P, Se) = 0.2471
2026-03-05 14:17:20,342 f1_score = 0.1619
2026-03-05 14:17:20,342 Epoch 1: Train Loss 0.4674, Valid Loss 0.3499
2026-03-05 14:17:20,343 ----- Save best model - auprc: 0.1835 -----
2026-03-05 14:17:31,194 [[1007   21]
 [ 142   28]]
2026-03-05 14:17:31,197 AUC of ROC = 0.5668
2026-03-05 14:17:31,198 AUC of PRC = 0.2050
2026-03-05 14:17:31,198 min(+P, Se) = 0.2419
2026-03-05 14:17:31,198 f1_score = 0.2557
2026-03-05 14:17:31,202 Epoch 2: Train Loss 0.3858, Valid Loss 0.3376
2026-03-05 14:17:31,203 ----- Save best model - auprc: 0.2050 -----
2026-03-05 14:17:42,058 [[1025    3]
 [ 162    8]]
2026-03-05 14:17:42,061 AUC of ROC = 0.6111
2026-03-05 14:17:42,062 AUC of PRC = 0.2199
2026-03-05 14:17:42,062 min(+P, Se) = 0.2353
2026-03-05 14:17:42,062 f1_score = 0.0884
2026-03-05 14:17:42,063 Epoch 3: Train Loss 0.3740, Valid Loss 0.3581
2026-03-05 14:17:42,063 ----- Save best model - auprc: 0.2199 -----
2026-03-05 14:17:52,881 [[1022    6]
 [ 159   11]]
2026-03-05 14:17:52,887 AUC of ROC = 0.6273
2026-03-05 14:17:52,888 AUC of PRC = 0.2200
2026-03-05 14:17:52,888 min(+P, Se) = 0.2588
2026-03-05 14:17:52,888 f1_score = 0.1176
2026-03-05 14:17:52,889 Epoch 4: Train Loss 0.3792, Valid Loss 0.3540
2026-03-05 14:17:52,891 ----- Save best model - auprc: 0.2200 -----
2026-03-05 14:18:03,641 [[981  47]
 [116  54]]
2026-03-05 14:18:03,645 AUC of ROC = 0.6694
2026-03-05 14:18:03,646 AUC of PRC = 0.2471
2026-03-05 14:18:03,646 min(+P, Se) = 0.2738
2026-03-05 14:18:03,648 f1_score = 0.3985
2026-03-05 14:18:03,649 Epoch 5: Train Loss 0.3750, Valid Loss 0.3410
2026-03-05 14:18:03,649 ----- Save best model - auprc: 0.2471 -----
2026-03-05 14:18:20,730 [[1010   18]
 [ 132   38]]
2026-03-05 14:18:20,734 AUC of ROC = 0.7670
2026-03-05 14:18:20,734 AUC of PRC = 0.3547
2026-03-05 14:18:20,734 min(+P, Se) = 0.3743
2026-03-05 14:18:20,734 f1_score = 0.3363
2026-03-05 14:18:20,735 Epoch 6: Train Loss 0.3649, Valid Loss 0.3208
2026-03-05 14:18:20,736 ----- Save best model - auprc: 0.3547 -----
2026-03-05 14:18:37,927 [[990  38]
 [120  50]]
2026-03-05 14:18:37,930 AUC of ROC = 0.7782
2026-03-05 14:18:37,931 AUC of PRC = 0.3773
2026-03-05 14:18:37,931 min(+P, Se) = 0.4000
2026-03-05 14:18:37,931 f1_score = 0.3876
2026-03-05 14:18:37,932 Epoch 7: Train Loss 0.3317, Valid Loss 0.3230
2026-03-05 14:18:37,932 ----- Save best model - auprc: 0.3773 -----
2026-03-05 14:18:54,984 [[1019    9]
 [ 142   28]]
2026-03-05 14:18:54,987 AUC of ROC = 0.7921
2026-03-05 14:18:54,988 AUC of PRC = 0.3979
2026-03-05 14:18:54,988 min(+P, Se) = 0.4000
2026-03-05 14:18:54,988 f1_score = 0.2705
2026-03-05 14:18:54,989 Epoch 8: Train Loss 0.3300, Valid Loss 0.3397
2026-03-05 14:18:54,991 ----- Save best model - auprc: 0.3979 -----
2026-03-05 14:19:12,030 [[1014   14]
 [ 133   37]]
2026-03-05 14:19:12,034 AUC of ROC = 0.8071
2026-03-05 14:19:12,034 AUC of PRC = 0.4431
2026-03-05 14:19:12,034 min(+P, Se) = 0.4294
2026-03-05 14:19:12,035 f1_score = 0.3348
2026-03-05 14:19:12,035 Epoch 9: Train Loss 0.3232, Valid Loss 0.3104
2026-03-05 14:19:12,036 ----- Save best model - auprc: 0.4431 -----
2026-03-05 14:19:29,220 [[1018   10]
 [ 141   29]]
2026-03-05 14:19:29,223 AUC of ROC = 0.8115
2026-03-05 14:19:29,224 AUC of PRC = 0.4383
2026-03-05 14:19:29,224 min(+P, Se) = 0.4353
2026-03-05 14:19:29,224 f1_score = 0.2775
2026-03-05 14:19:29,225 Epoch 10: Train Loss 0.3104, Valid Loss 0.3377
2026-03-05 14:19:46,406 [[1004   24]
 [ 116   54]]
2026-03-05 14:19:46,410 AUC of ROC = 0.8126
2026-03-05 14:19:46,410 AUC of PRC = 0.4419
2026-03-05 14:19:46,410 min(+P, Se) = 0.4278
2026-03-05 14:19:46,411 f1_score = 0.4355
2026-03-05 14:19:46,411 Epoch 11: Train Loss 0.3162, Valid Loss 0.3037
2026-03-05 14:20:03,419 [[1008   20]
 [ 131   39]]
2026-03-05 14:20:03,422 AUC of ROC = 0.8189
2026-03-05 14:20:03,423 AUC of PRC = 0.4670
2026-03-05 14:20:03,423 min(+P, Se) = 0.4588
2026-03-05 14:20:03,423 f1_score = 0.3406
2026-03-05 14:20:03,423 Epoch 12: Train Loss 0.3083, Valid Loss 0.3081
2026-03-05 14:20:03,424 ----- Save best model - auprc: 0.4670 -----
2026-03-05 14:20:20,407 [[985  43]
 [110  60]]
2026-03-05 14:20:20,410 AUC of ROC = 0.8184
2026-03-05 14:20:20,411 AUC of PRC = 0.4645
2026-03-05 14:20:20,411 min(+P, Se) = 0.4425
2026-03-05 14:20:20,411 f1_score = 0.4396
2026-03-05 14:20:20,412 Epoch 13: Train Loss 0.3081, Valid Loss 0.3051
2026-03-05 14:20:37,580 [[1005   23]
 [ 118   52]]
2026-03-05 14:20:37,584 AUC of ROC = 0.8236
2026-03-05 14:20:37,584 AUC of PRC = 0.4768
2026-03-05 14:20:37,584 min(+P, Se) = 0.4655
2026-03-05 14:20:37,585 f1_score = 0.4245
2026-03-05 14:20:37,585 Epoch 14: Train Loss 0.3038, Valid Loss 0.2991
2026-03-05 14:20:37,586 ----- Save best model - auprc: 0.4768 -----
2026-03-05 14:20:54,514 [[976  52]
 [101  69]]
2026-03-05 14:20:54,517 AUC of ROC = 0.8296
2026-03-05 14:20:54,518 AUC of PRC = 0.4925
2026-03-05 14:20:54,518 min(+P, Se) = 0.4651
2026-03-05 14:20:54,518 f1_score = 0.4742
2026-03-05 14:20:54,519 Epoch 15: Train Loss 0.3080, Valid Loss 0.3119
2026-03-05 14:20:54,519 ----- Save best model - auprc: 0.4925 -----
2026-03-05 14:21:11,461 [[1009   19]
 [ 119   51]]
2026-03-05 14:21:11,465 AUC of ROC = 0.8306
2026-03-05 14:21:11,465 AUC of PRC = 0.4883
2026-03-05 14:21:11,465 min(+P, Se) = 0.4588
2026-03-05 14:21:11,465 f1_score = 0.4250
2026-03-05 14:21:11,466 Epoch 16: Train Loss 0.3050, Valid Loss 0.3004
2026-03-05 14:21:28,482 [[994  34]
 [115  55]]
2026-03-05 14:21:28,486 AUC of ROC = 0.8258
2026-03-05 14:21:28,486 AUC of PRC = 0.4806
2026-03-05 14:21:28,487 min(+P, Se) = 0.4678
2026-03-05 14:21:28,487 f1_score = 0.4247
2026-03-05 14:21:28,488 Epoch 17: Train Loss 0.3007, Valid Loss 0.2986
2026-03-05 14:21:45,497 [[1009   19]
 [ 120   50]]
2026-03-05 14:21:45,500 AUC of ROC = 0.8243
2026-03-05 14:21:45,501 AUC of PRC = 0.4822
2026-03-05 14:21:45,501 min(+P, Se) = 0.4494
2026-03-05 14:21:45,501 f1_score = 0.4184
2026-03-05 14:21:45,502 Epoch 18: Train Loss 0.2976, Valid Loss 0.2940
2026-03-05 14:22:02,528 [[1002   26]
 [ 117   53]]
2026-03-05 14:22:02,531 AUC of ROC = 0.8323
2026-03-05 14:22:02,531 AUC of PRC = 0.4966
2026-03-05 14:22:02,532 min(+P, Se) = 0.4620
2026-03-05 14:22:02,532 f1_score = 0.4257
2026-03-05 14:22:02,532 Epoch 19: Train Loss 0.2991, Valid Loss 0.2925
2026-03-05 14:22:02,533 ----- Save best model - auprc: 0.4966 -----
2026-03-05 14:22:19,513 [[1003   25]
 [ 118   52]]
2026-03-05 14:22:19,517 AUC of ROC = 0.8357
2026-03-05 14:22:19,517 AUC of PRC = 0.5132
2026-03-05 14:22:19,517 min(+P, Se) = 0.4854
2026-03-05 14:22:19,517 f1_score = 0.4211
2026-03-05 14:22:19,518 Epoch 20: Train Loss 0.2983, Valid Loss 0.2954
2026-03-05 14:22:19,519 ----- Save best model - auprc: 0.5132 -----
2026-03-05 14:22:36,599 [[967  61]
 [ 93  77]]
2026-03-05 14:22:36,602 AUC of ROC = 0.8321
2026-03-05 14:22:36,603 AUC of PRC = 0.5054
2026-03-05 14:22:36,603 min(+P, Se) = 0.4765
2026-03-05 14:22:36,604 f1_score = 0.5000
2026-03-05 14:22:36,604 Epoch 21: Train Loss 0.2986, Valid Loss 0.3184
2026-03-05 14:22:53,628 [[970  58]
 [ 99  71]]
2026-03-05 14:22:53,631 AUC of ROC = 0.8371
2026-03-05 14:22:53,632 AUC of PRC = 0.5048
2026-03-05 14:22:53,632 min(+P, Se) = 0.4746
2026-03-05 14:22:53,632 f1_score = 0.4749
2026-03-05 14:22:53,633 Epoch 22: Train Loss 0.2984, Valid Loss 0.3024
2026-03-05 14:23:10,576 [[1009   19]
 [ 121   49]]
2026-03-05 14:23:10,579 AUC of ROC = 0.8364
2026-03-05 14:23:10,579 AUC of PRC = 0.5094
2026-03-05 14:23:10,579 min(+P, Se) = 0.4767
2026-03-05 14:23:10,579 f1_score = 0.4118
2026-03-05 14:23:10,580 Epoch 23: Train Loss 0.2959, Valid Loss 0.3038
2026-03-05 14:23:27,548 [[1001   27]
 [ 118   52]]
2026-03-05 14:23:27,553 AUC of ROC = 0.8363
2026-03-05 14:23:27,554 AUC of PRC = 0.5085
2026-03-05 14:23:27,554 min(+P, Se) = 0.4770
2026-03-05 14:23:27,554 f1_score = 0.4177
2026-03-05 14:23:27,555 Epoch 24: Train Loss 0.2935, Valid Loss 0.2987
2026-03-05 14:23:44,654 [[1005   23]
 [ 119   51]]
2026-03-05 14:23:44,657 AUC of ROC = 0.8359
2026-03-05 14:23:44,657 AUC of PRC = 0.5096
2026-03-05 14:23:44,657 min(+P, Se) = 0.4525
2026-03-05 14:23:44,658 f1_score = 0.4180
2026-03-05 14:23:44,658 Epoch 25: Train Loss 0.2958, Valid Loss 0.2961
2026-03-05 14:23:44,691 last saved model is in epoch 20
2026-03-05 14:23:45,839 [[988  37]
 [120  55]]
2026-03-05 14:23:45,843 AUC of ROC = 0.8485
2026-03-05 14:23:45,843 AUC of PRC = 0.5162
2026-03-05 14:23:45,843 min(+P, Se) = 0.5288
2026-03-05 14:23:45,844 f1_score = 0.4120
2026-03-05 14:23:45,844 Test Loss 0.2970
