2026-04-25 05:50:36,420 {
    "dataset": "c12",
    "data_dropout": 0.0,
    "epochs": 25,
    "lr": 0.001,
    "d_model": 32,
    "seed": 3407,
    "batch_size": 64,
    "num_workers": null,
    "dropout": 0.1,
    "save_model": true,
    "save_dir": "./export/c12/smart-smile-lean-no-mnar-bias/seed_3407",
    "local_rank": 0,
    "min_mask_ratio": 0.15,
    "max_mask_ratio": 0.75,
    "e_layers": 2,
    "n_heads": 4,
    "time_dim": 16,
    "use_film": false,
    "use_smile": false,
    "use_smile_film": false,
    "use_smile_v2": false,
    "use_smile_v2_film": false,
    "use_smile_lean": true,
    "use_smile_lean_samepretrain": false,
    "use_smile_lean_v2": false,
    "use_mnar": false,
    "save_last": true,
    "smile_no_mnar": false,
    "smile_no_curriculum": false,
    "smile_mask_type": "all",
    "smile_mnar_dropout": 0.05,
    "obs_density_window": 5,
    "abl_no_density": false,
    "abl_no_mnar_bias": true,
    "abl_no_film": false,
    "abl_no_time_mnar": false,
    "abl_no_time_pe": false,
    "abl_no_cross_attn": false,
    "abl_no_mnar_cls": false,
    "abl_no_policy": false,
    "abl_no_dynamic_mnar": false,
    "abl_no_dual_head": false,
    "pretrain_mask_mode": "fixed",
    "ratio_temperature": 1.0,
    "smile_stratified": false,
    "smile_mask_weights": null,
    "rank": 0,
    "world_size": 2,
    "distributed": true,
    "gpu": 0,
    "dist_backend": "nccl"
}
2026-04-25 05:50:40,351 Dataset Loaded.
2026-04-25 05:50:40,351 system_groups: {'Vital_Invasive': 3, 'Blood_Gas': 4, 'Electrolyte': 5, 'Liver_Enzyme': 6, 'CBC': 3, 'Oxygenation': 3, 'Metabolic': 2}
2026-04-25 05:50:40,351 DataLoader kwargs: {'num_workers': 4, 'pin_memory': True, 'persistent_workers': True, 'prefetch_factor': 2}
2026-04-25 05:50:40,353 Runtime init: variable order resolved.
2026-04-25 05:50:40,354 Runtime init: variable order moved to CUDA.
2026-04-25 05:50:40,362 Runtime init: encoder moved to CUDA.
2026-04-25 05:50:40,363 Runtime init: predictor moved to CUDA.
2026-04-25 05:50:40,370 Runtime init: target encoder copied.
2026-04-25 05:50:42,241 Runtime init: DDP wrap complete.
2026-04-25 05:50:48,041 Epoch 1: Train Loss 7.1347, Valid Loss 2.7356, EMA Val 2.7356
2026-04-25 05:50:53,178 Epoch 2: Train Loss 2.7719, Valid Loss 1.8059, EMA Val 2.4567
2026-04-25 05:50:58,247 Epoch 3: Train Loss 2.0169, Valid Loss 1.4770, EMA Val 2.1628
2026-04-25 05:51:03,455 Epoch 4: Train Loss 1.5835, Valid Loss 1.1636, EMA Val 1.8630
2026-04-25 05:51:08,566 Epoch 5: Train Loss 1.2858, Valid Loss 0.9186, EMA Val 1.5797
2026-04-25 05:51:13,736 Epoch 6: Train Loss 1.1133, Valid Loss 0.8167, EMA Val 1.3508
2026-04-25 05:51:18,715 Epoch 7: Train Loss 1.0072, Valid Loss 0.8065, EMA Val 1.1875
2026-04-25 05:51:23,737 Epoch 8: Train Loss 0.9246, Valid Loss 0.6936, EMA Val 1.0393
2026-04-25 05:51:28,653 Epoch 9: Train Loss 0.8814, Valid Loss 0.6831, EMA Val 0.9325
2026-04-25 05:51:33,760 Epoch 10: Train Loss 0.7989, Valid Loss 0.6459, EMA Val 0.8465
2026-04-25 05:51:38,930 Epoch 11: Train Loss 0.7983, Valid Loss 0.6166, EMA Val 0.7775
2026-04-25 05:51:43,845 Epoch 12: Train Loss 0.7769, Valid Loss 0.6031, EMA Val 0.7252
2026-04-25 05:51:48,865 Epoch 13: Train Loss 0.7925, Valid Loss 0.6594, EMA Val 0.7055
2026-04-25 05:51:53,922 Epoch 14: Train Loss 0.7293, Valid Loss 0.5986, EMA Val 0.6734
2026-04-25 05:51:59,013 Epoch 15: Train Loss 0.7161, Valid Loss 0.5931, EMA Val 0.6493
2026-04-25 05:52:04,038 Epoch 16: Train Loss 0.6884, Valid Loss 0.6165, EMA Val 0.6395
2026-04-25 05:52:09,299 Epoch 17: Train Loss 0.7203, Valid Loss 0.5847, EMA Val 0.6230
2026-04-25 05:52:14,425 Epoch 18: Train Loss 0.6734, Valid Loss 0.6047, EMA Val 0.6175
2026-04-25 05:52:19,431 Epoch 19: Train Loss 0.6755, Valid Loss 0.6710, EMA Val 0.6336
2026-04-25 05:52:24,553 Epoch 20: Train Loss 0.6685, Valid Loss 0.5562, EMA Val 0.6103
2026-04-25 05:52:29,689 Epoch 21: Train Loss 0.6791, Valid Loss 0.5674, EMA Val 0.5975
2026-04-25 05:52:34,663 Epoch 22: Train Loss 0.6877, Valid Loss 0.5550, EMA Val 0.5847
2026-04-25 05:52:39,763 Epoch 23: Train Loss 0.5916, Valid Loss 0.5749, EMA Val 0.5818
2026-04-25 05:52:44,918 Epoch 24: Train Loss 0.6457, Valid Loss 0.6018, EMA Val 0.5878
2026-04-25 05:52:49,960 Epoch 25: Train Loss 0.6205, Valid Loss 0.5623, EMA Val 0.5801
2026-04-25 05:52:49,961 ----- Save last epoch model - L1: 0.5801 -----
2026-04-25 05:52:50,011 last saved model is in epoch 25
2026-04-25 05:52:50,833 Test Loss 0.5993
2026-04-25 05:54:00,840 {
    "dataset": "c12",
    "data_dropout": 0.0,
    "epochs": 25,
    "freeze_epochs": 5,
    "lr": 0.001,
    "d_model": 32,
    "seed": 3407,
    "batch_size": 64,
    "num_workers": null,
    "dropout": 0.1,
    "save_model": true,
    "save_dir": "./export/c12/smart-smile-lean-no-mnar-bias/seed_3407",
    "pretrain_dir": null,
    "local_rank": 0,
    "e_layers": 2,
    "n_heads": 4,
    "time_dim": 16,
    "use_film": false,
    "use_smile": false,
    "use_smile_film": false,
    "use_mnar": false,
    "use_smile_v2": false,
    "use_smile_v2_film": false,
    "use_smile_lean": true,
    "use_smile_lean_samepretrain": false,
    "use_smile_lean_v2": false,
    "obs_density_window": 5,
    "abl_no_density": false,
    "abl_no_mnar_bias": true,
    "abl_no_film": false,
    "abl_no_time_mnar": false,
    "abl_no_time_pe": false,
    "abl_no_cross_attn": false,
    "abl_no_mnar_cls": false,
    "abl_no_policy": false,
    "abl_no_dynamic_mnar": false,
    "abl_no_dual_head": false,
    "smile_no_mnar": false,
    "smile_no_curriculum": false,
    "smile_mask_type": "all",
    "smile_mnar_dropout": 0.05,
    "smile_mnar_dropout_initial": 0.0,
    "smile_stratified": false,
    "los_task": "classification",
    "los_label_unit": "auto",
    "los_use_class_weights": false,
    "los_save_metric": "auc_micro",
    "rank": 0,
    "world_size": 2,
    "distributed": true,
    "gpu": 0,
    "dist_backend": "nccl"
}
2026-04-25 05:54:04,502 Dataset Loaded.
2026-04-25 05:54:04,503 DataLoader kwargs: {'num_workers': 4, 'pin_memory': True, 'persistent_workers': True, 'prefetch_factor': 2}
2026-04-25 05:54:04,505 Runtime init: variable order resolved.
2026-04-25 05:54:04,505 Runtime init: variable order moved to CUDA.
2026-04-25 05:54:04,513 Runtime init: encoder moved to CUDA.
2026-04-25 05:54:04,514 Runtime init: classifier moved to CUDA.
2026-04-25 05:54:06,329 Runtime init: DDP wrap complete.
2026-04-25 05:54:06,333 Class weights: [0.5820587277412415, 3.546597719192505]
2026-04-25 05:54:06,359 last saved model is in epoch 25
2026-04-25 05:54:09,668 [[765 269]
 [ 51 113]]
2026-04-25 05:54:09,677 AUC of ROC = 0.7864
2026-04-25 05:54:09,677 AUC of PRC = 0.3361
2026-04-25 05:54:09,677 min(+P, Se) = 0.3842
2026-04-25 05:54:09,678 f1_score = 0.4453 (threshold = -0.3229)
2026-04-25 05:54:09,678 Epoch 1: Train Loss 0.6771, Valid Loss 0.5440
2026-04-25 05:54:09,679 ----- Save best model - auprc: 0.3361 -----
2026-04-25 05:54:11,913 [[671 363]
 [ 21 143]]
2026-04-25 05:54:11,918 AUC of ROC = 0.8064
2026-04-25 05:54:11,918 AUC of PRC = 0.3591
2026-04-25 05:54:11,919 min(+P, Se) = 0.4000
2026-04-25 05:54:11,919 f1_score = 0.4612 (threshold = 0.1515)
2026-04-25 05:54:11,919 Epoch 2: Train Loss 0.6016, Valid Loss 0.5369
2026-04-25 05:54:11,920 ----- Save best model - auprc: 0.3591 -----
2026-04-25 05:54:14,196 [[562 472]
 [ 11 153]]
2026-04-25 05:54:14,200 AUC of ROC = 0.8096
2026-04-25 05:54:14,200 AUC of PRC = 0.3631
2026-04-25 05:54:14,200 min(+P, Se) = 0.4085
2026-04-25 05:54:14,200 f1_score = 0.4516 (threshold = 0.1931)
2026-04-25 05:54:14,201 Epoch 3: Train Loss 0.6003, Valid Loss 0.5725
2026-04-25 05:54:14,201 ----- Save best model - auprc: 0.3631 -----
2026-04-25 05:54:16,307 [[686 348]
 [ 22 142]]
2026-04-25 05:54:16,312 AUC of ROC = 0.8175
2026-04-25 05:54:16,312 AUC of PRC = 0.3879
2026-04-25 05:54:16,312 min(+P, Se) = 0.4098
2026-04-25 05:54:16,313 f1_score = 0.4536 (threshold = -0.0980)
2026-04-25 05:54:16,313 Epoch 4: Train Loss 0.5831, Valid Loss 0.5239
2026-04-25 05:54:16,314 ----- Save best model - auprc: 0.3879 -----
2026-04-25 05:54:18,416 [[834 200]
 [ 65  99]]
2026-04-25 05:54:18,421 AUC of ROC = 0.8116
2026-04-25 05:54:18,421 AUC of PRC = 0.3703
2026-04-25 05:54:18,421 min(+P, Se) = 0.4061
2026-04-25 05:54:18,421 f1_score = 0.4510 (threshold = -0.5240)
2026-04-25 05:54:18,422 Epoch 5: Train Loss 0.5719, Valid Loss 0.5191
2026-04-25 05:54:22,699 [[811 223]
 [ 38 126]]
2026-04-25 05:54:22,704 AUC of ROC = 0.8502
2026-04-25 05:54:22,704 AUC of PRC = 0.4942
2026-04-25 05:54:22,704 min(+P, Se) = 0.4970
2026-04-25 05:54:22,705 f1_score = 0.5037 (threshold = -0.1394)
2026-04-25 05:54:22,705 Epoch 6: Train Loss 0.5685, Valid Loss 0.4676
2026-04-25 05:54:22,706 ----- Save best model - auprc: 0.4942 -----
2026-04-25 05:54:27,156 [[736 298]
 [ 27 137]]
2026-04-25 05:54:27,160 AUC of ROC = 0.8488
2026-04-25 05:54:27,160 AUC of PRC = 0.5063
2026-04-25 05:54:27,160 min(+P, Se) = 0.5061
2026-04-25 05:54:27,160 f1_score = 0.5155 (threshold = 0.4297)
2026-04-25 05:54:27,161 Epoch 7: Train Loss 0.5172, Valid Loss 0.4840
2026-04-25 05:54:27,161 ----- Save best model - auprc: 0.5063 -----
2026-04-25 05:54:31,647 [[861 173]
 [ 54 110]]
2026-04-25 05:54:31,653 AUC of ROC = 0.8535
2026-04-25 05:54:31,653 AUC of PRC = 0.5186
2026-04-25 05:54:31,653 min(+P, Se) = 0.5244
2026-04-25 05:54:31,653 f1_score = 0.5350 (threshold = 0.2110)
2026-04-25 05:54:31,654 Epoch 8: Train Loss 0.5097, Valid Loss 0.4689
2026-04-25 05:54:31,654 ----- Save best model - auprc: 0.5186 -----
2026-04-25 05:54:36,047 [[849 185]
 [ 46 118]]
2026-04-25 05:54:36,052 AUC of ROC = 0.8582
2026-04-25 05:54:36,052 AUC of PRC = 0.5181
2026-04-25 05:54:36,052 min(+P, Se) = 0.5150
2026-04-25 05:54:36,053 f1_score = 0.5287 (threshold = 0.2666)
2026-04-25 05:54:36,053 Epoch 9: Train Loss 0.4826, Valid Loss 0.4559
2026-04-25 05:54:40,278 [[800 234]
 [ 35 129]]
2026-04-25 05:54:40,283 AUC of ROC = 0.8532
2026-04-25 05:54:40,283 AUC of PRC = 0.5176
2026-04-25 05:54:40,283 min(+P, Se) = 0.5366
2026-04-25 05:54:40,283 f1_score = 0.5366 (threshold = 0.5408)
2026-04-25 05:54:40,284 Epoch 10: Train Loss 0.5107, Valid Loss 0.4627
2026-04-25 05:54:44,330 [[869 165]
 [ 56 108]]
2026-04-25 05:54:44,335 AUC of ROC = 0.8565
2026-04-25 05:54:44,335 AUC of PRC = 0.5165
2026-04-25 05:54:44,335 min(+P, Se) = 0.5183
2026-04-25 05:54:44,335 f1_score = 0.5217 (threshold = 0.6551)
2026-04-25 05:54:44,336 Epoch 11: Train Loss 0.5042, Valid Loss 0.4670
2026-04-25 05:54:48,584 [[763 271]
 [ 24 140]]
2026-04-25 05:54:48,589 AUC of ROC = 0.8684
2026-04-25 05:54:48,589 AUC of PRC = 0.5414
2026-04-25 05:54:48,590 min(+P, Se) = 0.5305
2026-04-25 05:54:48,590 f1_score = 0.5372 (threshold = 0.7959)
2026-04-25 05:54:48,590 Epoch 12: Train Loss 0.4890, Valid Loss 0.4532
2026-04-25 05:54:48,591 ----- Save best model - auprc: 0.5414 -----
2026-04-25 05:54:52,820 [[749 285]
 [ 25 139]]
2026-04-25 05:54:52,825 AUC of ROC = 0.8607
2026-04-25 05:54:52,825 AUC of PRC = 0.5288
2026-04-25 05:54:52,825 min(+P, Se) = 0.5241
2026-04-25 05:54:52,825 f1_score = 0.5273 (threshold = 0.7943)
2026-04-25 05:54:52,825 Epoch 13: Train Loss 0.4852, Valid Loss 0.4590
2026-04-25 05:54:56,823 [[878 156]
 [ 48 116]]
2026-04-25 05:54:56,828 AUC of ROC = 0.8628
2026-04-25 05:54:56,828 AUC of PRC = 0.5285
2026-04-25 05:54:56,828 min(+P, Se) = 0.5610
2026-04-25 05:54:56,828 f1_score = 0.5610 (threshold = 0.3829)
2026-04-25 05:54:56,828 Epoch 14: Train Loss 0.4957, Valid Loss 0.4557
2026-04-25 05:55:01,008 [[764 270]
 [ 26 138]]
2026-04-25 05:55:01,013 AUC of ROC = 0.8613
2026-04-25 05:55:01,013 AUC of PRC = 0.5291
2026-04-25 05:55:01,013 min(+P, Se) = 0.5333
2026-04-25 05:55:01,013 f1_score = 0.5350 (threshold = 0.8021)
2026-04-25 05:55:01,014 Epoch 15: Train Loss 0.4795, Valid Loss 0.4612
2026-04-25 05:55:05,113 [[851 183]
 [ 44 120]]
2026-04-25 05:55:05,119 AUC of ROC = 0.8672
2026-04-25 05:55:05,119 AUC of PRC = 0.5372
2026-04-25 05:55:05,120 min(+P, Se) = 0.5427
2026-04-25 05:55:05,120 f1_score = 0.5477 (threshold = 0.3709)
2026-04-25 05:55:05,120 Epoch 16: Train Loss 0.4864, Valid Loss 0.4423
2026-04-25 05:55:09,194 [[814 220]
 [ 32 132]]
2026-04-25 05:55:09,199 AUC of ROC = 0.8739
2026-04-25 05:55:09,199 AUC of PRC = 0.5493
2026-04-25 05:55:09,199 min(+P, Se) = 0.5305
2026-04-25 05:55:09,199 f1_score = 0.5423 (threshold = 0.2453)
2026-04-25 05:55:09,200 Epoch 17: Train Loss 0.4684, Valid Loss 0.4346
2026-04-25 05:55:09,200 ----- Save best model - auprc: 0.5493 -----
2026-04-25 05:55:13,305 [[828 206]
 [ 36 128]]
2026-04-25 05:55:13,310 AUC of ROC = 0.8733
2026-04-25 05:55:13,310 AUC of PRC = 0.5447
2026-04-25 05:55:13,310 min(+P, Se) = 0.5488
2026-04-25 05:55:13,310 f1_score = 0.5507 (threshold = 0.4388)
2026-04-25 05:55:13,311 Epoch 18: Train Loss 0.4583, Valid Loss 0.4348
2026-04-25 05:55:17,573 [[811 223]
 [ 28 136]]
2026-04-25 05:55:17,578 AUC of ROC = 0.8746
2026-04-25 05:55:17,578 AUC of PRC = 0.5462
2026-04-25 05:55:17,578 min(+P, Se) = 0.5488
2026-04-25 05:55:17,578 f1_score = 0.5538 (threshold = 0.5568)
2026-04-25 05:55:17,578 Epoch 19: Train Loss 0.4683, Valid Loss 0.4351
2026-04-25 05:55:21,733 [[813 221]
 [ 29 135]]
2026-04-25 05:55:21,738 AUC of ROC = 0.8727
2026-04-25 05:55:21,738 AUC of PRC = 0.5413
2026-04-25 05:55:21,738 min(+P, Se) = 0.5394
2026-04-25 05:55:21,738 f1_score = 0.5445 (threshold = 0.3978)
2026-04-25 05:55:21,739 Epoch 20: Train Loss 0.4631, Valid Loss 0.4350
2026-04-25 05:55:25,957 [[829 205]
 [ 33 131]]
2026-04-25 05:55:25,963 AUC of ROC = 0.8731
2026-04-25 05:55:25,963 AUC of PRC = 0.5445
2026-04-25 05:55:25,963 min(+P, Se) = 0.5273
2026-04-25 05:55:25,963 f1_score = 0.5407 (threshold = 0.4822)
2026-04-25 05:55:25,964 Epoch 21: Train Loss 0.4531, Valid Loss 0.4328
2026-04-25 05:55:30,655 [[811 223]
 [ 30 134]]
2026-04-25 05:55:30,659 AUC of ROC = 0.8718
2026-04-25 05:55:30,659 AUC of PRC = 0.5421
2026-04-25 05:55:30,659 min(+P, Se) = 0.5515
2026-04-25 05:55:30,660 f1_score = 0.5532 (threshold = 0.6711)
2026-04-25 05:55:30,660 Epoch 22: Train Loss 0.4440, Valid Loss 0.4371
2026-04-25 05:55:35,237 [[813 221]
 [ 30 134]]
2026-04-25 05:55:35,241 AUC of ROC = 0.8721
2026-04-25 05:55:35,242 AUC of PRC = 0.5474
2026-04-25 05:55:35,242 min(+P, Se) = 0.5488
2026-04-25 05:55:35,242 f1_score = 0.5498 (threshold = 0.6309)
2026-04-25 05:55:35,242 Epoch 23: Train Loss 0.4646, Valid Loss 0.4354
2026-04-25 05:55:39,659 [[812 222]
 [ 29 135]]
2026-04-25 05:55:39,663 AUC of ROC = 0.8722
2026-04-25 05:55:39,664 AUC of PRC = 0.5478
2026-04-25 05:55:39,664 min(+P, Se) = 0.5455
2026-04-25 05:55:39,664 f1_score = 0.5483 (threshold = 0.6690)
2026-04-25 05:55:39,664 Epoch 24: Train Loss 0.4508, Valid Loss 0.4353
2026-04-25 05:55:44,327 [[816 218]
 [ 30 134]]
2026-04-25 05:55:44,331 AUC of ROC = 0.8719
2026-04-25 05:55:44,332 AUC of PRC = 0.5427
2026-04-25 05:55:44,332 min(+P, Se) = 0.5488
2026-04-25 05:55:44,332 f1_score = 0.5505 (threshold = 0.6385)
2026-04-25 05:55:44,332 Epoch 25: Train Loss 0.4549, Valid Loss 0.4347
2026-04-25 05:55:44,397 last saved model is in epoch 17
2026-04-25 05:55:45,180 [[812 197]
 [ 53 138]]
2026-04-25 05:55:45,186 AUC of ROC = 0.8483
2026-04-25 05:55:45,186 AUC of PRC = 0.5501
2026-04-25 05:55:45,186 min(+P, Se) = 0.5204
2026-04-25 05:55:45,186 f1_score = 0.5495 (threshold = 0.1541)
2026-04-25 05:55:45,186 Test Loss 0.4816
