2026-04-14 05:18:51,474 {
    "dataset": "c19",
    "data_dropout": 0.0,
    "epochs": 25,
    "lr": 0.001,
    "d_model": 32,
    "seed": 1,
    "batch_size": 64,
    "dropout": 0.1,
    "save_model": true,
    "save_dir": "./export/c19/smart-smile-lean-no-time-mnar/seed_1",
    "local_rank": 0,
    "min_mask_ratio": 0.15,
    "max_mask_ratio": 0.75,
    "e_layers": 2,
    "n_heads": 4,
    "time_dim": 16,
    "use_film": false,
    "use_smile": false,
    "use_smile_film": false,
    "use_smile_v2": false,
    "use_smile_v2_film": false,
    "use_smile_lean": true,
    "use_smile_lean_samepretrain": false,
    "use_mnar": false,
    "save_last": true,
    "smile_no_mnar": false,
    "smile_no_curriculum": false,
    "smile_mask_type": "all",
    "smile_mnar_dropout": 0.05,
    "obs_density_window": 5,
    "abl_no_density": false,
    "abl_no_mnar_bias": false,
    "abl_no_film": false,
    "abl_no_time_mnar": true,
    "abl_no_time_pe": false,
    "pretrain_mask_mode": "fixed",
    "ratio_temperature": 1.0,
    "smile_stratified": false,
    "smile_mask_weights": null
}
2026-04-14 05:18:55,876 Dataset Loaded.
2026-04-14 05:18:55,876 system_groups: {'Vital_Basic': 7, 'Resp_Gas': 7, 'Liver_Enzyme': 2, 'Renal': 3, 'Coagulation': 3, 'CBC': 3, 'Bilirubin': 2}
2026-04-14 05:19:33,926 Epoch 1: Train Loss 0.0723, Valid Loss 0.0201, EMA Val 0.0201
2026-04-14 05:20:07,642 Epoch 2: Train Loss 0.0546, Valid Loss 0.0198, EMA Val 0.0200
2026-04-14 05:20:41,783 Epoch 3: Train Loss 0.0456, Valid Loss 0.0188, EMA Val 0.0197
2026-04-14 05:21:14,525 Epoch 4: Train Loss 0.0412, Valid Loss 0.0173, EMA Val 0.0189
2026-04-14 05:21:47,412 Epoch 5: Train Loss 0.0385, Valid Loss 0.0165, EMA Val 0.0182
2026-04-14 05:22:21,982 Epoch 6: Train Loss 0.0383, Valid Loss 0.0182, EMA Val 0.0182
2026-04-14 05:22:54,974 Epoch 7: Train Loss 0.0428, Valid Loss 0.0211, EMA Val 0.0191
2026-04-14 05:23:29,750 Epoch 8: Train Loss 0.0479, Valid Loss 0.0250, EMA Val 0.0209
2026-04-14 05:24:02,998 Epoch 9: Train Loss 0.0552, Valid Loss 0.0309, EMA Val 0.0239
2026-04-14 05:24:36,563 Epoch 10: Train Loss 0.0614, Valid Loss 0.0314, EMA Val 0.0261
2026-04-14 05:25:09,665 Epoch 11: Train Loss 0.0664, Valid Loss 0.0395, EMA Val 0.0301
2026-04-14 05:25:43,426 Epoch 12: Train Loss 0.0704, Valid Loss 0.0385, EMA Val 0.0326
2026-04-14 05:26:17,057 Epoch 13: Train Loss 0.0750, Valid Loss 0.0387, EMA Val 0.0345
2026-04-14 05:26:50,621 Epoch 14: Train Loss 0.0761, Valid Loss 0.0395, EMA Val 0.0360
2026-04-14 05:27:24,136 Epoch 15: Train Loss 0.0804, Valid Loss 0.0461, EMA Val 0.0390
2026-04-14 05:27:59,035 Epoch 16: Train Loss 0.0827, Valid Loss 0.0458, EMA Val 0.0410
2026-04-14 05:28:32,921 Epoch 17: Train Loss 0.0862, Valid Loss 0.0438, EMA Val 0.0419
2026-04-14 05:29:06,308 Epoch 18: Train Loss 0.0869, Valid Loss 0.0479, EMA Val 0.0437
2026-04-14 05:29:39,202 Epoch 19: Train Loss 0.0892, Valid Loss 0.0472, EMA Val 0.0447
2026-04-14 05:30:12,146 Epoch 20: Train Loss 0.0936, Valid Loss 0.0476, EMA Val 0.0456
2026-04-14 05:30:46,311 Epoch 21: Train Loss 0.0966, Valid Loss 0.0473, EMA Val 0.0461
2026-04-14 05:31:20,605 Epoch 22: Train Loss 0.1001, Valid Loss 0.0466, EMA Val 0.0463
2026-04-14 05:31:55,911 Epoch 23: Train Loss 0.1016, Valid Loss 0.0517, EMA Val 0.0479
2026-04-14 05:32:29,111 Epoch 24: Train Loss 0.1034, Valid Loss 0.0495, EMA Val 0.0484
2026-04-14 05:33:02,520 Epoch 25: Train Loss 0.1050, Valid Loss 0.0491, EMA Val 0.0486
2026-04-14 05:33:02,521 ----- Save last epoch model - L1: 0.0486 -----
2026-04-14 05:33:02,554 last saved model is in epoch 25
2026-04-14 05:33:05,372 Test Loss 0.0491
2026-04-14 05:33:12,486 {
    "dataset": "c19",
    "data_dropout": 0.0,
    "epochs": 25,
    "freeze_epochs": 5,
    "lr": 0.001,
    "d_model": 32,
    "seed": 1,
    "batch_size": 64,
    "dropout": 0.1,
    "save_model": true,
    "save_dir": "./export/c19/smart-smile-lean-no-time-mnar/seed_1",
    "pretrain_dir": null,
    "local_rank": 0,
    "e_layers": 2,
    "n_heads": 4,
    "time_dim": 16,
    "use_film": false,
    "use_smile": false,
    "use_smile_film": false,
    "use_mnar": false,
    "use_smile_v2": false,
    "use_smile_v2_film": false,
    "use_smile_lean": true,
    "use_smile_lean_samepretrain": false,
    "obs_density_window": 5,
    "abl_no_density": false,
    "abl_no_mnar_bias": false,
    "abl_no_film": false,
    "abl_no_time_mnar": true,
    "abl_no_time_pe": false,
    "smile_no_mnar": false,
    "smile_no_curriculum": false,
    "smile_mask_type": "all",
    "smile_mnar_dropout": 0.05,
    "smile_mnar_dropout_initial": 0.0,
    "smile_stratified": false
}
2026-04-14 05:33:16,904 Dataset Loaded.
2026-04-14 05:33:19,109 Class weights: [0.5393641591072083, 6.850955486297607]
2026-04-14 05:33:19,121 last saved model is in epoch 25
2026-04-14 05:33:43,361 [[3062  676]
 [  74  221]]
2026-04-14 05:33:43,368 AUC of ROC = 0.8661
2026-04-14 05:33:43,368 AUC of PRC = 0.3434
2026-04-14 05:33:43,368 min(+P, Se) = 0.4108
2026-04-14 05:33:43,368 f1_score = 0.4474 (threshold = 0.1111)
2026-04-14 05:33:43,369 Epoch 1: Train Loss 0.5818, Valid Loss 0.4716
2026-04-14 05:33:43,369 ----- Save best model - auprc: 0.3434 -----
2026-04-14 05:34:07,124 [[2593 1145]
 [  31  264]]
2026-04-14 05:34:07,129 AUC of ROC = 0.8829
2026-04-14 05:34:07,129 AUC of PRC = 0.3889
2026-04-14 05:34:07,129 min(+P, Se) = 0.4328
2026-04-14 05:34:07,130 f1_score = 0.4706 (threshold = 0.7610)
2026-04-14 05:34:07,130 Epoch 2: Train Loss 0.5030, Valid Loss 0.4643
2026-04-14 05:34:07,130 ----- Save best model - auprc: 0.3889 -----
2026-04-14 05:34:30,718 [[2890  848]
 [  46  249]]
2026-04-14 05:34:30,723 AUC of ROC = 0.8840
2026-04-14 05:34:30,724 AUC of PRC = 0.3984
2026-04-14 05:34:30,724 min(+P, Se) = 0.4419
2026-04-14 05:34:30,724 f1_score = 0.4758 (threshold = 0.6158)
2026-04-14 05:34:30,725 Epoch 3: Train Loss 0.4799, Valid Loss 0.4325
2026-04-14 05:34:30,725 ----- Save best model - auprc: 0.3984 -----
2026-04-14 05:34:54,165 [[2915  823]
 [  45  250]]
2026-04-14 05:34:54,170 AUC of ROC = 0.8948
2026-04-14 05:34:54,170 AUC of PRC = 0.4418
2026-04-14 05:34:54,171 min(+P, Se) = 0.4881
2026-04-14 05:34:54,171 f1_score = 0.5000 (threshold = 0.7394)
2026-04-14 05:34:54,171 Epoch 4: Train Loss 0.4648, Valid Loss 0.4164
2026-04-14 05:34:54,172 ----- Save best model - auprc: 0.4418 -----
2026-04-14 05:35:17,529 [[3240  498]
 [  64  231]]
2026-04-14 05:35:17,534 AUC of ROC = 0.8935
2026-04-14 05:35:17,534 AUC of PRC = 0.4184
2026-04-14 05:35:17,534 min(+P, Se) = 0.4548
2026-04-14 05:35:17,535 f1_score = 0.4922 (threshold = 0.3661)
2026-04-14 05:35:17,535 Epoch 5: Train Loss 0.4698, Valid Loss 0.4200
2026-04-14 05:35:49,103 [[3522  216]
 [  69  226]]
2026-04-14 05:35:49,108 AUC of ROC = 0.9514
2026-04-14 05:35:49,108 AUC of PRC = 0.6977
2026-04-14 05:35:49,109 min(+P, Se) = 0.6723
2026-04-14 05:35:49,109 f1_score = 0.6761 (threshold = 0.8674)
2026-04-14 05:35:49,109 Epoch 6: Train Loss 0.3969, Valid Loss 0.3265
2026-04-14 05:35:49,110 ----- Save best model - auprc: 0.6977 -----
2026-04-14 05:36:20,539 [[3141  597]
 [  22  273]]
2026-04-14 05:36:20,544 AUC of ROC = 0.9609
2026-04-14 05:36:20,545 AUC of PRC = 0.7561
2026-04-14 05:36:20,545 min(+P, Se) = 0.7153
2026-04-14 05:36:20,545 f1_score = 0.7244 (threshold = 1.5936)
2026-04-14 05:36:20,545 Epoch 7: Train Loss 0.3169, Valid Loss 0.2769
2026-04-14 05:36:20,546 ----- Save best model - auprc: 0.7561 -----
2026-04-14 05:36:51,288 [[3546  192]
 [  46  249]]
2026-04-14 05:36:51,293 AUC of ROC = 0.9632
2026-04-14 05:36:51,294 AUC of PRC = 0.7663
2026-04-14 05:36:51,294 min(+P, Se) = 0.7067
2026-04-14 05:36:51,294 f1_score = 0.7190 (threshold = 0.6639)
2026-04-14 05:36:51,294 Epoch 8: Train Loss 0.3031, Valid Loss 0.2622
2026-04-14 05:36:51,295 ----- Save best model - auprc: 0.7663 -----
2026-04-14 05:37:21,750 [[3356  382]
 [  30  265]]
2026-04-14 05:37:21,755 AUC of ROC = 0.9628
2026-04-14 05:37:21,756 AUC of PRC = 0.7798
2026-04-14 05:37:21,756 min(+P, Se) = 0.7492
2026-04-14 05:37:21,756 f1_score = 0.7559 (threshold = 1.3064)
2026-04-14 05:37:21,757 Epoch 9: Train Loss 0.2781, Valid Loss 0.2543
2026-04-14 05:37:21,757 ----- Save best model - auprc: 0.7798 -----
2026-04-14 05:37:52,354 [[3259  479]
 [  26  269]]
2026-04-14 05:37:52,360 AUC of ROC = 0.9611
2026-04-14 05:37:52,360 AUC of PRC = 0.7745
2026-04-14 05:37:52,360 min(+P, Se) = 0.7017
2026-04-14 05:37:52,360 f1_score = 0.7167 (threshold = 2.0253)
2026-04-14 05:37:52,361 Epoch 10: Train Loss 0.2679, Valid Loss 0.2657
2026-04-14 05:38:22,137 [[3505  233]
 [  41  254]]
2026-04-14 05:38:22,143 AUC of ROC = 0.9611
2026-04-14 05:38:22,143 AUC of PRC = 0.7901
2026-04-14 05:38:22,143 min(+P, Se) = 0.7306
2026-04-14 05:38:22,143 f1_score = 0.7412 (threshold = 1.4470)
2026-04-14 05:38:22,144 Epoch 11: Train Loss 0.2593, Valid Loss 0.2542
2026-04-14 05:38:22,144 ----- Save best model - auprc: 0.7901 -----
2026-04-14 05:38:52,576 [[3497  241]
 [  40  255]]
2026-04-14 05:38:52,581 AUC of ROC = 0.9663
2026-04-14 05:38:52,581 AUC of PRC = 0.7849
2026-04-14 05:38:52,581 min(+P, Se) = 0.7424
2026-04-14 05:38:52,581 f1_score = 0.7488 (threshold = 1.0900)
2026-04-14 05:38:52,582 Epoch 12: Train Loss 0.2540, Valid Loss 0.2480
2026-04-14 05:39:23,531 [[3440  298]
 [  38  257]]
2026-04-14 05:39:23,537 AUC of ROC = 0.9636
2026-04-14 05:39:23,537 AUC of PRC = 0.7944
2026-04-14 05:39:23,537 min(+P, Se) = 0.7331
2026-04-14 05:39:23,537 f1_score = 0.7381 (threshold = 1.5664)
2026-04-14 05:39:23,538 Epoch 13: Train Loss 0.2450, Valid Loss 0.2461
2026-04-14 05:39:23,538 ----- Save best model - auprc: 0.7944 -----
2026-04-14 05:39:54,563 [[3445  293]
 [  33  262]]
2026-04-14 05:39:54,568 AUC of ROC = 0.9656
2026-04-14 05:39:54,569 AUC of PRC = 0.7924
2026-04-14 05:39:54,569 min(+P, Se) = 0.7390
2026-04-14 05:39:54,569 f1_score = 0.7428 (threshold = 1.4194)
2026-04-14 05:39:54,569 Epoch 14: Train Loss 0.2286, Valid Loss 0.2471
2026-04-14 05:40:25,257 [[3388  350]
 [  32  263]]
2026-04-14 05:40:25,262 AUC of ROC = 0.9642
2026-04-14 05:40:25,263 AUC of PRC = 0.7996
2026-04-14 05:40:25,263 min(+P, Se) = 0.7390
2026-04-14 05:40:25,263 f1_score = 0.7407 (threshold = 1.4569)
2026-04-14 05:40:25,264 Epoch 15: Train Loss 0.2123, Valid Loss 0.2551
2026-04-14 05:40:25,264 ----- Save best model - auprc: 0.7996 -----
2026-04-14 05:40:56,218 [[3402  336]
 [  30  265]]
2026-04-14 05:40:56,224 AUC of ROC = 0.9656
2026-04-14 05:40:56,224 AUC of PRC = 0.7971
2026-04-14 05:40:56,224 min(+P, Se) = 0.7288
2026-04-14 05:40:56,224 f1_score = 0.7376 (threshold = 1.5295)
2026-04-14 05:40:56,225 Epoch 16: Train Loss 0.2089, Valid Loss 0.2527
2026-04-14 05:41:26,181 [[3526  212]
 [  46  249]]
2026-04-14 05:41:26,186 AUC of ROC = 0.9633
2026-04-14 05:41:26,187 AUC of PRC = 0.8004
2026-04-14 05:41:26,187 min(+P, Se) = 0.7365
2026-04-14 05:41:26,187 f1_score = 0.7478 (threshold = 1.2578)
2026-04-14 05:41:26,187 Epoch 17: Train Loss 0.1992, Valid Loss 0.2672
2026-04-14 05:41:26,188 ----- Save best model - auprc: 0.8004 -----
2026-04-14 05:41:56,642 [[3546  192]
 [  44  251]]
2026-04-14 05:41:56,648 AUC of ROC = 0.9611
2026-04-14 05:41:56,648 AUC of PRC = 0.7923
2026-04-14 05:41:56,648 min(+P, Se) = 0.7340
2026-04-14 05:41:56,648 f1_score = 0.7379 (threshold = 0.9913)
2026-04-14 05:41:56,649 Epoch 18: Train Loss 0.1815, Valid Loss 0.2901
2026-04-14 05:42:27,876 [[3482  256]
 [  36  259]]
2026-04-14 05:42:27,881 AUC of ROC = 0.9643
2026-04-14 05:42:27,882 AUC of PRC = 0.8028
2026-04-14 05:42:27,882 min(+P, Se) = 0.7390
2026-04-14 05:42:27,882 f1_score = 0.7487 (threshold = 1.5659)
2026-04-14 05:42:27,882 Epoch 19: Train Loss 0.1733, Valid Loss 0.2688
2026-04-14 05:42:27,883 ----- Save best model - auprc: 0.8028 -----
2026-04-14 05:42:58,307 [[3422  316]
 [  34  261]]
2026-04-14 05:42:58,312 AUC of ROC = 0.9623
2026-04-14 05:42:58,313 AUC of PRC = 0.7993
2026-04-14 05:42:58,313 min(+P, Se) = 0.7390
2026-04-14 05:42:58,313 f1_score = 0.7395 (threshold = 1.4334)
2026-04-14 05:42:58,313 Epoch 20: Train Loss 0.1673, Valid Loss 0.2672
2026-04-14 05:43:27,686 [[3480  258]
 [  41  254]]
2026-04-14 05:43:27,691 AUC of ROC = 0.9630
2026-04-14 05:43:27,692 AUC of PRC = 0.8001
2026-04-14 05:43:27,692 min(+P, Se) = 0.7500
2026-04-14 05:43:27,692 f1_score = 0.7513 (threshold = 1.3267)
2026-04-14 05:43:27,692 Epoch 21: Train Loss 0.1584, Valid Loss 0.2767
2026-04-14 05:43:57,602 [[3523  215]
 [  43  252]]
2026-04-14 05:43:57,607 AUC of ROC = 0.9628
2026-04-14 05:43:57,607 AUC of PRC = 0.8001
2026-04-14 05:43:57,607 min(+P, Se) = 0.7466
2026-04-14 05:43:57,608 f1_score = 0.7483 (threshold = 1.2671)
2026-04-14 05:43:57,608 Epoch 22: Train Loss 0.1483, Valid Loss 0.2914
2026-04-14 05:44:25,261 [[3515  223]
 [  43  252]]
2026-04-14 05:44:25,266 AUC of ROC = 0.9615
2026-04-14 05:44:25,266 AUC of PRC = 0.7978
2026-04-14 05:44:25,267 min(+P, Se) = 0.7390
2026-04-14 05:44:25,267 f1_score = 0.7500 (threshold = 1.3374)
2026-04-14 05:44:25,267 Epoch 23: Train Loss 0.1457, Valid Loss 0.2923
2026-04-14 05:44:55,653 [[3502  236]
 [  43  252]]
2026-04-14 05:44:55,658 AUC of ROC = 0.9618
2026-04-14 05:44:55,658 AUC of PRC = 0.7983
2026-04-14 05:44:55,658 min(+P, Se) = 0.7390
2026-04-14 05:44:55,658 f1_score = 0.7473 (threshold = 1.5073)
2026-04-14 05:44:55,658 Epoch 24: Train Loss 0.1456, Valid Loss 0.2866
2026-04-14 05:45:24,519 [[3523  215]
 [  44  251]]
2026-04-14 05:45:24,524 AUC of ROC = 0.9621
2026-04-14 05:45:24,525 AUC of PRC = 0.7996
2026-04-14 05:45:24,525 min(+P, Se) = 0.7424
2026-04-14 05:45:24,525 f1_score = 0.7469 (threshold = 1.3765)
2026-04-14 05:45:24,526 Epoch 25: Train Loss 0.1417, Valid Loss 0.2931
2026-04-14 05:45:24,533 last saved model is in epoch 19
2026-04-14 05:45:26,997 [[3502  250]
 [  31  251]]
2026-04-14 05:45:27,002 AUC of ROC = 0.9663
2026-04-14 05:45:27,002 AUC of PRC = 0.8363
2026-04-14 05:45:27,002 min(+P, Se) = 0.7633
2026-04-14 05:45:27,003 f1_score = 0.7737 (threshold = 1.1757)
2026-04-14 05:45:27,003 Test Loss 0.2532
