2026-04-25 14:03:50,313 {
    "dataset": "c19",
    "data_dropout": 0.0,
    "epochs": 25,
    "lr": 0.001,
    "d_model": 32,
    "seed": 1,
    "batch_size": 64,
    "num_workers": null,
    "dropout": 0.1,
    "save_model": true,
    "save_dir": "./export/c19/smart-smile-lean-no-time-pe/seed_1",
    "local_rank": 0,
    "min_mask_ratio": 0.15,
    "max_mask_ratio": 0.75,
    "e_layers": 2,
    "n_heads": 4,
    "time_dim": 16,
    "use_film": false,
    "use_smile": false,
    "use_smile_film": false,
    "use_smile_v2": false,
    "use_smile_v2_film": false,
    "use_smile_lean": true,
    "use_smile_lean_samepretrain": false,
    "use_smile_lean_v2": false,
    "use_mnar": false,
    "save_last": true,
    "smile_no_mnar": false,
    "smile_no_curriculum": false,
    "smile_mask_type": "all",
    "smile_mnar_dropout": 0.05,
    "obs_density_window": 5,
    "abl_no_density": false,
    "abl_no_mnar_bias": false,
    "abl_no_film": false,
    "abl_no_time_mnar": false,
    "abl_no_time_pe": true,
    "abl_no_cross_attn": false,
    "abl_no_mnar_cls": false,
    "abl_no_policy": false,
    "abl_no_dynamic_mnar": false,
    "abl_no_dual_head": false,
    "pretrain_mask_mode": "fixed",
    "ratio_temperature": 1.0,
    "smile_stratified": false,
    "smile_mask_weights": null,
    "rank": 0,
    "world_size": 2,
    "distributed": true,
    "gpu": 0,
    "dist_backend": "nccl"
}
2026-04-25 14:03:59,487 Dataset Loaded.
2026-04-25 14:03:59,488 system_groups: {'Vital_Basic': 7, 'Resp_Gas': 7, 'Liver_Enzyme': 2, 'Renal': 3, 'Coagulation': 3, 'CBC': 3, 'Bilirubin': 2}
2026-04-25 14:03:59,488 DataLoader kwargs: {'num_workers': 4, 'pin_memory': True, 'persistent_workers': True, 'prefetch_factor': 2}
2026-04-25 14:03:59,490 Runtime init: variable order resolved.
2026-04-25 14:03:59,491 Runtime init: variable order moved to CUDA.
2026-04-25 14:03:59,503 Runtime init: encoder moved to CUDA.
2026-04-25 14:03:59,504 Runtime init: predictor moved to CUDA.
2026-04-25 14:03:59,509 Runtime init: target encoder copied.
2026-04-25 14:04:02,270 Runtime init: DDP wrap complete.
2026-04-25 14:04:21,682 Epoch 1: Train Loss 0.1025, Valid Loss 0.0240, EMA Val 0.0240
2026-04-25 14:04:39,262 Epoch 2: Train Loss 0.0623, Valid Loss 0.0231, EMA Val 0.0237
2026-04-25 14:04:57,378 Epoch 3: Train Loss 0.0589, Valid Loss 0.0230, EMA Val 0.0235
2026-04-25 14:05:14,923 Epoch 4: Train Loss 0.0549, Valid Loss 0.0225, EMA Val 0.0232
2026-04-25 14:05:32,678 Epoch 5: Train Loss 0.0507, Valid Loss 0.0222, EMA Val 0.0229
2026-04-25 14:05:50,406 Epoch 6: Train Loss 0.0491, Valid Loss 0.0217, EMA Val 0.0225
2026-04-25 14:06:08,559 Epoch 7: Train Loss 0.0487, Valid Loss 0.0229, EMA Val 0.0226
2026-04-25 14:06:26,573 Epoch 8: Train Loss 0.0486, Valid Loss 0.0223, EMA Val 0.0225
2026-04-25 14:06:44,129 Epoch 9: Train Loss 0.0498, Valid Loss 0.0231, EMA Val 0.0227
2026-04-25 14:07:01,922 Epoch 10: Train Loss 0.0485, Valid Loss 0.0234, EMA Val 0.0229
2026-04-25 14:07:19,445 Epoch 11: Train Loss 0.0487, Valid Loss 0.0232, EMA Val 0.0230
2026-04-25 14:07:34,957 Epoch 12: Train Loss 0.0516, Valid Loss 0.0235, EMA Val 0.0232
2026-04-25 14:07:50,169 Epoch 13: Train Loss 0.0520, Valid Loss 0.0242, EMA Val 0.0235
2026-04-25 14:08:04,898 Epoch 14: Train Loss 0.0547, Valid Loss 0.0249, EMA Val 0.0239
2026-04-25 14:08:22,021 Epoch 15: Train Loss 0.0552, Valid Loss 0.0261, EMA Val 0.0246
2026-04-25 14:08:39,215 Epoch 16: Train Loss 0.0575, Valid Loss 0.0272, EMA Val 0.0254
2026-04-25 14:08:54,467 Epoch 17: Train Loss 0.0590, Valid Loss 0.0275, EMA Val 0.0260
2026-04-25 14:09:09,687 Epoch 18: Train Loss 0.0624, Valid Loss 0.0291, EMA Val 0.0269
2026-04-25 14:09:27,366 Epoch 19: Train Loss 0.0643, Valid Loss 0.0296, EMA Val 0.0277
2026-04-25 14:09:42,517 Epoch 20: Train Loss 0.0649, Valid Loss 0.0297, EMA Val 0.0283
2026-04-25 14:09:58,063 Epoch 21: Train Loss 0.0677, Valid Loss 0.0307, EMA Val 0.0291
2026-04-25 14:10:12,305 Epoch 22: Train Loss 0.0675, Valid Loss 0.0293, EMA Val 0.0291
2026-04-25 14:10:26,809 Epoch 23: Train Loss 0.0723, Valid Loss 0.0323, EMA Val 0.0301
2026-04-25 14:10:41,818 Epoch 24: Train Loss 0.0709, Valid Loss 0.0317, EMA Val 0.0306
2026-04-25 14:10:56,685 Epoch 25: Train Loss 0.0724, Valid Loss 0.0308, EMA Val 0.0306
2026-04-25 14:10:56,687 ----- Save last epoch model - L1: 0.0306 -----
2026-04-25 14:10:56,744 last saved model is in epoch 25
2026-04-25 14:10:59,418 Test Loss 0.0313
2026-04-25 14:12:11,873 {
    "dataset": "c19",
    "data_dropout": 0.0,
    "epochs": 25,
    "freeze_epochs": 5,
    "lr": 0.001,
    "d_model": 32,
    "seed": 1,
    "batch_size": 64,
    "num_workers": null,
    "dropout": 0.1,
    "save_model": true,
    "save_dir": "./export/c19/smart-smile-lean-no-time-pe/seed_1",
    "pretrain_dir": null,
    "local_rank": 0,
    "e_layers": 2,
    "n_heads": 4,
    "time_dim": 16,
    "use_film": false,
    "use_smile": false,
    "use_smile_film": false,
    "use_mnar": false,
    "use_smile_v2": false,
    "use_smile_v2_film": false,
    "use_smile_lean": true,
    "use_smile_lean_samepretrain": false,
    "use_smile_lean_v2": false,
    "obs_density_window": 5,
    "abl_no_density": false,
    "abl_no_mnar_bias": false,
    "abl_no_film": false,
    "abl_no_time_mnar": false,
    "abl_no_time_pe": true,
    "abl_no_cross_attn": false,
    "abl_no_mnar_cls": false,
    "abl_no_policy": false,
    "abl_no_dynamic_mnar": false,
    "abl_no_dual_head": false,
    "smile_no_mnar": false,
    "smile_no_curriculum": false,
    "smile_mask_type": "all",
    "smile_mnar_dropout": 0.05,
    "smile_mnar_dropout_initial": 0.0,
    "smile_stratified": false,
    "los_task": "classification",
    "los_label_unit": "auto",
    "los_use_class_weights": false,
    "los_save_metric": "auc_micro",
    "rank": 0,
    "world_size": 2,
    "distributed": true,
    "gpu": 0,
    "dist_backend": "nccl"
}
2026-04-25 14:12:20,581 Dataset Loaded.
2026-04-25 14:12:20,582 DataLoader kwargs: {'num_workers': 4, 'pin_memory': True, 'persistent_workers': True, 'prefetch_factor': 2}
2026-04-25 14:12:20,584 Runtime init: variable order resolved.
2026-04-25 14:12:20,585 Runtime init: variable order moved to CUDA.
2026-04-25 14:12:20,593 Runtime init: encoder moved to CUDA.
2026-04-25 14:12:20,594 Runtime init: classifier moved to CUDA.
2026-04-25 14:12:22,251 Runtime init: DDP wrap complete.
2026-04-25 14:12:22,259 Class weights: [0.5393641591072083, 6.850955486297607]
2026-04-25 14:12:22,276 last saved model is in epoch 25
2026-04-25 14:12:29,762 [[3536  202]
 [ 128  167]]
2026-04-25 14:12:29,769 AUC of ROC = 0.8783
2026-04-25 14:12:29,769 AUC of PRC = 0.4747
2026-04-25 14:12:29,769 min(+P, Se) = 0.5153
2026-04-25 14:12:29,769 f1_score = 0.5176 (threshold = -0.1529)
2026-04-25 14:12:29,770 Epoch 1: Train Loss 0.5359, Valid Loss 0.5147
2026-04-25 14:12:29,770 ----- Save best model - auprc: 0.4747 -----
2026-04-25 14:12:35,988 [[2471 1267]
 [  26  269]]
2026-04-25 14:12:35,995 AUC of ROC = 0.8989
2026-04-25 14:12:35,995 AUC of PRC = 0.4665
2026-04-25 14:12:35,995 min(+P, Se) = 0.5017
2026-04-25 14:12:35,995 f1_score = 0.5240 (threshold = 0.7060)
2026-04-25 14:12:35,996 Epoch 2: Train Loss 0.4484, Valid Loss 0.4663
2026-04-25 14:12:42,332 [[3614  124]
 [ 151  144]]
2026-04-25 14:12:42,339 AUC of ROC = 0.9066
2026-04-25 14:12:42,339 AUC of PRC = 0.5090
2026-04-25 14:12:42,339 min(+P, Se) = 0.5492
2026-04-25 14:12:42,339 f1_score = 0.5601 (threshold = -0.4244)
2026-04-25 14:12:42,340 Epoch 3: Train Loss 0.4380, Valid Loss 0.5253
2026-04-25 14:12:42,341 ----- Save best model - auprc: 0.5090 -----
2026-04-25 14:12:48,714 [[2987  751]
 [  37  258]]
2026-04-25 14:12:48,721 AUC of ROC = 0.9078
2026-04-25 14:12:48,721 AUC of PRC = 0.4958
2026-04-25 14:12:48,721 min(+P, Se) = 0.5473
2026-04-25 14:12:48,721 f1_score = 0.5532 (threshold = 0.7571)
2026-04-25 14:12:48,722 Epoch 4: Train Loss 0.4302, Valid Loss 0.3963
2026-04-25 14:12:54,980 [[3389  349]
 [  75  220]]
2026-04-25 14:12:54,985 AUC of ROC = 0.9111
2026-04-25 14:12:54,986 AUC of PRC = 0.5227
2026-04-25 14:12:54,986 min(+P, Se) = 0.5525
2026-04-25 14:12:54,986 f1_score = 0.5698 (threshold = 0.1112)
2026-04-25 14:12:54,986 Epoch 5: Train Loss 0.4287, Valid Loss 0.3909
2026-04-25 14:12:54,987 ----- Save best model - auprc: 0.5227 -----
2026-04-25 14:13:08,658 [[3468  270]
 [  56  239]]
2026-04-25 14:13:08,666 AUC of ROC = 0.9491
2026-04-25 14:13:08,666 AUC of PRC = 0.6874
2026-04-25 14:13:08,666 min(+P, Se) = 0.6453
2026-04-25 14:13:08,666 f1_score = 0.6472 (threshold = 0.6213)
2026-04-25 14:13:08,666 Epoch 6: Train Loss 0.3844, Valid Loss 0.3013
2026-04-25 14:13:08,667 ----- Save best model - auprc: 0.6874 -----
2026-04-25 14:13:22,798 [[3457  281]
 [  44  251]]
2026-04-25 14:13:22,805 AUC of ROC = 0.9611
2026-04-25 14:13:22,805 AUC of PRC = 0.7324
2026-04-25 14:13:22,805 min(+P, Se) = 0.7119
2026-04-25 14:13:22,805 f1_score = 0.7216 (threshold = 0.5620)
2026-04-25 14:13:22,806 Epoch 7: Train Loss 0.3300, Valid Loss 0.2598
2026-04-25 14:13:22,806 ----- Save best model - auprc: 0.7324 -----
2026-04-25 14:13:37,135 [[3217  521]
 [  24  271]]
2026-04-25 14:13:37,145 AUC of ROC = 0.9629
2026-04-25 14:13:37,145 AUC of PRC = 0.7575
2026-04-25 14:13:37,145 min(+P, Se) = 0.6858
2026-04-25 14:13:37,145 f1_score = 0.7009 (threshold = 0.7490)
2026-04-25 14:13:37,146 Epoch 8: Train Loss 0.3038, Valid Loss 0.2670
2026-04-25 14:13:37,147 ----- Save best model - auprc: 0.7575 -----
2026-04-25 14:13:49,366 [[3225  513]
 [  20  275]]
2026-04-25 14:13:49,373 AUC of ROC = 0.9662
2026-04-25 14:13:49,373 AUC of PRC = 0.7678
2026-04-25 14:13:49,373 min(+P, Se) = 0.7186
2026-04-25 14:13:49,373 f1_score = 0.7250 (threshold = 1.2894)
2026-04-25 14:13:49,374 Epoch 9: Train Loss 0.2928, Valid Loss 0.2513
2026-04-25 14:13:49,375 ----- Save best model - auprc: 0.7678 -----
2026-04-25 14:14:03,502 [[3385  353]
 [  31  264]]
2026-04-25 14:14:03,508 AUC of ROC = 0.9648
2026-04-25 14:14:03,509 AUC of PRC = 0.7765
2026-04-25 14:14:03,509 min(+P, Se) = 0.7172
2026-04-25 14:14:03,509 f1_score = 0.7261 (threshold = 0.7905)
2026-04-25 14:14:03,509 Epoch 10: Train Loss 0.2821, Valid Loss 0.2428
2026-04-25 14:14:03,510 ----- Save best model - auprc: 0.7765 -----
2026-04-25 14:14:17,379 [[3472  266]
 [  45  250]]
2026-04-25 14:14:17,386 AUC of ROC = 0.9600
2026-04-25 14:14:17,386 AUC of PRC = 0.7400
2026-04-25 14:14:17,386 min(+P, Se) = 0.6983
2026-04-25 14:14:17,386 f1_score = 0.7069 (threshold = 0.8459)
2026-04-25 14:14:17,387 Epoch 11: Train Loss 0.2744, Valid Loss 0.2559
2026-04-25 14:14:31,358 [[3347  391]
 [  27  268]]
2026-04-25 14:14:31,364 AUC of ROC = 0.9645
2026-04-25 14:14:31,365 AUC of PRC = 0.7727
2026-04-25 14:14:31,365 min(+P, Se) = 0.7220
2026-04-25 14:14:31,365 f1_score = 0.7299 (threshold = 1.2811)
2026-04-25 14:14:31,365 Epoch 12: Train Loss 0.2619, Valid Loss 0.2464
2026-04-25 14:14:45,170 [[3227  511]
 [  22  273]]
2026-04-25 14:14:45,176 AUC of ROC = 0.9683
2026-04-25 14:14:45,176 AUC of PRC = 0.7769
2026-04-25 14:14:45,176 min(+P, Se) = 0.7186
2026-04-25 14:14:45,176 f1_score = 0.7330 (threshold = 0.8734)
2026-04-25 14:14:45,177 Epoch 13: Train Loss 0.2637, Valid Loss 0.2532
2026-04-25 14:14:45,177 ----- Save best model - auprc: 0.7769 -----
2026-04-25 14:14:59,221 [[3440  298]
 [  35  260]]
2026-04-25 14:14:59,230 AUC of ROC = 0.9663
2026-04-25 14:14:59,230 AUC of PRC = 0.7799
2026-04-25 14:14:59,230 min(+P, Se) = 0.7264
2026-04-25 14:14:59,230 f1_score = 0.7396 (threshold = 1.0101)
2026-04-25 14:14:59,233 Epoch 14: Train Loss 0.2600, Valid Loss 0.2381
2026-04-25 14:14:59,234 ----- Save best model - auprc: 0.7799 -----
2026-04-25 14:15:11,262 [[3272  466]
 [  23  272]]
2026-04-25 14:15:11,268 AUC of ROC = 0.9638
2026-04-25 14:15:11,268 AUC of PRC = 0.7795
2026-04-25 14:15:11,268 min(+P, Se) = 0.7273
2026-04-25 14:15:11,268 f1_score = 0.7306 (threshold = 1.3365)
2026-04-25 14:15:11,269 Epoch 15: Train Loss 0.2269, Valid Loss 0.2652
2026-04-25 14:15:25,110 [[3475  263]
 [  36  259]]
2026-04-25 14:15:25,116 AUC of ROC = 0.9677
2026-04-25 14:15:25,116 AUC of PRC = 0.7768
2026-04-25 14:15:25,117 min(+P, Se) = 0.7273
2026-04-25 14:15:25,117 f1_score = 0.7367 (threshold = 0.8984)
2026-04-25 14:15:25,117 Epoch 16: Train Loss 0.2352, Valid Loss 0.2343
2026-04-25 14:15:39,168 [[3506  232]
 [  42  253]]
2026-04-25 14:15:39,175 AUC of ROC = 0.9643
2026-04-25 14:15:39,176 AUC of PRC = 0.7729
2026-04-25 14:15:39,176 min(+P, Se) = 0.7264
2026-04-25 14:15:39,176 f1_score = 0.7303 (threshold = 0.6944)
2026-04-25 14:15:39,176 Epoch 17: Train Loss 0.2290, Valid Loss 0.2538
2026-04-25 14:15:53,154 [[3367  371]
 [  24  271]]
2026-04-25 14:15:53,161 AUC of ROC = 0.9676
2026-04-25 14:15:53,161 AUC of PRC = 0.7822
2026-04-25 14:15:53,161 min(+P, Se) = 0.7399
2026-04-25 14:15:53,161 f1_score = 0.7508 (threshold = 1.0121)
2026-04-25 14:15:53,161 Epoch 18: Train Loss 0.2180, Valid Loss 0.2385
2026-04-25 14:15:53,162 ----- Save best model - auprc: 0.7822 -----
2026-04-25 14:16:06,892 [[3369  369]
 [  25  270]]
2026-04-25 14:16:06,898 AUC of ROC = 0.9676
2026-04-25 14:16:06,898 AUC of PRC = 0.7841
2026-04-25 14:16:06,898 min(+P, Se) = 0.7356
2026-04-25 14:16:06,898 f1_score = 0.7431 (threshold = 1.0821)
2026-04-25 14:16:06,898 Epoch 19: Train Loss 0.2116, Valid Loss 0.2383
2026-04-25 14:16:06,899 ----- Save best model - auprc: 0.7841 -----
2026-04-25 14:16:21,269 [[3455  283]
 [  36  259]]
2026-04-25 14:16:21,278 AUC of ROC = 0.9647
2026-04-25 14:16:21,279 AUC of PRC = 0.7814
2026-04-25 14:16:21,279 min(+P, Se) = 0.7356
2026-04-25 14:16:21,279 f1_score = 0.7370 (threshold = 0.7816)
2026-04-25 14:16:21,279 Epoch 20: Train Loss 0.1980, Valid Loss 0.2448
2026-04-25 14:16:33,523 [[3475  263]
 [  38  257]]
2026-04-25 14:16:33,530 AUC of ROC = 0.9658
2026-04-25 14:16:33,530 AUC of PRC = 0.7750
2026-04-25 14:16:33,530 min(+P, Se) = 0.7186
2026-04-25 14:16:33,530 f1_score = 0.7285 (threshold = 0.7685)
2026-04-25 14:16:33,531 Epoch 21: Train Loss 0.1971, Valid Loss 0.2483
2026-04-25 14:16:47,501 [[3443  295]
 [  36  259]]
2026-04-25 14:16:47,510 AUC of ROC = 0.9660
2026-04-25 14:16:47,511 AUC of PRC = 0.7776
2026-04-25 14:16:47,511 min(+P, Se) = 0.7322
2026-04-25 14:16:47,511 f1_score = 0.7405 (threshold = 0.9521)
2026-04-25 14:16:47,511 Epoch 22: Train Loss 0.1840, Valid Loss 0.2463
2026-04-25 14:17:01,342 [[3433  305]
 [  33  262]]
2026-04-25 14:17:01,352 AUC of ROC = 0.9669
2026-04-25 14:17:01,352 AUC of PRC = 0.7829
2026-04-25 14:17:01,352 min(+P, Se) = 0.7297
2026-04-25 14:17:01,352 f1_score = 0.7391 (threshold = 0.7618)
2026-04-25 14:17:01,353 Epoch 23: Train Loss 0.1777, Valid Loss 0.2412
2026-04-25 14:17:15,405 [[3486  252]
 [  38  257]]
2026-04-25 14:17:15,412 AUC of ROC = 0.9668
2026-04-25 14:17:15,412 AUC of PRC = 0.7807
2026-04-25 14:17:15,412 min(+P, Se) = 0.7356
2026-04-25 14:17:15,412 f1_score = 0.7400 (threshold = 0.7246)
2026-04-25 14:17:15,413 Epoch 24: Train Loss 0.1783, Valid Loss 0.2458
2026-04-25 14:17:29,171 [[3447  291]
 [  33  262]]
2026-04-25 14:17:29,181 AUC of ROC = 0.9666
2026-04-25 14:17:29,181 AUC of PRC = 0.7806
2026-04-25 14:17:29,181 min(+P, Se) = 0.7390
2026-04-25 14:17:29,181 f1_score = 0.7390 (threshold = 0.9499)
2026-04-25 14:17:29,182 Epoch 25: Train Loss 0.1817, Valid Loss 0.2433
2026-04-25 14:17:29,197 last saved model is in epoch 19
2026-04-25 14:17:30,662 [[3386  366]
 [  21  261]]
2026-04-25 14:17:30,669 AUC of ROC = 0.9689
2026-04-25 14:17:30,669 AUC of PRC = 0.8293
2026-04-25 14:17:30,669 min(+P, Se) = 0.7660
2026-04-25 14:17:30,669 f1_score = 0.7704 (threshold = 1.1984)
2026-04-25 14:17:30,670 Test Loss 0.2279
