2026-04-15 10:29:25,829 {
    "dataset": "c19",
    "data_dropout": 0.0,
    "epochs": 25,
    "lr": 0.001,
    "d_model": 32,
    "seed": 3407,
    "batch_size": 64,
    "dropout": 0.1,
    "save_model": true,
    "save_dir": "./export/c19/smart-smile-lean-no-density/seed_3407",
    "local_rank": 0,
    "min_mask_ratio": 0.15,
    "max_mask_ratio": 0.75,
    "e_layers": 2,
    "n_heads": 4,
    "time_dim": 16,
    "use_film": false,
    "use_smile": false,
    "use_smile_film": false,
    "use_smile_v2": false,
    "use_smile_v2_film": false,
    "use_smile_lean": true,
    "use_smile_lean_samepretrain": false,
    "use_mnar": false,
    "save_last": true,
    "smile_no_mnar": false,
    "smile_no_curriculum": false,
    "smile_mask_type": "all",
    "smile_mnar_dropout": 0.05,
    "obs_density_window": 5,
    "abl_no_density": true,
    "abl_no_mnar_bias": false,
    "abl_no_film": false,
    "abl_no_time_mnar": false,
    "abl_no_time_pe": false,
    "pretrain_mask_mode": "fixed",
    "ratio_temperature": 1.0,
    "smile_stratified": false,
    "smile_mask_weights": null
}
2026-04-15 10:29:30,933 Dataset Loaded.
2026-04-15 10:29:30,934 system_groups: {'Vital_Basic': 7, 'Resp_Gas': 7, 'Liver_Enzyme': 2, 'Renal': 3, 'Coagulation': 3, 'CBC': 3, 'Bilirubin': 2}
2026-04-15 10:30:12,649 Epoch 1: Train Loss 0.0876, Valid Loss 0.0331, EMA Val 0.0331
2026-04-15 10:30:52,208 Epoch 2: Train Loss 0.0662, Valid Loss 0.0288, EMA Val 0.0318
2026-04-15 10:31:31,278 Epoch 3: Train Loss 0.0563, Valid Loss 0.0265, EMA Val 0.0302
2026-04-15 10:32:12,655 Epoch 4: Train Loss 0.0545, Valid Loss 0.0271, EMA Val 0.0293
2026-04-15 10:32:52,111 Epoch 5: Train Loss 0.0551, Valid Loss 0.0282, EMA Val 0.0290
2026-04-15 10:33:31,684 Epoch 6: Train Loss 0.0576, Valid Loss 0.0307, EMA Val 0.0295
2026-04-15 10:34:11,862 Epoch 7: Train Loss 0.0610, Valid Loss 0.0353, EMA Val 0.0312
2026-04-15 10:34:51,178 Epoch 8: Train Loss 0.0673, Valid Loss 0.0476, EMA Val 0.0362
2026-04-15 10:35:32,425 Epoch 9: Train Loss 0.0740, Valid Loss 0.0403, EMA Val 0.0374
2026-04-15 10:36:11,160 Epoch 10: Train Loss 0.0786, Valid Loss 0.0449, EMA Val 0.0397
2026-04-15 10:36:50,922 Epoch 11: Train Loss 0.0855, Valid Loss 0.0522, EMA Val 0.0434
2026-04-15 10:37:30,215 Epoch 12: Train Loss 0.0919, Valid Loss 0.0530, EMA Val 0.0463
2026-04-15 10:38:09,501 Epoch 13: Train Loss 0.0974, Valid Loss 0.0564, EMA Val 0.0493
2026-04-15 10:38:48,801 Epoch 14: Train Loss 0.1027, Valid Loss 0.0562, EMA Val 0.0514
2026-04-15 10:39:28,074 Epoch 15: Train Loss 0.1087, Valid Loss 0.0593, EMA Val 0.0538
2026-04-15 10:40:07,094 Epoch 16: Train Loss 0.1104, Valid Loss 0.0604, EMA Val 0.0558
2026-04-15 10:40:45,355 Epoch 17: Train Loss 0.1145, Valid Loss 0.0635, EMA Val 0.0581
2026-04-15 10:41:24,871 Epoch 18: Train Loss 0.1169, Valid Loss 0.0623, EMA Val 0.0594
2026-04-15 10:42:04,154 Epoch 19: Train Loss 0.1204, Valid Loss 0.0660, EMA Val 0.0614
2026-04-15 10:42:43,893 Epoch 20: Train Loss 0.1227, Valid Loss 0.0692, EMA Val 0.0637
2026-04-15 10:43:23,243 Epoch 21: Train Loss 0.1269, Valid Loss 0.0660, EMA Val 0.0644
2026-04-15 10:44:02,531 Epoch 22: Train Loss 0.1312, Valid Loss 0.0703, EMA Val 0.0662
2026-04-15 10:44:41,639 Epoch 23: Train Loss 0.1362, Valid Loss 0.0700, EMA Val 0.0673
2026-04-15 10:45:21,433 Epoch 24: Train Loss 0.1371, Valid Loss 0.0688, EMA Val 0.0678
2026-04-15 10:46:02,224 Epoch 25: Train Loss 0.1404, Valid Loss 0.0692, EMA Val 0.0682
2026-04-15 10:46:02,225 ----- Save last epoch model - L1: 0.0682 -----
2026-04-15 10:46:02,264 last saved model is in epoch 25
2026-04-15 10:46:05,839 Test Loss 0.0709
2026-04-15 10:46:14,012 {
    "dataset": "c19",
    "data_dropout": 0.0,
    "epochs": 25,
    "freeze_epochs": 5,
    "lr": 0.001,
    "d_model": 32,
    "seed": 3407,
    "batch_size": 64,
    "dropout": 0.1,
    "save_model": true,
    "save_dir": "./export/c19/smart-smile-lean-no-density/seed_3407",
    "pretrain_dir": null,
    "local_rank": 0,
    "e_layers": 2,
    "n_heads": 4,
    "time_dim": 16,
    "use_film": false,
    "use_smile": false,
    "use_smile_film": false,
    "use_mnar": false,
    "use_smile_v2": false,
    "use_smile_v2_film": false,
    "use_smile_lean": true,
    "use_smile_lean_samepretrain": false,
    "obs_density_window": 5,
    "abl_no_density": true,
    "abl_no_mnar_bias": false,
    "abl_no_film": false,
    "abl_no_time_mnar": false,
    "abl_no_time_pe": false,
    "smile_no_mnar": false,
    "smile_no_curriculum": false,
    "smile_mask_type": "all",
    "smile_mnar_dropout": 0.05,
    "smile_mnar_dropout_initial": 0.0,
    "smile_stratified": false
}
2026-04-15 10:46:19,009 Dataset Loaded.
2026-04-15 10:46:21,321 Class weights: [0.5393641591072083, 6.850955486297607]
2026-04-15 10:46:21,336 last saved model is in epoch 25
2026-04-15 10:46:49,900 [[2647 1091]
 [  51  244]]
2026-04-15 10:46:49,908 AUC of ROC = 0.8552
2026-04-15 10:46:49,908 AUC of PRC = 0.3697
2026-04-15 10:46:49,908 min(+P, Se) = 0.4329
2026-04-15 10:46:49,909 f1_score = 0.4544 (threshold = 0.6866)
2026-04-15 10:46:49,909 Epoch 1: Train Loss 0.5496, Valid Loss 0.4925
2026-04-15 10:46:49,910 ----- Save best model - auprc: 0.3697 -----
2026-04-15 10:47:17,660 [[3012  726]
 [  63  232]]
2026-04-15 10:47:17,666 AUC of ROC = 0.8695
2026-04-15 10:47:17,666 AUC of PRC = 0.3377
2026-04-15 10:47:17,667 min(+P, Se) = 0.4139
2026-04-15 10:47:17,667 f1_score = 0.4231 (threshold = 0.6357)
2026-04-15 10:47:17,667 Epoch 2: Train Loss 0.4967, Valid Loss 0.4557
2026-04-15 10:47:45,789 [[2553 1185]
 [  33  262]]
2026-04-15 10:47:45,795 AUC of ROC = 0.8820
2026-04-15 10:47:45,795 AUC of PRC = 0.4186
2026-04-15 10:47:45,796 min(+P, Se) = 0.4698
2026-04-15 10:47:45,796 f1_score = 0.4849 (threshold = 0.9531)
2026-04-15 10:47:45,796 Epoch 3: Train Loss 0.4907, Valid Loss 0.4718
2026-04-15 10:47:45,797 ----- Save best model - auprc: 0.4186 -----
2026-04-15 10:48:14,364 [[3368  370]
 [  98  197]]
2026-04-15 10:48:14,369 AUC of ROC = 0.8845
2026-04-15 10:48:14,370 AUC of PRC = 0.4252
2026-04-15 10:48:14,370 min(+P, Se) = 0.4834
2026-04-15 10:48:14,370 f1_score = 0.4891 (threshold = 0.4527)
2026-04-15 10:48:14,371 Epoch 4: Train Loss 0.4745, Valid Loss 0.4490
2026-04-15 10:48:14,371 ----- Save best model - auprc: 0.4252 -----
2026-04-15 10:48:43,703 [[2579 1159]
 [  31  264]]
2026-04-15 10:48:43,709 AUC of ROC = 0.8888
2026-04-15 10:48:43,709 AUC of PRC = 0.4104
2026-04-15 10:48:43,710 min(+P, Se) = 0.4682
2026-04-15 10:48:43,710 f1_score = 0.4896 (threshold = 0.8689)
2026-04-15 10:48:43,710 Epoch 5: Train Loss 0.4722, Valid Loss 0.4615
2026-04-15 10:49:16,470 [[3440  298]
 [  47  248]]
2026-04-15 10:49:16,475 AUC of ROC = 0.9581
2026-04-15 10:49:16,476 AUC of PRC = 0.7158
2026-04-15 10:49:16,476 min(+P, Se) = 0.7027
2026-04-15 10:49:16,476 f1_score = 0.7059 (threshold = 0.7304)
2026-04-15 10:49:16,477 Epoch 6: Train Loss 0.4050, Valid Loss 0.2652
2026-04-15 10:49:16,477 ----- Save best model - auprc: 0.7158 -----
2026-04-15 10:49:49,875 [[3385  353]
 [  33  262]]
2026-04-15 10:49:49,881 AUC of ROC = 0.9595
2026-04-15 10:49:49,881 AUC of PRC = 0.7108
2026-04-15 10:49:49,881 min(+P, Se) = 0.6723
2026-04-15 10:49:49,881 f1_score = 0.6835 (threshold = 0.7058)
2026-04-15 10:49:49,882 Epoch 7: Train Loss 0.3236, Valid Loss 0.2538
2026-04-15 10:50:23,127 [[3504  234]
 [  48  247]]
2026-04-15 10:50:23,133 AUC of ROC = 0.9575
2026-04-15 10:50:23,134 AUC of PRC = 0.7327
2026-04-15 10:50:23,134 min(+P, Se) = 0.7186
2026-04-15 10:50:23,134 f1_score = 0.7186 (threshold = 0.6298)
2026-04-15 10:50:23,135 Epoch 8: Train Loss 0.2993, Valid Loss 0.2641
2026-04-15 10:50:23,135 ----- Save best model - auprc: 0.7327 -----
2026-04-15 10:50:57,191 [[3337  401]
 [  30  265]]
2026-04-15 10:50:57,197 AUC of ROC = 0.9612
2026-04-15 10:50:57,198 AUC of PRC = 0.7412
2026-04-15 10:50:57,198 min(+P, Se) = 0.6890
2026-04-15 10:50:57,198 f1_score = 0.7100 (threshold = 1.3770)
2026-04-15 10:50:57,199 Epoch 9: Train Loss 0.2864, Valid Loss 0.2573
2026-04-15 10:50:57,199 ----- Save best model - auprc: 0.7412 -----
2026-04-15 10:51:31,069 [[3536  202]
 [  44  251]]
2026-04-15 10:51:31,075 AUC of ROC = 0.9648
2026-04-15 10:51:31,075 AUC of PRC = 0.7526
2026-04-15 10:51:31,075 min(+P, Se) = 0.7220
2026-04-15 10:51:31,076 f1_score = 0.7375 (threshold = 0.4834)
2026-04-15 10:51:31,076 Epoch 10: Train Loss 0.2756, Valid Loss 0.2452
2026-04-15 10:51:31,077 ----- Save best model - auprc: 0.7526 -----
2026-04-15 10:52:04,713 [[3179  559]
 [  22  273]]
2026-04-15 10:52:04,718 AUC of ROC = 0.9559
2026-04-15 10:52:04,719 AUC of PRC = 0.7085
2026-04-15 10:52:04,719 min(+P, Se) = 0.6746
2026-04-15 10:52:04,719 f1_score = 0.6817 (threshold = 1.2102)
2026-04-15 10:52:04,720 Epoch 11: Train Loss 0.2618, Valid Loss 0.2766
2026-04-15 10:52:37,311 [[3174  564]
 [  20  275]]
2026-04-15 10:52:37,317 AUC of ROC = 0.9616
2026-04-15 10:52:37,317 AUC of PRC = 0.7647
2026-04-15 10:52:37,317 min(+P, Se) = 0.6980
2026-04-15 10:52:37,318 f1_score = 0.7015 (threshold = 1.1831)
2026-04-15 10:52:37,318 Epoch 12: Train Loss 0.2553, Valid Loss 0.2772
2026-04-15 10:52:37,319 ----- Save best model - auprc: 0.7647 -----
2026-04-15 10:53:11,074 [[3521  217]
 [  43  252]]
2026-04-15 10:53:11,080 AUC of ROC = 0.9651
2026-04-15 10:53:11,081 AUC of PRC = 0.7780
2026-04-15 10:53:11,081 min(+P, Se) = 0.7119
2026-04-15 10:53:11,081 f1_score = 0.7238 (threshold = 0.5596)
2026-04-15 10:53:11,082 Epoch 13: Train Loss 0.2458, Valid Loss 0.2596
2026-04-15 10:53:11,082 ----- Save best model - auprc: 0.7780 -----
2026-04-15 10:53:43,887 [[3480  258]
 [  39  256]]
2026-04-15 10:53:43,893 AUC of ROC = 0.9641
2026-04-15 10:53:43,893 AUC of PRC = 0.7622
2026-04-15 10:53:43,893 min(+P, Se) = 0.7003
2026-04-15 10:53:43,894 f1_score = 0.7080 (threshold = 0.6057)
2026-04-15 10:53:43,894 Epoch 14: Train Loss 0.2345, Valid Loss 0.2455
2026-04-15 10:54:17,392 [[3455  283]
 [  31  264]]
2026-04-15 10:54:17,398 AUC of ROC = 0.9625
2026-04-15 10:54:17,398 AUC of PRC = 0.7708
2026-04-15 10:54:17,399 min(+P, Se) = 0.7162
2026-04-15 10:54:17,399 f1_score = 0.7215 (threshold = 0.8232)
2026-04-15 10:54:17,399 Epoch 15: Train Loss 0.2248, Valid Loss 0.2493
2026-04-15 10:54:50,837 [[3394  344]
 [  29  266]]
2026-04-15 10:54:50,843 AUC of ROC = 0.9616
2026-04-15 10:54:50,844 AUC of PRC = 0.7548
2026-04-15 10:54:50,844 min(+P, Se) = 0.6990
2026-04-15 10:54:50,844 f1_score = 0.7089 (threshold = 1.2649)
2026-04-15 10:54:50,844 Epoch 16: Train Loss 0.2116, Valid Loss 0.2503
2026-04-15 10:55:24,535 [[3392  346]
 [  30  265]]
2026-04-15 10:55:24,541 AUC of ROC = 0.9618
2026-04-15 10:55:24,541 AUC of PRC = 0.7548
2026-04-15 10:55:24,542 min(+P, Se) = 0.7017
2026-04-15 10:55:24,542 f1_score = 0.7059 (threshold = 1.3548)
2026-04-15 10:55:24,542 Epoch 17: Train Loss 0.2024, Valid Loss 0.2566
2026-04-15 10:55:57,989 [[3377  361]
 [  29  266]]
2026-04-15 10:55:57,995 AUC of ROC = 0.9609
2026-04-15 10:55:57,995 AUC of PRC = 0.7586
2026-04-15 10:55:57,996 min(+P, Se) = 0.7095
2026-04-15 10:55:57,996 f1_score = 0.7107 (threshold = 1.2703)
2026-04-15 10:55:57,996 Epoch 18: Train Loss 0.1908, Valid Loss 0.2690
2026-04-15 10:56:31,221 [[3517  221]
 [  45  250]]
2026-04-15 10:56:31,226 AUC of ROC = 0.9586
2026-04-15 10:56:31,227 AUC of PRC = 0.7594
2026-04-15 10:56:31,227 min(+P, Se) = 0.7153
2026-04-15 10:56:31,227 f1_score = 0.7225 (threshold = 0.4495)
2026-04-15 10:56:31,228 Epoch 19: Train Loss 0.1782, Valid Loss 0.2871
2026-04-15 10:57:04,775 [[3424  314]
 [  35  260]]
2026-04-15 10:57:04,782 AUC of ROC = 0.9613
2026-04-15 10:57:04,783 AUC of PRC = 0.7653
2026-04-15 10:57:04,783 min(+P, Se) = 0.7220
2026-04-15 10:57:04,783 f1_score = 0.7296 (threshold = 0.9926)
2026-04-15 10:57:04,784 Epoch 20: Train Loss 0.1732, Valid Loss 0.2734
2026-04-15 10:57:39,167 [[3469  269]
 [  40  255]]
2026-04-15 10:57:39,173 AUC of ROC = 0.9573
2026-04-15 10:57:39,173 AUC of PRC = 0.7411
2026-04-15 10:57:39,174 min(+P, Se) = 0.6881
2026-04-15 10:57:39,174 f1_score = 0.6958 (threshold = 1.0463)
2026-04-15 10:57:39,174 Epoch 21: Train Loss 0.1657, Valid Loss 0.2778
2026-04-15 10:58:13,437 [[3459  279]
 [  39  256]]
2026-04-15 10:58:13,444 AUC of ROC = 0.9576
2026-04-15 10:58:13,444 AUC of PRC = 0.7493
2026-04-15 10:58:13,444 min(+P, Se) = 0.6983
2026-04-15 10:58:13,444 f1_score = 0.7079 (threshold = 1.2806)
2026-04-15 10:58:13,445 Epoch 22: Train Loss 0.1572, Valid Loss 0.2860
2026-04-15 10:58:46,466 [[3445  293]
 [  40  255]]
2026-04-15 10:58:46,471 AUC of ROC = 0.9588
2026-04-15 10:58:46,472 AUC of PRC = 0.7595
2026-04-15 10:58:46,472 min(+P, Se) = 0.7051
2026-04-15 10:58:46,472 f1_score = 0.7157 (threshold = 0.8799)
2026-04-15 10:58:46,472 Epoch 23: Train Loss 0.1541, Valid Loss 0.2804
2026-04-15 10:59:19,324 [[3464  274]
 [  40  255]]
2026-04-15 10:59:19,330 AUC of ROC = 0.9590
2026-04-15 10:59:19,330 AUC of PRC = 0.7591
2026-04-15 10:59:19,330 min(+P, Se) = 0.7085
2026-04-15 10:59:19,331 f1_score = 0.7195 (threshold = 0.8953)
2026-04-15 10:59:19,331 Epoch 24: Train Loss 0.1506, Valid Loss 0.2876
2026-04-15 10:59:53,352 [[3459  279]
 [  39  256]]
2026-04-15 10:59:53,358 AUC of ROC = 0.9590
2026-04-15 10:59:53,358 AUC of PRC = 0.7573
2026-04-15 10:59:53,358 min(+P, Se) = 0.7085
2026-04-15 10:59:53,359 f1_score = 0.7179 (threshold = 0.8126)
2026-04-15 10:59:53,359 Epoch 25: Train Loss 0.1485, Valid Loss 0.2857
2026-04-15 10:59:53,368 last saved model is in epoch 13
2026-04-15 10:59:56,203 [[3559  193]
 [  41  241]]
2026-04-15 10:59:56,209 AUC of ROC = 0.9614
2026-04-15 10:59:56,209 AUC of PRC = 0.8192
2026-04-15 10:59:56,209 min(+P, Se) = 0.7518
2026-04-15 10:59:56,210 f1_score = 0.7638 (threshold = 0.9278)
2026-04-15 10:59:56,210 Test Loss 0.2567
