2026-04-16 04:49:19,684 {
    "dataset": "c19",
    "data_dropout": 0.0,
    "epochs": 25,
    "lr": 0.001,
    "d_model": 32,
    "seed": 1,
    "batch_size": 64,
    "dropout": 0.1,
    "save_model": true,
    "save_dir": "./export/c19/smart-smile-v2-no-density/seed_1",
    "local_rank": 0,
    "min_mask_ratio": 0.15,
    "max_mask_ratio": 0.75,
    "e_layers": 2,
    "n_heads": 4,
    "time_dim": 16,
    "use_film": false,
    "use_smile": false,
    "use_smile_film": false,
    "use_smile_v2": true,
    "use_smile_v2_film": false,
    "use_smile_lean": false,
    "use_smile_lean_samepretrain": false,
    "use_smile_lean_v2": false,
    "use_mnar": false,
    "save_last": true,
    "smile_no_mnar": false,
    "smile_no_curriculum": false,
    "smile_mask_type": "all",
    "smile_mnar_dropout": 0.05,
    "obs_density_window": 5,
    "abl_no_density": true,
    "abl_no_mnar_bias": false,
    "abl_no_film": false,
    "abl_no_time_mnar": false,
    "abl_no_time_pe": false,
    "abl_no_cross_attn": false,
    "abl_no_mnar_cls": false,
    "pretrain_mask_mode": "fixed",
    "ratio_temperature": 1.0,
    "smile_stratified": false,
    "smile_mask_weights": null
}
2026-04-16 04:49:24,254 Dataset Loaded.
2026-04-16 04:49:24,255 system_groups: {'Vital_Basic': 7, 'Resp_Gas': 7, 'Liver_Enzyme': 2, 'Renal': 3, 'Coagulation': 3, 'CBC': 3, 'Bilirubin': 2}
2026-04-16 04:50:07,782 Epoch 1: Train Loss 0.0978, Valid Loss 0.0354, EMA Val 0.0354
2026-04-16 04:50:48,754 Epoch 2: Train Loss 0.0692, Valid Loss 0.0332, EMA Val 0.0348
2026-04-16 04:51:28,707 Epoch 3: Train Loss 0.0560, Valid Loss 0.0319, EMA Val 0.0339
2026-04-16 04:52:08,402 Epoch 4: Train Loss 0.0525, Valid Loss 0.0349, EMA Val 0.0342
2026-04-16 04:52:48,343 Epoch 5: Train Loss 0.0553, Valid Loss 0.0361, EMA Val 0.0348
2026-04-16 04:53:28,292 Epoch 6: Train Loss 0.0550, Valid Loss 0.0348, EMA Val 0.0348
2026-04-16 04:54:07,459 Epoch 7: Train Loss 0.0514, Valid Loss 0.0303, EMA Val 0.0334
2026-04-16 04:54:47,086 Epoch 8: Train Loss 0.0490, Valid Loss 0.0288, EMA Val 0.0320
2026-04-16 04:55:27,097 Epoch 9: Train Loss 0.0479, Valid Loss 0.0285, EMA Val 0.0310
2026-04-16 04:56:06,300 Epoch 10: Train Loss 0.0466, Valid Loss 0.0271, EMA Val 0.0298
2026-04-16 04:56:46,769 Epoch 11: Train Loss 0.0467, Valid Loss 0.0270, EMA Val 0.0290
2026-04-16 04:57:27,048 Epoch 12: Train Loss 0.0477, Valid Loss 0.0270, EMA Val 0.0284
2026-04-16 04:58:07,905 Epoch 13: Train Loss 0.0505, Valid Loss 0.0268, EMA Val 0.0279
2026-04-16 04:58:47,699 Epoch 14: Train Loss 0.0522, Valid Loss 0.0275, EMA Val 0.0278
2026-04-16 04:59:26,956 Epoch 15: Train Loss 0.0551, Valid Loss 0.0280, EMA Val 0.0278
2026-04-16 05:00:06,305 Epoch 16: Train Loss 0.0576, Valid Loss 0.0318, EMA Val 0.0290
2026-04-16 05:00:46,847 Epoch 17: Train Loss 0.0617, Valid Loss 0.0312, EMA Val 0.0297
2026-04-16 05:01:26,725 Epoch 18: Train Loss 0.0639, Valid Loss 0.0332, EMA Val 0.0307
2026-04-16 05:02:06,598 Epoch 19: Train Loss 0.0673, Valid Loss 0.0337, EMA Val 0.0316
2026-04-16 05:02:47,099 Epoch 20: Train Loss 0.0694, Valid Loss 0.0350, EMA Val 0.0326
2026-04-16 05:03:26,490 Epoch 21: Train Loss 0.0738, Valid Loss 0.0357, EMA Val 0.0335
2026-04-16 05:04:07,182 Epoch 22: Train Loss 0.0742, Valid Loss 0.0362, EMA Val 0.0343
2026-04-16 05:04:47,610 Epoch 23: Train Loss 0.0771, Valid Loss 0.0369, EMA Val 0.0351
2026-04-16 05:05:27,295 Epoch 24: Train Loss 0.0783, Valid Loss 0.0368, EMA Val 0.0356
2026-04-16 05:06:07,010 Epoch 25: Train Loss 0.0798, Valid Loss 0.0384, EMA Val 0.0365
2026-04-16 05:06:07,011 ----- Save last epoch model - L1: 0.0365 -----
2026-04-16 05:06:07,055 last saved model is in epoch 25
2026-04-16 05:06:10,197 Test Loss 0.0388
2026-04-16 05:06:17,124 {
    "dataset": "c19",
    "data_dropout": 0.0,
    "epochs": 35,
    "freeze_epochs": 5,
    "lr": 0.001,
    "d_model": 32,
    "seed": 1,
    "batch_size": 64,
    "dropout": 0.1,
    "save_model": true,
    "save_dir": "./export/c19/smart-smile-v2-no-density/seed_1",
    "pretrain_dir": null,
    "local_rank": 0,
    "e_layers": 2,
    "n_heads": 4,
    "time_dim": 16,
    "use_film": false,
    "use_smile": false,
    "use_smile_film": false,
    "use_mnar": false,
    "use_smile_v2": true,
    "use_smile_v2_film": false,
    "use_smile_lean": false,
    "use_smile_lean_samepretrain": false,
    "use_smile_lean_v2": false,
    "obs_density_window": 5,
    "abl_no_density": true,
    "abl_no_mnar_bias": false,
    "abl_no_film": false,
    "abl_no_time_mnar": false,
    "abl_no_time_pe": false,
    "abl_no_cross_attn": false,
    "abl_no_mnar_cls": false,
    "smile_no_mnar": false,
    "smile_no_curriculum": false,
    "smile_mask_type": "all",
    "smile_mnar_dropout": 0.05,
    "smile_mnar_dropout_initial": 0.0,
    "smile_stratified": false
}
2026-04-16 05:06:21,749 Dataset Loaded.
2026-04-16 05:06:23,965 Class weights: [0.5393641591072083, 6.850955486297607]
2026-04-16 05:06:23,983 last saved model is in epoch 25
2026-04-16 05:06:48,021 [[2994  744]
 [  59  236]]
2026-04-16 05:06:48,027 AUC of ROC = 0.8641
2026-04-16 05:06:48,027 AUC of PRC = 0.4131
2026-04-16 05:06:48,028 min(+P, Se) = 0.4545
2026-04-16 05:06:48,028 f1_score = 0.4708 (threshold = 1.1644)
2026-04-16 05:06:48,028 Epoch 1: Train Loss 0.4967, Valid Loss 0.4416
2026-04-16 05:06:48,029 ----- Save best model - auprc: 0.4131 -----
2026-04-16 05:07:11,571 [[3252  486]
 [  69  226]]
2026-04-16 05:07:11,576 AUC of ROC = 0.8946
2026-04-16 05:07:11,577 AUC of PRC = 0.4519
2026-04-16 05:07:11,577 min(+P, Se) = 0.4949
2026-04-16 05:07:11,577 f1_score = 0.5117 (threshold = 0.7096)
2026-04-16 05:07:11,577 Epoch 2: Train Loss 0.4580, Valid Loss 0.4086
2026-04-16 05:07:11,578 ----- Save best model - auprc: 0.4519 -----
2026-04-16 05:07:35,208 [[2654 1084]
 [  30  265]]
2026-04-16 05:07:35,214 AUC of ROC = 0.8878
2026-04-16 05:07:35,214 AUC of PRC = 0.4819
2026-04-16 05:07:35,214 min(+P, Se) = 0.5085
2026-04-16 05:07:35,215 f1_score = 0.5103 (threshold = 1.4647)
2026-04-16 05:07:35,215 Epoch 3: Train Loss 0.4384, Valid Loss 0.4381
2026-04-16 05:07:35,215 ----- Save best model - auprc: 0.4819 -----
2026-04-16 05:07:58,534 [[2541 1197]
 [  19  276]]
2026-04-16 05:07:58,540 AUC of ROC = 0.9098
2026-04-16 05:07:58,540 AUC of PRC = 0.5052
2026-04-16 05:07:58,540 min(+P, Se) = 0.5196
2026-04-16 05:07:58,540 f1_score = 0.5520 (threshold = 1.4218)
2026-04-16 05:07:58,541 Epoch 4: Train Loss 0.4286, Valid Loss 0.4553
2026-04-16 05:07:58,541 ----- Save best model - auprc: 0.5052 -----
2026-04-16 05:08:21,120 [[3226  512]
 [  50  245]]
2026-04-16 05:08:21,126 AUC of ROC = 0.9100
2026-04-16 05:08:21,126 AUC of PRC = 0.5280
2026-04-16 05:08:21,126 min(+P, Se) = 0.5439
2026-04-16 05:08:21,126 f1_score = 0.5638 (threshold = 0.9985)
2026-04-16 05:08:21,127 Epoch 5: Train Loss 0.4204, Valid Loss 0.3723
2026-04-16 05:08:21,127 ----- Save best model - auprc: 0.5280 -----
2026-04-16 05:08:58,441 [[3570  168]
 [  66  229]]
2026-04-16 05:08:58,446 AUC of ROC = 0.9538
2026-04-16 05:08:58,447 AUC of PRC = 0.7191
2026-04-16 05:08:58,447 min(+P, Se) = 0.7013
2026-04-16 05:08:58,447 f1_score = 0.7049 (threshold = 0.7474)
2026-04-16 05:08:58,448 Epoch 6: Train Loss 0.3942, Valid Loss 0.3063
2026-04-16 05:08:58,448 ----- Save best model - auprc: 0.7191 -----
2026-04-16 05:09:34,009 [[3548  190]
 [  53  242]]
2026-04-16 05:09:34,014 AUC of ROC = 0.9603
2026-04-16 05:09:34,015 AUC of PRC = 0.7585
2026-04-16 05:09:34,015 min(+P, Se) = 0.6993
2026-04-16 05:09:34,015 f1_score = 0.7125 (threshold = 1.1465)
2026-04-16 05:09:34,015 Epoch 7: Train Loss 0.3171, Valid Loss 0.2751
2026-04-16 05:09:34,016 ----- Save best model - auprc: 0.7585 -----
2026-04-16 05:10:10,627 [[3499  239]
 [  44  251]]
2026-04-16 05:10:10,632 AUC of ROC = 0.9654
2026-04-16 05:10:10,633 AUC of PRC = 0.7707
2026-04-16 05:10:10,633 min(+P, Se) = 0.7356
2026-04-16 05:10:10,633 f1_score = 0.7406 (threshold = 1.2087)
2026-04-16 05:10:10,633 Epoch 8: Train Loss 0.2954, Valid Loss 0.2446
2026-04-16 05:10:10,634 ----- Save best model - auprc: 0.7707 -----
2026-04-16 05:10:44,521 [[2609 1129]
 [   4  291]]
2026-04-16 05:10:44,526 AUC of ROC = 0.9622
2026-04-16 05:10:44,526 AUC of PRC = 0.7578
2026-04-16 05:10:44,527 min(+P, Se) = 0.7172
2026-04-16 05:10:44,527 f1_score = 0.7208 (threshold = 2.2034)
2026-04-16 05:10:44,527 Epoch 9: Train Loss 0.2859, Valid Loss 0.4086
2026-04-16 05:11:22,609 [[3464  274]
 [  39  256]]
2026-04-16 05:11:22,615 AUC of ROC = 0.9652
2026-04-16 05:11:22,615 AUC of PRC = 0.7715
2026-04-16 05:11:22,616 min(+P, Se) = 0.7288
2026-04-16 05:11:22,616 f1_score = 0.7368 (threshold = 1.3671)
2026-04-16 05:11:22,616 Epoch 10: Train Loss 0.2728, Valid Loss 0.2393
2026-04-16 05:11:22,617 ----- Save best model - auprc: 0.7715 -----
2026-04-16 05:12:00,124 [[3487  251]
 [  40  255]]
2026-04-16 05:12:00,129 AUC of ROC = 0.9630
2026-04-16 05:12:00,130 AUC of PRC = 0.7690
2026-04-16 05:12:00,130 min(+P, Se) = 0.7243
2026-04-16 05:12:00,130 f1_score = 0.7318 (threshold = 0.9687)
2026-04-16 05:12:00,130 Epoch 11: Train Loss 0.2642, Valid Loss 0.2468
2026-04-16 05:12:38,157 [[3464  274]
 [  43  252]]
2026-04-16 05:12:38,163 AUC of ROC = 0.9561
2026-04-16 05:12:38,163 AUC of PRC = 0.7432
2026-04-16 05:12:38,163 min(+P, Se) = 0.7172
2026-04-16 05:12:38,163 f1_score = 0.7240 (threshold = 1.0169)
2026-04-16 05:12:38,164 Epoch 12: Train Loss 0.2521, Valid Loss 0.2550
2026-04-16 05:13:14,798 [[3557  181]
 [  56  239]]
2026-04-16 05:13:14,804 AUC of ROC = 0.9644
2026-04-16 05:13:14,804 AUC of PRC = 0.7808
2026-04-16 05:13:14,804 min(+P, Se) = 0.7220
2026-04-16 05:13:14,804 f1_score = 0.7402 (threshold = 1.1808)
2026-04-16 05:13:14,805 Epoch 13: Train Loss 0.2476, Valid Loss 0.2782
2026-04-16 05:13:14,805 ----- Save best model - auprc: 0.7808 -----
2026-04-16 05:13:44,552 [[3500  238]
 [  46  249]]
2026-04-16 05:13:44,557 AUC of ROC = 0.9599
2026-04-16 05:13:44,558 AUC of PRC = 0.7629
2026-04-16 05:13:44,558 min(+P, Se) = 0.7390
2026-04-16 05:13:44,558 f1_score = 0.7415 (threshold = 1.0387)
2026-04-16 05:13:44,558 Epoch 14: Train Loss 0.2304, Valid Loss 0.2532
2026-04-16 05:14:14,301 [[3079  659]
 [  21  274]]
2026-04-16 05:14:14,306 AUC of ROC = 0.9548
2026-04-16 05:14:14,307 AUC of PRC = 0.7560
2026-04-16 05:14:14,307 min(+P, Se) = 0.6915
2026-04-16 05:14:14,307 f1_score = 0.6985 (threshold = 2.4394)
2026-04-16 05:14:14,308 Epoch 15: Train Loss 0.2240, Valid Loss 0.3235
2026-04-16 05:14:43,852 [[3477  261]
 [  42  253]]
2026-04-16 05:14:43,858 AUC of ROC = 0.9612
2026-04-16 05:14:43,858 AUC of PRC = 0.7867
2026-04-16 05:14:43,858 min(+P, Se) = 0.7288
2026-04-16 05:14:43,858 f1_score = 0.7362 (threshold = 1.0858)
2026-04-16 05:14:43,859 Epoch 16: Train Loss 0.2107, Valid Loss 0.2602
2026-04-16 05:14:43,859 ----- Save best model - auprc: 0.7867 -----
2026-04-16 05:15:17,168 [[3462  276]
 [  39  256]]
2026-04-16 05:15:17,173 AUC of ROC = 0.9629
2026-04-16 05:15:17,173 AUC of PRC = 0.7842
2026-04-16 05:15:17,173 min(+P, Se) = 0.7322
2026-04-16 05:15:17,174 f1_score = 0.7400 (threshold = 1.5619)
2026-04-16 05:15:17,174 Epoch 17: Train Loss 0.1967, Valid Loss 0.2606
2026-04-16 05:15:54,127 [[3401  337]
 [  32  263]]
2026-04-16 05:15:54,132 AUC of ROC = 0.9585
2026-04-16 05:15:54,133 AUC of PRC = 0.7697
2026-04-16 05:15:54,133 min(+P, Se) = 0.7095
2026-04-16 05:15:54,133 f1_score = 0.7276 (threshold = 1.6785)
2026-04-16 05:15:54,133 Epoch 18: Train Loss 0.1858, Valid Loss 0.2730
2026-04-16 05:16:32,109 [[3476  262]
 [  43  252]]
2026-04-16 05:16:32,115 AUC of ROC = 0.9567
2026-04-16 05:16:32,116 AUC of PRC = 0.7635
2026-04-16 05:16:32,116 min(+P, Se) = 0.7432
2026-04-16 05:16:32,116 f1_score = 0.7563 (threshold = 1.7656)
2026-04-16 05:16:32,116 Epoch 19: Train Loss 0.1773, Valid Loss 0.2801
2026-04-16 05:17:11,427 [[3442  296]
 [  35  260]]
2026-04-16 05:17:11,432 AUC of ROC = 0.9556
2026-04-16 05:17:11,433 AUC of PRC = 0.7539
2026-04-16 05:17:11,433 min(+P, Se) = 0.7153
2026-04-16 05:17:11,433 f1_score = 0.7240 (threshold = 1.2645)
2026-04-16 05:17:11,434 Epoch 20: Train Loss 0.1659, Valid Loss 0.2826
2026-04-16 05:17:47,618 [[3495  243]
 [  44  251]]
2026-04-16 05:17:47,624 AUC of ROC = 0.9609
2026-04-16 05:17:47,624 AUC of PRC = 0.7653
2026-04-16 05:17:47,624 min(+P, Se) = 0.7356
2026-04-16 05:17:47,624 f1_score = 0.7500 (threshold = 1.5331)
2026-04-16 05:17:47,625 Epoch 21: Train Loss 0.1555, Valid Loss 0.2818
2026-04-16 05:18:25,276 [[3486  252]
 [  48  247]]
2026-04-16 05:18:25,282 AUC of ROC = 0.9559
2026-04-16 05:18:25,282 AUC of PRC = 0.7610
2026-04-16 05:18:25,282 min(+P, Se) = 0.7331
2026-04-16 05:18:25,282 f1_score = 0.7439 (threshold = 1.5870)
2026-04-16 05:18:25,283 Epoch 22: Train Loss 0.1456, Valid Loss 0.3121
2026-04-16 05:19:03,955 [[3532  206]
 [  55  240]]
2026-04-16 05:19:03,961 AUC of ROC = 0.9544
2026-04-16 05:19:03,961 AUC of PRC = 0.7652
2026-04-16 05:19:03,961 min(+P, Se) = 0.7365
2026-04-16 05:19:03,961 f1_score = 0.7434 (threshold = 1.5814)
2026-04-16 05:19:03,962 Epoch 23: Train Loss 0.1253, Valid Loss 0.3437
2026-04-16 05:19:43,466 [[3507  231]
 [  50  245]]
2026-04-16 05:19:43,472 AUC of ROC = 0.9581
2026-04-16 05:19:43,472 AUC of PRC = 0.7687
2026-04-16 05:19:43,472 min(+P, Se) = 0.7288
2026-04-16 05:19:43,473 f1_score = 0.7407 (threshold = 1.6918)
2026-04-16 05:19:43,473 Epoch 24: Train Loss 0.1231, Valid Loss 0.3241
2026-04-16 05:20:20,891 [[3518  220]
 [  46  249]]
2026-04-16 05:20:20,896 AUC of ROC = 0.9581
2026-04-16 05:20:20,897 AUC of PRC = 0.7665
2026-04-16 05:20:20,897 min(+P, Se) = 0.7186
2026-04-16 05:20:20,897 f1_score = 0.7311 (threshold = 1.8237)
2026-04-16 05:20:20,898 Epoch 25: Train Loss 0.1166, Valid Loss 0.3489
2026-04-16 05:20:57,860 [[3561  177]
 [  58  237]]
2026-04-16 05:20:57,866 AUC of ROC = 0.9548
2026-04-16 05:20:57,866 AUC of PRC = 0.7702
2026-04-16 05:20:57,866 min(+P, Se) = 0.7273
2026-04-16 05:20:57,867 f1_score = 0.7430 (threshold = 1.4650)
2026-04-16 05:20:57,867 Epoch 26: Train Loss 0.1102, Valid Loss 0.3828
2026-04-16 05:21:34,555 [[3566  172]
 [  58  237]]
2026-04-16 05:21:34,561 AUC of ROC = 0.9564
2026-04-16 05:21:34,561 AUC of PRC = 0.7670
2026-04-16 05:21:34,562 min(+P, Se) = 0.7356
2026-04-16 05:21:34,562 f1_score = 0.7356 (threshold = 1.2979)
2026-04-16 05:21:34,562 Epoch 27: Train Loss 0.0987, Valid Loss 0.4034
2026-04-16 05:22:11,294 [[3567  171]
 [  59  236]]
2026-04-16 05:22:11,299 AUC of ROC = 0.9540
2026-04-16 05:22:11,300 AUC of PRC = 0.7571
2026-04-16 05:22:11,300 min(+P, Se) = 0.7322
2026-04-16 05:22:11,300 f1_score = 0.7359 (threshold = 1.2177)
2026-04-16 05:22:11,300 Epoch 28: Train Loss 0.0964, Valid Loss 0.4173
2026-04-16 05:22:47,116 [[3575  163]
 [  59  236]]
2026-04-16 05:22:47,121 AUC of ROC = 0.9576
2026-04-16 05:22:47,121 AUC of PRC = 0.7678
2026-04-16 05:22:47,122 min(+P, Se) = 0.7458
2026-04-16 05:22:47,122 f1_score = 0.7470 (threshold = 1.2307)
2026-04-16 05:22:47,122 Epoch 29: Train Loss 0.0899, Valid Loss 0.4191
2026-04-16 05:23:23,585 [[3546  192]
 [  56  239]]
2026-04-16 05:23:23,591 AUC of ROC = 0.9571
2026-04-16 05:23:23,591 AUC of PRC = 0.7651
2026-04-16 05:23:23,591 min(+P, Se) = 0.7220
2026-04-16 05:23:23,591 f1_score = 0.7351 (threshold = 1.9692)
2026-04-16 05:23:23,592 Epoch 30: Train Loss 0.0804, Valid Loss 0.3959
2026-04-16 05:24:01,323 [[3562  176]
 [  60  235]]
2026-04-16 05:24:01,328 AUC of ROC = 0.9549
2026-04-16 05:24:01,329 AUC of PRC = 0.7617
2026-04-16 05:24:01,329 min(+P, Se) = 0.7220
2026-04-16 05:24:01,329 f1_score = 0.7349 (threshold = 1.7817)
2026-04-16 05:24:01,329 Epoch 31: Train Loss 0.0835, Valid Loss 0.4251
2026-04-16 05:24:38,764 [[3569  169]
 [  61  234]]
2026-04-16 05:24:38,770 AUC of ROC = 0.9555
2026-04-16 05:24:38,770 AUC of PRC = 0.7628
2026-04-16 05:24:38,770 min(+P, Se) = 0.7220
2026-04-16 05:24:38,770 f1_score = 0.7399 (threshold = 1.7144)
2026-04-16 05:24:38,771 Epoch 32: Train Loss 0.0788, Valid Loss 0.4270
2026-04-16 05:25:11,028 [[3575  163]
 [  59  236]]
2026-04-16 05:25:11,033 AUC of ROC = 0.9550
2026-04-16 05:25:11,034 AUC of PRC = 0.7652
2026-04-16 05:25:11,034 min(+P, Se) = 0.7230
2026-04-16 05:25:11,034 f1_score = 0.7345 (threshold = 1.6121)
2026-04-16 05:25:11,034 Epoch 33: Train Loss 0.0788, Valid Loss 0.4454
2026-04-16 05:25:42,282 [[3581  157]
 [  63  232]]
2026-04-16 05:25:42,287 AUC of ROC = 0.9548
2026-04-16 05:25:42,288 AUC of PRC = 0.7643
2026-04-16 05:25:42,288 min(+P, Se) = 0.7288
2026-04-16 05:25:42,288 f1_score = 0.7322 (threshold = 1.5834)
2026-04-16 05:25:42,288 Epoch 34: Train Loss 0.0738, Valid Loss 0.4595
2026-04-16 05:26:16,843 [[3579  159]
 [  63  232]]
2026-04-16 05:26:16,848 AUC of ROC = 0.9547
2026-04-16 05:26:16,848 AUC of PRC = 0.7635
2026-04-16 05:26:16,848 min(+P, Se) = 0.7291
2026-04-16 05:26:16,849 f1_score = 0.7340 (threshold = 1.1091)
2026-04-16 05:26:16,849 Epoch 35: Train Loss 0.0732, Valid Loss 0.4636
2026-04-16 05:26:16,860 last saved model is in epoch 16
2026-04-16 05:26:19,346 [[3518  234]
 [  32  250]]
2026-04-16 05:26:19,352 AUC of ROC = 0.9681
2026-04-16 05:26:19,352 AUC of PRC = 0.8424
2026-04-16 05:26:19,352 min(+P, Se) = 0.7801
2026-04-16 05:26:19,352 f1_score = 0.7815 (threshold = 1.3413)
2026-04-16 05:26:19,352 Test Loss 0.2235
