2026-04-13 23:21:48,655 {
    "dataset": "c12",
    "data_dropout": 0.0,
    "epochs": 25,
    "lr": 0.001,
    "d_model": 32,
    "seed": 1,
    "batch_size": 64,
    "dropout": 0.1,
    "save_model": true,
    "save_dir": "./export/c12/smart-smile-lean-no-mnar-bias/seed_1",
    "local_rank": 0,
    "min_mask_ratio": 0.15,
    "max_mask_ratio": 0.75,
    "e_layers": 2,
    "n_heads": 4,
    "time_dim": 16,
    "use_film": false,
    "use_smile": false,
    "use_smile_film": false,
    "use_smile_v2": false,
    "use_smile_v2_film": false,
    "use_smile_lean": true,
    "use_smile_lean_samepretrain": false,
    "use_mnar": false,
    "save_last": true,
    "smile_no_mnar": false,
    "smile_no_curriculum": false,
    "smile_mask_type": "all",
    "smile_mnar_dropout": 0.05,
    "obs_density_window": 5,
    "abl_no_density": false,
    "abl_no_mnar_bias": true,
    "abl_no_film": false,
    "abl_no_time_mnar": false,
    "abl_no_time_pe": false,
    "pretrain_mask_mode": "fixed",
    "ratio_temperature": 1.0,
    "smile_stratified": false,
    "smile_mask_weights": null
}
2026-04-13 23:21:50,098 Dataset Loaded.
2026-04-13 23:21:50,099 system_groups: {'Vital_Invasive': 3, 'Blood_Gas': 4, 'Electrolyte': 5, 'Liver_Enzyme': 6, 'CBC': 3, 'Oxygenation': 3, 'Metabolic': 2}
2026-04-13 23:22:03,067 Epoch 1: Train Loss 4.0626, Valid Loss 1.6890, EMA Val 1.6890
2026-04-13 23:22:13,892 Epoch 2: Train Loss 1.6268, Valid Loss 1.0993, EMA Val 1.5121
2026-04-13 23:22:25,379 Epoch 3: Train Loss 1.1471, Valid Loss 0.8146, EMA Val 1.3029
2026-04-13 23:22:36,805 Epoch 4: Train Loss 0.9314, Valid Loss 0.6637, EMA Val 1.1111
2026-04-13 23:22:47,848 Epoch 5: Train Loss 0.8236, Valid Loss 0.6154, EMA Val 0.9624
2026-04-13 23:22:58,897 Epoch 6: Train Loss 0.7568, Valid Loss 0.5698, EMA Val 0.8446
2026-04-13 23:23:09,881 Epoch 7: Train Loss 0.7130, Valid Loss 0.5688, EMA Val 0.7619
2026-04-13 23:23:19,571 Epoch 8: Train Loss 0.7056, Valid Loss 0.5862, EMA Val 0.7092
2026-04-13 23:23:30,212 Epoch 9: Train Loss 0.6725, Valid Loss 0.5366, EMA Val 0.6574
2026-04-13 23:23:41,183 Epoch 10: Train Loss 0.6588, Valid Loss 0.5453, EMA Val 0.6238
2026-04-13 23:23:52,593 Epoch 11: Train Loss 0.6354, Valid Loss 0.5204, EMA Val 0.5927
2026-04-13 23:24:03,831 Epoch 12: Train Loss 0.6837, Valid Loss 0.5357, EMA Val 0.5756
2026-04-13 23:24:14,589 Epoch 13: Train Loss 0.6387, Valid Loss 0.5803, EMA Val 0.5770
2026-04-13 23:24:25,365 Epoch 14: Train Loss 0.6359, Valid Loss 0.5267, EMA Val 0.5619
2026-04-13 23:24:36,453 Epoch 15: Train Loss 0.6325, Valid Loss 0.5736, EMA Val 0.5654
2026-04-13 23:24:47,918 Epoch 16: Train Loss 0.6087, Valid Loss 0.5322, EMA Val 0.5554
2026-04-13 23:24:59,411 Epoch 17: Train Loss 0.6070, Valid Loss 0.5795, EMA Val 0.5627
2026-04-13 23:25:10,922 Epoch 18: Train Loss 0.6052, Valid Loss 0.5370, EMA Val 0.5549
2026-04-13 23:25:22,478 Epoch 19: Train Loss 0.5940, Valid Loss 0.5382, EMA Val 0.5499
2026-04-13 23:25:33,878 Epoch 20: Train Loss 0.5800, Valid Loss 0.5526, EMA Val 0.5507
2026-04-13 23:25:44,858 Epoch 21: Train Loss 0.5759, Valid Loss 0.5403, EMA Val 0.5476
2026-04-13 23:25:55,940 Epoch 22: Train Loss 0.5658, Valid Loss 0.5422, EMA Val 0.5460
2026-04-13 23:26:06,892 Epoch 23: Train Loss 0.5846, Valid Loss 0.5330, EMA Val 0.5421
2026-04-13 23:26:17,852 Epoch 24: Train Loss 0.6083, Valid Loss 0.5345, EMA Val 0.5398
2026-04-13 23:26:28,954 Epoch 25: Train Loss 0.5655, Valid Loss 0.5669, EMA Val 0.5479
2026-04-13 23:26:28,955 ----- Save last epoch model - L1: 0.5479 -----
2026-04-13 23:26:28,989 last saved model is in epoch 25
2026-04-13 23:26:29,929 Test Loss 0.6175
2026-04-13 23:26:34,426 {
    "dataset": "c12",
    "data_dropout": 0.0,
    "epochs": 25,
    "freeze_epochs": 5,
    "lr": 0.001,
    "d_model": 32,
    "seed": 1,
    "batch_size": 64,
    "dropout": 0.1,
    "save_model": true,
    "save_dir": "./export/c12/smart-smile-lean-no-mnar-bias/seed_1",
    "pretrain_dir": null,
    "local_rank": 0,
    "e_layers": 2,
    "n_heads": 4,
    "time_dim": 16,
    "use_film": false,
    "use_smile": false,
    "use_smile_film": false,
    "use_mnar": false,
    "use_smile_v2": false,
    "use_smile_v2_film": false,
    "use_smile_lean": true,
    "use_smile_lean_samepretrain": false,
    "obs_density_window": 5,
    "abl_no_density": false,
    "abl_no_mnar_bias": true,
    "abl_no_film": false,
    "abl_no_time_mnar": false,
    "abl_no_time_pe": false,
    "smile_no_mnar": false,
    "smile_no_curriculum": false,
    "smile_mask_type": "all",
    "smile_mnar_dropout": 0.05,
    "smile_mnar_dropout_initial": 0.0,
    "smile_stratified": false
}
2026-04-13 23:26:35,899 Dataset Loaded.
2026-04-13 23:26:37,733 Class weights: [0.5820587277412415, 3.546597719192505]
2026-04-13 23:26:37,744 last saved model is in epoch 25
2026-04-13 23:26:45,921 [[563 471]
 [ 27 137]]
2026-04-13 23:26:45,927 AUC of ROC = 0.7785
2026-04-13 23:26:45,927 AUC of PRC = 0.3380
2026-04-13 23:26:45,927 min(+P, Se) = 0.4253
2026-04-13 23:26:45,928 f1_score = 0.4450 (threshold = 0.0307)
2026-04-13 23:26:45,928 Epoch 1: Train Loss 0.7299, Valid Loss 0.5942
2026-04-13 23:26:45,929 ----- Save best model - auprc: 0.3380 -----
2026-04-13 23:26:53,989 [[463 571]
 [ 11 153]]
2026-04-13 23:26:53,994 AUC of ROC = 0.7849
2026-04-13 23:26:53,994 AUC of PRC = 0.3590
2026-04-13 23:26:53,994 min(+P, Se) = 0.4021
2026-04-13 23:26:53,994 f1_score = 0.4358 (threshold = 0.3004)
2026-04-13 23:26:53,995 Epoch 2: Train Loss 0.6379, Valid Loss 0.6093
2026-04-13 23:26:53,999 ----- Save best model - auprc: 0.3590 -----
2026-04-13 23:27:01,948 [[588 446]
 [ 13 151]]
2026-04-13 23:27:01,952 AUC of ROC = 0.7994
2026-04-13 23:27:01,952 AUC of PRC = 0.3820
2026-04-13 23:27:01,953 min(+P, Se) = 0.4157
2026-04-13 23:27:01,953 f1_score = 0.4457 (threshold = 0.3053)
2026-04-13 23:27:01,953 Epoch 3: Train Loss 0.5966, Valid Loss 0.5560
2026-04-13 23:27:01,954 ----- Save best model - auprc: 0.3820 -----
2026-04-13 23:27:09,810 [[961  73]
 [100  64]]
2026-04-13 23:27:09,814 AUC of ROC = 0.8054
2026-04-13 23:27:09,814 AUC of PRC = 0.3791
2026-04-13 23:27:09,815 min(+P, Se) = 0.4045
2026-04-13 23:27:09,815 f1_score = 0.4463 (threshold = -0.7146)
2026-04-13 23:27:09,815 Epoch 4: Train Loss 0.5916, Valid Loss 0.5763
2026-04-13 23:27:17,578 [[810 224]
 [ 54 110]]
2026-04-13 23:27:17,583 AUC of ROC = 0.7811
2026-04-13 23:27:17,583 AUC of PRC = 0.3521
2026-04-13 23:27:17,583 min(+P, Se) = 0.3815
2026-04-13 23:27:17,583 f1_score = 0.4131 (threshold = -0.0122)
2026-04-13 23:27:17,584 Epoch 5: Train Loss 0.5961, Valid Loss 0.5110
2026-04-13 23:27:27,719 [[725 309]
 [ 22 142]]
2026-04-13 23:27:27,723 AUC of ROC = 0.8501
2026-04-13 23:27:27,723 AUC of PRC = 0.5053
2026-04-13 23:27:27,723 min(+P, Se) = 0.5061
2026-04-13 23:27:27,724 f1_score = 0.5145 (threshold = 0.5315)
2026-04-13 23:27:27,724 Epoch 6: Train Loss 0.5515, Valid Loss 0.4859
2026-04-13 23:27:27,724 ----- Save best model - auprc: 0.5053 -----
2026-04-13 23:27:37,627 [[825 209]
 [ 45 119]]
2026-04-13 23:27:37,631 AUC of ROC = 0.8549
2026-04-13 23:27:37,631 AUC of PRC = 0.5106
2026-04-13 23:27:37,631 min(+P, Se) = 0.4819
2026-04-13 23:27:37,632 f1_score = 0.5033 (threshold = 0.6185)
2026-04-13 23:27:37,632 Epoch 7: Train Loss 0.5220, Valid Loss 0.4663
2026-04-13 23:27:37,633 ----- Save best model - auprc: 0.5106 -----
2026-04-13 23:27:47,543 [[803 231]
 [ 34 130]]
2026-04-13 23:27:47,547 AUC of ROC = 0.8661
2026-04-13 23:27:47,547 AUC of PRC = 0.5377
2026-04-13 23:27:47,547 min(+P, Se) = 0.5122
2026-04-13 23:27:47,548 f1_score = 0.5224 (threshold = 0.3995)
2026-04-13 23:27:47,548 Epoch 8: Train Loss 0.5097, Valid Loss 0.4505
2026-04-13 23:27:47,549 ----- Save best model - auprc: 0.5377 -----
2026-04-13 23:27:57,446 [[657 377]
 [ 16 148]]
2026-04-13 23:27:57,451 AUC of ROC = 0.8666
2026-04-13 23:27:57,451 AUC of PRC = 0.5367
2026-04-13 23:27:57,451 min(+P, Se) = 0.5122
2026-04-13 23:27:57,451 f1_score = 0.5403 (threshold = 0.6362)
2026-04-13 23:27:57,452 Epoch 9: Train Loss 0.4996, Valid Loss 0.5069
2026-04-13 23:28:07,262 [[739 295]
 [ 23 141]]
2026-04-13 23:28:07,266 AUC of ROC = 0.8662
2026-04-13 23:28:07,266 AUC of PRC = 0.5420
2026-04-13 23:28:07,266 min(+P, Se) = 0.5183
2026-04-13 23:28:07,267 f1_score = 0.5346 (threshold = 0.8834)
2026-04-13 23:28:07,267 Epoch 10: Train Loss 0.4986, Valid Loss 0.4647
2026-04-13 23:28:07,268 ----- Save best model - auprc: 0.5420 -----
2026-04-13 23:28:17,107 [[830 204]
 [ 39 125]]
2026-04-13 23:28:17,111 AUC of ROC = 0.8714
2026-04-13 23:28:17,112 AUC of PRC = 0.5398
2026-04-13 23:28:17,112 min(+P, Se) = 0.5366
2026-04-13 23:28:17,112 f1_score = 0.5430 (threshold = 0.3446)
2026-04-13 23:28:17,113 Epoch 11: Train Loss 0.4871, Valid Loss 0.4551
2026-04-13 23:28:26,928 [[802 232]
 [ 35 129]]
2026-04-13 23:28:26,932 AUC of ROC = 0.8667
2026-04-13 23:28:26,933 AUC of PRC = 0.5380
2026-04-13 23:28:26,933 min(+P, Se) = 0.5152
2026-04-13 23:28:26,933 f1_score = 0.5291 (threshold = 0.4416)
2026-04-13 23:28:26,933 Epoch 12: Train Loss 0.4804, Valid Loss 0.4600
2026-04-13 23:28:36,786 [[800 234]
 [ 32 132]]
2026-04-13 23:28:36,790 AUC of ROC = 0.8707
2026-04-13 23:28:36,791 AUC of PRC = 0.5436
2026-04-13 23:28:36,791 min(+P, Se) = 0.5183
2026-04-13 23:28:36,791 f1_score = 0.5420 (threshold = 0.4761)
2026-04-13 23:28:36,791 Epoch 13: Train Loss 0.4784, Valid Loss 0.4506
2026-04-13 23:28:36,792 ----- Save best model - auprc: 0.5436 -----
2026-04-13 23:28:46,743 [[761 273]
 [ 24 140]]
2026-04-13 23:28:46,747 AUC of ROC = 0.8748
2026-04-13 23:28:46,747 AUC of PRC = 0.5526
2026-04-13 23:28:46,747 min(+P, Se) = 0.5427
2026-04-13 23:28:46,747 f1_score = 0.5588 (threshold = 0.6265)
2026-04-13 23:28:46,748 Epoch 14: Train Loss 0.4744, Valid Loss 0.4464
2026-04-13 23:28:46,748 ----- Save best model - auprc: 0.5526 -----
2026-04-13 23:28:56,431 [[741 293]
 [ 26 138]]
2026-04-13 23:28:56,435 AUC of ROC = 0.8738
2026-04-13 23:28:56,436 AUC of PRC = 0.5481
2026-04-13 23:28:56,436 min(+P, Se) = 0.5333
2026-04-13 23:28:56,436 f1_score = 0.5515 (threshold = 0.6423)
2026-04-13 23:28:56,436 Epoch 15: Train Loss 0.4670, Valid Loss 0.4548
2026-04-13 23:29:06,289 [[872 162]
 [ 48 116]]
2026-04-13 23:29:06,293 AUC of ROC = 0.8749
2026-04-13 23:29:06,293 AUC of PRC = 0.5603
2026-04-13 23:29:06,293 min(+P, Se) = 0.5444
2026-04-13 23:29:06,294 f1_score = 0.5533 (threshold = 0.3464)
2026-04-13 23:29:06,294 Epoch 16: Train Loss 0.4647, Valid Loss 0.4508
2026-04-13 23:29:06,295 ----- Save best model - auprc: 0.5603 -----
2026-04-13 23:29:16,392 [[734 300]
 [ 25 139]]
2026-04-13 23:29:16,396 AUC of ROC = 0.8748
2026-04-13 23:29:16,396 AUC of PRC = 0.5548
2026-04-13 23:29:16,397 min(+P, Se) = 0.5610
2026-04-13 23:29:16,397 f1_score = 0.5610 (threshold = 0.6990)
2026-04-13 23:29:16,397 Epoch 17: Train Loss 0.4628, Valid Loss 0.4557
2026-04-13 23:29:26,202 [[714 320]
 [ 22 142]]
2026-04-13 23:29:26,206 AUC of ROC = 0.8777
2026-04-13 23:29:26,206 AUC of PRC = 0.5633
2026-04-13 23:29:26,206 min(+P, Se) = 0.5509
2026-04-13 23:29:26,207 f1_score = 0.5637 (threshold = 0.6767)
2026-04-13 23:29:26,207 Epoch 18: Train Loss 0.4596, Valid Loss 0.4641
2026-04-13 23:29:26,208 ----- Save best model - auprc: 0.5633 -----
2026-04-13 23:29:35,828 [[823 211]
 [ 33 131]]
2026-04-13 23:29:35,832 AUC of ROC = 0.8738
2026-04-13 23:29:35,832 AUC of PRC = 0.5560
2026-04-13 23:29:35,832 min(+P, Se) = 0.5455
2026-04-13 23:29:35,833 f1_score = 0.5511 (threshold = 0.2414)
2026-04-13 23:29:35,833 Epoch 19: Train Loss 0.4538, Valid Loss 0.4406
2026-04-13 23:29:45,755 [[814 220]
 [ 32 132]]
2026-04-13 23:29:45,759 AUC of ROC = 0.8753
2026-04-13 23:29:45,759 AUC of PRC = 0.5504
2026-04-13 23:29:45,759 min(+P, Se) = 0.5366
2026-04-13 23:29:45,760 f1_score = 0.5565 (threshold = 0.4095)
2026-04-13 23:29:45,760 Epoch 20: Train Loss 0.4493, Valid Loss 0.4356
2026-04-13 23:29:55,689 [[756 278]
 [ 24 140]]
2026-04-13 23:29:55,693 AUC of ROC = 0.8775
2026-04-13 23:29:55,693 AUC of PRC = 0.5620
2026-04-13 23:29:55,694 min(+P, Se) = 0.5488
2026-04-13 23:29:55,694 f1_score = 0.5692 (threshold = 0.5653)
2026-04-13 23:29:55,694 Epoch 21: Train Loss 0.4478, Valid Loss 0.4473
2026-04-13 23:30:05,422 [[784 250]
 [ 28 136]]
2026-04-13 23:30:05,426 AUC of ROC = 0.8786
2026-04-13 23:30:05,426 AUC of PRC = 0.5648
2026-04-13 23:30:05,426 min(+P, Se) = 0.5385
2026-04-13 23:30:05,427 f1_score = 0.5760 (threshold = 0.5715)
2026-04-13 23:30:05,427 Epoch 22: Train Loss 0.4449, Valid Loss 0.4384
2026-04-13 23:30:05,428 ----- Save best model - auprc: 0.5648 -----
2026-04-13 23:30:15,429 [[828 206]
 [ 32 132]]
2026-04-13 23:30:15,433 AUC of ROC = 0.8779
2026-04-13 23:30:15,434 AUC of PRC = 0.5645
2026-04-13 23:30:15,434 min(+P, Se) = 0.5488
2026-04-13 23:30:15,434 f1_score = 0.5564 (threshold = 0.2799)
2026-04-13 23:30:15,434 Epoch 23: Train Loss 0.4455, Valid Loss 0.4330
2026-04-13 23:30:24,955 [[804 230]
 [ 29 135]]
2026-04-13 23:30:24,960 AUC of ROC = 0.8793
2026-04-13 23:30:24,960 AUC of PRC = 0.5663
2026-04-13 23:30:24,960 min(+P, Se) = 0.5482
2026-04-13 23:30:24,960 f1_score = 0.5600 (threshold = 0.4775)
2026-04-13 23:30:24,961 Epoch 24: Train Loss 0.4434, Valid Loss 0.4333
2026-04-13 23:30:24,961 ----- Save best model - auprc: 0.5663 -----
2026-04-13 23:30:34,649 [[797 237]
 [ 28 136]]
2026-04-13 23:30:34,653 AUC of ROC = 0.8792
2026-04-13 23:30:34,654 AUC of PRC = 0.5662
2026-04-13 23:30:34,654 min(+P, Se) = 0.5542
2026-04-13 23:30:34,654 f1_score = 0.5590 (threshold = 0.4454)
2026-04-13 23:30:34,654 Epoch 25: Train Loss 0.4404, Valid Loss 0.4334
2026-04-13 23:30:34,661 last saved model is in epoch 24
2026-04-13 23:30:35,610 [[811 198]
 [ 41 150]]
2026-04-13 23:30:35,615 AUC of ROC = 0.8590
2026-04-13 23:30:35,615 AUC of PRC = 0.5725
2026-04-13 23:30:35,615 min(+P, Se) = 0.5445
2026-04-13 23:30:35,616 f1_score = 0.5588 (threshold = 0.2192)
2026-04-13 23:30:35,616 Test Loss 0.4698
