2026-04-25 09:49:04,592 {
    "dataset": "c12",
    "data_dropout": 0.0,
    "epochs": 25,
    "lr": 0.001,
    "d_model": 32,
    "seed": 1,
    "batch_size": 64,
    "num_workers": null,
    "dropout": 0.1,
    "save_model": true,
    "save_dir": "./export/c12/smart-smile-lean-no-time-mnar/seed_1",
    "local_rank": 0,
    "min_mask_ratio": 0.15,
    "max_mask_ratio": 0.75,
    "e_layers": 2,
    "n_heads": 4,
    "time_dim": 16,
    "use_film": false,
    "use_smile": false,
    "use_smile_film": false,
    "use_smile_v2": false,
    "use_smile_v2_film": false,
    "use_smile_lean": true,
    "use_smile_lean_samepretrain": false,
    "use_smile_lean_v2": false,
    "use_mnar": false,
    "save_last": true,
    "smile_no_mnar": false,
    "smile_no_curriculum": false,
    "smile_mask_type": "all",
    "smile_mnar_dropout": 0.05,
    "obs_density_window": 5,
    "abl_no_density": false,
    "abl_no_mnar_bias": false,
    "abl_no_film": false,
    "abl_no_time_mnar": true,
    "abl_no_time_pe": false,
    "abl_no_cross_attn": false,
    "abl_no_mnar_cls": false,
    "abl_no_policy": false,
    "abl_no_dynamic_mnar": false,
    "abl_no_dual_head": false,
    "pretrain_mask_mode": "fixed",
    "ratio_temperature": 1.0,
    "smile_stratified": false,
    "smile_mask_weights": null,
    "rank": 0,
    "world_size": 2,
    "distributed": true,
    "gpu": 0,
    "dist_backend": "nccl"
}
2026-04-25 09:49:08,507 Dataset Loaded.
2026-04-25 09:49:08,507 system_groups: {'Vital_Invasive': 3, 'Blood_Gas': 4, 'Electrolyte': 5, 'Liver_Enzyme': 6, 'CBC': 3, 'Oxygenation': 3, 'Metabolic': 2}
2026-04-25 09:49:08,507 DataLoader kwargs: {'num_workers': 4, 'pin_memory': True, 'persistent_workers': True, 'prefetch_factor': 2}
2026-04-25 09:49:08,509 Runtime init: variable order resolved.
2026-04-25 09:49:08,510 Runtime init: variable order moved to CUDA.
2026-04-25 09:49:08,517 Runtime init: encoder moved to CUDA.
2026-04-25 09:49:08,518 Runtime init: predictor moved to CUDA.
2026-04-25 09:49:08,522 Runtime init: target encoder copied.
2026-04-25 09:49:10,122 Runtime init: DDP wrap complete.
2026-04-25 09:49:16,275 Epoch 1: Train Loss 5.6998, Valid Loss 2.2846, EMA Val 2.2846
2026-04-25 09:49:21,431 Epoch 2: Train Loss 2.4031, Valid Loss 1.6276, EMA Val 2.0875
2026-04-25 09:49:26,494 Epoch 3: Train Loss 1.8049, Valid Loss 1.3130, EMA Val 1.8552
2026-04-25 09:49:31,488 Epoch 4: Train Loss 1.4757, Valid Loss 1.1122, EMA Val 1.6323
2026-04-25 09:49:36,551 Epoch 5: Train Loss 1.2186, Valid Loss 0.9273, EMA Val 1.4208
2026-04-25 09:49:41,465 Epoch 6: Train Loss 1.0927, Valid Loss 0.8342, EMA Val 1.2448
2026-04-25 09:49:46,290 Epoch 7: Train Loss 0.9834, Valid Loss 0.7813, EMA Val 1.1058
2026-04-25 09:49:51,194 Epoch 8: Train Loss 0.8932, Valid Loss 0.7142, EMA Val 0.9883
2026-04-25 09:49:56,140 Epoch 9: Train Loss 0.8540, Valid Loss 0.6991, EMA Val 0.9015
2026-04-25 09:50:01,123 Epoch 10: Train Loss 0.8064, Valid Loss 0.6530, EMA Val 0.8270
2026-04-25 09:50:06,108 Epoch 11: Train Loss 0.7735, Valid Loss 0.6423, EMA Val 0.7716
2026-04-25 09:50:11,040 Epoch 12: Train Loss 0.7346, Valid Loss 0.6113, EMA Val 0.7235
2026-04-25 09:50:15,931 Epoch 13: Train Loss 0.7211, Valid Loss 0.6182, EMA Val 0.6919
2026-04-25 09:50:20,840 Epoch 14: Train Loss 0.6780, Valid Loss 0.5944, EMA Val 0.6627
2026-04-25 09:50:25,744 Epoch 15: Train Loss 0.7162, Valid Loss 0.5841, EMA Val 0.6391
2026-04-25 09:50:30,755 Epoch 16: Train Loss 0.6483, Valid Loss 0.5748, EMA Val 0.6198
2026-04-25 09:50:35,706 Epoch 17: Train Loss 0.6141, Valid Loss 0.5649, EMA Val 0.6033
2026-04-25 09:50:40,616 Epoch 18: Train Loss 0.6415, Valid Loss 0.5868, EMA Val 0.5984
2026-04-25 09:50:45,705 Epoch 19: Train Loss 0.6273, Valid Loss 0.5505, EMA Val 0.5840
2026-04-25 09:50:50,598 Epoch 20: Train Loss 0.6396, Valid Loss 0.5700, EMA Val 0.5798
2026-04-25 09:50:55,770 Epoch 21: Train Loss 0.6261, Valid Loss 0.6362, EMA Val 0.5968
2026-04-25 09:51:00,779 Epoch 22: Train Loss 0.5900, Valid Loss 0.5974, EMA Val 0.5970
2026-04-25 09:51:05,455 Epoch 23: Train Loss 0.5697, Valid Loss 0.5572, EMA Val 0.5850
2026-04-25 09:51:10,049 Epoch 24: Train Loss 0.5928, Valid Loss 0.5565, EMA Val 0.5765
2026-04-25 09:51:14,901 Epoch 25: Train Loss 0.5789, Valid Loss 0.5438, EMA Val 0.5667
2026-04-25 09:51:14,902 ----- Save last epoch model - L1: 0.5667 -----
2026-04-25 09:51:14,996 last saved model is in epoch 25
2026-04-25 09:51:15,835 Test Loss 0.5811
2026-04-25 09:52:25,286 {
    "dataset": "c12",
    "data_dropout": 0.0,
    "epochs": 25,
    "freeze_epochs": 5,
    "lr": 0.001,
    "d_model": 32,
    "seed": 1,
    "batch_size": 64,
    "num_workers": null,
    "dropout": 0.1,
    "save_model": true,
    "save_dir": "./export/c12/smart-smile-lean-no-time-mnar/seed_1",
    "pretrain_dir": null,
    "local_rank": 0,
    "e_layers": 2,
    "n_heads": 4,
    "time_dim": 16,
    "use_film": false,
    "use_smile": false,
    "use_smile_film": false,
    "use_mnar": false,
    "use_smile_v2": false,
    "use_smile_v2_film": false,
    "use_smile_lean": true,
    "use_smile_lean_samepretrain": false,
    "use_smile_lean_v2": false,
    "obs_density_window": 5,
    "abl_no_density": false,
    "abl_no_mnar_bias": false,
    "abl_no_film": false,
    "abl_no_time_mnar": true,
    "abl_no_time_pe": false,
    "abl_no_cross_attn": false,
    "abl_no_mnar_cls": false,
    "abl_no_policy": false,
    "abl_no_dynamic_mnar": false,
    "abl_no_dual_head": false,
    "smile_no_mnar": false,
    "smile_no_curriculum": false,
    "smile_mask_type": "all",
    "smile_mnar_dropout": 0.05,
    "smile_mnar_dropout_initial": 0.0,
    "smile_stratified": false,
    "los_task": "classification",
    "los_label_unit": "auto",
    "los_use_class_weights": false,
    "los_save_metric": "auc_micro",
    "rank": 0,
    "world_size": 2,
    "distributed": true,
    "gpu": 0,
    "dist_backend": "nccl"
}
2026-04-25 09:52:29,133 Dataset Loaded.
2026-04-25 09:52:29,134 DataLoader kwargs: {'num_workers': 4, 'pin_memory': True, 'persistent_workers': True, 'prefetch_factor': 2}
2026-04-25 09:52:29,136 Runtime init: variable order resolved.
2026-04-25 09:52:29,136 Runtime init: variable order moved to CUDA.
2026-04-25 09:52:29,143 Runtime init: encoder moved to CUDA.
2026-04-25 09:52:29,144 Runtime init: classifier moved to CUDA.
2026-04-25 09:52:31,212 Runtime init: DDP wrap complete.
2026-04-25 09:52:31,217 Class weights: [0.5820587277412415, 3.546597719192505]
2026-04-25 09:52:31,240 last saved model is in epoch 25
2026-04-25 09:52:34,467 [[760 274]
 [ 46 118]]
2026-04-25 09:52:34,473 AUC of ROC = 0.7860
2026-04-25 09:52:34,473 AUC of PRC = 0.3390
2026-04-25 09:52:34,473 min(+P, Se) = 0.4010
2026-04-25 09:52:34,473 f1_score = 0.4511 (threshold = -0.3782)
2026-04-25 09:52:34,474 Epoch 1: Train Loss 0.7465, Valid Loss 0.5507
2026-04-25 09:52:34,475 ----- Save best model - auprc: 0.3390 -----
2026-04-25 09:52:36,727 [[827 207]
 [ 59 105]]
2026-04-25 09:52:36,732 AUC of ROC = 0.8021
2026-04-25 09:52:36,732 AUC of PRC = 0.3583
2026-04-25 09:52:36,732 min(+P, Se) = 0.4311
2026-04-25 09:52:36,732 f1_score = 0.4641 (threshold = -0.5373)
2026-04-25 09:52:36,732 Epoch 2: Train Loss 0.5983, Valid Loss 0.5228
2026-04-25 09:52:36,733 ----- Save best model - auprc: 0.3583 -----
2026-04-25 09:52:38,948 [[620 414]
 [ 16 148]]
2026-04-25 09:52:38,952 AUC of ROC = 0.8059
2026-04-25 09:52:38,952 AUC of PRC = 0.3598
2026-04-25 09:52:38,953 min(+P, Se) = 0.4045
2026-04-25 09:52:38,953 f1_score = 0.4600 (threshold = -0.1145)
2026-04-25 09:52:38,953 Epoch 3: Train Loss 0.5951, Valid Loss 0.5456
2026-04-25 09:52:38,954 ----- Save best model - auprc: 0.3598 -----
2026-04-25 09:52:41,359 [[776 258]
 [ 39 125]]
2026-04-25 09:52:41,364 AUC of ROC = 0.7995
2026-04-25 09:52:41,365 AUC of PRC = 0.3554
2026-04-25 09:52:41,365 min(+P, Se) = 0.3802
2026-04-25 09:52:41,365 f1_score = 0.4397 (threshold = -0.3569)
2026-04-25 09:52:41,365 Epoch 4: Train Loss 0.5849, Valid Loss 0.5014
2026-04-25 09:52:43,554 [[840 194]
 [ 55 109]]
2026-04-25 09:52:43,558 AUC of ROC = 0.8204
2026-04-25 09:52:43,558 AUC of PRC = 0.3811
2026-04-25 09:52:43,559 min(+P, Se) = 0.4080
2026-04-25 09:52:43,559 f1_score = 0.4713 (threshold = -0.6674)
2026-04-25 09:52:43,559 Epoch 5: Train Loss 0.5625, Valid Loss 0.4995
2026-04-25 09:52:43,560 ----- Save best model - auprc: 0.3811 -----
2026-04-25 09:52:47,725 [[731 303]
 [ 26 138]]
2026-04-25 09:52:47,730 AUC of ROC = 0.8357
2026-04-25 09:52:47,730 AUC of PRC = 0.4701
2026-04-25 09:52:47,730 min(+P, Se) = 0.4509
2026-04-25 09:52:47,731 f1_score = 0.4825 (threshold = -0.2594)
2026-04-25 09:52:47,731 Epoch 6: Train Loss 0.5719, Valid Loss 0.4874
2026-04-25 09:52:47,732 ----- Save best model - auprc: 0.4701 -----
2026-04-25 09:52:51,737 [[735 299]
 [ 25 139]]
2026-04-25 09:52:51,741 AUC of ROC = 0.8561
2026-04-25 09:52:51,741 AUC of PRC = 0.5248
2026-04-25 09:52:51,742 min(+P, Se) = 0.5183
2026-04-25 09:52:51,742 f1_score = 0.5253 (threshold = 0.0938)
2026-04-25 09:52:51,742 Epoch 7: Train Loss 0.5189, Valid Loss 0.4843
2026-04-25 09:52:51,743 ----- Save best model - auprc: 0.5248 -----
2026-04-25 09:52:55,934 [[838 196]
 [ 48 116]]
2026-04-25 09:52:55,939 AUC of ROC = 0.8612
2026-04-25 09:52:55,940 AUC of PRC = 0.5324
2026-04-25 09:52:55,940 min(+P, Se) = 0.4939
2026-04-25 09:52:55,940 f1_score = 0.5215 (threshold = -0.1179)
2026-04-25 09:52:55,940 Epoch 8: Train Loss 0.5144, Valid Loss 0.4668
2026-04-25 09:52:55,941 ----- Save best model - auprc: 0.5324 -----
2026-04-25 09:53:00,264 [[878 156]
 [ 56 108]]
2026-04-25 09:53:00,268 AUC of ROC = 0.8604
2026-04-25 09:53:00,269 AUC of PRC = 0.5263
2026-04-25 09:53:00,269 min(+P, Se) = 0.5120
2026-04-25 09:53:00,269 f1_score = 0.5408 (threshold = -0.3594)
2026-04-25 09:53:00,269 Epoch 9: Train Loss 0.4855, Valid Loss 0.4668
2026-04-25 09:53:04,576 [[721 313]
 [ 21 143]]
2026-04-25 09:53:04,581 AUC of ROC = 0.8685
2026-04-25 09:53:04,582 AUC of PRC = 0.5304
2026-04-25 09:53:04,582 min(+P, Se) = 0.5305
2026-04-25 09:53:04,582 f1_score = 0.5464 (threshold = 0.0973)
2026-04-25 09:53:04,582 Epoch 10: Train Loss 0.5094, Valid Loss 0.4759
2026-04-25 09:53:08,722 [[882 152]
 [ 52 112]]
2026-04-25 09:53:08,727 AUC of ROC = 0.8701
2026-04-25 09:53:08,727 AUC of PRC = 0.5444
2026-04-25 09:53:08,727 min(+P, Se) = 0.5212
2026-04-25 09:53:08,727 f1_score = 0.5339 (threshold = -0.1911)
2026-04-25 09:53:08,728 Epoch 11: Train Loss 0.5031, Valid Loss 0.4622
2026-04-25 09:53:08,728 ----- Save best model - auprc: 0.5444 -----
2026-04-25 09:53:12,895 [[767 267]
 [ 26 138]]
2026-04-25 09:53:12,900 AUC of ROC = 0.8698
2026-04-25 09:53:12,900 AUC of PRC = 0.5473
2026-04-25 09:53:12,900 min(+P, Se) = 0.5305
2026-04-25 09:53:12,900 f1_score = 0.5630 (threshold = 0.1042)
2026-04-25 09:53:12,900 Epoch 12: Train Loss 0.4816, Valid Loss 0.4511
2026-04-25 09:53:12,901 ----- Save best model - auprc: 0.5473 -----
2026-04-25 09:53:17,157 [[787 247]
 [ 27 137]]
2026-04-25 09:53:17,162 AUC of ROC = 0.8756
2026-04-25 09:53:17,162 AUC of PRC = 0.5584
2026-04-25 09:53:17,162 min(+P, Se) = 0.5366
2026-04-25 09:53:17,163 f1_score = 0.5658 (threshold = 0.0871)
2026-04-25 09:53:17,163 Epoch 13: Train Loss 0.4850, Valid Loss 0.4449
2026-04-25 09:53:17,163 ----- Save best model - auprc: 0.5584 -----
2026-04-25 09:53:21,258 [[871 163]
 [ 47 117]]
2026-04-25 09:53:21,264 AUC of ROC = 0.8731
2026-04-25 09:53:21,264 AUC of PRC = 0.5542
2026-04-25 09:53:21,264 min(+P, Se) = 0.5488
2026-04-25 09:53:21,264 f1_score = 0.5533 (threshold = 0.0013)
2026-04-25 09:53:21,264 Epoch 14: Train Loss 0.4983, Valid Loss 0.4543
2026-04-25 09:53:25,578 [[762 272]
 [ 26 138]]
2026-04-25 09:53:25,582 AUC of ROC = 0.8760
2026-04-25 09:53:25,583 AUC of PRC = 0.5566
2026-04-25 09:53:25,583 min(+P, Se) = 0.5549
2026-04-25 09:53:25,583 f1_score = 0.5549 (threshold = 0.4823)
2026-04-25 09:53:25,583 Epoch 15: Train Loss 0.4738, Valid Loss 0.4628
2026-04-25 09:53:29,351 [[856 178]
 [ 41 123]]
2026-04-25 09:53:29,355 AUC of ROC = 0.8740
2026-04-25 09:53:29,356 AUC of PRC = 0.5529
2026-04-25 09:53:29,356 min(+P, Se) = 0.5212
2026-04-25 09:53:29,356 f1_score = 0.5368 (threshold = -0.0287)
2026-04-25 09:53:29,356 Epoch 16: Train Loss 0.4862, Valid Loss 0.4450
2026-04-25 09:53:33,512 [[837 197]
 [ 33 131]]
2026-04-25 09:53:33,516 AUC of ROC = 0.8742
2026-04-25 09:53:33,516 AUC of PRC = 0.5514
2026-04-25 09:53:33,517 min(+P, Se) = 0.5311
2026-04-25 09:53:33,517 f1_score = 0.5568 (threshold = 0.1249)
2026-04-25 09:53:33,517 Epoch 17: Train Loss 0.4643, Valid Loss 0.4356
2026-04-25 09:53:37,404 [[811 223]
 [ 29 135]]
2026-04-25 09:53:37,409 AUC of ROC = 0.8776
2026-04-25 09:53:37,409 AUC of PRC = 0.5572
2026-04-25 09:53:37,410 min(+P, Se) = 0.5488
2026-04-25 09:53:37,410 f1_score = 0.5714 (threshold = 0.3021)
2026-04-25 09:53:37,410 Epoch 18: Train Loss 0.4625, Valid Loss 0.4369
2026-04-25 09:53:41,236 [[817 217]
 [ 31 133]]
2026-04-25 09:53:41,241 AUC of ROC = 0.8739
2026-04-25 09:53:41,241 AUC of PRC = 0.5453
2026-04-25 09:53:41,241 min(+P, Se) = 0.5503
2026-04-25 09:53:41,241 f1_score = 0.5586 (threshold = 0.3435)
2026-04-25 09:53:41,242 Epoch 19: Train Loss 0.4720, Valid Loss 0.4369
2026-04-25 09:53:45,117 [[806 228]
 [ 31 133]]
2026-04-25 09:53:45,121 AUC of ROC = 0.8778
2026-04-25 09:53:45,121 AUC of PRC = 0.5581
2026-04-25 09:53:45,121 min(+P, Se) = 0.5497
2026-04-25 09:53:45,121 f1_score = 0.5647 (threshold = 0.3456)
2026-04-25 09:53:45,122 Epoch 20: Train Loss 0.4644, Valid Loss 0.4364
2026-04-25 09:53:49,121 [[829 205]
 [ 33 131]]
2026-04-25 09:53:49,125 AUC of ROC = 0.8744
2026-04-25 09:53:49,126 AUC of PRC = 0.5529
2026-04-25 09:53:49,126 min(+P, Se) = 0.5542
2026-04-25 09:53:49,126 f1_score = 0.5612 (threshold = 0.2967)
2026-04-25 09:53:49,126 Epoch 21: Train Loss 0.4627, Valid Loss 0.4369
2026-04-25 09:53:53,142 [[802 232]
 [ 28 136]]
2026-04-25 09:53:53,146 AUC of ROC = 0.8786
2026-04-25 09:53:53,147 AUC of PRC = 0.5615
2026-04-25 09:53:53,147 min(+P, Se) = 0.5602
2026-04-25 09:53:53,147 f1_score = 0.5636 (threshold = 0.4092)
2026-04-25 09:53:53,147 Epoch 22: Train Loss 0.4520, Valid Loss 0.4389
2026-04-25 09:53:53,148 ----- Save best model - auprc: 0.5615 -----
2026-04-25 09:53:57,294 [[796 238]
 [ 29 135]]
2026-04-25 09:53:57,299 AUC of ROC = 0.8788
2026-04-25 09:53:57,300 AUC of PRC = 0.5611
2026-04-25 09:53:57,300 min(+P, Se) = 0.5588
2026-04-25 09:53:57,300 f1_score = 0.5689 (threshold = 0.3956)
2026-04-25 09:53:57,300 Epoch 23: Train Loss 0.4637, Valid Loss 0.4374
2026-04-25 09:54:01,541 [[797 237]
 [ 29 135]]
2026-04-25 09:54:01,546 AUC of ROC = 0.8783
2026-04-25 09:54:01,547 AUC of PRC = 0.5582
2026-04-25 09:54:01,547 min(+P, Se) = 0.5576
2026-04-25 09:54:01,547 f1_score = 0.5673 (threshold = 0.3685)
2026-04-25 09:54:01,547 Epoch 24: Train Loss 0.4513, Valid Loss 0.4372
2026-04-25 09:54:05,896 [[809 225]
 [ 31 133]]
2026-04-25 09:54:05,901 AUC of ROC = 0.8779
2026-04-25 09:54:05,901 AUC of PRC = 0.5579
2026-04-25 09:54:05,901 min(+P, Se) = 0.5509
2026-04-25 09:54:05,902 f1_score = 0.5638 (threshold = 0.3573)
2026-04-25 09:54:05,902 Epoch 25: Train Loss 0.4469, Valid Loss 0.4364
2026-04-25 09:54:05,945 last saved model is in epoch 22
2026-04-25 09:54:06,864 [[809 200]
 [ 43 148]]
2026-04-25 09:54:06,870 AUC of ROC = 0.8529
2026-04-25 09:54:06,870 AUC of PRC = 0.5458
2026-04-25 09:54:06,870 min(+P, Se) = 0.5408
2026-04-25 09:54:06,870 f1_score = 0.5524 (threshold = 0.2514)
2026-04-25 09:54:06,870 Test Loss 0.4731
