2026-04-24 22:07:35,406 {
    "dataset": "c19",
    "data_dropout": 0.0,
    "epochs": 25,
    "lr": 0.001,
    "d_model": 32,
    "seed": 3407,
    "batch_size": 64,
    "num_workers": null,
    "dropout": 0.1,
    "save_model": true,
    "save_dir": "./export/c19/smart-smile-lean-no-density/seed_3407",
    "local_rank": 0,
    "min_mask_ratio": 0.15,
    "max_mask_ratio": 0.75,
    "e_layers": 2,
    "n_heads": 4,
    "time_dim": 16,
    "use_film": false,
    "use_smile": false,
    "use_smile_film": false,
    "use_smile_v2": false,
    "use_smile_v2_film": false,
    "use_smile_lean": true,
    "use_smile_lean_samepretrain": false,
    "use_smile_lean_v2": false,
    "use_mnar": false,
    "save_last": true,
    "smile_no_mnar": false,
    "smile_no_curriculum": false,
    "smile_mask_type": "all",
    "smile_mnar_dropout": 0.05,
    "obs_density_window": 5,
    "abl_no_density": true,
    "abl_no_mnar_bias": false,
    "abl_no_film": false,
    "abl_no_time_mnar": false,
    "abl_no_time_pe": false,
    "abl_no_cross_attn": false,
    "abl_no_mnar_cls": false,
    "abl_no_policy": false,
    "abl_no_dynamic_mnar": false,
    "abl_no_dual_head": false,
    "pretrain_mask_mode": "fixed",
    "ratio_temperature": 1.0,
    "smile_stratified": false,
    "smile_mask_weights": null,
    "rank": 0,
    "world_size": 2,
    "distributed": true,
    "gpu": 0,
    "dist_backend": "nccl"
}
2026-04-24 22:07:43,416 Dataset Loaded.
2026-04-24 22:07:43,416 system_groups: {'Vital_Basic': 7, 'Resp_Gas': 7, 'Liver_Enzyme': 2, 'Renal': 3, 'Coagulation': 3, 'CBC': 3, 'Bilirubin': 2}
2026-04-24 22:07:43,416 DataLoader kwargs: {'num_workers': 4, 'pin_memory': True, 'persistent_workers': True, 'prefetch_factor': 2}
2026-04-24 22:07:43,418 Runtime init: variable order resolved.
2026-04-24 22:07:43,419 Runtime init: variable order moved to CUDA.
2026-04-24 22:07:43,428 Runtime init: encoder moved to CUDA.
2026-04-24 22:07:43,429 Runtime init: predictor moved to CUDA.
2026-04-24 22:07:43,434 Runtime init: target encoder copied.
2026-04-24 22:07:45,570 Runtime init: DDP wrap complete.
2026-04-24 22:08:05,065 Epoch 1: Train Loss 0.1011, Valid Loss 0.0328, EMA Val 0.0328
2026-04-24 22:08:22,973 Epoch 2: Train Loss 0.0716, Valid Loss 0.0318, EMA Val 0.0325
2026-04-24 22:08:40,898 Epoch 3: Train Loss 0.0688, Valid Loss 0.0295, EMA Val 0.0316
2026-04-24 22:08:58,723 Epoch 4: Train Loss 0.0629, Valid Loss 0.0283, EMA Val 0.0306
2026-04-24 22:09:16,735 Epoch 5: Train Loss 0.0580, Valid Loss 0.0252, EMA Val 0.0290
2026-04-24 22:09:34,474 Epoch 6: Train Loss 0.0558, Valid Loss 0.0252, EMA Val 0.0278
2026-04-24 22:09:52,395 Epoch 7: Train Loss 0.0547, Valid Loss 0.0249, EMA Val 0.0270
2026-04-24 22:10:10,119 Epoch 8: Train Loss 0.0549, Valid Loss 0.0272, EMA Val 0.0270
2026-04-24 22:10:27,844 Epoch 9: Train Loss 0.0578, Valid Loss 0.0271, EMA Val 0.0270
2026-04-24 22:10:45,615 Epoch 10: Train Loss 0.0583, Valid Loss 0.0281, EMA Val 0.0274
2026-04-24 22:11:03,778 Epoch 11: Train Loss 0.0621, Valid Loss 0.0303, EMA Val 0.0282
2026-04-24 22:11:21,614 Epoch 12: Train Loss 0.0676, Valid Loss 0.0324, EMA Val 0.0295
2026-04-24 22:11:39,472 Epoch 13: Train Loss 0.0691, Valid Loss 0.0333, EMA Val 0.0306
2026-04-24 22:11:57,152 Epoch 14: Train Loss 0.0745, Valid Loss 0.0364, EMA Val 0.0324
2026-04-24 22:12:14,690 Epoch 15: Train Loss 0.0775, Valid Loss 0.0366, EMA Val 0.0336
2026-04-24 22:12:32,632 Epoch 16: Train Loss 0.0807, Valid Loss 0.0376, EMA Val 0.0348
2026-04-24 22:12:50,254 Epoch 17: Train Loss 0.0862, Valid Loss 0.0408, EMA Val 0.0366
2026-04-24 22:13:07,795 Epoch 18: Train Loss 0.0883, Valid Loss 0.0425, EMA Val 0.0384
2026-04-24 22:13:25,170 Epoch 19: Train Loss 0.0924, Valid Loss 0.0423, EMA Val 0.0395
2026-04-24 22:13:42,598 Epoch 20: Train Loss 0.0931, Valid Loss 0.0448, EMA Val 0.0411
2026-04-24 22:14:00,338 Epoch 21: Train Loss 0.0961, Valid Loss 0.0427, EMA Val 0.0416
2026-04-24 22:14:17,739 Epoch 22: Train Loss 0.0972, Valid Loss 0.0458, EMA Val 0.0429
2026-04-24 22:14:35,310 Epoch 23: Train Loss 0.0983, Valid Loss 0.0451, EMA Val 0.0435
2026-04-24 22:14:53,034 Epoch 24: Train Loss 0.1033, Valid Loss 0.0471, EMA Val 0.0446
2026-04-24 22:15:10,598 Epoch 25: Train Loss 0.1027, Valid Loss 0.0453, EMA Val 0.0448
2026-04-24 22:15:10,599 ----- Save last epoch model - L1: 0.0448 -----
2026-04-24 22:15:10,640 last saved model is in epoch 25
2026-04-24 22:15:12,623 Test Loss 0.0455
2026-04-24 22:16:24,949 {
    "dataset": "c19",
    "data_dropout": 0.0,
    "epochs": 25,
    "freeze_epochs": 5,
    "lr": 0.001,
    "d_model": 32,
    "seed": 3407,
    "batch_size": 64,
    "num_workers": null,
    "dropout": 0.1,
    "save_model": true,
    "save_dir": "./export/c19/smart-smile-lean-no-density/seed_3407",
    "pretrain_dir": null,
    "local_rank": 0,
    "e_layers": 2,
    "n_heads": 4,
    "time_dim": 16,
    "use_film": false,
    "use_smile": false,
    "use_smile_film": false,
    "use_mnar": false,
    "use_smile_v2": false,
    "use_smile_v2_film": false,
    "use_smile_lean": true,
    "use_smile_lean_samepretrain": false,
    "use_smile_lean_v2": false,
    "obs_density_window": 5,
    "abl_no_density": true,
    "abl_no_mnar_bias": false,
    "abl_no_film": false,
    "abl_no_time_mnar": false,
    "abl_no_time_pe": false,
    "abl_no_cross_attn": false,
    "abl_no_mnar_cls": false,
    "abl_no_policy": false,
    "abl_no_dynamic_mnar": false,
    "abl_no_dual_head": false,
    "smile_no_mnar": false,
    "smile_no_curriculum": false,
    "smile_mask_type": "all",
    "smile_mnar_dropout": 0.05,
    "smile_mnar_dropout_initial": 0.0,
    "smile_stratified": false,
    "los_task": "classification",
    "los_label_unit": "auto",
    "los_use_class_weights": false,
    "los_save_metric": "auc_micro",
    "rank": 0,
    "world_size": 2,
    "distributed": true,
    "gpu": 0,
    "dist_backend": "nccl"
}
2026-04-24 22:16:33,885 Dataset Loaded.
2026-04-24 22:16:33,886 DataLoader kwargs: {'num_workers': 4, 'pin_memory': True, 'persistent_workers': True, 'prefetch_factor': 2}
2026-04-24 22:16:33,888 Runtime init: variable order resolved.
2026-04-24 22:16:33,889 Runtime init: variable order moved to CUDA.
2026-04-24 22:16:33,897 Runtime init: encoder moved to CUDA.
2026-04-24 22:16:33,898 Runtime init: classifier moved to CUDA.
2026-04-24 22:16:35,894 Runtime init: DDP wrap complete.
2026-04-24 22:16:35,902 Class weights: [0.5393641591072083, 6.850955486297607]
2026-04-24 22:16:35,920 last saved model is in epoch 25
2026-04-24 22:16:43,397 [[3176  562]
 [  82  213]]
2026-04-24 22:16:43,404 AUC of ROC = 0.8573
2026-04-24 22:16:43,404 AUC of PRC = 0.3484
2026-04-24 22:16:43,404 min(+P, Se) = 0.4068
2026-04-24 22:16:43,404 f1_score = 0.4297 (threshold = 0.3662)
2026-04-24 22:16:43,405 Epoch 1: Train Loss 0.5664, Valid Loss 0.4780
2026-04-24 22:16:43,406 ----- Save best model - auprc: 0.3484 -----
2026-04-24 22:16:49,379 [[2535 1203]
 [  32  263]]
2026-04-24 22:16:49,386 AUC of ROC = 0.8727
2026-04-24 22:16:49,387 AUC of PRC = 0.3542
2026-04-24 22:16:49,387 min(+P, Se) = 0.4072
2026-04-24 22:16:49,387 f1_score = 0.4381 (threshold = 0.8467)
2026-04-24 22:16:49,387 Epoch 2: Train Loss 0.4983, Valid Loss 0.4784
2026-04-24 22:16:49,388 ----- Save best model - auprc: 0.3542 -----
2026-04-24 22:16:55,838 [[3642   96]
 [ 185  110]]
2026-04-24 22:16:55,845 AUC of ROC = 0.8802
2026-04-24 22:16:55,845 AUC of PRC = 0.4074
2026-04-24 22:16:55,845 min(+P, Se) = 0.4579
2026-04-24 22:16:55,845 f1_score = 0.4923 (threshold = -0.3471)
2026-04-24 22:16:55,846 Epoch 3: Train Loss 0.4841, Valid Loss 0.6224
2026-04-24 22:16:55,846 ----- Save best model - auprc: 0.4074 -----
2026-04-24 22:17:01,945 [[2980  758]
 [  54  241]]
2026-04-24 22:17:01,952 AUC of ROC = 0.8855
2026-04-24 22:17:01,952 AUC of PRC = 0.3929
2026-04-24 22:17:01,953 min(+P, Se) = 0.4678
2026-04-24 22:17:01,953 f1_score = 0.4837 (threshold = 0.4920)
2026-04-24 22:17:01,953 Epoch 4: Train Loss 0.4715, Valid Loss 0.4278
2026-04-24 22:17:08,255 [[3307  431]
 [  82  213]]
2026-04-24 22:17:08,262 AUC of ROC = 0.8881
2026-04-24 22:17:08,263 AUC of PRC = 0.4135
2026-04-24 22:17:08,263 min(+P, Se) = 0.4881
2026-04-24 22:17:08,263 f1_score = 0.4939 (threshold = 0.2913)
2026-04-24 22:17:08,263 Epoch 5: Train Loss 0.4728, Valid Loss 0.4336
2026-04-24 22:17:08,264 ----- Save best model - auprc: 0.4135 -----
2026-04-24 22:17:22,486 [[3410  328]
 [  50  245]]
2026-04-24 22:17:22,492 AUC of ROC = 0.9493
2026-04-24 22:17:22,492 AUC of PRC = 0.6724
2026-04-24 22:17:22,493 min(+P, Se) = 0.6475
2026-04-24 22:17:22,493 f1_score = 0.6667 (threshold = 1.5458)
2026-04-24 22:17:22,493 Epoch 6: Train Loss 0.4044, Valid Loss 0.2943
2026-04-24 22:17:22,494 ----- Save best model - auprc: 0.6724 -----
2026-04-24 22:17:36,899 [[3485  253]
 [  43  252]]
2026-04-24 22:17:36,906 AUC of ROC = 0.9603
2026-04-24 22:17:36,906 AUC of PRC = 0.7345
2026-04-24 22:17:36,906 min(+P, Se) = 0.7254
2026-04-24 22:17:36,906 f1_score = 0.7264 (threshold = 0.6740)
2026-04-24 22:17:36,907 Epoch 7: Train Loss 0.3323, Valid Loss 0.2514
2026-04-24 22:17:36,908 ----- Save best model - auprc: 0.7345 -----
2026-04-24 22:17:51,156 [[3115  623]
 [  14  281]]
2026-04-24 22:17:51,163 AUC of ROC = 0.9644
2026-04-24 22:17:51,163 AUC of PRC = 0.7415
2026-04-24 22:17:51,163 min(+P, Se) = 0.7279
2026-04-24 22:17:51,163 f1_score = 0.7440 (threshold = 1.5117)
2026-04-24 22:17:51,164 Epoch 8: Train Loss 0.2981, Valid Loss 0.2847
2026-04-24 22:17:51,164 ----- Save best model - auprc: 0.7415 -----
2026-04-24 22:18:05,403 [[3255  483]
 [  21  274]]
2026-04-24 22:18:05,410 AUC of ROC = 0.9619
2026-04-24 22:18:05,410 AUC of PRC = 0.7542
2026-04-24 22:18:05,410 min(+P, Se) = 0.7356
2026-04-24 22:18:05,411 f1_score = 0.7428 (threshold = 2.1099)
2026-04-24 22:18:05,411 Epoch 9: Train Loss 0.2980, Valid Loss 0.2621
2026-04-24 22:18:05,412 ----- Save best model - auprc: 0.7542 -----
2026-04-24 22:18:19,450 [[3407  331]
 [  29  266]]
2026-04-24 22:18:19,458 AUC of ROC = 0.9653
2026-04-24 22:18:19,458 AUC of PRC = 0.7588
2026-04-24 22:18:19,458 min(+P, Se) = 0.7331
2026-04-24 22:18:19,458 f1_score = 0.7420 (threshold = 1.4395)
2026-04-24 22:18:19,459 Epoch 10: Train Loss 0.2768, Valid Loss 0.2348
2026-04-24 22:18:19,460 ----- Save best model - auprc: 0.7588 -----
2026-04-24 22:18:33,961 [[3492  246]
 [  35  260]]
2026-04-24 22:18:33,969 AUC of ROC = 0.9661
2026-04-24 22:18:33,969 AUC of PRC = 0.7716
2026-04-24 22:18:33,969 min(+P, Se) = 0.7220
2026-04-24 22:18:33,969 f1_score = 0.7289 (threshold = 1.0709)
2026-04-24 22:18:33,970 Epoch 11: Train Loss 0.2743, Valid Loss 0.2333
2026-04-24 22:18:33,971 ----- Save best model - auprc: 0.7716 -----
2026-04-24 22:18:48,433 [[3328  410]
 [  27  268]]
2026-04-24 22:18:48,441 AUC of ROC = 0.9664
2026-04-24 22:18:48,441 AUC of PRC = 0.7746
2026-04-24 22:18:48,441 min(+P, Se) = 0.7342
2026-04-24 22:18:48,442 f1_score = 0.7459 (threshold = 1.2604)
2026-04-24 22:18:48,442 Epoch 12: Train Loss 0.2538, Valid Loss 0.2398
2026-04-24 22:18:48,443 ----- Save best model - auprc: 0.7746 -----
2026-04-24 22:19:02,711 [[3198  540]
 [  24  271]]
2026-04-24 22:19:02,718 AUC of ROC = 0.9651
2026-04-24 22:19:02,718 AUC of PRC = 0.7778
2026-04-24 22:19:02,718 min(+P, Se) = 0.7525
2026-04-24 22:19:02,718 f1_score = 0.7531 (threshold = 1.9392)
2026-04-24 22:19:02,719 Epoch 13: Train Loss 0.2682, Valid Loss 0.2652
2026-04-24 22:19:02,719 ----- Save best model - auprc: 0.7778 -----
2026-04-24 22:19:16,921 [[3455  283]
 [  36  259]]
2026-04-24 22:19:16,929 AUC of ROC = 0.9636
2026-04-24 22:19:16,929 AUC of PRC = 0.7748
2026-04-24 22:19:16,929 min(+P, Se) = 0.7424
2026-04-24 22:19:16,929 f1_score = 0.7469 (threshold = 1.5193)
2026-04-24 22:19:16,930 Epoch 14: Train Loss 0.2515, Valid Loss 0.2368
2026-04-24 22:19:31,383 [[3275  463]
 [  24  271]]
2026-04-24 22:19:31,390 AUC of ROC = 0.9615
2026-04-24 22:19:31,390 AUC of PRC = 0.7775
2026-04-24 22:19:31,391 min(+P, Se) = 0.7399
2026-04-24 22:19:31,391 f1_score = 0.7466 (threshold = 1.9011)
2026-04-24 22:19:31,391 Epoch 15: Train Loss 0.2388, Valid Loss 0.2582
2026-04-24 22:19:46,606 [[3460  278]
 [  34  261]]
2026-04-24 22:19:46,612 AUC of ROC = 0.9669
2026-04-24 22:19:46,612 AUC of PRC = 0.7805
2026-04-24 22:19:46,613 min(+P, Se) = 0.7390
2026-04-24 22:19:46,613 f1_score = 0.7488 (threshold = 1.0455)
2026-04-24 22:19:46,613 Epoch 16: Train Loss 0.2388, Valid Loss 0.2307
2026-04-24 22:19:46,614 ----- Save best model - auprc: 0.7805 -----
2026-04-24 22:20:00,686 [[3536  202]
 [  48  247]]
2026-04-24 22:20:00,693 AUC of ROC = 0.9619
2026-04-24 22:20:00,693 AUC of PRC = 0.7719
2026-04-24 22:20:00,693 min(+P, Se) = 0.7407
2026-04-24 22:20:00,694 f1_score = 0.7432 (threshold = 0.8909)
2026-04-24 22:20:00,694 Epoch 17: Train Loss 0.2289, Valid Loss 0.2558
2026-04-24 22:20:14,997 [[3406  332]
 [  29  266]]
2026-04-24 22:20:15,004 AUC of ROC = 0.9641
2026-04-24 22:20:15,004 AUC of PRC = 0.7816
2026-04-24 22:20:15,004 min(+P, Se) = 0.7424
2026-04-24 22:20:15,004 f1_score = 0.7495 (threshold = 1.8243)
2026-04-24 22:20:15,005 Epoch 18: Train Loss 0.2252, Valid Loss 0.2386
2026-04-24 22:20:15,005 ----- Save best model - auprc: 0.7816 -----
2026-04-24 22:20:29,661 [[3359  379]
 [  26  269]]
2026-04-24 22:20:29,666 AUC of ROC = 0.9653
2026-04-24 22:20:29,667 AUC of PRC = 0.7816
2026-04-24 22:20:29,667 min(+P, Se) = 0.7508
2026-04-24 22:20:29,667 f1_score = 0.7548 (threshold = 1.2012)
2026-04-24 22:20:29,667 Epoch 19: Train Loss 0.2153, Valid Loss 0.2392
2026-04-24 22:20:29,668 ----- Save best model - auprc: 0.7816 -----
2026-04-24 22:20:43,708 [[3473  265]
 [  39  256]]
2026-04-24 22:20:43,714 AUC of ROC = 0.9653
2026-04-24 22:20:43,715 AUC of PRC = 0.7855
2026-04-24 22:20:43,715 min(+P, Se) = 0.7601
2026-04-24 22:20:43,715 f1_score = 0.7637 (threshold = 1.2310)
2026-04-24 22:20:43,715 Epoch 20: Train Loss 0.2074, Valid Loss 0.2386
2026-04-24 22:20:43,716 ----- Save best model - auprc: 0.7855 -----
2026-04-24 22:20:58,667 [[3416  322]
 [  32  263]]
2026-04-24 22:20:58,673 AUC of ROC = 0.9645
2026-04-24 22:20:58,673 AUC of PRC = 0.7852
2026-04-24 22:20:58,673 min(+P, Se) = 0.7425
2026-04-24 22:20:58,674 f1_score = 0.7543 (threshold = 1.3859)
2026-04-24 22:20:58,674 Epoch 21: Train Loss 0.2014, Valid Loss 0.2406
2026-04-24 22:21:13,920 [[3435  303]
 [  35  260]]
2026-04-24 22:21:13,927 AUC of ROC = 0.9647
2026-04-24 22:21:13,927 AUC of PRC = 0.7873
2026-04-24 22:21:13,927 min(+P, Se) = 0.7559
2026-04-24 22:21:13,927 f1_score = 0.7599 (threshold = 1.4442)
2026-04-24 22:21:13,928 Epoch 22: Train Loss 0.1940, Valid Loss 0.2420
2026-04-24 22:21:13,928 ----- Save best model - auprc: 0.7873 -----
2026-04-24 22:21:28,280 [[3408  330]
 [  33  262]]
2026-04-24 22:21:28,287 AUC of ROC = 0.9641
2026-04-24 22:21:28,287 AUC of PRC = 0.7850
2026-04-24 22:21:28,288 min(+P, Se) = 0.7500
2026-04-24 22:21:28,288 f1_score = 0.7608 (threshold = 1.4792)
2026-04-24 22:21:28,288 Epoch 23: Train Loss 0.1873, Valid Loss 0.2434
2026-04-24 22:21:42,058 [[3452  286]
 [  36  259]]
2026-04-24 22:21:42,065 AUC of ROC = 0.9646
2026-04-24 22:21:42,066 AUC of PRC = 0.7855
2026-04-24 22:21:42,066 min(+P, Se) = 0.7525
2026-04-24 22:21:42,066 f1_score = 0.7576 (threshold = 1.2910)
2026-04-24 22:21:42,066 Epoch 24: Train Loss 0.1889, Valid Loss 0.2442
2026-04-24 22:21:56,173 [[3422  316]
 [  33  262]]
2026-04-24 22:21:56,180 AUC of ROC = 0.9644
2026-04-24 22:21:56,180 AUC of PRC = 0.7860
2026-04-24 22:21:56,180 min(+P, Se) = 0.7559
2026-04-24 22:21:56,180 f1_score = 0.7586 (threshold = 1.5311)
2026-04-24 22:21:56,181 Epoch 25: Train Loss 0.1834, Valid Loss 0.2422
2026-04-24 22:21:56,207 last saved model is in epoch 22
2026-04-24 22:21:57,581 [[3460  292]
 [  27  255]]
2026-04-24 22:21:57,589 AUC of ROC = 0.9647
2026-04-24 22:21:57,589 AUC of PRC = 0.8325
2026-04-24 22:21:57,590 min(+P, Se) = 0.7668
2026-04-24 22:21:57,590 f1_score = 0.7687 (threshold = 1.4156)
2026-04-24 22:21:57,590 Test Loss 0.2379
