2026-04-25 13:57:36,407 {
    "dataset": "c12",
    "data_dropout": 0.0,
    "epochs": 25,
    "lr": 0.001,
    "d_model": 32,
    "seed": 3407,
    "batch_size": 64,
    "num_workers": null,
    "dropout": 0.1,
    "save_model": true,
    "save_dir": "./export/c12/smart-smile-lean-no-time-pe/seed_3407",
    "local_rank": 0,
    "min_mask_ratio": 0.15,
    "max_mask_ratio": 0.75,
    "e_layers": 2,
    "n_heads": 4,
    "time_dim": 16,
    "use_film": false,
    "use_smile": false,
    "use_smile_film": false,
    "use_smile_v2": false,
    "use_smile_v2_film": false,
    "use_smile_lean": true,
    "use_smile_lean_samepretrain": false,
    "use_smile_lean_v2": false,
    "use_mnar": false,
    "save_last": true,
    "smile_no_mnar": false,
    "smile_no_curriculum": false,
    "smile_mask_type": "all",
    "smile_mnar_dropout": 0.05,
    "obs_density_window": 5,
    "abl_no_density": false,
    "abl_no_mnar_bias": false,
    "abl_no_film": false,
    "abl_no_time_mnar": false,
    "abl_no_time_pe": true,
    "abl_no_cross_attn": false,
    "abl_no_mnar_cls": false,
    "abl_no_policy": false,
    "abl_no_dynamic_mnar": false,
    "abl_no_dual_head": false,
    "pretrain_mask_mode": "fixed",
    "ratio_temperature": 1.0,
    "smile_stratified": false,
    "smile_mask_weights": null,
    "rank": 0,
    "world_size": 2,
    "distributed": true,
    "gpu": 0,
    "dist_backend": "nccl"
}
2026-04-25 13:57:40,532 Dataset Loaded.
2026-04-25 13:57:40,533 system_groups: {'Vital_Invasive': 3, 'Blood_Gas': 4, 'Electrolyte': 5, 'Liver_Enzyme': 6, 'CBC': 3, 'Oxygenation': 3, 'Metabolic': 2}
2026-04-25 13:57:40,533 DataLoader kwargs: {'num_workers': 4, 'pin_memory': True, 'persistent_workers': True, 'prefetch_factor': 2}
2026-04-25 13:57:40,535 Runtime init: variable order resolved.
2026-04-25 13:57:40,536 Runtime init: variable order moved to CUDA.
2026-04-25 13:57:40,553 Runtime init: encoder moved to CUDA.
2026-04-25 13:57:40,554 Runtime init: predictor moved to CUDA.
2026-04-25 13:57:40,560 Runtime init: target encoder copied.
2026-04-25 13:57:42,804 Runtime init: DDP wrap complete.
2026-04-25 13:57:48,958 Epoch 1: Train Loss 7.2087, Valid Loss 2.6552, EMA Val 2.6552
2026-04-25 13:57:53,971 Epoch 2: Train Loss 2.7355, Valid Loss 1.7302, EMA Val 2.3777
2026-04-25 13:57:58,838 Epoch 3: Train Loss 1.9585, Valid Loss 1.4116, EMA Val 2.0879
2026-04-25 13:58:03,832 Epoch 4: Train Loss 1.5757, Valid Loss 1.1442, EMA Val 1.8048
2026-04-25 13:58:08,749 Epoch 5: Train Loss 1.3157, Valid Loss 0.9707, EMA Val 1.5545
2026-04-25 13:58:13,757 Epoch 6: Train Loss 1.2146, Valid Loss 0.8665, EMA Val 1.3481
2026-04-25 13:58:18,804 Epoch 7: Train Loss 1.0739, Valid Loss 0.7872, EMA Val 1.1799
2026-04-25 13:58:23,612 Epoch 8: Train Loss 0.9576, Valid Loss 0.7524, EMA Val 1.0516
2026-04-25 13:58:28,818 Epoch 9: Train Loss 0.9663, Valid Loss 0.7034, EMA Val 0.9472
2026-04-25 13:58:33,604 Epoch 10: Train Loss 0.8850, Valid Loss 0.6708, EMA Val 0.8643
2026-04-25 13:58:38,545 Epoch 11: Train Loss 0.8158, Valid Loss 0.6650, EMA Val 0.8045
2026-04-25 13:58:43,537 Epoch 12: Train Loss 0.8237, Valid Loss 0.6496, EMA Val 0.7580
2026-04-25 13:58:48,461 Epoch 13: Train Loss 0.8410, Valid Loss 0.6500, EMA Val 0.7256
2026-04-25 13:58:53,436 Epoch 14: Train Loss 0.7762, Valid Loss 0.6329, EMA Val 0.6978
2026-04-25 13:58:58,406 Epoch 15: Train Loss 0.7571, Valid Loss 0.6801, EMA Val 0.6925
2026-04-25 13:59:03,333 Epoch 16: Train Loss 0.8084, Valid Loss 0.6242, EMA Val 0.6720
2026-04-25 13:59:08,285 Epoch 17: Train Loss 0.7589, Valid Loss 0.6284, EMA Val 0.6589
2026-04-25 13:59:13,415 Epoch 18: Train Loss 0.7558, Valid Loss 0.6687, EMA Val 0.6619
2026-04-25 13:59:18,560 Epoch 19: Train Loss 0.7598, Valid Loss 0.6363, EMA Val 0.6542
2026-04-25 13:59:23,634 Epoch 20: Train Loss 0.7224, Valid Loss 0.6197, EMA Val 0.6438
2026-04-25 13:59:28,809 Epoch 21: Train Loss 0.7392, Valid Loss 0.6171, EMA Val 0.6358
2026-04-25 13:59:33,787 Epoch 22: Train Loss 0.7097, Valid Loss 0.6328, EMA Val 0.6349
2026-04-25 13:59:39,002 Epoch 23: Train Loss 0.7109, Valid Loss 0.6272, EMA Val 0.6326
2026-04-25 13:59:44,063 Epoch 24: Train Loss 0.6733, Valid Loss 0.6554, EMA Val 0.6394
2026-04-25 13:59:49,290 Epoch 25: Train Loss 0.6737, Valid Loss 0.6683, EMA Val 0.6481
2026-04-25 13:59:49,291 ----- Save last epoch model - L1: 0.6481 -----
2026-04-25 13:59:49,341 last saved model is in epoch 25
2026-04-25 13:59:50,321 Test Loss 0.7332
2026-04-25 14:01:00,389 {
    "dataset": "c12",
    "data_dropout": 0.0,
    "epochs": 25,
    "freeze_epochs": 5,
    "lr": 0.001,
    "d_model": 32,
    "seed": 3407,
    "batch_size": 64,
    "num_workers": null,
    "dropout": 0.1,
    "save_model": true,
    "save_dir": "./export/c12/smart-smile-lean-no-time-pe/seed_3407",
    "pretrain_dir": null,
    "local_rank": 0,
    "e_layers": 2,
    "n_heads": 4,
    "time_dim": 16,
    "use_film": false,
    "use_smile": false,
    "use_smile_film": false,
    "use_mnar": false,
    "use_smile_v2": false,
    "use_smile_v2_film": false,
    "use_smile_lean": true,
    "use_smile_lean_samepretrain": false,
    "use_smile_lean_v2": false,
    "obs_density_window": 5,
    "abl_no_density": false,
    "abl_no_mnar_bias": false,
    "abl_no_film": false,
    "abl_no_time_mnar": false,
    "abl_no_time_pe": true,
    "abl_no_cross_attn": false,
    "abl_no_mnar_cls": false,
    "abl_no_policy": false,
    "abl_no_dynamic_mnar": false,
    "abl_no_dual_head": false,
    "smile_no_mnar": false,
    "smile_no_curriculum": false,
    "smile_mask_type": "all",
    "smile_mnar_dropout": 0.05,
    "smile_mnar_dropout_initial": 0.0,
    "smile_stratified": false,
    "los_task": "classification",
    "los_label_unit": "auto",
    "los_use_class_weights": false,
    "los_save_metric": "auc_micro",
    "rank": 0,
    "world_size": 2,
    "distributed": true,
    "gpu": 0,
    "dist_backend": "nccl"
}
2026-04-25 14:01:04,983 Dataset Loaded.
2026-04-25 14:01:04,984 DataLoader kwargs: {'num_workers': 4, 'pin_memory': True, 'persistent_workers': True, 'prefetch_factor': 2}
2026-04-25 14:01:04,986 Runtime init: variable order resolved.
2026-04-25 14:01:04,987 Runtime init: variable order moved to CUDA.
2026-04-25 14:01:05,003 Runtime init: encoder moved to CUDA.
2026-04-25 14:01:05,005 Runtime init: classifier moved to CUDA.
2026-04-25 14:01:07,056 Runtime init: DDP wrap complete.
2026-04-25 14:01:07,065 Class weights: [0.5820587277412415, 3.546597719192505]
2026-04-25 14:01:07,087 last saved model is in epoch 25
2026-04-25 14:01:10,344 [[772 262]
 [ 51 113]]
2026-04-25 14:01:10,352 AUC of ROC = 0.7831
2026-04-25 14:01:10,352 AUC of PRC = 0.3465
2026-04-25 14:01:10,353 min(+P, Se) = 0.4207
2026-04-25 14:01:10,353 f1_score = 0.4290 (threshold = 1.7667)
2026-04-25 14:01:10,353 Epoch 1: Train Loss 0.7709, Valid Loss 0.5585
2026-04-25 14:01:10,354 ----- Save best model - auprc: 0.3465 -----
2026-04-25 14:01:12,735 [[833 201]
 [ 58 106]]
2026-04-25 14:01:12,740 AUC of ROC = 0.8096
2026-04-25 14:01:12,740 AUC of PRC = 0.3913
2026-04-25 14:01:12,740 min(+P, Se) = 0.4251
2026-04-25 14:01:12,740 f1_score = 0.4474 (threshold = 1.5713)
2026-04-25 14:01:12,741 Epoch 2: Train Loss 0.5988, Valid Loss 0.5219
2026-04-25 14:01:12,742 ----- Save best model - auprc: 0.3913 -----
2026-04-25 14:01:15,099 [[670 364]
 [ 21 143]]
2026-04-25 14:01:15,104 AUC of ROC = 0.8105
2026-04-25 14:01:15,104 AUC of PRC = 0.3894
2026-04-25 14:01:15,104 min(+P, Se) = 0.4270
2026-04-25 14:01:15,104 f1_score = 0.4444 (threshold = 1.9161)
2026-04-25 14:01:15,104 Epoch 3: Train Loss 0.5861, Valid Loss 0.5288
2026-04-25 14:01:17,623 [[732 302]
 [ 27 137]]
2026-04-25 14:01:17,628 AUC of ROC = 0.8220
2026-04-25 14:01:17,628 AUC of PRC = 0.4165
2026-04-25 14:01:17,628 min(+P, Se) = 0.4268
2026-04-25 14:01:17,629 f1_score = 0.4580 (threshold = 1.2564)
2026-04-25 14:01:17,629 Epoch 4: Train Loss 0.5892, Valid Loss 0.5026
2026-04-25 14:01:17,630 ----- Save best model - auprc: 0.4165 -----
2026-04-25 14:01:20,010 [[829 205]
 [ 49 115]]
2026-04-25 14:01:20,016 AUC of ROC = 0.8210
2026-04-25 14:01:20,016 AUC of PRC = 0.4122
2026-04-25 14:01:20,017 min(+P, Se) = 0.4217
2026-04-25 14:01:20,017 f1_score = 0.4600 (threshold = 1.4318)
2026-04-25 14:01:20,018 Epoch 5: Train Loss 0.5556, Valid Loss 0.5019
2026-04-25 14:01:24,197 [[750 284]
 [ 29 135]]
2026-04-25 14:01:24,203 AUC of ROC = 0.8430
2026-04-25 14:01:24,204 AUC of PRC = 0.4722
2026-04-25 14:01:24,204 min(+P, Se) = 0.4667
2026-04-25 14:01:24,204 f1_score = 0.5050 (threshold = 1.3572)
2026-04-25 14:01:24,204 Epoch 6: Train Loss 0.5679, Valid Loss 0.4851
2026-04-25 14:01:24,205 ----- Save best model - auprc: 0.4722 -----
2026-04-25 14:01:28,166 [[756 278]
 [ 27 137]]
2026-04-25 14:01:28,170 AUC of ROC = 0.8604
2026-04-25 14:01:28,171 AUC of PRC = 0.5101
2026-04-25 14:01:28,171 min(+P, Se) = 0.5212
2026-04-25 14:01:28,171 f1_score = 0.5364 (threshold = 1.2806)
2026-04-25 14:01:28,171 Epoch 7: Train Loss 0.5335, Valid Loss 0.4727
2026-04-25 14:01:28,172 ----- Save best model - auprc: 0.5101 -----
2026-04-25 14:01:32,018 [[861 173]
 [ 42 122]]
2026-04-25 14:01:32,023 AUC of ROC = 0.8643
2026-04-25 14:01:32,023 AUC of PRC = 0.5155
2026-04-25 14:01:32,024 min(+P, Se) = 0.5333
2026-04-25 14:01:32,024 f1_score = 0.5476 (threshold = 0.9862)
2026-04-25 14:01:32,025 Epoch 8: Train Loss 0.5137, Valid Loss 0.4576
2026-04-25 14:01:32,026 ----- Save best model - auprc: 0.5155 -----
2026-04-25 14:01:35,584 [[838 196]
 [ 41 123]]
2026-04-25 14:01:35,589 AUC of ROC = 0.8651
2026-04-25 14:01:35,590 AUC of PRC = 0.5169
2026-04-25 14:01:35,590 min(+P, Se) = 0.5183
2026-04-25 14:01:35,590 f1_score = 0.5298 (threshold = 0.7139)
2026-04-25 14:01:35,590 Epoch 9: Train Loss 0.4906, Valid Loss 0.4590
2026-04-25 14:01:35,591 ----- Save best model - auprc: 0.5169 -----
2026-04-25 14:01:39,588 [[771 263]
 [ 29 135]]
2026-04-25 14:01:39,592 AUC of ROC = 0.8674
2026-04-25 14:01:39,593 AUC of PRC = 0.5289
2026-04-25 14:01:39,593 min(+P, Se) = 0.5366
2026-04-25 14:01:39,593 f1_score = 0.5466 (threshold = 1.2309)
2026-04-25 14:01:39,593 Epoch 10: Train Loss 0.5114, Valid Loss 0.4644
2026-04-25 14:01:39,594 ----- Save best model - auprc: 0.5289 -----
2026-04-25 14:01:43,495 [[910 124]
 [ 61 103]]
2026-04-25 14:01:43,500 AUC of ROC = 0.8681
2026-04-25 14:01:43,500 AUC of PRC = 0.5296
2026-04-25 14:01:43,500 min(+P, Se) = 0.5366
2026-04-25 14:01:43,500 f1_score = 0.5481 (threshold = 0.6496)
2026-04-25 14:01:43,501 Epoch 11: Train Loss 0.5083, Valid Loss 0.4714
2026-04-25 14:01:43,501 ----- Save best model - auprc: 0.5296 -----
2026-04-25 14:01:47,404 [[762 272]
 [ 24 140]]
2026-04-25 14:01:47,409 AUC of ROC = 0.8757
2026-04-25 14:01:47,409 AUC of PRC = 0.5364
2026-04-25 14:01:47,409 min(+P, Se) = 0.5394
2026-04-25 14:01:47,409 f1_score = 0.5514 (threshold = 1.0257)
2026-04-25 14:01:47,409 Epoch 12: Train Loss 0.4948, Valid Loss 0.4465
2026-04-25 14:01:47,410 ----- Save best model - auprc: 0.5364 -----
2026-04-25 14:01:51,447 [[823 211]
 [ 33 131]]
2026-04-25 14:01:51,452 AUC of ROC = 0.8775
2026-04-25 14:01:51,452 AUC of PRC = 0.5574
2026-04-25 14:01:51,452 min(+P, Se) = 0.5549
2026-04-25 14:01:51,452 f1_score = 0.5641 (threshold = 1.1853)
2026-04-25 14:01:51,453 Epoch 13: Train Loss 0.4864, Valid Loss 0.4404
2026-04-25 14:01:51,453 ----- Save best model - auprc: 0.5574 -----
2026-04-25 14:01:55,416 [[888 146]
 [ 47 117]]
2026-04-25 14:01:55,421 AUC of ROC = 0.8766
2026-04-25 14:01:55,421 AUC of PRC = 0.5490
2026-04-25 14:01:55,421 min(+P, Se) = 0.5488
2026-04-25 14:01:55,421 f1_score = 0.5570 (threshold = 1.1237)
2026-04-25 14:01:55,421 Epoch 14: Train Loss 0.5015, Valid Loss 0.4527
2026-04-25 14:01:59,170 [[782 252]
 [ 27 137]]
2026-04-25 14:01:59,175 AUC of ROC = 0.8733
2026-04-25 14:01:59,175 AUC of PRC = 0.5420
2026-04-25 14:01:59,176 min(+P, Se) = 0.5353
2026-04-25 14:01:59,176 f1_score = 0.5550 (threshold = 1.0294)
2026-04-25 14:01:59,176 Epoch 15: Train Loss 0.4835, Valid Loss 0.4554
2026-04-25 14:02:03,312 [[872 162]
 [ 43 121]]
2026-04-25 14:02:03,317 AUC of ROC = 0.8805
2026-04-25 14:02:03,317 AUC of PRC = 0.5542
2026-04-25 14:02:03,317 min(+P, Se) = 0.5333
2026-04-25 14:02:03,317 f1_score = 0.5539 (threshold = 0.8854)
2026-04-25 14:02:03,317 Epoch 16: Train Loss 0.4880, Valid Loss 0.4407
2026-04-25 14:02:07,484 [[843 191]
 [ 31 133]]
2026-04-25 14:02:07,490 AUC of ROC = 0.8818
2026-04-25 14:02:07,490 AUC of PRC = 0.5530
2026-04-25 14:02:07,490 min(+P, Se) = 0.5439
2026-04-25 14:02:07,491 f1_score = 0.5579 (threshold = 1.1953)
2026-04-25 14:02:07,491 Epoch 17: Train Loss 0.4721, Valid Loss 0.4322
2026-04-25 14:02:11,459 [[843 191]
 [ 33 131]]
2026-04-25 14:02:11,464 AUC of ROC = 0.8840
2026-04-25 14:02:11,464 AUC of PRC = 0.5546
2026-04-25 14:02:11,464 min(+P, Se) = 0.5427
2026-04-25 14:02:11,465 f1_score = 0.5654 (threshold = 0.8440)
2026-04-25 14:02:11,465 Epoch 18: Train Loss 0.4661, Valid Loss 0.4291
2026-04-25 14:02:15,559 [[816 218]
 [ 29 135]]
2026-04-25 14:02:15,564 AUC of ROC = 0.8821
2026-04-25 14:02:15,564 AUC of PRC = 0.5549
2026-04-25 14:02:15,564 min(+P, Se) = 0.5576
2026-04-25 14:02:15,564 f1_score = 0.5593 (threshold = 1.3656)
2026-04-25 14:02:15,565 Epoch 19: Train Loss 0.4717, Valid Loss 0.4309
2026-04-25 14:02:19,472 [[819 215]
 [ 30 134]]
2026-04-25 14:02:19,477 AUC of ROC = 0.8832
2026-04-25 14:02:19,477 AUC of PRC = 0.5541
2026-04-25 14:02:19,477 min(+P, Se) = 0.5549
2026-04-25 14:02:19,477 f1_score = 0.5625 (threshold = 1.2332)
2026-04-25 14:02:19,478 Epoch 20: Train Loss 0.4637, Valid Loss 0.4315
2026-04-25 14:02:23,400 [[843 191]
 [ 32 132]]
2026-04-25 14:02:23,405 AUC of ROC = 0.8824
2026-04-25 14:02:23,405 AUC of PRC = 0.5543
2026-04-25 14:02:23,405 min(+P, Se) = 0.5549
2026-04-25 14:02:23,405 f1_score = 0.5552 (threshold = 1.1890)
2026-04-25 14:02:23,406 Epoch 21: Train Loss 0.4642, Valid Loss 0.4295
2026-04-25 14:02:27,144 [[816 218]
 [ 30 134]]
2026-04-25 14:02:27,149 AUC of ROC = 0.8823
2026-04-25 14:02:27,150 AUC of PRC = 0.5571
2026-04-25 14:02:27,150 min(+P, Se) = 0.5345
2026-04-25 14:02:27,150 f1_score = 0.5683 (threshold = 1.1908)
2026-04-25 14:02:27,150 Epoch 22: Train Loss 0.4550, Valid Loss 0.4331
2026-04-25 14:02:31,194 [[818 216]
 [ 30 134]]
2026-04-25 14:02:31,199 AUC of ROC = 0.8827
2026-04-25 14:02:31,199 AUC of PRC = 0.5577
2026-04-25 14:02:31,199 min(+P, Se) = 0.5482
2026-04-25 14:02:31,199 f1_score = 0.5682 (threshold = 1.2115)
2026-04-25 14:02:31,200 Epoch 23: Train Loss 0.4723, Valid Loss 0.4316
2026-04-25 14:02:31,201 ----- Save best model - auprc: 0.5577 -----
2026-04-25 14:02:35,050 [[816 218]
 [ 31 133]]
2026-04-25 14:02:35,054 AUC of ROC = 0.8829
2026-04-25 14:02:35,055 AUC of PRC = 0.5581
2026-04-25 14:02:35,055 min(+P, Se) = 0.5542
2026-04-25 14:02:35,055 f1_score = 0.5642 (threshold = 1.2065)
2026-04-25 14:02:35,055 Epoch 24: Train Loss 0.4522, Valid Loss 0.4307
2026-04-25 14:02:35,056 ----- Save best model - auprc: 0.5581 -----
2026-04-25 14:02:39,141 [[830 204]
 [ 31 133]]
2026-04-25 14:02:39,146 AUC of ROC = 0.8827
2026-04-25 14:02:39,147 AUC of PRC = 0.5579
2026-04-25 14:02:39,147 min(+P, Se) = 0.5576
2026-04-25 14:02:39,147 f1_score = 0.5627 (threshold = 1.1802)
2026-04-25 14:02:39,147 Epoch 25: Train Loss 0.4565, Valid Loss 0.4296
2026-04-25 14:02:39,170 last saved model is in epoch 24
2026-04-25 14:02:40,095 [[814 195]
 [ 49 142]]
2026-04-25 14:02:40,101 AUC of ROC = 0.8518
2026-04-25 14:02:40,102 AUC of PRC = 0.5567
2026-04-25 14:02:40,102 min(+P, Se) = 0.5393
2026-04-25 14:02:40,102 f1_score = 0.5566 (threshold = 0.9898)
2026-04-25 14:02:40,102 Test Loss 0.4737
